<?xml version="1.0" encoding="UTF-8" ?>
<testsuites name="Many Failing Tests" tests="10000" failures="5000" errors="0" time="0.592054833">
    <testsuite name="src/everything.spec.ts" timestamp="2025-06-26T07:36:36.415Z" hostname="andraseszes-mbp" tests="10000" failures="5000" errors="0" skipped="0" time="0.592054833">
        <testcase classname="src/everything.spec.ts" name="describe 1 &gt; example test 1" time="0.004287167">
            <failure message="expected true to be false // Object.is equality" type="AssertionError">
AssertionError: expected true to be false // Object.is equality

- Expected
+ Received

- false
+ true

 ❯ src/everything.spec.ts:8:18
            </failure>
        </testcase>
        <testcase classname="src/everything.spec.ts" name="describe 1 &gt; example test 2" time="0.000250791">
        </testcase>
        <testcase classname="src/everything.spec.ts" name="describe 1 &gt; example test 3" time="0.000514292">
            <failure message="expected true to be false // Object.is equality" type="AssertionError">
AssertionError: expected true to be false // Object.is equality

- Expected
+ Received

- false
+ true

 ❯ src/everything.spec.ts:8:18
            </failure>
        </testcase>
        <testcase classname="src/everything.spec.ts" name="describe 1 &gt; example test 4" time="0.00006575">
        </testcase>
        <testcase classname="src/everything.spec.ts" name="describe 1 &gt; example test 5" time="0.000309">
            <failure message="expected true to be false // Object.is equality" type="AssertionError">
AssertionError: expected true to be false // Object.is equality

- Expected
+ Received

- false
+ true

 ❯ src/everything.spec.ts:8:18
            </failure>
        </testcase>
        <testcase classname="src/everything.spec.ts" name="describe 1 &gt; example test 6" time="0.000055042">
        </testcase>
        <testcase classname="src/everything.spec.ts" name="describe 1 &gt; example test 7" time="0.000652417">
            <failure message="expected true to be false // Object.is equality" type="AssertionError">
AssertionError: expected true to be false // Object.is equality

- Expected
+ Received

- false
+ true

 ❯ src/everything.spec.ts:8:18
            </failure>
        </testcase>
        <testcase classname="src/everything.spec.ts" name="describe 1 &gt; example test 8" time="0.000076291">
        </testcase>
        <testcase classname="src/everything.spec.ts" name="describe 1 &gt; example test 9" time="0.0008695">
            <failure message="expected true to be false // Object.is equality" type="AssertionError">
AssertionError: expected true to be false // Object.is equality

- Expected
+ Received

- false
+ true

 ❯ src/everything.spec.ts:8:18
            </failure>
        </testcase>
        <testcase classname="src/everything.spec.ts" name="describe 1 &gt; example test 10" time="0.000111667">
        </testcase>
        <testcase classname="src/everything.spec.ts" name="describe 1 &gt; example test 11" time="0.000297042">
            <failure message="expected true to be false // Object.is equality" type="AssertionError">
AssertionError: expected true to be false // Object.is equality

- Expected
+ Received

- false
+ true

 ❯ src/everything.spec.ts:8:18
            </failure>
        </testcase>
        <testcase classname="src/everything.spec.ts" name="describe 1 &gt; example test 12" time="0.000034">
        </testcase>
        <testcase classname="src/everything.spec.ts" name="describe 1 &gt; example test 13" time="0.000163459">
            <failure message="expected true to be false // Object.is equality" type="AssertionError">
AssertionError: expected true to be false // Object.is equality

- Expected
+ Received

- false
+ true

 ❯ src/everything.spec.ts:8:18
            </failure>
        </testcase>
        <testcase classname="src/everything.spec.ts" name="describe 1 &gt; example test 14" time="0.000087375">
        </testcase>
        <testcase classname="src/everything.spec.ts" name="describe 1 &gt; example test 15" time="0.000194458">
            <failure message="expected true to be false // Object.is equality" type="AssertionError">
AssertionError: expected true to be false // Object.is equality

- Expected
+ Received

- false
+ true

 ❯ src/everything.spec.ts:8:18
            </failure>
        </testcase>
        <testcase classname="src/everything.spec.ts" name="describe 1 &gt; example test 16" time="0.000028125">
        </testcase>
        <testcase classname="src/everything.spec.ts" name="describe 1 &gt; example test 17" time="0.000430083">
            <failure message="expected true to be false // Object.is equality" type="AssertionError">
AssertionError: expected true to be false // Object.is equality

- Expected
+ Received

- false
+ true

 ❯ src/everything.spec.ts:8:18
            </failure>
        </testcase>
        <testcase classname="src/everything.spec.ts" name="describe 1 &gt; example test 18" time="0.00008325">
        </testcase>
        <testcase classname="src/everything.spec.ts" name="describe 1 &gt; example test 19" time="0.00015175">
            <failure message="expected true to be false // Object.is equality" type="AssertionError">
AssertionError: expected true to be false // Object.is equality

- Expected
+ Received

- false
+ true

 ❯ src/everything.spec.ts:8:18
            </failure>
        </testcase>
        <testcase classname="src/everything.spec.ts" name="describe 1 &gt; example test 20" time="0.000028542">
        </testcase>
        <testcase classname="src/everything.spec.ts" name="describe 1 &gt; example test 21" time="0.000199208">
            <failure message="expected true to be false // Object.is equality" type="AssertionError">
AssertionError: expected true to be false // Object.is equality

- Expected
+ Received

- false
+ true

 ❯ src/everything.spec.ts:8:18
            </failure>
        </testcase>
        <testcase classname="src/everything.spec.ts" name="describe 1 &gt; example test 22" time="0.000076459">
        </testcase>
        <testcase classname="src/everything.spec.ts" name="describe 1 &gt; example test 23" time="0.000225125">
            <failure message="expected true to be false // Object.is equality" type="AssertionError">
AssertionError: expected true to be false // Object.is equality

- Expected
+ Received

- false
+ true

 ❯ src/everything.spec.ts:8:18
            </failure>
        </testcase>
        <testcase classname="src/everything.spec.ts" name="describe 1 &gt; example test 24" time="0.000031875">
        </testcase>
        <testcase classname="src/everything.spec.ts" name="describe 1 &gt; example test 25" time="0.00012525">
            <failure message="expected true to be false // Object.is equality" type="AssertionError">
AssertionError: expected true to be false // Object.is equality

- Expected
+ Received

- false
+ true

 ❯ src/everything.spec.ts:8:18
            </failure>
        </testcase>
        <testcase classname="src/everything.spec.ts" name="describe 1 &gt; example test 26" time="0.000024167">
        </testcase>
        <testcase classname="src/everything.spec.ts" name="describe 1 &gt; example test 27" time="0.000103125">
            <failure message="expected true to be false // Object.is equality" type="AssertionError">
AssertionError: expected true to be false // Object.is equality

- Expected
+ Received

- false
+ true

 ❯ src/everything.spec.ts:8:18
            </failure>
        </testcase>
        <testcase classname="src/everything.spec.ts" name="describe 1 &gt; example test 28" time="0.000023083">
        </testcase>
        <testcase classname="src/everything.spec.ts" name="describe 1 &gt; example test 29" time="0.000190917">
            <failure message="expected true to be false // Object.is equality" type="AssertionError">
AssertionError: expected true to be false // Object.is equality

- Expected
+ Received

- false
+ true

 ❯ src/everything.spec.ts:8:18
            </failure>
        </testcase>
        <testcase classname="src/everything.spec.ts" name="describe 1 &gt; example test 30" time="0.00002575">
        </testcase>
        <testcase classname="src/everything.spec.ts" name="describe 1 &gt; example test 31" time="0.000116875">
            <failure message="expected true to be false // Object.is equality" type="AssertionError">
AssertionError: expected true to be false // Object.is equality

- Expected
+ Received

- false
+ true

 ❯ src/everything.spec.ts:8:18
            </failure>
        </testcase>
        <testcase classname="src/everything.spec.ts" name="describe 1 &gt; example test 32" time="0.000024417">
        </testcase>
        <testcase classname="src/everything.spec.ts" name="describe 1 &gt; example test 33" time="0.000094792">
            <failure message="expected true to be false // Object.is equality" type="AssertionError">
AssertionError: expected true to be false // Object.is equality

- Expected
+ Received

- false
+ true

 ❯ src/everything.spec.ts:8:18
            </failure>
        </testcase>
        <testcase classname="src/everything.spec.ts" name="describe 1 &gt; example test 34" time="0.000023125">
        </testcase>
        <testcase classname="src/everything.spec.ts" name="describe 1 &gt; example test 35" time="0.000093167">
            <failure message="expected true to be false // Object.is equality" type="AssertionError">
AssertionError: expected true to be false // Object.is equality

- Expected
+ Received

- false
+ true

 ❯ src/everything.spec.ts:8:18
            </failure>
        </testcase>
        <testcase classname="src/everything.spec.ts" name="describe 1 &gt; example test 36" time="0.000022">
        </testcase>
        <testcase classname="src/everything.spec.ts" name="describe 1 &gt; example test 37" time="0.00016925">
            <failure message="expected true to be false // Object.is equality" type="AssertionError">
AssertionError: expected true to be false // Object.is equality

- Expected
+ Received

- false
+ true

 ❯ src/everything.spec.ts:8:18
            </failure>
        </testcase>
        <testcase classname="src/everything.spec.ts" name="describe 1 &gt; example test 38" time="0.000024291">
        </testcase>
        <testcase classname="src/everything.spec.ts" name="describe 1 &gt; example test 39" time="0.000113958">
            <failure message="expected true to be false // Object.is equality" type="AssertionError">
AssertionError: expected true to be false // Object.is equality

- Expected
+ Received

- false
+ true

 ❯ src/everything.spec.ts:8:18
            </failure>
        </testcase>
        <testcase classname="src/everything.spec.ts" name="describe 1 &gt; example test 40" time="0.000023208">
        </testcase>
        <testcase classname="src/everything.spec.ts" name="describe 1 &gt; example test 41" time="0.000153792">
            <failure message="expected true to be false // Object.is equality" type="AssertionError">
AssertionError: expected true to be false // Object.is equality

- Expected
+ Received

- false
+ true

 ❯ src/everything.spec.ts:8:18
            </failure>
        </testcase>
        <testcase classname="src/everything.spec.ts" name="describe 1 &gt; example test 42" time="0.00002325">
        </testcase>
        <testcase classname="src/everything.spec.ts" name="describe 1 &gt; example test 43" time="0.000093625">
            <failure message="expected true to be false // Object.is equality" type="AssertionError">
AssertionError: expected true to be false // Object.is equality

- Expected
+ Received

- false
+ true

 ❯ src/everything.spec.ts:8:18
            </failure>
        </testcase>
        <testcase classname="src/everything.spec.ts" name="describe 1 &gt; example test 44" time="0.000023">
        </testcase>
        <testcase classname="src/everything.spec.ts" name="describe 1 &gt; example test 45" time="0.000091459">
            <failure message="expected true to be false // Object.is equality" type="AssertionError">
AssertionError: expected true to be false // Object.is equality

- Expected
+ Received

- false
+ true

 ❯ src/everything.spec.ts:8:18
            </failure>
        </testcase>
        <testcase classname="src/everything.spec.ts" name="describe 1 &gt; example test 46" time="0.000020417">
        </testcase>
        <testcase classname="src/everything.spec.ts" name="describe 1 &gt; example test 47" time="0.000080875">
            <failure message="expected true to be false // Object.is equality" type="AssertionError">
AssertionError: expected true to be false // Object.is equality

- Expected
+ Received

- false
+ true

 ❯ src/everything.spec.ts:8:18
            </failure>
        </testcase>
        <testcase classname="src/everything.spec.ts" name="describe 1 &gt; example test 48" time="0.000023292">
        </testcase>
        <testcase classname="src/everything.spec.ts" name="describe 1 &gt; example test 49" time="0.00008275">
            <failure message="expected true to be false // Object.is equality" type="AssertionError">
AssertionError: expected true to be false // Object.is equality

- Expected
+ Received

- false
+ true

 ❯ src/everything.spec.ts:8:18
            </failure>
        </testcase>
        <testcase classname="src/everything.spec.ts" name="describe 1 &gt; example test 50" time="0.00002475">
        </testcase>
        <testcase classname="src/everything.spec.ts" name="describe 1 &gt; example test 51" time="0.000085125">
            <failure message="expected true to be false // Object.is equality" type="AssertionError">
AssertionError: expected true to be false // Object.is equality

- Expected
+ Received

- false
+ true

 ❯ src/everything.spec.ts:8:18
            </failure>
        </testcase>
        <testcase classname="src/everything.spec.ts" name="describe 1 &gt; example test 52" time="0.000019583">
        </testcase>
        <testcase classname="src/everything.spec.ts" name="describe 1 &gt; example test 53" time="0.000079416">
            <failure message="expected true to be false // Object.is equality" type="AssertionError">
AssertionError: expected true to be false // Object.is equality

- Expected
+ Received

- false
+ true

 ❯ src/everything.spec.ts:8:18
            </failure>
        </testcase>
        <testcase classname="src/everything.spec.ts" name="describe 1 &gt; example test 54" time="0.00002">
        </testcase>
        <testcase classname="src/everything.spec.ts" name="describe 1 &gt; example test 55" time="0.000079583">
            <failure message="expected true to be false // Object.is equality" type="AssertionError">
AssertionError: expected true to be false // Object.is equality

- Expected
+ Received

- false
+ true

 ❯ src/everything.spec.ts:8:18
            </failure>
        </testcase>
        <testcase classname="src/everything.spec.ts" name="describe 1 &gt; example test 56" time="0.000019375">
        </testcase>
        <testcase classname="src/everything.spec.ts" name="describe 1 &gt; example test 57" time="0.000079708">
            <failure message="expected true to be false // Object.is equality" type="AssertionError">
AssertionError: expected true to be false // Object.is equality

- Expected
+ Received

- false
+ true

 ❯ src/everything.spec.ts:8:18
            </failure>
        </testcase>
        <testcase classname="src/everything.spec.ts" name="describe 1 &gt; example test 58" time="0.000024125">
        </testcase>
        <testcase classname="src/everything.spec.ts" name="describe 1 &gt; example test 59" time="0.000081125">
            <failure message="expected true to be false // Object.is equality" type="AssertionError">
AssertionError: expected true to be false // Object.is equality

- Expected
+ Received

- false
+ true

 ❯ src/everything.spec.ts:8:18
            </failure>
        </testcase>
        <testcase classname="src/everything.spec.ts" name="describe 1 &gt; example test 60" time="0.000019416">
        </testcase>
        <testcase classname="src/everything.spec.ts" name="describe 1 &gt; example test 61" time="0.000079875">
            <failure message="expected true to be false // Object.is equality" type="AssertionError">
AssertionError: expected true to be false // Object.is equality

- Expected
+ Received

- false
+ true

 ❯ src/everything.spec.ts:8:18
            </failure>
        </testcase>
        <testcase classname="src/everything.spec.ts" name="describe 1 &gt; example test 62" time="0.000023375">
        </testcase>
        <testcase classname="src/everything.spec.ts" name="describe 1 &gt; example test 63" time="0.000090167">
            <failure message="expected true to be false // Object.is equality" type="AssertionError">
AssertionError: expected true to be false // Object.is equality

- Expected
+ Received

- false
+ true

 ❯ src/everything.spec.ts:8:18
            </failure>
        </testcase>
        <testcase classname="src/everything.spec.ts" name="describe 1 &gt; example test 64" time="0.000021083">
        </testcase>
        <testcase classname="src/everything.spec.ts" name="describe 1 &gt; example test 65" time="0.000136834">
            <failure message="expected true to be false // Object.is equality" type="AssertionError">
AssertionError: expected true to be false // Object.is equality

- Expected
+ Received

- false
+ true

 ❯ src/everything.spec.ts:8:18
            </failure>
        </testcase>
        <testcase classname="src/everything.spec.ts" name="describe 1 &gt; example test 66" time="0.000023">
        </testcase>
        <testcase classname="src/everything.spec.ts" name="describe 1 &gt; example test 67" time="0.00008425">
            <failure message="expected true to be false // Object.is equality" type="AssertionError">
AssertionError: expected true to be false // Object.is equality

- Expected
+ Received

- false
+ true

 ❯ src/everything.spec.ts:8:18
            </failure>
        </testcase>
        <testcase classname="src/everything.spec.ts" name="describe 1 &gt; example test 68" time="0.000020292">
        </testcase>
        <testcase classname="src/everything.spec.ts" name="describe 1 &gt; example test 69" time="0.000078334">
            <failure message="expected true to be false // Object.is equality" type="AssertionError">
AssertionError: expected true to be false // Object.is equality

- Expected
+ Received

- false
+ true

 ❯ src/everything.spec.ts:8:18
            </failure>
        </testcase>
        <testcase classname="src/everything.spec.ts" name="describe 1 &gt; example test 70" time="0.000019917">
        </testcase>
        <testcase classname="src/everything.spec.ts" name="describe 1 &gt; example test 71" time="0.0000825">
            <failure message="expected true to be false // Object.is equality" type="AssertionError">
AssertionError: expected true to be false // Object.is equality

- Expected
+ Received

- false
+ true

 ❯ src/everything.spec.ts:8:18
            </failure>
        </testcase>
        <testcase classname="src/everything.spec.ts" name="describe 1 &gt; example test 72" time="0.000022625">
        </testcase>
        <testcase classname="src/everything.spec.ts" name="describe 1 &gt; example test 73" time="0.000080875">
            <failure message="expected true to be false // Object.is equality" type="AssertionError">
AssertionError: expected true to be false // Object.is equality

- Expected
+ Received

- false
+ true

 ❯ src/everything.spec.ts:8:18
            </failure>
        </testcase>
        <testcase classname="src/everything.spec.ts" name="describe 1 &gt; example test 74" time="0.000019541">
        </testcase>
        <testcase classname="src/everything.spec.ts" name="describe 1 &gt; example test 75" time="0.000079792">
            <failure message="expected true to be false // Object.is equality" type="AssertionError">
AssertionError: expected true to be false // Object.is equality

- Expected
+ Received

- false
+ true

 ❯ src/everything.spec.ts:8:18
            </failure>
        </testcase>
        <testcase classname="src/everything.spec.ts" name="describe 1 &gt; example test 76" time="0.000022084">
        </testcase>
        <testcase classname="src/everything.spec.ts" name="describe 1 &gt; example test 77" time="0.0000785">
            <failure message="expected true to be false // Object.is equality" type="AssertionError">
AssertionError: expected true to be false // Object.is equality

- Expected
+ Received

- false
+ true

 ❯ src/everything.spec.ts:8:18
            </failure>
        </testcase>
        <testcase classname="src/everything.spec.ts" name="describe 1 &gt; example test 78" time="0.000019458">
        </testcase>
        <testcase classname="src/everything.spec.ts" name="describe 1 &gt; example test 79" time="0.000078792">
            <failure message="expected true to be false // Object.is equality" type="AssertionError">
AssertionError: expected true to be false // Object.is equality

- Expected
+ Received

- false
+ true

 ❯ src/everything.spec.ts:8:18
            </failure>
        </testcase>
        <testcase classname="src/everything.spec.ts" name="describe 1 &gt; example test 80" time="0.0000205">
        </testcase>
        <testcase classname="src/everything.spec.ts" name="describe 1 &gt; example test 81" time="0.000081583">
            <failure message="expected true to be false // Object.is equality" type="AssertionError">
AssertionError: expected true to be false // Object.is equality

- Expected
+ Received

- false
+ true

 ❯ src/everything.spec.ts:8:18
            </failure>
        </testcase>
        <testcase classname="src/everything.spec.ts" name="describe 1 &gt; example test 82" time="0.000019791">
        </testcase>
        <testcase classname="src/everything.spec.ts" name="describe 1 &gt; example test 83" time="0.00008">
            <failure message="expected true to be false // Object.is equality" type="AssertionError">
AssertionError: expected true to be false // Object.is equality

- Expected
+ Received

- false
+ true

 ❯ src/everything.spec.ts:8:18
            </failure>
        </testcase>
        <testcase classname="src/everything.spec.ts" name="describe 1 &gt; example test 84" time="0.000023291">
        </testcase>
        <testcase classname="src/everything.spec.ts" name="describe 1 &gt; example test 85" time="0.000078">
            <failure message="expected true to be false // Object.is equality" type="AssertionError">
AssertionError: expected true to be false // Object.is equality

- Expected
+ Received

- false
+ true

 ❯ src/everything.spec.ts:8:18
            </failure>
        </testcase>
        <testcase classname="src/everything.spec.ts" name="describe 1 &gt; example test 86" time="0.000019875">
        </testcase>
        <testcase classname="src/everything.spec.ts" name="describe 1 &gt; example test 87" time="0.000083">
            <failure message="expected true to be false // Object.is equality" type="AssertionError">
AssertionError: expected true to be false // Object.is equality

- Expected
+ Received

- false
+ true

 ❯ src/everything.spec.ts:8:18
            </failure>
        </testcase>
        <testcase classname="src/everything.spec.ts" name="describe 1 &gt; example test 88" time="0.000021458">
        </testcase>
        <testcase classname="src/everything.spec.ts" name="describe 1 &gt; example test 89" time="0.000184625">
            <failure message="expected true to be false // Object.is equality" type="AssertionError">
AssertionError: expected true to be false // Object.is equality

- Expected
+ Received

- false
+ true

 ❯ src/everything.spec.ts:8:18
            </failure>
        </testcase>
        <testcase classname="src/everything.spec.ts" name="describe 1 &gt; example test 90" time="0.000022125">
        </testcase>
        <testcase classname="src/everything.spec.ts" name="describe 1 &gt; example test 91" time="0.00008475">
            <failure message="expected true to be false // Object.is equality" type="AssertionError">
AssertionError: expected true to be false // Object.is equality

- Expected
+ Received

- false
+ true

 ❯ src/everything.spec.ts:8:18
            </failure>
        </testcase>
        <testcase classname="src/everything.spec.ts" name="describe 1 &gt; example test 92" time="0.000020042">
        </testcase>
        <testcase classname="src/everything.spec.ts" name="describe 1 &gt; example test 93" time="0.000088042">
            <failure message="expected true to be false // Object.is equality" type="AssertionError">
AssertionError: expected true to be false // Object.is equality

- Expected
+ Received

- false
+ true

 ❯ src/everything.spec.ts:8:18
            </failure>
        </testcase>
        <testcase classname="src/everything.spec.ts" name="describe 1 &gt; example test 94" time="0.00002">
        </testcase>
        <testcase classname="src/everything.spec.ts" name="describe 1 &gt; example test 95" time="0.000087833">
            <failure message="expected true to be false // Object.is equality" type="AssertionError">
AssertionError: expected true to be false // Object.is equality

- Expected
+ Received

- false
+ true

 ❯ src/everything.spec.ts:8:18
            </failure>
        </testcase>
        <testcase classname="src/everything.spec.ts" name="describe 1 &gt; example test 96" time="0.000020125">
        </testcase>
        <testcase classname="src/everything.spec.ts" name="describe 1 &gt; example test 97" time="0.000079041">
            <failure message="expected true to be false // Object.is equality" type="AssertionError">
AssertionError: expected true to be false // Object.is equality

- Expected
+ Received

- false
+ true

 ❯ src/everything.spec.ts:8:18
            </failure>
        </testcase>
        <testcase classname="src/everything.spec.ts" name="describe 1 &gt; example test 98" time="0.000019458">
        </testcase>
        <testcase classname="src/everything.spec.ts" name="describe 1 &gt; example test 99" time="0.000076917">
            <failure message="expected true to be false // Object.is equality" type="AssertionError">
AssertionError: expected true to be false // Object.is equality

- Expected
+ Received

- false
+ true

 ❯ src/everything.spec.ts:8:18
            </failure>
        </testcase>
        <testcase classname="src/everything.spec.ts" name="describe 1 &gt; example test 100" time="0.00001975">
        </testcase>
        <testcase classname="src/everything.spec.ts" name="describe 2 &gt; example test 1" time="0.000113208">
            <failure message="expected true to be false // Object.is equality" type="AssertionError">
AssertionError: expected true to be false // Object.is equality

- Expected
+ Received

- false
+ true

 ❯ src/everything.spec.ts:8:18
            </failure>
        </testcase>
        <testcase classname="src/everything.spec.ts" name="describe 2 &gt; example test 2" time="0.000022208">
        </testcase>
        <testcase classname="src/everything.spec.ts" name="describe 2 &gt; example test 3" time="0.000082042">
            <failure message="expected true to be false // Object.is equality" type="AssertionError">
AssertionError: expected true to be false // Object.is equality

- Expected
+ Received

- false
+ true

 ❯ src/everything.spec.ts:8:18
            </failure>
        </testcase>
        <testcase classname="src/everything.spec.ts" name="describe 2 &gt; example test 4" time="0.000020584">
        </testcase>
        <testcase classname="src/everything.spec.ts" name="describe 2 &gt; example test 5" time="0.000081375">
            <failure message="expected true to be false // Object.is equality" type="AssertionError">
AssertionError: expected true to be false // Object.is equality

- Expected
+ Received

- false
+ true

 ❯ src/everything.spec.ts:8:18
            </failure>
        </testcase>
        <testcase classname="src/everything.spec.ts" name="describe 2 &gt; example test 6" time="0.000022334">
        </testcase>
        <testcase classname="src/everything.spec.ts" name="describe 2 &gt; example test 7" time="0.0000805">
            <failure message="expected true to be false // Object.is equality" type="AssertionError">
AssertionError: expected true to be false // Object.is equality

- Expected
+ Received

- false
+ true

 ❯ src/everything.spec.ts:8:18
            </failure>
        </testcase>
        <testcase classname="src/everything.spec.ts" name="describe 2 &gt; example test 8" time="0.000020958">
        </testcase>
        <testcase classname="src/everything.spec.ts" name="describe 2 &gt; example test 9" time="0.000078333">
            <failure message="expected true to be false // Object.is equality" type="AssertionError">
AssertionError: expected true to be false // Object.is equality

- Expected
+ Received

- false
+ true

 ❯ src/everything.spec.ts:8:18
            </failure>
        </testcase>
        <testcase classname="src/everything.spec.ts" name="describe 2 &gt; example test 10" time="0.000019708">
        </testcase>
        <testcase classname="src/everything.spec.ts" name="describe 2 &gt; example test 11" time="0.000079792">
            <failure message="expected true to be false // Object.is equality" type="AssertionError">
AssertionError: expected true to be false // Object.is equality

- Expected
+ Received

- false
+ true

 ❯ src/everything.spec.ts:8:18
            </failure>
        </testcase>
        <testcase classname="src/everything.spec.ts" name="describe 2 &gt; example test 12" time="0.000019667">
        </testcase>
        <testcase classname="src/everything.spec.ts" name="describe 2 &gt; example test 13" time="0.000080125">
            <failure message="expected true to be false // Object.is equality" type="AssertionError">
AssertionError: expected true to be false // Object.is equality

- Expected
+ Received

- false
+ true

 ❯ src/everything.spec.ts:8:18
            </failure>
        </testcase>
        <testcase classname="src/everything.spec.ts" name="describe 2 &gt; example test 14" time="0.000019625">
        </testcase>
        <testcase classname="src/everything.spec.ts" name="describe 2 &gt; example test 15" time="0.00007825">
            <failure message="expected true to be false // Object.is equality" type="AssertionError">
AssertionError: expected true to be false // Object.is equality

- Expected
+ Received

- false
+ true

 ❯ src/everything.spec.ts:8:18
            </failure>
        </testcase>
        <testcase classname="src/everything.spec.ts" name="describe 2 &gt; example test 16" time="0.000019542">
        </testcase>
        <testcase classname="src/everything.spec.ts" name="describe 2 &gt; example test 17" time="0.000081209">
            <failure message="expected true to be false // Object.is equality" type="AssertionError">
AssertionError: expected true to be false // Object.is equality

- Expected
+ Received

- false
+ true

 ❯ src/everything.spec.ts:8:18
            </failure>
        </testcase>
        <testcase classname="src/everything.spec.ts" name="describe 2 &gt; example test 18" time="0.000019208">
        </testcase>
        <testcase classname="src/everything.spec.ts" name="describe 2 &gt; example test 19" time="0.000083917">
            <failure message="expected true to be false // Object.is equality" type="AssertionError">
AssertionError: expected true to be false // Object.is equality

- Expected
+ Received

- false
+ true

 ❯ src/everything.spec.ts:8:18
            </failure>
        </testcase>
        <testcase classname="src/everything.spec.ts" name="describe 2 &gt; example test 20" time="0.000019417">
        </testcase>
        <testcase classname="src/everything.spec.ts" name="describe 2 &gt; example test 21" time="0.00008025">
            <failure message="expected true to be false // Object.is equality" type="AssertionError">
AssertionError: expected true to be false // Object.is equality

- Expected
+ Received

- false
+ true

 ❯ src/everything.spec.ts:8:18
            </failure>
        </testcase>
        <testcase classname="src/everything.spec.ts" name="describe 2 &gt; example test 22" time="0.000020917">
        </testcase>
        <testcase classname="src/everything.spec.ts" name="describe 2 &gt; example test 23" time="0.000160041">
            <failure message="expected true to be false // Object.is equality" type="AssertionError">
AssertionError: expected true to be false // Object.is equality

- Expected
+ Received

- false
+ true

 ❯ src/everything.spec.ts:8:18
            </failure>
        </testcase>
        <testcase classname="src/everything.spec.ts" name="describe 2 &gt; example test 24" time="0.0000415">
        </testcase>
        <testcase classname="src/everything.spec.ts" name="describe 2 &gt; example test 25" time="0.000152708">
            <failure message="expected true to be false // Object.is equality" type="AssertionError">
AssertionError: expected true to be false // Object.is equality

- Expected
+ Received

- false
+ true

 ❯ src/everything.spec.ts:8:18
            </failure>
        </testcase>
        <testcase classname="src/everything.spec.ts" name="describe 2 &gt; example test 26" time="0.000032542">
        </testcase>
        <testcase classname="src/everything.spec.ts" name="describe 2 &gt; example test 27" time="0.000142292">
            <failure message="expected true to be false // Object.is equality" type="AssertionError">
AssertionError: expected true to be false // Object.is equality

- Expected
+ Received

- false
+ true

 ❯ src/everything.spec.ts:8:18
            </failure>
        </testcase>
        <testcase classname="src/everything.spec.ts" name="describe 2 &gt; example test 28" time="0.000070959">
        </testcase>
        <testcase classname="src/everything.spec.ts" name="describe 2 &gt; example test 29" time="0.000188334">
            <failure message="expected true to be false // Object.is equality" type="AssertionError">
AssertionError: expected true to be false // Object.is equality

- Expected
+ Received

- false
+ true

 ❯ src/everything.spec.ts:8:18
            </failure>
        </testcase>
        <testcase classname="src/everything.spec.ts" name="describe 2 &gt; example test 30" time="0.00003125">
        </testcase>
        <testcase classname="src/everything.spec.ts" name="describe 2 &gt; example test 31" time="0.000110042">
            <failure message="expected true to be false // Object.is equality" type="AssertionError">
AssertionError: expected true to be false // Object.is equality

- Expected
+ Received

- false
+ true

 ❯ src/everything.spec.ts:8:18
            </failure>
        </testcase>
        <testcase classname="src/everything.spec.ts" name="describe 2 &gt; example test 32" time="0.000034208">
        </testcase>
        <testcase classname="src/everything.spec.ts" name="describe 2 &gt; example test 33" time="0.000099917">
            <failure message="expected true to be false // Object.is equality" type="AssertionError">
AssertionError: expected true to be false // Object.is equality

- Expected
+ Received

- false
+ true

 ❯ src/everything.spec.ts:8:18
            </failure>
        </testcase>
        <testcase classname="src/everything.spec.ts" name="describe 2 &gt; example test 34" time="0.000021542">
        </testcase>
        <testcase classname="src/everything.spec.ts" name="describe 2 &gt; example test 35" time="0.000088">
            <failure message="expected true to be false // Object.is equality" type="AssertionError">
AssertionError: expected true to be false // Object.is equality

- Expected
+ Received

- false
+ true

 ❯ src/everything.spec.ts:8:18
            </failure>
        </testcase>
        <testcase classname="src/everything.spec.ts" name="describe 2 &gt; example test 36" time="0.000020708">
        </testcase>
        <testcase classname="src/everything.spec.ts" name="describe 2 &gt; example test 37" time="0.000086875">
            <failure message="expected true to be false // Object.is equality" type="AssertionError">
AssertionError: expected true to be false // Object.is equality

- Expected
+ Received

- false
+ true

 ❯ src/everything.spec.ts:8:18
            </failure>
        </testcase>
        <testcase classname="src/everything.spec.ts" name="describe 2 &gt; example test 38" time="0.000020708">
        </testcase>
        <testcase classname="src/everything.spec.ts" name="describe 2 &gt; example test 39" time="0.000096541">
            <failure message="expected true to be false // Object.is equality" type="AssertionError">
AssertionError: expected true to be false // Object.is equality

- Expected
+ Received

- false
+ true

 ❯ src/everything.spec.ts:8:18
            </failure>
        </testcase>
        <testcase classname="src/everything.spec.ts" name="describe 2 &gt; example test 40" time="0.000020667">
        </testcase>
        <testcase classname="src/everything.spec.ts" name="describe 2 &gt; example test 41" time="0.000082458">
            <failure message="expected true to be false // Object.is equality" type="AssertionError">
AssertionError: expected true to be false // Object.is equality

- Expected
+ Received

- false
+ true

 ❯ src/everything.spec.ts:8:18
            </failure>
        </testcase>
        <testcase classname="src/everything.spec.ts" name="describe 2 &gt; example test 42" time="0.00002">
        </testcase>
        <testcase classname="src/everything.spec.ts" name="describe 2 &gt; example test 43" time="0.000080875">
            <failure message="expected true to be false // Object.is equality" type="AssertionError">
AssertionError: expected true to be false // Object.is equality

- Expected
+ Received

- false
+ true

 ❯ src/everything.spec.ts:8:18
            </failure>
        </testcase>
        <testcase classname="src/everything.spec.ts" name="describe 2 &gt; example test 44" time="0.000019667">
        </testcase>
        <testcase classname="src/everything.spec.ts" name="describe 2 &gt; example test 45" time="0.000080291">
            <failure message="expected true to be false // Object.is equality" type="AssertionError">
AssertionError: expected true to be false // Object.is equality

- Expected
+ Received

- false
+ true

 ❯ src/everything.spec.ts:8:18
            </failure>
        </testcase>
        <testcase classname="src/everything.spec.ts" name="describe 2 &gt; example test 46" time="0.000019708">
        </testcase>
        <testcase classname="src/everything.spec.ts" name="describe 2 &gt; example test 47" time="0.000104125">
            <failure message="expected true to be false // Object.is equality" type="AssertionError">
AssertionError: expected true to be false // Object.is equality

- Expected
+ Received

- false
+ true

 ❯ src/everything.spec.ts:8:18
            </failure>
        </testcase>
        <testcase classname="src/everything.spec.ts" name="describe 2 &gt; example test 48" time="0.000019958">
        </testcase>
        <testcase classname="src/everything.spec.ts" name="describe 2 &gt; example test 49" time="0.00009875">
            <failure message="expected true to be false // Object.is equality" type="AssertionError">
AssertionError: expected true to be false // Object.is equality

- Expected
+ Received

- false
+ true

 ❯ src/everything.spec.ts:8:18
            </failure>
        </testcase>
        <testcase classname="src/everything.spec.ts" name="describe 2 &gt; example test 50" time="0.000020375">
        </testcase>
        <testcase classname="src/everything.spec.ts" name="describe 2 &gt; example test 51" time="0.000091292">
            <failure message="expected true to be false // Object.is equality" type="AssertionError">
AssertionError: expected true to be false // Object.is equality

- Expected
+ Received

- false
+ true

 ❯ src/everything.spec.ts:8:18
            </failure>
        </testcase>
        <testcase classname="src/everything.spec.ts" name="describe 2 &gt; example test 52" time="0.000020625">
        </testcase>
        <testcase classname="src/everything.spec.ts" name="describe 2 &gt; example test 53" time="0.00008175">
            <failure message="expected true to be false // Object.is equality" type="AssertionError">
AssertionError: expected true to be false // Object.is equality

- Expected
+ Received

- false
+ true

 ❯ src/everything.spec.ts:8:18
            </failure>
        </testcase>
        <testcase classname="src/everything.spec.ts" name="describe 2 &gt; example test 54" time="0.000020292">
        </testcase>
        <testcase classname="src/everything.spec.ts" name="describe 2 &gt; example test 55" time="0.000080792">
            <failure message="expected true to be false // Object.is equality" type="AssertionError">
AssertionError: expected true to be false // Object.is equality

- Expected
+ Received

- false
+ true

 ❯ src/everything.spec.ts:8:18
            </failure>
        </testcase>
        <testcase classname="src/everything.spec.ts" name="describe 2 &gt; example test 56" time="0.000019709">
        </testcase>
        <testcase classname="src/everything.spec.ts" name="describe 2 &gt; example test 57" time="0.0000835">
            <failure message="expected true to be false // Object.is equality" type="AssertionError">
AssertionError: expected true to be false // Object.is equality

- Expected
+ Received

- false
+ true

 ❯ src/everything.spec.ts:8:18
            </failure>
        </testcase>
        <testcase classname="src/everything.spec.ts" name="describe 2 &gt; example test 58" time="0.000019834">
        </testcase>
        <testcase classname="src/everything.spec.ts" name="describe 2 &gt; example test 59" time="0.000096709">
            <failure message="expected true to be false // Object.is equality" type="AssertionError">
AssertionError: expected true to be false // Object.is equality

- Expected
+ Received

- false
+ true

 ❯ src/everything.spec.ts:8:18
            </failure>
        </testcase>
        <testcase classname="src/everything.spec.ts" name="describe 2 &gt; example test 60" time="0.000021583">
        </testcase>
        <testcase classname="src/everything.spec.ts" name="describe 2 &gt; example test 61" time="0.000082458">
            <failure message="expected true to be false // Object.is equality" type="AssertionError">
AssertionError: expected true to be false // Object.is equality

- Expected
+ Received

- false
+ true

 ❯ src/everything.spec.ts:8:18
            </failure>
        </testcase>
        <testcase classname="src/everything.spec.ts" name="describe 2 &gt; example test 62" time="0.00002025">
        </testcase>
        <testcase classname="src/everything.spec.ts" name="describe 2 &gt; example test 63" time="0.000107125">
            <failure message="expected true to be false // Object.is equality" type="AssertionError">
AssertionError: expected true to be false // Object.is equality

- Expected
+ Received

- false
+ true

 ❯ src/everything.spec.ts:8:18
            </failure>
        </testcase>
        <testcase classname="src/everything.spec.ts" name="describe 2 &gt; example test 64" time="0.000022709">
        </testcase>
        <testcase classname="src/everything.spec.ts" name="describe 2 &gt; example test 65" time="0.000079791">
            <failure message="expected true to be false // Object.is equality" type="AssertionError">
AssertionError: expected true to be false // Object.is equality

- Expected
+ Received

- false
+ true

 ❯ src/everything.spec.ts:8:18
            </failure>
        </testcase>
        <testcase classname="src/everything.spec.ts" name="describe 2 &gt; example test 66" time="0.000018875">
        </testcase>
        <testcase classname="src/everything.spec.ts" name="describe 2 &gt; example test 67" time="0.000078333">
            <failure message="expected true to be false // Object.is equality" type="AssertionError">
AssertionError: expected true to be false // Object.is equality

- Expected
+ Received

- false
+ true

 ❯ src/everything.spec.ts:8:18
            </failure>
        </testcase>
        <testcase classname="src/everything.spec.ts" name="describe 2 &gt; example test 68" time="0.000017834">
        </testcase>
        <testcase classname="src/everything.spec.ts" name="describe 2 &gt; example test 69" time="0.00007775">
            <failure message="expected true to be false // Object.is equality" type="AssertionError">
AssertionError: expected true to be false // Object.is equality

- Expected
+ Received

- false
+ true

 ❯ src/everything.spec.ts:8:18
            </failure>
        </testcase>
        <testcase classname="src/everything.spec.ts" name="describe 2 &gt; example test 70" time="0.000018959">
        </testcase>
        <testcase classname="src/everything.spec.ts" name="describe 2 &gt; example test 71" time="0.00007725">
            <failure message="expected true to be false // Object.is equality" type="AssertionError">
AssertionError: expected true to be false // Object.is equality

- Expected
+ Received

- false
+ true

 ❯ src/everything.spec.ts:8:18
            </failure>
        </testcase>
        <testcase classname="src/everything.spec.ts" name="describe 2 &gt; example test 72" time="0.000017958">
        </testcase>
        <testcase classname="src/everything.spec.ts" name="describe 2 &gt; example test 73" time="0.000082167">
            <failure message="expected true to be false // Object.is equality" type="AssertionError">
AssertionError: expected true to be false // Object.is equality

- Expected
+ Received

- false
+ true

 ❯ src/everything.spec.ts:8:18
            </failure>
        </testcase>
        <testcase classname="src/everything.spec.ts" name="describe 2 &gt; example test 74" time="0.000021084">
        </testcase>
        <testcase classname="src/everything.spec.ts" name="describe 2 &gt; example test 75" time="0.000079625">
            <failure message="expected true to be false // Object.is equality" type="AssertionError">
AssertionError: expected true to be false // Object.is equality

- Expected
+ Received

- false
+ true

 ❯ src/everything.spec.ts:8:18
            </failure>
        </testcase>
        <testcase classname="src/everything.spec.ts" name="describe 2 &gt; example test 76" time="0.000018292">
        </testcase>
        <testcase classname="src/everything.spec.ts" name="describe 2 &gt; example test 77" time="0.00007725">
            <failure message="expected true to be false // Object.is equality" type="AssertionError">
AssertionError: expected true to be false // Object.is equality

- Expected
+ Received

- false
+ true

 ❯ src/everything.spec.ts:8:18
            </failure>
        </testcase>
        <testcase classname="src/everything.spec.ts" name="describe 2 &gt; example test 78" time="0.000017667">
        </testcase>
        <testcase classname="src/everything.spec.ts" name="describe 2 &gt; example test 79" time="0.000081792">
            <failure message="expected true to be false // Object.is equality" type="AssertionError">
AssertionError: expected true to be false // Object.is equality

- Expected
+ Received

- false
+ true

 ❯ src/everything.spec.ts:8:18
            </failure>
        </testcase>
        <testcase classname="src/everything.spec.ts" name="describe 2 &gt; example test 80" time="0.000018">
        </testcase>
        <testcase classname="src/everything.spec.ts" name="describe 2 &gt; example test 81" time="0.00007525">
            <failure message="expected true to be false // Object.is equality" type="AssertionError">
AssertionError: expected true to be false // Object.is equality

- Expected
+ Received

- false
+ true

 ❯ src/everything.spec.ts:8:18
            </failure>
        </testcase>
        <testcase classname="src/everything.spec.ts" name="describe 2 &gt; example test 82" time="0.000017584">
        </testcase>
        <testcase classname="src/everything.spec.ts" name="describe 2 &gt; example test 83" time="0.000078667">
            <failure message="expected true to be false // Object.is equality" type="AssertionError">
AssertionError: expected true to be false // Object.is equality

- Expected
+ Received

- false
+ true

 ❯ src/everything.spec.ts:8:18
            </failure>
        </testcase>
        <testcase classname="src/everything.spec.ts" name="describe 2 &gt; example test 84" time="0.000018083">
        </testcase>
        <testcase classname="src/everything.spec.ts" name="describe 2 &gt; example test 85" time="0.000078625">
            <failure message="expected true to be false // Object.is equality" type="AssertionError">
AssertionError: expected true to be false // Object.is equality

- Expected
+ Received

- false
+ true

 ❯ src/everything.spec.ts:8:18
            </failure>
        </testcase>
        <testcase classname="src/everything.spec.ts" name="describe 2 &gt; example test 86" time="0.0000215">
        </testcase>
        <testcase classname="src/everything.spec.ts" name="describe 2 &gt; example test 87" time="0.00007625">
            <failure message="expected true to be false // Object.is equality" type="AssertionError">
AssertionError: expected true to be false // Object.is equality

- Expected
+ Received

- false
+ true

 ❯ src/everything.spec.ts:8:18
            </failure>
        </testcase>
        <testcase classname="src/everything.spec.ts" name="describe 2 &gt; example test 88" time="0.000017875">
        </testcase>
        <testcase classname="src/everything.spec.ts" name="describe 2 &gt; example test 89" time="0.00007525">
            <failure message="expected true to be false // Object.is equality" type="AssertionError">
AssertionError: expected true to be false // Object.is equality

- Expected
+ Received

- false
+ true

 ❯ src/everything.spec.ts:8:18
            </failure>
        </testcase>
        <testcase classname="src/everything.spec.ts" name="describe 2 &gt; example test 90" time="0.000017958">
        </testcase>
        <testcase classname="src/everything.spec.ts" name="describe 2 &gt; example test 91" time="0.000076833">
            <failure message="expected true to be false // Object.is equality" type="AssertionError">
AssertionError: expected true to be false // Object.is equality

- Expected
+ Received

- false
+ true

 ❯ src/everything.spec.ts:8:18
            </failure>
        </testcase>
        <testcase classname="src/everything.spec.ts" name="describe 2 &gt; example test 92" time="0.000018166">
        </testcase>
        <testcase classname="src/everything.spec.ts" name="describe 2 &gt; example test 93" time="0.000075833">
            <failure message="expected true to be false // Object.is equality" type="AssertionError">
AssertionError: expected true to be false // Object.is equality

- Expected
+ Received

- false
+ true

 ❯ src/everything.spec.ts:8:18
            </failure>
        </testcase>
        <testcase classname="src/everything.spec.ts" name="describe 2 &gt; example test 94" time="0.002634167">
        </testcase>
        <testcase classname="src/everything.spec.ts" name="describe 2 &gt; example test 95" time="0.000236042">
            <failure message="expected true to be false // Object.is equality" type="AssertionError">
AssertionError: expected true to be false // Object.is equality

- Expected
+ Received

- false
+ true

 ❯ src/everything.spec.ts:8:18
            </failure>
        </testcase>
        <testcase classname="src/everything.spec.ts" name="describe 2 &gt; example test 96" time="0.000033416">
        </testcase>
        <testcase classname="src/everything.spec.ts" name="describe 2 &gt; example test 97" time="0.000099625">
            <failure message="expected true to be false // Object.is equality" type="AssertionError">
AssertionError: expected true to be false // Object.is equality

- Expected
+ Received

- false
+ true

 ❯ src/everything.spec.ts:8:18
            </failure>
        </testcase>
        <testcase classname="src/everything.spec.ts" name="describe 2 &gt; example test 98" time="0.000024541">
        </testcase>
        <testcase classname="src/everything.spec.ts" name="describe 2 &gt; example test 99" time="0.000090708">
            <failure message="expected true to be false // Object.is equality" type="AssertionError">
AssertionError: expected true to be false // Object.is equality

- Expected
+ Received

- false
+ true

 ❯ src/everything.spec.ts:8:18
            </failure>
        </testcase>
        <testcase classname="src/everything.spec.ts" name="describe 2 &gt; example test 100" time="0.000021083">
        </testcase>
        <testcase classname="src/everything.spec.ts" name="describe 3 &gt; example test 1" time="0.000090625">
            <failure message="expected true to be false // Object.is equality" type="AssertionError">
AssertionError: expected true to be false // Object.is equality

- Expected
+ Received

- false
+ true

 ❯ src/everything.spec.ts:8:18
            </failure>
        </testcase>
        <testcase classname="src/everything.spec.ts" name="describe 3 &gt; example test 2" time="0.000020042">
        </testcase>
        <testcase classname="src/everything.spec.ts" name="describe 3 &gt; example test 3" time="0.000094375">
            <failure message="expected true to be false // Object.is equality" type="AssertionError">
AssertionError: expected true to be false // Object.is equality

- Expected
+ Received

- false
+ true

 ❯ src/everything.spec.ts:8:18
            </failure>
        </testcase>
        <testcase classname="src/everything.spec.ts" name="describe 3 &gt; example test 4" time="0.000019458">
        </testcase>
        <testcase classname="src/everything.spec.ts" name="describe 3 &gt; example test 5" time="0.000084">
            <failure message="expected true to be false // Object.is equality" type="AssertionError">
AssertionError: expected true to be false // Object.is equality

- Expected
+ Received

- false
+ true

 ❯ src/everything.spec.ts:8:18
            </failure>
        </testcase>
        <testcase classname="src/everything.spec.ts" name="describe 3 &gt; example test 6" time="0.000021459">
        </testcase>
        <testcase classname="src/everything.spec.ts" name="describe 3 &gt; example test 7" time="0.000082792">
            <failure message="expected true to be false // Object.is equality" type="AssertionError">
AssertionError: expected true to be false // Object.is equality

- Expected
+ Received

- false
+ true

 ❯ src/everything.spec.ts:8:18
            </failure>
        </testcase>
        <testcase classname="src/everything.spec.ts" name="describe 3 &gt; example test 8" time="0.000021417">
        </testcase>
        <testcase classname="src/everything.spec.ts" name="describe 3 &gt; example test 9" time="0.000079541">
            <failure message="expected true to be false // Object.is equality" type="AssertionError">
AssertionError: expected true to be false // Object.is equality

- Expected
+ Received

- false
+ true

 ❯ src/everything.spec.ts:8:18
            </failure>
        </testcase>
        <testcase classname="src/everything.spec.ts" name="describe 3 &gt; example test 10" time="0.000021084">
        </testcase>
        <testcase classname="src/everything.spec.ts" name="describe 3 &gt; example test 11" time="0.000080458">
            <failure message="expected true to be false // Object.is equality" type="AssertionError">
AssertionError: expected true to be false // Object.is equality

- Expected
+ Received

- false
+ true

 ❯ src/everything.spec.ts:8:18
            </failure>
        </testcase>
        <testcase classname="src/everything.spec.ts" name="describe 3 &gt; example test 12" time="0.000021041">
        </testcase>
        <testcase classname="src/everything.spec.ts" name="describe 3 &gt; example test 13" time="0.000080458">
            <failure message="expected true to be false // Object.is equality" type="AssertionError">
AssertionError: expected true to be false // Object.is equality

- Expected
+ Received

- false
+ true

 ❯ src/everything.spec.ts:8:18
            </failure>
        </testcase>
        <testcase classname="src/everything.spec.ts" name="describe 3 &gt; example test 14" time="0.00001825">
        </testcase>
        <testcase classname="src/everything.spec.ts" name="describe 3 &gt; example test 15" time="0.000103333">
            <failure message="expected true to be false // Object.is equality" type="AssertionError">
AssertionError: expected true to be false // Object.is equality

- Expected
+ Received

- false
+ true

 ❯ src/everything.spec.ts:8:18
            </failure>
        </testcase>
        <testcase classname="src/everything.spec.ts" name="describe 3 &gt; example test 16" time="0.000019167">
        </testcase>
        <testcase classname="src/everything.spec.ts" name="describe 3 &gt; example test 17" time="0.000083666">
            <failure message="expected true to be false // Object.is equality" type="AssertionError">
AssertionError: expected true to be false // Object.is equality

- Expected
+ Received

- false
+ true

 ❯ src/everything.spec.ts:8:18
            </failure>
        </testcase>
        <testcase classname="src/everything.spec.ts" name="describe 3 &gt; example test 18" time="0.00002225">
        </testcase>
        <testcase classname="src/everything.spec.ts" name="describe 3 &gt; example test 19" time="0.000079666">
            <failure message="expected true to be false // Object.is equality" type="AssertionError">
AssertionError: expected true to be false // Object.is equality

- Expected
+ Received

- false
+ true

 ❯ src/everything.spec.ts:8:18
            </failure>
        </testcase>
        <testcase classname="src/everything.spec.ts" name="describe 3 &gt; example test 20" time="0.000018291">
        </testcase>
        <testcase classname="src/everything.spec.ts" name="describe 3 &gt; example test 21" time="0.000097541">
            <failure message="expected true to be false // Object.is equality" type="AssertionError">
AssertionError: expected true to be false // Object.is equality

- Expected
+ Received

- false
+ true

 ❯ src/everything.spec.ts:8:18
            </failure>
        </testcase>
        <testcase classname="src/everything.spec.ts" name="describe 3 &gt; example test 22" time="0.000022334">
        </testcase>
        <testcase classname="src/everything.spec.ts" name="describe 3 &gt; example test 23" time="0.000079333">
            <failure message="expected true to be false // Object.is equality" type="AssertionError">
AssertionError: expected true to be false // Object.is equality

- Expected
+ Received

- false
+ true

 ❯ src/everything.spec.ts:8:18
            </failure>
        </testcase>
        <testcase classname="src/everything.spec.ts" name="describe 3 &gt; example test 24" time="0.000021083">
        </testcase>
        <testcase classname="src/everything.spec.ts" name="describe 3 &gt; example test 25" time="0.000081875">
            <failure message="expected true to be false // Object.is equality" type="AssertionError">
AssertionError: expected true to be false // Object.is equality

- Expected
+ Received

- false
+ true

 ❯ src/everything.spec.ts:8:18
            </failure>
        </testcase>
        <testcase classname="src/everything.spec.ts" name="describe 3 &gt; example test 26" time="0.000021041">
        </testcase>
        <testcase classname="src/everything.spec.ts" name="describe 3 &gt; example test 27" time="0.000080292">
            <failure message="expected true to be false // Object.is equality" type="AssertionError">
AssertionError: expected true to be false // Object.is equality

- Expected
+ Received

- false
+ true

 ❯ src/everything.spec.ts:8:18
            </failure>
        </testcase>
        <testcase classname="src/everything.spec.ts" name="describe 3 &gt; example test 28" time="0.000020833">
        </testcase>
        <testcase classname="src/everything.spec.ts" name="describe 3 &gt; example test 29" time="0.000080083">
            <failure message="expected true to be false // Object.is equality" type="AssertionError">
AssertionError: expected true to be false // Object.is equality

- Expected
+ Received

- false
+ true

 ❯ src/everything.spec.ts:8:18
            </failure>
        </testcase>
        <testcase classname="src/everything.spec.ts" name="describe 3 &gt; example test 30" time="0.000021083">
        </testcase>
        <testcase classname="src/everything.spec.ts" name="describe 3 &gt; example test 31" time="0.000078834">
            <failure message="expected true to be false // Object.is equality" type="AssertionError">
AssertionError: expected true to be false // Object.is equality

- Expected
+ Received

- false
+ true

 ❯ src/everything.spec.ts:8:18
            </failure>
        </testcase>
        <testcase classname="src/everything.spec.ts" name="describe 3 &gt; example test 32" time="0.000017708">
        </testcase>
        <testcase classname="src/everything.spec.ts" name="describe 3 &gt; example test 33" time="0.000082958">
            <failure message="expected true to be false // Object.is equality" type="AssertionError">
AssertionError: expected true to be false // Object.is equality

- Expected
+ Received

- false
+ true

 ❯ src/everything.spec.ts:8:18
            </failure>
        </testcase>
        <testcase classname="src/everything.spec.ts" name="describe 3 &gt; example test 34" time="0.000018125">
        </testcase>
        <testcase classname="src/everything.spec.ts" name="describe 3 &gt; example test 35" time="0.000079">
            <failure message="expected true to be false // Object.is equality" type="AssertionError">
AssertionError: expected true to be false // Object.is equality

- Expected
+ Received

- false
+ true

 ❯ src/everything.spec.ts:8:18
            </failure>
        </testcase>
        <testcase classname="src/everything.spec.ts" name="describe 3 &gt; example test 36" time="0.000021375">
        </testcase>
        <testcase classname="src/everything.spec.ts" name="describe 3 &gt; example test 37" time="0.000079167">
            <failure message="expected true to be false // Object.is equality" type="AssertionError">
AssertionError: expected true to be false // Object.is equality

- Expected
+ Received

- false
+ true

 ❯ src/everything.spec.ts:8:18
            </failure>
        </testcase>
        <testcase classname="src/everything.spec.ts" name="describe 3 &gt; example test 38" time="0.000019834">
        </testcase>
        <testcase classname="src/everything.spec.ts" name="describe 3 &gt; example test 39" time="0.000076542">
            <failure message="expected true to be false // Object.is equality" type="AssertionError">
AssertionError: expected true to be false // Object.is equality

- Expected
+ Received

- false
+ true

 ❯ src/everything.spec.ts:8:18
            </failure>
        </testcase>
        <testcase classname="src/everything.spec.ts" name="describe 3 &gt; example test 40" time="0.000020959">
        </testcase>
        <testcase classname="src/everything.spec.ts" name="describe 3 &gt; example test 41" time="0.00007875">
            <failure message="expected true to be false // Object.is equality" type="AssertionError">
AssertionError: expected true to be false // Object.is equality

- Expected
+ Received

- false
+ true

 ❯ src/everything.spec.ts:8:18
            </failure>
        </testcase>
        <testcase classname="src/everything.spec.ts" name="describe 3 &gt; example test 42" time="0.000020708">
        </testcase>
        <testcase classname="src/everything.spec.ts" name="describe 3 &gt; example test 43" time="0.000084791">
            <failure message="expected true to be false // Object.is equality" type="AssertionError">
AssertionError: expected true to be false // Object.is equality

- Expected
+ Received

- false
+ true

 ❯ src/everything.spec.ts:8:18
            </failure>
        </testcase>
        <testcase classname="src/everything.spec.ts" name="describe 3 &gt; example test 44" time="0.000020959">
        </testcase>
        <testcase classname="src/everything.spec.ts" name="describe 3 &gt; example test 45" time="0.000079333">
            <failure message="expected true to be false // Object.is equality" type="AssertionError">
AssertionError: expected true to be false // Object.is equality

- Expected
+ Received

- false
+ true

 ❯ src/everything.spec.ts:8:18
            </failure>
        </testcase>
        <testcase classname="src/everything.spec.ts" name="describe 3 &gt; example test 46" time="0.000019792">
        </testcase>
        <testcase classname="src/everything.spec.ts" name="describe 3 &gt; example test 47" time="0.000076625">
            <failure message="expected true to be false // Object.is equality" type="AssertionError">
AssertionError: expected true to be false // Object.is equality

- Expected
+ Received

- false
+ true

 ❯ src/everything.spec.ts:8:18
            </failure>
        </testcase>
        <testcase classname="src/everything.spec.ts" name="describe 3 &gt; example test 48" time="0.000018209">
        </testcase>
        <testcase classname="src/everything.spec.ts" name="describe 3 &gt; example test 49" time="0.00007975">
            <failure message="expected true to be false // Object.is equality" type="AssertionError">
AssertionError: expected true to be false // Object.is equality

- Expected
+ Received

- false
+ true

 ❯ src/everything.spec.ts:8:18
            </failure>
        </testcase>
        <testcase classname="src/everything.spec.ts" name="describe 3 &gt; example test 50" time="0.000020708">
        </testcase>
        <testcase classname="src/everything.spec.ts" name="describe 3 &gt; example test 51" time="0.000078542">
            <failure message="expected true to be false // Object.is equality" type="AssertionError">
AssertionError: expected true to be false // Object.is equality

- Expected
+ Received

- false
+ true

 ❯ src/everything.spec.ts:8:18
            </failure>
        </testcase>
        <testcase classname="src/everything.spec.ts" name="describe 3 &gt; example test 52" time="0.000021166">
        </testcase>
        <testcase classname="src/everything.spec.ts" name="describe 3 &gt; example test 53" time="0.00008175">
            <failure message="expected true to be false // Object.is equality" type="AssertionError">
AssertionError: expected true to be false // Object.is equality

- Expected
+ Received

- false
+ true

 ❯ src/everything.spec.ts:8:18
            </failure>
        </testcase>
        <testcase classname="src/everything.spec.ts" name="describe 3 &gt; example test 54" time="0.000026875">
        </testcase>
        <testcase classname="src/everything.spec.ts" name="describe 3 &gt; example test 55" time="0.000077583">
            <failure message="expected true to be false // Object.is equality" type="AssertionError">
AssertionError: expected true to be false // Object.is equality

- Expected
+ Received

- false
+ true

 ❯ src/everything.spec.ts:8:18
            </failure>
        </testcase>
        <testcase classname="src/everything.spec.ts" name="describe 3 &gt; example test 56" time="0.000020416">
        </testcase>
        <testcase classname="src/everything.spec.ts" name="describe 3 &gt; example test 57" time="0.000080833">
            <failure message="expected true to be false // Object.is equality" type="AssertionError">
AssertionError: expected true to be false // Object.is equality

- Expected
+ Received

- false
+ true

 ❯ src/everything.spec.ts:8:18
            </failure>
        </testcase>
        <testcase classname="src/everything.spec.ts" name="describe 3 &gt; example test 58" time="0.000018208">
        </testcase>
        <testcase classname="src/everything.spec.ts" name="describe 3 &gt; example test 59" time="0.000079042">
            <failure message="expected true to be false // Object.is equality" type="AssertionError">
AssertionError: expected true to be false // Object.is equality

- Expected
+ Received

- false
+ true

 ❯ src/everything.spec.ts:8:18
            </failure>
        </testcase>
        <testcase classname="src/everything.spec.ts" name="describe 3 &gt; example test 60" time="0.000017792">
        </testcase>
        <testcase classname="src/everything.spec.ts" name="describe 3 &gt; example test 61" time="0.000079209">
            <failure message="expected true to be false // Object.is equality" type="AssertionError">
AssertionError: expected true to be false // Object.is equality

- Expected
+ Received

- false
+ true

 ❯ src/everything.spec.ts:8:18
            </failure>
        </testcase>
        <testcase classname="src/everything.spec.ts" name="describe 3 &gt; example test 62" time="0.000021209">
        </testcase>
        <testcase classname="src/everything.spec.ts" name="describe 3 &gt; example test 63" time="0.000077917">
            <failure message="expected true to be false // Object.is equality" type="AssertionError">
AssertionError: expected true to be false // Object.is equality

- Expected
+ Received

- false
+ true

 ❯ src/everything.spec.ts:8:18
            </failure>
        </testcase>
        <testcase classname="src/everything.spec.ts" name="describe 3 &gt; example test 64" time="0.000021125">
        </testcase>
        <testcase classname="src/everything.spec.ts" name="describe 3 &gt; example test 65" time="0.000075916">
            <failure message="expected true to be false // Object.is equality" type="AssertionError">
AssertionError: expected true to be false // Object.is equality

- Expected
+ Received

- false
+ true

 ❯ src/everything.spec.ts:8:18
            </failure>
        </testcase>
        <testcase classname="src/everything.spec.ts" name="describe 3 &gt; example test 66" time="0.000021334">
        </testcase>
        <testcase classname="src/everything.spec.ts" name="describe 3 &gt; example test 67" time="0.000080333">
            <failure message="expected true to be false // Object.is equality" type="AssertionError">
AssertionError: expected true to be false // Object.is equality

- Expected
+ Received

- false
+ true

 ❯ src/everything.spec.ts:8:18
            </failure>
        </testcase>
        <testcase classname="src/everything.spec.ts" name="describe 3 &gt; example test 68" time="0.000018208">
        </testcase>
        <testcase classname="src/everything.spec.ts" name="describe 3 &gt; example test 69" time="0.000082417">
            <failure message="expected true to be false // Object.is equality" type="AssertionError">
AssertionError: expected true to be false // Object.is equality

- Expected
+ Received

- false
+ true

 ❯ src/everything.spec.ts:8:18
            </failure>
        </testcase>
        <testcase classname="src/everything.spec.ts" name="describe 3 &gt; example test 70" time="0.000020542">
        </testcase>
        <testcase classname="src/everything.spec.ts" name="describe 3 &gt; example test 71" time="0.000081667">
            <failure message="expected true to be false // Object.is equality" type="AssertionError">
AssertionError: expected true to be false // Object.is equality

- Expected
+ Received

- false
+ true

 ❯ src/everything.spec.ts:8:18
            </failure>
        </testcase>
        <testcase classname="src/everything.spec.ts" name="describe 3 &gt; example test 72" time="0.000023208">
        </testcase>
        <testcase classname="src/everything.spec.ts" name="describe 3 &gt; example test 73" time="0.000075916">
            <failure message="expected true to be false // Object.is equality" type="AssertionError">
AssertionError: expected true to be false // Object.is equality

- Expected
+ Received

- false
+ true

 ❯ src/everything.spec.ts:8:18
            </failure>
        </testcase>
        <testcase classname="src/everything.spec.ts" name="describe 3 &gt; example test 74" time="0.000018709">
        </testcase>
        <testcase classname="src/everything.spec.ts" name="describe 3 &gt; example test 75" time="0.000075625">
            <failure message="expected true to be false // Object.is equality" type="AssertionError">
AssertionError: expected true to be false // Object.is equality

- Expected
+ Received

- false
+ true

 ❯ src/everything.spec.ts:8:18
            </failure>
        </testcase>
        <testcase classname="src/everything.spec.ts" name="describe 3 &gt; example test 76" time="0.000018625">
        </testcase>
        <testcase classname="src/everything.spec.ts" name="describe 3 &gt; example test 77" time="0.000080875">
            <failure message="expected true to be false // Object.is equality" type="AssertionError">
AssertionError: expected true to be false // Object.is equality

- Expected
+ Received

- false
+ true

 ❯ src/everything.spec.ts:8:18
            </failure>
        </testcase>
        <testcase classname="src/everything.spec.ts" name="describe 3 &gt; example test 78" time="0.000020458">
        </testcase>
        <testcase classname="src/everything.spec.ts" name="describe 3 &gt; example test 79" time="0.0000775">
            <failure message="expected true to be false // Object.is equality" type="AssertionError">
AssertionError: expected true to be false // Object.is equality

- Expected
+ Received

- false
+ true

 ❯ src/everything.spec.ts:8:18
            </failure>
        </testcase>
        <testcase classname="src/everything.spec.ts" name="describe 3 &gt; example test 80" time="0.000020875">
        </testcase>
        <testcase classname="src/everything.spec.ts" name="describe 3 &gt; example test 81" time="0.000078459">
            <failure message="expected true to be false // Object.is equality" type="AssertionError">
AssertionError: expected true to be false // Object.is equality

- Expected
+ Received

- false
+ true

 ❯ src/everything.spec.ts:8:18
            </failure>
        </testcase>
        <testcase classname="src/everything.spec.ts" name="describe 3 &gt; example test 82" time="0.000020667">
        </testcase>
        <testcase classname="src/everything.spec.ts" name="describe 3 &gt; example test 83" time="0.00007825">
            <failure message="expected true to be false // Object.is equality" type="AssertionError">
AssertionError: expected true to be false // Object.is equality

- Expected
+ Received

- false
+ true

 ❯ src/everything.spec.ts:8:18
            </failure>
        </testcase>
        <testcase classname="src/everything.spec.ts" name="describe 3 &gt; example test 84" time="0.000020125">
        </testcase>
        <testcase classname="src/everything.spec.ts" name="describe 3 &gt; example test 85" time="0.000078708">
            <failure message="expected true to be false // Object.is equality" type="AssertionError">
AssertionError: expected true to be false // Object.is equality

- Expected
+ Received

- false
+ true

 ❯ src/everything.spec.ts:8:18
            </failure>
        </testcase>
        <testcase classname="src/everything.spec.ts" name="describe 3 &gt; example test 86" time="0.000020334">
        </testcase>
        <testcase classname="src/everything.spec.ts" name="describe 3 &gt; example test 87" time="0.000078083">
            <failure message="expected true to be false // Object.is equality" type="AssertionError">
AssertionError: expected true to be false // Object.is equality

- Expected
+ Received

- false
+ true

 ❯ src/everything.spec.ts:8:18
            </failure>
        </testcase>
        <testcase classname="src/everything.spec.ts" name="describe 3 &gt; example test 88" time="0.000022667">
        </testcase>
        <testcase classname="src/everything.spec.ts" name="describe 3 &gt; example test 89" time="0.000076625">
            <failure message="expected true to be false // Object.is equality" type="AssertionError">
AssertionError: expected true to be false // Object.is equality

- Expected
+ Received

- false
+ true

 ❯ src/everything.spec.ts:8:18
            </failure>
        </testcase>
        <testcase classname="src/everything.spec.ts" name="describe 3 &gt; example test 90" time="0.0000205">
        </testcase>
        <testcase classname="src/everything.spec.ts" name="describe 3 &gt; example test 91" time="0.000083291">
            <failure message="expected true to be false // Object.is equality" type="AssertionError">
AssertionError: expected true to be false // Object.is equality

- Expected
+ Received

- false
+ true

 ❯ src/everything.spec.ts:8:18
            </failure>
        </testcase>
        <testcase classname="src/everything.spec.ts" name="describe 3 &gt; example test 92" time="0.000020083">
        </testcase>
        <testcase classname="src/everything.spec.ts" name="describe 3 &gt; example test 93" time="0.000078541">
            <failure message="expected true to be false // Object.is equality" type="AssertionError">
AssertionError: expected true to be false // Object.is equality

- Expected
+ Received

- false
+ true

 ❯ src/everything.spec.ts:8:18
            </failure>
        </testcase>
        <testcase classname="src/everything.spec.ts" name="describe 3 &gt; example test 94" time="0.000020208">
        </testcase>
        <testcase classname="src/everything.spec.ts" name="describe 3 &gt; example test 95" time="0.000074833">
            <failure message="expected true to be false // Object.is equality" type="AssertionError">
AssertionError: expected true to be false // Object.is equality

- Expected
+ Received

- false
+ true

 ❯ src/everything.spec.ts:8:18
            </failure>
        </testcase>
        <testcase classname="src/everything.spec.ts" name="describe 3 &gt; example test 96" time="0.000022959">
        </testcase>
        <testcase classname="src/everything.spec.ts" name="describe 3 &gt; example test 97" time="0.000076292">
            <failure message="expected true to be false // Object.is equality" type="AssertionError">
AssertionError: expected true to be false // Object.is equality

- Expected
+ Received

- false
+ true

 ❯ src/everything.spec.ts:8:18
            </failure>
        </testcase>
        <testcase classname="src/everything.spec.ts" name="describe 3 &gt; example test 98" time="0.00002025">
        </testcase>
        <testcase classname="src/everything.spec.ts" name="describe 3 &gt; example test 99" time="0.000079125">
            <failure message="expected true to be false // Object.is equality" type="AssertionError">
AssertionError: expected true to be false // Object.is equality

- Expected
+ Received

- false
+ true

 ❯ src/everything.spec.ts:8:18
            </failure>
        </testcase>
        <testcase classname="src/everything.spec.ts" name="describe 3 &gt; example test 100" time="0.000020333">
        </testcase>
        <testcase classname="src/everything.spec.ts" name="describe 4 &gt; example test 1" time="0.000082">
            <failure message="expected true to be false // Object.is equality" type="AssertionError">
AssertionError: expected true to be false // Object.is equality

- Expected
+ Received

- false
+ true

 ❯ src/everything.spec.ts:8:18
            </failure>
        </testcase>
        <testcase classname="src/everything.spec.ts" name="describe 4 &gt; example test 2" time="0.000018417">
        </testcase>
        <testcase classname="src/everything.spec.ts" name="describe 4 &gt; example test 3" time="0.00007925">
            <failure message="expected true to be false // Object.is equality" type="AssertionError">
AssertionError: expected true to be false // Object.is equality

- Expected
+ Received

- false
+ true

 ❯ src/everything.spec.ts:8:18
            </failure>
        </testcase>
        <testcase classname="src/everything.spec.ts" name="describe 4 &gt; example test 4" time="0.00002025">
        </testcase>
        <testcase classname="src/everything.spec.ts" name="describe 4 &gt; example test 5" time="0.000079292">
            <failure message="expected true to be false // Object.is equality" type="AssertionError">
AssertionError: expected true to be false // Object.is equality

- Expected
+ Received

- false
+ true

 ❯ src/everything.spec.ts:8:18
            </failure>
        </testcase>
        <testcase classname="src/everything.spec.ts" name="describe 4 &gt; example test 6" time="0.0000205">
        </testcase>
        <testcase classname="src/everything.spec.ts" name="describe 4 &gt; example test 7" time="0.000077291">
            <failure message="expected true to be false // Object.is equality" type="AssertionError">
AssertionError: expected true to be false // Object.is equality

- Expected
+ Received

- false
+ true

 ❯ src/everything.spec.ts:8:18
            </failure>
        </testcase>
        <testcase classname="src/everything.spec.ts" name="describe 4 &gt; example test 8" time="0.000019667">
        </testcase>
        <testcase classname="src/everything.spec.ts" name="describe 4 &gt; example test 9" time="0.000079458">
            <failure message="expected true to be false // Object.is equality" type="AssertionError">
AssertionError: expected true to be false // Object.is equality

- Expected
+ Received

- false
+ true

 ❯ src/everything.spec.ts:8:18
            </failure>
        </testcase>
        <testcase classname="src/everything.spec.ts" name="describe 4 &gt; example test 10" time="0.000018458">
        </testcase>
        <testcase classname="src/everything.spec.ts" name="describe 4 &gt; example test 11" time="0.000076416">
            <failure message="expected true to be false // Object.is equality" type="AssertionError">
AssertionError: expected true to be false // Object.is equality

- Expected
+ Received

- false
+ true

 ❯ src/everything.spec.ts:8:18
            </failure>
        </testcase>
        <testcase classname="src/everything.spec.ts" name="describe 4 &gt; example test 12" time="0.000019">
        </testcase>
        <testcase classname="src/everything.spec.ts" name="describe 4 &gt; example test 13" time="0.000081209">
            <failure message="expected true to be false // Object.is equality" type="AssertionError">
AssertionError: expected true to be false // Object.is equality

- Expected
+ Received

- false
+ true

 ❯ src/everything.spec.ts:8:18
            </failure>
        </testcase>
        <testcase classname="src/everything.spec.ts" name="describe 4 &gt; example test 14" time="0.000018084">
        </testcase>
        <testcase classname="src/everything.spec.ts" name="describe 4 &gt; example test 15" time="0.000079083">
            <failure message="expected true to be false // Object.is equality" type="AssertionError">
AssertionError: expected true to be false // Object.is equality

- Expected
+ Received

- false
+ true

 ❯ src/everything.spec.ts:8:18
            </failure>
        </testcase>
        <testcase classname="src/everything.spec.ts" name="describe 4 &gt; example test 16" time="0.000019541">
        </testcase>
        <testcase classname="src/everything.spec.ts" name="describe 4 &gt; example test 17" time="0.000159125">
            <failure message="expected true to be false // Object.is equality" type="AssertionError">
AssertionError: expected true to be false // Object.is equality

- Expected
+ Received

- false
+ true

 ❯ src/everything.spec.ts:8:18
            </failure>
        </testcase>
        <testcase classname="src/everything.spec.ts" name="describe 4 &gt; example test 18" time="0.000027916">
        </testcase>
        <testcase classname="src/everything.spec.ts" name="describe 4 &gt; example test 19" time="0.000094375">
            <failure message="expected true to be false // Object.is equality" type="AssertionError">
AssertionError: expected true to be false // Object.is equality

- Expected
+ Received

- false
+ true

 ❯ src/everything.spec.ts:8:18
            </failure>
        </testcase>
        <testcase classname="src/everything.spec.ts" name="describe 4 &gt; example test 20" time="0.000020667">
        </testcase>
        <testcase classname="src/everything.spec.ts" name="describe 4 &gt; example test 21" time="0.000087">
            <failure message="expected true to be false // Object.is equality" type="AssertionError">
AssertionError: expected true to be false // Object.is equality

- Expected
+ Received

- false
+ true

 ❯ src/everything.spec.ts:8:18
            </failure>
        </testcase>
        <testcase classname="src/everything.spec.ts" name="describe 4 &gt; example test 22" time="0.00002">
        </testcase>
        <testcase classname="src/everything.spec.ts" name="describe 4 &gt; example test 23" time="0.000083834">
            <failure message="expected true to be false // Object.is equality" type="AssertionError">
AssertionError: expected true to be false // Object.is equality

- Expected
+ Received

- false
+ true

 ❯ src/everything.spec.ts:8:18
            </failure>
        </testcase>
        <testcase classname="src/everything.spec.ts" name="describe 4 &gt; example test 24" time="0.000019166">
        </testcase>
        <testcase classname="src/everything.spec.ts" name="describe 4 &gt; example test 25" time="0.000099917">
            <failure message="expected true to be false // Object.is equality" type="AssertionError">
AssertionError: expected true to be false // Object.is equality

- Expected
+ Received

- false
+ true

 ❯ src/everything.spec.ts:8:18
            </failure>
        </testcase>
        <testcase classname="src/everything.spec.ts" name="describe 4 &gt; example test 26" time="0.000020375">
        </testcase>
        <testcase classname="src/everything.spec.ts" name="describe 4 &gt; example test 27" time="0.00008275">
            <failure message="expected true to be false // Object.is equality" type="AssertionError">
AssertionError: expected true to be false // Object.is equality

- Expected
+ Received

- false
+ true

 ❯ src/everything.spec.ts:8:18
            </failure>
        </testcase>
        <testcase classname="src/everything.spec.ts" name="describe 4 &gt; example test 28" time="0.0000195">
        </testcase>
        <testcase classname="src/everything.spec.ts" name="describe 4 &gt; example test 29" time="0.000080125">
            <failure message="expected true to be false // Object.is equality" type="AssertionError">
AssertionError: expected true to be false // Object.is equality

- Expected
+ Received

- false
+ true

 ❯ src/everything.spec.ts:8:18
            </failure>
        </testcase>
        <testcase classname="src/everything.spec.ts" name="describe 4 &gt; example test 30" time="0.000018917">
        </testcase>
        <testcase classname="src/everything.spec.ts" name="describe 4 &gt; example test 31" time="0.000080375">
            <failure message="expected true to be false // Object.is equality" type="AssertionError">
AssertionError: expected true to be false // Object.is equality

- Expected
+ Received

- false
+ true

 ❯ src/everything.spec.ts:8:18
            </failure>
        </testcase>
        <testcase classname="src/everything.spec.ts" name="describe 4 &gt; example test 32" time="0.000019375">
        </testcase>
        <testcase classname="src/everything.spec.ts" name="describe 4 &gt; example test 33" time="0.000079292">
            <failure message="expected true to be false // Object.is equality" type="AssertionError">
AssertionError: expected true to be false // Object.is equality

- Expected
+ Received

- false
+ true

 ❯ src/everything.spec.ts:8:18
            </failure>
        </testcase>
        <testcase classname="src/everything.spec.ts" name="describe 4 &gt; example test 34" time="0.000018167">
        </testcase>
        <testcase classname="src/everything.spec.ts" name="describe 4 &gt; example test 35" time="0.000089333">
            <failure message="expected true to be false // Object.is equality" type="AssertionError">
AssertionError: expected true to be false // Object.is equality

- Expected
+ Received

- false
+ true

 ❯ src/everything.spec.ts:8:18
            </failure>
        </testcase>
        <testcase classname="src/everything.spec.ts" name="describe 4 &gt; example test 36" time="0.0000185">
        </testcase>
        <testcase classname="src/everything.spec.ts" name="describe 4 &gt; example test 37" time="0.000080333">
            <failure message="expected true to be false // Object.is equality" type="AssertionError">
AssertionError: expected true to be false // Object.is equality

- Expected
+ Received

- false
+ true

 ❯ src/everything.spec.ts:8:18
            </failure>
        </testcase>
        <testcase classname="src/everything.spec.ts" name="describe 4 &gt; example test 38" time="0.00001875">
        </testcase>
        <testcase classname="src/everything.spec.ts" name="describe 4 &gt; example test 39" time="0.000078833">
            <failure message="expected true to be false // Object.is equality" type="AssertionError">
AssertionError: expected true to be false // Object.is equality

- Expected
+ Received

- false
+ true

 ❯ src/everything.spec.ts:8:18
            </failure>
        </testcase>
        <testcase classname="src/everything.spec.ts" name="describe 4 &gt; example test 40" time="0.000018917">
        </testcase>
        <testcase classname="src/everything.spec.ts" name="describe 4 &gt; example test 41" time="0.000078">
            <failure message="expected true to be false // Object.is equality" type="AssertionError">
AssertionError: expected true to be false // Object.is equality

- Expected
+ Received

- false
+ true

 ❯ src/everything.spec.ts:8:18
            </failure>
        </testcase>
        <testcase classname="src/everything.spec.ts" name="describe 4 &gt; example test 42" time="0.000018834">
        </testcase>
        <testcase classname="src/everything.spec.ts" name="describe 4 &gt; example test 43" time="0.000093584">
            <failure message="expected true to be false // Object.is equality" type="AssertionError">
AssertionError: expected true to be false // Object.is equality

- Expected
+ Received

- false
+ true

 ❯ src/everything.spec.ts:8:18
            </failure>
        </testcase>
        <testcase classname="src/everything.spec.ts" name="describe 4 &gt; example test 44" time="0.000018292">
        </testcase>
        <testcase classname="src/everything.spec.ts" name="describe 4 &gt; example test 45" time="0.000079583">
            <failure message="expected true to be false // Object.is equality" type="AssertionError">
AssertionError: expected true to be false // Object.is equality

- Expected
+ Received

- false
+ true

 ❯ src/everything.spec.ts:8:18
            </failure>
        </testcase>
        <testcase classname="src/everything.spec.ts" name="describe 4 &gt; example test 46" time="0.00001925">
        </testcase>
        <testcase classname="src/everything.spec.ts" name="describe 4 &gt; example test 47" time="0.00008">
            <failure message="expected true to be false // Object.is equality" type="AssertionError">
AssertionError: expected true to be false // Object.is equality

- Expected
+ Received

- false
+ true

 ❯ src/everything.spec.ts:8:18
            </failure>
        </testcase>
        <testcase classname="src/everything.spec.ts" name="describe 4 &gt; example test 48" time="0.000018666">
        </testcase>
        <testcase classname="src/everything.spec.ts" name="describe 4 &gt; example test 49" time="0.00007525">
            <failure message="expected true to be false // Object.is equality" type="AssertionError">
AssertionError: expected true to be false // Object.is equality

- Expected
+ Received

- false
+ true

 ❯ src/everything.spec.ts:8:18
            </failure>
        </testcase>
        <testcase classname="src/everything.spec.ts" name="describe 4 &gt; example test 50" time="0.000018166">
        </testcase>
        <testcase classname="src/everything.spec.ts" name="describe 4 &gt; example test 51" time="0.000075958">
            <failure message="expected true to be false // Object.is equality" type="AssertionError">
AssertionError: expected true to be false // Object.is equality

- Expected
+ Received

- false
+ true

 ❯ src/everything.spec.ts:8:18
            </failure>
        </testcase>
        <testcase classname="src/everything.spec.ts" name="describe 4 &gt; example test 52" time="0.00001825">
        </testcase>
        <testcase classname="src/everything.spec.ts" name="describe 4 &gt; example test 53" time="0.000075625">
            <failure message="expected true to be false // Object.is equality" type="AssertionError">
AssertionError: expected true to be false // Object.is equality

- Expected
+ Received

- false
+ true

 ❯ src/everything.spec.ts:8:18
            </failure>
        </testcase>
        <testcase classname="src/everything.spec.ts" name="describe 4 &gt; example test 54" time="0.000018375">
        </testcase>
        <testcase classname="src/everything.spec.ts" name="describe 4 &gt; example test 55" time="0.000074542">
            <failure message="expected true to be false // Object.is equality" type="AssertionError">
AssertionError: expected true to be false // Object.is equality

- Expected
+ Received

- false
+ true

 ❯ src/everything.spec.ts:8:18
            </failure>
        </testcase>
        <testcase classname="src/everything.spec.ts" name="describe 4 &gt; example test 56" time="0.000018416">
        </testcase>
        <testcase classname="src/everything.spec.ts" name="describe 4 &gt; example test 57" time="0.000081041">
            <failure message="expected true to be false // Object.is equality" type="AssertionError">
AssertionError: expected true to be false // Object.is equality

- Expected
+ Received

- false
+ true

 ❯ src/everything.spec.ts:8:18
            </failure>
        </testcase>
        <testcase classname="src/everything.spec.ts" name="describe 4 &gt; example test 58" time="0.000018666">
        </testcase>
        <testcase classname="src/everything.spec.ts" name="describe 4 &gt; example test 59" time="0.000075667">
            <failure message="expected true to be false // Object.is equality" type="AssertionError">
AssertionError: expected true to be false // Object.is equality

- Expected
+ Received

- false
+ true

 ❯ src/everything.spec.ts:8:18
            </failure>
        </testcase>
        <testcase classname="src/everything.spec.ts" name="describe 4 &gt; example test 60" time="0.000018333">
        </testcase>
        <testcase classname="src/everything.spec.ts" name="describe 4 &gt; example test 61" time="0.00007825">
            <failure message="expected true to be false // Object.is equality" type="AssertionError">
AssertionError: expected true to be false // Object.is equality

- Expected
+ Received

- false
+ true

 ❯ src/everything.spec.ts:8:18
            </failure>
        </testcase>
        <testcase classname="src/everything.spec.ts" name="describe 4 &gt; example test 62" time="0.000018334">
        </testcase>
        <testcase classname="src/everything.spec.ts" name="describe 4 &gt; example test 63" time="0.000073875">
            <failure message="expected true to be false // Object.is equality" type="AssertionError">
AssertionError: expected true to be false // Object.is equality

- Expected
+ Received

- false
+ true

 ❯ src/everything.spec.ts:8:18
            </failure>
        </testcase>
        <testcase classname="src/everything.spec.ts" name="describe 4 &gt; example test 64" time="0.000018583">
        </testcase>
        <testcase classname="src/everything.spec.ts" name="describe 4 &gt; example test 65" time="0.00007575">
            <failure message="expected true to be false // Object.is equality" type="AssertionError">
AssertionError: expected true to be false // Object.is equality

- Expected
+ Received

- false
+ true

 ❯ src/everything.spec.ts:8:18
            </failure>
        </testcase>
        <testcase classname="src/everything.spec.ts" name="describe 4 &gt; example test 66" time="0.000018041">
        </testcase>
        <testcase classname="src/everything.spec.ts" name="describe 4 &gt; example test 67" time="0.000074958">
            <failure message="expected true to be false // Object.is equality" type="AssertionError">
AssertionError: expected true to be false // Object.is equality

- Expected
+ Received

- false
+ true

 ❯ src/everything.spec.ts:8:18
            </failure>
        </testcase>
        <testcase classname="src/everything.spec.ts" name="describe 4 &gt; example test 68" time="0.00001825">
        </testcase>
        <testcase classname="src/everything.spec.ts" name="describe 4 &gt; example test 69" time="0.000085125">
            <failure message="expected true to be false // Object.is equality" type="AssertionError">
AssertionError: expected true to be false // Object.is equality

- Expected
+ Received

- false
+ true

 ❯ src/everything.spec.ts:8:18
            </failure>
        </testcase>
        <testcase classname="src/everything.spec.ts" name="describe 4 &gt; example test 70" time="0.000017958">
        </testcase>
        <testcase classname="src/everything.spec.ts" name="describe 4 &gt; example test 71" time="0.000084709">
            <failure message="expected true to be false // Object.is equality" type="AssertionError">
AssertionError: expected true to be false // Object.is equality

- Expected
+ Received

- false
+ true

 ❯ src/everything.spec.ts:8:18
            </failure>
        </testcase>
        <testcase classname="src/everything.spec.ts" name="describe 4 &gt; example test 72" time="0.000019416">
        </testcase>
        <testcase classname="src/everything.spec.ts" name="describe 4 &gt; example test 73" time="0.000090333">
            <failure message="expected true to be false // Object.is equality" type="AssertionError">
AssertionError: expected true to be false // Object.is equality

- Expected
+ Received

- false
+ true

 ❯ src/everything.spec.ts:8:18
            </failure>
        </testcase>
        <testcase classname="src/everything.spec.ts" name="describe 4 &gt; example test 74" time="0.000019292">
        </testcase>
        <testcase classname="src/everything.spec.ts" name="describe 4 &gt; example test 75" time="0.000090875">
            <failure message="expected true to be false // Object.is equality" type="AssertionError">
AssertionError: expected true to be false // Object.is equality

- Expected
+ Received

- false
+ true

 ❯ src/everything.spec.ts:8:18
            </failure>
        </testcase>
        <testcase classname="src/everything.spec.ts" name="describe 4 &gt; example test 76" time="0.000019459">
        </testcase>
        <testcase classname="src/everything.spec.ts" name="describe 4 &gt; example test 77" time="0.000090916">
            <failure message="expected true to be false // Object.is equality" type="AssertionError">
AssertionError: expected true to be false // Object.is equality

- Expected
+ Received

- false
+ true

 ❯ src/everything.spec.ts:8:18
            </failure>
        </testcase>
        <testcase classname="src/everything.spec.ts" name="describe 4 &gt; example test 78" time="0.000020208">
        </testcase>
        <testcase classname="src/everything.spec.ts" name="describe 4 &gt; example test 79" time="0.000085875">
            <failure message="expected true to be false // Object.is equality" type="AssertionError">
AssertionError: expected true to be false // Object.is equality

- Expected
+ Received

- false
+ true

 ❯ src/everything.spec.ts:8:18
            </failure>
        </testcase>
        <testcase classname="src/everything.spec.ts" name="describe 4 &gt; example test 80" time="0.000019459">
        </testcase>
        <testcase classname="src/everything.spec.ts" name="describe 4 &gt; example test 81" time="0.001406458">
            <failure message="expected true to be false // Object.is equality" type="AssertionError">
AssertionError: expected true to be false // Object.is equality

- Expected
+ Received

- false
+ true

 ❯ src/everything.spec.ts:8:18
            </failure>
        </testcase>
        <testcase classname="src/everything.spec.ts" name="describe 4 &gt; example test 82" time="0.000046833">
        </testcase>
        <testcase classname="src/everything.spec.ts" name="describe 4 &gt; example test 83" time="0.000133667">
            <failure message="expected true to be false // Object.is equality" type="AssertionError">
AssertionError: expected true to be false // Object.is equality

- Expected
+ Received

- false
+ true

 ❯ src/everything.spec.ts:8:18
            </failure>
        </testcase>
        <testcase classname="src/everything.spec.ts" name="describe 4 &gt; example test 84" time="0.000022375">
        </testcase>
        <testcase classname="src/everything.spec.ts" name="describe 4 &gt; example test 85" time="0.000093166">
            <failure message="expected true to be false // Object.is equality" type="AssertionError">
AssertionError: expected true to be false // Object.is equality

- Expected
+ Received

- false
+ true

 ❯ src/everything.spec.ts:8:18
            </failure>
        </testcase>
        <testcase classname="src/everything.spec.ts" name="describe 4 &gt; example test 86" time="0.000020666">
        </testcase>
        <testcase classname="src/everything.spec.ts" name="describe 4 &gt; example test 87" time="0.000085292">
            <failure message="expected true to be false // Object.is equality" type="AssertionError">
AssertionError: expected true to be false // Object.is equality

- Expected
+ Received

- false
+ true

 ❯ src/everything.spec.ts:8:18
            </failure>
        </testcase>
        <testcase classname="src/everything.spec.ts" name="describe 4 &gt; example test 88" time="0.000022084">
        </testcase>
        <testcase classname="src/everything.spec.ts" name="describe 4 &gt; example test 89" time="0.000081292">
            <failure message="expected true to be false // Object.is equality" type="AssertionError">
AssertionError: expected true to be false // Object.is equality

- Expected
+ Received

- false
+ true

 ❯ src/everything.spec.ts:8:18
            </failure>
        </testcase>
        <testcase classname="src/everything.spec.ts" name="describe 4 &gt; example test 90" time="0.000018792">
        </testcase>
        <testcase classname="src/everything.spec.ts" name="describe 4 &gt; example test 91" time="0.000095625">
            <failure message="expected true to be false // Object.is equality" type="AssertionError">
AssertionError: expected true to be false // Object.is equality

- Expected
+ Received

- false
+ true

 ❯ src/everything.spec.ts:8:18
            </failure>
        </testcase>
        <testcase classname="src/everything.spec.ts" name="describe 4 &gt; example test 92" time="0.000022042">
        </testcase>
        <testcase classname="src/everything.spec.ts" name="describe 4 &gt; example test 93" time="0.000085416">
            <failure message="expected true to be false // Object.is equality" type="AssertionError">
AssertionError: expected true to be false // Object.is equality

- Expected
+ Received

- false
+ true

 ❯ src/everything.spec.ts:8:18
            </failure>
        </testcase>
        <testcase classname="src/everything.spec.ts" name="describe 4 &gt; example test 94" time="0.000018292">
        </testcase>
        <testcase classname="src/everything.spec.ts" name="describe 4 &gt; example test 95" time="0.000076541">
            <failure message="expected true to be false // Object.is equality" type="AssertionError">
AssertionError: expected true to be false // Object.is equality

- Expected
+ Received

- false
+ true

 ❯ src/everything.spec.ts:8:18
            </failure>
        </testcase>
        <testcase classname="src/everything.spec.ts" name="describe 4 &gt; example test 96" time="0.000018375">
        </testcase>
        <testcase classname="src/everything.spec.ts" name="describe 4 &gt; example test 97" time="0.000077458">
            <failure message="expected true to be false // Object.is equality" type="AssertionError">
AssertionError: expected true to be false // Object.is equality

- Expected
+ Received

- false
+ true

 ❯ src/everything.spec.ts:8:18
            </failure>
        </testcase>
        <testcase classname="src/everything.spec.ts" name="describe 4 &gt; example test 98" time="0.000018792">
        </testcase>
        <testcase classname="src/everything.spec.ts" name="describe 4 &gt; example test 99" time="0.000078583">
            <failure message="expected true to be false // Object.is equality" type="AssertionError">
AssertionError: expected true to be false // Object.is equality

- Expected
+ Received

- false
+ true

 ❯ src/everything.spec.ts:8:18
            </failure>
        </testcase>
        <testcase classname="src/everything.spec.ts" name="describe 4 &gt; example test 100" time="0.000019792">
        </testcase>
        <testcase classname="src/everything.spec.ts" name="describe 5 &gt; example test 1" time="0.000081958">
            <failure message="expected true to be false // Object.is equality" type="AssertionError">
AssertionError: expected true to be false // Object.is equality

- Expected
+ Received

- false
+ true

 ❯ src/everything.spec.ts:8:18
            </failure>
        </testcase>
        <testcase classname="src/everything.spec.ts" name="describe 5 &gt; example test 2" time="0.00001875">
        </testcase>
        <testcase classname="src/everything.spec.ts" name="describe 5 &gt; example test 3" time="0.000078583">
            <failure message="expected true to be false // Object.is equality" type="AssertionError">
AssertionError: expected true to be false // Object.is equality

- Expected
+ Received

- false
+ true

 ❯ src/everything.spec.ts:8:18
            </failure>
        </testcase>
        <testcase classname="src/everything.spec.ts" name="describe 5 &gt; example test 4" time="0.000018958">
        </testcase>
        <testcase classname="src/everything.spec.ts" name="describe 5 &gt; example test 5" time="0.000076167">
            <failure message="expected true to be false // Object.is equality" type="AssertionError">
AssertionError: expected true to be false // Object.is equality

- Expected
+ Received

- false
+ true

 ❯ src/everything.spec.ts:8:18
            </failure>
        </testcase>
        <testcase classname="src/everything.spec.ts" name="describe 5 &gt; example test 6" time="0.000022458">
        </testcase>
        <testcase classname="src/everything.spec.ts" name="describe 5 &gt; example test 7" time="0.000076166">
            <failure message="expected true to be false // Object.is equality" type="AssertionError">
AssertionError: expected true to be false // Object.is equality

- Expected
+ Received

- false
+ true

 ❯ src/everything.spec.ts:8:18
            </failure>
        </testcase>
        <testcase classname="src/everything.spec.ts" name="describe 5 &gt; example test 8" time="0.000018083">
        </testcase>
        <testcase classname="src/everything.spec.ts" name="describe 5 &gt; example test 9" time="0.000080166">
            <failure message="expected true to be false // Object.is equality" type="AssertionError">
AssertionError: expected true to be false // Object.is equality

- Expected
+ Received

- false
+ true

 ❯ src/everything.spec.ts:8:18
            </failure>
        </testcase>
        <testcase classname="src/everything.spec.ts" name="describe 5 &gt; example test 10" time="0.000019209">
        </testcase>
        <testcase classname="src/everything.spec.ts" name="describe 5 &gt; example test 11" time="0.000079292">
            <failure message="expected true to be false // Object.is equality" type="AssertionError">
AssertionError: expected true to be false // Object.is equality

- Expected
+ Received

- false
+ true

 ❯ src/everything.spec.ts:8:18
            </failure>
        </testcase>
        <testcase classname="src/everything.spec.ts" name="describe 5 &gt; example test 12" time="0.000017709">
        </testcase>
        <testcase classname="src/everything.spec.ts" name="describe 5 &gt; example test 13" time="0.0000765">
            <failure message="expected true to be false // Object.is equality" type="AssertionError">
AssertionError: expected true to be false // Object.is equality

- Expected
+ Received

- false
+ true

 ❯ src/everything.spec.ts:8:18
            </failure>
        </testcase>
        <testcase classname="src/everything.spec.ts" name="describe 5 &gt; example test 14" time="0.00001825">
        </testcase>
        <testcase classname="src/everything.spec.ts" name="describe 5 &gt; example test 15" time="0.000080542">
            <failure message="expected true to be false // Object.is equality" type="AssertionError">
AssertionError: expected true to be false // Object.is equality

- Expected
+ Received

- false
+ true

 ❯ src/everything.spec.ts:8:18
            </failure>
        </testcase>
        <testcase classname="src/everything.spec.ts" name="describe 5 &gt; example test 16" time="0.000017834">
        </testcase>
        <testcase classname="src/everything.spec.ts" name="describe 5 &gt; example test 17" time="0.000079708">
            <failure message="expected true to be false // Object.is equality" type="AssertionError">
AssertionError: expected true to be false // Object.is equality

- Expected
+ Received

- false
+ true

 ❯ src/everything.spec.ts:8:18
            </failure>
        </testcase>
        <testcase classname="src/everything.spec.ts" name="describe 5 &gt; example test 18" time="0.000018375">
        </testcase>
        <testcase classname="src/everything.spec.ts" name="describe 5 &gt; example test 19" time="0.000079084">
            <failure message="expected true to be false // Object.is equality" type="AssertionError">
AssertionError: expected true to be false // Object.is equality

- Expected
+ Received

- false
+ true

 ❯ src/everything.spec.ts:8:18
            </failure>
        </testcase>
        <testcase classname="src/everything.spec.ts" name="describe 5 &gt; example test 20" time="0.000018291">
        </testcase>
        <testcase classname="src/everything.spec.ts" name="describe 5 &gt; example test 21" time="0.000099416">
            <failure message="expected true to be false // Object.is equality" type="AssertionError">
AssertionError: expected true to be false // Object.is equality

- Expected
+ Received

- false
+ true

 ❯ src/everything.spec.ts:8:18
            </failure>
        </testcase>
        <testcase classname="src/everything.spec.ts" name="describe 5 &gt; example test 22" time="0.00002725">
        </testcase>
        <testcase classname="src/everything.spec.ts" name="describe 5 &gt; example test 23" time="0.000090584">
            <failure message="expected true to be false // Object.is equality" type="AssertionError">
AssertionError: expected true to be false // Object.is equality

- Expected
+ Received

- false
+ true

 ❯ src/everything.spec.ts:8:18
            </failure>
        </testcase>
        <testcase classname="src/everything.spec.ts" name="describe 5 &gt; example test 24" time="0.000019375">
        </testcase>
        <testcase classname="src/everything.spec.ts" name="describe 5 &gt; example test 25" time="0.000080625">
            <failure message="expected true to be false // Object.is equality" type="AssertionError">
AssertionError: expected true to be false // Object.is equality

- Expected
+ Received

- false
+ true

 ❯ src/everything.spec.ts:8:18
            </failure>
        </testcase>
        <testcase classname="src/everything.spec.ts" name="describe 5 &gt; example test 26" time="0.000019417">
        </testcase>
        <testcase classname="src/everything.spec.ts" name="describe 5 &gt; example test 27" time="0.000077833">
            <failure message="expected true to be false // Object.is equality" type="AssertionError">
AssertionError: expected true to be false // Object.is equality

- Expected
+ Received

- false
+ true

 ❯ src/everything.spec.ts:8:18
            </failure>
        </testcase>
        <testcase classname="src/everything.spec.ts" name="describe 5 &gt; example test 28" time="0.000018542">
        </testcase>
        <testcase classname="src/everything.spec.ts" name="describe 5 &gt; example test 29" time="0.000078833">
            <failure message="expected true to be false // Object.is equality" type="AssertionError">
AssertionError: expected true to be false // Object.is equality

- Expected
+ Received

- false
+ true

 ❯ src/everything.spec.ts:8:18
            </failure>
        </testcase>
        <testcase classname="src/everything.spec.ts" name="describe 5 &gt; example test 30" time="0.000018542">
        </testcase>
        <testcase classname="src/everything.spec.ts" name="describe 5 &gt; example test 31" time="0.000077708">
            <failure message="expected true to be false // Object.is equality" type="AssertionError">
AssertionError: expected true to be false // Object.is equality

- Expected
+ Received

- false
+ true

 ❯ src/everything.spec.ts:8:18
            </failure>
        </testcase>
        <testcase classname="src/everything.spec.ts" name="describe 5 &gt; example test 32" time="0.0000185">
        </testcase>
        <testcase classname="src/everything.spec.ts" name="describe 5 &gt; example test 33" time="0.00007575">
            <failure message="expected true to be false // Object.is equality" type="AssertionError">
AssertionError: expected true to be false // Object.is equality

- Expected
+ Received

- false
+ true

 ❯ src/everything.spec.ts:8:18
            </failure>
        </testcase>
        <testcase classname="src/everything.spec.ts" name="describe 5 &gt; example test 34" time="0.000018583">
        </testcase>
        <testcase classname="src/everything.spec.ts" name="describe 5 &gt; example test 35" time="0.000077417">
            <failure message="expected true to be false // Object.is equality" type="AssertionError">
AssertionError: expected true to be false // Object.is equality

- Expected
+ Received

- false
+ true

 ❯ src/everything.spec.ts:8:18
            </failure>
        </testcase>
        <testcase classname="src/everything.spec.ts" name="describe 5 &gt; example test 36" time="0.000017917">
        </testcase>
        <testcase classname="src/everything.spec.ts" name="describe 5 &gt; example test 37" time="0.000075042">
            <failure message="expected true to be false // Object.is equality" type="AssertionError">
AssertionError: expected true to be false // Object.is equality

- Expected
+ Received

- false
+ true

 ❯ src/everything.spec.ts:8:18
            </failure>
        </testcase>
        <testcase classname="src/everything.spec.ts" name="describe 5 &gt; example test 38" time="0.000019084">
        </testcase>
        <testcase classname="src/everything.spec.ts" name="describe 5 &gt; example test 39" time="0.000075083">
            <failure message="expected true to be false // Object.is equality" type="AssertionError">
AssertionError: expected true to be false // Object.is equality

- Expected
+ Received

- false
+ true

 ❯ src/everything.spec.ts:8:18
            </failure>
        </testcase>
        <testcase classname="src/everything.spec.ts" name="describe 5 &gt; example test 40" time="0.000018542">
        </testcase>
        <testcase classname="src/everything.spec.ts" name="describe 5 &gt; example test 41" time="0.0000805">
            <failure message="expected true to be false // Object.is equality" type="AssertionError">
AssertionError: expected true to be false // Object.is equality

- Expected
+ Received

- false
+ true

 ❯ src/everything.spec.ts:8:18
            </failure>
        </testcase>
        <testcase classname="src/everything.spec.ts" name="describe 5 &gt; example test 42" time="0.000019208">
        </testcase>
        <testcase classname="src/everything.spec.ts" name="describe 5 &gt; example test 43" time="0.000075625">
            <failure message="expected true to be false // Object.is equality" type="AssertionError">
AssertionError: expected true to be false // Object.is equality

- Expected
+ Received

- false
+ true

 ❯ src/everything.spec.ts:8:18
            </failure>
        </testcase>
        <testcase classname="src/everything.spec.ts" name="describe 5 &gt; example test 44" time="0.000018667">
        </testcase>
        <testcase classname="src/everything.spec.ts" name="describe 5 &gt; example test 45" time="0.000081834">
            <failure message="expected true to be false // Object.is equality" type="AssertionError">
AssertionError: expected true to be false // Object.is equality

- Expected
+ Received

- false
+ true

 ❯ src/everything.spec.ts:8:18
            </failure>
        </testcase>
        <testcase classname="src/everything.spec.ts" name="describe 5 &gt; example test 46" time="0.000020916">
        </testcase>
        <testcase classname="src/everything.spec.ts" name="describe 5 &gt; example test 47" time="0.000077291">
            <failure message="expected true to be false // Object.is equality" type="AssertionError">
AssertionError: expected true to be false // Object.is equality

- Expected
+ Received

- false
+ true

 ❯ src/everything.spec.ts:8:18
            </failure>
        </testcase>
        <testcase classname="src/everything.spec.ts" name="describe 5 &gt; example test 48" time="0.000018625">
        </testcase>
        <testcase classname="src/everything.spec.ts" name="describe 5 &gt; example test 49" time="0.000075875">
            <failure message="expected true to be false // Object.is equality" type="AssertionError">
AssertionError: expected true to be false // Object.is equality

- Expected
+ Received

- false
+ true

 ❯ src/everything.spec.ts:8:18
            </failure>
        </testcase>
        <testcase classname="src/everything.spec.ts" name="describe 5 &gt; example test 50" time="0.000018625">
        </testcase>
        <testcase classname="src/everything.spec.ts" name="describe 5 &gt; example test 51" time="0.000082833">
            <failure message="expected true to be false // Object.is equality" type="AssertionError">
AssertionError: expected true to be false // Object.is equality

- Expected
+ Received

- false
+ true

 ❯ src/everything.spec.ts:8:18
            </failure>
        </testcase>
        <testcase classname="src/everything.spec.ts" name="describe 5 &gt; example test 52" time="0.000021042">
        </testcase>
        <testcase classname="src/everything.spec.ts" name="describe 5 &gt; example test 53" time="0.000075875">
            <failure message="expected true to be false // Object.is equality" type="AssertionError">
AssertionError: expected true to be false // Object.is equality

- Expected
+ Received

- false
+ true

 ❯ src/everything.spec.ts:8:18
            </failure>
        </testcase>
        <testcase classname="src/everything.spec.ts" name="describe 5 &gt; example test 54" time="0.000018375">
        </testcase>
        <testcase classname="src/everything.spec.ts" name="describe 5 &gt; example test 55" time="0.000079458">
            <failure message="expected true to be false // Object.is equality" type="AssertionError">
AssertionError: expected true to be false // Object.is equality

- Expected
+ Received

- false
+ true

 ❯ src/everything.spec.ts:8:18
            </failure>
        </testcase>
        <testcase classname="src/everything.spec.ts" name="describe 5 &gt; example test 56" time="0.000018333">
        </testcase>
        <testcase classname="src/everything.spec.ts" name="describe 5 &gt; example test 57" time="0.000080708">
            <failure message="expected true to be false // Object.is equality" type="AssertionError">
AssertionError: expected true to be false // Object.is equality

- Expected
+ Received

- false
+ true

 ❯ src/everything.spec.ts:8:18
            </failure>
        </testcase>
        <testcase classname="src/everything.spec.ts" name="describe 5 &gt; example test 58" time="0.000018125">
        </testcase>
        <testcase classname="src/everything.spec.ts" name="describe 5 &gt; example test 59" time="0.000076125">
            <failure message="expected true to be false // Object.is equality" type="AssertionError">
AssertionError: expected true to be false // Object.is equality

- Expected
+ Received

- false
+ true

 ❯ src/everything.spec.ts:8:18
            </failure>
        </testcase>
        <testcase classname="src/everything.spec.ts" name="describe 5 &gt; example test 60" time="0.000018708">
        </testcase>
        <testcase classname="src/everything.spec.ts" name="describe 5 &gt; example test 61" time="0.000075958">
            <failure message="expected true to be false // Object.is equality" type="AssertionError">
AssertionError: expected true to be false // Object.is equality

- Expected
+ Received

- false
+ true

 ❯ src/everything.spec.ts:8:18
            </failure>
        </testcase>
        <testcase classname="src/everything.spec.ts" name="describe 5 &gt; example test 62" time="0.00001825">
        </testcase>
        <testcase classname="src/everything.spec.ts" name="describe 5 &gt; example test 63" time="0.000083333">
            <failure message="expected true to be false // Object.is equality" type="AssertionError">
AssertionError: expected true to be false // Object.is equality

- Expected
+ Received

- false
+ true

 ❯ src/everything.spec.ts:8:18
            </failure>
        </testcase>
        <testcase classname="src/everything.spec.ts" name="describe 5 &gt; example test 64" time="0.000018792">
        </testcase>
        <testcase classname="src/everything.spec.ts" name="describe 5 &gt; example test 65" time="0.000076125">
            <failure message="expected true to be false // Object.is equality" type="AssertionError">
AssertionError: expected true to be false // Object.is equality

- Expected
+ Received

- false
+ true

 ❯ src/everything.spec.ts:8:18
            </failure>
        </testcase>
        <testcase classname="src/everything.spec.ts" name="describe 5 &gt; example test 66" time="0.000018333">
        </testcase>
        <testcase classname="src/everything.spec.ts" name="describe 5 &gt; example test 67" time="0.000076083">
            <failure message="expected true to be false // Object.is equality" type="AssertionError">
AssertionError: expected true to be false // Object.is equality

- Expected
+ Received

- false
+ true

 ❯ src/everything.spec.ts:8:18
            </failure>
        </testcase>
        <testcase classname="src/everything.spec.ts" name="describe 5 &gt; example test 68" time="0.000018625">
        </testcase>
        <testcase classname="src/everything.spec.ts" name="describe 5 &gt; example test 69" time="0.000082958">
            <failure message="expected true to be false // Object.is equality" type="AssertionError">
AssertionError: expected true to be false // Object.is equality

- Expected
+ Received

- false
+ true

 ❯ src/everything.spec.ts:8:18
            </failure>
        </testcase>
        <testcase classname="src/everything.spec.ts" name="describe 5 &gt; example test 70" time="0.00001875">
        </testcase>
        <testcase classname="src/everything.spec.ts" name="describe 5 &gt; example test 71" time="0.000075875">
            <failure message="expected true to be false // Object.is equality" type="AssertionError">
AssertionError: expected true to be false // Object.is equality

- Expected
+ Received

- false
+ true

 ❯ src/everything.spec.ts:8:18
            </failure>
        </testcase>
        <testcase classname="src/everything.spec.ts" name="describe 5 &gt; example test 72" time="0.000020084">
        </testcase>
        <testcase classname="src/everything.spec.ts" name="describe 5 &gt; example test 73" time="0.000076334">
            <failure message="expected true to be false // Object.is equality" type="AssertionError">
AssertionError: expected true to be false // Object.is equality

- Expected
+ Received

- false
+ true

 ❯ src/everything.spec.ts:8:18
            </failure>
        </testcase>
        <testcase classname="src/everything.spec.ts" name="describe 5 &gt; example test 74" time="0.000020625">
        </testcase>
        <testcase classname="src/everything.spec.ts" name="describe 5 &gt; example test 75" time="0.0000885">
            <failure message="expected true to be false // Object.is equality" type="AssertionError">
AssertionError: expected true to be false // Object.is equality

- Expected
+ Received

- false
+ true

 ❯ src/everything.spec.ts:8:18
            </failure>
        </testcase>
        <testcase classname="src/everything.spec.ts" name="describe 5 &gt; example test 76" time="0.000022209">
        </testcase>
        <testcase classname="src/everything.spec.ts" name="describe 5 &gt; example test 77" time="0.000076083">
            <failure message="expected true to be false // Object.is equality" type="AssertionError">
AssertionError: expected true to be false // Object.is equality

- Expected
+ Received

- false
+ true

 ❯ src/everything.spec.ts:8:18
            </failure>
        </testcase>
        <testcase classname="src/everything.spec.ts" name="describe 5 &gt; example test 78" time="0.000018125">
        </testcase>
        <testcase classname="src/everything.spec.ts" name="describe 5 &gt; example test 79" time="0.0000745">
            <failure message="expected true to be false // Object.is equality" type="AssertionError">
AssertionError: expected true to be false // Object.is equality

- Expected
+ Received

- false
+ true

 ❯ src/everything.spec.ts:8:18
            </failure>
        </testcase>
        <testcase classname="src/everything.spec.ts" name="describe 5 &gt; example test 80" time="0.000018458">
        </testcase>
        <testcase classname="src/everything.spec.ts" name="describe 5 &gt; example test 81" time="0.00008125">
            <failure message="expected true to be false // Object.is equality" type="AssertionError">
AssertionError: expected true to be false // Object.is equality

- Expected
+ Received

- false
+ true

 ❯ src/everything.spec.ts:8:18
            </failure>
        </testcase>
        <testcase classname="src/everything.spec.ts" name="describe 5 &gt; example test 82" time="0.000019625">
        </testcase>
        <testcase classname="src/everything.spec.ts" name="describe 5 &gt; example test 83" time="0.000078333">
            <failure message="expected true to be false // Object.is equality" type="AssertionError">
AssertionError: expected true to be false // Object.is equality

- Expected
+ Received

- false
+ true

 ❯ src/everything.spec.ts:8:18
            </failure>
        </testcase>
        <testcase classname="src/everything.spec.ts" name="describe 5 &gt; example test 84" time="0.000018333">
        </testcase>
        <testcase classname="src/everything.spec.ts" name="describe 5 &gt; example test 85" time="0.000080833">
            <failure message="expected true to be false // Object.is equality" type="AssertionError">
AssertionError: expected true to be false // Object.is equality

- Expected
+ Received

- false
+ true

 ❯ src/everything.spec.ts:8:18
            </failure>
        </testcase>
        <testcase classname="src/everything.spec.ts" name="describe 5 &gt; example test 86" time="0.000020541">
        </testcase>
        <testcase classname="src/everything.spec.ts" name="describe 5 &gt; example test 87" time="0.000076958">
            <failure message="expected true to be false // Object.is equality" type="AssertionError">
AssertionError: expected true to be false // Object.is equality

- Expected
+ Received

- false
+ true

 ❯ src/everything.spec.ts:8:18
            </failure>
        </testcase>
        <testcase classname="src/everything.spec.ts" name="describe 5 &gt; example test 88" time="0.000019083">
        </testcase>
        <testcase classname="src/everything.spec.ts" name="describe 5 &gt; example test 89" time="0.000075458">
            <failure message="expected true to be false // Object.is equality" type="AssertionError">
AssertionError: expected true to be false // Object.is equality

- Expected
+ Received

- false
+ true

 ❯ src/everything.spec.ts:8:18
            </failure>
        </testcase>
        <testcase classname="src/everything.spec.ts" name="describe 5 &gt; example test 90" time="0.000023083">
        </testcase>
        <testcase classname="src/everything.spec.ts" name="describe 5 &gt; example test 91" time="0.000075833">
            <failure message="expected true to be false // Object.is equality" type="AssertionError">
AssertionError: expected true to be false // Object.is equality

- Expected
+ Received

- false
+ true

 ❯ src/everything.spec.ts:8:18
            </failure>
        </testcase>
        <testcase classname="src/everything.spec.ts" name="describe 5 &gt; example test 92" time="0.000019209">
        </testcase>
        <testcase classname="src/everything.spec.ts" name="describe 5 &gt; example test 93" time="0.000079541">
            <failure message="expected true to be false // Object.is equality" type="AssertionError">
AssertionError: expected true to be false // Object.is equality

- Expected
+ Received

- false
+ true

 ❯ src/everything.spec.ts:8:18
            </failure>
        </testcase>
        <testcase classname="src/everything.spec.ts" name="describe 5 &gt; example test 94" time="0.000018">
        </testcase>
        <testcase classname="src/everything.spec.ts" name="describe 5 &gt; example test 95" time="0.000078917">
            <failure message="expected true to be false // Object.is equality" type="AssertionError">
AssertionError: expected true to be false // Object.is equality

- Expected
+ Received

- false
+ true

 ❯ src/everything.spec.ts:8:18
            </failure>
        </testcase>
        <testcase classname="src/everything.spec.ts" name="describe 5 &gt; example test 96" time="0.000018667">
        </testcase>
        <testcase classname="src/everything.spec.ts" name="describe 5 &gt; example test 97" time="0.000079417">
            <failure message="expected true to be false // Object.is equality" type="AssertionError">
AssertionError: expected true to be false // Object.is equality

- Expected
+ Received

- false
+ true

 ❯ src/everything.spec.ts:8:18
            </failure>
        </testcase>
        <testcase classname="src/everything.spec.ts" name="describe 5 &gt; example test 98" time="0.000021334">
        </testcase>
        <testcase classname="src/everything.spec.ts" name="describe 5 &gt; example test 99" time="0.0000795">
            <failure message="expected true to be false // Object.is equality" type="AssertionError">
AssertionError: expected true to be false // Object.is equality

- Expected
+ Received

- false
+ true

 ❯ src/everything.spec.ts:8:18
            </failure>
        </testcase>
        <testcase classname="src/everything.spec.ts" name="describe 5 &gt; example test 100" time="0.000017416">
        </testcase>
        <testcase classname="src/everything.spec.ts" name="describe 6 &gt; example test 1" time="0.000087">
            <failure message="expected true to be false // Object.is equality" type="AssertionError">
AssertionError: expected true to be false // Object.is equality

- Expected
+ Received

- false
+ true

 ❯ src/everything.spec.ts:8:18
            </failure>
        </testcase>
        <testcase classname="src/everything.spec.ts" name="describe 6 &gt; example test 2" time="0.000018459">
        </testcase>
        <testcase classname="src/everything.spec.ts" name="describe 6 &gt; example test 3" time="0.000077875">
            <failure message="expected true to be false // Object.is equality" type="AssertionError">
AssertionError: expected true to be false // Object.is equality

- Expected
+ Received

- false
+ true

 ❯ src/everything.spec.ts:8:18
            </failure>
        </testcase>
        <testcase classname="src/everything.spec.ts" name="describe 6 &gt; example test 4" time="0.0000185">
        </testcase>
        <testcase classname="src/everything.spec.ts" name="describe 6 &gt; example test 5" time="0.000080875">
            <failure message="expected true to be false // Object.is equality" type="AssertionError">
AssertionError: expected true to be false // Object.is equality

- Expected
+ Received

- false
+ true

 ❯ src/everything.spec.ts:8:18
            </failure>
        </testcase>
        <testcase classname="src/everything.spec.ts" name="describe 6 &gt; example test 6" time="0.000019834">
        </testcase>
        <testcase classname="src/everything.spec.ts" name="describe 6 &gt; example test 7" time="0.000089541">
            <failure message="expected true to be false // Object.is equality" type="AssertionError">
AssertionError: expected true to be false // Object.is equality

- Expected
+ Received

- false
+ true

 ❯ src/everything.spec.ts:8:18
            </failure>
        </testcase>
        <testcase classname="src/everything.spec.ts" name="describe 6 &gt; example test 8" time="0.000018209">
        </testcase>
        <testcase classname="src/everything.spec.ts" name="describe 6 &gt; example test 9" time="0.000083917">
            <failure message="expected true to be false // Object.is equality" type="AssertionError">
AssertionError: expected true to be false // Object.is equality

- Expected
+ Received

- false
+ true

 ❯ src/everything.spec.ts:8:18
            </failure>
        </testcase>
        <testcase classname="src/everything.spec.ts" name="describe 6 &gt; example test 10" time="0.000019542">
        </testcase>
        <testcase classname="src/everything.spec.ts" name="describe 6 &gt; example test 11" time="0.000077333">
            <failure message="expected true to be false // Object.is equality" type="AssertionError">
AssertionError: expected true to be false // Object.is equality

- Expected
+ Received

- false
+ true

 ❯ src/everything.spec.ts:8:18
            </failure>
        </testcase>
        <testcase classname="src/everything.spec.ts" name="describe 6 &gt; example test 12" time="0.000022083">
        </testcase>
        <testcase classname="src/everything.spec.ts" name="describe 6 &gt; example test 13" time="0.000074541">
            <failure message="expected true to be false // Object.is equality" type="AssertionError">
AssertionError: expected true to be false // Object.is equality

- Expected
+ Received

- false
+ true

 ❯ src/everything.spec.ts:8:18
            </failure>
        </testcase>
        <testcase classname="src/everything.spec.ts" name="describe 6 &gt; example test 14" time="0.000018083">
        </testcase>
        <testcase classname="src/everything.spec.ts" name="describe 6 &gt; example test 15" time="0.000084542">
            <failure message="expected true to be false // Object.is equality" type="AssertionError">
AssertionError: expected true to be false // Object.is equality

- Expected
+ Received

- false
+ true

 ❯ src/everything.spec.ts:8:18
            </failure>
        </testcase>
        <testcase classname="src/everything.spec.ts" name="describe 6 &gt; example test 16" time="0.000019708">
        </testcase>
        <testcase classname="src/everything.spec.ts" name="describe 6 &gt; example test 17" time="0.000074541">
            <failure message="expected true to be false // Object.is equality" type="AssertionError">
AssertionError: expected true to be false // Object.is equality

- Expected
+ Received

- false
+ true

 ❯ src/everything.spec.ts:8:18
            </failure>
        </testcase>
        <testcase classname="src/everything.spec.ts" name="describe 6 &gt; example test 18" time="0.000018125">
        </testcase>
        <testcase classname="src/everything.spec.ts" name="describe 6 &gt; example test 19" time="0.000078625">
            <failure message="expected true to be false // Object.is equality" type="AssertionError">
AssertionError: expected true to be false // Object.is equality

- Expected
+ Received

- false
+ true

 ❯ src/everything.spec.ts:8:18
            </failure>
        </testcase>
        <testcase classname="src/everything.spec.ts" name="describe 6 &gt; example test 20" time="0.000018334">
        </testcase>
        <testcase classname="src/everything.spec.ts" name="describe 6 &gt; example test 21" time="0.000078542">
            <failure message="expected true to be false // Object.is equality" type="AssertionError">
AssertionError: expected true to be false // Object.is equality

- Expected
+ Received

- false
+ true

 ❯ src/everything.spec.ts:8:18
            </failure>
        </testcase>
        <testcase classname="src/everything.spec.ts" name="describe 6 &gt; example test 22" time="0.000019042">
        </testcase>
        <testcase classname="src/everything.spec.ts" name="describe 6 &gt; example test 23" time="0.000080625">
            <failure message="expected true to be false // Object.is equality" type="AssertionError">
AssertionError: expected true to be false // Object.is equality

- Expected
+ Received

- false
+ true

 ❯ src/everything.spec.ts:8:18
            </failure>
        </testcase>
        <testcase classname="src/everything.spec.ts" name="describe 6 &gt; example test 24" time="0.000017875">
        </testcase>
        <testcase classname="src/everything.spec.ts" name="describe 6 &gt; example test 25" time="0.0000825">
            <failure message="expected true to be false // Object.is equality" type="AssertionError">
AssertionError: expected true to be false // Object.is equality

- Expected
+ Received

- false
+ true

 ❯ src/everything.spec.ts:8:18
            </failure>
        </testcase>
        <testcase classname="src/everything.spec.ts" name="describe 6 &gt; example test 26" time="0.000018667">
        </testcase>
        <testcase classname="src/everything.spec.ts" name="describe 6 &gt; example test 27" time="0.000083833">
            <failure message="expected true to be false // Object.is equality" type="AssertionError">
AssertionError: expected true to be false // Object.is equality

- Expected
+ Received

- false
+ true

 ❯ src/everything.spec.ts:8:18
            </failure>
        </testcase>
        <testcase classname="src/everything.spec.ts" name="describe 6 &gt; example test 28" time="0.00001975">
        </testcase>
        <testcase classname="src/everything.spec.ts" name="describe 6 &gt; example test 29" time="0.000079583">
            <failure message="expected true to be false // Object.is equality" type="AssertionError">
AssertionError: expected true to be false // Object.is equality

- Expected
+ Received

- false
+ true

 ❯ src/everything.spec.ts:8:18
            </failure>
        </testcase>
        <testcase classname="src/everything.spec.ts" name="describe 6 &gt; example test 30" time="0.000018166">
        </testcase>
        <testcase classname="src/everything.spec.ts" name="describe 6 &gt; example test 31" time="0.000076625">
            <failure message="expected true to be false // Object.is equality" type="AssertionError">
AssertionError: expected true to be false // Object.is equality

- Expected
+ Received

- false
+ true

 ❯ src/everything.spec.ts:8:18
            </failure>
        </testcase>
        <testcase classname="src/everything.spec.ts" name="describe 6 &gt; example test 32" time="0.000019125">
        </testcase>
        <testcase classname="src/everything.spec.ts" name="describe 6 &gt; example test 33" time="0.000079083">
            <failure message="expected true to be false // Object.is equality" type="AssertionError">
AssertionError: expected true to be false // Object.is equality

- Expected
+ Received

- false
+ true

 ❯ src/everything.spec.ts:8:18
            </failure>
        </testcase>
        <testcase classname="src/everything.spec.ts" name="describe 6 &gt; example test 34" time="0.0000205">
        </testcase>
        <testcase classname="src/everything.spec.ts" name="describe 6 &gt; example test 35" time="0.000104292">
            <failure message="expected true to be false // Object.is equality" type="AssertionError">
AssertionError: expected true to be false // Object.is equality

- Expected
+ Received

- false
+ true

 ❯ src/everything.spec.ts:8:18
            </failure>
        </testcase>
        <testcase classname="src/everything.spec.ts" name="describe 6 &gt; example test 36" time="0.000018833">
        </testcase>
        <testcase classname="src/everything.spec.ts" name="describe 6 &gt; example test 37" time="0.000081">
            <failure message="expected true to be false // Object.is equality" type="AssertionError">
AssertionError: expected true to be false // Object.is equality

- Expected
+ Received

- false
+ true

 ❯ src/everything.spec.ts:8:18
            </failure>
        </testcase>
        <testcase classname="src/everything.spec.ts" name="describe 6 &gt; example test 38" time="0.000021208">
        </testcase>
        <testcase classname="src/everything.spec.ts" name="describe 6 &gt; example test 39" time="0.000079958">
            <failure message="expected true to be false // Object.is equality" type="AssertionError">
AssertionError: expected true to be false // Object.is equality

- Expected
+ Received

- false
+ true

 ❯ src/everything.spec.ts:8:18
            </failure>
        </testcase>
        <testcase classname="src/everything.spec.ts" name="describe 6 &gt; example test 40" time="0.000037042">
        </testcase>
        <testcase classname="src/everything.spec.ts" name="describe 6 &gt; example test 41" time="0.000078875">
            <failure message="expected true to be false // Object.is equality" type="AssertionError">
AssertionError: expected true to be false // Object.is equality

- Expected
+ Received

- false
+ true

 ❯ src/everything.spec.ts:8:18
            </failure>
        </testcase>
        <testcase classname="src/everything.spec.ts" name="describe 6 &gt; example test 42" time="0.000019042">
        </testcase>
        <testcase classname="src/everything.spec.ts" name="describe 6 &gt; example test 43" time="0.000075209">
            <failure message="expected true to be false // Object.is equality" type="AssertionError">
AssertionError: expected true to be false // Object.is equality

- Expected
+ Received

- false
+ true

 ❯ src/everything.spec.ts:8:18
            </failure>
        </testcase>
        <testcase classname="src/everything.spec.ts" name="describe 6 &gt; example test 44" time="0.000020083">
        </testcase>
        <testcase classname="src/everything.spec.ts" name="describe 6 &gt; example test 45" time="0.0000815">
            <failure message="expected true to be false // Object.is equality" type="AssertionError">
AssertionError: expected true to be false // Object.is equality

- Expected
+ Received

- false
+ true

 ❯ src/everything.spec.ts:8:18
            </failure>
        </testcase>
        <testcase classname="src/everything.spec.ts" name="describe 6 &gt; example test 46" time="0.000018209">
        </testcase>
        <testcase classname="src/everything.spec.ts" name="describe 6 &gt; example test 47" time="0.0000745">
            <failure message="expected true to be false // Object.is equality" type="AssertionError">
AssertionError: expected true to be false // Object.is equality

- Expected
+ Received

- false
+ true

 ❯ src/everything.spec.ts:8:18
            </failure>
        </testcase>
        <testcase classname="src/everything.spec.ts" name="describe 6 &gt; example test 48" time="0.000018083">
        </testcase>
        <testcase classname="src/everything.spec.ts" name="describe 6 &gt; example test 49" time="0.000082833">
            <failure message="expected true to be false // Object.is equality" type="AssertionError">
AssertionError: expected true to be false // Object.is equality

- Expected
+ Received

- false
+ true

 ❯ src/everything.spec.ts:8:18
            </failure>
        </testcase>
        <testcase classname="src/everything.spec.ts" name="describe 6 &gt; example test 50" time="0.0000185">
        </testcase>
        <testcase classname="src/everything.spec.ts" name="describe 6 &gt; example test 51" time="0.000075458">
            <failure message="expected true to be false // Object.is equality" type="AssertionError">
AssertionError: expected true to be false // Object.is equality

- Expected
+ Received

- false
+ true

 ❯ src/everything.spec.ts:8:18
            </failure>
        </testcase>
        <testcase classname="src/everything.spec.ts" name="describe 6 &gt; example test 52" time="0.000020458">
        </testcase>
        <testcase classname="src/everything.spec.ts" name="describe 6 &gt; example test 53" time="0.000075459">
            <failure message="expected true to be false // Object.is equality" type="AssertionError">
AssertionError: expected true to be false // Object.is equality

- Expected
+ Received

- false
+ true

 ❯ src/everything.spec.ts:8:18
            </failure>
        </testcase>
        <testcase classname="src/everything.spec.ts" name="describe 6 &gt; example test 54" time="0.000018">
        </testcase>
        <testcase classname="src/everything.spec.ts" name="describe 6 &gt; example test 55" time="0.000074625">
            <failure message="expected true to be false // Object.is equality" type="AssertionError">
AssertionError: expected true to be false // Object.is equality

- Expected
+ Received

- false
+ true

 ❯ src/everything.spec.ts:8:18
            </failure>
        </testcase>
        <testcase classname="src/everything.spec.ts" name="describe 6 &gt; example test 56" time="0.000019083">
        </testcase>
        <testcase classname="src/everything.spec.ts" name="describe 6 &gt; example test 57" time="0.000089333">
            <failure message="expected true to be false // Object.is equality" type="AssertionError">
AssertionError: expected true to be false // Object.is equality

- Expected
+ Received

- false
+ true

 ❯ src/everything.spec.ts:8:18
            </failure>
        </testcase>
        <testcase classname="src/everything.spec.ts" name="describe 6 &gt; example test 58" time="0.000021">
        </testcase>
        <testcase classname="src/everything.spec.ts" name="describe 6 &gt; example test 59" time="0.000078292">
            <failure message="expected true to be false // Object.is equality" type="AssertionError">
AssertionError: expected true to be false // Object.is equality

- Expected
+ Received

- false
+ true

 ❯ src/everything.spec.ts:8:18
            </failure>
        </testcase>
        <testcase classname="src/everything.spec.ts" name="describe 6 &gt; example test 60" time="0.000018">
        </testcase>
        <testcase classname="src/everything.spec.ts" name="describe 6 &gt; example test 61" time="0.000076042">
            <failure message="expected true to be false // Object.is equality" type="AssertionError">
AssertionError: expected true to be false // Object.is equality

- Expected
+ Received

- false
+ true

 ❯ src/everything.spec.ts:8:18
            </failure>
        </testcase>
        <testcase classname="src/everything.spec.ts" name="describe 6 &gt; example test 62" time="0.000018208">
        </testcase>
        <testcase classname="src/everything.spec.ts" name="describe 6 &gt; example test 63" time="0.000075417">
            <failure message="expected true to be false // Object.is equality" type="AssertionError">
AssertionError: expected true to be false // Object.is equality

- Expected
+ Received

- false
+ true

 ❯ src/everything.spec.ts:8:18
            </failure>
        </testcase>
        <testcase classname="src/everything.spec.ts" name="describe 6 &gt; example test 64" time="0.000018084">
        </testcase>
        <testcase classname="src/everything.spec.ts" name="describe 6 &gt; example test 65" time="0.0000755">
            <failure message="expected true to be false // Object.is equality" type="AssertionError">
AssertionError: expected true to be false // Object.is equality

- Expected
+ Received

- false
+ true

 ❯ src/everything.spec.ts:8:18
            </failure>
        </testcase>
        <testcase classname="src/everything.spec.ts" name="describe 6 &gt; example test 66" time="0.000017875">
        </testcase>
        <testcase classname="src/everything.spec.ts" name="describe 6 &gt; example test 67" time="0.000074916">
            <failure message="expected true to be false // Object.is equality" type="AssertionError">
AssertionError: expected true to be false // Object.is equality

- Expected
+ Received

- false
+ true

 ❯ src/everything.spec.ts:8:18
            </failure>
        </testcase>
        <testcase classname="src/everything.spec.ts" name="describe 6 &gt; example test 68" time="0.000018">
        </testcase>
        <testcase classname="src/everything.spec.ts" name="describe 6 &gt; example test 69" time="0.000076625">
            <failure message="expected true to be false // Object.is equality" type="AssertionError">
AssertionError: expected true to be false // Object.is equality

- Expected
+ Received

- false
+ true

 ❯ src/everything.spec.ts:8:18
            </failure>
        </testcase>
        <testcase classname="src/everything.spec.ts" name="describe 6 &gt; example test 70" time="0.000018708">
        </testcase>
        <testcase classname="src/everything.spec.ts" name="describe 6 &gt; example test 71" time="0.000083209">
            <failure message="expected true to be false // Object.is equality" type="AssertionError">
AssertionError: expected true to be false // Object.is equality

- Expected
+ Received

- false
+ true

 ❯ src/everything.spec.ts:8:18
            </failure>
        </testcase>
        <testcase classname="src/everything.spec.ts" name="describe 6 &gt; example test 72" time="0.000018459">
        </testcase>
        <testcase classname="src/everything.spec.ts" name="describe 6 &gt; example test 73" time="0.001299292">
            <failure message="expected true to be false // Object.is equality" type="AssertionError">
AssertionError: expected true to be false // Object.is equality

- Expected
+ Received

- false
+ true

 ❯ src/everything.spec.ts:8:18
            </failure>
        </testcase>
        <testcase classname="src/everything.spec.ts" name="describe 6 &gt; example test 74" time="0.000021875">
        </testcase>
        <testcase classname="src/everything.spec.ts" name="describe 6 &gt; example test 75" time="0.000084417">
            <failure message="expected true to be false // Object.is equality" type="AssertionError">
AssertionError: expected true to be false // Object.is equality

- Expected
+ Received

- false
+ true

 ❯ src/everything.spec.ts:8:18
            </failure>
        </testcase>
        <testcase classname="src/everything.spec.ts" name="describe 6 &gt; example test 76" time="0.00001875">
        </testcase>
        <testcase classname="src/everything.spec.ts" name="describe 6 &gt; example test 77" time="0.00009775">
            <failure message="expected true to be false // Object.is equality" type="AssertionError">
AssertionError: expected true to be false // Object.is equality

- Expected
+ Received

- false
+ true

 ❯ src/everything.spec.ts:8:18
            </failure>
        </testcase>
        <testcase classname="src/everything.spec.ts" name="describe 6 &gt; example test 78" time="0.000018917">
        </testcase>
        <testcase classname="src/everything.spec.ts" name="describe 6 &gt; example test 79" time="0.000076917">
            <failure message="expected true to be false // Object.is equality" type="AssertionError">
AssertionError: expected true to be false // Object.is equality

- Expected
+ Received

- false
+ true

 ❯ src/everything.spec.ts:8:18
            </failure>
        </testcase>
        <testcase classname="src/everything.spec.ts" name="describe 6 &gt; example test 80" time="0.000020208">
        </testcase>
        <testcase classname="src/everything.spec.ts" name="describe 6 &gt; example test 81" time="0.000075709">
            <failure message="expected true to be false // Object.is equality" type="AssertionError">
AssertionError: expected true to be false // Object.is equality

- Expected
+ Received

- false
+ true

 ❯ src/everything.spec.ts:8:18
            </failure>
        </testcase>
        <testcase classname="src/everything.spec.ts" name="describe 6 &gt; example test 82" time="0.00001825">
        </testcase>
        <testcase classname="src/everything.spec.ts" name="describe 6 &gt; example test 83" time="0.000077375">
            <failure message="expected true to be false // Object.is equality" type="AssertionError">
AssertionError: expected true to be false // Object.is equality

- Expected
+ Received

- false
+ true

 ❯ src/everything.spec.ts:8:18
            </failure>
        </testcase>
        <testcase classname="src/everything.spec.ts" name="describe 6 &gt; example test 84" time="0.000018083">
        </testcase>
        <testcase classname="src/everything.spec.ts" name="describe 6 &gt; example test 85" time="0.0000775">
            <failure message="expected true to be false // Object.is equality" type="AssertionError">
AssertionError: expected true to be false // Object.is equality

- Expected
+ Received

- false
+ true

 ❯ src/everything.spec.ts:8:18
            </failure>
        </testcase>
        <testcase classname="src/everything.spec.ts" name="describe 6 &gt; example test 86" time="0.000018125">
        </testcase>
        <testcase classname="src/everything.spec.ts" name="describe 6 &gt; example test 87" time="0.000078166">
            <failure message="expected true to be false // Object.is equality" type="AssertionError">
AssertionError: expected true to be false // Object.is equality

- Expected
+ Received

- false
+ true

 ❯ src/everything.spec.ts:8:18
            </failure>
        </testcase>
        <testcase classname="src/everything.spec.ts" name="describe 6 &gt; example test 88" time="0.000018125">
        </testcase>
        <testcase classname="src/everything.spec.ts" name="describe 6 &gt; example test 89" time="0.000075458">
            <failure message="expected true to be false // Object.is equality" type="AssertionError">
AssertionError: expected true to be false // Object.is equality

- Expected
+ Received

- false
+ true

 ❯ src/everything.spec.ts:8:18
            </failure>
        </testcase>
        <testcase classname="src/everything.spec.ts" name="describe 6 &gt; example test 90" time="0.000020084">
        </testcase>
        <testcase classname="src/everything.spec.ts" name="describe 6 &gt; example test 91" time="0.000076041">
            <failure message="expected true to be false // Object.is equality" type="AssertionError">
AssertionError: expected true to be false // Object.is equality

- Expected
+ Received

- false
+ true

 ❯ src/everything.spec.ts:8:18
            </failure>
        </testcase>
        <testcase classname="src/everything.spec.ts" name="describe 6 &gt; example test 92" time="0.000018708">
        </testcase>
        <testcase classname="src/everything.spec.ts" name="describe 6 &gt; example test 93" time="0.000075709">
            <failure message="expected true to be false // Object.is equality" type="AssertionError">
AssertionError: expected true to be false // Object.is equality

- Expected
+ Received

- false
+ true

 ❯ src/everything.spec.ts:8:18
            </failure>
        </testcase>
        <testcase classname="src/everything.spec.ts" name="describe 6 &gt; example test 94" time="0.000018541">
        </testcase>
        <testcase classname="src/everything.spec.ts" name="describe 6 &gt; example test 95" time="0.000074458">
            <failure message="expected true to be false // Object.is equality" type="AssertionError">
AssertionError: expected true to be false // Object.is equality

- Expected
+ Received

- false
+ true

 ❯ src/everything.spec.ts:8:18
            </failure>
        </testcase>
        <testcase classname="src/everything.spec.ts" name="describe 6 &gt; example test 96" time="0.00002125">
        </testcase>
        <testcase classname="src/everything.spec.ts" name="describe 6 &gt; example test 97" time="0.000080292">
            <failure message="expected true to be false // Object.is equality" type="AssertionError">
AssertionError: expected true to be false // Object.is equality

- Expected
+ Received

- false
+ true

 ❯ src/everything.spec.ts:8:18
            </failure>
        </testcase>
        <testcase classname="src/everything.spec.ts" name="describe 6 &gt; example test 98" time="0.000018083">
        </testcase>
        <testcase classname="src/everything.spec.ts" name="describe 6 &gt; example test 99" time="0.000077917">
            <failure message="expected true to be false // Object.is equality" type="AssertionError">
AssertionError: expected true to be false // Object.is equality

- Expected
+ Received

- false
+ true

 ❯ src/everything.spec.ts:8:18
            </failure>
        </testcase>
        <testcase classname="src/everything.spec.ts" name="describe 6 &gt; example test 100" time="0.000019125">
        </testcase>
        <testcase classname="src/everything.spec.ts" name="describe 7 &gt; example test 1" time="0.00007975">
            <failure message="expected true to be false // Object.is equality" type="AssertionError">
AssertionError: expected true to be false // Object.is equality

- Expected
+ Received

- false
+ true

 ❯ src/everything.spec.ts:8:18
            </failure>
        </testcase>
        <testcase classname="src/everything.spec.ts" name="describe 7 &gt; example test 2" time="0.000018333">
        </testcase>
        <testcase classname="src/everything.spec.ts" name="describe 7 &gt; example test 3" time="0.000075583">
            <failure message="expected true to be false // Object.is equality" type="AssertionError">
AssertionError: expected true to be false // Object.is equality

- Expected
+ Received

- false
+ true

 ❯ src/everything.spec.ts:8:18
            </failure>
        </testcase>
        <testcase classname="src/everything.spec.ts" name="describe 7 &gt; example test 4" time="0.000018084">
        </testcase>
        <testcase classname="src/everything.spec.ts" name="describe 7 &gt; example test 5" time="0.000075708">
            <failure message="expected true to be false // Object.is equality" type="AssertionError">
AssertionError: expected true to be false // Object.is equality

- Expected
+ Received

- false
+ true

 ❯ src/everything.spec.ts:8:18
            </failure>
        </testcase>
        <testcase classname="src/everything.spec.ts" name="describe 7 &gt; example test 6" time="0.000018042">
        </testcase>
        <testcase classname="src/everything.spec.ts" name="describe 7 &gt; example test 7" time="0.000079917">
            <failure message="expected true to be false // Object.is equality" type="AssertionError">
AssertionError: expected true to be false // Object.is equality

- Expected
+ Received

- false
+ true

 ❯ src/everything.spec.ts:8:18
            </failure>
        </testcase>
        <testcase classname="src/everything.spec.ts" name="describe 7 &gt; example test 8" time="0.000019083">
        </testcase>
        <testcase classname="src/everything.spec.ts" name="describe 7 &gt; example test 9" time="0.0000755">
            <failure message="expected true to be false // Object.is equality" type="AssertionError">
AssertionError: expected true to be false // Object.is equality

- Expected
+ Received

- false
+ true

 ❯ src/everything.spec.ts:8:18
            </failure>
        </testcase>
        <testcase classname="src/everything.spec.ts" name="describe 7 &gt; example test 10" time="0.000018208">
        </testcase>
        <testcase classname="src/everything.spec.ts" name="describe 7 &gt; example test 11" time="0.000074375">
            <failure message="expected true to be false // Object.is equality" type="AssertionError">
AssertionError: expected true to be false // Object.is equality

- Expected
+ Received

- false
+ true

 ❯ src/everything.spec.ts:8:18
            </failure>
        </testcase>
        <testcase classname="src/everything.spec.ts" name="describe 7 &gt; example test 12" time="0.000018666">
        </testcase>
        <testcase classname="src/everything.spec.ts" name="describe 7 &gt; example test 13" time="0.00007575">
            <failure message="expected true to be false // Object.is equality" type="AssertionError">
AssertionError: expected true to be false // Object.is equality

- Expected
+ Received

- false
+ true

 ❯ src/everything.spec.ts:8:18
            </failure>
        </testcase>
        <testcase classname="src/everything.spec.ts" name="describe 7 &gt; example test 14" time="0.000019417">
        </testcase>
        <testcase classname="src/everything.spec.ts" name="describe 7 &gt; example test 15" time="0.000076875">
            <failure message="expected true to be false // Object.is equality" type="AssertionError">
AssertionError: expected true to be false // Object.is equality

- Expected
+ Received

- false
+ true

 ❯ src/everything.spec.ts:8:18
            </failure>
        </testcase>
        <testcase classname="src/everything.spec.ts" name="describe 7 &gt; example test 16" time="0.000018">
        </testcase>
        <testcase classname="src/everything.spec.ts" name="describe 7 &gt; example test 17" time="0.00007575">
            <failure message="expected true to be false // Object.is equality" type="AssertionError">
AssertionError: expected true to be false // Object.is equality

- Expected
+ Received

- false
+ true

 ❯ src/everything.spec.ts:8:18
            </failure>
        </testcase>
        <testcase classname="src/everything.spec.ts" name="describe 7 &gt; example test 18" time="0.000018666">
        </testcase>
        <testcase classname="src/everything.spec.ts" name="describe 7 &gt; example test 19" time="0.000079583">
            <failure message="expected true to be false // Object.is equality" type="AssertionError">
AssertionError: expected true to be false // Object.is equality

- Expected
+ Received

- false
+ true

 ❯ src/everything.spec.ts:8:18
            </failure>
        </testcase>
        <testcase classname="src/everything.spec.ts" name="describe 7 &gt; example test 20" time="0.000018708">
        </testcase>
        <testcase classname="src/everything.spec.ts" name="describe 7 &gt; example test 21" time="0.000075292">
            <failure message="expected true to be false // Object.is equality" type="AssertionError">
AssertionError: expected true to be false // Object.is equality

- Expected
+ Received

- false
+ true

 ❯ src/everything.spec.ts:8:18
            </failure>
        </testcase>
        <testcase classname="src/everything.spec.ts" name="describe 7 &gt; example test 22" time="0.000020083">
        </testcase>
        <testcase classname="src/everything.spec.ts" name="describe 7 &gt; example test 23" time="0.00007475">
            <failure message="expected true to be false // Object.is equality" type="AssertionError">
AssertionError: expected true to be false // Object.is equality

- Expected
+ Received

- false
+ true

 ❯ src/everything.spec.ts:8:18
            </failure>
        </testcase>
        <testcase classname="src/everything.spec.ts" name="describe 7 &gt; example test 24" time="0.000018292">
        </testcase>
        <testcase classname="src/everything.spec.ts" name="describe 7 &gt; example test 25" time="0.000075125">
            <failure message="expected true to be false // Object.is equality" type="AssertionError">
AssertionError: expected true to be false // Object.is equality

- Expected
+ Received

- false
+ true

 ❯ src/everything.spec.ts:8:18
            </failure>
        </testcase>
        <testcase classname="src/everything.spec.ts" name="describe 7 &gt; example test 26" time="0.000017709">
        </testcase>
        <testcase classname="src/everything.spec.ts" name="describe 7 &gt; example test 27" time="0.000077958">
            <failure message="expected true to be false // Object.is equality" type="AssertionError">
AssertionError: expected true to be false // Object.is equality

- Expected
+ Received

- false
+ true

 ❯ src/everything.spec.ts:8:18
            </failure>
        </testcase>
        <testcase classname="src/everything.spec.ts" name="describe 7 &gt; example test 28" time="0.000017792">
        </testcase>
        <testcase classname="src/everything.spec.ts" name="describe 7 &gt; example test 29" time="0.000077167">
            <failure message="expected true to be false // Object.is equality" type="AssertionError">
AssertionError: expected true to be false // Object.is equality

- Expected
+ Received

- false
+ true

 ❯ src/everything.spec.ts:8:18
            </failure>
        </testcase>
        <testcase classname="src/everything.spec.ts" name="describe 7 &gt; example test 30" time="0.00001825">
        </testcase>
        <testcase classname="src/everything.spec.ts" name="describe 7 &gt; example test 31" time="0.000079917">
            <failure message="expected true to be false // Object.is equality" type="AssertionError">
AssertionError: expected true to be false // Object.is equality

- Expected
+ Received

- false
+ true

 ❯ src/everything.spec.ts:8:18
            </failure>
        </testcase>
        <testcase classname="src/everything.spec.ts" name="describe 7 &gt; example test 32" time="0.000018083">
        </testcase>
        <testcase classname="src/everything.spec.ts" name="describe 7 &gt; example test 33" time="0.000076042">
            <failure message="expected true to be false // Object.is equality" type="AssertionError">
AssertionError: expected true to be false // Object.is equality

- Expected
+ Received

- false
+ true

 ❯ src/everything.spec.ts:8:18
            </failure>
        </testcase>
        <testcase classname="src/everything.spec.ts" name="describe 7 &gt; example test 34" time="0.000017583">
        </testcase>
        <testcase classname="src/everything.spec.ts" name="describe 7 &gt; example test 35" time="0.000077083">
            <failure message="expected true to be false // Object.is equality" type="AssertionError">
AssertionError: expected true to be false // Object.is equality

- Expected
+ Received

- false
+ true

 ❯ src/everything.spec.ts:8:18
            </failure>
        </testcase>
        <testcase classname="src/everything.spec.ts" name="describe 7 &gt; example test 36" time="0.000018083">
        </testcase>
        <testcase classname="src/everything.spec.ts" name="describe 7 &gt; example test 37" time="0.000074833">
            <failure message="expected true to be false // Object.is equality" type="AssertionError">
AssertionError: expected true to be false // Object.is equality

- Expected
+ Received

- false
+ true

 ❯ src/everything.spec.ts:8:18
            </failure>
        </testcase>
        <testcase classname="src/everything.spec.ts" name="describe 7 &gt; example test 38" time="0.000018042">
        </testcase>
        <testcase classname="src/everything.spec.ts" name="describe 7 &gt; example test 39" time="0.000077917">
            <failure message="expected true to be false // Object.is equality" type="AssertionError">
AssertionError: expected true to be false // Object.is equality

- Expected
+ Received

- false
+ true

 ❯ src/everything.spec.ts:8:18
            </failure>
        </testcase>
        <testcase classname="src/everything.spec.ts" name="describe 7 &gt; example test 40" time="0.000017917">
        </testcase>
        <testcase classname="src/everything.spec.ts" name="describe 7 &gt; example test 41" time="0.000078416">
            <failure message="expected true to be false // Object.is equality" type="AssertionError">
AssertionError: expected true to be false // Object.is equality

- Expected
+ Received

- false
+ true

 ❯ src/everything.spec.ts:8:18
            </failure>
        </testcase>
        <testcase classname="src/everything.spec.ts" name="describe 7 &gt; example test 42" time="0.000018333">
        </testcase>
        <testcase classname="src/everything.spec.ts" name="describe 7 &gt; example test 43" time="0.000077583">
            <failure message="expected true to be false // Object.is equality" type="AssertionError">
AssertionError: expected true to be false // Object.is equality

- Expected
+ Received

- false
+ true

 ❯ src/everything.spec.ts:8:18
            </failure>
        </testcase>
        <testcase classname="src/everything.spec.ts" name="describe 7 &gt; example test 44" time="0.000017959">
        </testcase>
        <testcase classname="src/everything.spec.ts" name="describe 7 &gt; example test 45" time="0.000077167">
            <failure message="expected true to be false // Object.is equality" type="AssertionError">
AssertionError: expected true to be false // Object.is equality

- Expected
+ Received

- false
+ true

 ❯ src/everything.spec.ts:8:18
            </failure>
        </testcase>
        <testcase classname="src/everything.spec.ts" name="describe 7 &gt; example test 46" time="0.000018166">
        </testcase>
        <testcase classname="src/everything.spec.ts" name="describe 7 &gt; example test 47" time="0.00007775">
            <failure message="expected true to be false // Object.is equality" type="AssertionError">
AssertionError: expected true to be false // Object.is equality

- Expected
+ Received

- false
+ true

 ❯ src/everything.spec.ts:8:18
            </failure>
        </testcase>
        <testcase classname="src/everything.spec.ts" name="describe 7 &gt; example test 48" time="0.000017792">
        </testcase>
        <testcase classname="src/everything.spec.ts" name="describe 7 &gt; example test 49" time="0.000075417">
            <failure message="expected true to be false // Object.is equality" type="AssertionError">
AssertionError: expected true to be false // Object.is equality

- Expected
+ Received

- false
+ true

 ❯ src/everything.spec.ts:8:18
            </failure>
        </testcase>
        <testcase classname="src/everything.spec.ts" name="describe 7 &gt; example test 50" time="0.000017875">
        </testcase>
        <testcase classname="src/everything.spec.ts" name="describe 7 &gt; example test 51" time="0.000075709">
            <failure message="expected true to be false // Object.is equality" type="AssertionError">
AssertionError: expected true to be false // Object.is equality

- Expected
+ Received

- false
+ true

 ❯ src/everything.spec.ts:8:18
            </failure>
        </testcase>
        <testcase classname="src/everything.spec.ts" name="describe 7 &gt; example test 52" time="0.000018">
        </testcase>
        <testcase classname="src/everything.spec.ts" name="describe 7 &gt; example test 53" time="0.000081916">
            <failure message="expected true to be false // Object.is equality" type="AssertionError">
AssertionError: expected true to be false // Object.is equality

- Expected
+ Received

- false
+ true

 ❯ src/everything.spec.ts:8:18
            </failure>
        </testcase>
        <testcase classname="src/everything.spec.ts" name="describe 7 &gt; example test 54" time="0.0000185">
        </testcase>
        <testcase classname="src/everything.spec.ts" name="describe 7 &gt; example test 55" time="0.000078375">
            <failure message="expected true to be false // Object.is equality" type="AssertionError">
AssertionError: expected true to be false // Object.is equality

- Expected
+ Received

- false
+ true

 ❯ src/everything.spec.ts:8:18
            </failure>
        </testcase>
        <testcase classname="src/everything.spec.ts" name="describe 7 &gt; example test 56" time="0.000017792">
        </testcase>
        <testcase classname="src/everything.spec.ts" name="describe 7 &gt; example test 57" time="0.000078458">
            <failure message="expected true to be false // Object.is equality" type="AssertionError">
AssertionError: expected true to be false // Object.is equality

- Expected
+ Received

- false
+ true

 ❯ src/everything.spec.ts:8:18
            </failure>
        </testcase>
        <testcase classname="src/everything.spec.ts" name="describe 7 &gt; example test 58" time="0.000017834">
        </testcase>
        <testcase classname="src/everything.spec.ts" name="describe 7 &gt; example test 59" time="0.00007825">
            <failure message="expected true to be false // Object.is equality" type="AssertionError">
AssertionError: expected true to be false // Object.is equality

- Expected
+ Received

- false
+ true

 ❯ src/everything.spec.ts:8:18
            </failure>
        </testcase>
        <testcase classname="src/everything.spec.ts" name="describe 7 &gt; example test 60" time="0.00001825">
        </testcase>
        <testcase classname="src/everything.spec.ts" name="describe 7 &gt; example test 61" time="0.000077125">
            <failure message="expected true to be false // Object.is equality" type="AssertionError">
AssertionError: expected true to be false // Object.is equality

- Expected
+ Received

- false
+ true

 ❯ src/everything.spec.ts:8:18
            </failure>
        </testcase>
        <testcase classname="src/everything.spec.ts" name="describe 7 &gt; example test 62" time="0.000017833">
        </testcase>
        <testcase classname="src/everything.spec.ts" name="describe 7 &gt; example test 63" time="0.000081708">
            <failure message="expected true to be false // Object.is equality" type="AssertionError">
AssertionError: expected true to be false // Object.is equality

- Expected
+ Received

- false
+ true

 ❯ src/everything.spec.ts:8:18
            </failure>
        </testcase>
        <testcase classname="src/everything.spec.ts" name="describe 7 &gt; example test 64" time="0.000017583">
        </testcase>
        <testcase classname="src/everything.spec.ts" name="describe 7 &gt; example test 65" time="0.000075833">
            <failure message="expected true to be false // Object.is equality" type="AssertionError">
AssertionError: expected true to be false // Object.is equality

- Expected
+ Received

- false
+ true

 ❯ src/everything.spec.ts:8:18
            </failure>
        </testcase>
        <testcase classname="src/everything.spec.ts" name="describe 7 &gt; example test 66" time="0.000017958">
        </testcase>
        <testcase classname="src/everything.spec.ts" name="describe 7 &gt; example test 67" time="0.000078625">
            <failure message="expected true to be false // Object.is equality" type="AssertionError">
AssertionError: expected true to be false // Object.is equality

- Expected
+ Received

- false
+ true

 ❯ src/everything.spec.ts:8:18
            </failure>
        </testcase>
        <testcase classname="src/everything.spec.ts" name="describe 7 &gt; example test 68" time="0.000017791">
        </testcase>
        <testcase classname="src/everything.spec.ts" name="describe 7 &gt; example test 69" time="0.000136958">
            <failure message="expected true to be false // Object.is equality" type="AssertionError">
AssertionError: expected true to be false // Object.is equality

- Expected
+ Received

- false
+ true

 ❯ src/everything.spec.ts:8:18
            </failure>
        </testcase>
        <testcase classname="src/everything.spec.ts" name="describe 7 &gt; example test 70" time="0.000020875">
        </testcase>
        <testcase classname="src/everything.spec.ts" name="describe 7 &gt; example test 71" time="0.000136291">
            <failure message="expected true to be false // Object.is equality" type="AssertionError">
AssertionError: expected true to be false // Object.is equality

- Expected
+ Received

- false
+ true

 ❯ src/everything.spec.ts:8:18
            </failure>
        </testcase>
        <testcase classname="src/everything.spec.ts" name="describe 7 &gt; example test 72" time="0.000041709">
        </testcase>
        <testcase classname="src/everything.spec.ts" name="describe 7 &gt; example test 73" time="0.0001515">
            <failure message="expected true to be false // Object.is equality" type="AssertionError">
AssertionError: expected true to be false // Object.is equality

- Expected
+ Received

- false
+ true

 ❯ src/everything.spec.ts:8:18
            </failure>
        </testcase>
        <testcase classname="src/everything.spec.ts" name="describe 7 &gt; example test 74" time="0.000023333">
        </testcase>
        <testcase classname="src/everything.spec.ts" name="describe 7 &gt; example test 75" time="0.000090708">
            <failure message="expected true to be false // Object.is equality" type="AssertionError">
AssertionError: expected true to be false // Object.is equality

- Expected
+ Received

- false
+ true

 ❯ src/everything.spec.ts:8:18
            </failure>
        </testcase>
        <testcase classname="src/everything.spec.ts" name="describe 7 &gt; example test 76" time="0.000020416">
        </testcase>
        <testcase classname="src/everything.spec.ts" name="describe 7 &gt; example test 77" time="0.000175667">
            <failure message="expected true to be false // Object.is equality" type="AssertionError">
AssertionError: expected true to be false // Object.is equality

- Expected
+ Received

- false
+ true

 ❯ src/everything.spec.ts:8:18
            </failure>
        </testcase>
        <testcase classname="src/everything.spec.ts" name="describe 7 &gt; example test 78" time="0.000020334">
        </testcase>
        <testcase classname="src/everything.spec.ts" name="describe 7 &gt; example test 79" time="0.000084708">
            <failure message="expected true to be false // Object.is equality" type="AssertionError">
AssertionError: expected true to be false // Object.is equality

- Expected
+ Received

- false
+ true

 ❯ src/everything.spec.ts:8:18
            </failure>
        </testcase>
        <testcase classname="src/everything.spec.ts" name="describe 7 &gt; example test 80" time="0.00002025">
        </testcase>
        <testcase classname="src/everything.spec.ts" name="describe 7 &gt; example test 81" time="0.000082208">
            <failure message="expected true to be false // Object.is equality" type="AssertionError">
AssertionError: expected true to be false // Object.is equality

- Expected
+ Received

- false
+ true

 ❯ src/everything.spec.ts:8:18
            </failure>
        </testcase>
        <testcase classname="src/everything.spec.ts" name="describe 7 &gt; example test 82" time="0.000019167">
        </testcase>
        <testcase classname="src/everything.spec.ts" name="describe 7 &gt; example test 83" time="0.000080708">
            <failure message="expected true to be false // Object.is equality" type="AssertionError">
AssertionError: expected true to be false // Object.is equality

- Expected
+ Received

- false
+ true

 ❯ src/everything.spec.ts:8:18
            </failure>
        </testcase>
        <testcase classname="src/everything.spec.ts" name="describe 7 &gt; example test 84" time="0.000055417">
        </testcase>
        <testcase classname="src/everything.spec.ts" name="describe 7 &gt; example test 85" time="0.000082625">
            <failure message="expected true to be false // Object.is equality" type="AssertionError">
AssertionError: expected true to be false // Object.is equality

- Expected
+ Received

- false
+ true

 ❯ src/everything.spec.ts:8:18
            </failure>
        </testcase>
        <testcase classname="src/everything.spec.ts" name="describe 7 &gt; example test 86" time="0.000018375">
        </testcase>
        <testcase classname="src/everything.spec.ts" name="describe 7 &gt; example test 87" time="0.000079375">
            <failure message="expected true to be false // Object.is equality" type="AssertionError">
AssertionError: expected true to be false // Object.is equality

- Expected
+ Received

- false
+ true

 ❯ src/everything.spec.ts:8:18
            </failure>
        </testcase>
        <testcase classname="src/everything.spec.ts" name="describe 7 &gt; example test 88" time="0.0000185">
        </testcase>
        <testcase classname="src/everything.spec.ts" name="describe 7 &gt; example test 89" time="0.000075583">
            <failure message="expected true to be false // Object.is equality" type="AssertionError">
AssertionError: expected true to be false // Object.is equality

- Expected
+ Received

- false
+ true

 ❯ src/everything.spec.ts:8:18
            </failure>
        </testcase>
        <testcase classname="src/everything.spec.ts" name="describe 7 &gt; example test 90" time="0.000018042">
        </testcase>
        <testcase classname="src/everything.spec.ts" name="describe 7 &gt; example test 91" time="0.000073791">
            <failure message="expected true to be false // Object.is equality" type="AssertionError">
AssertionError: expected true to be false // Object.is equality

- Expected
+ Received

- false
+ true

 ❯ src/everything.spec.ts:8:18
            </failure>
        </testcase>
        <testcase classname="src/everything.spec.ts" name="describe 7 &gt; example test 92" time="0.00001825">
        </testcase>
        <testcase classname="src/everything.spec.ts" name="describe 7 &gt; example test 93" time="0.000075042">
            <failure message="expected true to be false // Object.is equality" type="AssertionError">
AssertionError: expected true to be false // Object.is equality

- Expected
+ Received

- false
+ true

 ❯ src/everything.spec.ts:8:18
            </failure>
        </testcase>
        <testcase classname="src/everything.spec.ts" name="describe 7 &gt; example test 94" time="0.000018125">
        </testcase>
        <testcase classname="src/everything.spec.ts" name="describe 7 &gt; example test 95" time="0.000074042">
            <failure message="expected true to be false // Object.is equality" type="AssertionError">
AssertionError: expected true to be false // Object.is equality

- Expected
+ Received

- false
+ true

 ❯ src/everything.spec.ts:8:18
            </failure>
        </testcase>
        <testcase classname="src/everything.spec.ts" name="describe 7 &gt; example test 96" time="0.00001825">
        </testcase>
        <testcase classname="src/everything.spec.ts" name="describe 7 &gt; example test 97" time="0.000074375">
            <failure message="expected true to be false // Object.is equality" type="AssertionError">
AssertionError: expected true to be false // Object.is equality

- Expected
+ Received

- false
+ true

 ❯ src/everything.spec.ts:8:18
            </failure>
        </testcase>
        <testcase classname="src/everything.spec.ts" name="describe 7 &gt; example test 98" time="0.000017417">
        </testcase>
        <testcase classname="src/everything.spec.ts" name="describe 7 &gt; example test 99" time="0.000075792">
            <failure message="expected true to be false // Object.is equality" type="AssertionError">
AssertionError: expected true to be false // Object.is equality

- Expected
+ Received

- false
+ true

 ❯ src/everything.spec.ts:8:18
            </failure>
        </testcase>
        <testcase classname="src/everything.spec.ts" name="describe 7 &gt; example test 100" time="0.000018333">
        </testcase>
        <testcase classname="src/everything.spec.ts" name="describe 8 &gt; example test 1" time="0.000079667">
            <failure message="expected true to be false // Object.is equality" type="AssertionError">
AssertionError: expected true to be false // Object.is equality

- Expected
+ Received

- false
+ true

 ❯ src/everything.spec.ts:8:18
            </failure>
        </testcase>
        <testcase classname="src/everything.spec.ts" name="describe 8 &gt; example test 2" time="0.00001825">
        </testcase>
        <testcase classname="src/everything.spec.ts" name="describe 8 &gt; example test 3" time="0.000073709">
            <failure message="expected true to be false // Object.is equality" type="AssertionError">
AssertionError: expected true to be false // Object.is equality

- Expected
+ Received

- false
+ true

 ❯ src/everything.spec.ts:8:18
            </failure>
        </testcase>
        <testcase classname="src/everything.spec.ts" name="describe 8 &gt; example test 4" time="0.000018041">
        </testcase>
        <testcase classname="src/everything.spec.ts" name="describe 8 &gt; example test 5" time="0.000076042">
            <failure message="expected true to be false // Object.is equality" type="AssertionError">
AssertionError: expected true to be false // Object.is equality

- Expected
+ Received

- false
+ true

 ❯ src/everything.spec.ts:8:18
            </failure>
        </testcase>
        <testcase classname="src/everything.spec.ts" name="describe 8 &gt; example test 6" time="0.000018125">
        </testcase>
        <testcase classname="src/everything.spec.ts" name="describe 8 &gt; example test 7" time="0.000073209">
            <failure message="expected true to be false // Object.is equality" type="AssertionError">
AssertionError: expected true to be false // Object.is equality

- Expected
+ Received

- false
+ true

 ❯ src/everything.spec.ts:8:18
            </failure>
        </testcase>
        <testcase classname="src/everything.spec.ts" name="describe 8 &gt; example test 8" time="0.000018">
        </testcase>
        <testcase classname="src/everything.spec.ts" name="describe 8 &gt; example test 9" time="0.000074125">
            <failure message="expected true to be false // Object.is equality" type="AssertionError">
AssertionError: expected true to be false // Object.is equality

- Expected
+ Received

- false
+ true

 ❯ src/everything.spec.ts:8:18
            </failure>
        </testcase>
        <testcase classname="src/everything.spec.ts" name="describe 8 &gt; example test 10" time="0.000017875">
        </testcase>
        <testcase classname="src/everything.spec.ts" name="describe 8 &gt; example test 11" time="0.000108625">
            <failure message="expected true to be false // Object.is equality" type="AssertionError">
AssertionError: expected true to be false // Object.is equality

- Expected
+ Received

- false
+ true

 ❯ src/everything.spec.ts:8:18
            </failure>
        </testcase>
        <testcase classname="src/everything.spec.ts" name="describe 8 &gt; example test 12" time="0.000019292">
        </testcase>
        <testcase classname="src/everything.spec.ts" name="describe 8 &gt; example test 13" time="0.000074208">
            <failure message="expected true to be false // Object.is equality" type="AssertionError">
AssertionError: expected true to be false // Object.is equality

- Expected
+ Received

- false
+ true

 ❯ src/everything.spec.ts:8:18
            </failure>
        </testcase>
        <testcase classname="src/everything.spec.ts" name="describe 8 &gt; example test 14" time="0.000018458">
        </testcase>
        <testcase classname="src/everything.spec.ts" name="describe 8 &gt; example test 15" time="0.000072834">
            <failure message="expected true to be false // Object.is equality" type="AssertionError">
AssertionError: expected true to be false // Object.is equality

- Expected
+ Received

- false
+ true

 ❯ src/everything.spec.ts:8:18
            </failure>
        </testcase>
        <testcase classname="src/everything.spec.ts" name="describe 8 &gt; example test 16" time="0.000021583">
        </testcase>
        <testcase classname="src/everything.spec.ts" name="describe 8 &gt; example test 17" time="0.000078458">
            <failure message="expected true to be false // Object.is equality" type="AssertionError">
AssertionError: expected true to be false // Object.is equality

- Expected
+ Received

- false
+ true

 ❯ src/everything.spec.ts:8:18
            </failure>
        </testcase>
        <testcase classname="src/everything.spec.ts" name="describe 8 &gt; example test 18" time="0.000019125">
        </testcase>
        <testcase classname="src/everything.spec.ts" name="describe 8 &gt; example test 19" time="0.000075041">
            <failure message="expected true to be false // Object.is equality" type="AssertionError">
AssertionError: expected true to be false // Object.is equality

- Expected
+ Received

- false
+ true

 ❯ src/everything.spec.ts:8:18
            </failure>
        </testcase>
        <testcase classname="src/everything.spec.ts" name="describe 8 &gt; example test 20" time="0.000018833">
        </testcase>
        <testcase classname="src/everything.spec.ts" name="describe 8 &gt; example test 21" time="0.000072041">
            <failure message="expected true to be false // Object.is equality" type="AssertionError">
AssertionError: expected true to be false // Object.is equality

- Expected
+ Received

- false
+ true

 ❯ src/everything.spec.ts:8:18
            </failure>
        </testcase>
        <testcase classname="src/everything.spec.ts" name="describe 8 &gt; example test 22" time="0.000017917">
        </testcase>
        <testcase classname="src/everything.spec.ts" name="describe 8 &gt; example test 23" time="0.000073125">
            <failure message="expected true to be false // Object.is equality" type="AssertionError">
AssertionError: expected true to be false // Object.is equality

- Expected
+ Received

- false
+ true

 ❯ src/everything.spec.ts:8:18
            </failure>
        </testcase>
        <testcase classname="src/everything.spec.ts" name="describe 8 &gt; example test 24" time="0.000018958">
        </testcase>
        <testcase classname="src/everything.spec.ts" name="describe 8 &gt; example test 25" time="0.000100375">
            <failure message="expected true to be false // Object.is equality" type="AssertionError">
AssertionError: expected true to be false // Object.is equality

- Expected
+ Received

- false
+ true

 ❯ src/everything.spec.ts:8:18
            </failure>
        </testcase>
        <testcase classname="src/everything.spec.ts" name="describe 8 &gt; example test 26" time="0.000019042">
        </testcase>
        <testcase classname="src/everything.spec.ts" name="describe 8 &gt; example test 27" time="0.000075">
            <failure message="expected true to be false // Object.is equality" type="AssertionError">
AssertionError: expected true to be false // Object.is equality

- Expected
+ Received

- false
+ true

 ❯ src/everything.spec.ts:8:18
            </failure>
        </testcase>
        <testcase classname="src/everything.spec.ts" name="describe 8 &gt; example test 28" time="0.0000185">
        </testcase>
        <testcase classname="src/everything.spec.ts" name="describe 8 &gt; example test 29" time="0.000089167">
            <failure message="expected true to be false // Object.is equality" type="AssertionError">
AssertionError: expected true to be false // Object.is equality

- Expected
+ Received

- false
+ true

 ❯ src/everything.spec.ts:8:18
            </failure>
        </testcase>
        <testcase classname="src/everything.spec.ts" name="describe 8 &gt; example test 30" time="0.000018791">
        </testcase>
        <testcase classname="src/everything.spec.ts" name="describe 8 &gt; example test 31" time="0.000075125">
            <failure message="expected true to be false // Object.is equality" type="AssertionError">
AssertionError: expected true to be false // Object.is equality

- Expected
+ Received

- false
+ true

 ❯ src/everything.spec.ts:8:18
            </failure>
        </testcase>
        <testcase classname="src/everything.spec.ts" name="describe 8 &gt; example test 32" time="0.000018209">
        </testcase>
        <testcase classname="src/everything.spec.ts" name="describe 8 &gt; example test 33" time="0.000072792">
            <failure message="expected true to be false // Object.is equality" type="AssertionError">
AssertionError: expected true to be false // Object.is equality

- Expected
+ Received

- false
+ true

 ❯ src/everything.spec.ts:8:18
            </failure>
        </testcase>
        <testcase classname="src/everything.spec.ts" name="describe 8 &gt; example test 34" time="0.000018375">
        </testcase>
        <testcase classname="src/everything.spec.ts" name="describe 8 &gt; example test 35" time="0.000073875">
            <failure message="expected true to be false // Object.is equality" type="AssertionError">
AssertionError: expected true to be false // Object.is equality

- Expected
+ Received

- false
+ true

 ❯ src/everything.spec.ts:8:18
            </failure>
        </testcase>
        <testcase classname="src/everything.spec.ts" name="describe 8 &gt; example test 36" time="0.000018209">
        </testcase>
        <testcase classname="src/everything.spec.ts" name="describe 8 &gt; example test 37" time="0.000073291">
            <failure message="expected true to be false // Object.is equality" type="AssertionError">
AssertionError: expected true to be false // Object.is equality

- Expected
+ Received

- false
+ true

 ❯ src/everything.spec.ts:8:18
            </failure>
        </testcase>
        <testcase classname="src/everything.spec.ts" name="describe 8 &gt; example test 38" time="0.000018209">
        </testcase>
        <testcase classname="src/everything.spec.ts" name="describe 8 &gt; example test 39" time="0.000074417">
            <failure message="expected true to be false // Object.is equality" type="AssertionError">
AssertionError: expected true to be false // Object.is equality

- Expected
+ Received

- false
+ true

 ❯ src/everything.spec.ts:8:18
            </failure>
        </testcase>
        <testcase classname="src/everything.spec.ts" name="describe 8 &gt; example test 40" time="0.00001775">
        </testcase>
        <testcase classname="src/everything.spec.ts" name="describe 8 &gt; example test 41" time="0.000091167">
            <failure message="expected true to be false // Object.is equality" type="AssertionError">
AssertionError: expected true to be false // Object.is equality

- Expected
+ Received

- false
+ true

 ❯ src/everything.spec.ts:8:18
            </failure>
        </testcase>
        <testcase classname="src/everything.spec.ts" name="describe 8 &gt; example test 42" time="0.000019">
        </testcase>
        <testcase classname="src/everything.spec.ts" name="describe 8 &gt; example test 43" time="0.000073292">
            <failure message="expected true to be false // Object.is equality" type="AssertionError">
AssertionError: expected true to be false // Object.is equality

- Expected
+ Received

- false
+ true

 ❯ src/everything.spec.ts:8:18
            </failure>
        </testcase>
        <testcase classname="src/everything.spec.ts" name="describe 8 &gt; example test 44" time="0.000017916">
        </testcase>
        <testcase classname="src/everything.spec.ts" name="describe 8 &gt; example test 45" time="0.000072542">
            <failure message="expected true to be false // Object.is equality" type="AssertionError">
AssertionError: expected true to be false // Object.is equality

- Expected
+ Received

- false
+ true

 ❯ src/everything.spec.ts:8:18
            </failure>
        </testcase>
        <testcase classname="src/everything.spec.ts" name="describe 8 &gt; example test 46" time="0.000018667">
        </testcase>
        <testcase classname="src/everything.spec.ts" name="describe 8 &gt; example test 47" time="0.000073">
            <failure message="expected true to be false // Object.is equality" type="AssertionError">
AssertionError: expected true to be false // Object.is equality

- Expected
+ Received

- false
+ true

 ❯ src/everything.spec.ts:8:18
            </failure>
        </testcase>
        <testcase classname="src/everything.spec.ts" name="describe 8 &gt; example test 48" time="0.000018083">
        </testcase>
        <testcase classname="src/everything.spec.ts" name="describe 8 &gt; example test 49" time="0.000081">
            <failure message="expected true to be false // Object.is equality" type="AssertionError">
AssertionError: expected true to be false // Object.is equality

- Expected
+ Received

- false
+ true

 ❯ src/everything.spec.ts:8:18
            </failure>
        </testcase>
        <testcase classname="src/everything.spec.ts" name="describe 8 &gt; example test 50" time="0.00001875">
        </testcase>
        <testcase classname="src/everything.spec.ts" name="describe 8 &gt; example test 51" time="0.000088542">
            <failure message="expected true to be false // Object.is equality" type="AssertionError">
AssertionError: expected true to be false // Object.is equality

- Expected
+ Received

- false
+ true

 ❯ src/everything.spec.ts:8:18
            </failure>
        </testcase>
        <testcase classname="src/everything.spec.ts" name="describe 8 &gt; example test 52" time="0.000017917">
        </testcase>
        <testcase classname="src/everything.spec.ts" name="describe 8 &gt; example test 53" time="0.000091916">
            <failure message="expected true to be false // Object.is equality" type="AssertionError">
AssertionError: expected true to be false // Object.is equality

- Expected
+ Received

- false
+ true

 ❯ src/everything.spec.ts:8:18
            </failure>
        </testcase>
        <testcase classname="src/everything.spec.ts" name="describe 8 &gt; example test 54" time="0.000019166">
        </testcase>
        <testcase classname="src/everything.spec.ts" name="describe 8 &gt; example test 55" time="0.00008525">
            <failure message="expected true to be false // Object.is equality" type="AssertionError">
AssertionError: expected true to be false // Object.is equality

- Expected
+ Received

- false
+ true

 ❯ src/everything.spec.ts:8:18
            </failure>
        </testcase>
        <testcase classname="src/everything.spec.ts" name="describe 8 &gt; example test 56" time="0.000017833">
        </testcase>
        <testcase classname="src/everything.spec.ts" name="describe 8 &gt; example test 57" time="0.000083167">
            <failure message="expected true to be false // Object.is equality" type="AssertionError">
AssertionError: expected true to be false // Object.is equality

- Expected
+ Received

- false
+ true

 ❯ src/everything.spec.ts:8:18
            </failure>
        </testcase>
        <testcase classname="src/everything.spec.ts" name="describe 8 &gt; example test 58" time="0.00001825">
        </testcase>
        <testcase classname="src/everything.spec.ts" name="describe 8 &gt; example test 59" time="0.00007425">
            <failure message="expected true to be false // Object.is equality" type="AssertionError">
AssertionError: expected true to be false // Object.is equality

- Expected
+ Received

- false
+ true

 ❯ src/everything.spec.ts:8:18
            </failure>
        </testcase>
        <testcase classname="src/everything.spec.ts" name="describe 8 &gt; example test 60" time="0.000019167">
        </testcase>
        <testcase classname="src/everything.spec.ts" name="describe 8 &gt; example test 61" time="0.000074875">
            <failure message="expected true to be false // Object.is equality" type="AssertionError">
AssertionError: expected true to be false // Object.is equality

- Expected
+ Received

- false
+ true

 ❯ src/everything.spec.ts:8:18
            </failure>
        </testcase>
        <testcase classname="src/everything.spec.ts" name="describe 8 &gt; example test 62" time="0.000058667">
        </testcase>
        <testcase classname="src/everything.spec.ts" name="describe 8 &gt; example test 63" time="0.001664458">
            <failure message="expected true to be false // Object.is equality" type="AssertionError">
AssertionError: expected true to be false // Object.is equality

- Expected
+ Received

- false
+ true

 ❯ src/everything.spec.ts:8:18
            </failure>
        </testcase>
        <testcase classname="src/everything.spec.ts" name="describe 8 &gt; example test 64" time="0.000033333">
        </testcase>
        <testcase classname="src/everything.spec.ts" name="describe 8 &gt; example test 65" time="0.000088833">
            <failure message="expected true to be false // Object.is equality" type="AssertionError">
AssertionError: expected true to be false // Object.is equality

- Expected
+ Received

- false
+ true

 ❯ src/everything.spec.ts:8:18
            </failure>
        </testcase>
        <testcase classname="src/everything.spec.ts" name="describe 8 &gt; example test 66" time="0.000022375">
        </testcase>
        <testcase classname="src/everything.spec.ts" name="describe 8 &gt; example test 67" time="0.000079792">
            <failure message="expected true to be false // Object.is equality" type="AssertionError">
AssertionError: expected true to be false // Object.is equality

- Expected
+ Received

- false
+ true

 ❯ src/everything.spec.ts:8:18
            </failure>
        </testcase>
        <testcase classname="src/everything.spec.ts" name="describe 8 &gt; example test 68" time="0.000025416">
        </testcase>
        <testcase classname="src/everything.spec.ts" name="describe 8 &gt; example test 69" time="0.000164458">
            <failure message="expected true to be false // Object.is equality" type="AssertionError">
AssertionError: expected true to be false // Object.is equality

- Expected
+ Received

- false
+ true

 ❯ src/everything.spec.ts:8:18
            </failure>
        </testcase>
        <testcase classname="src/everything.spec.ts" name="describe 8 &gt; example test 70" time="0.000039167">
        </testcase>
        <testcase classname="src/everything.spec.ts" name="describe 8 &gt; example test 71" time="0.000106334">
            <failure message="expected true to be false // Object.is equality" type="AssertionError">
AssertionError: expected true to be false // Object.is equality

- Expected
+ Received

- false
+ true

 ❯ src/everything.spec.ts:8:18
            </failure>
        </testcase>
        <testcase classname="src/everything.spec.ts" name="describe 8 &gt; example test 72" time="0.00002575">
        </testcase>
        <testcase classname="src/everything.spec.ts" name="describe 8 &gt; example test 73" time="0.000092083">
            <failure message="expected true to be false // Object.is equality" type="AssertionError">
AssertionError: expected true to be false // Object.is equality

- Expected
+ Received

- false
+ true

 ❯ src/everything.spec.ts:8:18
            </failure>
        </testcase>
        <testcase classname="src/everything.spec.ts" name="describe 8 &gt; example test 74" time="0.000022208">
        </testcase>
        <testcase classname="src/everything.spec.ts" name="describe 8 &gt; example test 75" time="0.000098125">
            <failure message="expected true to be false // Object.is equality" type="AssertionError">
AssertionError: expected true to be false // Object.is equality

- Expected
+ Received

- false
+ true

 ❯ src/everything.spec.ts:8:18
            </failure>
        </testcase>
        <testcase classname="src/everything.spec.ts" name="describe 8 &gt; example test 76" time="0.000032916">
        </testcase>
        <testcase classname="src/everything.spec.ts" name="describe 8 &gt; example test 77" time="0.000081417">
            <failure message="expected true to be false // Object.is equality" type="AssertionError">
AssertionError: expected true to be false // Object.is equality

- Expected
+ Received

- false
+ true

 ❯ src/everything.spec.ts:8:18
            </failure>
        </testcase>
        <testcase classname="src/everything.spec.ts" name="describe 8 &gt; example test 78" time="0.000020625">
        </testcase>
        <testcase classname="src/everything.spec.ts" name="describe 8 &gt; example test 79" time="0.000126833">
            <failure message="expected true to be false // Object.is equality" type="AssertionError">
AssertionError: expected true to be false // Object.is equality

- Expected
+ Received

- false
+ true

 ❯ src/everything.spec.ts:8:18
            </failure>
        </testcase>
        <testcase classname="src/everything.spec.ts" name="describe 8 &gt; example test 80" time="0.000034875">
        </testcase>
        <testcase classname="src/everything.spec.ts" name="describe 8 &gt; example test 81" time="0.000098083">
            <failure message="expected true to be false // Object.is equality" type="AssertionError">
AssertionError: expected true to be false // Object.is equality

- Expected
+ Received

- false
+ true

 ❯ src/everything.spec.ts:8:18
            </failure>
        </testcase>
        <testcase classname="src/everything.spec.ts" name="describe 8 &gt; example test 82" time="0.000023166">
        </testcase>
        <testcase classname="src/everything.spec.ts" name="describe 8 &gt; example test 83" time="0.000082875">
            <failure message="expected true to be false // Object.is equality" type="AssertionError">
AssertionError: expected true to be false // Object.is equality

- Expected
+ Received

- false
+ true

 ❯ src/everything.spec.ts:8:18
            </failure>
        </testcase>
        <testcase classname="src/everything.spec.ts" name="describe 8 &gt; example test 84" time="0.000021333">
        </testcase>
        <testcase classname="src/everything.spec.ts" name="describe 8 &gt; example test 85" time="0.000082791">
            <failure message="expected true to be false // Object.is equality" type="AssertionError">
AssertionError: expected true to be false // Object.is equality

- Expected
+ Received

- false
+ true

 ❯ src/everything.spec.ts:8:18
            </failure>
        </testcase>
        <testcase classname="src/everything.spec.ts" name="describe 8 &gt; example test 86" time="0.000019958">
        </testcase>
        <testcase classname="src/everything.spec.ts" name="describe 8 &gt; example test 87" time="0.000078166">
            <failure message="expected true to be false // Object.is equality" type="AssertionError">
AssertionError: expected true to be false // Object.is equality

- Expected
+ Received

- false
+ true

 ❯ src/everything.spec.ts:8:18
            </failure>
        </testcase>
        <testcase classname="src/everything.spec.ts" name="describe 8 &gt; example test 88" time="0.000021833">
        </testcase>
        <testcase classname="src/everything.spec.ts" name="describe 8 &gt; example test 89" time="0.000077209">
            <failure message="expected true to be false // Object.is equality" type="AssertionError">
AssertionError: expected true to be false // Object.is equality

- Expected
+ Received

- false
+ true

 ❯ src/everything.spec.ts:8:18
            </failure>
        </testcase>
        <testcase classname="src/everything.spec.ts" name="describe 8 &gt; example test 90" time="0.000019167">
        </testcase>
        <testcase classname="src/everything.spec.ts" name="describe 8 &gt; example test 91" time="0.000072375">
            <failure message="expected true to be false // Object.is equality" type="AssertionError">
AssertionError: expected true to be false // Object.is equality

- Expected
+ Received

- false
+ true

 ❯ src/everything.spec.ts:8:18
            </failure>
        </testcase>
        <testcase classname="src/everything.spec.ts" name="describe 8 &gt; example test 92" time="0.000020625">
        </testcase>
        <testcase classname="src/everything.spec.ts" name="describe 8 &gt; example test 93" time="0.000083458">
            <failure message="expected true to be false // Object.is equality" type="AssertionError">
AssertionError: expected true to be false // Object.is equality

- Expected
+ Received

- false
+ true

 ❯ src/everything.spec.ts:8:18
            </failure>
        </testcase>
        <testcase classname="src/everything.spec.ts" name="describe 8 &gt; example test 94" time="0.000018875">
        </testcase>
        <testcase classname="src/everything.spec.ts" name="describe 8 &gt; example test 95" time="0.000073292">
            <failure message="expected true to be false // Object.is equality" type="AssertionError">
AssertionError: expected true to be false // Object.is equality

- Expected
+ Received

- false
+ true

 ❯ src/everything.spec.ts:8:18
            </failure>
        </testcase>
        <testcase classname="src/everything.spec.ts" name="describe 8 &gt; example test 96" time="0.000018583">
        </testcase>
        <testcase classname="src/everything.spec.ts" name="describe 8 &gt; example test 97" time="0.000074083">
            <failure message="expected true to be false // Object.is equality" type="AssertionError">
AssertionError: expected true to be false // Object.is equality

- Expected
+ Received

- false
+ true

 ❯ src/everything.spec.ts:8:18
            </failure>
        </testcase>
        <testcase classname="src/everything.spec.ts" name="describe 8 &gt; example test 98" time="0.000018625">
        </testcase>
        <testcase classname="src/everything.spec.ts" name="describe 8 &gt; example test 99" time="0.000074167">
            <failure message="expected true to be false // Object.is equality" type="AssertionError">
AssertionError: expected true to be false // Object.is equality

- Expected
+ Received

- false
+ true

 ❯ src/everything.spec.ts:8:18
            </failure>
        </testcase>
        <testcase classname="src/everything.spec.ts" name="describe 8 &gt; example test 100" time="0.000019084">
        </testcase>
        <testcase classname="src/everything.spec.ts" name="describe 9 &gt; example test 1" time="0.000076208">
            <failure message="expected true to be false // Object.is equality" type="AssertionError">
AssertionError: expected true to be false // Object.is equality

- Expected
+ Received

- false
+ true

 ❯ src/everything.spec.ts:8:18
            </failure>
        </testcase>
        <testcase classname="src/everything.spec.ts" name="describe 9 &gt; example test 2" time="0.0000195">
        </testcase>
        <testcase classname="src/everything.spec.ts" name="describe 9 &gt; example test 3" time="0.000074208">
            <failure message="expected true to be false // Object.is equality" type="AssertionError">
AssertionError: expected true to be false // Object.is equality

- Expected
+ Received

- false
+ true

 ❯ src/everything.spec.ts:8:18
            </failure>
        </testcase>
        <testcase classname="src/everything.spec.ts" name="describe 9 &gt; example test 4" time="0.000020125">
        </testcase>
        <testcase classname="src/everything.spec.ts" name="describe 9 &gt; example test 5" time="0.0000725">
            <failure message="expected true to be false // Object.is equality" type="AssertionError">
AssertionError: expected true to be false // Object.is equality

- Expected
+ Received

- false
+ true

 ❯ src/everything.spec.ts:8:18
            </failure>
        </testcase>
        <testcase classname="src/everything.spec.ts" name="describe 9 &gt; example test 6" time="0.000020917">
        </testcase>
        <testcase classname="src/everything.spec.ts" name="describe 9 &gt; example test 7" time="0.00007575">
            <failure message="expected true to be false // Object.is equality" type="AssertionError">
AssertionError: expected true to be false // Object.is equality

- Expected
+ Received

- false
+ true

 ❯ src/everything.spec.ts:8:18
            </failure>
        </testcase>
        <testcase classname="src/everything.spec.ts" name="describe 9 &gt; example test 8" time="0.000020916">
        </testcase>
        <testcase classname="src/everything.spec.ts" name="describe 9 &gt; example test 9" time="0.000073">
            <failure message="expected true to be false // Object.is equality" type="AssertionError">
AssertionError: expected true to be false // Object.is equality

- Expected
+ Received

- false
+ true

 ❯ src/everything.spec.ts:8:18
            </failure>
        </testcase>
        <testcase classname="src/everything.spec.ts" name="describe 9 &gt; example test 10" time="0.000018459">
        </testcase>
        <testcase classname="src/everything.spec.ts" name="describe 9 &gt; example test 11" time="0.000071584">
            <failure message="expected true to be false // Object.is equality" type="AssertionError">
AssertionError: expected true to be false // Object.is equality

- Expected
+ Received

- false
+ true

 ❯ src/everything.spec.ts:8:18
            </failure>
        </testcase>
        <testcase classname="src/everything.spec.ts" name="describe 9 &gt; example test 12" time="0.000020416">
        </testcase>
        <testcase classname="src/everything.spec.ts" name="describe 9 &gt; example test 13" time="0.000071125">
            <failure message="expected true to be false // Object.is equality" type="AssertionError">
AssertionError: expected true to be false // Object.is equality

- Expected
+ Received

- false
+ true

 ❯ src/everything.spec.ts:8:18
            </failure>
        </testcase>
        <testcase classname="src/everything.spec.ts" name="describe 9 &gt; example test 14" time="0.000020041">
        </testcase>
        <testcase classname="src/everything.spec.ts" name="describe 9 &gt; example test 15" time="0.00007125">
            <failure message="expected true to be false // Object.is equality" type="AssertionError">
AssertionError: expected true to be false // Object.is equality

- Expected
+ Received

- false
+ true

 ❯ src/everything.spec.ts:8:18
            </failure>
        </testcase>
        <testcase classname="src/everything.spec.ts" name="describe 9 &gt; example test 16" time="0.000020708">
        </testcase>
        <testcase classname="src/everything.spec.ts" name="describe 9 &gt; example test 17" time="0.000075042">
            <failure message="expected true to be false // Object.is equality" type="AssertionError">
AssertionError: expected true to be false // Object.is equality

- Expected
+ Received

- false
+ true

 ❯ src/everything.spec.ts:8:18
            </failure>
        </testcase>
        <testcase classname="src/everything.spec.ts" name="describe 9 &gt; example test 18" time="0.0000225">
        </testcase>
        <testcase classname="src/everything.spec.ts" name="describe 9 &gt; example test 19" time="0.000073542">
            <failure message="expected true to be false // Object.is equality" type="AssertionError">
AssertionError: expected true to be false // Object.is equality

- Expected
+ Received

- false
+ true

 ❯ src/everything.spec.ts:8:18
            </failure>
        </testcase>
        <testcase classname="src/everything.spec.ts" name="describe 9 &gt; example test 20" time="0.000018458">
        </testcase>
        <testcase classname="src/everything.spec.ts" name="describe 9 &gt; example test 21" time="0.000072583">
            <failure message="expected true to be false // Object.is equality" type="AssertionError">
AssertionError: expected true to be false // Object.is equality

- Expected
+ Received

- false
+ true

 ❯ src/everything.spec.ts:8:18
            </failure>
        </testcase>
        <testcase classname="src/everything.spec.ts" name="describe 9 &gt; example test 22" time="0.000021125">
        </testcase>
        <testcase classname="src/everything.spec.ts" name="describe 9 &gt; example test 23" time="0.000071291">
            <failure message="expected true to be false // Object.is equality" type="AssertionError">
AssertionError: expected true to be false // Object.is equality

- Expected
+ Received

- false
+ true

 ❯ src/everything.spec.ts:8:18
            </failure>
        </testcase>
        <testcase classname="src/everything.spec.ts" name="describe 9 &gt; example test 24" time="0.000021875">
        </testcase>
        <testcase classname="src/everything.spec.ts" name="describe 9 &gt; example test 25" time="0.000074042">
            <failure message="expected true to be false // Object.is equality" type="AssertionError">
AssertionError: expected true to be false // Object.is equality

- Expected
+ Received

- false
+ true

 ❯ src/everything.spec.ts:8:18
            </failure>
        </testcase>
        <testcase classname="src/everything.spec.ts" name="describe 9 &gt; example test 26" time="0.0000215">
        </testcase>
        <testcase classname="src/everything.spec.ts" name="describe 9 &gt; example test 27" time="0.000070125">
            <failure message="expected true to be false // Object.is equality" type="AssertionError">
AssertionError: expected true to be false // Object.is equality

- Expected
+ Received

- false
+ true

 ❯ src/everything.spec.ts:8:18
            </failure>
        </testcase>
        <testcase classname="src/everything.spec.ts" name="describe 9 &gt; example test 28" time="0.000018125">
        </testcase>
        <testcase classname="src/everything.spec.ts" name="describe 9 &gt; example test 29" time="0.000072584">
            <failure message="expected true to be false // Object.is equality" type="AssertionError">
AssertionError: expected true to be false // Object.is equality

- Expected
+ Received

- false
+ true

 ❯ src/everything.spec.ts:8:18
            </failure>
        </testcase>
        <testcase classname="src/everything.spec.ts" name="describe 9 &gt; example test 30" time="0.000019458">
        </testcase>
        <testcase classname="src/everything.spec.ts" name="describe 9 &gt; example test 31" time="0.000070292">
            <failure message="expected true to be false // Object.is equality" type="AssertionError">
AssertionError: expected true to be false // Object.is equality

- Expected
+ Received

- false
+ true

 ❯ src/everything.spec.ts:8:18
            </failure>
        </testcase>
        <testcase classname="src/everything.spec.ts" name="describe 9 &gt; example test 32" time="0.00001825">
        </testcase>
        <testcase classname="src/everything.spec.ts" name="describe 9 &gt; example test 33" time="0.000072458">
            <failure message="expected true to be false // Object.is equality" type="AssertionError">
AssertionError: expected true to be false // Object.is equality

- Expected
+ Received

- false
+ true

 ❯ src/everything.spec.ts:8:18
            </failure>
        </testcase>
        <testcase classname="src/everything.spec.ts" name="describe 9 &gt; example test 34" time="0.000018125">
        </testcase>
        <testcase classname="src/everything.spec.ts" name="describe 9 &gt; example test 35" time="0.000070667">
            <failure message="expected true to be false // Object.is equality" type="AssertionError">
AssertionError: expected true to be false // Object.is equality

- Expected
+ Received

- false
+ true

 ❯ src/everything.spec.ts:8:18
            </failure>
        </testcase>
        <testcase classname="src/everything.spec.ts" name="describe 9 &gt; example test 36" time="0.000019">
        </testcase>
        <testcase classname="src/everything.spec.ts" name="describe 9 &gt; example test 37" time="0.000071292">
            <failure message="expected true to be false // Object.is equality" type="AssertionError">
AssertionError: expected true to be false // Object.is equality

- Expected
+ Received

- false
+ true

 ❯ src/everything.spec.ts:8:18
            </failure>
        </testcase>
        <testcase classname="src/everything.spec.ts" name="describe 9 &gt; example test 38" time="0.000018583">
        </testcase>
        <testcase classname="src/everything.spec.ts" name="describe 9 &gt; example test 39" time="0.000072958">
            <failure message="expected true to be false // Object.is equality" type="AssertionError">
AssertionError: expected true to be false // Object.is equality

- Expected
+ Received

- false
+ true

 ❯ src/everything.spec.ts:8:18
            </failure>
        </testcase>
        <testcase classname="src/everything.spec.ts" name="describe 9 &gt; example test 40" time="0.00001875">
        </testcase>
        <testcase classname="src/everything.spec.ts" name="describe 9 &gt; example test 41" time="0.000071041">
            <failure message="expected true to be false // Object.is equality" type="AssertionError">
AssertionError: expected true to be false // Object.is equality

- Expected
+ Received

- false
+ true

 ❯ src/everything.spec.ts:8:18
            </failure>
        </testcase>
        <testcase classname="src/everything.spec.ts" name="describe 9 &gt; example test 42" time="0.00001875">
        </testcase>
        <testcase classname="src/everything.spec.ts" name="describe 9 &gt; example test 43" time="0.000107458">
            <failure message="expected true to be false // Object.is equality" type="AssertionError">
AssertionError: expected true to be false // Object.is equality

- Expected
+ Received

- false
+ true

 ❯ src/everything.spec.ts:8:18
            </failure>
        </testcase>
        <testcase classname="src/everything.spec.ts" name="describe 9 &gt; example test 44" time="0.000021167">
        </testcase>
        <testcase classname="src/everything.spec.ts" name="describe 9 &gt; example test 45" time="0.000074042">
            <failure message="expected true to be false // Object.is equality" type="AssertionError">
AssertionError: expected true to be false // Object.is equality

- Expected
+ Received

- false
+ true

 ❯ src/everything.spec.ts:8:18
            </failure>
        </testcase>
        <testcase classname="src/everything.spec.ts" name="describe 9 &gt; example test 46" time="0.000019792">
        </testcase>
        <testcase classname="src/everything.spec.ts" name="describe 9 &gt; example test 47" time="0.000070458">
            <failure message="expected true to be false // Object.is equality" type="AssertionError">
AssertionError: expected true to be false // Object.is equality

- Expected
+ Received

- false
+ true

 ❯ src/everything.spec.ts:8:18
            </failure>
        </testcase>
        <testcase classname="src/everything.spec.ts" name="describe 9 &gt; example test 48" time="0.000017625">
        </testcase>
        <testcase classname="src/everything.spec.ts" name="describe 9 &gt; example test 49" time="0.000071292">
            <failure message="expected true to be false // Object.is equality" type="AssertionError">
AssertionError: expected true to be false // Object.is equality

- Expected
+ Received

- false
+ true

 ❯ src/everything.spec.ts:8:18
            </failure>
        </testcase>
        <testcase classname="src/everything.spec.ts" name="describe 9 &gt; example test 50" time="0.000018042">
        </testcase>
        <testcase classname="src/everything.spec.ts" name="describe 9 &gt; example test 51" time="0.000070125">
            <failure message="expected true to be false // Object.is equality" type="AssertionError">
AssertionError: expected true to be false // Object.is equality

- Expected
+ Received

- false
+ true

 ❯ src/everything.spec.ts:8:18
            </failure>
        </testcase>
        <testcase classname="src/everything.spec.ts" name="describe 9 &gt; example test 52" time="0.000020709">
        </testcase>
        <testcase classname="src/everything.spec.ts" name="describe 9 &gt; example test 53" time="0.000071125">
            <failure message="expected true to be false // Object.is equality" type="AssertionError">
AssertionError: expected true to be false // Object.is equality

- Expected
+ Received

- false
+ true

 ❯ src/everything.spec.ts:8:18
            </failure>
        </testcase>
        <testcase classname="src/everything.spec.ts" name="describe 9 &gt; example test 54" time="0.000017458">
        </testcase>
        <testcase classname="src/everything.spec.ts" name="describe 9 &gt; example test 55" time="0.000070166">
            <failure message="expected true to be false // Object.is equality" type="AssertionError">
AssertionError: expected true to be false // Object.is equality

- Expected
+ Received

- false
+ true

 ❯ src/everything.spec.ts:8:18
            </failure>
        </testcase>
        <testcase classname="src/everything.spec.ts" name="describe 9 &gt; example test 56" time="0.000018834">
        </testcase>
        <testcase classname="src/everything.spec.ts" name="describe 9 &gt; example test 57" time="0.000072042">
            <failure message="expected true to be false // Object.is equality" type="AssertionError">
AssertionError: expected true to be false // Object.is equality

- Expected
+ Received

- false
+ true

 ❯ src/everything.spec.ts:8:18
            </failure>
        </testcase>
        <testcase classname="src/everything.spec.ts" name="describe 9 &gt; example test 58" time="0.000017208">
        </testcase>
        <testcase classname="src/everything.spec.ts" name="describe 9 &gt; example test 59" time="0.000067291">
            <failure message="expected true to be false // Object.is equality" type="AssertionError">
AssertionError: expected true to be false // Object.is equality

- Expected
+ Received

- false
+ true

 ❯ src/everything.spec.ts:8:18
            </failure>
        </testcase>
        <testcase classname="src/everything.spec.ts" name="describe 9 &gt; example test 60" time="0.000036208">
        </testcase>
        <testcase classname="src/everything.spec.ts" name="describe 9 &gt; example test 61" time="0.000074583">
            <failure message="expected true to be false // Object.is equality" type="AssertionError">
AssertionError: expected true to be false // Object.is equality

- Expected
+ Received

- false
+ true

 ❯ src/everything.spec.ts:8:18
            </failure>
        </testcase>
        <testcase classname="src/everything.spec.ts" name="describe 9 &gt; example test 62" time="0.000018208">
        </testcase>
        <testcase classname="src/everything.spec.ts" name="describe 9 &gt; example test 63" time="0.000077167">
            <failure message="expected true to be false // Object.is equality" type="AssertionError">
AssertionError: expected true to be false // Object.is equality

- Expected
+ Received

- false
+ true

 ❯ src/everything.spec.ts:8:18
            </failure>
        </testcase>
        <testcase classname="src/everything.spec.ts" name="describe 9 &gt; example test 64" time="0.000020792">
        </testcase>
        <testcase classname="src/everything.spec.ts" name="describe 9 &gt; example test 65" time="0.000068917">
            <failure message="expected true to be false // Object.is equality" type="AssertionError">
AssertionError: expected true to be false // Object.is equality

- Expected
+ Received

- false
+ true

 ❯ src/everything.spec.ts:8:18
            </failure>
        </testcase>
        <testcase classname="src/everything.spec.ts" name="describe 9 &gt; example test 66" time="0.000017125">
        </testcase>
        <testcase classname="src/everything.spec.ts" name="describe 9 &gt; example test 67" time="0.000070541">
            <failure message="expected true to be false // Object.is equality" type="AssertionError">
AssertionError: expected true to be false // Object.is equality

- Expected
+ Received

- false
+ true

 ❯ src/everything.spec.ts:8:18
            </failure>
        </testcase>
        <testcase classname="src/everything.spec.ts" name="describe 9 &gt; example test 68" time="0.000020875">
        </testcase>
        <testcase classname="src/everything.spec.ts" name="describe 9 &gt; example test 69" time="0.000066667">
            <failure message="expected true to be false // Object.is equality" type="AssertionError">
AssertionError: expected true to be false // Object.is equality

- Expected
+ Received

- false
+ true

 ❯ src/everything.spec.ts:8:18
            </failure>
        </testcase>
        <testcase classname="src/everything.spec.ts" name="describe 9 &gt; example test 70" time="0.000017208">
        </testcase>
        <testcase classname="src/everything.spec.ts" name="describe 9 &gt; example test 71" time="0.000070708">
            <failure message="expected true to be false // Object.is equality" type="AssertionError">
AssertionError: expected true to be false // Object.is equality

- Expected
+ Received

- false
+ true

 ❯ src/everything.spec.ts:8:18
            </failure>
        </testcase>
        <testcase classname="src/everything.spec.ts" name="describe 9 &gt; example test 72" time="0.000017083">
        </testcase>
        <testcase classname="src/everything.spec.ts" name="describe 9 &gt; example test 73" time="0.000067666">
            <failure message="expected true to be false // Object.is equality" type="AssertionError">
AssertionError: expected true to be false // Object.is equality

- Expected
+ Received

- false
+ true

 ❯ src/everything.spec.ts:8:18
            </failure>
        </testcase>
        <testcase classname="src/everything.spec.ts" name="describe 9 &gt; example test 74" time="0.000017625">
        </testcase>
        <testcase classname="src/everything.spec.ts" name="describe 9 &gt; example test 75" time="0.0000675">
            <failure message="expected true to be false // Object.is equality" type="AssertionError">
AssertionError: expected true to be false // Object.is equality

- Expected
+ Received

- false
+ true

 ❯ src/everything.spec.ts:8:18
            </failure>
        </testcase>
        <testcase classname="src/everything.spec.ts" name="describe 9 &gt; example test 76" time="0.000020417">
        </testcase>
        <testcase classname="src/everything.spec.ts" name="describe 9 &gt; example test 77" time="0.000067417">
            <failure message="expected true to be false // Object.is equality" type="AssertionError">
AssertionError: expected true to be false // Object.is equality

- Expected
+ Received

- false
+ true

 ❯ src/everything.spec.ts:8:18
            </failure>
        </testcase>
        <testcase classname="src/everything.spec.ts" name="describe 9 &gt; example test 78" time="0.000017542">
        </testcase>
        <testcase classname="src/everything.spec.ts" name="describe 9 &gt; example test 79" time="0.000071625">
            <failure message="expected true to be false // Object.is equality" type="AssertionError">
AssertionError: expected true to be false // Object.is equality

- Expected
+ Received

- false
+ true

 ❯ src/everything.spec.ts:8:18
            </failure>
        </testcase>
        <testcase classname="src/everything.spec.ts" name="describe 9 &gt; example test 80" time="0.00001725">
        </testcase>
        <testcase classname="src/everything.spec.ts" name="describe 9 &gt; example test 81" time="0.000067291">
            <failure message="expected true to be false // Object.is equality" type="AssertionError">
AssertionError: expected true to be false // Object.is equality

- Expected
+ Received

- false
+ true

 ❯ src/everything.spec.ts:8:18
            </failure>
        </testcase>
        <testcase classname="src/everything.spec.ts" name="describe 9 &gt; example test 82" time="0.000020417">
        </testcase>
        <testcase classname="src/everything.spec.ts" name="describe 9 &gt; example test 83" time="0.000070125">
            <failure message="expected true to be false // Object.is equality" type="AssertionError">
AssertionError: expected true to be false // Object.is equality

- Expected
+ Received

- false
+ true

 ❯ src/everything.spec.ts:8:18
            </failure>
        </testcase>
        <testcase classname="src/everything.spec.ts" name="describe 9 &gt; example test 84" time="0.000017125">
        </testcase>
        <testcase classname="src/everything.spec.ts" name="describe 9 &gt; example test 85" time="0.0000695">
            <failure message="expected true to be false // Object.is equality" type="AssertionError">
AssertionError: expected true to be false // Object.is equality

- Expected
+ Received

- false
+ true

 ❯ src/everything.spec.ts:8:18
            </failure>
        </testcase>
        <testcase classname="src/everything.spec.ts" name="describe 9 &gt; example test 86" time="0.000017208">
        </testcase>
        <testcase classname="src/everything.spec.ts" name="describe 9 &gt; example test 87" time="0.000071625">
            <failure message="expected true to be false // Object.is equality" type="AssertionError">
AssertionError: expected true to be false // Object.is equality

- Expected
+ Received

- false
+ true

 ❯ src/everything.spec.ts:8:18
            </failure>
        </testcase>
        <testcase classname="src/everything.spec.ts" name="describe 9 &gt; example test 88" time="0.000017083">
        </testcase>
        <testcase classname="src/everything.spec.ts" name="describe 9 &gt; example test 89" time="0.000067291">
            <failure message="expected true to be false // Object.is equality" type="AssertionError">
AssertionError: expected true to be false // Object.is equality

- Expected
+ Received

- false
+ true

 ❯ src/everything.spec.ts:8:18
            </failure>
        </testcase>
        <testcase classname="src/everything.spec.ts" name="describe 9 &gt; example test 90" time="0.000018">
        </testcase>
        <testcase classname="src/everything.spec.ts" name="describe 9 &gt; example test 91" time="0.000068791">
            <failure message="expected true to be false // Object.is equality" type="AssertionError">
AssertionError: expected true to be false // Object.is equality

- Expected
+ Received

- false
+ true

 ❯ src/everything.spec.ts:8:18
            </failure>
        </testcase>
        <testcase classname="src/everything.spec.ts" name="describe 9 &gt; example test 92" time="0.000018042">
        </testcase>
        <testcase classname="src/everything.spec.ts" name="describe 9 &gt; example test 93" time="0.000080375">
            <failure message="expected true to be false // Object.is equality" type="AssertionError">
AssertionError: expected true to be false // Object.is equality

- Expected
+ Received

- false
+ true

 ❯ src/everything.spec.ts:8:18
            </failure>
        </testcase>
        <testcase classname="src/everything.spec.ts" name="describe 9 &gt; example test 94" time="0.000018416">
        </testcase>
        <testcase classname="src/everything.spec.ts" name="describe 9 &gt; example test 95" time="0.000073333">
            <failure message="expected true to be false // Object.is equality" type="AssertionError">
AssertionError: expected true to be false // Object.is equality

- Expected
+ Received

- false
+ true

 ❯ src/everything.spec.ts:8:18
            </failure>
        </testcase>
        <testcase classname="src/everything.spec.ts" name="describe 9 &gt; example test 96" time="0.000018292">
        </testcase>
        <testcase classname="src/everything.spec.ts" name="describe 9 &gt; example test 97" time="0.000068958">
            <failure message="expected true to be false // Object.is equality" type="AssertionError">
AssertionError: expected true to be false // Object.is equality

- Expected
+ Received

- false
+ true

 ❯ src/everything.spec.ts:8:18
            </failure>
        </testcase>
        <testcase classname="src/everything.spec.ts" name="describe 9 &gt; example test 98" time="0.00001775">
        </testcase>
        <testcase classname="src/everything.spec.ts" name="describe 9 &gt; example test 99" time="0.000073792">
            <failure message="expected true to be false // Object.is equality" type="AssertionError">
AssertionError: expected true to be false // Object.is equality

- Expected
+ Received

- false
+ true

 ❯ src/everything.spec.ts:8:18
            </failure>
        </testcase>
        <testcase classname="src/everything.spec.ts" name="describe 9 &gt; example test 100" time="0.000018292">
        </testcase>
        <testcase classname="src/everything.spec.ts" name="describe 10 &gt; example test 1" time="0.00007725">
            <failure message="expected true to be false // Object.is equality" type="AssertionError">
AssertionError: expected true to be false // Object.is equality

- Expected
+ Received

- false
+ true

 ❯ src/everything.spec.ts:8:18
            </failure>
        </testcase>
        <testcase classname="src/everything.spec.ts" name="describe 10 &gt; example test 2" time="0.000019875">
        </testcase>
        <testcase classname="src/everything.spec.ts" name="describe 10 &gt; example test 3" time="0.000075208">
            <failure message="expected true to be false // Object.is equality" type="AssertionError">
AssertionError: expected true to be false // Object.is equality

- Expected
+ Received

- false
+ true

 ❯ src/everything.spec.ts:8:18
            </failure>
        </testcase>
        <testcase classname="src/everything.spec.ts" name="describe 10 &gt; example test 4" time="0.000018584">
        </testcase>
        <testcase classname="src/everything.spec.ts" name="describe 10 &gt; example test 5" time="0.000097041">
            <failure message="expected true to be false // Object.is equality" type="AssertionError">
AssertionError: expected true to be false // Object.is equality

- Expected
+ Received

- false
+ true

 ❯ src/everything.spec.ts:8:18
            </failure>
        </testcase>
        <testcase classname="src/everything.spec.ts" name="describe 10 &gt; example test 6" time="0.000021792">
        </testcase>
        <testcase classname="src/everything.spec.ts" name="describe 10 &gt; example test 7" time="0.00008025">
            <failure message="expected true to be false // Object.is equality" type="AssertionError">
AssertionError: expected true to be false // Object.is equality

- Expected
+ Received

- false
+ true

 ❯ src/everything.spec.ts:8:18
            </failure>
        </testcase>
        <testcase classname="src/everything.spec.ts" name="describe 10 &gt; example test 8" time="0.000019042">
        </testcase>
        <testcase classname="src/everything.spec.ts" name="describe 10 &gt; example test 9" time="0.000073709">
            <failure message="expected true to be false // Object.is equality" type="AssertionError">
AssertionError: expected true to be false // Object.is equality

- Expected
+ Received

- false
+ true

 ❯ src/everything.spec.ts:8:18
            </failure>
        </testcase>
        <testcase classname="src/everything.spec.ts" name="describe 10 &gt; example test 10" time="0.000018208">
        </testcase>
        <testcase classname="src/everything.spec.ts" name="describe 10 &gt; example test 11" time="0.000081667">
            <failure message="expected true to be false // Object.is equality" type="AssertionError">
AssertionError: expected true to be false // Object.is equality

- Expected
+ Received

- false
+ true

 ❯ src/everything.spec.ts:8:18
            </failure>
        </testcase>
        <testcase classname="src/everything.spec.ts" name="describe 10 &gt; example test 12" time="0.000018042">
        </testcase>
        <testcase classname="src/everything.spec.ts" name="describe 10 &gt; example test 13" time="0.000072541">
            <failure message="expected true to be false // Object.is equality" type="AssertionError">
AssertionError: expected true to be false // Object.is equality

- Expected
+ Received

- false
+ true

 ❯ src/everything.spec.ts:8:18
            </failure>
        </testcase>
        <testcase classname="src/everything.spec.ts" name="describe 10 &gt; example test 14" time="0.000018042">
        </testcase>
        <testcase classname="src/everything.spec.ts" name="describe 10 &gt; example test 15" time="0.000067875">
            <failure message="expected true to be false // Object.is equality" type="AssertionError">
AssertionError: expected true to be false // Object.is equality

- Expected
+ Received

- false
+ true

 ❯ src/everything.spec.ts:8:18
            </failure>
        </testcase>
        <testcase classname="src/everything.spec.ts" name="describe 10 &gt; example test 16" time="0.000020458">
        </testcase>
        <testcase classname="src/everything.spec.ts" name="describe 10 &gt; example test 17" time="0.000072">
            <failure message="expected true to be false // Object.is equality" type="AssertionError">
AssertionError: expected true to be false // Object.is equality

- Expected
+ Received

- false
+ true

 ❯ src/everything.spec.ts:8:18
            </failure>
        </testcase>
        <testcase classname="src/everything.spec.ts" name="describe 10 &gt; example test 18" time="0.000017791">
        </testcase>
        <testcase classname="src/everything.spec.ts" name="describe 10 &gt; example test 19" time="0.000069208">
            <failure message="expected true to be false // Object.is equality" type="AssertionError">
AssertionError: expected true to be false // Object.is equality

- Expected
+ Received

- false
+ true

 ❯ src/everything.spec.ts:8:18
            </failure>
        </testcase>
        <testcase classname="src/everything.spec.ts" name="describe 10 &gt; example test 20" time="0.0000175">
        </testcase>
        <testcase classname="src/everything.spec.ts" name="describe 10 &gt; example test 21" time="0.000069458">
            <failure message="expected true to be false // Object.is equality" type="AssertionError">
AssertionError: expected true to be false // Object.is equality

- Expected
+ Received

- false
+ true

 ❯ src/everything.spec.ts:8:18
            </failure>
        </testcase>
        <testcase classname="src/everything.spec.ts" name="describe 10 &gt; example test 22" time="0.000017667">
        </testcase>
        <testcase classname="src/everything.spec.ts" name="describe 10 &gt; example test 23" time="0.000068042">
            <failure message="expected true to be false // Object.is equality" type="AssertionError">
AssertionError: expected true to be false // Object.is equality

- Expected
+ Received

- false
+ true

 ❯ src/everything.spec.ts:8:18
            </failure>
        </testcase>
        <testcase classname="src/everything.spec.ts" name="describe 10 &gt; example test 24" time="0.000017583">
        </testcase>
        <testcase classname="src/everything.spec.ts" name="describe 10 &gt; example test 25" time="0.000070042">
            <failure message="expected true to be false // Object.is equality" type="AssertionError">
AssertionError: expected true to be false // Object.is equality

- Expected
+ Received

- false
+ true

 ❯ src/everything.spec.ts:8:18
            </failure>
        </testcase>
        <testcase classname="src/everything.spec.ts" name="describe 10 &gt; example test 26" time="0.00001775">
        </testcase>
        <testcase classname="src/everything.spec.ts" name="describe 10 &gt; example test 27" time="0.000067583">
            <failure message="expected true to be false // Object.is equality" type="AssertionError">
AssertionError: expected true to be false // Object.is equality

- Expected
+ Received

- false
+ true

 ❯ src/everything.spec.ts:8:18
            </failure>
        </testcase>
        <testcase classname="src/everything.spec.ts" name="describe 10 &gt; example test 28" time="0.000017458">
        </testcase>
        <testcase classname="src/everything.spec.ts" name="describe 10 &gt; example test 29" time="0.000069375">
            <failure message="expected true to be false // Object.is equality" type="AssertionError">
AssertionError: expected true to be false // Object.is equality

- Expected
+ Received

- false
+ true

 ❯ src/everything.spec.ts:8:18
            </failure>
        </testcase>
        <testcase classname="src/everything.spec.ts" name="describe 10 &gt; example test 30" time="0.000019916">
        </testcase>
        <testcase classname="src/everything.spec.ts" name="describe 10 &gt; example test 31" time="0.000073583">
            <failure message="expected true to be false // Object.is equality" type="AssertionError">
AssertionError: expected true to be false // Object.is equality

- Expected
+ Received

- false
+ true

 ❯ src/everything.spec.ts:8:18
            </failure>
        </testcase>
        <testcase classname="src/everything.spec.ts" name="describe 10 &gt; example test 32" time="0.000017584">
        </testcase>
        <testcase classname="src/everything.spec.ts" name="describe 10 &gt; example test 33" time="0.000068833">
            <failure message="expected true to be false // Object.is equality" type="AssertionError">
AssertionError: expected true to be false // Object.is equality

- Expected
+ Received

- false
+ true

 ❯ src/everything.spec.ts:8:18
            </failure>
        </testcase>
        <testcase classname="src/everything.spec.ts" name="describe 10 &gt; example test 34" time="0.000017375">
        </testcase>
        <testcase classname="src/everything.spec.ts" name="describe 10 &gt; example test 35" time="0.000069709">
            <failure message="expected true to be false // Object.is equality" type="AssertionError">
AssertionError: expected true to be false // Object.is equality

- Expected
+ Received

- false
+ true

 ❯ src/everything.spec.ts:8:18
            </failure>
        </testcase>
        <testcase classname="src/everything.spec.ts" name="describe 10 &gt; example test 36" time="0.000017708">
        </testcase>
        <testcase classname="src/everything.spec.ts" name="describe 10 &gt; example test 37" time="0.000069125">
            <failure message="expected true to be false // Object.is equality" type="AssertionError">
AssertionError: expected true to be false // Object.is equality

- Expected
+ Received

- false
+ true

 ❯ src/everything.spec.ts:8:18
            </failure>
        </testcase>
        <testcase classname="src/everything.spec.ts" name="describe 10 &gt; example test 38" time="0.000017667">
        </testcase>
        <testcase classname="src/everything.spec.ts" name="describe 10 &gt; example test 39" time="0.000070041">
            <failure message="expected true to be false // Object.is equality" type="AssertionError">
AssertionError: expected true to be false // Object.is equality

- Expected
+ Received

- false
+ true

 ❯ src/everything.spec.ts:8:18
            </failure>
        </testcase>
        <testcase classname="src/everything.spec.ts" name="describe 10 &gt; example test 40" time="0.000018291">
        </testcase>
        <testcase classname="src/everything.spec.ts" name="describe 10 &gt; example test 41" time="0.000067584">
            <failure message="expected true to be false // Object.is equality" type="AssertionError">
AssertionError: expected true to be false // Object.is equality

- Expected
+ Received

- false
+ true

 ❯ src/everything.spec.ts:8:18
            </failure>
        </testcase>
        <testcase classname="src/everything.spec.ts" name="describe 10 &gt; example test 42" time="0.000017292">
        </testcase>
        <testcase classname="src/everything.spec.ts" name="describe 10 &gt; example test 43" time="0.000067833">
            <failure message="expected true to be false // Object.is equality" type="AssertionError">
AssertionError: expected true to be false // Object.is equality

- Expected
+ Received

- false
+ true

 ❯ src/everything.spec.ts:8:18
            </failure>
        </testcase>
        <testcase classname="src/everything.spec.ts" name="describe 10 &gt; example test 44" time="0.000018375">
        </testcase>
        <testcase classname="src/everything.spec.ts" name="describe 10 &gt; example test 45" time="0.0000675">
            <failure message="expected true to be false // Object.is equality" type="AssertionError">
AssertionError: expected true to be false // Object.is equality

- Expected
+ Received

- false
+ true

 ❯ src/everything.spec.ts:8:18
            </failure>
        </testcase>
        <testcase classname="src/everything.spec.ts" name="describe 10 &gt; example test 46" time="0.000017292">
        </testcase>
        <testcase classname="src/everything.spec.ts" name="describe 10 &gt; example test 47" time="0.000069625">
            <failure message="expected true to be false // Object.is equality" type="AssertionError">
AssertionError: expected true to be false // Object.is equality

- Expected
+ Received

- false
+ true

 ❯ src/everything.spec.ts:8:18
            </failure>
        </testcase>
        <testcase classname="src/everything.spec.ts" name="describe 10 &gt; example test 48" time="0.000017625">
        </testcase>
        <testcase classname="src/everything.spec.ts" name="describe 10 &gt; example test 49" time="0.00006925">
            <failure message="expected true to be false // Object.is equality" type="AssertionError">
AssertionError: expected true to be false // Object.is equality

- Expected
+ Received

- false
+ true

 ❯ src/everything.spec.ts:8:18
            </failure>
        </testcase>
        <testcase classname="src/everything.spec.ts" name="describe 10 &gt; example test 50" time="0.0000175">
        </testcase>
        <testcase classname="src/everything.spec.ts" name="describe 10 &gt; example test 51" time="0.001034292">
            <failure message="expected true to be false // Object.is equality" type="AssertionError">
AssertionError: expected true to be false // Object.is equality

- Expected
+ Received

- false
+ true

 ❯ src/everything.spec.ts:8:18
            </failure>
        </testcase>
        <testcase classname="src/everything.spec.ts" name="describe 10 &gt; example test 52" time="0.000045166">
        </testcase>
        <testcase classname="src/everything.spec.ts" name="describe 10 &gt; example test 53" time="0.000133875">
            <failure message="expected true to be false // Object.is equality" type="AssertionError">
AssertionError: expected true to be false // Object.is equality

- Expected
+ Received

- false
+ true

 ❯ src/everything.spec.ts:8:18
            </failure>
        </testcase>
        <testcase classname="src/everything.spec.ts" name="describe 10 &gt; example test 54" time="0.000024333">
        </testcase>
        <testcase classname="src/everything.spec.ts" name="describe 10 &gt; example test 55" time="0.000092792">
            <failure message="expected true to be false // Object.is equality" type="AssertionError">
AssertionError: expected true to be false // Object.is equality

- Expected
+ Received

- false
+ true

 ❯ src/everything.spec.ts:8:18
            </failure>
        </testcase>
        <testcase classname="src/everything.spec.ts" name="describe 10 &gt; example test 56" time="0.000022542">
        </testcase>
        <testcase classname="src/everything.spec.ts" name="describe 10 &gt; example test 57" time="0.000076334">
            <failure message="expected true to be false // Object.is equality" type="AssertionError">
AssertionError: expected true to be false // Object.is equality

- Expected
+ Received

- false
+ true

 ❯ src/everything.spec.ts:8:18
            </failure>
        </testcase>
        <testcase classname="src/everything.spec.ts" name="describe 10 &gt; example test 58" time="0.000021708">
        </testcase>
        <testcase classname="src/everything.spec.ts" name="describe 10 &gt; example test 59" time="0.000087209">
            <failure message="expected true to be false // Object.is equality" type="AssertionError">
AssertionError: expected true to be false // Object.is equality

- Expected
+ Received

- false
+ true

 ❯ src/everything.spec.ts:8:18
            </failure>
        </testcase>
        <testcase classname="src/everything.spec.ts" name="describe 10 &gt; example test 60" time="0.000021625">
        </testcase>
        <testcase classname="src/everything.spec.ts" name="describe 10 &gt; example test 61" time="0.000085041">
            <failure message="expected true to be false // Object.is equality" type="AssertionError">
AssertionError: expected true to be false // Object.is equality

- Expected
+ Received

- false
+ true

 ❯ src/everything.spec.ts:8:18
            </failure>
        </testcase>
        <testcase classname="src/everything.spec.ts" name="describe 10 &gt; example test 62" time="0.000017667">
        </testcase>
        <testcase classname="src/everything.spec.ts" name="describe 10 &gt; example test 63" time="0.000070042">
            <failure message="expected true to be false // Object.is equality" type="AssertionError">
AssertionError: expected true to be false // Object.is equality

- Expected
+ Received

- false
+ true

 ❯ src/everything.spec.ts:8:18
            </failure>
        </testcase>
        <testcase classname="src/everything.spec.ts" name="describe 10 &gt; example test 64" time="0.0000185">
        </testcase>
        <testcase classname="src/everything.spec.ts" name="describe 10 &gt; example test 65" time="0.000070542">
            <failure message="expected true to be false // Object.is equality" type="AssertionError">
AssertionError: expected true to be false // Object.is equality

- Expected
+ Received

- false
+ true

 ❯ src/everything.spec.ts:8:18
            </failure>
        </testcase>
        <testcase classname="src/everything.spec.ts" name="describe 10 &gt; example test 66" time="0.000017667">
        </testcase>
        <testcase classname="src/everything.spec.ts" name="describe 10 &gt; example test 67" time="0.00007775">
            <failure message="expected true to be false // Object.is equality" type="AssertionError">
AssertionError: expected true to be false // Object.is equality

- Expected
+ Received

- false
+ true

 ❯ src/everything.spec.ts:8:18
            </failure>
        </testcase>
        <testcase classname="src/everything.spec.ts" name="describe 10 &gt; example test 68" time="0.00001775">
        </testcase>
        <testcase classname="src/everything.spec.ts" name="describe 10 &gt; example test 69" time="0.000071333">
            <failure message="expected true to be false // Object.is equality" type="AssertionError">
AssertionError: expected true to be false // Object.is equality

- Expected
+ Received

- false
+ true

 ❯ src/everything.spec.ts:8:18
            </failure>
        </testcase>
        <testcase classname="src/everything.spec.ts" name="describe 10 &gt; example test 70" time="0.00002075">
        </testcase>
        <testcase classname="src/everything.spec.ts" name="describe 10 &gt; example test 71" time="0.0000715">
            <failure message="expected true to be false // Object.is equality" type="AssertionError">
AssertionError: expected true to be false // Object.is equality

- Expected
+ Received

- false
+ true

 ❯ src/everything.spec.ts:8:18
            </failure>
        </testcase>
        <testcase classname="src/everything.spec.ts" name="describe 10 &gt; example test 72" time="0.000017625">
        </testcase>
        <testcase classname="src/everything.spec.ts" name="describe 10 &gt; example test 73" time="0.000067792">
            <failure message="expected true to be false // Object.is equality" type="AssertionError">
AssertionError: expected true to be false // Object.is equality

- Expected
+ Received

- false
+ true

 ❯ src/everything.spec.ts:8:18
            </failure>
        </testcase>
        <testcase classname="src/everything.spec.ts" name="describe 10 &gt; example test 74" time="0.000021583">
        </testcase>
        <testcase classname="src/everything.spec.ts" name="describe 10 &gt; example test 75" time="0.000079">
            <failure message="expected true to be false // Object.is equality" type="AssertionError">
AssertionError: expected true to be false // Object.is equality

- Expected
+ Received

- false
+ true

 ❯ src/everything.spec.ts:8:18
            </failure>
        </testcase>
        <testcase classname="src/everything.spec.ts" name="describe 10 &gt; example test 76" time="0.00002025">
        </testcase>
        <testcase classname="src/everything.spec.ts" name="describe 10 &gt; example test 77" time="0.000071417">
            <failure message="expected true to be false // Object.is equality" type="AssertionError">
AssertionError: expected true to be false // Object.is equality

- Expected
+ Received

- false
+ true

 ❯ src/everything.spec.ts:8:18
            </failure>
        </testcase>
        <testcase classname="src/everything.spec.ts" name="describe 10 &gt; example test 78" time="0.000018167">
        </testcase>
        <testcase classname="src/everything.spec.ts" name="describe 10 &gt; example test 79" time="0.000070459">
            <failure message="expected true to be false // Object.is equality" type="AssertionError">
AssertionError: expected true to be false // Object.is equality

- Expected
+ Received

- false
+ true

 ❯ src/everything.spec.ts:8:18
            </failure>
        </testcase>
        <testcase classname="src/everything.spec.ts" name="describe 10 &gt; example test 80" time="0.000017791">
        </testcase>
        <testcase classname="src/everything.spec.ts" name="describe 10 &gt; example test 81" time="0.000069333">
            <failure message="expected true to be false // Object.is equality" type="AssertionError">
AssertionError: expected true to be false // Object.is equality

- Expected
+ Received

- false
+ true

 ❯ src/everything.spec.ts:8:18
            </failure>
        </testcase>
        <testcase classname="src/everything.spec.ts" name="describe 10 &gt; example test 82" time="0.000020375">
        </testcase>
        <testcase classname="src/everything.spec.ts" name="describe 10 &gt; example test 83" time="0.000071458">
            <failure message="expected true to be false // Object.is equality" type="AssertionError">
AssertionError: expected true to be false // Object.is equality

- Expected
+ Received

- false
+ true

 ❯ src/everything.spec.ts:8:18
            </failure>
        </testcase>
        <testcase classname="src/everything.spec.ts" name="describe 10 &gt; example test 84" time="0.0000175">
        </testcase>
        <testcase classname="src/everything.spec.ts" name="describe 10 &gt; example test 85" time="0.000089583">
            <failure message="expected true to be false // Object.is equality" type="AssertionError">
AssertionError: expected true to be false // Object.is equality

- Expected
+ Received

- false
+ true

 ❯ src/everything.spec.ts:8:18
            </failure>
        </testcase>
        <testcase classname="src/everything.spec.ts" name="describe 10 &gt; example test 86" time="0.000022667">
        </testcase>
        <testcase classname="src/everything.spec.ts" name="describe 10 &gt; example test 87" time="0.000070875">
            <failure message="expected true to be false // Object.is equality" type="AssertionError">
AssertionError: expected true to be false // Object.is equality

- Expected
+ Received

- false
+ true

 ❯ src/everything.spec.ts:8:18
            </failure>
        </testcase>
        <testcase classname="src/everything.spec.ts" name="describe 10 &gt; example test 88" time="0.000017958">
        </testcase>
        <testcase classname="src/everything.spec.ts" name="describe 10 &gt; example test 89" time="0.000069667">
            <failure message="expected true to be false // Object.is equality" type="AssertionError">
AssertionError: expected true to be false // Object.is equality

- Expected
+ Received

- false
+ true

 ❯ src/everything.spec.ts:8:18
            </failure>
        </testcase>
        <testcase classname="src/everything.spec.ts" name="describe 10 &gt; example test 90" time="0.000018">
        </testcase>
        <testcase classname="src/everything.spec.ts" name="describe 10 &gt; example test 91" time="0.000089875">
            <failure message="expected true to be false // Object.is equality" type="AssertionError">
AssertionError: expected true to be false // Object.is equality

- Expected
+ Received

- false
+ true

 ❯ src/everything.spec.ts:8:18
            </failure>
        </testcase>
        <testcase classname="src/everything.spec.ts" name="describe 10 &gt; example test 92" time="0.000017792">
        </testcase>
        <testcase classname="src/everything.spec.ts" name="describe 10 &gt; example test 93" time="0.000072833">
            <failure message="expected true to be false // Object.is equality" type="AssertionError">
AssertionError: expected true to be false // Object.is equality

- Expected
+ Received

- false
+ true

 ❯ src/everything.spec.ts:8:18
            </failure>
        </testcase>
        <testcase classname="src/everything.spec.ts" name="describe 10 &gt; example test 94" time="0.000020209">
        </testcase>
        <testcase classname="src/everything.spec.ts" name="describe 10 &gt; example test 95" time="0.000087959">
            <failure message="expected true to be false // Object.is equality" type="AssertionError">
AssertionError: expected true to be false // Object.is equality

- Expected
+ Received

- false
+ true

 ❯ src/everything.spec.ts:8:18
            </failure>
        </testcase>
        <testcase classname="src/everything.spec.ts" name="describe 10 &gt; example test 96" time="0.000018084">
        </testcase>
        <testcase classname="src/everything.spec.ts" name="describe 10 &gt; example test 97" time="0.000070833">
            <failure message="expected true to be false // Object.is equality" type="AssertionError">
AssertionError: expected true to be false // Object.is equality

- Expected
+ Received

- false
+ true

 ❯ src/everything.spec.ts:8:18
            </failure>
        </testcase>
        <testcase classname="src/everything.spec.ts" name="describe 10 &gt; example test 98" time="0.000024208">
        </testcase>
        <testcase classname="src/everything.spec.ts" name="describe 10 &gt; example test 99" time="0.000075417">
            <failure message="expected true to be false // Object.is equality" type="AssertionError">
AssertionError: expected true to be false // Object.is equality

- Expected
+ Received

- false
+ true

 ❯ src/everything.spec.ts:8:18
            </failure>
        </testcase>
        <testcase classname="src/everything.spec.ts" name="describe 10 &gt; example test 100" time="0.000020125">
        </testcase>
        <testcase classname="src/everything.spec.ts" name="describe 11 &gt; example test 1" time="0.000072042">
            <failure message="expected true to be false // Object.is equality" type="AssertionError">
AssertionError: expected true to be false // Object.is equality

- Expected
+ Received

- false
+ true

 ❯ src/everything.spec.ts:8:18
            </failure>
        </testcase>
        <testcase classname="src/everything.spec.ts" name="describe 11 &gt; example test 2" time="0.000020875">
        </testcase>
        <testcase classname="src/everything.spec.ts" name="describe 11 &gt; example test 3" time="0.000067542">
            <failure message="expected true to be false // Object.is equality" type="AssertionError">
AssertionError: expected true to be false // Object.is equality

- Expected
+ Received

- false
+ true

 ❯ src/everything.spec.ts:8:18
            </failure>
        </testcase>
        <testcase classname="src/everything.spec.ts" name="describe 11 &gt; example test 4" time="0.000017958">
        </testcase>
        <testcase classname="src/everything.spec.ts" name="describe 11 &gt; example test 5" time="0.000070292">
            <failure message="expected true to be false // Object.is equality" type="AssertionError">
AssertionError: expected true to be false // Object.is equality

- Expected
+ Received

- false
+ true

 ❯ src/everything.spec.ts:8:18
            </failure>
        </testcase>
        <testcase classname="src/everything.spec.ts" name="describe 11 &gt; example test 6" time="0.000020417">
        </testcase>
        <testcase classname="src/everything.spec.ts" name="describe 11 &gt; example test 7" time="0.000072833">
            <failure message="expected true to be false // Object.is equality" type="AssertionError">
AssertionError: expected true to be false // Object.is equality

- Expected
+ Received

- false
+ true

 ❯ src/everything.spec.ts:8:18
            </failure>
        </testcase>
        <testcase classname="src/everything.spec.ts" name="describe 11 &gt; example test 8" time="0.000017042">
        </testcase>
        <testcase classname="src/everything.spec.ts" name="describe 11 &gt; example test 9" time="0.000069958">
            <failure message="expected true to be false // Object.is equality" type="AssertionError">
AssertionError: expected true to be false // Object.is equality

- Expected
+ Received

- false
+ true

 ❯ src/everything.spec.ts:8:18
            </failure>
        </testcase>
        <testcase classname="src/everything.spec.ts" name="describe 11 &gt; example test 10" time="0.000019">
        </testcase>
        <testcase classname="src/everything.spec.ts" name="describe 11 &gt; example test 11" time="0.0000725">
            <failure message="expected true to be false // Object.is equality" type="AssertionError">
AssertionError: expected true to be false // Object.is equality

- Expected
+ Received

- false
+ true

 ❯ src/everything.spec.ts:8:18
            </failure>
        </testcase>
        <testcase classname="src/everything.spec.ts" name="describe 11 &gt; example test 12" time="0.000017542">
        </testcase>
        <testcase classname="src/everything.spec.ts" name="describe 11 &gt; example test 13" time="0.000074">
            <failure message="expected true to be false // Object.is equality" type="AssertionError">
AssertionError: expected true to be false // Object.is equality

- Expected
+ Received

- false
+ true

 ❯ src/everything.spec.ts:8:18
            </failure>
        </testcase>
        <testcase classname="src/everything.spec.ts" name="describe 11 &gt; example test 14" time="0.000048875">
        </testcase>
        <testcase classname="src/everything.spec.ts" name="describe 11 &gt; example test 15" time="0.000067834">
            <failure message="expected true to be false // Object.is equality" type="AssertionError">
AssertionError: expected true to be false // Object.is equality

- Expected
+ Received

- false
+ true

 ❯ src/everything.spec.ts:8:18
            </failure>
        </testcase>
        <testcase classname="src/everything.spec.ts" name="describe 11 &gt; example test 16" time="0.000017291">
        </testcase>
        <testcase classname="src/everything.spec.ts" name="describe 11 &gt; example test 17" time="0.00007025">
            <failure message="expected true to be false // Object.is equality" type="AssertionError">
AssertionError: expected true to be false // Object.is equality

- Expected
+ Received

- false
+ true

 ❯ src/everything.spec.ts:8:18
            </failure>
        </testcase>
        <testcase classname="src/everything.spec.ts" name="describe 11 &gt; example test 18" time="0.000018583">
        </testcase>
        <testcase classname="src/everything.spec.ts" name="describe 11 &gt; example test 19" time="0.000067208">
            <failure message="expected true to be false // Object.is equality" type="AssertionError">
AssertionError: expected true to be false // Object.is equality

- Expected
+ Received

- false
+ true

 ❯ src/everything.spec.ts:8:18
            </failure>
        </testcase>
        <testcase classname="src/everything.spec.ts" name="describe 11 &gt; example test 20" time="0.0000195">
        </testcase>
        <testcase classname="src/everything.spec.ts" name="describe 11 &gt; example test 21" time="0.0000675">
            <failure message="expected true to be false // Object.is equality" type="AssertionError">
AssertionError: expected true to be false // Object.is equality

- Expected
+ Received

- false
+ true

 ❯ src/everything.spec.ts:8:18
            </failure>
        </testcase>
        <testcase classname="src/everything.spec.ts" name="describe 11 &gt; example test 22" time="0.000017375">
        </testcase>
        <testcase classname="src/everything.spec.ts" name="describe 11 &gt; example test 23" time="0.000066667">
            <failure message="expected true to be false // Object.is equality" type="AssertionError">
AssertionError: expected true to be false // Object.is equality

- Expected
+ Received

- false
+ true

 ❯ src/everything.spec.ts:8:18
            </failure>
        </testcase>
        <testcase classname="src/everything.spec.ts" name="describe 11 &gt; example test 24" time="0.000017542">
        </testcase>
        <testcase classname="src/everything.spec.ts" name="describe 11 &gt; example test 25" time="0.000068833">
            <failure message="expected true to be false // Object.is equality" type="AssertionError">
AssertionError: expected true to be false // Object.is equality

- Expected
+ Received

- false
+ true

 ❯ src/everything.spec.ts:8:18
            </failure>
        </testcase>
        <testcase classname="src/everything.spec.ts" name="describe 11 &gt; example test 26" time="0.000017667">
        </testcase>
        <testcase classname="src/everything.spec.ts" name="describe 11 &gt; example test 27" time="0.000097708">
            <failure message="expected true to be false // Object.is equality" type="AssertionError">
AssertionError: expected true to be false // Object.is equality

- Expected
+ Received

- false
+ true

 ❯ src/everything.spec.ts:8:18
            </failure>
        </testcase>
        <testcase classname="src/everything.spec.ts" name="describe 11 &gt; example test 28" time="0.00002025">
        </testcase>
        <testcase classname="src/everything.spec.ts" name="describe 11 &gt; example test 29" time="0.000072875">
            <failure message="expected true to be false // Object.is equality" type="AssertionError">
AssertionError: expected true to be false // Object.is equality

- Expected
+ Received

- false
+ true

 ❯ src/everything.spec.ts:8:18
            </failure>
        </testcase>
        <testcase classname="src/everything.spec.ts" name="describe 11 &gt; example test 30" time="0.000017916">
        </testcase>
        <testcase classname="src/everything.spec.ts" name="describe 11 &gt; example test 31" time="0.000069125">
            <failure message="expected true to be false // Object.is equality" type="AssertionError">
AssertionError: expected true to be false // Object.is equality

- Expected
+ Received

- false
+ true

 ❯ src/everything.spec.ts:8:18
            </failure>
        </testcase>
        <testcase classname="src/everything.spec.ts" name="describe 11 &gt; example test 32" time="0.000017542">
        </testcase>
        <testcase classname="src/everything.spec.ts" name="describe 11 &gt; example test 33" time="0.000070667">
            <failure message="expected true to be false // Object.is equality" type="AssertionError">
AssertionError: expected true to be false // Object.is equality

- Expected
+ Received

- false
+ true

 ❯ src/everything.spec.ts:8:18
            </failure>
        </testcase>
        <testcase classname="src/everything.spec.ts" name="describe 11 &gt; example test 34" time="0.000017125">
        </testcase>
        <testcase classname="src/everything.spec.ts" name="describe 11 &gt; example test 35" time="0.000067041">
            <failure message="expected true to be false // Object.is equality" type="AssertionError">
AssertionError: expected true to be false // Object.is equality

- Expected
+ Received

- false
+ true

 ❯ src/everything.spec.ts:8:18
            </failure>
        </testcase>
        <testcase classname="src/everything.spec.ts" name="describe 11 &gt; example test 36" time="0.000018167">
        </testcase>
        <testcase classname="src/everything.spec.ts" name="describe 11 &gt; example test 37" time="0.000069583">
            <failure message="expected true to be false // Object.is equality" type="AssertionError">
AssertionError: expected true to be false // Object.is equality

- Expected
+ Received

- false
+ true

 ❯ src/everything.spec.ts:8:18
            </failure>
        </testcase>
        <testcase classname="src/everything.spec.ts" name="describe 11 &gt; example test 38" time="0.000018167">
        </testcase>
        <testcase classname="src/everything.spec.ts" name="describe 11 &gt; example test 39" time="0.000070084">
            <failure message="expected true to be false // Object.is equality" type="AssertionError">
AssertionError: expected true to be false // Object.is equality

- Expected
+ Received

- false
+ true

 ❯ src/everything.spec.ts:8:18
            </failure>
        </testcase>
        <testcase classname="src/everything.spec.ts" name="describe 11 &gt; example test 40" time="0.000017916">
        </testcase>
        <testcase classname="src/everything.spec.ts" name="describe 11 &gt; example test 41" time="0.000067167">
            <failure message="expected true to be false // Object.is equality" type="AssertionError">
AssertionError: expected true to be false // Object.is equality

- Expected
+ Received

- false
+ true

 ❯ src/everything.spec.ts:8:18
            </failure>
        </testcase>
        <testcase classname="src/everything.spec.ts" name="describe 11 &gt; example test 42" time="0.000017458">
        </testcase>
        <testcase classname="src/everything.spec.ts" name="describe 11 &gt; example test 43" time="0.00006775">
            <failure message="expected true to be false // Object.is equality" type="AssertionError">
AssertionError: expected true to be false // Object.is equality

- Expected
+ Received

- false
+ true

 ❯ src/everything.spec.ts:8:18
            </failure>
        </testcase>
        <testcase classname="src/everything.spec.ts" name="describe 11 &gt; example test 44" time="0.000017458">
        </testcase>
        <testcase classname="src/everything.spec.ts" name="describe 11 &gt; example test 45" time="0.000067583">
            <failure message="expected true to be false // Object.is equality" type="AssertionError">
AssertionError: expected true to be false // Object.is equality

- Expected
+ Received

- false
+ true

 ❯ src/everything.spec.ts:8:18
            </failure>
        </testcase>
        <testcase classname="src/everything.spec.ts" name="describe 11 &gt; example test 46" time="0.000017333">
        </testcase>
        <testcase classname="src/everything.spec.ts" name="describe 11 &gt; example test 47" time="0.000068833">
            <failure message="expected true to be false // Object.is equality" type="AssertionError">
AssertionError: expected true to be false // Object.is equality

- Expected
+ Received

- false
+ true

 ❯ src/everything.spec.ts:8:18
            </failure>
        </testcase>
        <testcase classname="src/everything.spec.ts" name="describe 11 &gt; example test 48" time="0.000017708">
        </testcase>
        <testcase classname="src/everything.spec.ts" name="describe 11 &gt; example test 49" time="0.000066291">
            <failure message="expected true to be false // Object.is equality" type="AssertionError">
AssertionError: expected true to be false // Object.is equality

- Expected
+ Received

- false
+ true

 ❯ src/everything.spec.ts:8:18
            </failure>
        </testcase>
        <testcase classname="src/everything.spec.ts" name="describe 11 &gt; example test 50" time="0.00001875">
        </testcase>
        <testcase classname="src/everything.spec.ts" name="describe 11 &gt; example test 51" time="0.000067667">
            <failure message="expected true to be false // Object.is equality" type="AssertionError">
AssertionError: expected true to be false // Object.is equality

- Expected
+ Received

- false
+ true

 ❯ src/everything.spec.ts:8:18
            </failure>
        </testcase>
        <testcase classname="src/everything.spec.ts" name="describe 11 &gt; example test 52" time="0.000017666">
        </testcase>
        <testcase classname="src/everything.spec.ts" name="describe 11 &gt; example test 53" time="0.000076667">
            <failure message="expected true to be false // Object.is equality" type="AssertionError">
AssertionError: expected true to be false // Object.is equality

- Expected
+ Received

- false
+ true

 ❯ src/everything.spec.ts:8:18
            </failure>
        </testcase>
        <testcase classname="src/everything.spec.ts" name="describe 11 &gt; example test 54" time="0.000017208">
        </testcase>
        <testcase classname="src/everything.spec.ts" name="describe 11 &gt; example test 55" time="0.00007425">
            <failure message="expected true to be false // Object.is equality" type="AssertionError">
AssertionError: expected true to be false // Object.is equality

- Expected
+ Received

- false
+ true

 ❯ src/everything.spec.ts:8:18
            </failure>
        </testcase>
        <testcase classname="src/everything.spec.ts" name="describe 11 &gt; example test 56" time="0.000017583">
        </testcase>
        <testcase classname="src/everything.spec.ts" name="describe 11 &gt; example test 57" time="0.000068916">
            <failure message="expected true to be false // Object.is equality" type="AssertionError">
AssertionError: expected true to be false // Object.is equality

- Expected
+ Received

- false
+ true

 ❯ src/everything.spec.ts:8:18
            </failure>
        </testcase>
        <testcase classname="src/everything.spec.ts" name="describe 11 &gt; example test 58" time="0.000019833">
        </testcase>
        <testcase classname="src/everything.spec.ts" name="describe 11 &gt; example test 59" time="0.000076834">
            <failure message="expected true to be false // Object.is equality" type="AssertionError">
AssertionError: expected true to be false // Object.is equality

- Expected
+ Received

- false
+ true

 ❯ src/everything.spec.ts:8:18
            </failure>
        </testcase>
        <testcase classname="src/everything.spec.ts" name="describe 11 &gt; example test 60" time="0.000019875">
        </testcase>
        <testcase classname="src/everything.spec.ts" name="describe 11 &gt; example test 61" time="0.000069583">
            <failure message="expected true to be false // Object.is equality" type="AssertionError">
AssertionError: expected true to be false // Object.is equality

- Expected
+ Received

- false
+ true

 ❯ src/everything.spec.ts:8:18
            </failure>
        </testcase>
        <testcase classname="src/everything.spec.ts" name="describe 11 &gt; example test 62" time="0.000017334">
        </testcase>
        <testcase classname="src/everything.spec.ts" name="describe 11 &gt; example test 63" time="0.000069708">
            <failure message="expected true to be false // Object.is equality" type="AssertionError">
AssertionError: expected true to be false // Object.is equality

- Expected
+ Received

- false
+ true

 ❯ src/everything.spec.ts:8:18
            </failure>
        </testcase>
        <testcase classname="src/everything.spec.ts" name="describe 11 &gt; example test 64" time="0.000017708">
        </testcase>
        <testcase classname="src/everything.spec.ts" name="describe 11 &gt; example test 65" time="0.000067458">
            <failure message="expected true to be false // Object.is equality" type="AssertionError">
AssertionError: expected true to be false // Object.is equality

- Expected
+ Received

- false
+ true

 ❯ src/everything.spec.ts:8:18
            </failure>
        </testcase>
        <testcase classname="src/everything.spec.ts" name="describe 11 &gt; example test 66" time="0.000017417">
        </testcase>
        <testcase classname="src/everything.spec.ts" name="describe 11 &gt; example test 67" time="0.000067542">
            <failure message="expected true to be false // Object.is equality" type="AssertionError">
AssertionError: expected true to be false // Object.is equality

- Expected
+ Received

- false
+ true

 ❯ src/everything.spec.ts:8:18
            </failure>
        </testcase>
        <testcase classname="src/everything.spec.ts" name="describe 11 &gt; example test 68" time="0.000018334">
        </testcase>
        <testcase classname="src/everything.spec.ts" name="describe 11 &gt; example test 69" time="0.000072542">
            <failure message="expected true to be false // Object.is equality" type="AssertionError">
AssertionError: expected true to be false // Object.is equality

- Expected
+ Received

- false
+ true

 ❯ src/everything.spec.ts:8:18
            </failure>
        </testcase>
        <testcase classname="src/everything.spec.ts" name="describe 11 &gt; example test 70" time="0.000019083">
        </testcase>
        <testcase classname="src/everything.spec.ts" name="describe 11 &gt; example test 71" time="0.00007425">
            <failure message="expected true to be false // Object.is equality" type="AssertionError">
AssertionError: expected true to be false // Object.is equality

- Expected
+ Received

- false
+ true

 ❯ src/everything.spec.ts:8:18
            </failure>
        </testcase>
        <testcase classname="src/everything.spec.ts" name="describe 11 &gt; example test 72" time="0.000017833">
        </testcase>
        <testcase classname="src/everything.spec.ts" name="describe 11 &gt; example test 73" time="0.000069083">
            <failure message="expected true to be false // Object.is equality" type="AssertionError">
AssertionError: expected true to be false // Object.is equality

- Expected
+ Received

- false
+ true

 ❯ src/everything.spec.ts:8:18
            </failure>
        </testcase>
        <testcase classname="src/everything.spec.ts" name="describe 11 &gt; example test 74" time="0.000018">
        </testcase>
        <testcase classname="src/everything.spec.ts" name="describe 11 &gt; example test 75" time="0.000068792">
            <failure message="expected true to be false // Object.is equality" type="AssertionError">
AssertionError: expected true to be false // Object.is equality

- Expected
+ Received

- false
+ true

 ❯ src/everything.spec.ts:8:18
            </failure>
        </testcase>
        <testcase classname="src/everything.spec.ts" name="describe 11 &gt; example test 76" time="0.000018">
        </testcase>
        <testcase classname="src/everything.spec.ts" name="describe 11 &gt; example test 77" time="0.000068292">
            <failure message="expected true to be false // Object.is equality" type="AssertionError">
AssertionError: expected true to be false // Object.is equality

- Expected
+ Received

- false
+ true

 ❯ src/everything.spec.ts:8:18
            </failure>
        </testcase>
        <testcase classname="src/everything.spec.ts" name="describe 11 &gt; example test 78" time="0.000018042">
        </testcase>
        <testcase classname="src/everything.spec.ts" name="describe 11 &gt; example test 79" time="0.000072209">
            <failure message="expected true to be false // Object.is equality" type="AssertionError">
AssertionError: expected true to be false // Object.is equality

- Expected
+ Received

- false
+ true

 ❯ src/everything.spec.ts:8:18
            </failure>
        </testcase>
        <testcase classname="src/everything.spec.ts" name="describe 11 &gt; example test 80" time="0.0000175">
        </testcase>
        <testcase classname="src/everything.spec.ts" name="describe 11 &gt; example test 81" time="0.000068792">
            <failure message="expected true to be false // Object.is equality" type="AssertionError">
AssertionError: expected true to be false // Object.is equality

- Expected
+ Received

- false
+ true

 ❯ src/everything.spec.ts:8:18
            </failure>
        </testcase>
        <testcase classname="src/everything.spec.ts" name="describe 11 &gt; example test 82" time="0.00001775">
        </testcase>
        <testcase classname="src/everything.spec.ts" name="describe 11 &gt; example test 83" time="0.000069292">
            <failure message="expected true to be false // Object.is equality" type="AssertionError">
AssertionError: expected true to be false // Object.is equality

- Expected
+ Received

- false
+ true

 ❯ src/everything.spec.ts:8:18
            </failure>
        </testcase>
        <testcase classname="src/everything.spec.ts" name="describe 11 &gt; example test 84" time="0.000017084">
        </testcase>
        <testcase classname="src/everything.spec.ts" name="describe 11 &gt; example test 85" time="0.000069542">
            <failure message="expected true to be false // Object.is equality" type="AssertionError">
AssertionError: expected true to be false // Object.is equality

- Expected
+ Received

- false
+ true

 ❯ src/everything.spec.ts:8:18
            </failure>
        </testcase>
        <testcase classname="src/everything.spec.ts" name="describe 11 &gt; example test 86" time="0.0000215">
        </testcase>
        <testcase classname="src/everything.spec.ts" name="describe 11 &gt; example test 87" time="0.000076917">
            <failure message="expected true to be false // Object.is equality" type="AssertionError">
AssertionError: expected true to be false // Object.is equality

- Expected
+ Received

- false
+ true

 ❯ src/everything.spec.ts:8:18
            </failure>
        </testcase>
        <testcase classname="src/everything.spec.ts" name="describe 11 &gt; example test 88" time="0.000019084">
        </testcase>
        <testcase classname="src/everything.spec.ts" name="describe 11 &gt; example test 89" time="0.000071791">
            <failure message="expected true to be false // Object.is equality" type="AssertionError">
AssertionError: expected true to be false // Object.is equality

- Expected
+ Received

- false
+ true

 ❯ src/everything.spec.ts:8:18
            </failure>
        </testcase>
        <testcase classname="src/everything.spec.ts" name="describe 11 &gt; example test 90" time="0.000017625">
        </testcase>
        <testcase classname="src/everything.spec.ts" name="describe 11 &gt; example test 91" time="0.00006925">
            <failure message="expected true to be false // Object.is equality" type="AssertionError">
AssertionError: expected true to be false // Object.is equality

- Expected
+ Received

- false
+ true

 ❯ src/everything.spec.ts:8:18
            </failure>
        </testcase>
        <testcase classname="src/everything.spec.ts" name="describe 11 &gt; example test 92" time="0.000017167">
        </testcase>
        <testcase classname="src/everything.spec.ts" name="describe 11 &gt; example test 93" time="0.000068167">
            <failure message="expected true to be false // Object.is equality" type="AssertionError">
AssertionError: expected true to be false // Object.is equality

- Expected
+ Received

- false
+ true

 ❯ src/everything.spec.ts:8:18
            </failure>
        </testcase>
        <testcase classname="src/everything.spec.ts" name="describe 11 &gt; example test 94" time="0.000017125">
        </testcase>
        <testcase classname="src/everything.spec.ts" name="describe 11 &gt; example test 95" time="0.000069292">
            <failure message="expected true to be false // Object.is equality" type="AssertionError">
AssertionError: expected true to be false // Object.is equality

- Expected
+ Received

- false
+ true

 ❯ src/everything.spec.ts:8:18
            </failure>
        </testcase>
        <testcase classname="src/everything.spec.ts" name="describe 11 &gt; example test 96" time="0.000017792">
        </testcase>
        <testcase classname="src/everything.spec.ts" name="describe 11 &gt; example test 97" time="0.000070292">
            <failure message="expected true to be false // Object.is equality" type="AssertionError">
AssertionError: expected true to be false // Object.is equality

- Expected
+ Received

- false
+ true

 ❯ src/everything.spec.ts:8:18
            </failure>
        </testcase>
        <testcase classname="src/everything.spec.ts" name="describe 11 &gt; example test 98" time="0.000020417">
        </testcase>
        <testcase classname="src/everything.spec.ts" name="describe 11 &gt; example test 99" time="0.000067583">
            <failure message="expected true to be false // Object.is equality" type="AssertionError">
AssertionError: expected true to be false // Object.is equality

- Expected
+ Received

- false
+ true

 ❯ src/everything.spec.ts:8:18
            </failure>
        </testcase>
        <testcase classname="src/everything.spec.ts" name="describe 11 &gt; example test 100" time="0.000018167">
        </testcase>
        <testcase classname="src/everything.spec.ts" name="describe 12 &gt; example test 1" time="0.000078333">
            <failure message="expected true to be false // Object.is equality" type="AssertionError">
AssertionError: expected true to be false // Object.is equality

- Expected
+ Received

- false
+ true

 ❯ src/everything.spec.ts:8:18
            </failure>
        </testcase>
        <testcase classname="src/everything.spec.ts" name="describe 12 &gt; example test 2" time="0.000019833">
        </testcase>
        <testcase classname="src/everything.spec.ts" name="describe 12 &gt; example test 3" time="0.000068959">
            <failure message="expected true to be false // Object.is equality" type="AssertionError">
AssertionError: expected true to be false // Object.is equality

- Expected
+ Received

- false
+ true

 ❯ src/everything.spec.ts:8:18
            </failure>
        </testcase>
        <testcase classname="src/everything.spec.ts" name="describe 12 &gt; example test 4" time="0.000018667">
        </testcase>
        <testcase classname="src/everything.spec.ts" name="describe 12 &gt; example test 5" time="0.00007325">
            <failure message="expected true to be false // Object.is equality" type="AssertionError">
AssertionError: expected true to be false // Object.is equality

- Expected
+ Received

- false
+ true

 ❯ src/everything.spec.ts:8:18
            </failure>
        </testcase>
        <testcase classname="src/everything.spec.ts" name="describe 12 &gt; example test 6" time="0.000017375">
        </testcase>
        <testcase classname="src/everything.spec.ts" name="describe 12 &gt; example test 7" time="0.000073584">
            <failure message="expected true to be false // Object.is equality" type="AssertionError">
AssertionError: expected true to be false // Object.is equality

- Expected
+ Received

- false
+ true

 ❯ src/everything.spec.ts:8:18
            </failure>
        </testcase>
        <testcase classname="src/everything.spec.ts" name="describe 12 &gt; example test 8" time="0.000017541">
        </testcase>
        <testcase classname="src/everything.spec.ts" name="describe 12 &gt; example test 9" time="0.000070334">
            <failure message="expected true to be false // Object.is equality" type="AssertionError">
AssertionError: expected true to be false // Object.is equality

- Expected
+ Received

- false
+ true

 ❯ src/everything.spec.ts:8:18
            </failure>
        </testcase>
        <testcase classname="src/everything.spec.ts" name="describe 12 &gt; example test 10" time="0.000017209">
        </testcase>
        <testcase classname="src/everything.spec.ts" name="describe 12 &gt; example test 11" time="0.00007425">
            <failure message="expected true to be false // Object.is equality" type="AssertionError">
AssertionError: expected true to be false // Object.is equality

- Expected
+ Received

- false
+ true

 ❯ src/everything.spec.ts:8:18
            </failure>
        </testcase>
        <testcase classname="src/everything.spec.ts" name="describe 12 &gt; example test 12" time="0.000018334">
        </testcase>
        <testcase classname="src/everything.spec.ts" name="describe 12 &gt; example test 13" time="0.000074083">
            <failure message="expected true to be false // Object.is equality" type="AssertionError">
AssertionError: expected true to be false // Object.is equality

- Expected
+ Received

- false
+ true

 ❯ src/everything.spec.ts:8:18
            </failure>
        </testcase>
        <testcase classname="src/everything.spec.ts" name="describe 12 &gt; example test 14" time="0.000017583">
        </testcase>
        <testcase classname="src/everything.spec.ts" name="describe 12 &gt; example test 15" time="0.00007475">
            <failure message="expected true to be false // Object.is equality" type="AssertionError">
AssertionError: expected true to be false // Object.is equality

- Expected
+ Received

- false
+ true

 ❯ src/everything.spec.ts:8:18
            </failure>
        </testcase>
        <testcase classname="src/everything.spec.ts" name="describe 12 &gt; example test 16" time="0.000020084">
        </testcase>
        <testcase classname="src/everything.spec.ts" name="describe 12 &gt; example test 17" time="0.000070042">
            <failure message="expected true to be false // Object.is equality" type="AssertionError">
AssertionError: expected true to be false // Object.is equality

- Expected
+ Received

- false
+ true

 ❯ src/everything.spec.ts:8:18
            </failure>
        </testcase>
        <testcase classname="src/everything.spec.ts" name="describe 12 &gt; example test 18" time="0.000019959">
        </testcase>
        <testcase classname="src/everything.spec.ts" name="describe 12 &gt; example test 19" time="0.000072333">
            <failure message="expected true to be false // Object.is equality" type="AssertionError">
AssertionError: expected true to be false // Object.is equality

- Expected
+ Received

- false
+ true

 ❯ src/everything.spec.ts:8:18
            </failure>
        </testcase>
        <testcase classname="src/everything.spec.ts" name="describe 12 &gt; example test 20" time="0.000017083">
        </testcase>
        <testcase classname="src/everything.spec.ts" name="describe 12 &gt; example test 21" time="0.000071375">
            <failure message="expected true to be false // Object.is equality" type="AssertionError">
AssertionError: expected true to be false // Object.is equality

- Expected
+ Received

- false
+ true

 ❯ src/everything.spec.ts:8:18
            </failure>
        </testcase>
        <testcase classname="src/everything.spec.ts" name="describe 12 &gt; example test 22" time="0.000016791">
        </testcase>
        <testcase classname="src/everything.spec.ts" name="describe 12 &gt; example test 23" time="0.000075459">
            <failure message="expected true to be false // Object.is equality" type="AssertionError">
AssertionError: expected true to be false // Object.is equality

- Expected
+ Received

- false
+ true

 ❯ src/everything.spec.ts:8:18
            </failure>
        </testcase>
        <testcase classname="src/everything.spec.ts" name="describe 12 &gt; example test 24" time="0.000018208">
        </testcase>
        <testcase classname="src/everything.spec.ts" name="describe 12 &gt; example test 25" time="0.000072292">
            <failure message="expected true to be false // Object.is equality" type="AssertionError">
AssertionError: expected true to be false // Object.is equality

- Expected
+ Received

- false
+ true

 ❯ src/everything.spec.ts:8:18
            </failure>
        </testcase>
        <testcase classname="src/everything.spec.ts" name="describe 12 &gt; example test 26" time="0.00001775">
        </testcase>
        <testcase classname="src/everything.spec.ts" name="describe 12 &gt; example test 27" time="0.00007525">
            <failure message="expected true to be false // Object.is equality" type="AssertionError">
AssertionError: expected true to be false // Object.is equality

- Expected
+ Received

- false
+ true

 ❯ src/everything.spec.ts:8:18
            </failure>
        </testcase>
        <testcase classname="src/everything.spec.ts" name="describe 12 &gt; example test 28" time="0.000020917">
        </testcase>
        <testcase classname="src/everything.spec.ts" name="describe 12 &gt; example test 29" time="0.000074833">
            <failure message="expected true to be false // Object.is equality" type="AssertionError">
AssertionError: expected true to be false // Object.is equality

- Expected
+ Received

- false
+ true

 ❯ src/everything.spec.ts:8:18
            </failure>
        </testcase>
        <testcase classname="src/everything.spec.ts" name="describe 12 &gt; example test 30" time="0.000017334">
        </testcase>
        <testcase classname="src/everything.spec.ts" name="describe 12 &gt; example test 31" time="0.000075375">
            <failure message="expected true to be false // Object.is equality" type="AssertionError">
AssertionError: expected true to be false // Object.is equality

- Expected
+ Received

- false
+ true

 ❯ src/everything.spec.ts:8:18
            </failure>
        </testcase>
        <testcase classname="src/everything.spec.ts" name="describe 12 &gt; example test 32" time="0.000019291">
        </testcase>
        <testcase classname="src/everything.spec.ts" name="describe 12 &gt; example test 33" time="0.000069666">
            <failure message="expected true to be false // Object.is equality" type="AssertionError">
AssertionError: expected true to be false // Object.is equality

- Expected
+ Received

- false
+ true

 ❯ src/everything.spec.ts:8:18
            </failure>
        </testcase>
        <testcase classname="src/everything.spec.ts" name="describe 12 &gt; example test 34" time="0.000020833">
        </testcase>
        <testcase classname="src/everything.spec.ts" name="describe 12 &gt; example test 35" time="0.000072042">
            <failure message="expected true to be false // Object.is equality" type="AssertionError">
AssertionError: expected true to be false // Object.is equality

- Expected
+ Received

- false
+ true

 ❯ src/everything.spec.ts:8:18
            </failure>
        </testcase>
        <testcase classname="src/everything.spec.ts" name="describe 12 &gt; example test 36" time="0.000016959">
        </testcase>
        <testcase classname="src/everything.spec.ts" name="describe 12 &gt; example test 37" time="0.000070625">
            <failure message="expected true to be false // Object.is equality" type="AssertionError">
AssertionError: expected true to be false // Object.is equality

- Expected
+ Received

- false
+ true

 ❯ src/everything.spec.ts:8:18
            </failure>
        </testcase>
        <testcase classname="src/everything.spec.ts" name="describe 12 &gt; example test 38" time="0.000017375">
        </testcase>
        <testcase classname="src/everything.spec.ts" name="describe 12 &gt; example test 39" time="0.000070125">
            <failure message="expected true to be false // Object.is equality" type="AssertionError">
AssertionError: expected true to be false // Object.is equality

- Expected
+ Received

- false
+ true

 ❯ src/everything.spec.ts:8:18
            </failure>
        </testcase>
        <testcase classname="src/everything.spec.ts" name="describe 12 &gt; example test 40" time="0.000017084">
        </testcase>
        <testcase classname="src/everything.spec.ts" name="describe 12 &gt; example test 41" time="0.000068542">
            <failure message="expected true to be false // Object.is equality" type="AssertionError">
AssertionError: expected true to be false // Object.is equality

- Expected
+ Received

- false
+ true

 ❯ src/everything.spec.ts:8:18
            </failure>
        </testcase>
        <testcase classname="src/everything.spec.ts" name="describe 12 &gt; example test 42" time="0.000019375">
        </testcase>
        <testcase classname="src/everything.spec.ts" name="describe 12 &gt; example test 43" time="0.000077709">
            <failure message="expected true to be false // Object.is equality" type="AssertionError">
AssertionError: expected true to be false // Object.is equality

- Expected
+ Received

- false
+ true

 ❯ src/everything.spec.ts:8:18
            </failure>
        </testcase>
        <testcase classname="src/everything.spec.ts" name="describe 12 &gt; example test 44" time="0.000017666">
        </testcase>
        <testcase classname="src/everything.spec.ts" name="describe 12 &gt; example test 45" time="0.000069583">
            <failure message="expected true to be false // Object.is equality" type="AssertionError">
AssertionError: expected true to be false // Object.is equality

- Expected
+ Received

- false
+ true

 ❯ src/everything.spec.ts:8:18
            </failure>
        </testcase>
        <testcase classname="src/everything.spec.ts" name="describe 12 &gt; example test 46" time="0.000017625">
        </testcase>
        <testcase classname="src/everything.spec.ts" name="describe 12 &gt; example test 47" time="0.000069708">
            <failure message="expected true to be false // Object.is equality" type="AssertionError">
AssertionError: expected true to be false // Object.is equality

- Expected
+ Received

- false
+ true

 ❯ src/everything.spec.ts:8:18
            </failure>
        </testcase>
        <testcase classname="src/everything.spec.ts" name="describe 12 &gt; example test 48" time="0.000018708">
        </testcase>
        <testcase classname="src/everything.spec.ts" name="describe 12 &gt; example test 49" time="0.000075292">
            <failure message="expected true to be false // Object.is equality" type="AssertionError">
AssertionError: expected true to be false // Object.is equality

- Expected
+ Received

- false
+ true

 ❯ src/everything.spec.ts:8:18
            </failure>
        </testcase>
        <testcase classname="src/everything.spec.ts" name="describe 12 &gt; example test 50" time="0.000020333">
        </testcase>
        <testcase classname="src/everything.spec.ts" name="describe 12 &gt; example test 51" time="0.000075041">
            <failure message="expected true to be false // Object.is equality" type="AssertionError">
AssertionError: expected true to be false // Object.is equality

- Expected
+ Received

- false
+ true

 ❯ src/everything.spec.ts:8:18
            </failure>
        </testcase>
        <testcase classname="src/everything.spec.ts" name="describe 12 &gt; example test 52" time="0.000019542">
        </testcase>
        <testcase classname="src/everything.spec.ts" name="describe 12 &gt; example test 53" time="0.000072792">
            <failure message="expected true to be false // Object.is equality" type="AssertionError">
AssertionError: expected true to be false // Object.is equality

- Expected
+ Received

- false
+ true

 ❯ src/everything.spec.ts:8:18
            </failure>
        </testcase>
        <testcase classname="src/everything.spec.ts" name="describe 12 &gt; example test 54" time="0.000020875">
        </testcase>
        <testcase classname="src/everything.spec.ts" name="describe 12 &gt; example test 55" time="0.000074125">
            <failure message="expected true to be false // Object.is equality" type="AssertionError">
AssertionError: expected true to be false // Object.is equality

- Expected
+ Received

- false
+ true

 ❯ src/everything.spec.ts:8:18
            </failure>
        </testcase>
        <testcase classname="src/everything.spec.ts" name="describe 12 &gt; example test 56" time="0.000019792">
        </testcase>
        <testcase classname="src/everything.spec.ts" name="describe 12 &gt; example test 57" time="0.000077541">
            <failure message="expected true to be false // Object.is equality" type="AssertionError">
AssertionError: expected true to be false // Object.is equality

- Expected
+ Received

- false
+ true

 ❯ src/everything.spec.ts:8:18
            </failure>
        </testcase>
        <testcase classname="src/everything.spec.ts" name="describe 12 &gt; example test 58" time="0.000020875">
        </testcase>
        <testcase classname="src/everything.spec.ts" name="describe 12 &gt; example test 59" time="0.000077958">
            <failure message="expected true to be false // Object.is equality" type="AssertionError">
AssertionError: expected true to be false // Object.is equality

- Expected
+ Received

- false
+ true

 ❯ src/everything.spec.ts:8:18
            </failure>
        </testcase>
        <testcase classname="src/everything.spec.ts" name="describe 12 &gt; example test 60" time="0.00002">
        </testcase>
        <testcase classname="src/everything.spec.ts" name="describe 12 &gt; example test 61" time="0.000074833">
            <failure message="expected true to be false // Object.is equality" type="AssertionError">
AssertionError: expected true to be false // Object.is equality

- Expected
+ Received

- false
+ true

 ❯ src/everything.spec.ts:8:18
            </failure>
        </testcase>
        <testcase classname="src/everything.spec.ts" name="describe 12 &gt; example test 62" time="0.000018125">
        </testcase>
        <testcase classname="src/everything.spec.ts" name="describe 12 &gt; example test 63" time="0.000073833">
            <failure message="expected true to be false // Object.is equality" type="AssertionError">
AssertionError: expected true to be false // Object.is equality

- Expected
+ Received

- false
+ true

 ❯ src/everything.spec.ts:8:18
            </failure>
        </testcase>
        <testcase classname="src/everything.spec.ts" name="describe 12 &gt; example test 64" time="0.000017208">
        </testcase>
        <testcase classname="src/everything.spec.ts" name="describe 12 &gt; example test 65" time="0.000076709">
            <failure message="expected true to be false // Object.is equality" type="AssertionError">
AssertionError: expected true to be false // Object.is equality

- Expected
+ Received

- false
+ true

 ❯ src/everything.spec.ts:8:18
            </failure>
        </testcase>
        <testcase classname="src/everything.spec.ts" name="describe 12 &gt; example test 66" time="0.000019083">
        </testcase>
        <testcase classname="src/everything.spec.ts" name="describe 12 &gt; example test 67" time="0.0000735">
            <failure message="expected true to be false // Object.is equality" type="AssertionError">
AssertionError: expected true to be false // Object.is equality

- Expected
+ Received

- false
+ true

 ❯ src/everything.spec.ts:8:18
            </failure>
        </testcase>
        <testcase classname="src/everything.spec.ts" name="describe 12 &gt; example test 68" time="0.000019084">
        </testcase>
        <testcase classname="src/everything.spec.ts" name="describe 12 &gt; example test 69" time="0.000073">
            <failure message="expected true to be false // Object.is equality" type="AssertionError">
AssertionError: expected true to be false // Object.is equality

- Expected
+ Received

- false
+ true

 ❯ src/everything.spec.ts:8:18
            </failure>
        </testcase>
        <testcase classname="src/everything.spec.ts" name="describe 12 &gt; example test 70" time="0.000020583">
        </testcase>
        <testcase classname="src/everything.spec.ts" name="describe 12 &gt; example test 71" time="0.000071042">
            <failure message="expected true to be false // Object.is equality" type="AssertionError">
AssertionError: expected true to be false // Object.is equality

- Expected
+ Received

- false
+ true

 ❯ src/everything.spec.ts:8:18
            </failure>
        </testcase>
        <testcase classname="src/everything.spec.ts" name="describe 12 &gt; example test 72" time="0.000017709">
        </testcase>
        <testcase classname="src/everything.spec.ts" name="describe 12 &gt; example test 73" time="0.000072958">
            <failure message="expected true to be false // Object.is equality" type="AssertionError">
AssertionError: expected true to be false // Object.is equality

- Expected
+ Received

- false
+ true

 ❯ src/everything.spec.ts:8:18
            </failure>
        </testcase>
        <testcase classname="src/everything.spec.ts" name="describe 12 &gt; example test 74" time="0.000021">
        </testcase>
        <testcase classname="src/everything.spec.ts" name="describe 12 &gt; example test 75" time="0.00009275">
            <failure message="expected true to be false // Object.is equality" type="AssertionError">
AssertionError: expected true to be false // Object.is equality

- Expected
+ Received

- false
+ true

 ❯ src/everything.spec.ts:8:18
            </failure>
        </testcase>
        <testcase classname="src/everything.spec.ts" name="describe 12 &gt; example test 76" time="0.0000225">
        </testcase>
        <testcase classname="src/everything.spec.ts" name="describe 12 &gt; example test 77" time="0.000076791">
            <failure message="expected true to be false // Object.is equality" type="AssertionError">
AssertionError: expected true to be false // Object.is equality

- Expected
+ Received

- false
+ true

 ❯ src/everything.spec.ts:8:18
            </failure>
        </testcase>
        <testcase classname="src/everything.spec.ts" name="describe 12 &gt; example test 78" time="0.000020334">
        </testcase>
        <testcase classname="src/everything.spec.ts" name="describe 12 &gt; example test 79" time="0.000075792">
            <failure message="expected true to be false // Object.is equality" type="AssertionError">
AssertionError: expected true to be false // Object.is equality

- Expected
+ Received

- false
+ true

 ❯ src/everything.spec.ts:8:18
            </failure>
        </testcase>
        <testcase classname="src/everything.spec.ts" name="describe 12 &gt; example test 80" time="0.000017875">
        </testcase>
        <testcase classname="src/everything.spec.ts" name="describe 12 &gt; example test 81" time="0.000075083">
            <failure message="expected true to be false // Object.is equality" type="AssertionError">
AssertionError: expected true to be false // Object.is equality

- Expected
+ Received

- false
+ true

 ❯ src/everything.spec.ts:8:18
            </failure>
        </testcase>
        <testcase classname="src/everything.spec.ts" name="describe 12 &gt; example test 82" time="0.000019125">
        </testcase>
        <testcase classname="src/everything.spec.ts" name="describe 12 &gt; example test 83" time="0.000073">
            <failure message="expected true to be false // Object.is equality" type="AssertionError">
AssertionError: expected true to be false // Object.is equality

- Expected
+ Received

- false
+ true

 ❯ src/everything.spec.ts:8:18
            </failure>
        </testcase>
        <testcase classname="src/everything.spec.ts" name="describe 12 &gt; example test 84" time="0.000018417">
        </testcase>
        <testcase classname="src/everything.spec.ts" name="describe 12 &gt; example test 85" time="0.000074083">
            <failure message="expected true to be false // Object.is equality" type="AssertionError">
AssertionError: expected true to be false // Object.is equality

- Expected
+ Received

- false
+ true

 ❯ src/everything.spec.ts:8:18
            </failure>
        </testcase>
        <testcase classname="src/everything.spec.ts" name="describe 12 &gt; example test 86" time="0.000017959">
        </testcase>
        <testcase classname="src/everything.spec.ts" name="describe 12 &gt; example test 87" time="0.000525083">
            <failure message="expected true to be false // Object.is equality" type="AssertionError">
AssertionError: expected true to be false // Object.is equality

- Expected
+ Received

- false
+ true

 ❯ src/everything.spec.ts:8:18
            </failure>
        </testcase>
        <testcase classname="src/everything.spec.ts" name="describe 12 &gt; example test 88" time="0.000028584">
        </testcase>
        <testcase classname="src/everything.spec.ts" name="describe 12 &gt; example test 89" time="0.000098334">
            <failure message="expected true to be false // Object.is equality" type="AssertionError">
AssertionError: expected true to be false // Object.is equality

- Expected
+ Received

- false
+ true

 ❯ src/everything.spec.ts:8:18
            </failure>
        </testcase>
        <testcase classname="src/everything.spec.ts" name="describe 12 &gt; example test 90" time="0.000022833">
        </testcase>
        <testcase classname="src/everything.spec.ts" name="describe 12 &gt; example test 91" time="0.000078333">
            <failure message="expected true to be false // Object.is equality" type="AssertionError">
AssertionError: expected true to be false // Object.is equality

- Expected
+ Received

- false
+ true

 ❯ src/everything.spec.ts:8:18
            </failure>
        </testcase>
        <testcase classname="src/everything.spec.ts" name="describe 12 &gt; example test 92" time="0.0000185">
        </testcase>
        <testcase classname="src/everything.spec.ts" name="describe 12 &gt; example test 93" time="0.000073875">
            <failure message="expected true to be false // Object.is equality" type="AssertionError">
AssertionError: expected true to be false // Object.is equality

- Expected
+ Received

- false
+ true

 ❯ src/everything.spec.ts:8:18
            </failure>
        </testcase>
        <testcase classname="src/everything.spec.ts" name="describe 12 &gt; example test 94" time="0.000018542">
        </testcase>
        <testcase classname="src/everything.spec.ts" name="describe 12 &gt; example test 95" time="0.000090958">
            <failure message="expected true to be false // Object.is equality" type="AssertionError">
AssertionError: expected true to be false // Object.is equality

- Expected
+ Received

- false
+ true

 ❯ src/everything.spec.ts:8:18
            </failure>
        </testcase>
        <testcase classname="src/everything.spec.ts" name="describe 12 &gt; example test 96" time="0.000019375">
        </testcase>
        <testcase classname="src/everything.spec.ts" name="describe 12 &gt; example test 97" time="0.0000695">
            <failure message="expected true to be false // Object.is equality" type="AssertionError">
AssertionError: expected true to be false // Object.is equality

- Expected
+ Received

- false
+ true

 ❯ src/everything.spec.ts:8:18
            </failure>
        </testcase>
        <testcase classname="src/everything.spec.ts" name="describe 12 &gt; example test 98" time="0.000020917">
        </testcase>
        <testcase classname="src/everything.spec.ts" name="describe 12 &gt; example test 99" time="0.000069208">
            <failure message="expected true to be false // Object.is equality" type="AssertionError">
AssertionError: expected true to be false // Object.is equality

- Expected
+ Received

- false
+ true

 ❯ src/everything.spec.ts:8:18
            </failure>
        </testcase>
        <testcase classname="src/everything.spec.ts" name="describe 12 &gt; example test 100" time="0.0000185">
        </testcase>
        <testcase classname="src/everything.spec.ts" name="describe 13 &gt; example test 1" time="0.000070334">
            <failure message="expected true to be false // Object.is equality" type="AssertionError">
AssertionError: expected true to be false // Object.is equality

- Expected
+ Received

- false
+ true

 ❯ src/everything.spec.ts:8:18
            </failure>
        </testcase>
        <testcase classname="src/everything.spec.ts" name="describe 13 &gt; example test 2" time="0.000018125">
        </testcase>
        <testcase classname="src/everything.spec.ts" name="describe 13 &gt; example test 3" time="0.000069167">
            <failure message="expected true to be false // Object.is equality" type="AssertionError">
AssertionError: expected true to be false // Object.is equality

- Expected
+ Received

- false
+ true

 ❯ src/everything.spec.ts:8:18
            </failure>
        </testcase>
        <testcase classname="src/everything.spec.ts" name="describe 13 &gt; example test 4" time="0.000017917">
        </testcase>
        <testcase classname="src/everything.spec.ts" name="describe 13 &gt; example test 5" time="0.000067708">
            <failure message="expected true to be false // Object.is equality" type="AssertionError">
AssertionError: expected true to be false // Object.is equality

- Expected
+ Received

- false
+ true

 ❯ src/everything.spec.ts:8:18
            </failure>
        </testcase>
        <testcase classname="src/everything.spec.ts" name="describe 13 &gt; example test 6" time="0.0000185">
        </testcase>
        <testcase classname="src/everything.spec.ts" name="describe 13 &gt; example test 7" time="0.000068458">
            <failure message="expected true to be false // Object.is equality" type="AssertionError">
AssertionError: expected true to be false // Object.is equality

- Expected
+ Received

- false
+ true

 ❯ src/everything.spec.ts:8:18
            </failure>
        </testcase>
        <testcase classname="src/everything.spec.ts" name="describe 13 &gt; example test 8" time="0.000017583">
        </testcase>
        <testcase classname="src/everything.spec.ts" name="describe 13 &gt; example test 9" time="0.000070292">
            <failure message="expected true to be false // Object.is equality" type="AssertionError">
AssertionError: expected true to be false // Object.is equality

- Expected
+ Received

- false
+ true

 ❯ src/everything.spec.ts:8:18
            </failure>
        </testcase>
        <testcase classname="src/everything.spec.ts" name="describe 13 &gt; example test 10" time="0.000031458">
        </testcase>
        <testcase classname="src/everything.spec.ts" name="describe 13 &gt; example test 11" time="0.000069084">
            <failure message="expected true to be false // Object.is equality" type="AssertionError">
AssertionError: expected true to be false // Object.is equality

- Expected
+ Received

- false
+ true

 ❯ src/everything.spec.ts:8:18
            </failure>
        </testcase>
        <testcase classname="src/everything.spec.ts" name="describe 13 &gt; example test 12" time="0.000017792">
        </testcase>
        <testcase classname="src/everything.spec.ts" name="describe 13 &gt; example test 13" time="0.000068416">
            <failure message="expected true to be false // Object.is equality" type="AssertionError">
AssertionError: expected true to be false // Object.is equality

- Expected
+ Received

- false
+ true

 ❯ src/everything.spec.ts:8:18
            </failure>
        </testcase>
        <testcase classname="src/everything.spec.ts" name="describe 13 &gt; example test 14" time="0.00001825">
        </testcase>
        <testcase classname="src/everything.spec.ts" name="describe 13 &gt; example test 15" time="0.000067625">
            <failure message="expected true to be false // Object.is equality" type="AssertionError">
AssertionError: expected true to be false // Object.is equality

- Expected
+ Received

- false
+ true

 ❯ src/everything.spec.ts:8:18
            </failure>
        </testcase>
        <testcase classname="src/everything.spec.ts" name="describe 13 &gt; example test 16" time="0.000018042">
        </testcase>
        <testcase classname="src/everything.spec.ts" name="describe 13 &gt; example test 17" time="0.000069625">
            <failure message="expected true to be false // Object.is equality" type="AssertionError">
AssertionError: expected true to be false // Object.is equality

- Expected
+ Received

- false
+ true

 ❯ src/everything.spec.ts:8:18
            </failure>
        </testcase>
        <testcase classname="src/everything.spec.ts" name="describe 13 &gt; example test 18" time="0.000038959">
        </testcase>
        <testcase classname="src/everything.spec.ts" name="describe 13 &gt; example test 19" time="0.000070834">
            <failure message="expected true to be false // Object.is equality" type="AssertionError">
AssertionError: expected true to be false // Object.is equality

- Expected
+ Received

- false
+ true

 ❯ src/everything.spec.ts:8:18
            </failure>
        </testcase>
        <testcase classname="src/everything.spec.ts" name="describe 13 &gt; example test 20" time="0.000017958">
        </testcase>
        <testcase classname="src/everything.spec.ts" name="describe 13 &gt; example test 21" time="0.00007525">
            <failure message="expected true to be false // Object.is equality" type="AssertionError">
AssertionError: expected true to be false // Object.is equality

- Expected
+ Received

- false
+ true

 ❯ src/everything.spec.ts:8:18
            </failure>
        </testcase>
        <testcase classname="src/everything.spec.ts" name="describe 13 &gt; example test 22" time="0.000021708">
        </testcase>
        <testcase classname="src/everything.spec.ts" name="describe 13 &gt; example test 23" time="0.000073708">
            <failure message="expected true to be false // Object.is equality" type="AssertionError">
AssertionError: expected true to be false // Object.is equality

- Expected
+ Received

- false
+ true

 ❯ src/everything.spec.ts:8:18
            </failure>
        </testcase>
        <testcase classname="src/everything.spec.ts" name="describe 13 &gt; example test 24" time="0.000017583">
        </testcase>
        <testcase classname="src/everything.spec.ts" name="describe 13 &gt; example test 25" time="0.000071292">
            <failure message="expected true to be false // Object.is equality" type="AssertionError">
AssertionError: expected true to be false // Object.is equality

- Expected
+ Received

- false
+ true

 ❯ src/everything.spec.ts:8:18
            </failure>
        </testcase>
        <testcase classname="src/everything.spec.ts" name="describe 13 &gt; example test 26" time="0.000017792">
        </testcase>
        <testcase classname="src/everything.spec.ts" name="describe 13 &gt; example test 27" time="0.000067959">
            <failure message="expected true to be false // Object.is equality" type="AssertionError">
AssertionError: expected true to be false // Object.is equality

- Expected
+ Received

- false
+ true

 ❯ src/everything.spec.ts:8:18
            </failure>
        </testcase>
        <testcase classname="src/everything.spec.ts" name="describe 13 &gt; example test 28" time="0.000017459">
        </testcase>
        <testcase classname="src/everything.spec.ts" name="describe 13 &gt; example test 29" time="0.000071583">
            <failure message="expected true to be false // Object.is equality" type="AssertionError">
AssertionError: expected true to be false // Object.is equality

- Expected
+ Received

- false
+ true

 ❯ src/everything.spec.ts:8:18
            </failure>
        </testcase>
        <testcase classname="src/everything.spec.ts" name="describe 13 &gt; example test 30" time="0.00001825">
        </testcase>
        <testcase classname="src/everything.spec.ts" name="describe 13 &gt; example test 31" time="0.000067916">
            <failure message="expected true to be false // Object.is equality" type="AssertionError">
AssertionError: expected true to be false // Object.is equality

- Expected
+ Received

- false
+ true

 ❯ src/everything.spec.ts:8:18
            </failure>
        </testcase>
        <testcase classname="src/everything.spec.ts" name="describe 13 &gt; example test 32" time="0.000017083">
        </testcase>
        <testcase classname="src/everything.spec.ts" name="describe 13 &gt; example test 33" time="0.000068959">
            <failure message="expected true to be false // Object.is equality" type="AssertionError">
AssertionError: expected true to be false // Object.is equality

- Expected
+ Received

- false
+ true

 ❯ src/everything.spec.ts:8:18
            </failure>
        </testcase>
        <testcase classname="src/everything.spec.ts" name="describe 13 &gt; example test 34" time="0.000022459">
        </testcase>
        <testcase classname="src/everything.spec.ts" name="describe 13 &gt; example test 35" time="0.00006725">
            <failure message="expected true to be false // Object.is equality" type="AssertionError">
AssertionError: expected true to be false // Object.is equality

- Expected
+ Received

- false
+ true

 ❯ src/everything.spec.ts:8:18
            </failure>
        </testcase>
        <testcase classname="src/everything.spec.ts" name="describe 13 &gt; example test 36" time="0.000018958">
        </testcase>
        <testcase classname="src/everything.spec.ts" name="describe 13 &gt; example test 37" time="0.000070708">
            <failure message="expected true to be false // Object.is equality" type="AssertionError">
AssertionError: expected true to be false // Object.is equality

- Expected
+ Received

- false
+ true

 ❯ src/everything.spec.ts:8:18
            </failure>
        </testcase>
        <testcase classname="src/everything.spec.ts" name="describe 13 &gt; example test 38" time="0.000020166">
        </testcase>
        <testcase classname="src/everything.spec.ts" name="describe 13 &gt; example test 39" time="0.000067042">
            <failure message="expected true to be false // Object.is equality" type="AssertionError">
AssertionError: expected true to be false // Object.is equality

- Expected
+ Received

- false
+ true

 ❯ src/everything.spec.ts:8:18
            </failure>
        </testcase>
        <testcase classname="src/everything.spec.ts" name="describe 13 &gt; example test 40" time="0.00002025">
        </testcase>
        <testcase classname="src/everything.spec.ts" name="describe 13 &gt; example test 41" time="0.000068167">
            <failure message="expected true to be false // Object.is equality" type="AssertionError">
AssertionError: expected true to be false // Object.is equality

- Expected
+ Received

- false
+ true

 ❯ src/everything.spec.ts:8:18
            </failure>
        </testcase>
        <testcase classname="src/everything.spec.ts" name="describe 13 &gt; example test 42" time="0.0000185">
        </testcase>
        <testcase classname="src/everything.spec.ts" name="describe 13 &gt; example test 43" time="0.000066625">
            <failure message="expected true to be false // Object.is equality" type="AssertionError">
AssertionError: expected true to be false // Object.is equality

- Expected
+ Received

- false
+ true

 ❯ src/everything.spec.ts:8:18
            </failure>
        </testcase>
        <testcase classname="src/everything.spec.ts" name="describe 13 &gt; example test 44" time="0.000017875">
        </testcase>
        <testcase classname="src/everything.spec.ts" name="describe 13 &gt; example test 45" time="0.000069875">
            <failure message="expected true to be false // Object.is equality" type="AssertionError">
AssertionError: expected true to be false // Object.is equality

- Expected
+ Received

- false
+ true

 ❯ src/everything.spec.ts:8:18
            </failure>
        </testcase>
        <testcase classname="src/everything.spec.ts" name="describe 13 &gt; example test 46" time="0.000020125">
        </testcase>
        <testcase classname="src/everything.spec.ts" name="describe 13 &gt; example test 47" time="0.000066833">
            <failure message="expected true to be false // Object.is equality" type="AssertionError">
AssertionError: expected true to be false // Object.is equality

- Expected
+ Received

- false
+ true

 ❯ src/everything.spec.ts:8:18
            </failure>
        </testcase>
        <testcase classname="src/everything.spec.ts" name="describe 13 &gt; example test 48" time="0.000019083">
        </testcase>
        <testcase classname="src/everything.spec.ts" name="describe 13 &gt; example test 49" time="0.000070875">
            <failure message="expected true to be false // Object.is equality" type="AssertionError">
AssertionError: expected true to be false // Object.is equality

- Expected
+ Received

- false
+ true

 ❯ src/everything.spec.ts:8:18
            </failure>
        </testcase>
        <testcase classname="src/everything.spec.ts" name="describe 13 &gt; example test 50" time="0.000017958">
        </testcase>
        <testcase classname="src/everything.spec.ts" name="describe 13 &gt; example test 51" time="0.000073917">
            <failure message="expected true to be false // Object.is equality" type="AssertionError">
AssertionError: expected true to be false // Object.is equality

- Expected
+ Received

- false
+ true

 ❯ src/everything.spec.ts:8:18
            </failure>
        </testcase>
        <testcase classname="src/everything.spec.ts" name="describe 13 &gt; example test 52" time="0.000017708">
        </testcase>
        <testcase classname="src/everything.spec.ts" name="describe 13 &gt; example test 53" time="0.000070167">
            <failure message="expected true to be false // Object.is equality" type="AssertionError">
AssertionError: expected true to be false // Object.is equality

- Expected
+ Received

- false
+ true

 ❯ src/everything.spec.ts:8:18
            </failure>
        </testcase>
        <testcase classname="src/everything.spec.ts" name="describe 13 &gt; example test 54" time="0.000017916">
        </testcase>
        <testcase classname="src/everything.spec.ts" name="describe 13 &gt; example test 55" time="0.000067209">
            <failure message="expected true to be false // Object.is equality" type="AssertionError">
AssertionError: expected true to be false // Object.is equality

- Expected
+ Received

- false
+ true

 ❯ src/everything.spec.ts:8:18
            </failure>
        </testcase>
        <testcase classname="src/everything.spec.ts" name="describe 13 &gt; example test 56" time="0.000018209">
        </testcase>
        <testcase classname="src/everything.spec.ts" name="describe 13 &gt; example test 57" time="0.000085208">
            <failure message="expected true to be false // Object.is equality" type="AssertionError">
AssertionError: expected true to be false // Object.is equality

- Expected
+ Received

- false
+ true

 ❯ src/everything.spec.ts:8:18
            </failure>
        </testcase>
        <testcase classname="src/everything.spec.ts" name="describe 13 &gt; example test 58" time="0.000017833">
        </testcase>
        <testcase classname="src/everything.spec.ts" name="describe 13 &gt; example test 59" time="0.000072416">
            <failure message="expected true to be false // Object.is equality" type="AssertionError">
AssertionError: expected true to be false // Object.is equality

- Expected
+ Received

- false
+ true

 ❯ src/everything.spec.ts:8:18
            </failure>
        </testcase>
        <testcase classname="src/everything.spec.ts" name="describe 13 &gt; example test 60" time="0.0000185">
        </testcase>
        <testcase classname="src/everything.spec.ts" name="describe 13 &gt; example test 61" time="0.000067416">
            <failure message="expected true to be false // Object.is equality" type="AssertionError">
AssertionError: expected true to be false // Object.is equality

- Expected
+ Received

- false
+ true

 ❯ src/everything.spec.ts:8:18
            </failure>
        </testcase>
        <testcase classname="src/everything.spec.ts" name="describe 13 &gt; example test 62" time="0.000017791">
        </testcase>
        <testcase classname="src/everything.spec.ts" name="describe 13 &gt; example test 63" time="0.000067166">
            <failure message="expected true to be false // Object.is equality" type="AssertionError">
AssertionError: expected true to be false // Object.is equality

- Expected
+ Received

- false
+ true

 ❯ src/everything.spec.ts:8:18
            </failure>
        </testcase>
        <testcase classname="src/everything.spec.ts" name="describe 13 &gt; example test 64" time="0.000017542">
        </testcase>
        <testcase classname="src/everything.spec.ts" name="describe 13 &gt; example test 65" time="0.000066875">
            <failure message="expected true to be false // Object.is equality" type="AssertionError">
AssertionError: expected true to be false // Object.is equality

- Expected
+ Received

- false
+ true

 ❯ src/everything.spec.ts:8:18
            </failure>
        </testcase>
        <testcase classname="src/everything.spec.ts" name="describe 13 &gt; example test 66" time="0.000017208">
        </testcase>
        <testcase classname="src/everything.spec.ts" name="describe 13 &gt; example test 67" time="0.000066875">
            <failure message="expected true to be false // Object.is equality" type="AssertionError">
AssertionError: expected true to be false // Object.is equality

- Expected
+ Received

- false
+ true

 ❯ src/everything.spec.ts:8:18
            </failure>
        </testcase>
        <testcase classname="src/everything.spec.ts" name="describe 13 &gt; example test 68" time="0.000017917">
        </testcase>
        <testcase classname="src/everything.spec.ts" name="describe 13 &gt; example test 69" time="0.00006625">
            <failure message="expected true to be false // Object.is equality" type="AssertionError">
AssertionError: expected true to be false // Object.is equality

- Expected
+ Received

- false
+ true

 ❯ src/everything.spec.ts:8:18
            </failure>
        </testcase>
        <testcase classname="src/everything.spec.ts" name="describe 13 &gt; example test 70" time="0.0000175">
        </testcase>
        <testcase classname="src/everything.spec.ts" name="describe 13 &gt; example test 71" time="0.000067583">
            <failure message="expected true to be false // Object.is equality" type="AssertionError">
AssertionError: expected true to be false // Object.is equality

- Expected
+ Received

- false
+ true

 ❯ src/everything.spec.ts:8:18
            </failure>
        </testcase>
        <testcase classname="src/everything.spec.ts" name="describe 13 &gt; example test 72" time="0.000017708">
        </testcase>
        <testcase classname="src/everything.spec.ts" name="describe 13 &gt; example test 73" time="0.000067542">
            <failure message="expected true to be false // Object.is equality" type="AssertionError">
AssertionError: expected true to be false // Object.is equality

- Expected
+ Received

- false
+ true

 ❯ src/everything.spec.ts:8:18
            </failure>
        </testcase>
        <testcase classname="src/everything.spec.ts" name="describe 13 &gt; example test 74" time="0.000017209">
        </testcase>
        <testcase classname="src/everything.spec.ts" name="describe 13 &gt; example test 75" time="0.000067583">
            <failure message="expected true to be false // Object.is equality" type="AssertionError">
AssertionError: expected true to be false // Object.is equality

- Expected
+ Received

- false
+ true

 ❯ src/everything.spec.ts:8:18
            </failure>
        </testcase>
        <testcase classname="src/everything.spec.ts" name="describe 13 &gt; example test 76" time="0.000017916">
        </testcase>
        <testcase classname="src/everything.spec.ts" name="describe 13 &gt; example test 77" time="0.000067375">
            <failure message="expected true to be false // Object.is equality" type="AssertionError">
AssertionError: expected true to be false // Object.is equality

- Expected
+ Received

- false
+ true

 ❯ src/everything.spec.ts:8:18
            </failure>
        </testcase>
        <testcase classname="src/everything.spec.ts" name="describe 13 &gt; example test 78" time="0.000017666">
        </testcase>
        <testcase classname="src/everything.spec.ts" name="describe 13 &gt; example test 79" time="0.000066875">
            <failure message="expected true to be false // Object.is equality" type="AssertionError">
AssertionError: expected true to be false // Object.is equality

- Expected
+ Received

- false
+ true

 ❯ src/everything.spec.ts:8:18
            </failure>
        </testcase>
        <testcase classname="src/everything.spec.ts" name="describe 13 &gt; example test 80" time="0.000017708">
        </testcase>
        <testcase classname="src/everything.spec.ts" name="describe 13 &gt; example test 81" time="0.000069541">
            <failure message="expected true to be false // Object.is equality" type="AssertionError">
AssertionError: expected true to be false // Object.is equality

- Expected
+ Received

- false
+ true

 ❯ src/everything.spec.ts:8:18
            </failure>
        </testcase>
        <testcase classname="src/everything.spec.ts" name="describe 13 &gt; example test 82" time="0.000017916">
        </testcase>
        <testcase classname="src/everything.spec.ts" name="describe 13 &gt; example test 83" time="0.0000955">
            <failure message="expected true to be false // Object.is equality" type="AssertionError">
AssertionError: expected true to be false // Object.is equality

- Expected
+ Received

- false
+ true

 ❯ src/everything.spec.ts:8:18
            </failure>
        </testcase>
        <testcase classname="src/everything.spec.ts" name="describe 13 &gt; example test 84" time="0.000018417">
        </testcase>
        <testcase classname="src/everything.spec.ts" name="describe 13 &gt; example test 85" time="0.000068042">
            <failure message="expected true to be false // Object.is equality" type="AssertionError">
AssertionError: expected true to be false // Object.is equality

- Expected
+ Received

- false
+ true

 ❯ src/everything.spec.ts:8:18
            </failure>
        </testcase>
        <testcase classname="src/everything.spec.ts" name="describe 13 &gt; example test 86" time="0.000020125">
        </testcase>
        <testcase classname="src/everything.spec.ts" name="describe 13 &gt; example test 87" time="0.0000675">
            <failure message="expected true to be false // Object.is equality" type="AssertionError">
AssertionError: expected true to be false // Object.is equality

- Expected
+ Received

- false
+ true

 ❯ src/everything.spec.ts:8:18
            </failure>
        </testcase>
        <testcase classname="src/everything.spec.ts" name="describe 13 &gt; example test 88" time="0.000017875">
        </testcase>
        <testcase classname="src/everything.spec.ts" name="describe 13 &gt; example test 89" time="0.000066333">
            <failure message="expected true to be false // Object.is equality" type="AssertionError">
AssertionError: expected true to be false // Object.is equality

- Expected
+ Received

- false
+ true

 ❯ src/everything.spec.ts:8:18
            </failure>
        </testcase>
        <testcase classname="src/everything.spec.ts" name="describe 13 &gt; example test 90" time="0.000017083">
        </testcase>
        <testcase classname="src/everything.spec.ts" name="describe 13 &gt; example test 91" time="0.000068042">
            <failure message="expected true to be false // Object.is equality" type="AssertionError">
AssertionError: expected true to be false // Object.is equality

- Expected
+ Received

- false
+ true

 ❯ src/everything.spec.ts:8:18
            </failure>
        </testcase>
        <testcase classname="src/everything.spec.ts" name="describe 13 &gt; example test 92" time="0.000022625">
        </testcase>
        <testcase classname="src/everything.spec.ts" name="describe 13 &gt; example test 93" time="0.000067">
            <failure message="expected true to be false // Object.is equality" type="AssertionError">
AssertionError: expected true to be false // Object.is equality

- Expected
+ Received

- false
+ true

 ❯ src/everything.spec.ts:8:18
            </failure>
        </testcase>
        <testcase classname="src/everything.spec.ts" name="describe 13 &gt; example test 94" time="0.000017625">
        </testcase>
        <testcase classname="src/everything.spec.ts" name="describe 13 &gt; example test 95" time="0.000069375">
            <failure message="expected true to be false // Object.is equality" type="AssertionError">
AssertionError: expected true to be false // Object.is equality

- Expected
+ Received

- false
+ true

 ❯ src/everything.spec.ts:8:18
            </failure>
        </testcase>
        <testcase classname="src/everything.spec.ts" name="describe 13 &gt; example test 96" time="0.00001725">
        </testcase>
        <testcase classname="src/everything.spec.ts" name="describe 13 &gt; example test 97" time="0.000067041">
            <failure message="expected true to be false // Object.is equality" type="AssertionError">
AssertionError: expected true to be false // Object.is equality

- Expected
+ Received

- false
+ true

 ❯ src/everything.spec.ts:8:18
            </failure>
        </testcase>
        <testcase classname="src/everything.spec.ts" name="describe 13 &gt; example test 98" time="0.000017834">
        </testcase>
        <testcase classname="src/everything.spec.ts" name="describe 13 &gt; example test 99" time="0.000067208">
            <failure message="expected true to be false // Object.is equality" type="AssertionError">
AssertionError: expected true to be false // Object.is equality

- Expected
+ Received

- false
+ true

 ❯ src/everything.spec.ts:8:18
            </failure>
        </testcase>
        <testcase classname="src/everything.spec.ts" name="describe 13 &gt; example test 100" time="0.00001875">
        </testcase>
        <testcase classname="src/everything.spec.ts" name="describe 14 &gt; example test 1" time="0.000071833">
            <failure message="expected true to be false // Object.is equality" type="AssertionError">
AssertionError: expected true to be false // Object.is equality

- Expected
+ Received

- false
+ true

 ❯ src/everything.spec.ts:8:18
            </failure>
        </testcase>
        <testcase classname="src/everything.spec.ts" name="describe 14 &gt; example test 2" time="0.000021167">
        </testcase>
        <testcase classname="src/everything.spec.ts" name="describe 14 &gt; example test 3" time="0.000069833">
            <failure message="expected true to be false // Object.is equality" type="AssertionError">
AssertionError: expected true to be false // Object.is equality

- Expected
+ Received

- false
+ true

 ❯ src/everything.spec.ts:8:18
            </failure>
        </testcase>
        <testcase classname="src/everything.spec.ts" name="describe 14 &gt; example test 4" time="0.000018">
        </testcase>
        <testcase classname="src/everything.spec.ts" name="describe 14 &gt; example test 5" time="0.00007325">
            <failure message="expected true to be false // Object.is equality" type="AssertionError">
AssertionError: expected true to be false // Object.is equality

- Expected
+ Received

- false
+ true

 ❯ src/everything.spec.ts:8:18
            </failure>
        </testcase>
        <testcase classname="src/everything.spec.ts" name="describe 14 &gt; example test 6" time="0.000017958">
        </testcase>
        <testcase classname="src/everything.spec.ts" name="describe 14 &gt; example test 7" time="0.000066833">
            <failure message="expected true to be false // Object.is equality" type="AssertionError">
AssertionError: expected true to be false // Object.is equality

- Expected
+ Received

- false
+ true

 ❯ src/everything.spec.ts:8:18
            </failure>
        </testcase>
        <testcase classname="src/everything.spec.ts" name="describe 14 &gt; example test 8" time="0.000018917">
        </testcase>
        <testcase classname="src/everything.spec.ts" name="describe 14 &gt; example test 9" time="0.000070542">
            <failure message="expected true to be false // Object.is equality" type="AssertionError">
AssertionError: expected true to be false // Object.is equality

- Expected
+ Received

- false
+ true

 ❯ src/everything.spec.ts:8:18
            </failure>
        </testcase>
        <testcase classname="src/everything.spec.ts" name="describe 14 &gt; example test 10" time="0.000017917">
        </testcase>
        <testcase classname="src/everything.spec.ts" name="describe 14 &gt; example test 11" time="0.000069042">
            <failure message="expected true to be false // Object.is equality" type="AssertionError">
AssertionError: expected true to be false // Object.is equality

- Expected
+ Received

- false
+ true

 ❯ src/everything.spec.ts:8:18
            </failure>
        </testcase>
        <testcase classname="src/everything.spec.ts" name="describe 14 &gt; example test 12" time="0.000018">
        </testcase>
        <testcase classname="src/everything.spec.ts" name="describe 14 &gt; example test 13" time="0.000067">
            <failure message="expected true to be false // Object.is equality" type="AssertionError">
AssertionError: expected true to be false // Object.is equality

- Expected
+ Received

- false
+ true

 ❯ src/everything.spec.ts:8:18
            </failure>
        </testcase>
        <testcase classname="src/everything.spec.ts" name="describe 14 &gt; example test 14" time="0.00001725">
        </testcase>
        <testcase classname="src/everything.spec.ts" name="describe 14 &gt; example test 15" time="0.000067041">
            <failure message="expected true to be false // Object.is equality" type="AssertionError">
AssertionError: expected true to be false // Object.is equality

- Expected
+ Received

- false
+ true

 ❯ src/everything.spec.ts:8:18
            </failure>
        </testcase>
        <testcase classname="src/everything.spec.ts" name="describe 14 &gt; example test 16" time="0.000019541">
        </testcase>
        <testcase classname="src/everything.spec.ts" name="describe 14 &gt; example test 17" time="0.000070625">
            <failure message="expected true to be false // Object.is equality" type="AssertionError">
AssertionError: expected true to be false // Object.is equality

- Expected
+ Received

- false
+ true

 ❯ src/everything.spec.ts:8:18
            </failure>
        </testcase>
        <testcase classname="src/everything.spec.ts" name="describe 14 &gt; example test 18" time="0.00001775">
        </testcase>
        <testcase classname="src/everything.spec.ts" name="describe 14 &gt; example test 19" time="0.000066">
            <failure message="expected true to be false // Object.is equality" type="AssertionError">
AssertionError: expected true to be false // Object.is equality

- Expected
+ Received

- false
+ true

 ❯ src/everything.spec.ts:8:18
            </failure>
        </testcase>
        <testcase classname="src/everything.spec.ts" name="describe 14 &gt; example test 20" time="0.000017333">
        </testcase>
        <testcase classname="src/everything.spec.ts" name="describe 14 &gt; example test 21" time="0.000074167">
            <failure message="expected true to be false // Object.is equality" type="AssertionError">
AssertionError: expected true to be false // Object.is equality

- Expected
+ Received

- false
+ true

 ❯ src/everything.spec.ts:8:18
            </failure>
        </testcase>
        <testcase classname="src/everything.spec.ts" name="describe 14 &gt; example test 22" time="0.000017416">
        </testcase>
        <testcase classname="src/everything.spec.ts" name="describe 14 &gt; example test 23" time="0.000066541">
            <failure message="expected true to be false // Object.is equality" type="AssertionError">
AssertionError: expected true to be false // Object.is equality

- Expected
+ Received

- false
+ true

 ❯ src/everything.spec.ts:8:18
            </failure>
        </testcase>
        <testcase classname="src/everything.spec.ts" name="describe 14 &gt; example test 24" time="0.000018792">
        </testcase>
        <testcase classname="src/everything.spec.ts" name="describe 14 &gt; example test 25" time="0.000067541">
            <failure message="expected true to be false // Object.is equality" type="AssertionError">
AssertionError: expected true to be false // Object.is equality

- Expected
+ Received

- false
+ true

 ❯ src/everything.spec.ts:8:18
            </failure>
        </testcase>
        <testcase classname="src/everything.spec.ts" name="describe 14 &gt; example test 26" time="0.000018083">
        </testcase>
        <testcase classname="src/everything.spec.ts" name="describe 14 &gt; example test 27" time="0.000066791">
            <failure message="expected true to be false // Object.is equality" type="AssertionError">
AssertionError: expected true to be false // Object.is equality

- Expected
+ Received

- false
+ true

 ❯ src/everything.spec.ts:8:18
            </failure>
        </testcase>
        <testcase classname="src/everything.spec.ts" name="describe 14 &gt; example test 28" time="0.000017125">
        </testcase>
        <testcase classname="src/everything.spec.ts" name="describe 14 &gt; example test 29" time="0.000079">
            <failure message="expected true to be false // Object.is equality" type="AssertionError">
AssertionError: expected true to be false // Object.is equality

- Expected
+ Received

- false
+ true

 ❯ src/everything.spec.ts:8:18
            </failure>
        </testcase>
        <testcase classname="src/everything.spec.ts" name="describe 14 &gt; example test 30" time="0.000018875">
        </testcase>
        <testcase classname="src/everything.spec.ts" name="describe 14 &gt; example test 31" time="0.00006725">
            <failure message="expected true to be false // Object.is equality" type="AssertionError">
AssertionError: expected true to be false // Object.is equality

- Expected
+ Received

- false
+ true

 ❯ src/everything.spec.ts:8:18
            </failure>
        </testcase>
        <testcase classname="src/everything.spec.ts" name="describe 14 &gt; example test 32" time="0.0000175">
        </testcase>
        <testcase classname="src/everything.spec.ts" name="describe 14 &gt; example test 33" time="0.000067792">
            <failure message="expected true to be false // Object.is equality" type="AssertionError">
AssertionError: expected true to be false // Object.is equality

- Expected
+ Received

- false
+ true

 ❯ src/everything.spec.ts:8:18
            </failure>
        </testcase>
        <testcase classname="src/everything.spec.ts" name="describe 14 &gt; example test 34" time="0.000017291">
        </testcase>
        <testcase classname="src/everything.spec.ts" name="describe 14 &gt; example test 35" time="0.00006625">
            <failure message="expected true to be false // Object.is equality" type="AssertionError">
AssertionError: expected true to be false // Object.is equality

- Expected
+ Received

- false
+ true

 ❯ src/everything.spec.ts:8:18
            </failure>
        </testcase>
        <testcase classname="src/everything.spec.ts" name="describe 14 &gt; example test 36" time="0.000017708">
        </testcase>
        <testcase classname="src/everything.spec.ts" name="describe 14 &gt; example test 37" time="0.00008675">
            <failure message="expected true to be false // Object.is equality" type="AssertionError">
AssertionError: expected true to be false // Object.is equality

- Expected
+ Received

- false
+ true

 ❯ src/everything.spec.ts:8:18
            </failure>
        </testcase>
        <testcase classname="src/everything.spec.ts" name="describe 14 &gt; example test 38" time="0.000017959">
        </testcase>
        <testcase classname="src/everything.spec.ts" name="describe 14 &gt; example test 39" time="0.0000665">
            <failure message="expected true to be false // Object.is equality" type="AssertionError">
AssertionError: expected true to be false // Object.is equality

- Expected
+ Received

- false
+ true

 ❯ src/everything.spec.ts:8:18
            </failure>
        </testcase>
        <testcase classname="src/everything.spec.ts" name="describe 14 &gt; example test 40" time="0.000020833">
        </testcase>
        <testcase classname="src/everything.spec.ts" name="describe 14 &gt; example test 41" time="0.0000695">
            <failure message="expected true to be false // Object.is equality" type="AssertionError">
AssertionError: expected true to be false // Object.is equality

- Expected
+ Received

- false
+ true

 ❯ src/everything.spec.ts:8:18
            </failure>
        </testcase>
        <testcase classname="src/everything.spec.ts" name="describe 14 &gt; example test 42" time="0.000019333">
        </testcase>
        <testcase classname="src/everything.spec.ts" name="describe 14 &gt; example test 43" time="0.000068">
            <failure message="expected true to be false // Object.is equality" type="AssertionError">
AssertionError: expected true to be false // Object.is equality

- Expected
+ Received

- false
+ true

 ❯ src/everything.spec.ts:8:18
            </failure>
        </testcase>
        <testcase classname="src/everything.spec.ts" name="describe 14 &gt; example test 44" time="0.00002075">
        </testcase>
        <testcase classname="src/everything.spec.ts" name="describe 14 &gt; example test 45" time="0.000071584">
            <failure message="expected true to be false // Object.is equality" type="AssertionError">
AssertionError: expected true to be false // Object.is equality

- Expected
+ Received

- false
+ true

 ❯ src/everything.spec.ts:8:18
            </failure>
        </testcase>
        <testcase classname="src/everything.spec.ts" name="describe 14 &gt; example test 46" time="0.000020458">
        </testcase>
        <testcase classname="src/everything.spec.ts" name="describe 14 &gt; example test 47" time="0.000069666">
            <failure message="expected true to be false // Object.is equality" type="AssertionError">
AssertionError: expected true to be false // Object.is equality

- Expected
+ Received

- false
+ true

 ❯ src/everything.spec.ts:8:18
            </failure>
        </testcase>
        <testcase classname="src/everything.spec.ts" name="describe 14 &gt; example test 48" time="0.000017833">
        </testcase>
        <testcase classname="src/everything.spec.ts" name="describe 14 &gt; example test 49" time="0.000067">
            <failure message="expected true to be false // Object.is equality" type="AssertionError">
AssertionError: expected true to be false // Object.is equality

- Expected
+ Received

- false
+ true

 ❯ src/everything.spec.ts:8:18
            </failure>
        </testcase>
        <testcase classname="src/everything.spec.ts" name="describe 14 &gt; example test 50" time="0.000017541">
        </testcase>
        <testcase classname="src/everything.spec.ts" name="describe 14 &gt; example test 51" time="0.000072375">
            <failure message="expected true to be false // Object.is equality" type="AssertionError">
AssertionError: expected true to be false // Object.is equality

- Expected
+ Received

- false
+ true

 ❯ src/everything.spec.ts:8:18
            </failure>
        </testcase>
        <testcase classname="src/everything.spec.ts" name="describe 14 &gt; example test 52" time="0.000017167">
        </testcase>
        <testcase classname="src/everything.spec.ts" name="describe 14 &gt; example test 53" time="0.000066417">
            <failure message="expected true to be false // Object.is equality" type="AssertionError">
AssertionError: expected true to be false // Object.is equality

- Expected
+ Received

- false
+ true

 ❯ src/everything.spec.ts:8:18
            </failure>
        </testcase>
        <testcase classname="src/everything.spec.ts" name="describe 14 &gt; example test 54" time="0.000017334">
        </testcase>
        <testcase classname="src/everything.spec.ts" name="describe 14 &gt; example test 55" time="0.000073291">
            <failure message="expected true to be false // Object.is equality" type="AssertionError">
AssertionError: expected true to be false // Object.is equality

- Expected
+ Received

- false
+ true

 ❯ src/everything.spec.ts:8:18
            </failure>
        </testcase>
        <testcase classname="src/everything.spec.ts" name="describe 14 &gt; example test 56" time="0.000017">
        </testcase>
        <testcase classname="src/everything.spec.ts" name="describe 14 &gt; example test 57" time="0.000067">
            <failure message="expected true to be false // Object.is equality" type="AssertionError">
AssertionError: expected true to be false // Object.is equality

- Expected
+ Received

- false
+ true

 ❯ src/everything.spec.ts:8:18
            </failure>
        </testcase>
        <testcase classname="src/everything.spec.ts" name="describe 14 &gt; example test 58" time="0.000020167">
        </testcase>
        <testcase classname="src/everything.spec.ts" name="describe 14 &gt; example test 59" time="0.000069791">
            <failure message="expected true to be false // Object.is equality" type="AssertionError">
AssertionError: expected true to be false // Object.is equality

- Expected
+ Received

- false
+ true

 ❯ src/everything.spec.ts:8:18
            </failure>
        </testcase>
        <testcase classname="src/everything.spec.ts" name="describe 14 &gt; example test 60" time="0.00001775">
        </testcase>
        <testcase classname="src/everything.spec.ts" name="describe 14 &gt; example test 61" time="0.000065834">
            <failure message="expected true to be false // Object.is equality" type="AssertionError">
AssertionError: expected true to be false // Object.is equality

- Expected
+ Received

- false
+ true

 ❯ src/everything.spec.ts:8:18
            </failure>
        </testcase>
        <testcase classname="src/everything.spec.ts" name="describe 14 &gt; example test 62" time="0.000017666">
        </testcase>
        <testcase classname="src/everything.spec.ts" name="describe 14 &gt; example test 63" time="0.000073333">
            <failure message="expected true to be false // Object.is equality" type="AssertionError">
AssertionError: expected true to be false // Object.is equality

- Expected
+ Received

- false
+ true

 ❯ src/everything.spec.ts:8:18
            </failure>
        </testcase>
        <testcase classname="src/everything.spec.ts" name="describe 14 &gt; example test 64" time="0.000017375">
        </testcase>
        <testcase classname="src/everything.spec.ts" name="describe 14 &gt; example test 65" time="0.000066041">
            <failure message="expected true to be false // Object.is equality" type="AssertionError">
AssertionError: expected true to be false // Object.is equality

- Expected
+ Received

- false
+ true

 ❯ src/everything.spec.ts:8:18
            </failure>
        </testcase>
        <testcase classname="src/everything.spec.ts" name="describe 14 &gt; example test 66" time="0.000021042">
        </testcase>
        <testcase classname="src/everything.spec.ts" name="describe 14 &gt; example test 67" time="0.000071625">
            <failure message="expected true to be false // Object.is equality" type="AssertionError">
AssertionError: expected true to be false // Object.is equality

- Expected
+ Received

- false
+ true

 ❯ src/everything.spec.ts:8:18
            </failure>
        </testcase>
        <testcase classname="src/everything.spec.ts" name="describe 14 &gt; example test 68" time="0.000021417">
        </testcase>
        <testcase classname="src/everything.spec.ts" name="describe 14 &gt; example test 69" time="0.00006675">
            <failure message="expected true to be false // Object.is equality" type="AssertionError">
AssertionError: expected true to be false // Object.is equality

- Expected
+ Received

- false
+ true

 ❯ src/everything.spec.ts:8:18
            </failure>
        </testcase>
        <testcase classname="src/everything.spec.ts" name="describe 14 &gt; example test 70" time="0.000017583">
        </testcase>
        <testcase classname="src/everything.spec.ts" name="describe 14 &gt; example test 71" time="0.000069875">
            <failure message="expected true to be false // Object.is equality" type="AssertionError">
AssertionError: expected true to be false // Object.is equality

- Expected
+ Received

- false
+ true

 ❯ src/everything.spec.ts:8:18
            </failure>
        </testcase>
        <testcase classname="src/everything.spec.ts" name="describe 14 &gt; example test 72" time="0.000017583">
        </testcase>
        <testcase classname="src/everything.spec.ts" name="describe 14 &gt; example test 73" time="0.000066791">
            <failure message="expected true to be false // Object.is equality" type="AssertionError">
AssertionError: expected true to be false // Object.is equality

- Expected
+ Received

- false
+ true

 ❯ src/everything.spec.ts:8:18
            </failure>
        </testcase>
        <testcase classname="src/everything.spec.ts" name="describe 14 &gt; example test 74" time="0.000017083">
        </testcase>
        <testcase classname="src/everything.spec.ts" name="describe 14 &gt; example test 75" time="0.000067875">
            <failure message="expected true to be false // Object.is equality" type="AssertionError">
AssertionError: expected true to be false // Object.is equality

- Expected
+ Received

- false
+ true

 ❯ src/everything.spec.ts:8:18
            </failure>
        </testcase>
        <testcase classname="src/everything.spec.ts" name="describe 14 &gt; example test 76" time="0.000017542">
        </testcase>
        <testcase classname="src/everything.spec.ts" name="describe 14 &gt; example test 77" time="0.000069583">
            <failure message="expected true to be false // Object.is equality" type="AssertionError">
AssertionError: expected true to be false // Object.is equality

- Expected
+ Received

- false
+ true

 ❯ src/everything.spec.ts:8:18
            </failure>
        </testcase>
        <testcase classname="src/everything.spec.ts" name="describe 14 &gt; example test 78" time="0.000017333">
        </testcase>
        <testcase classname="src/everything.spec.ts" name="describe 14 &gt; example test 79" time="0.000073416">
            <failure message="expected true to be false // Object.is equality" type="AssertionError">
AssertionError: expected true to be false // Object.is equality

- Expected
+ Received

- false
+ true

 ❯ src/everything.spec.ts:8:18
            </failure>
        </testcase>
        <testcase classname="src/everything.spec.ts" name="describe 14 &gt; example test 80" time="0.000017458">
        </testcase>
        <testcase classname="src/everything.spec.ts" name="describe 14 &gt; example test 81" time="0.000066792">
            <failure message="expected true to be false // Object.is equality" type="AssertionError">
AssertionError: expected true to be false // Object.is equality

- Expected
+ Received

- false
+ true

 ❯ src/everything.spec.ts:8:18
            </failure>
        </testcase>
        <testcase classname="src/everything.spec.ts" name="describe 14 &gt; example test 82" time="0.000017834">
        </testcase>
        <testcase classname="src/everything.spec.ts" name="describe 14 &gt; example test 83" time="0.000069584">
            <failure message="expected true to be false // Object.is equality" type="AssertionError">
AssertionError: expected true to be false // Object.is equality

- Expected
+ Received

- false
+ true

 ❯ src/everything.spec.ts:8:18
            </failure>
        </testcase>
        <testcase classname="src/everything.spec.ts" name="describe 14 &gt; example test 84" time="0.000017">
        </testcase>
        <testcase classname="src/everything.spec.ts" name="describe 14 &gt; example test 85" time="0.000066542">
            <failure message="expected true to be false // Object.is equality" type="AssertionError">
AssertionError: expected true to be false // Object.is equality

- Expected
+ Received

- false
+ true

 ❯ src/everything.spec.ts:8:18
            </failure>
        </testcase>
        <testcase classname="src/everything.spec.ts" name="describe 14 &gt; example test 86" time="0.000017667">
        </testcase>
        <testcase classname="src/everything.spec.ts" name="describe 14 &gt; example test 87" time="0.000067">
            <failure message="expected true to be false // Object.is equality" type="AssertionError">
AssertionError: expected true to be false // Object.is equality

- Expected
+ Received

- false
+ true

 ❯ src/everything.spec.ts:8:18
            </failure>
        </testcase>
        <testcase classname="src/everything.spec.ts" name="describe 14 &gt; example test 88" time="0.000017875">
        </testcase>
        <testcase classname="src/everything.spec.ts" name="describe 14 &gt; example test 89" time="0.000066">
            <failure message="expected true to be false // Object.is equality" type="AssertionError">
AssertionError: expected true to be false // Object.is equality

- Expected
+ Received

- false
+ true

 ❯ src/everything.spec.ts:8:18
            </failure>
        </testcase>
        <testcase classname="src/everything.spec.ts" name="describe 14 &gt; example test 90" time="0.000021167">
        </testcase>
        <testcase classname="src/everything.spec.ts" name="describe 14 &gt; example test 91" time="0.000066041">
            <failure message="expected true to be false // Object.is equality" type="AssertionError">
AssertionError: expected true to be false // Object.is equality

- Expected
+ Received

- false
+ true

 ❯ src/everything.spec.ts:8:18
            </failure>
        </testcase>
        <testcase classname="src/everything.spec.ts" name="describe 14 &gt; example test 92" time="0.000016958">
        </testcase>
        <testcase classname="src/everything.spec.ts" name="describe 14 &gt; example test 93" time="0.000066625">
            <failure message="expected true to be false // Object.is equality" type="AssertionError">
AssertionError: expected true to be false // Object.is equality

- Expected
+ Received

- false
+ true

 ❯ src/everything.spec.ts:8:18
            </failure>
        </testcase>
        <testcase classname="src/everything.spec.ts" name="describe 14 &gt; example test 94" time="0.000021458">
        </testcase>
        <testcase classname="src/everything.spec.ts" name="describe 14 &gt; example test 95" time="0.000069542">
            <failure message="expected true to be false // Object.is equality" type="AssertionError">
AssertionError: expected true to be false // Object.is equality

- Expected
+ Received

- false
+ true

 ❯ src/everything.spec.ts:8:18
            </failure>
        </testcase>
        <testcase classname="src/everything.spec.ts" name="describe 14 &gt; example test 96" time="0.000017291">
        </testcase>
        <testcase classname="src/everything.spec.ts" name="describe 14 &gt; example test 97" time="0.000070625">
            <failure message="expected true to be false // Object.is equality" type="AssertionError">
AssertionError: expected true to be false // Object.is equality

- Expected
+ Received

- false
+ true

 ❯ src/everything.spec.ts:8:18
            </failure>
        </testcase>
        <testcase classname="src/everything.spec.ts" name="describe 14 &gt; example test 98" time="0.000017666">
        </testcase>
        <testcase classname="src/everything.spec.ts" name="describe 14 &gt; example test 99" time="0.000066583">
            <failure message="expected true to be false // Object.is equality" type="AssertionError">
AssertionError: expected true to be false // Object.is equality

- Expected
+ Received

- false
+ true

 ❯ src/everything.spec.ts:8:18
            </failure>
        </testcase>
        <testcase classname="src/everything.spec.ts" name="describe 14 &gt; example test 100" time="0.000017541">
        </testcase>
        <testcase classname="src/everything.spec.ts" name="describe 15 &gt; example test 1" time="0.000068375">
            <failure message="expected true to be false // Object.is equality" type="AssertionError">
AssertionError: expected true to be false // Object.is equality

- Expected
+ Received

- false
+ true

 ❯ src/everything.spec.ts:8:18
            </failure>
        </testcase>
        <testcase classname="src/everything.spec.ts" name="describe 15 &gt; example test 2" time="0.000017375">
        </testcase>
        <testcase classname="src/everything.spec.ts" name="describe 15 &gt; example test 3" time="0.0001175">
            <failure message="expected true to be false // Object.is equality" type="AssertionError">
AssertionError: expected true to be false // Object.is equality

- Expected
+ Received

- false
+ true

 ❯ src/everything.spec.ts:8:18
            </failure>
        </testcase>
        <testcase classname="src/everything.spec.ts" name="describe 15 &gt; example test 4" time="0.000042459">
        </testcase>
        <testcase classname="src/everything.spec.ts" name="describe 15 &gt; example test 5" time="0.000121791">
            <failure message="expected true to be false // Object.is equality" type="AssertionError">
AssertionError: expected true to be false // Object.is equality

- Expected
+ Received

- false
+ true

 ❯ src/everything.spec.ts:8:18
            </failure>
        </testcase>
        <testcase classname="src/everything.spec.ts" name="describe 15 &gt; example test 6" time="0.000029">
        </testcase>
        <testcase classname="src/everything.spec.ts" name="describe 15 &gt; example test 7" time="0.000096375">
            <failure message="expected true to be false // Object.is equality" type="AssertionError">
AssertionError: expected true to be false // Object.is equality

- Expected
+ Received

- false
+ true

 ❯ src/everything.spec.ts:8:18
            </failure>
        </testcase>
        <testcase classname="src/everything.spec.ts" name="describe 15 &gt; example test 8" time="0.000020375">
        </testcase>
        <testcase classname="src/everything.spec.ts" name="describe 15 &gt; example test 9" time="0.000084292">
            <failure message="expected true to be false // Object.is equality" type="AssertionError">
AssertionError: expected true to be false // Object.is equality

- Expected
+ Received

- false
+ true

 ❯ src/everything.spec.ts:8:18
            </failure>
        </testcase>
        <testcase classname="src/everything.spec.ts" name="describe 15 &gt; example test 10" time="0.000021">
        </testcase>
        <testcase classname="src/everything.spec.ts" name="describe 15 &gt; example test 11" time="0.000070208">
            <failure message="expected true to be false // Object.is equality" type="AssertionError">
AssertionError: expected true to be false // Object.is equality

- Expected
+ Received

- false
+ true

 ❯ src/everything.spec.ts:8:18
            </failure>
        </testcase>
        <testcase classname="src/everything.spec.ts" name="describe 15 &gt; example test 12" time="0.000018666">
        </testcase>
        <testcase classname="src/everything.spec.ts" name="describe 15 &gt; example test 13" time="0.00007925">
            <failure message="expected true to be false // Object.is equality" type="AssertionError">
AssertionError: expected true to be false // Object.is equality

- Expected
+ Received

- false
+ true

 ❯ src/everything.spec.ts:8:18
            </failure>
        </testcase>
        <testcase classname="src/everything.spec.ts" name="describe 15 &gt; example test 14" time="0.000018542">
        </testcase>
        <testcase classname="src/everything.spec.ts" name="describe 15 &gt; example test 15" time="0.0000685">
            <failure message="expected true to be false // Object.is equality" type="AssertionError">
AssertionError: expected true to be false // Object.is equality

- Expected
+ Received

- false
+ true

 ❯ src/everything.spec.ts:8:18
            </failure>
        </testcase>
        <testcase classname="src/everything.spec.ts" name="describe 15 &gt; example test 16" time="0.000018166">
        </testcase>
        <testcase classname="src/everything.spec.ts" name="describe 15 &gt; example test 17" time="0.000073625">
            <failure message="expected true to be false // Object.is equality" type="AssertionError">
AssertionError: expected true to be false // Object.is equality

- Expected
+ Received

- false
+ true

 ❯ src/everything.spec.ts:8:18
            </failure>
        </testcase>
        <testcase classname="src/everything.spec.ts" name="describe 15 &gt; example test 18" time="0.000018125">
        </testcase>
        <testcase classname="src/everything.spec.ts" name="describe 15 &gt; example test 19" time="0.000070125">
            <failure message="expected true to be false // Object.is equality" type="AssertionError">
AssertionError: expected true to be false // Object.is equality

- Expected
+ Received

- false
+ true

 ❯ src/everything.spec.ts:8:18
            </failure>
        </testcase>
        <testcase classname="src/everything.spec.ts" name="describe 15 &gt; example test 20" time="0.000018834">
        </testcase>
        <testcase classname="src/everything.spec.ts" name="describe 15 &gt; example test 21" time="0.000071042">
            <failure message="expected true to be false // Object.is equality" type="AssertionError">
AssertionError: expected true to be false // Object.is equality

- Expected
+ Received

- false
+ true

 ❯ src/everything.spec.ts:8:18
            </failure>
        </testcase>
        <testcase classname="src/everything.spec.ts" name="describe 15 &gt; example test 22" time="0.000019791">
        </testcase>
        <testcase classname="src/everything.spec.ts" name="describe 15 &gt; example test 23" time="0.000071833">
            <failure message="expected true to be false // Object.is equality" type="AssertionError">
AssertionError: expected true to be false // Object.is equality

- Expected
+ Received

- false
+ true

 ❯ src/everything.spec.ts:8:18
            </failure>
        </testcase>
        <testcase classname="src/everything.spec.ts" name="describe 15 &gt; example test 24" time="0.000019125">
        </testcase>
        <testcase classname="src/everything.spec.ts" name="describe 15 &gt; example test 25" time="0.000448417">
            <failure message="expected true to be false // Object.is equality" type="AssertionError">
AssertionError: expected true to be false // Object.is equality

- Expected
+ Received

- false
+ true

 ❯ src/everything.spec.ts:8:18
            </failure>
        </testcase>
        <testcase classname="src/everything.spec.ts" name="describe 15 &gt; example test 26" time="0.000021625">
        </testcase>
        <testcase classname="src/everything.spec.ts" name="describe 15 &gt; example test 27" time="0.0000765">
            <failure message="expected true to be false // Object.is equality" type="AssertionError">
AssertionError: expected true to be false // Object.is equality

- Expected
+ Received

- false
+ true

 ❯ src/everything.spec.ts:8:18
            </failure>
        </testcase>
        <testcase classname="src/everything.spec.ts" name="describe 15 &gt; example test 28" time="0.000018375">
        </testcase>
        <testcase classname="src/everything.spec.ts" name="describe 15 &gt; example test 29" time="0.000068958">
            <failure message="expected true to be false // Object.is equality" type="AssertionError">
AssertionError: expected true to be false // Object.is equality

- Expected
+ Received

- false
+ true

 ❯ src/everything.spec.ts:8:18
            </failure>
        </testcase>
        <testcase classname="src/everything.spec.ts" name="describe 15 &gt; example test 30" time="0.00001825">
        </testcase>
        <testcase classname="src/everything.spec.ts" name="describe 15 &gt; example test 31" time="0.0000685">
            <failure message="expected true to be false // Object.is equality" type="AssertionError">
AssertionError: expected true to be false // Object.is equality

- Expected
+ Received

- false
+ true

 ❯ src/everything.spec.ts:8:18
            </failure>
        </testcase>
        <testcase classname="src/everything.spec.ts" name="describe 15 &gt; example test 32" time="0.000018375">
        </testcase>
        <testcase classname="src/everything.spec.ts" name="describe 15 &gt; example test 33" time="0.000069167">
            <failure message="expected true to be false // Object.is equality" type="AssertionError">
AssertionError: expected true to be false // Object.is equality

- Expected
+ Received

- false
+ true

 ❯ src/everything.spec.ts:8:18
            </failure>
        </testcase>
        <testcase classname="src/everything.spec.ts" name="describe 15 &gt; example test 34" time="0.000019708">
        </testcase>
        <testcase classname="src/everything.spec.ts" name="describe 15 &gt; example test 35" time="0.000067375">
            <failure message="expected true to be false // Object.is equality" type="AssertionError">
AssertionError: expected true to be false // Object.is equality

- Expected
+ Received

- false
+ true

 ❯ src/everything.spec.ts:8:18
            </failure>
        </testcase>
        <testcase classname="src/everything.spec.ts" name="describe 15 &gt; example test 36" time="0.00001775">
        </testcase>
        <testcase classname="src/everything.spec.ts" name="describe 15 &gt; example test 37" time="0.000068833">
            <failure message="expected true to be false // Object.is equality" type="AssertionError">
AssertionError: expected true to be false // Object.is equality

- Expected
+ Received

- false
+ true

 ❯ src/everything.spec.ts:8:18
            </failure>
        </testcase>
        <testcase classname="src/everything.spec.ts" name="describe 15 &gt; example test 38" time="0.000021292">
        </testcase>
        <testcase classname="src/everything.spec.ts" name="describe 15 &gt; example test 39" time="0.00007">
            <failure message="expected true to be false // Object.is equality" type="AssertionError">
AssertionError: expected true to be false // Object.is equality

- Expected
+ Received

- false
+ true

 ❯ src/everything.spec.ts:8:18
            </failure>
        </testcase>
        <testcase classname="src/everything.spec.ts" name="describe 15 &gt; example test 40" time="0.0000175">
        </testcase>
        <testcase classname="src/everything.spec.ts" name="describe 15 &gt; example test 41" time="0.0000675">
            <failure message="expected true to be false // Object.is equality" type="AssertionError">
AssertionError: expected true to be false // Object.is equality

- Expected
+ Received

- false
+ true

 ❯ src/everything.spec.ts:8:18
            </failure>
        </testcase>
        <testcase classname="src/everything.spec.ts" name="describe 15 &gt; example test 42" time="0.000017833">
        </testcase>
        <testcase classname="src/everything.spec.ts" name="describe 15 &gt; example test 43" time="0.000068167">
            <failure message="expected true to be false // Object.is equality" type="AssertionError">
AssertionError: expected true to be false // Object.is equality

- Expected
+ Received

- false
+ true

 ❯ src/everything.spec.ts:8:18
            </failure>
        </testcase>
        <testcase classname="src/everything.spec.ts" name="describe 15 &gt; example test 44" time="0.000017417">
        </testcase>
        <testcase classname="src/everything.spec.ts" name="describe 15 &gt; example test 45" time="0.00007375">
            <failure message="expected true to be false // Object.is equality" type="AssertionError">
AssertionError: expected true to be false // Object.is equality

- Expected
+ Received

- false
+ true

 ❯ src/everything.spec.ts:8:18
            </failure>
        </testcase>
        <testcase classname="src/everything.spec.ts" name="describe 15 &gt; example test 46" time="0.000017375">
        </testcase>
        <testcase classname="src/everything.spec.ts" name="describe 15 &gt; example test 47" time="0.000066708">
            <failure message="expected true to be false // Object.is equality" type="AssertionError">
AssertionError: expected true to be false // Object.is equality

- Expected
+ Received

- false
+ true

 ❯ src/everything.spec.ts:8:18
            </failure>
        </testcase>
        <testcase classname="src/everything.spec.ts" name="describe 15 &gt; example test 48" time="0.000034875">
        </testcase>
        <testcase classname="src/everything.spec.ts" name="describe 15 &gt; example test 49" time="0.000070666">
            <failure message="expected true to be false // Object.is equality" type="AssertionError">
AssertionError: expected true to be false // Object.is equality

- Expected
+ Received

- false
+ true

 ❯ src/everything.spec.ts:8:18
            </failure>
        </testcase>
        <testcase classname="src/everything.spec.ts" name="describe 15 &gt; example test 50" time="0.00002125">
        </testcase>
        <testcase classname="src/everything.spec.ts" name="describe 15 &gt; example test 51" time="0.000072625">
            <failure message="expected true to be false // Object.is equality" type="AssertionError">
AssertionError: expected true to be false // Object.is equality

- Expected
+ Received

- false
+ true

 ❯ src/everything.spec.ts:8:18
            </failure>
        </testcase>
        <testcase classname="src/everything.spec.ts" name="describe 15 &gt; example test 52" time="0.000019125">
        </testcase>
        <testcase classname="src/everything.spec.ts" name="describe 15 &gt; example test 53" time="0.000093292">
            <failure message="expected true to be false // Object.is equality" type="AssertionError">
AssertionError: expected true to be false // Object.is equality

- Expected
+ Received

- false
+ true

 ❯ src/everything.spec.ts:8:18
            </failure>
        </testcase>
        <testcase classname="src/everything.spec.ts" name="describe 15 &gt; example test 54" time="0.000020167">
        </testcase>
        <testcase classname="src/everything.spec.ts" name="describe 15 &gt; example test 55" time="0.000066917">
            <failure message="expected true to be false // Object.is equality" type="AssertionError">
AssertionError: expected true to be false // Object.is equality

- Expected
+ Received

- false
+ true

 ❯ src/everything.spec.ts:8:18
            </failure>
        </testcase>
        <testcase classname="src/everything.spec.ts" name="describe 15 &gt; example test 56" time="0.000019042">
        </testcase>
        <testcase classname="src/everything.spec.ts" name="describe 15 &gt; example test 57" time="0.000067917">
            <failure message="expected true to be false // Object.is equality" type="AssertionError">
AssertionError: expected true to be false // Object.is equality

- Expected
+ Received

- false
+ true

 ❯ src/everything.spec.ts:8:18
            </failure>
        </testcase>
        <testcase classname="src/everything.spec.ts" name="describe 15 &gt; example test 58" time="0.00001775">
        </testcase>
        <testcase classname="src/everything.spec.ts" name="describe 15 &gt; example test 59" time="0.000067208">
            <failure message="expected true to be false // Object.is equality" type="AssertionError">
AssertionError: expected true to be false // Object.is equality

- Expected
+ Received

- false
+ true

 ❯ src/everything.spec.ts:8:18
            </failure>
        </testcase>
        <testcase classname="src/everything.spec.ts" name="describe 15 &gt; example test 60" time="0.000019083">
        </testcase>
        <testcase classname="src/everything.spec.ts" name="describe 15 &gt; example test 61" time="0.000076667">
            <failure message="expected true to be false // Object.is equality" type="AssertionError">
AssertionError: expected true to be false // Object.is equality

- Expected
+ Received

- false
+ true

 ❯ src/everything.spec.ts:8:18
            </failure>
        </testcase>
        <testcase classname="src/everything.spec.ts" name="describe 15 &gt; example test 62" time="0.000020833">
        </testcase>
        <testcase classname="src/everything.spec.ts" name="describe 15 &gt; example test 63" time="0.000067291">
            <failure message="expected true to be false // Object.is equality" type="AssertionError">
AssertionError: expected true to be false // Object.is equality

- Expected
+ Received

- false
+ true

 ❯ src/everything.spec.ts:8:18
            </failure>
        </testcase>
        <testcase classname="src/everything.spec.ts" name="describe 15 &gt; example test 64" time="0.000021167">
        </testcase>
        <testcase classname="src/everything.spec.ts" name="describe 15 &gt; example test 65" time="0.000066875">
            <failure message="expected true to be false // Object.is equality" type="AssertionError">
AssertionError: expected true to be false // Object.is equality

- Expected
+ Received

- false
+ true

 ❯ src/everything.spec.ts:8:18
            </failure>
        </testcase>
        <testcase classname="src/everything.spec.ts" name="describe 15 &gt; example test 66" time="0.000036916">
        </testcase>
        <testcase classname="src/everything.spec.ts" name="describe 15 &gt; example test 67" time="0.000067583">
            <failure message="expected true to be false // Object.is equality" type="AssertionError">
AssertionError: expected true to be false // Object.is equality

- Expected
+ Received

- false
+ true

 ❯ src/everything.spec.ts:8:18
            </failure>
        </testcase>
        <testcase classname="src/everything.spec.ts" name="describe 15 &gt; example test 68" time="0.000017958">
        </testcase>
        <testcase classname="src/everything.spec.ts" name="describe 15 &gt; example test 69" time="0.000067166">
            <failure message="expected true to be false // Object.is equality" type="AssertionError">
AssertionError: expected true to be false // Object.is equality

- Expected
+ Received

- false
+ true

 ❯ src/everything.spec.ts:8:18
            </failure>
        </testcase>
        <testcase classname="src/everything.spec.ts" name="describe 15 &gt; example test 70" time="0.000017292">
        </testcase>
        <testcase classname="src/everything.spec.ts" name="describe 15 &gt; example test 71" time="0.000066667">
            <failure message="expected true to be false // Object.is equality" type="AssertionError">
AssertionError: expected true to be false // Object.is equality

- Expected
+ Received

- false
+ true

 ❯ src/everything.spec.ts:8:18
            </failure>
        </testcase>
        <testcase classname="src/everything.spec.ts" name="describe 15 &gt; example test 72" time="0.000018">
        </testcase>
        <testcase classname="src/everything.spec.ts" name="describe 15 &gt; example test 73" time="0.000067708">
            <failure message="expected true to be false // Object.is equality" type="AssertionError">
AssertionError: expected true to be false // Object.is equality

- Expected
+ Received

- false
+ true

 ❯ src/everything.spec.ts:8:18
            </failure>
        </testcase>
        <testcase classname="src/everything.spec.ts" name="describe 15 &gt; example test 74" time="0.000017708">
        </testcase>
        <testcase classname="src/everything.spec.ts" name="describe 15 &gt; example test 75" time="0.000066583">
            <failure message="expected true to be false // Object.is equality" type="AssertionError">
AssertionError: expected true to be false // Object.is equality

- Expected
+ Received

- false
+ true

 ❯ src/everything.spec.ts:8:18
            </failure>
        </testcase>
        <testcase classname="src/everything.spec.ts" name="describe 15 &gt; example test 76" time="0.000020917">
        </testcase>
        <testcase classname="src/everything.spec.ts" name="describe 15 &gt; example test 77" time="0.000069083">
            <failure message="expected true to be false // Object.is equality" type="AssertionError">
AssertionError: expected true to be false // Object.is equality

- Expected
+ Received

- false
+ true

 ❯ src/everything.spec.ts:8:18
            </failure>
        </testcase>
        <testcase classname="src/everything.spec.ts" name="describe 15 &gt; example test 78" time="0.000017792">
        </testcase>
        <testcase classname="src/everything.spec.ts" name="describe 15 &gt; example test 79" time="0.000069292">
            <failure message="expected true to be false // Object.is equality" type="AssertionError">
AssertionError: expected true to be false // Object.is equality

- Expected
+ Received

- false
+ true

 ❯ src/everything.spec.ts:8:18
            </failure>
        </testcase>
        <testcase classname="src/everything.spec.ts" name="describe 15 &gt; example test 80" time="0.000017917">
        </testcase>
        <testcase classname="src/everything.spec.ts" name="describe 15 &gt; example test 81" time="0.000067958">
            <failure message="expected true to be false // Object.is equality" type="AssertionError">
AssertionError: expected true to be false // Object.is equality

- Expected
+ Received

- false
+ true

 ❯ src/everything.spec.ts:8:18
            </failure>
        </testcase>
        <testcase classname="src/everything.spec.ts" name="describe 15 &gt; example test 82" time="0.000017583">
        </testcase>
        <testcase classname="src/everything.spec.ts" name="describe 15 &gt; example test 83" time="0.000069667">
            <failure message="expected true to be false // Object.is equality" type="AssertionError">
AssertionError: expected true to be false // Object.is equality

- Expected
+ Received

- false
+ true

 ❯ src/everything.spec.ts:8:18
            </failure>
        </testcase>
        <testcase classname="src/everything.spec.ts" name="describe 15 &gt; example test 84" time="0.000017708">
        </testcase>
        <testcase classname="src/everything.spec.ts" name="describe 15 &gt; example test 85" time="0.000083292">
            <failure message="expected true to be false // Object.is equality" type="AssertionError">
AssertionError: expected true to be false // Object.is equality

- Expected
+ Received

- false
+ true

 ❯ src/everything.spec.ts:8:18
            </failure>
        </testcase>
        <testcase classname="src/everything.spec.ts" name="describe 15 &gt; example test 86" time="0.000019542">
        </testcase>
        <testcase classname="src/everything.spec.ts" name="describe 15 &gt; example test 87" time="0.000072875">
            <failure message="expected true to be false // Object.is equality" type="AssertionError">
AssertionError: expected true to be false // Object.is equality

- Expected
+ Received

- false
+ true

 ❯ src/everything.spec.ts:8:18
            </failure>
        </testcase>
        <testcase classname="src/everything.spec.ts" name="describe 15 &gt; example test 88" time="0.000018375">
        </testcase>
        <testcase classname="src/everything.spec.ts" name="describe 15 &gt; example test 89" time="0.000072125">
            <failure message="expected true to be false // Object.is equality" type="AssertionError">
AssertionError: expected true to be false // Object.is equality

- Expected
+ Received

- false
+ true

 ❯ src/everything.spec.ts:8:18
            </failure>
        </testcase>
        <testcase classname="src/everything.spec.ts" name="describe 15 &gt; example test 90" time="0.000023042">
        </testcase>
        <testcase classname="src/everything.spec.ts" name="describe 15 &gt; example test 91" time="0.000084083">
            <failure message="expected true to be false // Object.is equality" type="AssertionError">
AssertionError: expected true to be false // Object.is equality

- Expected
+ Received

- false
+ true

 ❯ src/everything.spec.ts:8:18
            </failure>
        </testcase>
        <testcase classname="src/everything.spec.ts" name="describe 15 &gt; example test 92" time="0.000019125">
        </testcase>
        <testcase classname="src/everything.spec.ts" name="describe 15 &gt; example test 93" time="0.000075333">
            <failure message="expected true to be false // Object.is equality" type="AssertionError">
AssertionError: expected true to be false // Object.is equality

- Expected
+ Received

- false
+ true

 ❯ src/everything.spec.ts:8:18
            </failure>
        </testcase>
        <testcase classname="src/everything.spec.ts" name="describe 15 &gt; example test 94" time="0.00001875">
        </testcase>
        <testcase classname="src/everything.spec.ts" name="describe 15 &gt; example test 95" time="0.000081958">
            <failure message="expected true to be false // Object.is equality" type="AssertionError">
AssertionError: expected true to be false // Object.is equality

- Expected
+ Received

- false
+ true

 ❯ src/everything.spec.ts:8:18
            </failure>
        </testcase>
        <testcase classname="src/everything.spec.ts" name="describe 15 &gt; example test 96" time="0.000018833">
        </testcase>
        <testcase classname="src/everything.spec.ts" name="describe 15 &gt; example test 97" time="0.000072459">
            <failure message="expected true to be false // Object.is equality" type="AssertionError">
AssertionError: expected true to be false // Object.is equality

- Expected
+ Received

- false
+ true

 ❯ src/everything.spec.ts:8:18
            </failure>
        </testcase>
        <testcase classname="src/everything.spec.ts" name="describe 15 &gt; example test 98" time="0.000018375">
        </testcase>
        <testcase classname="src/everything.spec.ts" name="describe 15 &gt; example test 99" time="0.000082">
            <failure message="expected true to be false // Object.is equality" type="AssertionError">
AssertionError: expected true to be false // Object.is equality

- Expected
+ Received

- false
+ true

 ❯ src/everything.spec.ts:8:18
            </failure>
        </testcase>
        <testcase classname="src/everything.spec.ts" name="describe 15 &gt; example test 100" time="0.000018333">
        </testcase>
        <testcase classname="src/everything.spec.ts" name="describe 16 &gt; example test 1" time="0.000079875">
            <failure message="expected true to be false // Object.is equality" type="AssertionError">
AssertionError: expected true to be false // Object.is equality

- Expected
+ Received

- false
+ true

 ❯ src/everything.spec.ts:8:18
            </failure>
        </testcase>
        <testcase classname="src/everything.spec.ts" name="describe 16 &gt; example test 2" time="0.000021542">
        </testcase>
        <testcase classname="src/everything.spec.ts" name="describe 16 &gt; example test 3" time="0.000071583">
            <failure message="expected true to be false // Object.is equality" type="AssertionError">
AssertionError: expected true to be false // Object.is equality

- Expected
+ Received

- false
+ true

 ❯ src/everything.spec.ts:8:18
            </failure>
        </testcase>
        <testcase classname="src/everything.spec.ts" name="describe 16 &gt; example test 4" time="0.000018959">
        </testcase>
        <testcase classname="src/everything.spec.ts" name="describe 16 &gt; example test 5" time="0.000141625">
            <failure message="expected true to be false // Object.is equality" type="AssertionError">
AssertionError: expected true to be false // Object.is equality

- Expected
+ Received

- false
+ true

 ❯ src/everything.spec.ts:8:18
            </failure>
        </testcase>
        <testcase classname="src/everything.spec.ts" name="describe 16 &gt; example test 6" time="0.000022917">
        </testcase>
        <testcase classname="src/everything.spec.ts" name="describe 16 &gt; example test 7" time="0.000073584">
            <failure message="expected true to be false // Object.is equality" type="AssertionError">
AssertionError: expected true to be false // Object.is equality

- Expected
+ Received

- false
+ true

 ❯ src/everything.spec.ts:8:18
            </failure>
        </testcase>
        <testcase classname="src/everything.spec.ts" name="describe 16 &gt; example test 8" time="0.000024083">
        </testcase>
        <testcase classname="src/everything.spec.ts" name="describe 16 &gt; example test 9" time="0.000072209">
            <failure message="expected true to be false // Object.is equality" type="AssertionError">
AssertionError: expected true to be false // Object.is equality

- Expected
+ Received

- false
+ true

 ❯ src/everything.spec.ts:8:18
            </failure>
        </testcase>
        <testcase classname="src/everything.spec.ts" name="describe 16 &gt; example test 10" time="0.00001825">
        </testcase>
        <testcase classname="src/everything.spec.ts" name="describe 16 &gt; example test 11" time="0.000077875">
            <failure message="expected true to be false // Object.is equality" type="AssertionError">
AssertionError: expected true to be false // Object.is equality

- Expected
+ Received

- false
+ true

 ❯ src/everything.spec.ts:8:18
            </failure>
        </testcase>
        <testcase classname="src/everything.spec.ts" name="describe 16 &gt; example test 12" time="0.000018459">
        </testcase>
        <testcase classname="src/everything.spec.ts" name="describe 16 &gt; example test 13" time="0.000084667">
            <failure message="expected true to be false // Object.is equality" type="AssertionError">
AssertionError: expected true to be false // Object.is equality

- Expected
+ Received

- false
+ true

 ❯ src/everything.spec.ts:8:18
            </failure>
        </testcase>
        <testcase classname="src/everything.spec.ts" name="describe 16 &gt; example test 14" time="0.000020125">
        </testcase>
        <testcase classname="src/everything.spec.ts" name="describe 16 &gt; example test 15" time="0.000089333">
            <failure message="expected true to be false // Object.is equality" type="AssertionError">
AssertionError: expected true to be false // Object.is equality

- Expected
+ Received

- false
+ true

 ❯ src/everything.spec.ts:8:18
            </failure>
        </testcase>
        <testcase classname="src/everything.spec.ts" name="describe 16 &gt; example test 16" time="0.000018791">
        </testcase>
        <testcase classname="src/everything.spec.ts" name="describe 16 &gt; example test 17" time="0.000087208">
            <failure message="expected true to be false // Object.is equality" type="AssertionError">
AssertionError: expected true to be false // Object.is equality

- Expected
+ Received

- false
+ true

 ❯ src/everything.spec.ts:8:18
            </failure>
        </testcase>
        <testcase classname="src/everything.spec.ts" name="describe 16 &gt; example test 18" time="0.00002025">
        </testcase>
        <testcase classname="src/everything.spec.ts" name="describe 16 &gt; example test 19" time="0.00008425">
            <failure message="expected true to be false // Object.is equality" type="AssertionError">
AssertionError: expected true to be false // Object.is equality

- Expected
+ Received

- false
+ true

 ❯ src/everything.spec.ts:8:18
            </failure>
        </testcase>
        <testcase classname="src/everything.spec.ts" name="describe 16 &gt; example test 20" time="0.000019041">
        </testcase>
        <testcase classname="src/everything.spec.ts" name="describe 16 &gt; example test 21" time="0.000071792">
            <failure message="expected true to be false // Object.is equality" type="AssertionError">
AssertionError: expected true to be false // Object.is equality

- Expected
+ Received

- false
+ true

 ❯ src/everything.spec.ts:8:18
            </failure>
        </testcase>
        <testcase classname="src/everything.spec.ts" name="describe 16 &gt; example test 22" time="0.000018875">
        </testcase>
        <testcase classname="src/everything.spec.ts" name="describe 16 &gt; example test 23" time="0.000113083">
            <failure message="expected true to be false // Object.is equality" type="AssertionError">
AssertionError: expected true to be false // Object.is equality

- Expected
+ Received

- false
+ true

 ❯ src/everything.spec.ts:8:18
            </failure>
        </testcase>
        <testcase classname="src/everything.spec.ts" name="describe 16 &gt; example test 24" time="0.000019375">
        </testcase>
        <testcase classname="src/everything.spec.ts" name="describe 16 &gt; example test 25" time="0.00010825">
            <failure message="expected true to be false // Object.is equality" type="AssertionError">
AssertionError: expected true to be false // Object.is equality

- Expected
+ Received

- false
+ true

 ❯ src/everything.spec.ts:8:18
            </failure>
        </testcase>
        <testcase classname="src/everything.spec.ts" name="describe 16 &gt; example test 26" time="0.000026375">
        </testcase>
        <testcase classname="src/everything.spec.ts" name="describe 16 &gt; example test 27" time="0.000085708">
            <failure message="expected true to be false // Object.is equality" type="AssertionError">
AssertionError: expected true to be false // Object.is equality

- Expected
+ Received

- false
+ true

 ❯ src/everything.spec.ts:8:18
            </failure>
        </testcase>
        <testcase classname="src/everything.spec.ts" name="describe 16 &gt; example test 28" time="0.00001875">
        </testcase>
        <testcase classname="src/everything.spec.ts" name="describe 16 &gt; example test 29" time="0.000069041">
            <failure message="expected true to be false // Object.is equality" type="AssertionError">
AssertionError: expected true to be false // Object.is equality

- Expected
+ Received

- false
+ true

 ❯ src/everything.spec.ts:8:18
            </failure>
        </testcase>
        <testcase classname="src/everything.spec.ts" name="describe 16 &gt; example test 30" time="0.000017875">
        </testcase>
        <testcase classname="src/everything.spec.ts" name="describe 16 &gt; example test 31" time="0.000068166">
            <failure message="expected true to be false // Object.is equality" type="AssertionError">
AssertionError: expected true to be false // Object.is equality

- Expected
+ Received

- false
+ true

 ❯ src/everything.spec.ts:8:18
            </failure>
        </testcase>
        <testcase classname="src/everything.spec.ts" name="describe 16 &gt; example test 32" time="0.000017792">
        </testcase>
        <testcase classname="src/everything.spec.ts" name="describe 16 &gt; example test 33" time="0.000068459">
            <failure message="expected true to be false // Object.is equality" type="AssertionError">
AssertionError: expected true to be false // Object.is equality

- Expected
+ Received

- false
+ true

 ❯ src/everything.spec.ts:8:18
            </failure>
        </testcase>
        <testcase classname="src/everything.spec.ts" name="describe 16 &gt; example test 34" time="0.000017875">
        </testcase>
        <testcase classname="src/everything.spec.ts" name="describe 16 &gt; example test 35" time="0.000067375">
            <failure message="expected true to be false // Object.is equality" type="AssertionError">
AssertionError: expected true to be false // Object.is equality

- Expected
+ Received

- false
+ true

 ❯ src/everything.spec.ts:8:18
            </failure>
        </testcase>
        <testcase classname="src/everything.spec.ts" name="describe 16 &gt; example test 36" time="0.000018334">
        </testcase>
        <testcase classname="src/everything.spec.ts" name="describe 16 &gt; example test 37" time="0.000068625">
            <failure message="expected true to be false // Object.is equality" type="AssertionError">
AssertionError: expected true to be false // Object.is equality

- Expected
+ Received

- false
+ true

 ❯ src/everything.spec.ts:8:18
            </failure>
        </testcase>
        <testcase classname="src/everything.spec.ts" name="describe 16 &gt; example test 38" time="0.000018208">
        </testcase>
        <testcase classname="src/everything.spec.ts" name="describe 16 &gt; example test 39" time="0.000068208">
            <failure message="expected true to be false // Object.is equality" type="AssertionError">
AssertionError: expected true to be false // Object.is equality

- Expected
+ Received

- false
+ true

 ❯ src/everything.spec.ts:8:18
            </failure>
        </testcase>
        <testcase classname="src/everything.spec.ts" name="describe 16 &gt; example test 40" time="0.000018208">
        </testcase>
        <testcase classname="src/everything.spec.ts" name="describe 16 &gt; example test 41" time="0.000071084">
            <failure message="expected true to be false // Object.is equality" type="AssertionError">
AssertionError: expected true to be false // Object.is equality

- Expected
+ Received

- false
+ true

 ❯ src/everything.spec.ts:8:18
            </failure>
        </testcase>
        <testcase classname="src/everything.spec.ts" name="describe 16 &gt; example test 42" time="0.000020584">
        </testcase>
        <testcase classname="src/everything.spec.ts" name="describe 16 &gt; example test 43" time="0.000068417">
            <failure message="expected true to be false // Object.is equality" type="AssertionError">
AssertionError: expected true to be false // Object.is equality

- Expected
+ Received

- false
+ true

 ❯ src/everything.spec.ts:8:18
            </failure>
        </testcase>
        <testcase classname="src/everything.spec.ts" name="describe 16 &gt; example test 44" time="0.000030375">
        </testcase>
        <testcase classname="src/everything.spec.ts" name="describe 16 &gt; example test 45" time="0.000069125">
            <failure message="expected true to be false // Object.is equality" type="AssertionError">
AssertionError: expected true to be false // Object.is equality

- Expected
+ Received

- false
+ true

 ❯ src/everything.spec.ts:8:18
            </failure>
        </testcase>
        <testcase classname="src/everything.spec.ts" name="describe 16 &gt; example test 46" time="0.000018666">
        </testcase>
        <testcase classname="src/everything.spec.ts" name="describe 16 &gt; example test 47" time="0.000068084">
            <failure message="expected true to be false // Object.is equality" type="AssertionError">
AssertionError: expected true to be false // Object.is equality

- Expected
+ Received

- false
+ true

 ❯ src/everything.spec.ts:8:18
            </failure>
        </testcase>
        <testcase classname="src/everything.spec.ts" name="describe 16 &gt; example test 48" time="0.000018041">
        </testcase>
        <testcase classname="src/everything.spec.ts" name="describe 16 &gt; example test 49" time="0.000068834">
            <failure message="expected true to be false // Object.is equality" type="AssertionError">
AssertionError: expected true to be false // Object.is equality

- Expected
+ Received

- false
+ true

 ❯ src/everything.spec.ts:8:18
            </failure>
        </testcase>
        <testcase classname="src/everything.spec.ts" name="describe 16 &gt; example test 50" time="0.000017709">
        </testcase>
        <testcase classname="src/everything.spec.ts" name="describe 16 &gt; example test 51" time="0.000069333">
            <failure message="expected true to be false // Object.is equality" type="AssertionError">
AssertionError: expected true to be false // Object.is equality

- Expected
+ Received

- false
+ true

 ❯ src/everything.spec.ts:8:18
            </failure>
        </testcase>
        <testcase classname="src/everything.spec.ts" name="describe 16 &gt; example test 52" time="0.000017708">
        </testcase>
        <testcase classname="src/everything.spec.ts" name="describe 16 &gt; example test 53" time="0.000068292">
            <failure message="expected true to be false // Object.is equality" type="AssertionError">
AssertionError: expected true to be false // Object.is equality

- Expected
+ Received

- false
+ true

 ❯ src/everything.spec.ts:8:18
            </failure>
        </testcase>
        <testcase classname="src/everything.spec.ts" name="describe 16 &gt; example test 54" time="0.000017708">
        </testcase>
        <testcase classname="src/everything.spec.ts" name="describe 16 &gt; example test 55" time="0.000067209">
            <failure message="expected true to be false // Object.is equality" type="AssertionError">
AssertionError: expected true to be false // Object.is equality

- Expected
+ Received

- false
+ true

 ❯ src/everything.spec.ts:8:18
            </failure>
        </testcase>
        <testcase classname="src/everything.spec.ts" name="describe 16 &gt; example test 56" time="0.000018833">
        </testcase>
        <testcase classname="src/everything.spec.ts" name="describe 16 &gt; example test 57" time="0.000070375">
            <failure message="expected true to be false // Object.is equality" type="AssertionError">
AssertionError: expected true to be false // Object.is equality

- Expected
+ Received

- false
+ true

 ❯ src/everything.spec.ts:8:18
            </failure>
        </testcase>
        <testcase classname="src/everything.spec.ts" name="describe 16 &gt; example test 58" time="0.000017458">
        </testcase>
        <testcase classname="src/everything.spec.ts" name="describe 16 &gt; example test 59" time="0.000070792">
            <failure message="expected true to be false // Object.is equality" type="AssertionError">
AssertionError: expected true to be false // Object.is equality

- Expected
+ Received

- false
+ true

 ❯ src/everything.spec.ts:8:18
            </failure>
        </testcase>
        <testcase classname="src/everything.spec.ts" name="describe 16 &gt; example test 60" time="0.0000175">
        </testcase>
        <testcase classname="src/everything.spec.ts" name="describe 16 &gt; example test 61" time="0.000067791">
            <failure message="expected true to be false // Object.is equality" type="AssertionError">
AssertionError: expected true to be false // Object.is equality

- Expected
+ Received

- false
+ true

 ❯ src/everything.spec.ts:8:18
            </failure>
        </testcase>
        <testcase classname="src/everything.spec.ts" name="describe 16 &gt; example test 62" time="0.000018042">
        </testcase>
        <testcase classname="src/everything.spec.ts" name="describe 16 &gt; example test 63" time="0.000067709">
            <failure message="expected true to be false // Object.is equality" type="AssertionError">
AssertionError: expected true to be false // Object.is equality

- Expected
+ Received

- false
+ true

 ❯ src/everything.spec.ts:8:18
            </failure>
        </testcase>
        <testcase classname="src/everything.spec.ts" name="describe 16 &gt; example test 64" time="0.000018167">
        </testcase>
        <testcase classname="src/everything.spec.ts" name="describe 16 &gt; example test 65" time="0.00007">
            <failure message="expected true to be false // Object.is equality" type="AssertionError">
AssertionError: expected true to be false // Object.is equality

- Expected
+ Received

- false
+ true

 ❯ src/everything.spec.ts:8:18
            </failure>
        </testcase>
        <testcase classname="src/everything.spec.ts" name="describe 16 &gt; example test 66" time="0.000017333">
        </testcase>
        <testcase classname="src/everything.spec.ts" name="describe 16 &gt; example test 67" time="0.000067375">
            <failure message="expected true to be false // Object.is equality" type="AssertionError">
AssertionError: expected true to be false // Object.is equality

- Expected
+ Received

- false
+ true

 ❯ src/everything.spec.ts:8:18
            </failure>
        </testcase>
        <testcase classname="src/everything.spec.ts" name="describe 16 &gt; example test 68" time="0.000018791">
        </testcase>
        <testcase classname="src/everything.spec.ts" name="describe 16 &gt; example test 69" time="0.000067208">
            <failure message="expected true to be false // Object.is equality" type="AssertionError">
AssertionError: expected true to be false // Object.is equality

- Expected
+ Received

- false
+ true

 ❯ src/everything.spec.ts:8:18
            </failure>
        </testcase>
        <testcase classname="src/everything.spec.ts" name="describe 16 &gt; example test 70" time="0.000018042">
        </testcase>
        <testcase classname="src/everything.spec.ts" name="describe 16 &gt; example test 71" time="0.000067958">
            <failure message="expected true to be false // Object.is equality" type="AssertionError">
AssertionError: expected true to be false // Object.is equality

- Expected
+ Received

- false
+ true

 ❯ src/everything.spec.ts:8:18
            </failure>
        </testcase>
        <testcase classname="src/everything.spec.ts" name="describe 16 &gt; example test 72" time="0.00001775">
        </testcase>
        <testcase classname="src/everything.spec.ts" name="describe 16 &gt; example test 73" time="0.000067">
            <failure message="expected true to be false // Object.is equality" type="AssertionError">
AssertionError: expected true to be false // Object.is equality

- Expected
+ Received

- false
+ true

 ❯ src/everything.spec.ts:8:18
            </failure>
        </testcase>
        <testcase classname="src/everything.spec.ts" name="describe 16 &gt; example test 74" time="0.000017917">
        </testcase>
        <testcase classname="src/everything.spec.ts" name="describe 16 &gt; example test 75" time="0.000076167">
            <failure message="expected true to be false // Object.is equality" type="AssertionError">
AssertionError: expected true to be false // Object.is equality

- Expected
+ Received

- false
+ true

 ❯ src/everything.spec.ts:8:18
            </failure>
        </testcase>
        <testcase classname="src/everything.spec.ts" name="describe 16 &gt; example test 76" time="0.000017792">
        </testcase>
        <testcase classname="src/everything.spec.ts" name="describe 16 &gt; example test 77" time="0.000067375">
            <failure message="expected true to be false // Object.is equality" type="AssertionError">
AssertionError: expected true to be false // Object.is equality

- Expected
+ Received

- false
+ true

 ❯ src/everything.spec.ts:8:18
            </failure>
        </testcase>
        <testcase classname="src/everything.spec.ts" name="describe 16 &gt; example test 78" time="0.000022084">
        </testcase>
        <testcase classname="src/everything.spec.ts" name="describe 16 &gt; example test 79" time="0.000068334">
            <failure message="expected true to be false // Object.is equality" type="AssertionError">
AssertionError: expected true to be false // Object.is equality

- Expected
+ Received

- false
+ true

 ❯ src/everything.spec.ts:8:18
            </failure>
        </testcase>
        <testcase classname="src/everything.spec.ts" name="describe 16 &gt; example test 80" time="0.000019">
        </testcase>
        <testcase classname="src/everything.spec.ts" name="describe 16 &gt; example test 81" time="0.000066542">
            <failure message="expected true to be false // Object.is equality" type="AssertionError">
AssertionError: expected true to be false // Object.is equality

- Expected
+ Received

- false
+ true

 ❯ src/everything.spec.ts:8:18
            </failure>
        </testcase>
        <testcase classname="src/everything.spec.ts" name="describe 16 &gt; example test 82" time="0.000018041">
        </testcase>
        <testcase classname="src/everything.spec.ts" name="describe 16 &gt; example test 83" time="0.000070917">
            <failure message="expected true to be false // Object.is equality" type="AssertionError">
AssertionError: expected true to be false // Object.is equality

- Expected
+ Received

- false
+ true

 ❯ src/everything.spec.ts:8:18
            </failure>
        </testcase>
        <testcase classname="src/everything.spec.ts" name="describe 16 &gt; example test 84" time="0.000021292">
        </testcase>
        <testcase classname="src/everything.spec.ts" name="describe 16 &gt; example test 85" time="0.000070042">
            <failure message="expected true to be false // Object.is equality" type="AssertionError">
AssertionError: expected true to be false // Object.is equality

- Expected
+ Received

- false
+ true

 ❯ src/everything.spec.ts:8:18
            </failure>
        </testcase>
        <testcase classname="src/everything.spec.ts" name="describe 16 &gt; example test 86" time="0.000017917">
        </testcase>
        <testcase classname="src/everything.spec.ts" name="describe 16 &gt; example test 87" time="0.000074292">
            <failure message="expected true to be false // Object.is equality" type="AssertionError">
AssertionError: expected true to be false // Object.is equality

- Expected
+ Received

- false
+ true

 ❯ src/everything.spec.ts:8:18
            </failure>
        </testcase>
        <testcase classname="src/everything.spec.ts" name="describe 16 &gt; example test 88" time="0.000017625">
        </testcase>
        <testcase classname="src/everything.spec.ts" name="describe 16 &gt; example test 89" time="0.000067625">
            <failure message="expected true to be false // Object.is equality" type="AssertionError">
AssertionError: expected true to be false // Object.is equality

- Expected
+ Received

- false
+ true

 ❯ src/everything.spec.ts:8:18
            </failure>
        </testcase>
        <testcase classname="src/everything.spec.ts" name="describe 16 &gt; example test 90" time="0.000018125">
        </testcase>
        <testcase classname="src/everything.spec.ts" name="describe 16 &gt; example test 91" time="0.000070458">
            <failure message="expected true to be false // Object.is equality" type="AssertionError">
AssertionError: expected true to be false // Object.is equality

- Expected
+ Received

- false
+ true

 ❯ src/everything.spec.ts:8:18
            </failure>
        </testcase>
        <testcase classname="src/everything.spec.ts" name="describe 16 &gt; example test 92" time="0.000017917">
        </testcase>
        <testcase classname="src/everything.spec.ts" name="describe 16 &gt; example test 93" time="0.000070167">
            <failure message="expected true to be false // Object.is equality" type="AssertionError">
AssertionError: expected true to be false // Object.is equality

- Expected
+ Received

- false
+ true

 ❯ src/everything.spec.ts:8:18
            </failure>
        </testcase>
        <testcase classname="src/everything.spec.ts" name="describe 16 &gt; example test 94" time="0.000017625">
        </testcase>
        <testcase classname="src/everything.spec.ts" name="describe 16 &gt; example test 95" time="0.000069875">
            <failure message="expected true to be false // Object.is equality" type="AssertionError">
AssertionError: expected true to be false // Object.is equality

- Expected
+ Received

- false
+ true

 ❯ src/everything.spec.ts:8:18
            </failure>
        </testcase>
        <testcase classname="src/everything.spec.ts" name="describe 16 &gt; example test 96" time="0.000020958">
        </testcase>
        <testcase classname="src/everything.spec.ts" name="describe 16 &gt; example test 97" time="0.000129166">
            <failure message="expected true to be false // Object.is equality" type="AssertionError">
AssertionError: expected true to be false // Object.is equality

- Expected
+ Received

- false
+ true

 ❯ src/everything.spec.ts:8:18
            </failure>
        </testcase>
        <testcase classname="src/everything.spec.ts" name="describe 16 &gt; example test 98" time="0.000035416">
        </testcase>
        <testcase classname="src/everything.spec.ts" name="describe 16 &gt; example test 99" time="0.000095875">
            <failure message="expected true to be false // Object.is equality" type="AssertionError">
AssertionError: expected true to be false // Object.is equality

- Expected
+ Received

- false
+ true

 ❯ src/everything.spec.ts:8:18
            </failure>
        </testcase>
        <testcase classname="src/everything.spec.ts" name="describe 16 &gt; example test 100" time="0.000024">
        </testcase>
        <testcase classname="src/everything.spec.ts" name="describe 17 &gt; example test 1" time="0.000079292">
            <failure message="expected true to be false // Object.is equality" type="AssertionError">
AssertionError: expected true to be false // Object.is equality

- Expected
+ Received

- false
+ true

 ❯ src/everything.spec.ts:8:18
            </failure>
        </testcase>
        <testcase classname="src/everything.spec.ts" name="describe 17 &gt; example test 2" time="0.000019541">
        </testcase>
        <testcase classname="src/everything.spec.ts" name="describe 17 &gt; example test 3" time="0.000074209">
            <failure message="expected true to be false // Object.is equality" type="AssertionError">
AssertionError: expected true to be false // Object.is equality

- Expected
+ Received

- false
+ true

 ❯ src/everything.spec.ts:8:18
            </failure>
        </testcase>
        <testcase classname="src/everything.spec.ts" name="describe 17 &gt; example test 4" time="0.000019459">
        </testcase>
        <testcase classname="src/everything.spec.ts" name="describe 17 &gt; example test 5" time="0.000071417">
            <failure message="expected true to be false // Object.is equality" type="AssertionError">
AssertionError: expected true to be false // Object.is equality

- Expected
+ Received

- false
+ true

 ❯ src/everything.spec.ts:8:18
            </failure>
        </testcase>
        <testcase classname="src/everything.spec.ts" name="describe 17 &gt; example test 6" time="0.000018375">
        </testcase>
        <testcase classname="src/everything.spec.ts" name="describe 17 &gt; example test 7" time="0.000069917">
            <failure message="expected true to be false // Object.is equality" type="AssertionError">
AssertionError: expected true to be false // Object.is equality

- Expected
+ Received

- false
+ true

 ❯ src/everything.spec.ts:8:18
            </failure>
        </testcase>
        <testcase classname="src/everything.spec.ts" name="describe 17 &gt; example test 8" time="0.000017625">
        </testcase>
        <testcase classname="src/everything.spec.ts" name="describe 17 &gt; example test 9" time="0.000068833">
            <failure message="expected true to be false // Object.is equality" type="AssertionError">
AssertionError: expected true to be false // Object.is equality

- Expected
+ Received

- false
+ true

 ❯ src/everything.spec.ts:8:18
            </failure>
        </testcase>
        <testcase classname="src/everything.spec.ts" name="describe 17 &gt; example test 10" time="0.000018291">
        </testcase>
        <testcase classname="src/everything.spec.ts" name="describe 17 &gt; example test 11" time="0.021092708">
            <failure message="expected true to be false // Object.is equality" type="AssertionError">
AssertionError: expected true to be false // Object.is equality

- Expected
+ Received

- false
+ true

 ❯ src/everything.spec.ts:8:18
            </failure>
        </testcase>
        <testcase classname="src/everything.spec.ts" name="describe 17 &gt; example test 12" time="0.000066084">
        </testcase>
        <testcase classname="src/everything.spec.ts" name="describe 17 &gt; example test 13" time="0.000166167">
            <failure message="expected true to be false // Object.is equality" type="AssertionError">
AssertionError: expected true to be false // Object.is equality

- Expected
+ Received

- false
+ true

 ❯ src/everything.spec.ts:8:18
            </failure>
        </testcase>
        <testcase classname="src/everything.spec.ts" name="describe 17 &gt; example test 14" time="0.000020041">
        </testcase>
        <testcase classname="src/everything.spec.ts" name="describe 17 &gt; example test 15" time="0.000083791">
            <failure message="expected true to be false // Object.is equality" type="AssertionError">
AssertionError: expected true to be false // Object.is equality

- Expected
+ Received

- false
+ true

 ❯ src/everything.spec.ts:8:18
            </failure>
        </testcase>
        <testcase classname="src/everything.spec.ts" name="describe 17 &gt; example test 16" time="0.000018875">
        </testcase>
        <testcase classname="src/everything.spec.ts" name="describe 17 &gt; example test 17" time="0.000069167">
            <failure message="expected true to be false // Object.is equality" type="AssertionError">
AssertionError: expected true to be false // Object.is equality

- Expected
+ Received

- false
+ true

 ❯ src/everything.spec.ts:8:18
            </failure>
        </testcase>
        <testcase classname="src/everything.spec.ts" name="describe 17 &gt; example test 18" time="0.000017834">
        </testcase>
        <testcase classname="src/everything.spec.ts" name="describe 17 &gt; example test 19" time="0.000073584">
            <failure message="expected true to be false // Object.is equality" type="AssertionError">
AssertionError: expected true to be false // Object.is equality

- Expected
+ Received

- false
+ true

 ❯ src/everything.spec.ts:8:18
            </failure>
        </testcase>
        <testcase classname="src/everything.spec.ts" name="describe 17 &gt; example test 20" time="0.000017458">
        </testcase>
        <testcase classname="src/everything.spec.ts" name="describe 17 &gt; example test 21" time="0.000066667">
            <failure message="expected true to be false // Object.is equality" type="AssertionError">
AssertionError: expected true to be false // Object.is equality

- Expected
+ Received

- false
+ true

 ❯ src/everything.spec.ts:8:18
            </failure>
        </testcase>
        <testcase classname="src/everything.spec.ts" name="describe 17 &gt; example test 22" time="0.000017375">
        </testcase>
        <testcase classname="src/everything.spec.ts" name="describe 17 &gt; example test 23" time="0.000068875">
            <failure message="expected true to be false // Object.is equality" type="AssertionError">
AssertionError: expected true to be false // Object.is equality

- Expected
+ Received

- false
+ true

 ❯ src/everything.spec.ts:8:18
            </failure>
        </testcase>
        <testcase classname="src/everything.spec.ts" name="describe 17 &gt; example test 24" time="0.00001725">
        </testcase>
        <testcase classname="src/everything.spec.ts" name="describe 17 &gt; example test 25" time="0.000067916">
            <failure message="expected true to be false // Object.is equality" type="AssertionError">
AssertionError: expected true to be false // Object.is equality

- Expected
+ Received

- false
+ true

 ❯ src/everything.spec.ts:8:18
            </failure>
        </testcase>
        <testcase classname="src/everything.spec.ts" name="describe 17 &gt; example test 26" time="0.000016875">
        </testcase>
        <testcase classname="src/everything.spec.ts" name="describe 17 &gt; example test 27" time="0.000065833">
            <failure message="expected true to be false // Object.is equality" type="AssertionError">
AssertionError: expected true to be false // Object.is equality

- Expected
+ Received

- false
+ true

 ❯ src/everything.spec.ts:8:18
            </failure>
        </testcase>
        <testcase classname="src/everything.spec.ts" name="describe 17 &gt; example test 28" time="0.000017333">
        </testcase>
        <testcase classname="src/everything.spec.ts" name="describe 17 &gt; example test 29" time="0.00006525">
            <failure message="expected true to be false // Object.is equality" type="AssertionError">
AssertionError: expected true to be false // Object.is equality

- Expected
+ Received

- false
+ true

 ❯ src/everything.spec.ts:8:18
            </failure>
        </testcase>
        <testcase classname="src/everything.spec.ts" name="describe 17 &gt; example test 30" time="0.000017459">
        </testcase>
        <testcase classname="src/everything.spec.ts" name="describe 17 &gt; example test 31" time="0.000065542">
            <failure message="expected true to be false // Object.is equality" type="AssertionError">
AssertionError: expected true to be false // Object.is equality

- Expected
+ Received

- false
+ true

 ❯ src/everything.spec.ts:8:18
            </failure>
        </testcase>
        <testcase classname="src/everything.spec.ts" name="describe 17 &gt; example test 32" time="0.000017125">
        </testcase>
        <testcase classname="src/everything.spec.ts" name="describe 17 &gt; example test 33" time="0.000071166">
            <failure message="expected true to be false // Object.is equality" type="AssertionError">
AssertionError: expected true to be false // Object.is equality

- Expected
+ Received

- false
+ true

 ❯ src/everything.spec.ts:8:18
            </failure>
        </testcase>
        <testcase classname="src/everything.spec.ts" name="describe 17 &gt; example test 34" time="0.00004">
        </testcase>
        <testcase classname="src/everything.spec.ts" name="describe 17 &gt; example test 35" time="0.000068459">
            <failure message="expected true to be false // Object.is equality" type="AssertionError">
AssertionError: expected true to be false // Object.is equality

- Expected
+ Received

- false
+ true

 ❯ src/everything.spec.ts:8:18
            </failure>
        </testcase>
        <testcase classname="src/everything.spec.ts" name="describe 17 &gt; example test 36" time="0.000017375">
        </testcase>
        <testcase classname="src/everything.spec.ts" name="describe 17 &gt; example test 37" time="0.000067458">
            <failure message="expected true to be false // Object.is equality" type="AssertionError">
AssertionError: expected true to be false // Object.is equality

- Expected
+ Received

- false
+ true

 ❯ src/everything.spec.ts:8:18
            </failure>
        </testcase>
        <testcase classname="src/everything.spec.ts" name="describe 17 &gt; example test 38" time="0.00001725">
        </testcase>
        <testcase classname="src/everything.spec.ts" name="describe 17 &gt; example test 39" time="0.000066334">
            <failure message="expected true to be false // Object.is equality" type="AssertionError">
AssertionError: expected true to be false // Object.is equality

- Expected
+ Received

- false
+ true

 ❯ src/everything.spec.ts:8:18
            </failure>
        </testcase>
        <testcase classname="src/everything.spec.ts" name="describe 17 &gt; example test 40" time="0.000017417">
        </testcase>
        <testcase classname="src/everything.spec.ts" name="describe 17 &gt; example test 41" time="0.000069958">
            <failure message="expected true to be false // Object.is equality" type="AssertionError">
AssertionError: expected true to be false // Object.is equality

- Expected
+ Received

- false
+ true

 ❯ src/everything.spec.ts:8:18
            </failure>
        </testcase>
        <testcase classname="src/everything.spec.ts" name="describe 17 &gt; example test 42" time="0.000018917">
        </testcase>
        <testcase classname="src/everything.spec.ts" name="describe 17 &gt; example test 43" time="0.000067458">
            <failure message="expected true to be false // Object.is equality" type="AssertionError">
AssertionError: expected true to be false // Object.is equality

- Expected
+ Received

- false
+ true

 ❯ src/everything.spec.ts:8:18
            </failure>
        </testcase>
        <testcase classname="src/everything.spec.ts" name="describe 17 &gt; example test 44" time="0.000017333">
        </testcase>
        <testcase classname="src/everything.spec.ts" name="describe 17 &gt; example test 45" time="0.000085834">
            <failure message="expected true to be false // Object.is equality" type="AssertionError">
AssertionError: expected true to be false // Object.is equality

- Expected
+ Received

- false
+ true

 ❯ src/everything.spec.ts:8:18
            </failure>
        </testcase>
        <testcase classname="src/everything.spec.ts" name="describe 17 &gt; example test 46" time="0.000019333">
        </testcase>
        <testcase classname="src/everything.spec.ts" name="describe 17 &gt; example test 47" time="0.000064375">
            <failure message="expected true to be false // Object.is equality" type="AssertionError">
AssertionError: expected true to be false // Object.is equality

- Expected
+ Received

- false
+ true

 ❯ src/everything.spec.ts:8:18
            </failure>
        </testcase>
        <testcase classname="src/everything.spec.ts" name="describe 17 &gt; example test 48" time="0.000016709">
        </testcase>
        <testcase classname="src/everything.spec.ts" name="describe 17 &gt; example test 49" time="0.000069917">
            <failure message="expected true to be false // Object.is equality" type="AssertionError">
AssertionError: expected true to be false // Object.is equality

- Expected
+ Received

- false
+ true

 ❯ src/everything.spec.ts:8:18
            </failure>
        </testcase>
        <testcase classname="src/everything.spec.ts" name="describe 17 &gt; example test 50" time="0.000016959">
        </testcase>
        <testcase classname="src/everything.spec.ts" name="describe 17 &gt; example test 51" time="0.000071333">
            <failure message="expected true to be false // Object.is equality" type="AssertionError">
AssertionError: expected true to be false // Object.is equality

- Expected
+ Received

- false
+ true

 ❯ src/everything.spec.ts:8:18
            </failure>
        </testcase>
        <testcase classname="src/everything.spec.ts" name="describe 17 &gt; example test 52" time="0.000017083">
        </testcase>
        <testcase classname="src/everything.spec.ts" name="describe 17 &gt; example test 53" time="0.000070167">
            <failure message="expected true to be false // Object.is equality" type="AssertionError">
AssertionError: expected true to be false // Object.is equality

- Expected
+ Received

- false
+ true

 ❯ src/everything.spec.ts:8:18
            </failure>
        </testcase>
        <testcase classname="src/everything.spec.ts" name="describe 17 &gt; example test 54" time="0.000018125">
        </testcase>
        <testcase classname="src/everything.spec.ts" name="describe 17 &gt; example test 55" time="0.00006375">
            <failure message="expected true to be false // Object.is equality" type="AssertionError">
AssertionError: expected true to be false // Object.is equality

- Expected
+ Received

- false
+ true

 ❯ src/everything.spec.ts:8:18
            </failure>
        </testcase>
        <testcase classname="src/everything.spec.ts" name="describe 17 &gt; example test 56" time="0.000019709">
        </testcase>
        <testcase classname="src/everything.spec.ts" name="describe 17 &gt; example test 57" time="0.000064958">
            <failure message="expected true to be false // Object.is equality" type="AssertionError">
AssertionError: expected true to be false // Object.is equality

- Expected
+ Received

- false
+ true

 ❯ src/everything.spec.ts:8:18
            </failure>
        </testcase>
        <testcase classname="src/everything.spec.ts" name="describe 17 &gt; example test 58" time="0.00001675">
        </testcase>
        <testcase classname="src/everything.spec.ts" name="describe 17 &gt; example test 59" time="0.000063583">
            <failure message="expected true to be false // Object.is equality" type="AssertionError">
AssertionError: expected true to be false // Object.is equality

- Expected
+ Received

- false
+ true

 ❯ src/everything.spec.ts:8:18
            </failure>
        </testcase>
        <testcase classname="src/everything.spec.ts" name="describe 17 &gt; example test 60" time="0.000021625">
        </testcase>
        <testcase classname="src/everything.spec.ts" name="describe 17 &gt; example test 61" time="0.000065">
            <failure message="expected true to be false // Object.is equality" type="AssertionError">
AssertionError: expected true to be false // Object.is equality

- Expected
+ Received

- false
+ true

 ❯ src/everything.spec.ts:8:18
            </failure>
        </testcase>
        <testcase classname="src/everything.spec.ts" name="describe 17 &gt; example test 62" time="0.000018625">
        </testcase>
        <testcase classname="src/everything.spec.ts" name="describe 17 &gt; example test 63" time="0.000065416">
            <failure message="expected true to be false // Object.is equality" type="AssertionError">
AssertionError: expected true to be false // Object.is equality

- Expected
+ Received

- false
+ true

 ❯ src/everything.spec.ts:8:18
            </failure>
        </testcase>
        <testcase classname="src/everything.spec.ts" name="describe 17 &gt; example test 64" time="0.00001675">
        </testcase>
        <testcase classname="src/everything.spec.ts" name="describe 17 &gt; example test 65" time="0.000071375">
            <failure message="expected true to be false // Object.is equality" type="AssertionError">
AssertionError: expected true to be false // Object.is equality

- Expected
+ Received

- false
+ true

 ❯ src/everything.spec.ts:8:18
            </failure>
        </testcase>
        <testcase classname="src/everything.spec.ts" name="describe 17 &gt; example test 66" time="0.000017625">
        </testcase>
        <testcase classname="src/everything.spec.ts" name="describe 17 &gt; example test 67" time="0.000067167">
            <failure message="expected true to be false // Object.is equality" type="AssertionError">
AssertionError: expected true to be false // Object.is equality

- Expected
+ Received

- false
+ true

 ❯ src/everything.spec.ts:8:18
            </failure>
        </testcase>
        <testcase classname="src/everything.spec.ts" name="describe 17 &gt; example test 68" time="0.000019167">
        </testcase>
        <testcase classname="src/everything.spec.ts" name="describe 17 &gt; example test 69" time="0.000065875">
            <failure message="expected true to be false // Object.is equality" type="AssertionError">
AssertionError: expected true to be false // Object.is equality

- Expected
+ Received

- false
+ true

 ❯ src/everything.spec.ts:8:18
            </failure>
        </testcase>
        <testcase classname="src/everything.spec.ts" name="describe 17 &gt; example test 70" time="0.000022125">
        </testcase>
        <testcase classname="src/everything.spec.ts" name="describe 17 &gt; example test 71" time="0.000065166">
            <failure message="expected true to be false // Object.is equality" type="AssertionError">
AssertionError: expected true to be false // Object.is equality

- Expected
+ Received

- false
+ true

 ❯ src/everything.spec.ts:8:18
            </failure>
        </testcase>
        <testcase classname="src/everything.spec.ts" name="describe 17 &gt; example test 72" time="0.000018">
        </testcase>
        <testcase classname="src/everything.spec.ts" name="describe 17 &gt; example test 73" time="0.000066125">
            <failure message="expected true to be false // Object.is equality" type="AssertionError">
AssertionError: expected true to be false // Object.is equality

- Expected
+ Received

- false
+ true

 ❯ src/everything.spec.ts:8:18
            </failure>
        </testcase>
        <testcase classname="src/everything.spec.ts" name="describe 17 &gt; example test 74" time="0.000021125">
        </testcase>
        <testcase classname="src/everything.spec.ts" name="describe 17 &gt; example test 75" time="0.000071333">
            <failure message="expected true to be false // Object.is equality" type="AssertionError">
AssertionError: expected true to be false // Object.is equality

- Expected
+ Received

- false
+ true

 ❯ src/everything.spec.ts:8:18
            </failure>
        </testcase>
        <testcase classname="src/everything.spec.ts" name="describe 17 &gt; example test 76" time="0.000019792">
        </testcase>
        <testcase classname="src/everything.spec.ts" name="describe 17 &gt; example test 77" time="0.000066416">
            <failure message="expected true to be false // Object.is equality" type="AssertionError">
AssertionError: expected true to be false // Object.is equality

- Expected
+ Received

- false
+ true

 ❯ src/everything.spec.ts:8:18
            </failure>
        </testcase>
        <testcase classname="src/everything.spec.ts" name="describe 17 &gt; example test 78" time="0.000018167">
        </testcase>
        <testcase classname="src/everything.spec.ts" name="describe 17 &gt; example test 79" time="0.000063792">
            <failure message="expected true to be false // Object.is equality" type="AssertionError">
AssertionError: expected true to be false // Object.is equality

- Expected
+ Received

- false
+ true

 ❯ src/everything.spec.ts:8:18
            </failure>
        </testcase>
        <testcase classname="src/everything.spec.ts" name="describe 17 &gt; example test 80" time="0.000017791">
        </testcase>
        <testcase classname="src/everything.spec.ts" name="describe 17 &gt; example test 81" time="0.000065167">
            <failure message="expected true to be false // Object.is equality" type="AssertionError">
AssertionError: expected true to be false // Object.is equality

- Expected
+ Received

- false
+ true

 ❯ src/everything.spec.ts:8:18
            </failure>
        </testcase>
        <testcase classname="src/everything.spec.ts" name="describe 17 &gt; example test 82" time="0.00001825">
        </testcase>
        <testcase classname="src/everything.spec.ts" name="describe 17 &gt; example test 83" time="0.000067792">
            <failure message="expected true to be false // Object.is equality" type="AssertionError">
AssertionError: expected true to be false // Object.is equality

- Expected
+ Received

- false
+ true

 ❯ src/everything.spec.ts:8:18
            </failure>
        </testcase>
        <testcase classname="src/everything.spec.ts" name="describe 17 &gt; example test 84" time="0.000016333">
        </testcase>
        <testcase classname="src/everything.spec.ts" name="describe 17 &gt; example test 85" time="0.000065167">
            <failure message="expected true to be false // Object.is equality" type="AssertionError">
AssertionError: expected true to be false // Object.is equality

- Expected
+ Received

- false
+ true

 ❯ src/everything.spec.ts:8:18
            </failure>
        </testcase>
        <testcase classname="src/everything.spec.ts" name="describe 17 &gt; example test 86" time="0.000020209">
        </testcase>
        <testcase classname="src/everything.spec.ts" name="describe 17 &gt; example test 87" time="0.000064541">
            <failure message="expected true to be false // Object.is equality" type="AssertionError">
AssertionError: expected true to be false // Object.is equality

- Expected
+ Received

- false
+ true

 ❯ src/everything.spec.ts:8:18
            </failure>
        </testcase>
        <testcase classname="src/everything.spec.ts" name="describe 17 &gt; example test 88" time="0.000016916">
        </testcase>
        <testcase classname="src/everything.spec.ts" name="describe 17 &gt; example test 89" time="0.000067375">
            <failure message="expected true to be false // Object.is equality" type="AssertionError">
AssertionError: expected true to be false // Object.is equality

- Expected
+ Received

- false
+ true

 ❯ src/everything.spec.ts:8:18
            </failure>
        </testcase>
        <testcase classname="src/everything.spec.ts" name="describe 17 &gt; example test 90" time="0.000020875">
        </testcase>
        <testcase classname="src/everything.spec.ts" name="describe 17 &gt; example test 91" time="0.000074291">
            <failure message="expected true to be false // Object.is equality" type="AssertionError">
AssertionError: expected true to be false // Object.is equality

- Expected
+ Received

- false
+ true

 ❯ src/everything.spec.ts:8:18
            </failure>
        </testcase>
        <testcase classname="src/everything.spec.ts" name="describe 17 &gt; example test 92" time="0.000016625">
        </testcase>
        <testcase classname="src/everything.spec.ts" name="describe 17 &gt; example test 93" time="0.000063167">
            <failure message="expected true to be false // Object.is equality" type="AssertionError">
AssertionError: expected true to be false // Object.is equality

- Expected
+ Received

- false
+ true

 ❯ src/everything.spec.ts:8:18
            </failure>
        </testcase>
        <testcase classname="src/everything.spec.ts" name="describe 17 &gt; example test 94" time="0.000017166">
        </testcase>
        <testcase classname="src/everything.spec.ts" name="describe 17 &gt; example test 95" time="0.00006825">
            <failure message="expected true to be false // Object.is equality" type="AssertionError">
AssertionError: expected true to be false // Object.is equality

- Expected
+ Received

- false
+ true

 ❯ src/everything.spec.ts:8:18
            </failure>
        </testcase>
        <testcase classname="src/everything.spec.ts" name="describe 17 &gt; example test 96" time="0.00001825">
        </testcase>
        <testcase classname="src/everything.spec.ts" name="describe 17 &gt; example test 97" time="0.00006625">
            <failure message="expected true to be false // Object.is equality" type="AssertionError">
AssertionError: expected true to be false // Object.is equality

- Expected
+ Received

- false
+ true

 ❯ src/everything.spec.ts:8:18
            </failure>
        </testcase>
        <testcase classname="src/everything.spec.ts" name="describe 17 &gt; example test 98" time="0.000016541">
        </testcase>
        <testcase classname="src/everything.spec.ts" name="describe 17 &gt; example test 99" time="0.000068042">
            <failure message="expected true to be false // Object.is equality" type="AssertionError">
AssertionError: expected true to be false // Object.is equality

- Expected
+ Received

- false
+ true

 ❯ src/everything.spec.ts:8:18
            </failure>
        </testcase>
        <testcase classname="src/everything.spec.ts" name="describe 17 &gt; example test 100" time="0.000020166">
        </testcase>
        <testcase classname="src/everything.spec.ts" name="describe 18 &gt; example test 1" time="0.00006925">
            <failure message="expected true to be false // Object.is equality" type="AssertionError">
AssertionError: expected true to be false // Object.is equality

- Expected
+ Received

- false
+ true

 ❯ src/everything.spec.ts:8:18
            </failure>
        </testcase>
        <testcase classname="src/everything.spec.ts" name="describe 18 &gt; example test 2" time="0.000019375">
        </testcase>
        <testcase classname="src/everything.spec.ts" name="describe 18 &gt; example test 3" time="0.00006825">
            <failure message="expected true to be false // Object.is equality" type="AssertionError">
AssertionError: expected true to be false // Object.is equality

- Expected
+ Received

- false
+ true

 ❯ src/everything.spec.ts:8:18
            </failure>
        </testcase>
        <testcase classname="src/everything.spec.ts" name="describe 18 &gt; example test 4" time="0.000019542">
        </testcase>
        <testcase classname="src/everything.spec.ts" name="describe 18 &gt; example test 5" time="0.000068417">
            <failure message="expected true to be false // Object.is equality" type="AssertionError">
AssertionError: expected true to be false // Object.is equality

- Expected
+ Received

- false
+ true

 ❯ src/everything.spec.ts:8:18
            </failure>
        </testcase>
        <testcase classname="src/everything.spec.ts" name="describe 18 &gt; example test 6" time="0.0000195">
        </testcase>
        <testcase classname="src/everything.spec.ts" name="describe 18 &gt; example test 7" time="0.00006825">
            <failure message="expected true to be false // Object.is equality" type="AssertionError">
AssertionError: expected true to be false // Object.is equality

- Expected
+ Received

- false
+ true

 ❯ src/everything.spec.ts:8:18
            </failure>
        </testcase>
        <testcase classname="src/everything.spec.ts" name="describe 18 &gt; example test 8" time="0.000019084">
        </testcase>
        <testcase classname="src/everything.spec.ts" name="describe 18 &gt; example test 9" time="0.000067541">
            <failure message="expected true to be false // Object.is equality" type="AssertionError">
AssertionError: expected true to be false // Object.is equality

- Expected
+ Received

- false
+ true

 ❯ src/everything.spec.ts:8:18
            </failure>
        </testcase>
        <testcase classname="src/everything.spec.ts" name="describe 18 &gt; example test 10" time="0.000016792">
        </testcase>
        <testcase classname="src/everything.spec.ts" name="describe 18 &gt; example test 11" time="0.000068916">
            <failure message="expected true to be false // Object.is equality" type="AssertionError">
AssertionError: expected true to be false // Object.is equality

- Expected
+ Received

- false
+ true

 ❯ src/everything.spec.ts:8:18
            </failure>
        </testcase>
        <testcase classname="src/everything.spec.ts" name="describe 18 &gt; example test 12" time="0.0000165">
        </testcase>
        <testcase classname="src/everything.spec.ts" name="describe 18 &gt; example test 13" time="0.000066292">
            <failure message="expected true to be false // Object.is equality" type="AssertionError">
AssertionError: expected true to be false // Object.is equality

- Expected
+ Received

- false
+ true

 ❯ src/everything.spec.ts:8:18
            </failure>
        </testcase>
        <testcase classname="src/everything.spec.ts" name="describe 18 &gt; example test 14" time="0.000019667">
        </testcase>
        <testcase classname="src/everything.spec.ts" name="describe 18 &gt; example test 15" time="0.000065792">
            <failure message="expected true to be false // Object.is equality" type="AssertionError">
AssertionError: expected true to be false // Object.is equality

- Expected
+ Received

- false
+ true

 ❯ src/everything.spec.ts:8:18
            </failure>
        </testcase>
        <testcase classname="src/everything.spec.ts" name="describe 18 &gt; example test 16" time="0.000019041">
        </testcase>
        <testcase classname="src/everything.spec.ts" name="describe 18 &gt; example test 17" time="0.000065875">
            <failure message="expected true to be false // Object.is equality" type="AssertionError">
AssertionError: expected true to be false // Object.is equality

- Expected
+ Received

- false
+ true

 ❯ src/everything.spec.ts:8:18
            </failure>
        </testcase>
        <testcase classname="src/everything.spec.ts" name="describe 18 &gt; example test 18" time="0.000017125">
        </testcase>
        <testcase classname="src/everything.spec.ts" name="describe 18 &gt; example test 19" time="0.000063833">
            <failure message="expected true to be false // Object.is equality" type="AssertionError">
AssertionError: expected true to be false // Object.is equality

- Expected
+ Received

- false
+ true

 ❯ src/everything.spec.ts:8:18
            </failure>
        </testcase>
        <testcase classname="src/everything.spec.ts" name="describe 18 &gt; example test 20" time="0.000018584">
        </testcase>
        <testcase classname="src/everything.spec.ts" name="describe 18 &gt; example test 21" time="0.000066083">
            <failure message="expected true to be false // Object.is equality" type="AssertionError">
AssertionError: expected true to be false // Object.is equality

- Expected
+ Received

- false
+ true

 ❯ src/everything.spec.ts:8:18
            </failure>
        </testcase>
        <testcase classname="src/everything.spec.ts" name="describe 18 &gt; example test 22" time="0.000020917">
        </testcase>
        <testcase classname="src/everything.spec.ts" name="describe 18 &gt; example test 23" time="0.000066791">
            <failure message="expected true to be false // Object.is equality" type="AssertionError">
AssertionError: expected true to be false // Object.is equality

- Expected
+ Received

- false
+ true

 ❯ src/everything.spec.ts:8:18
            </failure>
        </testcase>
        <testcase classname="src/everything.spec.ts" name="describe 18 &gt; example test 24" time="0.000016083">
        </testcase>
        <testcase classname="src/everything.spec.ts" name="describe 18 &gt; example test 25" time="0.000071208">
            <failure message="expected true to be false // Object.is equality" type="AssertionError">
AssertionError: expected true to be false // Object.is equality

- Expected
+ Received

- false
+ true

 ❯ src/everything.spec.ts:8:18
            </failure>
        </testcase>
        <testcase classname="src/everything.spec.ts" name="describe 18 &gt; example test 26" time="0.000016917">
        </testcase>
        <testcase classname="src/everything.spec.ts" name="describe 18 &gt; example test 27" time="0.000066458">
            <failure message="expected true to be false // Object.is equality" type="AssertionError">
AssertionError: expected true to be false // Object.is equality

- Expected
+ Received

- false
+ true

 ❯ src/everything.spec.ts:8:18
            </failure>
        </testcase>
        <testcase classname="src/everything.spec.ts" name="describe 18 &gt; example test 28" time="0.000016542">
        </testcase>
        <testcase classname="src/everything.spec.ts" name="describe 18 &gt; example test 29" time="0.000068584">
            <failure message="expected true to be false // Object.is equality" type="AssertionError">
AssertionError: expected true to be false // Object.is equality

- Expected
+ Received

- false
+ true

 ❯ src/everything.spec.ts:8:18
            </failure>
        </testcase>
        <testcase classname="src/everything.spec.ts" name="describe 18 &gt; example test 30" time="0.000016917">
        </testcase>
        <testcase classname="src/everything.spec.ts" name="describe 18 &gt; example test 31" time="0.000068292">
            <failure message="expected true to be false // Object.is equality" type="AssertionError">
AssertionError: expected true to be false // Object.is equality

- Expected
+ Received

- false
+ true

 ❯ src/everything.spec.ts:8:18
            </failure>
        </testcase>
        <testcase classname="src/everything.spec.ts" name="describe 18 &gt; example test 32" time="0.000018583">
        </testcase>
        <testcase classname="src/everything.spec.ts" name="describe 18 &gt; example test 33" time="0.000073625">
            <failure message="expected true to be false // Object.is equality" type="AssertionError">
AssertionError: expected true to be false // Object.is equality

- Expected
+ Received

- false
+ true

 ❯ src/everything.spec.ts:8:18
            </failure>
        </testcase>
        <testcase classname="src/everything.spec.ts" name="describe 18 &gt; example test 34" time="0.000016625">
        </testcase>
        <testcase classname="src/everything.spec.ts" name="describe 18 &gt; example test 35" time="0.000065125">
            <failure message="expected true to be false // Object.is equality" type="AssertionError">
AssertionError: expected true to be false // Object.is equality

- Expected
+ Received

- false
+ true

 ❯ src/everything.spec.ts:8:18
            </failure>
        </testcase>
        <testcase classname="src/everything.spec.ts" name="describe 18 &gt; example test 36" time="0.0000165">
        </testcase>
        <testcase classname="src/everything.spec.ts" name="describe 18 &gt; example test 37" time="0.000076083">
            <failure message="expected true to be false // Object.is equality" type="AssertionError">
AssertionError: expected true to be false // Object.is equality

- Expected
+ Received

- false
+ true

 ❯ src/everything.spec.ts:8:18
            </failure>
        </testcase>
        <testcase classname="src/everything.spec.ts" name="describe 18 &gt; example test 38" time="0.000020625">
        </testcase>
        <testcase classname="src/everything.spec.ts" name="describe 18 &gt; example test 39" time="0.000065583">
            <failure message="expected true to be false // Object.is equality" type="AssertionError">
AssertionError: expected true to be false // Object.is equality

- Expected
+ Received

- false
+ true

 ❯ src/everything.spec.ts:8:18
            </failure>
        </testcase>
        <testcase classname="src/everything.spec.ts" name="describe 18 &gt; example test 40" time="0.000017459">
        </testcase>
        <testcase classname="src/everything.spec.ts" name="describe 18 &gt; example test 41" time="0.000070417">
            <failure message="expected true to be false // Object.is equality" type="AssertionError">
AssertionError: expected true to be false // Object.is equality

- Expected
+ Received

- false
+ true

 ❯ src/everything.spec.ts:8:18
            </failure>
        </testcase>
        <testcase classname="src/everything.spec.ts" name="describe 18 &gt; example test 42" time="0.000017959">
        </testcase>
        <testcase classname="src/everything.spec.ts" name="describe 18 &gt; example test 43" time="0.00006925">
            <failure message="expected true to be false // Object.is equality" type="AssertionError">
AssertionError: expected true to be false // Object.is equality

- Expected
+ Received

- false
+ true

 ❯ src/everything.spec.ts:8:18
            </failure>
        </testcase>
        <testcase classname="src/everything.spec.ts" name="describe 18 &gt; example test 44" time="0.000018625">
        </testcase>
        <testcase classname="src/everything.spec.ts" name="describe 18 &gt; example test 45" time="0.000070834">
            <failure message="expected true to be false // Object.is equality" type="AssertionError">
AssertionError: expected true to be false // Object.is equality

- Expected
+ Received

- false
+ true

 ❯ src/everything.spec.ts:8:18
            </failure>
        </testcase>
        <testcase classname="src/everything.spec.ts" name="describe 18 &gt; example test 46" time="0.000019084">
        </testcase>
        <testcase classname="src/everything.spec.ts" name="describe 18 &gt; example test 47" time="0.000070542">
            <failure message="expected true to be false // Object.is equality" type="AssertionError">
AssertionError: expected true to be false // Object.is equality

- Expected
+ Received

- false
+ true

 ❯ src/everything.spec.ts:8:18
            </failure>
        </testcase>
        <testcase classname="src/everything.spec.ts" name="describe 18 &gt; example test 48" time="0.000018333">
        </testcase>
        <testcase classname="src/everything.spec.ts" name="describe 18 &gt; example test 49" time="0.000079">
            <failure message="expected true to be false // Object.is equality" type="AssertionError">
AssertionError: expected true to be false // Object.is equality

- Expected
+ Received

- false
+ true

 ❯ src/everything.spec.ts:8:18
            </failure>
        </testcase>
        <testcase classname="src/everything.spec.ts" name="describe 18 &gt; example test 50" time="0.000016959">
        </testcase>
        <testcase classname="src/everything.spec.ts" name="describe 18 &gt; example test 51" time="0.0000655">
            <failure message="expected true to be false // Object.is equality" type="AssertionError">
AssertionError: expected true to be false // Object.is equality

- Expected
+ Received

- false
+ true

 ❯ src/everything.spec.ts:8:18
            </failure>
        </testcase>
        <testcase classname="src/everything.spec.ts" name="describe 18 &gt; example test 52" time="0.000019083">
        </testcase>
        <testcase classname="src/everything.spec.ts" name="describe 18 &gt; example test 53" time="0.000070209">
            <failure message="expected true to be false // Object.is equality" type="AssertionError">
AssertionError: expected true to be false // Object.is equality

- Expected
+ Received

- false
+ true

 ❯ src/everything.spec.ts:8:18
            </failure>
        </testcase>
        <testcase classname="src/everything.spec.ts" name="describe 18 &gt; example test 54" time="0.000019708">
        </testcase>
        <testcase classname="src/everything.spec.ts" name="describe 18 &gt; example test 55" time="0.000065625">
            <failure message="expected true to be false // Object.is equality" type="AssertionError">
AssertionError: expected true to be false // Object.is equality

- Expected
+ Received

- false
+ true

 ❯ src/everything.spec.ts:8:18
            </failure>
        </testcase>
        <testcase classname="src/everything.spec.ts" name="describe 18 &gt; example test 56" time="0.000018792">
        </testcase>
        <testcase classname="src/everything.spec.ts" name="describe 18 &gt; example test 57" time="0.0000695">
            <failure message="expected true to be false // Object.is equality" type="AssertionError">
AssertionError: expected true to be false // Object.is equality

- Expected
+ Received

- false
+ true

 ❯ src/everything.spec.ts:8:18
            </failure>
        </testcase>
        <testcase classname="src/everything.spec.ts" name="describe 18 &gt; example test 58" time="0.000019125">
        </testcase>
        <testcase classname="src/everything.spec.ts" name="describe 18 &gt; example test 59" time="0.00006925">
            <failure message="expected true to be false // Object.is equality" type="AssertionError">
AssertionError: expected true to be false // Object.is equality

- Expected
+ Received

- false
+ true

 ❯ src/everything.spec.ts:8:18
            </failure>
        </testcase>
        <testcase classname="src/everything.spec.ts" name="describe 18 &gt; example test 60" time="0.000018708">
        </testcase>
        <testcase classname="src/everything.spec.ts" name="describe 18 &gt; example test 61" time="0.000072167">
            <failure message="expected true to be false // Object.is equality" type="AssertionError">
AssertionError: expected true to be false // Object.is equality

- Expected
+ Received

- false
+ true

 ❯ src/everything.spec.ts:8:18
            </failure>
        </testcase>
        <testcase classname="src/everything.spec.ts" name="describe 18 &gt; example test 62" time="0.000017333">
        </testcase>
        <testcase classname="src/everything.spec.ts" name="describe 18 &gt; example test 63" time="0.000071">
            <failure message="expected true to be false // Object.is equality" type="AssertionError">
AssertionError: expected true to be false // Object.is equality

- Expected
+ Received

- false
+ true

 ❯ src/everything.spec.ts:8:18
            </failure>
        </testcase>
        <testcase classname="src/everything.spec.ts" name="describe 18 &gt; example test 64" time="0.000019542">
        </testcase>
        <testcase classname="src/everything.spec.ts" name="describe 18 &gt; example test 65" time="0.000073">
            <failure message="expected true to be false // Object.is equality" type="AssertionError">
AssertionError: expected true to be false // Object.is equality

- Expected
+ Received

- false
+ true

 ❯ src/everything.spec.ts:8:18
            </failure>
        </testcase>
        <testcase classname="src/everything.spec.ts" name="describe 18 &gt; example test 66" time="0.000018167">
        </testcase>
        <testcase classname="src/everything.spec.ts" name="describe 18 &gt; example test 67" time="0.000071792">
            <failure message="expected true to be false // Object.is equality" type="AssertionError">
AssertionError: expected true to be false // Object.is equality

- Expected
+ Received

- false
+ true

 ❯ src/everything.spec.ts:8:18
            </failure>
        </testcase>
        <testcase classname="src/everything.spec.ts" name="describe 18 &gt; example test 68" time="0.000018208">
        </testcase>
        <testcase classname="src/everything.spec.ts" name="describe 18 &gt; example test 69" time="0.00007125">
            <failure message="expected true to be false // Object.is equality" type="AssertionError">
AssertionError: expected true to be false // Object.is equality

- Expected
+ Received

- false
+ true

 ❯ src/everything.spec.ts:8:18
            </failure>
        </testcase>
        <testcase classname="src/everything.spec.ts" name="describe 18 &gt; example test 70" time="0.000017791">
        </testcase>
        <testcase classname="src/everything.spec.ts" name="describe 18 &gt; example test 71" time="0.000071">
            <failure message="expected true to be false // Object.is equality" type="AssertionError">
AssertionError: expected true to be false // Object.is equality

- Expected
+ Received

- false
+ true

 ❯ src/everything.spec.ts:8:18
            </failure>
        </testcase>
        <testcase classname="src/everything.spec.ts" name="describe 18 &gt; example test 72" time="0.000018875">
        </testcase>
        <testcase classname="src/everything.spec.ts" name="describe 18 &gt; example test 73" time="0.000070166">
            <failure message="expected true to be false // Object.is equality" type="AssertionError">
AssertionError: expected true to be false // Object.is equality

- Expected
+ Received

- false
+ true

 ❯ src/everything.spec.ts:8:18
            </failure>
        </testcase>
        <testcase classname="src/everything.spec.ts" name="describe 18 &gt; example test 74" time="0.000016625">
        </testcase>
        <testcase classname="src/everything.spec.ts" name="describe 18 &gt; example test 75" time="0.000071791">
            <failure message="expected true to be false // Object.is equality" type="AssertionError">
AssertionError: expected true to be false // Object.is equality

- Expected
+ Received

- false
+ true

 ❯ src/everything.spec.ts:8:18
            </failure>
        </testcase>
        <testcase classname="src/everything.spec.ts" name="describe 18 &gt; example test 76" time="0.000019125">
        </testcase>
        <testcase classname="src/everything.spec.ts" name="describe 18 &gt; example test 77" time="0.000073834">
            <failure message="expected true to be false // Object.is equality" type="AssertionError">
AssertionError: expected true to be false // Object.is equality

- Expected
+ Received

- false
+ true

 ❯ src/everything.spec.ts:8:18
            </failure>
        </testcase>
        <testcase classname="src/everything.spec.ts" name="describe 18 &gt; example test 78" time="0.000016417">
        </testcase>
        <testcase classname="src/everything.spec.ts" name="describe 18 &gt; example test 79" time="0.000069708">
            <failure message="expected true to be false // Object.is equality" type="AssertionError">
AssertionError: expected true to be false // Object.is equality

- Expected
+ Received

- false
+ true

 ❯ src/everything.spec.ts:8:18
            </failure>
        </testcase>
        <testcase classname="src/everything.spec.ts" name="describe 18 &gt; example test 80" time="0.000016875">
        </testcase>
        <testcase classname="src/everything.spec.ts" name="describe 18 &gt; example test 81" time="0.000069458">
            <failure message="expected true to be false // Object.is equality" type="AssertionError">
AssertionError: expected true to be false // Object.is equality

- Expected
+ Received

- false
+ true

 ❯ src/everything.spec.ts:8:18
            </failure>
        </testcase>
        <testcase classname="src/everything.spec.ts" name="describe 18 &gt; example test 82" time="0.000018667">
        </testcase>
        <testcase classname="src/everything.spec.ts" name="describe 18 &gt; example test 83" time="0.000068667">
            <failure message="expected true to be false // Object.is equality" type="AssertionError">
AssertionError: expected true to be false // Object.is equality

- Expected
+ Received

- false
+ true

 ❯ src/everything.spec.ts:8:18
            </failure>
        </testcase>
        <testcase classname="src/everything.spec.ts" name="describe 18 &gt; example test 84" time="0.000016375">
        </testcase>
        <testcase classname="src/everything.spec.ts" name="describe 18 &gt; example test 85" time="0.000079125">
            <failure message="expected true to be false // Object.is equality" type="AssertionError">
AssertionError: expected true to be false // Object.is equality

- Expected
+ Received

- false
+ true

 ❯ src/everything.spec.ts:8:18
            </failure>
        </testcase>
        <testcase classname="src/everything.spec.ts" name="describe 18 &gt; example test 86" time="0.000019833">
        </testcase>
        <testcase classname="src/everything.spec.ts" name="describe 18 &gt; example test 87" time="0.000074166">
            <failure message="expected true to be false // Object.is equality" type="AssertionError">
AssertionError: expected true to be false // Object.is equality

- Expected
+ Received

- false
+ true

 ❯ src/everything.spec.ts:8:18
            </failure>
        </testcase>
        <testcase classname="src/everything.spec.ts" name="describe 18 &gt; example test 88" time="0.000017833">
        </testcase>
        <testcase classname="src/everything.spec.ts" name="describe 18 &gt; example test 89" time="0.000067">
            <failure message="expected true to be false // Object.is equality" type="AssertionError">
AssertionError: expected true to be false // Object.is equality

- Expected
+ Received

- false
+ true

 ❯ src/everything.spec.ts:8:18
            </failure>
        </testcase>
        <testcase classname="src/everything.spec.ts" name="describe 18 &gt; example test 90" time="0.000016417">
        </testcase>
        <testcase classname="src/everything.spec.ts" name="describe 18 &gt; example test 91" time="0.000069792">
            <failure message="expected true to be false // Object.is equality" type="AssertionError">
AssertionError: expected true to be false // Object.is equality

- Expected
+ Received

- false
+ true

 ❯ src/everything.spec.ts:8:18
            </failure>
        </testcase>
        <testcase classname="src/everything.spec.ts" name="describe 18 &gt; example test 92" time="0.000018708">
        </testcase>
        <testcase classname="src/everything.spec.ts" name="describe 18 &gt; example test 93" time="0.000075166">
            <failure message="expected true to be false // Object.is equality" type="AssertionError">
AssertionError: expected true to be false // Object.is equality

- Expected
+ Received

- false
+ true

 ❯ src/everything.spec.ts:8:18
            </failure>
        </testcase>
        <testcase classname="src/everything.spec.ts" name="describe 18 &gt; example test 94" time="0.000016417">
        </testcase>
        <testcase classname="src/everything.spec.ts" name="describe 18 &gt; example test 95" time="0.000070125">
            <failure message="expected true to be false // Object.is equality" type="AssertionError">
AssertionError: expected true to be false // Object.is equality

- Expected
+ Received

- false
+ true

 ❯ src/everything.spec.ts:8:18
            </failure>
        </testcase>
        <testcase classname="src/everything.spec.ts" name="describe 18 &gt; example test 96" time="0.000017084">
        </testcase>
        <testcase classname="src/everything.spec.ts" name="describe 18 &gt; example test 97" time="0.0000735">
            <failure message="expected true to be false // Object.is equality" type="AssertionError">
AssertionError: expected true to be false // Object.is equality

- Expected
+ Received

- false
+ true

 ❯ src/everything.spec.ts:8:18
            </failure>
        </testcase>
        <testcase classname="src/everything.spec.ts" name="describe 18 &gt; example test 98" time="0.000018791">
        </testcase>
        <testcase classname="src/everything.spec.ts" name="describe 18 &gt; example test 99" time="0.000067958">
            <failure message="expected true to be false // Object.is equality" type="AssertionError">
AssertionError: expected true to be false // Object.is equality

- Expected
+ Received

- false
+ true

 ❯ src/everything.spec.ts:8:18
            </failure>
        </testcase>
        <testcase classname="src/everything.spec.ts" name="describe 18 &gt; example test 100" time="0.000018625">
        </testcase>
        <testcase classname="src/everything.spec.ts" name="describe 19 &gt; example test 1" time="0.000074708">
            <failure message="expected true to be false // Object.is equality" type="AssertionError">
AssertionError: expected true to be false // Object.is equality

- Expected
+ Received

- false
+ true

 ❯ src/everything.spec.ts:8:18
            </failure>
        </testcase>
        <testcase classname="src/everything.spec.ts" name="describe 19 &gt; example test 2" time="0.000017208">
        </testcase>
        <testcase classname="src/everything.spec.ts" name="describe 19 &gt; example test 3" time="0.00007775">
            <failure message="expected true to be false // Object.is equality" type="AssertionError">
AssertionError: expected true to be false // Object.is equality

- Expected
+ Received

- false
+ true

 ❯ src/everything.spec.ts:8:18
            </failure>
        </testcase>
        <testcase classname="src/everything.spec.ts" name="describe 19 &gt; example test 4" time="0.000018542">
        </testcase>
        <testcase classname="src/everything.spec.ts" name="describe 19 &gt; example test 5" time="0.000070333">
            <failure message="expected true to be false // Object.is equality" type="AssertionError">
AssertionError: expected true to be false // Object.is equality

- Expected
+ Received

- false
+ true

 ❯ src/everything.spec.ts:8:18
            </failure>
        </testcase>
        <testcase classname="src/everything.spec.ts" name="describe 19 &gt; example test 6" time="0.000019084">
        </testcase>
        <testcase classname="src/everything.spec.ts" name="describe 19 &gt; example test 7" time="0.000072333">
            <failure message="expected true to be false // Object.is equality" type="AssertionError">
AssertionError: expected true to be false // Object.is equality

- Expected
+ Received

- false
+ true

 ❯ src/everything.spec.ts:8:18
            </failure>
        </testcase>
        <testcase classname="src/everything.spec.ts" name="describe 19 &gt; example test 8" time="0.000018209">
        </testcase>
        <testcase classname="src/everything.spec.ts" name="describe 19 &gt; example test 9" time="0.000067666">
            <failure message="expected true to be false // Object.is equality" type="AssertionError">
AssertionError: expected true to be false // Object.is equality

- Expected
+ Received

- false
+ true

 ❯ src/everything.spec.ts:8:18
            </failure>
        </testcase>
        <testcase classname="src/everything.spec.ts" name="describe 19 &gt; example test 10" time="0.000019625">
        </testcase>
        <testcase classname="src/everything.spec.ts" name="describe 19 &gt; example test 11" time="0.000073167">
            <failure message="expected true to be false // Object.is equality" type="AssertionError">
AssertionError: expected true to be false // Object.is equality

- Expected
+ Received

- false
+ true

 ❯ src/everything.spec.ts:8:18
            </failure>
        </testcase>
        <testcase classname="src/everything.spec.ts" name="describe 19 &gt; example test 12" time="0.000018709">
        </testcase>
        <testcase classname="src/everything.spec.ts" name="describe 19 &gt; example test 13" time="0.000070083">
            <failure message="expected true to be false // Object.is equality" type="AssertionError">
AssertionError: expected true to be false // Object.is equality

- Expected
+ Received

- false
+ true

 ❯ src/everything.spec.ts:8:18
            </failure>
        </testcase>
        <testcase classname="src/everything.spec.ts" name="describe 19 &gt; example test 14" time="0.000018792">
        </testcase>
        <testcase classname="src/everything.spec.ts" name="describe 19 &gt; example test 15" time="0.0000705">
            <failure message="expected true to be false // Object.is equality" type="AssertionError">
AssertionError: expected true to be false // Object.is equality

- Expected
+ Received

- false
+ true

 ❯ src/everything.spec.ts:8:18
            </failure>
        </testcase>
        <testcase classname="src/everything.spec.ts" name="describe 19 &gt; example test 16" time="0.000019125">
        </testcase>
        <testcase classname="src/everything.spec.ts" name="describe 19 &gt; example test 17" time="0.000075625">
            <failure message="expected true to be false // Object.is equality" type="AssertionError">
AssertionError: expected true to be false // Object.is equality

- Expected
+ Received

- false
+ true

 ❯ src/everything.spec.ts:8:18
            </failure>
        </testcase>
        <testcase classname="src/everything.spec.ts" name="describe 19 &gt; example test 18" time="0.000016333">
        </testcase>
        <testcase classname="src/everything.spec.ts" name="describe 19 &gt; example test 19" time="0.00007075">
            <failure message="expected true to be false // Object.is equality" type="AssertionError">
AssertionError: expected true to be false // Object.is equality

- Expected
+ Received

- false
+ true

 ❯ src/everything.spec.ts:8:18
            </failure>
        </testcase>
        <testcase classname="src/everything.spec.ts" name="describe 19 &gt; example test 20" time="0.00001825">
        </testcase>
        <testcase classname="src/everything.spec.ts" name="describe 19 &gt; example test 21" time="0.000069584">
            <failure message="expected true to be false // Object.is equality" type="AssertionError">
AssertionError: expected true to be false // Object.is equality

- Expected
+ Received

- false
+ true

 ❯ src/everything.spec.ts:8:18
            </failure>
        </testcase>
        <testcase classname="src/everything.spec.ts" name="describe 19 &gt; example test 22" time="0.000018875">
        </testcase>
        <testcase classname="src/everything.spec.ts" name="describe 19 &gt; example test 23" time="0.000069208">
            <failure message="expected true to be false // Object.is equality" type="AssertionError">
AssertionError: expected true to be false // Object.is equality

- Expected
+ Received

- false
+ true

 ❯ src/everything.spec.ts:8:18
            </failure>
        </testcase>
        <testcase classname="src/everything.spec.ts" name="describe 19 &gt; example test 24" time="0.000019333">
        </testcase>
        <testcase classname="src/everything.spec.ts" name="describe 19 &gt; example test 25" time="0.000068375">
            <failure message="expected true to be false // Object.is equality" type="AssertionError">
AssertionError: expected true to be false // Object.is equality

- Expected
+ Received

- false
+ true

 ❯ src/everything.spec.ts:8:18
            </failure>
        </testcase>
        <testcase classname="src/everything.spec.ts" name="describe 19 &gt; example test 26" time="0.000018875">
        </testcase>
        <testcase classname="src/everything.spec.ts" name="describe 19 &gt; example test 27" time="0.000066292">
            <failure message="expected true to be false // Object.is equality" type="AssertionError">
AssertionError: expected true to be false // Object.is equality

- Expected
+ Received

- false
+ true

 ❯ src/everything.spec.ts:8:18
            </failure>
        </testcase>
        <testcase classname="src/everything.spec.ts" name="describe 19 &gt; example test 28" time="0.000017291">
        </testcase>
        <testcase classname="src/everything.spec.ts" name="describe 19 &gt; example test 29" time="0.000064417">
            <failure message="expected true to be false // Object.is equality" type="AssertionError">
AssertionError: expected true to be false // Object.is equality

- Expected
+ Received

- false
+ true

 ❯ src/everything.spec.ts:8:18
            </failure>
        </testcase>
        <testcase classname="src/everything.spec.ts" name="describe 19 &gt; example test 30" time="0.000018667">
        </testcase>
        <testcase classname="src/everything.spec.ts" name="describe 19 &gt; example test 31" time="0.000066083">
            <failure message="expected true to be false // Object.is equality" type="AssertionError">
AssertionError: expected true to be false // Object.is equality

- Expected
+ Received

- false
+ true

 ❯ src/everything.spec.ts:8:18
            </failure>
        </testcase>
        <testcase classname="src/everything.spec.ts" name="describe 19 &gt; example test 32" time="0.000016584">
        </testcase>
        <testcase classname="src/everything.spec.ts" name="describe 19 &gt; example test 33" time="0.000066958">
            <failure message="expected true to be false // Object.is equality" type="AssertionError">
AssertionError: expected true to be false // Object.is equality

- Expected
+ Received

- false
+ true

 ❯ src/everything.spec.ts:8:18
            </failure>
        </testcase>
        <testcase classname="src/everything.spec.ts" name="describe 19 &gt; example test 34" time="0.0000165">
        </testcase>
        <testcase classname="src/everything.spec.ts" name="describe 19 &gt; example test 35" time="0.00006575">
            <failure message="expected true to be false // Object.is equality" type="AssertionError">
AssertionError: expected true to be false // Object.is equality

- Expected
+ Received

- false
+ true

 ❯ src/everything.spec.ts:8:18
            </failure>
        </testcase>
        <testcase classname="src/everything.spec.ts" name="describe 19 &gt; example test 36" time="0.000016375">
        </testcase>
        <testcase classname="src/everything.spec.ts" name="describe 19 &gt; example test 37" time="0.000064">
            <failure message="expected true to be false // Object.is equality" type="AssertionError">
AssertionError: expected true to be false // Object.is equality

- Expected
+ Received

- false
+ true

 ❯ src/everything.spec.ts:8:18
            </failure>
        </testcase>
        <testcase classname="src/everything.spec.ts" name="describe 19 &gt; example test 38" time="0.000017">
        </testcase>
        <testcase classname="src/everything.spec.ts" name="describe 19 &gt; example test 39" time="0.000064584">
            <failure message="expected true to be false // Object.is equality" type="AssertionError">
AssertionError: expected true to be false // Object.is equality

- Expected
+ Received

- false
+ true

 ❯ src/everything.spec.ts:8:18
            </failure>
        </testcase>
        <testcase classname="src/everything.spec.ts" name="describe 19 &gt; example test 40" time="0.000016792">
        </testcase>
        <testcase classname="src/everything.spec.ts" name="describe 19 &gt; example test 41" time="0.000067">
            <failure message="expected true to be false // Object.is equality" type="AssertionError">
AssertionError: expected true to be false // Object.is equality

- Expected
+ Received

- false
+ true

 ❯ src/everything.spec.ts:8:18
            </failure>
        </testcase>
        <testcase classname="src/everything.spec.ts" name="describe 19 &gt; example test 42" time="0.000019625">
        </testcase>
        <testcase classname="src/everything.spec.ts" name="describe 19 &gt; example test 43" time="0.000063834">
            <failure message="expected true to be false // Object.is equality" type="AssertionError">
AssertionError: expected true to be false // Object.is equality

- Expected
+ Received

- false
+ true

 ❯ src/everything.spec.ts:8:18
            </failure>
        </testcase>
        <testcase classname="src/everything.spec.ts" name="describe 19 &gt; example test 44" time="0.000016208">
        </testcase>
        <testcase classname="src/everything.spec.ts" name="describe 19 &gt; example test 45" time="0.000063583">
            <failure message="expected true to be false // Object.is equality" type="AssertionError">
AssertionError: expected true to be false // Object.is equality

- Expected
+ Received

- false
+ true

 ❯ src/everything.spec.ts:8:18
            </failure>
        </testcase>
        <testcase classname="src/everything.spec.ts" name="describe 19 &gt; example test 46" time="0.000016625">
        </testcase>
        <testcase classname="src/everything.spec.ts" name="describe 19 &gt; example test 47" time="0.000063292">
            <failure message="expected true to be false // Object.is equality" type="AssertionError">
AssertionError: expected true to be false // Object.is equality

- Expected
+ Received

- false
+ true

 ❯ src/everything.spec.ts:8:18
            </failure>
        </testcase>
        <testcase classname="src/everything.spec.ts" name="describe 19 &gt; example test 48" time="0.000016583">
        </testcase>
        <testcase classname="src/everything.spec.ts" name="describe 19 &gt; example test 49" time="0.000150792">
            <failure message="expected true to be false // Object.is equality" type="AssertionError">
AssertionError: expected true to be false // Object.is equality

- Expected
+ Received

- false
+ true

 ❯ src/everything.spec.ts:8:18
            </failure>
        </testcase>
        <testcase classname="src/everything.spec.ts" name="describe 19 &gt; example test 50" time="0.000028584">
        </testcase>
        <testcase classname="src/everything.spec.ts" name="describe 19 &gt; example test 51" time="0.000088708">
            <failure message="expected true to be false // Object.is equality" type="AssertionError">
AssertionError: expected true to be false // Object.is equality

- Expected
+ Received

- false
+ true

 ❯ src/everything.spec.ts:8:18
            </failure>
        </testcase>
        <testcase classname="src/everything.spec.ts" name="describe 19 &gt; example test 52" time="0.000020917">
        </testcase>
        <testcase classname="src/everything.spec.ts" name="describe 19 &gt; example test 53" time="0.00007775">
            <failure message="expected true to be false // Object.is equality" type="AssertionError">
AssertionError: expected true to be false // Object.is equality

- Expected
+ Received

- false
+ true

 ❯ src/everything.spec.ts:8:18
            </failure>
        </testcase>
        <testcase classname="src/everything.spec.ts" name="describe 19 &gt; example test 54" time="0.000018916">
        </testcase>
        <testcase classname="src/everything.spec.ts" name="describe 19 &gt; example test 55" time="0.000072166">
            <failure message="expected true to be false // Object.is equality" type="AssertionError">
AssertionError: expected true to be false // Object.is equality

- Expected
+ Received

- false
+ true

 ❯ src/everything.spec.ts:8:18
            </failure>
        </testcase>
        <testcase classname="src/everything.spec.ts" name="describe 19 &gt; example test 56" time="0.000018583">
        </testcase>
        <testcase classname="src/everything.spec.ts" name="describe 19 &gt; example test 57" time="0.000069667">
            <failure message="expected true to be false // Object.is equality" type="AssertionError">
AssertionError: expected true to be false // Object.is equality

- Expected
+ Received

- false
+ true

 ❯ src/everything.spec.ts:8:18
            </failure>
        </testcase>
        <testcase classname="src/everything.spec.ts" name="describe 19 &gt; example test 58" time="0.000017958">
        </testcase>
        <testcase classname="src/everything.spec.ts" name="describe 19 &gt; example test 59" time="0.00006775">
            <failure message="expected true to be false // Object.is equality" type="AssertionError">
AssertionError: expected true to be false // Object.is equality

- Expected
+ Received

- false
+ true

 ❯ src/everything.spec.ts:8:18
            </failure>
        </testcase>
        <testcase classname="src/everything.spec.ts" name="describe 19 &gt; example test 60" time="0.000017667">
        </testcase>
        <testcase classname="src/everything.spec.ts" name="describe 19 &gt; example test 61" time="0.0000705">
            <failure message="expected true to be false // Object.is equality" type="AssertionError">
AssertionError: expected true to be false // Object.is equality

- Expected
+ Received

- false
+ true

 ❯ src/everything.spec.ts:8:18
            </failure>
        </testcase>
        <testcase classname="src/everything.spec.ts" name="describe 19 &gt; example test 62" time="0.000017417">
        </testcase>
        <testcase classname="src/everything.spec.ts" name="describe 19 &gt; example test 63" time="0.00007675">
            <failure message="expected true to be false // Object.is equality" type="AssertionError">
AssertionError: expected true to be false // Object.is equality

- Expected
+ Received

- false
+ true

 ❯ src/everything.spec.ts:8:18
            </failure>
        </testcase>
        <testcase classname="src/everything.spec.ts" name="describe 19 &gt; example test 64" time="0.000027792">
        </testcase>
        <testcase classname="src/everything.spec.ts" name="describe 19 &gt; example test 65" time="0.00007275">
            <failure message="expected true to be false // Object.is equality" type="AssertionError">
AssertionError: expected true to be false // Object.is equality

- Expected
+ Received

- false
+ true

 ❯ src/everything.spec.ts:8:18
            </failure>
        </testcase>
        <testcase classname="src/everything.spec.ts" name="describe 19 &gt; example test 66" time="0.000017625">
        </testcase>
        <testcase classname="src/everything.spec.ts" name="describe 19 &gt; example test 67" time="0.000066209">
            <failure message="expected true to be false // Object.is equality" type="AssertionError">
AssertionError: expected true to be false // Object.is equality

- Expected
+ Received

- false
+ true

 ❯ src/everything.spec.ts:8:18
            </failure>
        </testcase>
        <testcase classname="src/everything.spec.ts" name="describe 19 &gt; example test 68" time="0.000016916">
        </testcase>
        <testcase classname="src/everything.spec.ts" name="describe 19 &gt; example test 69" time="0.0000665">
            <failure message="expected true to be false // Object.is equality" type="AssertionError">
AssertionError: expected true to be false // Object.is equality

- Expected
+ Received

- false
+ true

 ❯ src/everything.spec.ts:8:18
            </failure>
        </testcase>
        <testcase classname="src/everything.spec.ts" name="describe 19 &gt; example test 70" time="0.000017167">
        </testcase>
        <testcase classname="src/everything.spec.ts" name="describe 19 &gt; example test 71" time="0.000065167">
            <failure message="expected true to be false // Object.is equality" type="AssertionError">
AssertionError: expected true to be false // Object.is equality

- Expected
+ Received

- false
+ true

 ❯ src/everything.spec.ts:8:18
            </failure>
        </testcase>
        <testcase classname="src/everything.spec.ts" name="describe 19 &gt; example test 72" time="0.000017042">
        </testcase>
        <testcase classname="src/everything.spec.ts" name="describe 19 &gt; example test 73" time="0.000070417">
            <failure message="expected true to be false // Object.is equality" type="AssertionError">
AssertionError: expected true to be false // Object.is equality

- Expected
+ Received

- false
+ true

 ❯ src/everything.spec.ts:8:18
            </failure>
        </testcase>
        <testcase classname="src/everything.spec.ts" name="describe 19 &gt; example test 74" time="0.000018292">
        </testcase>
        <testcase classname="src/everything.spec.ts" name="describe 19 &gt; example test 75" time="0.000067334">
            <failure message="expected true to be false // Object.is equality" type="AssertionError">
AssertionError: expected true to be false // Object.is equality

- Expected
+ Received

- false
+ true

 ❯ src/everything.spec.ts:8:18
            </failure>
        </testcase>
        <testcase classname="src/everything.spec.ts" name="describe 19 &gt; example test 76" time="0.0000175">
        </testcase>
        <testcase classname="src/everything.spec.ts" name="describe 19 &gt; example test 77" time="0.0000675">
            <failure message="expected true to be false // Object.is equality" type="AssertionError">
AssertionError: expected true to be false // Object.is equality

- Expected
+ Received

- false
+ true

 ❯ src/everything.spec.ts:8:18
            </failure>
        </testcase>
        <testcase classname="src/everything.spec.ts" name="describe 19 &gt; example test 78" time="0.000017583">
        </testcase>
        <testcase classname="src/everything.spec.ts" name="describe 19 &gt; example test 79" time="0.000068083">
            <failure message="expected true to be false // Object.is equality" type="AssertionError">
AssertionError: expected true to be false // Object.is equality

- Expected
+ Received

- false
+ true

 ❯ src/everything.spec.ts:8:18
            </failure>
        </testcase>
        <testcase classname="src/everything.spec.ts" name="describe 19 &gt; example test 80" time="0.000018917">
        </testcase>
        <testcase classname="src/everything.spec.ts" name="describe 19 &gt; example test 81" time="0.000069667">
            <failure message="expected true to be false // Object.is equality" type="AssertionError">
AssertionError: expected true to be false // Object.is equality

- Expected
+ Received

- false
+ true

 ❯ src/everything.spec.ts:8:18
            </failure>
        </testcase>
        <testcase classname="src/everything.spec.ts" name="describe 19 &gt; example test 82" time="0.000018292">
        </testcase>
        <testcase classname="src/everything.spec.ts" name="describe 19 &gt; example test 83" time="0.000069542">
            <failure message="expected true to be false // Object.is equality" type="AssertionError">
AssertionError: expected true to be false // Object.is equality

- Expected
+ Received

- false
+ true

 ❯ src/everything.spec.ts:8:18
            </failure>
        </testcase>
        <testcase classname="src/everything.spec.ts" name="describe 19 &gt; example test 84" time="0.000044292">
        </testcase>
        <testcase classname="src/everything.spec.ts" name="describe 19 &gt; example test 85" time="0.000071917">
            <failure message="expected true to be false // Object.is equality" type="AssertionError">
AssertionError: expected true to be false // Object.is equality

- Expected
+ Received

- false
+ true

 ❯ src/everything.spec.ts:8:18
            </failure>
        </testcase>
        <testcase classname="src/everything.spec.ts" name="describe 19 &gt; example test 86" time="0.000018667">
        </testcase>
        <testcase classname="src/everything.spec.ts" name="describe 19 &gt; example test 87" time="0.000069">
            <failure message="expected true to be false // Object.is equality" type="AssertionError">
AssertionError: expected true to be false // Object.is equality

- Expected
+ Received

- false
+ true

 ❯ src/everything.spec.ts:8:18
            </failure>
        </testcase>
        <testcase classname="src/everything.spec.ts" name="describe 19 &gt; example test 88" time="0.000018">
        </testcase>
        <testcase classname="src/everything.spec.ts" name="describe 19 &gt; example test 89" time="0.000069333">
            <failure message="expected true to be false // Object.is equality" type="AssertionError">
AssertionError: expected true to be false // Object.is equality

- Expected
+ Received

- false
+ true

 ❯ src/everything.spec.ts:8:18
            </failure>
        </testcase>
        <testcase classname="src/everything.spec.ts" name="describe 19 &gt; example test 90" time="0.000037625">
        </testcase>
        <testcase classname="src/everything.spec.ts" name="describe 19 &gt; example test 91" time="0.000072084">
            <failure message="expected true to be false // Object.is equality" type="AssertionError">
AssertionError: expected true to be false // Object.is equality

- Expected
+ Received

- false
+ true

 ❯ src/everything.spec.ts:8:18
            </failure>
        </testcase>
        <testcase classname="src/everything.spec.ts" name="describe 19 &gt; example test 92" time="0.0000185">
        </testcase>
        <testcase classname="src/everything.spec.ts" name="describe 19 &gt; example test 93" time="0.000070041">
            <failure message="expected true to be false // Object.is equality" type="AssertionError">
AssertionError: expected true to be false // Object.is equality

- Expected
+ Received

- false
+ true

 ❯ src/everything.spec.ts:8:18
            </failure>
        </testcase>
        <testcase classname="src/everything.spec.ts" name="describe 19 &gt; example test 94" time="0.000018167">
        </testcase>
        <testcase classname="src/everything.spec.ts" name="describe 19 &gt; example test 95" time="0.000070041">
            <failure message="expected true to be false // Object.is equality" type="AssertionError">
AssertionError: expected true to be false // Object.is equality

- Expected
+ Received

- false
+ true

 ❯ src/everything.spec.ts:8:18
            </failure>
        </testcase>
        <testcase classname="src/everything.spec.ts" name="describe 19 &gt; example test 96" time="0.00001725">
        </testcase>
        <testcase classname="src/everything.spec.ts" name="describe 19 &gt; example test 97" time="0.000069375">
            <failure message="expected true to be false // Object.is equality" type="AssertionError">
AssertionError: expected true to be false // Object.is equality

- Expected
+ Received

- false
+ true

 ❯ src/everything.spec.ts:8:18
            </failure>
        </testcase>
        <testcase classname="src/everything.spec.ts" name="describe 19 &gt; example test 98" time="0.000017583">
        </testcase>
        <testcase classname="src/everything.spec.ts" name="describe 19 &gt; example test 99" time="0.000067959">
            <failure message="expected true to be false // Object.is equality" type="AssertionError">
AssertionError: expected true to be false // Object.is equality

- Expected
+ Received

- false
+ true

 ❯ src/everything.spec.ts:8:18
            </failure>
        </testcase>
        <testcase classname="src/everything.spec.ts" name="describe 19 &gt; example test 100" time="0.000017625">
        </testcase>
        <testcase classname="src/everything.spec.ts" name="describe 20 &gt; example test 1" time="0.0000825">
            <failure message="expected true to be false // Object.is equality" type="AssertionError">
AssertionError: expected true to be false // Object.is equality

- Expected
+ Received

- false
+ true

 ❯ src/everything.spec.ts:8:18
            </failure>
        </testcase>
        <testcase classname="src/everything.spec.ts" name="describe 20 &gt; example test 2" time="0.000017792">
        </testcase>
        <testcase classname="src/everything.spec.ts" name="describe 20 &gt; example test 3" time="0.000066208">
            <failure message="expected true to be false // Object.is equality" type="AssertionError">
AssertionError: expected true to be false // Object.is equality

- Expected
+ Received

- false
+ true

 ❯ src/everything.spec.ts:8:18
            </failure>
        </testcase>
        <testcase classname="src/everything.spec.ts" name="describe 20 &gt; example test 4" time="0.000017083">
        </testcase>
        <testcase classname="src/everything.spec.ts" name="describe 20 &gt; example test 5" time="0.000102584">
            <failure message="expected true to be false // Object.is equality" type="AssertionError">
AssertionError: expected true to be false // Object.is equality

- Expected
+ Received

- false
+ true

 ❯ src/everything.spec.ts:8:18
            </failure>
        </testcase>
        <testcase classname="src/everything.spec.ts" name="describe 20 &gt; example test 6" time="0.000029625">
        </testcase>
        <testcase classname="src/everything.spec.ts" name="describe 20 &gt; example test 7" time="0.000079125">
            <failure message="expected true to be false // Object.is equality" type="AssertionError">
AssertionError: expected true to be false // Object.is equality

- Expected
+ Received

- false
+ true

 ❯ src/everything.spec.ts:8:18
            </failure>
        </testcase>
        <testcase classname="src/everything.spec.ts" name="describe 20 &gt; example test 8" time="0.000018292">
        </testcase>
        <testcase classname="src/everything.spec.ts" name="describe 20 &gt; example test 9" time="0.000100834">
            <failure message="expected true to be false // Object.is equality" type="AssertionError">
AssertionError: expected true to be false // Object.is equality

- Expected
+ Received

- false
+ true

 ❯ src/everything.spec.ts:8:18
            </failure>
        </testcase>
        <testcase classname="src/everything.spec.ts" name="describe 20 &gt; example test 10" time="0.000018709">
        </testcase>
        <testcase classname="src/everything.spec.ts" name="describe 20 &gt; example test 11" time="0.0000765">
            <failure message="expected true to be false // Object.is equality" type="AssertionError">
AssertionError: expected true to be false // Object.is equality

- Expected
+ Received

- false
+ true

 ❯ src/everything.spec.ts:8:18
            </failure>
        </testcase>
        <testcase classname="src/everything.spec.ts" name="describe 20 &gt; example test 12" time="0.000018375">
        </testcase>
        <testcase classname="src/everything.spec.ts" name="describe 20 &gt; example test 13" time="0.000083666">
            <failure message="expected true to be false // Object.is equality" type="AssertionError">
AssertionError: expected true to be false // Object.is equality

- Expected
+ Received

- false
+ true

 ❯ src/everything.spec.ts:8:18
            </failure>
        </testcase>
        <testcase classname="src/everything.spec.ts" name="describe 20 &gt; example test 14" time="0.000018167">
        </testcase>
        <testcase classname="src/everything.spec.ts" name="describe 20 &gt; example test 15" time="0.00008675">
            <failure message="expected true to be false // Object.is equality" type="AssertionError">
AssertionError: expected true to be false // Object.is equality

- Expected
+ Received

- false
+ true

 ❯ src/everything.spec.ts:8:18
            </failure>
        </testcase>
        <testcase classname="src/everything.spec.ts" name="describe 20 &gt; example test 16" time="0.000017458">
        </testcase>
        <testcase classname="src/everything.spec.ts" name="describe 20 &gt; example test 17" time="0.000069667">
            <failure message="expected true to be false // Object.is equality" type="AssertionError">
AssertionError: expected true to be false // Object.is equality

- Expected
+ Received

- false
+ true

 ❯ src/everything.spec.ts:8:18
            </failure>
        </testcase>
        <testcase classname="src/everything.spec.ts" name="describe 20 &gt; example test 18" time="0.000016792">
        </testcase>
        <testcase classname="src/everything.spec.ts" name="describe 20 &gt; example test 19" time="0.000066791">
            <failure message="expected true to be false // Object.is equality" type="AssertionError">
AssertionError: expected true to be false // Object.is equality

- Expected
+ Received

- false
+ true

 ❯ src/everything.spec.ts:8:18
            </failure>
        </testcase>
        <testcase classname="src/everything.spec.ts" name="describe 20 &gt; example test 20" time="0.000017291">
        </testcase>
        <testcase classname="src/everything.spec.ts" name="describe 20 &gt; example test 21" time="0.000066084">
            <failure message="expected true to be false // Object.is equality" type="AssertionError">
AssertionError: expected true to be false // Object.is equality

- Expected
+ Received

- false
+ true

 ❯ src/everything.spec.ts:8:18
            </failure>
        </testcase>
        <testcase classname="src/everything.spec.ts" name="describe 20 &gt; example test 22" time="0.00001775">
        </testcase>
        <testcase classname="src/everything.spec.ts" name="describe 20 &gt; example test 23" time="0.000069583">
            <failure message="expected true to be false // Object.is equality" type="AssertionError">
AssertionError: expected true to be false // Object.is equality

- Expected
+ Received

- false
+ true

 ❯ src/everything.spec.ts:8:18
            </failure>
        </testcase>
        <testcase classname="src/everything.spec.ts" name="describe 20 &gt; example test 24" time="0.000017042">
        </testcase>
        <testcase classname="src/everything.spec.ts" name="describe 20 &gt; example test 25" time="0.000068041">
            <failure message="expected true to be false // Object.is equality" type="AssertionError">
AssertionError: expected true to be false // Object.is equality

- Expected
+ Received

- false
+ true

 ❯ src/everything.spec.ts:8:18
            </failure>
        </testcase>
        <testcase classname="src/everything.spec.ts" name="describe 20 &gt; example test 26" time="0.000017583">
        </testcase>
        <testcase classname="src/everything.spec.ts" name="describe 20 &gt; example test 27" time="0.000065833">
            <failure message="expected true to be false // Object.is equality" type="AssertionError">
AssertionError: expected true to be false // Object.is equality

- Expected
+ Received

- false
+ true

 ❯ src/everything.spec.ts:8:18
            </failure>
        </testcase>
        <testcase classname="src/everything.spec.ts" name="describe 20 &gt; example test 28" time="0.000020125">
        </testcase>
        <testcase classname="src/everything.spec.ts" name="describe 20 &gt; example test 29" time="0.000066833">
            <failure message="expected true to be false // Object.is equality" type="AssertionError">
AssertionError: expected true to be false // Object.is equality

- Expected
+ Received

- false
+ true

 ❯ src/everything.spec.ts:8:18
            </failure>
        </testcase>
        <testcase classname="src/everything.spec.ts" name="describe 20 &gt; example test 30" time="0.000017625">
        </testcase>
        <testcase classname="src/everything.spec.ts" name="describe 20 &gt; example test 31" time="0.000065625">
            <failure message="expected true to be false // Object.is equality" type="AssertionError">
AssertionError: expected true to be false // Object.is equality

- Expected
+ Received

- false
+ true

 ❯ src/everything.spec.ts:8:18
            </failure>
        </testcase>
        <testcase classname="src/everything.spec.ts" name="describe 20 &gt; example test 32" time="0.000020292">
        </testcase>
        <testcase classname="src/everything.spec.ts" name="describe 20 &gt; example test 33" time="0.000068166">
            <failure message="expected true to be false // Object.is equality" type="AssertionError">
AssertionError: expected true to be false // Object.is equality

- Expected
+ Received

- false
+ true

 ❯ src/everything.spec.ts:8:18
            </failure>
        </testcase>
        <testcase classname="src/everything.spec.ts" name="describe 20 &gt; example test 34" time="0.000016833">
        </testcase>
        <testcase classname="src/everything.spec.ts" name="describe 20 &gt; example test 35" time="0.000066584">
            <failure message="expected true to be false // Object.is equality" type="AssertionError">
AssertionError: expected true to be false // Object.is equality

- Expected
+ Received

- false
+ true

 ❯ src/everything.spec.ts:8:18
            </failure>
        </testcase>
        <testcase classname="src/everything.spec.ts" name="describe 20 &gt; example test 36" time="0.000017917">
        </testcase>
        <testcase classname="src/everything.spec.ts" name="describe 20 &gt; example test 37" time="0.000067125">
            <failure message="expected true to be false // Object.is equality" type="AssertionError">
AssertionError: expected true to be false // Object.is equality

- Expected
+ Received

- false
+ true

 ❯ src/everything.spec.ts:8:18
            </failure>
        </testcase>
        <testcase classname="src/everything.spec.ts" name="describe 20 &gt; example test 38" time="0.000018791">
        </testcase>
        <testcase classname="src/everything.spec.ts" name="describe 20 &gt; example test 39" time="0.0000655">
            <failure message="expected true to be false // Object.is equality" type="AssertionError">
AssertionError: expected true to be false // Object.is equality

- Expected
+ Received

- false
+ true

 ❯ src/everything.spec.ts:8:18
            </failure>
        </testcase>
        <testcase classname="src/everything.spec.ts" name="describe 20 &gt; example test 40" time="0.000021542">
        </testcase>
        <testcase classname="src/everything.spec.ts" name="describe 20 &gt; example test 41" time="0.000066333">
            <failure message="expected true to be false // Object.is equality" type="AssertionError">
AssertionError: expected true to be false // Object.is equality

- Expected
+ Received

- false
+ true

 ❯ src/everything.spec.ts:8:18
            </failure>
        </testcase>
        <testcase classname="src/everything.spec.ts" name="describe 20 &gt; example test 42" time="0.000019791">
        </testcase>
        <testcase classname="src/everything.spec.ts" name="describe 20 &gt; example test 43" time="0.000065208">
            <failure message="expected true to be false // Object.is equality" type="AssertionError">
AssertionError: expected true to be false // Object.is equality

- Expected
+ Received

- false
+ true

 ❯ src/everything.spec.ts:8:18
            </failure>
        </testcase>
        <testcase classname="src/everything.spec.ts" name="describe 20 &gt; example test 44" time="0.000017083">
        </testcase>
        <testcase classname="src/everything.spec.ts" name="describe 20 &gt; example test 45" time="0.000068083">
            <failure message="expected true to be false // Object.is equality" type="AssertionError">
AssertionError: expected true to be false // Object.is equality

- Expected
+ Received

- false
+ true

 ❯ src/everything.spec.ts:8:18
            </failure>
        </testcase>
        <testcase classname="src/everything.spec.ts" name="describe 20 &gt; example test 46" time="0.000019167">
        </testcase>
        <testcase classname="src/everything.spec.ts" name="describe 20 &gt; example test 47" time="0.000072208">
            <failure message="expected true to be false // Object.is equality" type="AssertionError">
AssertionError: expected true to be false // Object.is equality

- Expected
+ Received

- false
+ true

 ❯ src/everything.spec.ts:8:18
            </failure>
        </testcase>
        <testcase classname="src/everything.spec.ts" name="describe 20 &gt; example test 48" time="0.000017583">
        </testcase>
        <testcase classname="src/everything.spec.ts" name="describe 20 &gt; example test 49" time="0.000069833">
            <failure message="expected true to be false // Object.is equality" type="AssertionError">
AssertionError: expected true to be false // Object.is equality

- Expected
+ Received

- false
+ true

 ❯ src/everything.spec.ts:8:18
            </failure>
        </testcase>
        <testcase classname="src/everything.spec.ts" name="describe 20 &gt; example test 50" time="0.000016875">
        </testcase>
        <testcase classname="src/everything.spec.ts" name="describe 20 &gt; example test 51" time="0.000083333">
            <failure message="expected true to be false // Object.is equality" type="AssertionError">
AssertionError: expected true to be false // Object.is equality

- Expected
+ Received

- false
+ true

 ❯ src/everything.spec.ts:8:18
            </failure>
        </testcase>
        <testcase classname="src/everything.spec.ts" name="describe 20 &gt; example test 52" time="0.00001775">
        </testcase>
        <testcase classname="src/everything.spec.ts" name="describe 20 &gt; example test 53" time="0.000069583">
            <failure message="expected true to be false // Object.is equality" type="AssertionError">
AssertionError: expected true to be false // Object.is equality

- Expected
+ Received

- false
+ true

 ❯ src/everything.spec.ts:8:18
            </failure>
        </testcase>
        <testcase classname="src/everything.spec.ts" name="describe 20 &gt; example test 54" time="0.000016875">
        </testcase>
        <testcase classname="src/everything.spec.ts" name="describe 20 &gt; example test 55" time="0.000063917">
            <failure message="expected true to be false // Object.is equality" type="AssertionError">
AssertionError: expected true to be false // Object.is equality

- Expected
+ Received

- false
+ true

 ❯ src/everything.spec.ts:8:18
            </failure>
        </testcase>
        <testcase classname="src/everything.spec.ts" name="describe 20 &gt; example test 56" time="0.000016584">
        </testcase>
        <testcase classname="src/everything.spec.ts" name="describe 20 &gt; example test 57" time="0.00006625">
            <failure message="expected true to be false // Object.is equality" type="AssertionError">
AssertionError: expected true to be false // Object.is equality

- Expected
+ Received

- false
+ true

 ❯ src/everything.spec.ts:8:18
            </failure>
        </testcase>
        <testcase classname="src/everything.spec.ts" name="describe 20 &gt; example test 58" time="0.000017375">
        </testcase>
        <testcase classname="src/everything.spec.ts" name="describe 20 &gt; example test 59" time="0.00007225">
            <failure message="expected true to be false // Object.is equality" type="AssertionError">
AssertionError: expected true to be false // Object.is equality

- Expected
+ Received

- false
+ true

 ❯ src/everything.spec.ts:8:18
            </failure>
        </testcase>
        <testcase classname="src/everything.spec.ts" name="describe 20 &gt; example test 60" time="0.000016834">
        </testcase>
        <testcase classname="src/everything.spec.ts" name="describe 20 &gt; example test 61" time="0.000064417">
            <failure message="expected true to be false // Object.is equality" type="AssertionError">
AssertionError: expected true to be false // Object.is equality

- Expected
+ Received

- false
+ true

 ❯ src/everything.spec.ts:8:18
            </failure>
        </testcase>
        <testcase classname="src/everything.spec.ts" name="describe 20 &gt; example test 62" time="0.000016958">
        </testcase>
        <testcase classname="src/everything.spec.ts" name="describe 20 &gt; example test 63" time="0.000066042">
            <failure message="expected true to be false // Object.is equality" type="AssertionError">
AssertionError: expected true to be false // Object.is equality

- Expected
+ Received

- false
+ true

 ❯ src/everything.spec.ts:8:18
            </failure>
        </testcase>
        <testcase classname="src/everything.spec.ts" name="describe 20 &gt; example test 64" time="0.000016667">
        </testcase>
        <testcase classname="src/everything.spec.ts" name="describe 20 &gt; example test 65" time="0.000063167">
            <failure message="expected true to be false // Object.is equality" type="AssertionError">
AssertionError: expected true to be false // Object.is equality

- Expected
+ Received

- false
+ true

 ❯ src/everything.spec.ts:8:18
            </failure>
        </testcase>
        <testcase classname="src/everything.spec.ts" name="describe 20 &gt; example test 66" time="0.000016167">
        </testcase>
        <testcase classname="src/everything.spec.ts" name="describe 20 &gt; example test 67" time="0.000066709">
            <failure message="expected true to be false // Object.is equality" type="AssertionError">
AssertionError: expected true to be false // Object.is equality

- Expected
+ Received

- false
+ true

 ❯ src/everything.spec.ts:8:18
            </failure>
        </testcase>
        <testcase classname="src/everything.spec.ts" name="describe 20 &gt; example test 68" time="0.000020375">
        </testcase>
        <testcase classname="src/everything.spec.ts" name="describe 20 &gt; example test 69" time="0.000065625">
            <failure message="expected true to be false // Object.is equality" type="AssertionError">
AssertionError: expected true to be false // Object.is equality

- Expected
+ Received

- false
+ true

 ❯ src/everything.spec.ts:8:18
            </failure>
        </testcase>
        <testcase classname="src/everything.spec.ts" name="describe 20 &gt; example test 70" time="0.000019584">
        </testcase>
        <testcase classname="src/everything.spec.ts" name="describe 20 &gt; example test 71" time="0.000063333">
            <failure message="expected true to be false // Object.is equality" type="AssertionError">
AssertionError: expected true to be false // Object.is equality

- Expected
+ Received

- false
+ true

 ❯ src/everything.spec.ts:8:18
            </failure>
        </testcase>
        <testcase classname="src/everything.spec.ts" name="describe 20 &gt; example test 72" time="0.000016625">
        </testcase>
        <testcase classname="src/everything.spec.ts" name="describe 20 &gt; example test 73" time="0.000069625">
            <failure message="expected true to be false // Object.is equality" type="AssertionError">
AssertionError: expected true to be false // Object.is equality

- Expected
+ Received

- false
+ true

 ❯ src/everything.spec.ts:8:18
            </failure>
        </testcase>
        <testcase classname="src/everything.spec.ts" name="describe 20 &gt; example test 74" time="0.000016834">
        </testcase>
        <testcase classname="src/everything.spec.ts" name="describe 20 &gt; example test 75" time="0.000065458">
            <failure message="expected true to be false // Object.is equality" type="AssertionError">
AssertionError: expected true to be false // Object.is equality

- Expected
+ Received

- false
+ true

 ❯ src/everything.spec.ts:8:18
            </failure>
        </testcase>
        <testcase classname="src/everything.spec.ts" name="describe 20 &gt; example test 76" time="0.000016375">
        </testcase>
        <testcase classname="src/everything.spec.ts" name="describe 20 &gt; example test 77" time="0.000062833">
            <failure message="expected true to be false // Object.is equality" type="AssertionError">
AssertionError: expected true to be false // Object.is equality

- Expected
+ Received

- false
+ true

 ❯ src/everything.spec.ts:8:18
            </failure>
        </testcase>
        <testcase classname="src/everything.spec.ts" name="describe 20 &gt; example test 78" time="0.000016458">
        </testcase>
        <testcase classname="src/everything.spec.ts" name="describe 20 &gt; example test 79" time="0.000066583">
            <failure message="expected true to be false // Object.is equality" type="AssertionError">
AssertionError: expected true to be false // Object.is equality

- Expected
+ Received

- false
+ true

 ❯ src/everything.spec.ts:8:18
            </failure>
        </testcase>
        <testcase classname="src/everything.spec.ts" name="describe 20 &gt; example test 80" time="0.000019125">
        </testcase>
        <testcase classname="src/everything.spec.ts" name="describe 20 &gt; example test 81" time="0.000065917">
            <failure message="expected true to be false // Object.is equality" type="AssertionError">
AssertionError: expected true to be false // Object.is equality

- Expected
+ Received

- false
+ true

 ❯ src/everything.spec.ts:8:18
            </failure>
        </testcase>
        <testcase classname="src/everything.spec.ts" name="describe 20 &gt; example test 82" time="0.000016583">
        </testcase>
        <testcase classname="src/everything.spec.ts" name="describe 20 &gt; example test 83" time="0.000065833">
            <failure message="expected true to be false // Object.is equality" type="AssertionError">
AssertionError: expected true to be false // Object.is equality

- Expected
+ Received

- false
+ true

 ❯ src/everything.spec.ts:8:18
            </failure>
        </testcase>
        <testcase classname="src/everything.spec.ts" name="describe 20 &gt; example test 84" time="0.00001675">
        </testcase>
        <testcase classname="src/everything.spec.ts" name="describe 20 &gt; example test 85" time="0.000065292">
            <failure message="expected true to be false // Object.is equality" type="AssertionError">
AssertionError: expected true to be false // Object.is equality

- Expected
+ Received

- false
+ true

 ❯ src/everything.spec.ts:8:18
            </failure>
        </testcase>
        <testcase classname="src/everything.spec.ts" name="describe 20 &gt; example test 86" time="0.000029167">
        </testcase>
        <testcase classname="src/everything.spec.ts" name="describe 20 &gt; example test 87" time="0.000073042">
            <failure message="expected true to be false // Object.is equality" type="AssertionError">
AssertionError: expected true to be false // Object.is equality

- Expected
+ Received

- false
+ true

 ❯ src/everything.spec.ts:8:18
            </failure>
        </testcase>
        <testcase classname="src/everything.spec.ts" name="describe 20 &gt; example test 88" time="0.000016458">
        </testcase>
        <testcase classname="src/everything.spec.ts" name="describe 20 &gt; example test 89" time="0.000072416">
            <failure message="expected true to be false // Object.is equality" type="AssertionError">
AssertionError: expected true to be false // Object.is equality

- Expected
+ Received

- false
+ true

 ❯ src/everything.spec.ts:8:18
            </failure>
        </testcase>
        <testcase classname="src/everything.spec.ts" name="describe 20 &gt; example test 90" time="0.000016417">
        </testcase>
        <testcase classname="src/everything.spec.ts" name="describe 20 &gt; example test 91" time="0.000064458">
            <failure message="expected true to be false // Object.is equality" type="AssertionError">
AssertionError: expected true to be false // Object.is equality

- Expected
+ Received

- false
+ true

 ❯ src/everything.spec.ts:8:18
            </failure>
        </testcase>
        <testcase classname="src/everything.spec.ts" name="describe 20 &gt; example test 92" time="0.000016792">
        </testcase>
        <testcase classname="src/everything.spec.ts" name="describe 20 &gt; example test 93" time="0.0000675">
            <failure message="expected true to be false // Object.is equality" type="AssertionError">
AssertionError: expected true to be false // Object.is equality

- Expected
+ Received

- false
+ true

 ❯ src/everything.spec.ts:8:18
            </failure>
        </testcase>
        <testcase classname="src/everything.spec.ts" name="describe 20 &gt; example test 94" time="0.000016375">
        </testcase>
        <testcase classname="src/everything.spec.ts" name="describe 20 &gt; example test 95" time="0.000065834">
            <failure message="expected true to be false // Object.is equality" type="AssertionError">
AssertionError: expected true to be false // Object.is equality

- Expected
+ Received

- false
+ true

 ❯ src/everything.spec.ts:8:18
            </failure>
        </testcase>
        <testcase classname="src/everything.spec.ts" name="describe 20 &gt; example test 96" time="0.000016292">
        </testcase>
        <testcase classname="src/everything.spec.ts" name="describe 20 &gt; example test 97" time="0.000063209">
            <failure message="expected true to be false // Object.is equality" type="AssertionError">
AssertionError: expected true to be false // Object.is equality

- Expected
+ Received

- false
+ true

 ❯ src/everything.spec.ts:8:18
            </failure>
        </testcase>
        <testcase classname="src/everything.spec.ts" name="describe 20 &gt; example test 98" time="0.000016208">
        </testcase>
        <testcase classname="src/everything.spec.ts" name="describe 20 &gt; example test 99" time="0.000063542">
            <failure message="expected true to be false // Object.is equality" type="AssertionError">
AssertionError: expected true to be false // Object.is equality

- Expected
+ Received

- false
+ true

 ❯ src/everything.spec.ts:8:18
            </failure>
        </testcase>
        <testcase classname="src/everything.spec.ts" name="describe 20 &gt; example test 100" time="0.000020209">
        </testcase>
        <testcase classname="src/everything.spec.ts" name="describe 21 &gt; example test 1" time="0.000076709">
            <failure message="expected true to be false // Object.is equality" type="AssertionError">
AssertionError: expected true to be false // Object.is equality

- Expected
+ Received

- false
+ true

 ❯ src/everything.spec.ts:8:18
            </failure>
        </testcase>
        <testcase classname="src/everything.spec.ts" name="describe 21 &gt; example test 2" time="0.000017042">
        </testcase>
        <testcase classname="src/everything.spec.ts" name="describe 21 &gt; example test 3" time="0.000066333">
            <failure message="expected true to be false // Object.is equality" type="AssertionError">
AssertionError: expected true to be false // Object.is equality

- Expected
+ Received

- false
+ true

 ❯ src/everything.spec.ts:8:18
            </failure>
        </testcase>
        <testcase classname="src/everything.spec.ts" name="describe 21 &gt; example test 4" time="0.000017292">
        </testcase>
        <testcase classname="src/everything.spec.ts" name="describe 21 &gt; example test 5" time="0.000068083">
            <failure message="expected true to be false // Object.is equality" type="AssertionError">
AssertionError: expected true to be false // Object.is equality

- Expected
+ Received

- false
+ true

 ❯ src/everything.spec.ts:8:18
            </failure>
        </testcase>
        <testcase classname="src/everything.spec.ts" name="describe 21 &gt; example test 6" time="0.000018041">
        </testcase>
        <testcase classname="src/everything.spec.ts" name="describe 21 &gt; example test 7" time="0.000096709">
            <failure message="expected true to be false // Object.is equality" type="AssertionError">
AssertionError: expected true to be false // Object.is equality

- Expected
+ Received

- false
+ true

 ❯ src/everything.spec.ts:8:18
            </failure>
        </testcase>
        <testcase classname="src/everything.spec.ts" name="describe 21 &gt; example test 8" time="0.000018041">
        </testcase>
        <testcase classname="src/everything.spec.ts" name="describe 21 &gt; example test 9" time="0.000068584">
            <failure message="expected true to be false // Object.is equality" type="AssertionError">
AssertionError: expected true to be false // Object.is equality

- Expected
+ Received

- false
+ true

 ❯ src/everything.spec.ts:8:18
            </failure>
        </testcase>
        <testcase classname="src/everything.spec.ts" name="describe 21 &gt; example test 10" time="0.000018208">
        </testcase>
        <testcase classname="src/everything.spec.ts" name="describe 21 &gt; example test 11" time="0.000079792">
            <failure message="expected true to be false // Object.is equality" type="AssertionError">
AssertionError: expected true to be false // Object.is equality

- Expected
+ Received

- false
+ true

 ❯ src/everything.spec.ts:8:18
            </failure>
        </testcase>
        <testcase classname="src/everything.spec.ts" name="describe 21 &gt; example test 12" time="0.000018167">
        </testcase>
        <testcase classname="src/everything.spec.ts" name="describe 21 &gt; example test 13" time="0.000082709">
            <failure message="expected true to be false // Object.is equality" type="AssertionError">
AssertionError: expected true to be false // Object.is equality

- Expected
+ Received

- false
+ true

 ❯ src/everything.spec.ts:8:18
            </failure>
        </testcase>
        <testcase classname="src/everything.spec.ts" name="describe 21 &gt; example test 14" time="0.00001875">
        </testcase>
        <testcase classname="src/everything.spec.ts" name="describe 21 &gt; example test 15" time="0.000069042">
            <failure message="expected true to be false // Object.is equality" type="AssertionError">
AssertionError: expected true to be false // Object.is equality

- Expected
+ Received

- false
+ true

 ❯ src/everything.spec.ts:8:18
            </failure>
        </testcase>
        <testcase classname="src/everything.spec.ts" name="describe 21 &gt; example test 16" time="0.00001775">
        </testcase>
        <testcase classname="src/everything.spec.ts" name="describe 21 &gt; example test 17" time="0.000071625">
            <failure message="expected true to be false // Object.is equality" type="AssertionError">
AssertionError: expected true to be false // Object.is equality

- Expected
+ Received

- false
+ true

 ❯ src/everything.spec.ts:8:18
            </failure>
        </testcase>
        <testcase classname="src/everything.spec.ts" name="describe 21 &gt; example test 18" time="0.000017584">
        </testcase>
        <testcase classname="src/everything.spec.ts" name="describe 21 &gt; example test 19" time="0.00006875">
            <failure message="expected true to be false // Object.is equality" type="AssertionError">
AssertionError: expected true to be false // Object.is equality

- Expected
+ Received

- false
+ true

 ❯ src/everything.spec.ts:8:18
            </failure>
        </testcase>
        <testcase classname="src/everything.spec.ts" name="describe 21 &gt; example test 20" time="0.000017958">
        </testcase>
        <testcase classname="src/everything.spec.ts" name="describe 21 &gt; example test 21" time="0.000069125">
            <failure message="expected true to be false // Object.is equality" type="AssertionError">
AssertionError: expected true to be false // Object.is equality

- Expected
+ Received

- false
+ true

 ❯ src/everything.spec.ts:8:18
            </failure>
        </testcase>
        <testcase classname="src/everything.spec.ts" name="describe 21 &gt; example test 22" time="0.000027125">
        </testcase>
        <testcase classname="src/everything.spec.ts" name="describe 21 &gt; example test 23" time="0.000072333">
            <failure message="expected true to be false // Object.is equality" type="AssertionError">
AssertionError: expected true to be false // Object.is equality

- Expected
+ Received

- false
+ true

 ❯ src/everything.spec.ts:8:18
            </failure>
        </testcase>
        <testcase classname="src/everything.spec.ts" name="describe 21 &gt; example test 24" time="0.000017583">
        </testcase>
        <testcase classname="src/everything.spec.ts" name="describe 21 &gt; example test 25" time="0.000069667">
            <failure message="expected true to be false // Object.is equality" type="AssertionError">
AssertionError: expected true to be false // Object.is equality

- Expected
+ Received

- false
+ true

 ❯ src/everything.spec.ts:8:18
            </failure>
        </testcase>
        <testcase classname="src/everything.spec.ts" name="describe 21 &gt; example test 26" time="0.00001725">
        </testcase>
        <testcase classname="src/everything.spec.ts" name="describe 21 &gt; example test 27" time="0.00006575">
            <failure message="expected true to be false // Object.is equality" type="AssertionError">
AssertionError: expected true to be false // Object.is equality

- Expected
+ Received

- false
+ true

 ❯ src/everything.spec.ts:8:18
            </failure>
        </testcase>
        <testcase classname="src/everything.spec.ts" name="describe 21 &gt; example test 28" time="0.000021">
        </testcase>
        <testcase classname="src/everything.spec.ts" name="describe 21 &gt; example test 29" time="0.000066625">
            <failure message="expected true to be false // Object.is equality" type="AssertionError">
AssertionError: expected true to be false // Object.is equality

- Expected
+ Received

- false
+ true

 ❯ src/everything.spec.ts:8:18
            </failure>
        </testcase>
        <testcase classname="src/everything.spec.ts" name="describe 21 &gt; example test 30" time="0.000017041">
        </testcase>
        <testcase classname="src/everything.spec.ts" name="describe 21 &gt; example test 31" time="0.000067417">
            <failure message="expected true to be false // Object.is equality" type="AssertionError">
AssertionError: expected true to be false // Object.is equality

- Expected
+ Received

- false
+ true

 ❯ src/everything.spec.ts:8:18
            </failure>
        </testcase>
        <testcase classname="src/everything.spec.ts" name="describe 21 &gt; example test 32" time="0.000017584">
        </testcase>
        <testcase classname="src/everything.spec.ts" name="describe 21 &gt; example test 33" time="0.000065708">
            <failure message="expected true to be false // Object.is equality" type="AssertionError">
AssertionError: expected true to be false // Object.is equality

- Expected
+ Received

- false
+ true

 ❯ src/everything.spec.ts:8:18
            </failure>
        </testcase>
        <testcase classname="src/everything.spec.ts" name="describe 21 &gt; example test 34" time="0.000017833">
        </testcase>
        <testcase classname="src/everything.spec.ts" name="describe 21 &gt; example test 35" time="0.000064792">
            <failure message="expected true to be false // Object.is equality" type="AssertionError">
AssertionError: expected true to be false // Object.is equality

- Expected
+ Received

- false
+ true

 ❯ src/everything.spec.ts:8:18
            </failure>
        </testcase>
        <testcase classname="src/everything.spec.ts" name="describe 21 &gt; example test 36" time="0.0000175">
        </testcase>
        <testcase classname="src/everything.spec.ts" name="describe 21 &gt; example test 37" time="0.000065625">
            <failure message="expected true to be false // Object.is equality" type="AssertionError">
AssertionError: expected true to be false // Object.is equality

- Expected
+ Received

- false
+ true

 ❯ src/everything.spec.ts:8:18
            </failure>
        </testcase>
        <testcase classname="src/everything.spec.ts" name="describe 21 &gt; example test 38" time="0.000016875">
        </testcase>
        <testcase classname="src/everything.spec.ts" name="describe 21 &gt; example test 39" time="0.00006975">
            <failure message="expected true to be false // Object.is equality" type="AssertionError">
AssertionError: expected true to be false // Object.is equality

- Expected
+ Received

- false
+ true

 ❯ src/everything.spec.ts:8:18
            </failure>
        </testcase>
        <testcase classname="src/everything.spec.ts" name="describe 21 &gt; example test 40" time="0.000016792">
        </testcase>
        <testcase classname="src/everything.spec.ts" name="describe 21 &gt; example test 41" time="0.000081583">
            <failure message="expected true to be false // Object.is equality" type="AssertionError">
AssertionError: expected true to be false // Object.is equality

- Expected
+ Received

- false
+ true

 ❯ src/everything.spec.ts:8:18
            </failure>
        </testcase>
        <testcase classname="src/everything.spec.ts" name="describe 21 &gt; example test 42" time="0.000019416">
        </testcase>
        <testcase classname="src/everything.spec.ts" name="describe 21 &gt; example test 43" time="0.000070625">
            <failure message="expected true to be false // Object.is equality" type="AssertionError">
AssertionError: expected true to be false // Object.is equality

- Expected
+ Received

- false
+ true

 ❯ src/everything.spec.ts:8:18
            </failure>
        </testcase>
        <testcase classname="src/everything.spec.ts" name="describe 21 &gt; example test 44" time="0.000016666">
        </testcase>
        <testcase classname="src/everything.spec.ts" name="describe 21 &gt; example test 45" time="0.000071">
            <failure message="expected true to be false // Object.is equality" type="AssertionError">
AssertionError: expected true to be false // Object.is equality

- Expected
+ Received

- false
+ true

 ❯ src/everything.spec.ts:8:18
            </failure>
        </testcase>
        <testcase classname="src/everything.spec.ts" name="describe 21 &gt; example test 46" time="0.000017125">
        </testcase>
        <testcase classname="src/everything.spec.ts" name="describe 21 &gt; example test 47" time="0.00006525">
            <failure message="expected true to be false // Object.is equality" type="AssertionError">
AssertionError: expected true to be false // Object.is equality

- Expected
+ Received

- false
+ true

 ❯ src/everything.spec.ts:8:18
            </failure>
        </testcase>
        <testcase classname="src/everything.spec.ts" name="describe 21 &gt; example test 48" time="0.000038792">
        </testcase>
        <testcase classname="src/everything.spec.ts" name="describe 21 &gt; example test 49" time="0.00007425">
            <failure message="expected true to be false // Object.is equality" type="AssertionError">
AssertionError: expected true to be false // Object.is equality

- Expected
+ Received

- false
+ true

 ❯ src/everything.spec.ts:8:18
            </failure>
        </testcase>
        <testcase classname="src/everything.spec.ts" name="describe 21 &gt; example test 50" time="0.000016375">
        </testcase>
        <testcase classname="src/everything.spec.ts" name="describe 21 &gt; example test 51" time="0.000063375">
            <failure message="expected true to be false // Object.is equality" type="AssertionError">
AssertionError: expected true to be false // Object.is equality

- Expected
+ Received

- false
+ true

 ❯ src/everything.spec.ts:8:18
            </failure>
        </testcase>
        <testcase classname="src/everything.spec.ts" name="describe 21 &gt; example test 52" time="0.000016792">
        </testcase>
        <testcase classname="src/everything.spec.ts" name="describe 21 &gt; example test 53" time="0.000066375">
            <failure message="expected true to be false // Object.is equality" type="AssertionError">
AssertionError: expected true to be false // Object.is equality

- Expected
+ Received

- false
+ true

 ❯ src/everything.spec.ts:8:18
            </failure>
        </testcase>
        <testcase classname="src/everything.spec.ts" name="describe 21 &gt; example test 54" time="0.00001625">
        </testcase>
        <testcase classname="src/everything.spec.ts" name="describe 21 &gt; example test 55" time="0.000062625">
            <failure message="expected true to be false // Object.is equality" type="AssertionError">
AssertionError: expected true to be false // Object.is equality

- Expected
+ Received

- false
+ true

 ❯ src/everything.spec.ts:8:18
            </failure>
        </testcase>
        <testcase classname="src/everything.spec.ts" name="describe 21 &gt; example test 56" time="0.000016042">
        </testcase>
        <testcase classname="src/everything.spec.ts" name="describe 21 &gt; example test 57" time="0.000065875">
            <failure message="expected true to be false // Object.is equality" type="AssertionError">
AssertionError: expected true to be false // Object.is equality

- Expected
+ Received

- false
+ true

 ❯ src/everything.spec.ts:8:18
            </failure>
        </testcase>
        <testcase classname="src/everything.spec.ts" name="describe 21 &gt; example test 58" time="0.00001675">
        </testcase>
        <testcase classname="src/everything.spec.ts" name="describe 21 &gt; example test 59" time="0.00006275">
            <failure message="expected true to be false // Object.is equality" type="AssertionError">
AssertionError: expected true to be false // Object.is equality

- Expected
+ Received

- false
+ true

 ❯ src/everything.spec.ts:8:18
            </failure>
        </testcase>
        <testcase classname="src/everything.spec.ts" name="describe 21 &gt; example test 60" time="0.000019625">
        </testcase>
        <testcase classname="src/everything.spec.ts" name="describe 21 &gt; example test 61" time="0.000062667">
            <failure message="expected true to be false // Object.is equality" type="AssertionError">
AssertionError: expected true to be false // Object.is equality

- Expected
+ Received

- false
+ true

 ❯ src/everything.spec.ts:8:18
            </failure>
        </testcase>
        <testcase classname="src/everything.spec.ts" name="describe 21 &gt; example test 62" time="0.000016292">
        </testcase>
        <testcase classname="src/everything.spec.ts" name="describe 21 &gt; example test 63" time="0.0000625">
            <failure message="expected true to be false // Object.is equality" type="AssertionError">
AssertionError: expected true to be false // Object.is equality

- Expected
+ Received

- false
+ true

 ❯ src/everything.spec.ts:8:18
            </failure>
        </testcase>
        <testcase classname="src/everything.spec.ts" name="describe 21 &gt; example test 64" time="0.000018">
        </testcase>
        <testcase classname="src/everything.spec.ts" name="describe 21 &gt; example test 65" time="0.000063375">
            <failure message="expected true to be false // Object.is equality" type="AssertionError">
AssertionError: expected true to be false // Object.is equality

- Expected
+ Received

- false
+ true

 ❯ src/everything.spec.ts:8:18
            </failure>
        </testcase>
        <testcase classname="src/everything.spec.ts" name="describe 21 &gt; example test 66" time="0.000016084">
        </testcase>
        <testcase classname="src/everything.spec.ts" name="describe 21 &gt; example test 67" time="0.000066917">
            <failure message="expected true to be false // Object.is equality" type="AssertionError">
AssertionError: expected true to be false // Object.is equality

- Expected
+ Received

- false
+ true

 ❯ src/everything.spec.ts:8:18
            </failure>
        </testcase>
        <testcase classname="src/everything.spec.ts" name="describe 21 &gt; example test 68" time="0.000017542">
        </testcase>
        <testcase classname="src/everything.spec.ts" name="describe 21 &gt; example test 69" time="0.000062875">
            <failure message="expected true to be false // Object.is equality" type="AssertionError">
AssertionError: expected true to be false // Object.is equality

- Expected
+ Received

- false
+ true

 ❯ src/everything.spec.ts:8:18
            </failure>
        </testcase>
        <testcase classname="src/everything.spec.ts" name="describe 21 &gt; example test 70" time="0.000016417">
        </testcase>
        <testcase classname="src/everything.spec.ts" name="describe 21 &gt; example test 71" time="0.000063916">
            <failure message="expected true to be false // Object.is equality" type="AssertionError">
AssertionError: expected true to be false // Object.is equality

- Expected
+ Received

- false
+ true

 ❯ src/everything.spec.ts:8:18
            </failure>
        </testcase>
        <testcase classname="src/everything.spec.ts" name="describe 21 &gt; example test 72" time="0.000016458">
        </testcase>
        <testcase classname="src/everything.spec.ts" name="describe 21 &gt; example test 73" time="0.000079458">
            <failure message="expected true to be false // Object.is equality" type="AssertionError">
AssertionError: expected true to be false // Object.is equality

- Expected
+ Received

- false
+ true

 ❯ src/everything.spec.ts:8:18
            </failure>
        </testcase>
        <testcase classname="src/everything.spec.ts" name="describe 21 &gt; example test 74" time="0.0000165">
        </testcase>
        <testcase classname="src/everything.spec.ts" name="describe 21 &gt; example test 75" time="0.000070375">
            <failure message="expected true to be false // Object.is equality" type="AssertionError">
AssertionError: expected true to be false // Object.is equality

- Expected
+ Received

- false
+ true

 ❯ src/everything.spec.ts:8:18
            </failure>
        </testcase>
        <testcase classname="src/everything.spec.ts" name="describe 21 &gt; example test 76" time="0.000016791">
        </testcase>
        <testcase classname="src/everything.spec.ts" name="describe 21 &gt; example test 77" time="0.000062667">
            <failure message="expected true to be false // Object.is equality" type="AssertionError">
AssertionError: expected true to be false // Object.is equality

- Expected
+ Received

- false
+ true

 ❯ src/everything.spec.ts:8:18
            </failure>
        </testcase>
        <testcase classname="src/everything.spec.ts" name="describe 21 &gt; example test 78" time="0.0000165">
        </testcase>
        <testcase classname="src/everything.spec.ts" name="describe 21 &gt; example test 79" time="0.000063834">
            <failure message="expected true to be false // Object.is equality" type="AssertionError">
AssertionError: expected true to be false // Object.is equality

- Expected
+ Received

- false
+ true

 ❯ src/everything.spec.ts:8:18
            </failure>
        </testcase>
        <testcase classname="src/everything.spec.ts" name="describe 21 &gt; example test 80" time="0.000016542">
        </testcase>
        <testcase classname="src/everything.spec.ts" name="describe 21 &gt; example test 81" time="0.000062875">
            <failure message="expected true to be false // Object.is equality" type="AssertionError">
AssertionError: expected true to be false // Object.is equality

- Expected
+ Received

- false
+ true

 ❯ src/everything.spec.ts:8:18
            </failure>
        </testcase>
        <testcase classname="src/everything.spec.ts" name="describe 21 &gt; example test 82" time="0.000015708">
        </testcase>
        <testcase classname="src/everything.spec.ts" name="describe 21 &gt; example test 83" time="0.000063834">
            <failure message="expected true to be false // Object.is equality" type="AssertionError">
AssertionError: expected true to be false // Object.is equality

- Expected
+ Received

- false
+ true

 ❯ src/everything.spec.ts:8:18
            </failure>
        </testcase>
        <testcase classname="src/everything.spec.ts" name="describe 21 &gt; example test 84" time="0.000019083">
        </testcase>
        <testcase classname="src/everything.spec.ts" name="describe 21 &gt; example test 85" time="0.000063417">
            <failure message="expected true to be false // Object.is equality" type="AssertionError">
AssertionError: expected true to be false // Object.is equality

- Expected
+ Received

- false
+ true

 ❯ src/everything.spec.ts:8:18
            </failure>
        </testcase>
        <testcase classname="src/everything.spec.ts" name="describe 21 &gt; example test 86" time="0.00001625">
        </testcase>
        <testcase classname="src/everything.spec.ts" name="describe 21 &gt; example test 87" time="0.00052775">
            <failure message="expected true to be false // Object.is equality" type="AssertionError">
AssertionError: expected true to be false // Object.is equality

- Expected
+ Received

- false
+ true

 ❯ src/everything.spec.ts:8:18
            </failure>
        </testcase>
        <testcase classname="src/everything.spec.ts" name="describe 21 &gt; example test 88" time="0.000029083">
        </testcase>
        <testcase classname="src/everything.spec.ts" name="describe 21 &gt; example test 89" time="0.000092042">
            <failure message="expected true to be false // Object.is equality" type="AssertionError">
AssertionError: expected true to be false // Object.is equality

- Expected
+ Received

- false
+ true

 ❯ src/everything.spec.ts:8:18
            </failure>
        </testcase>
        <testcase classname="src/everything.spec.ts" name="describe 21 &gt; example test 90" time="0.000020666">
        </testcase>
        <testcase classname="src/everything.spec.ts" name="describe 21 &gt; example test 91" time="0.000073334">
            <failure message="expected true to be false // Object.is equality" type="AssertionError">
AssertionError: expected true to be false // Object.is equality

- Expected
+ Received

- false
+ true

 ❯ src/everything.spec.ts:8:18
            </failure>
        </testcase>
        <testcase classname="src/everything.spec.ts" name="describe 21 &gt; example test 92" time="0.000021334">
        </testcase>
        <testcase classname="src/everything.spec.ts" name="describe 21 &gt; example test 93" time="0.000069583">
            <failure message="expected true to be false // Object.is equality" type="AssertionError">
AssertionError: expected true to be false // Object.is equality

- Expected
+ Received

- false
+ true

 ❯ src/everything.spec.ts:8:18
            </failure>
        </testcase>
        <testcase classname="src/everything.spec.ts" name="describe 21 &gt; example test 94" time="0.000016792">
        </testcase>
        <testcase classname="src/everything.spec.ts" name="describe 21 &gt; example test 95" time="0.000065708">
            <failure message="expected true to be false // Object.is equality" type="AssertionError">
AssertionError: expected true to be false // Object.is equality

- Expected
+ Received

- false
+ true

 ❯ src/everything.spec.ts:8:18
            </failure>
        </testcase>
        <testcase classname="src/everything.spec.ts" name="describe 21 &gt; example test 96" time="0.000016459">
        </testcase>
        <testcase classname="src/everything.spec.ts" name="describe 21 &gt; example test 97" time="0.000064125">
            <failure message="expected true to be false // Object.is equality" type="AssertionError">
AssertionError: expected true to be false // Object.is equality

- Expected
+ Received

- false
+ true

 ❯ src/everything.spec.ts:8:18
            </failure>
        </testcase>
        <testcase classname="src/everything.spec.ts" name="describe 21 &gt; example test 98" time="0.000016583">
        </testcase>
        <testcase classname="src/everything.spec.ts" name="describe 21 &gt; example test 99" time="0.000067459">
            <failure message="expected true to be false // Object.is equality" type="AssertionError">
AssertionError: expected true to be false // Object.is equality

- Expected
+ Received

- false
+ true

 ❯ src/everything.spec.ts:8:18
            </failure>
        </testcase>
        <testcase classname="src/everything.spec.ts" name="describe 21 &gt; example test 100" time="0.000016792">
        </testcase>
        <testcase classname="src/everything.spec.ts" name="describe 22 &gt; example test 1" time="0.000068083">
            <failure message="expected true to be false // Object.is equality" type="AssertionError">
AssertionError: expected true to be false // Object.is equality

- Expected
+ Received

- false
+ true

 ❯ src/everything.spec.ts:8:18
            </failure>
        </testcase>
        <testcase classname="src/everything.spec.ts" name="describe 22 &gt; example test 2" time="0.000016208">
        </testcase>
        <testcase classname="src/everything.spec.ts" name="describe 22 &gt; example test 3" time="0.000066708">
            <failure message="expected true to be false // Object.is equality" type="AssertionError">
AssertionError: expected true to be false // Object.is equality

- Expected
+ Received

- false
+ true

 ❯ src/everything.spec.ts:8:18
            </failure>
        </testcase>
        <testcase classname="src/everything.spec.ts" name="describe 22 &gt; example test 4" time="0.000016334">
        </testcase>
        <testcase classname="src/everything.spec.ts" name="describe 22 &gt; example test 5" time="0.000063708">
            <failure message="expected true to be false // Object.is equality" type="AssertionError">
AssertionError: expected true to be false // Object.is equality

- Expected
+ Received

- false
+ true

 ❯ src/everything.spec.ts:8:18
            </failure>
        </testcase>
        <testcase classname="src/everything.spec.ts" name="describe 22 &gt; example test 6" time="0.000016208">
        </testcase>
        <testcase classname="src/everything.spec.ts" name="describe 22 &gt; example test 7" time="0.000064208">
            <failure message="expected true to be false // Object.is equality" type="AssertionError">
AssertionError: expected true to be false // Object.is equality

- Expected
+ Received

- false
+ true

 ❯ src/everything.spec.ts:8:18
            </failure>
        </testcase>
        <testcase classname="src/everything.spec.ts" name="describe 22 &gt; example test 8" time="0.000016292">
        </testcase>
        <testcase classname="src/everything.spec.ts" name="describe 22 &gt; example test 9" time="0.000063167">
            <failure message="expected true to be false // Object.is equality" type="AssertionError">
AssertionError: expected true to be false // Object.is equality

- Expected
+ Received

- false
+ true

 ❯ src/everything.spec.ts:8:18
            </failure>
        </testcase>
        <testcase classname="src/everything.spec.ts" name="describe 22 &gt; example test 10" time="0.000016041">
        </testcase>
        <testcase classname="src/everything.spec.ts" name="describe 22 &gt; example test 11" time="0.000065834">
            <failure message="expected true to be false // Object.is equality" type="AssertionError">
AssertionError: expected true to be false // Object.is equality

- Expected
+ Received

- false
+ true

 ❯ src/everything.spec.ts:8:18
            </failure>
        </testcase>
        <testcase classname="src/everything.spec.ts" name="describe 22 &gt; example test 12" time="0.0000165">
        </testcase>
        <testcase classname="src/everything.spec.ts" name="describe 22 &gt; example test 13" time="0.000063334">
            <failure message="expected true to be false // Object.is equality" type="AssertionError">
AssertionError: expected true to be false // Object.is equality

- Expected
+ Received

- false
+ true

 ❯ src/everything.spec.ts:8:18
            </failure>
        </testcase>
        <testcase classname="src/everything.spec.ts" name="describe 22 &gt; example test 14" time="0.000018917">
        </testcase>
        <testcase classname="src/everything.spec.ts" name="describe 22 &gt; example test 15" time="0.000063833">
            <failure message="expected true to be false // Object.is equality" type="AssertionError">
AssertionError: expected true to be false // Object.is equality

- Expected
+ Received

- false
+ true

 ❯ src/everything.spec.ts:8:18
            </failure>
        </testcase>
        <testcase classname="src/everything.spec.ts" name="describe 22 &gt; example test 16" time="0.00001925">
        </testcase>
        <testcase classname="src/everything.spec.ts" name="describe 22 &gt; example test 17" time="0.000073542">
            <failure message="expected true to be false // Object.is equality" type="AssertionError">
AssertionError: expected true to be false // Object.is equality

- Expected
+ Received

- false
+ true

 ❯ src/everything.spec.ts:8:18
            </failure>
        </testcase>
        <testcase classname="src/everything.spec.ts" name="describe 22 &gt; example test 18" time="0.000016125">
        </testcase>
        <testcase classname="src/everything.spec.ts" name="describe 22 &gt; example test 19" time="0.000063583">
            <failure message="expected true to be false // Object.is equality" type="AssertionError">
AssertionError: expected true to be false // Object.is equality

- Expected
+ Received

- false
+ true

 ❯ src/everything.spec.ts:8:18
            </failure>
        </testcase>
        <testcase classname="src/everything.spec.ts" name="describe 22 &gt; example test 20" time="0.000015958">
        </testcase>
        <testcase classname="src/everything.spec.ts" name="describe 22 &gt; example test 21" time="0.000062958">
            <failure message="expected true to be false // Object.is equality" type="AssertionError">
AssertionError: expected true to be false // Object.is equality

- Expected
+ Received

- false
+ true

 ❯ src/everything.spec.ts:8:18
            </failure>
        </testcase>
        <testcase classname="src/everything.spec.ts" name="describe 22 &gt; example test 22" time="0.000016208">
        </testcase>
        <testcase classname="src/everything.spec.ts" name="describe 22 &gt; example test 23" time="0.000064208">
            <failure message="expected true to be false // Object.is equality" type="AssertionError">
AssertionError: expected true to be false // Object.is equality

- Expected
+ Received

- false
+ true

 ❯ src/everything.spec.ts:8:18
            </failure>
        </testcase>
        <testcase classname="src/everything.spec.ts" name="describe 22 &gt; example test 24" time="0.000019291">
        </testcase>
        <testcase classname="src/everything.spec.ts" name="describe 22 &gt; example test 25" time="0.0000635">
            <failure message="expected true to be false // Object.is equality" type="AssertionError">
AssertionError: expected true to be false // Object.is equality

- Expected
+ Received

- false
+ true

 ❯ src/everything.spec.ts:8:18
            </failure>
        </testcase>
        <testcase classname="src/everything.spec.ts" name="describe 22 &gt; example test 26" time="0.000016583">
        </testcase>
        <testcase classname="src/everything.spec.ts" name="describe 22 &gt; example test 27" time="0.000063583">
            <failure message="expected true to be false // Object.is equality" type="AssertionError">
AssertionError: expected true to be false // Object.is equality

- Expected
+ Received

- false
+ true

 ❯ src/everything.spec.ts:8:18
            </failure>
        </testcase>
        <testcase classname="src/everything.spec.ts" name="describe 22 &gt; example test 28" time="0.000016333">
        </testcase>
        <testcase classname="src/everything.spec.ts" name="describe 22 &gt; example test 29" time="0.000063791">
            <failure message="expected true to be false // Object.is equality" type="AssertionError">
AssertionError: expected true to be false // Object.is equality

- Expected
+ Received

- false
+ true

 ❯ src/everything.spec.ts:8:18
            </failure>
        </testcase>
        <testcase classname="src/everything.spec.ts" name="describe 22 &gt; example test 30" time="0.000015959">
        </testcase>
        <testcase classname="src/everything.spec.ts" name="describe 22 &gt; example test 31" time="0.000064709">
            <failure message="expected true to be false // Object.is equality" type="AssertionError">
AssertionError: expected true to be false // Object.is equality

- Expected
+ Received

- false
+ true

 ❯ src/everything.spec.ts:8:18
            </failure>
        </testcase>
        <testcase classname="src/everything.spec.ts" name="describe 22 &gt; example test 32" time="0.000016042">
        </testcase>
        <testcase classname="src/everything.spec.ts" name="describe 22 &gt; example test 33" time="0.000069083">
            <failure message="expected true to be false // Object.is equality" type="AssertionError">
AssertionError: expected true to be false // Object.is equality

- Expected
+ Received

- false
+ true

 ❯ src/everything.spec.ts:8:18
            </failure>
        </testcase>
        <testcase classname="src/everything.spec.ts" name="describe 22 &gt; example test 34" time="0.00001675">
        </testcase>
        <testcase classname="src/everything.spec.ts" name="describe 22 &gt; example test 35" time="0.000065916">
            <failure message="expected true to be false // Object.is equality" type="AssertionError">
AssertionError: expected true to be false // Object.is equality

- Expected
+ Received

- false
+ true

 ❯ src/everything.spec.ts:8:18
            </failure>
        </testcase>
        <testcase classname="src/everything.spec.ts" name="describe 22 &gt; example test 36" time="0.000015875">
        </testcase>
        <testcase classname="src/everything.spec.ts" name="describe 22 &gt; example test 37" time="0.000063958">
            <failure message="expected true to be false // Object.is equality" type="AssertionError">
AssertionError: expected true to be false // Object.is equality

- Expected
+ Received

- false
+ true

 ❯ src/everything.spec.ts:8:18
            </failure>
        </testcase>
        <testcase classname="src/everything.spec.ts" name="describe 22 &gt; example test 38" time="0.0000165">
        </testcase>
        <testcase classname="src/everything.spec.ts" name="describe 22 &gt; example test 39" time="0.000062333">
            <failure message="expected true to be false // Object.is equality" type="AssertionError">
AssertionError: expected true to be false // Object.is equality

- Expected
+ Received

- false
+ true

 ❯ src/everything.spec.ts:8:18
            </failure>
        </testcase>
        <testcase classname="src/everything.spec.ts" name="describe 22 &gt; example test 40" time="0.000015708">
        </testcase>
        <testcase classname="src/everything.spec.ts" name="describe 22 &gt; example test 41" time="0.000063667">
            <failure message="expected true to be false // Object.is equality" type="AssertionError">
AssertionError: expected true to be false // Object.is equality

- Expected
+ Received

- false
+ true

 ❯ src/everything.spec.ts:8:18
            </failure>
        </testcase>
        <testcase classname="src/everything.spec.ts" name="describe 22 &gt; example test 42" time="0.000016583">
        </testcase>
        <testcase classname="src/everything.spec.ts" name="describe 22 &gt; example test 43" time="0.000065709">
            <failure message="expected true to be false // Object.is equality" type="AssertionError">
AssertionError: expected true to be false // Object.is equality

- Expected
+ Received

- false
+ true

 ❯ src/everything.spec.ts:8:18
            </failure>
        </testcase>
        <testcase classname="src/everything.spec.ts" name="describe 22 &gt; example test 44" time="0.000016208">
        </testcase>
        <testcase classname="src/everything.spec.ts" name="describe 22 &gt; example test 45" time="0.000063334">
            <failure message="expected true to be false // Object.is equality" type="AssertionError">
AssertionError: expected true to be false // Object.is equality

- Expected
+ Received

- false
+ true

 ❯ src/everything.spec.ts:8:18
            </failure>
        </testcase>
        <testcase classname="src/everything.spec.ts" name="describe 22 &gt; example test 46" time="0.000016375">
        </testcase>
        <testcase classname="src/everything.spec.ts" name="describe 22 &gt; example test 47" time="0.000062791">
            <failure message="expected true to be false // Object.is equality" type="AssertionError">
AssertionError: expected true to be false // Object.is equality

- Expected
+ Received

- false
+ true

 ❯ src/everything.spec.ts:8:18
            </failure>
        </testcase>
        <testcase classname="src/everything.spec.ts" name="describe 22 &gt; example test 48" time="0.000016">
        </testcase>
        <testcase classname="src/everything.spec.ts" name="describe 22 &gt; example test 49" time="0.000065458">
            <failure message="expected true to be false // Object.is equality" type="AssertionError">
AssertionError: expected true to be false // Object.is equality

- Expected
+ Received

- false
+ true

 ❯ src/everything.spec.ts:8:18
            </failure>
        </testcase>
        <testcase classname="src/everything.spec.ts" name="describe 22 &gt; example test 50" time="0.000015958">
        </testcase>
        <testcase classname="src/everything.spec.ts" name="describe 22 &gt; example test 51" time="0.000062958">
            <failure message="expected true to be false // Object.is equality" type="AssertionError">
AssertionError: expected true to be false // Object.is equality

- Expected
+ Received

- false
+ true

 ❯ src/everything.spec.ts:8:18
            </failure>
        </testcase>
        <testcase classname="src/everything.spec.ts" name="describe 22 &gt; example test 52" time="0.000016833">
        </testcase>
        <testcase classname="src/everything.spec.ts" name="describe 22 &gt; example test 53" time="0.000063167">
            <failure message="expected true to be false // Object.is equality" type="AssertionError">
AssertionError: expected true to be false // Object.is equality

- Expected
+ Received

- false
+ true

 ❯ src/everything.spec.ts:8:18
            </failure>
        </testcase>
        <testcase classname="src/everything.spec.ts" name="describe 22 &gt; example test 54" time="0.000016">
        </testcase>
        <testcase classname="src/everything.spec.ts" name="describe 22 &gt; example test 55" time="0.000061959">
            <failure message="expected true to be false // Object.is equality" type="AssertionError">
AssertionError: expected true to be false // Object.is equality

- Expected
+ Received

- false
+ true

 ❯ src/everything.spec.ts:8:18
            </failure>
        </testcase>
        <testcase classname="src/everything.spec.ts" name="describe 22 &gt; example test 56" time="0.000015875">
        </testcase>
        <testcase classname="src/everything.spec.ts" name="describe 22 &gt; example test 57" time="0.000063792">
            <failure message="expected true to be false // Object.is equality" type="AssertionError">
AssertionError: expected true to be false // Object.is equality

- Expected
+ Received

- false
+ true

 ❯ src/everything.spec.ts:8:18
            </failure>
        </testcase>
        <testcase classname="src/everything.spec.ts" name="describe 22 &gt; example test 58" time="0.00001575">
        </testcase>
        <testcase classname="src/everything.spec.ts" name="describe 22 &gt; example test 59" time="0.000074">
            <failure message="expected true to be false // Object.is equality" type="AssertionError">
AssertionError: expected true to be false // Object.is equality

- Expected
+ Received

- false
+ true

 ❯ src/everything.spec.ts:8:18
            </failure>
        </testcase>
        <testcase classname="src/everything.spec.ts" name="describe 22 &gt; example test 60" time="0.000016292">
        </testcase>
        <testcase classname="src/everything.spec.ts" name="describe 22 &gt; example test 61" time="0.000063958">
            <failure message="expected true to be false // Object.is equality" type="AssertionError">
AssertionError: expected true to be false // Object.is equality

- Expected
+ Received

- false
+ true

 ❯ src/everything.spec.ts:8:18
            </failure>
        </testcase>
        <testcase classname="src/everything.spec.ts" name="describe 22 &gt; example test 62" time="0.00001525">
        </testcase>
        <testcase classname="src/everything.spec.ts" name="describe 22 &gt; example test 63" time="0.000063">
            <failure message="expected true to be false // Object.is equality" type="AssertionError">
AssertionError: expected true to be false // Object.is equality

- Expected
+ Received

- false
+ true

 ❯ src/everything.spec.ts:8:18
            </failure>
        </testcase>
        <testcase classname="src/everything.spec.ts" name="describe 22 &gt; example test 64" time="0.000016084">
        </testcase>
        <testcase classname="src/everything.spec.ts" name="describe 22 &gt; example test 65" time="0.000063333">
            <failure message="expected true to be false // Object.is equality" type="AssertionError">
AssertionError: expected true to be false // Object.is equality

- Expected
+ Received

- false
+ true

 ❯ src/everything.spec.ts:8:18
            </failure>
        </testcase>
        <testcase classname="src/everything.spec.ts" name="describe 22 &gt; example test 66" time="0.000015875">
        </testcase>
        <testcase classname="src/everything.spec.ts" name="describe 22 &gt; example test 67" time="0.000063042">
            <failure message="expected true to be false // Object.is equality" type="AssertionError">
AssertionError: expected true to be false // Object.is equality

- Expected
+ Received

- false
+ true

 ❯ src/everything.spec.ts:8:18
            </failure>
        </testcase>
        <testcase classname="src/everything.spec.ts" name="describe 22 &gt; example test 68" time="0.00001675">
        </testcase>
        <testcase classname="src/everything.spec.ts" name="describe 22 &gt; example test 69" time="0.000063083">
            <failure message="expected true to be false // Object.is equality" type="AssertionError">
AssertionError: expected true to be false // Object.is equality

- Expected
+ Received

- false
+ true

 ❯ src/everything.spec.ts:8:18
            </failure>
        </testcase>
        <testcase classname="src/everything.spec.ts" name="describe 22 &gt; example test 70" time="0.000015875">
        </testcase>
        <testcase classname="src/everything.spec.ts" name="describe 22 &gt; example test 71" time="0.00006275">
            <failure message="expected true to be false // Object.is equality" type="AssertionError">
AssertionError: expected true to be false // Object.is equality

- Expected
+ Received

- false
+ true

 ❯ src/everything.spec.ts:8:18
            </failure>
        </testcase>
        <testcase classname="src/everything.spec.ts" name="describe 22 &gt; example test 72" time="0.000017459">
        </testcase>
        <testcase classname="src/everything.spec.ts" name="describe 22 &gt; example test 73" time="0.000063125">
            <failure message="expected true to be false // Object.is equality" type="AssertionError">
AssertionError: expected true to be false // Object.is equality

- Expected
+ Received

- false
+ true

 ❯ src/everything.spec.ts:8:18
            </failure>
        </testcase>
        <testcase classname="src/everything.spec.ts" name="describe 22 &gt; example test 74" time="0.000017">
        </testcase>
        <testcase classname="src/everything.spec.ts" name="describe 22 &gt; example test 75" time="0.000066958">
            <failure message="expected true to be false // Object.is equality" type="AssertionError">
AssertionError: expected true to be false // Object.is equality

- Expected
+ Received

- false
+ true

 ❯ src/everything.spec.ts:8:18
            </failure>
        </testcase>
        <testcase classname="src/everything.spec.ts" name="describe 22 &gt; example test 76" time="0.000017125">
        </testcase>
        <testcase classname="src/everything.spec.ts" name="describe 22 &gt; example test 77" time="0.000064125">
            <failure message="expected true to be false // Object.is equality" type="AssertionError">
AssertionError: expected true to be false // Object.is equality

- Expected
+ Received

- false
+ true

 ❯ src/everything.spec.ts:8:18
            </failure>
        </testcase>
        <testcase classname="src/everything.spec.ts" name="describe 22 &gt; example test 78" time="0.000016291">
        </testcase>
        <testcase classname="src/everything.spec.ts" name="describe 22 &gt; example test 79" time="0.000066125">
            <failure message="expected true to be false // Object.is equality" type="AssertionError">
AssertionError: expected true to be false // Object.is equality

- Expected
+ Received

- false
+ true

 ❯ src/everything.spec.ts:8:18
            </failure>
        </testcase>
        <testcase classname="src/everything.spec.ts" name="describe 22 &gt; example test 80" time="0.000016458">
        </testcase>
        <testcase classname="src/everything.spec.ts" name="describe 22 &gt; example test 81" time="0.000062625">
            <failure message="expected true to be false // Object.is equality" type="AssertionError">
AssertionError: expected true to be false // Object.is equality

- Expected
+ Received

- false
+ true

 ❯ src/everything.spec.ts:8:18
            </failure>
        </testcase>
        <testcase classname="src/everything.spec.ts" name="describe 22 &gt; example test 82" time="0.000016209">
        </testcase>
        <testcase classname="src/everything.spec.ts" name="describe 22 &gt; example test 83" time="0.000063417">
            <failure message="expected true to be false // Object.is equality" type="AssertionError">
AssertionError: expected true to be false // Object.is equality

- Expected
+ Received

- false
+ true

 ❯ src/everything.spec.ts:8:18
            </failure>
        </testcase>
        <testcase classname="src/everything.spec.ts" name="describe 22 &gt; example test 84" time="0.000015958">
        </testcase>
        <testcase classname="src/everything.spec.ts" name="describe 22 &gt; example test 85" time="0.000063375">
            <failure message="expected true to be false // Object.is equality" type="AssertionError">
AssertionError: expected true to be false // Object.is equality

- Expected
+ Received

- false
+ true

 ❯ src/everything.spec.ts:8:18
            </failure>
        </testcase>
        <testcase classname="src/everything.spec.ts" name="describe 22 &gt; example test 86" time="0.000016333">
        </testcase>
        <testcase classname="src/everything.spec.ts" name="describe 22 &gt; example test 87" time="0.000063916">
            <failure message="expected true to be false // Object.is equality" type="AssertionError">
AssertionError: expected true to be false // Object.is equality

- Expected
+ Received

- false
+ true

 ❯ src/everything.spec.ts:8:18
            </failure>
        </testcase>
        <testcase classname="src/everything.spec.ts" name="describe 22 &gt; example test 88" time="0.000016459">
        </testcase>
        <testcase classname="src/everything.spec.ts" name="describe 22 &gt; example test 89" time="0.000062792">
            <failure message="expected true to be false // Object.is equality" type="AssertionError">
AssertionError: expected true to be false // Object.is equality

- Expected
+ Received

- false
+ true

 ❯ src/everything.spec.ts:8:18
            </failure>
        </testcase>
        <testcase classname="src/everything.spec.ts" name="describe 22 &gt; example test 90" time="0.0000155">
        </testcase>
        <testcase classname="src/everything.spec.ts" name="describe 22 &gt; example test 91" time="0.0000635">
            <failure message="expected true to be false // Object.is equality" type="AssertionError">
AssertionError: expected true to be false // Object.is equality

- Expected
+ Received

- false
+ true

 ❯ src/everything.spec.ts:8:18
            </failure>
        </testcase>
        <testcase classname="src/everything.spec.ts" name="describe 22 &gt; example test 92" time="0.000015833">
        </testcase>
        <testcase classname="src/everything.spec.ts" name="describe 22 &gt; example test 93" time="0.00006275">
            <failure message="expected true to be false // Object.is equality" type="AssertionError">
AssertionError: expected true to be false // Object.is equality

- Expected
+ Received

- false
+ true

 ❯ src/everything.spec.ts:8:18
            </failure>
        </testcase>
        <testcase classname="src/everything.spec.ts" name="describe 22 &gt; example test 94" time="0.000016042">
        </testcase>
        <testcase classname="src/everything.spec.ts" name="describe 22 &gt; example test 95" time="0.000067791">
            <failure message="expected true to be false // Object.is equality" type="AssertionError">
AssertionError: expected true to be false // Object.is equality

- Expected
+ Received

- false
+ true

 ❯ src/everything.spec.ts:8:18
            </failure>
        </testcase>
        <testcase classname="src/everything.spec.ts" name="describe 22 &gt; example test 96" time="0.000019792">
        </testcase>
        <testcase classname="src/everything.spec.ts" name="describe 22 &gt; example test 97" time="0.000061834">
            <failure message="expected true to be false // Object.is equality" type="AssertionError">
AssertionError: expected true to be false // Object.is equality

- Expected
+ Received

- false
+ true

 ❯ src/everything.spec.ts:8:18
            </failure>
        </testcase>
        <testcase classname="src/everything.spec.ts" name="describe 22 &gt; example test 98" time="0.000015792">
        </testcase>
        <testcase classname="src/everything.spec.ts" name="describe 22 &gt; example test 99" time="0.000064292">
            <failure message="expected true to be false // Object.is equality" type="AssertionError">
AssertionError: expected true to be false // Object.is equality

- Expected
+ Received

- false
+ true

 ❯ src/everything.spec.ts:8:18
            </failure>
        </testcase>
        <testcase classname="src/everything.spec.ts" name="describe 22 &gt; example test 100" time="0.000016208">
        </testcase>
        <testcase classname="src/everything.spec.ts" name="describe 23 &gt; example test 1" time="0.000063917">
            <failure message="expected true to be false // Object.is equality" type="AssertionError">
AssertionError: expected true to be false // Object.is equality

- Expected
+ Received

- false
+ true

 ❯ src/everything.spec.ts:8:18
            </failure>
        </testcase>
        <testcase classname="src/everything.spec.ts" name="describe 23 &gt; example test 2" time="0.000016125">
        </testcase>
        <testcase classname="src/everything.spec.ts" name="describe 23 &gt; example test 3" time="0.000063458">
            <failure message="expected true to be false // Object.is equality" type="AssertionError">
AssertionError: expected true to be false // Object.is equality

- Expected
+ Received

- false
+ true

 ❯ src/everything.spec.ts:8:18
            </failure>
        </testcase>
        <testcase classname="src/everything.spec.ts" name="describe 23 &gt; example test 4" time="0.000016209">
        </testcase>
        <testcase classname="src/everything.spec.ts" name="describe 23 &gt; example test 5" time="0.000063458">
            <failure message="expected true to be false // Object.is equality" type="AssertionError">
AssertionError: expected true to be false // Object.is equality

- Expected
+ Received

- false
+ true

 ❯ src/everything.spec.ts:8:18
            </failure>
        </testcase>
        <testcase classname="src/everything.spec.ts" name="describe 23 &gt; example test 6" time="0.000016291">
        </testcase>
        <testcase classname="src/everything.spec.ts" name="describe 23 &gt; example test 7" time="0.000064">
            <failure message="expected true to be false // Object.is equality" type="AssertionError">
AssertionError: expected true to be false // Object.is equality

- Expected
+ Received

- false
+ true

 ❯ src/everything.spec.ts:8:18
            </failure>
        </testcase>
        <testcase classname="src/everything.spec.ts" name="describe 23 &gt; example test 8" time="0.000016208">
        </testcase>
        <testcase classname="src/everything.spec.ts" name="describe 23 &gt; example test 9" time="0.000061917">
            <failure message="expected true to be false // Object.is equality" type="AssertionError">
AssertionError: expected true to be false // Object.is equality

- Expected
+ Received

- false
+ true

 ❯ src/everything.spec.ts:8:18
            </failure>
        </testcase>
        <testcase classname="src/everything.spec.ts" name="describe 23 &gt; example test 10" time="0.000017125">
        </testcase>
        <testcase classname="src/everything.spec.ts" name="describe 23 &gt; example test 11" time="0.0000625">
            <failure message="expected true to be false // Object.is equality" type="AssertionError">
AssertionError: expected true to be false // Object.is equality

- Expected
+ Received

- false
+ true

 ❯ src/everything.spec.ts:8:18
            </failure>
        </testcase>
        <testcase classname="src/everything.spec.ts" name="describe 23 &gt; example test 12" time="0.000016375">
        </testcase>
        <testcase classname="src/everything.spec.ts" name="describe 23 &gt; example test 13" time="0.000062667">
            <failure message="expected true to be false // Object.is equality" type="AssertionError">
AssertionError: expected true to be false // Object.is equality

- Expected
+ Received

- false
+ true

 ❯ src/everything.spec.ts:8:18
            </failure>
        </testcase>
        <testcase classname="src/everything.spec.ts" name="describe 23 &gt; example test 14" time="0.000016833">
        </testcase>
        <testcase classname="src/everything.spec.ts" name="describe 23 &gt; example test 15" time="0.000063792">
            <failure message="expected true to be false // Object.is equality" type="AssertionError">
AssertionError: expected true to be false // Object.is equality

- Expected
+ Received

- false
+ true

 ❯ src/everything.spec.ts:8:18
            </failure>
        </testcase>
        <testcase classname="src/everything.spec.ts" name="describe 23 &gt; example test 16" time="0.000016542">
        </testcase>
        <testcase classname="src/everything.spec.ts" name="describe 23 &gt; example test 17" time="0.000063125">
            <failure message="expected true to be false // Object.is equality" type="AssertionError">
AssertionError: expected true to be false // Object.is equality

- Expected
+ Received

- false
+ true

 ❯ src/everything.spec.ts:8:18
            </failure>
        </testcase>
        <testcase classname="src/everything.spec.ts" name="describe 23 &gt; example test 18" time="0.00001625">
        </testcase>
        <testcase classname="src/everything.spec.ts" name="describe 23 &gt; example test 19" time="0.000065709">
            <failure message="expected true to be false // Object.is equality" type="AssertionError">
AssertionError: expected true to be false // Object.is equality

- Expected
+ Received

- false
+ true

 ❯ src/everything.spec.ts:8:18
            </failure>
        </testcase>
        <testcase classname="src/everything.spec.ts" name="describe 23 &gt; example test 20" time="0.000016125">
        </testcase>
        <testcase classname="src/everything.spec.ts" name="describe 23 &gt; example test 21" time="0.000063959">
            <failure message="expected true to be false // Object.is equality" type="AssertionError">
AssertionError: expected true to be false // Object.is equality

- Expected
+ Received

- false
+ true

 ❯ src/everything.spec.ts:8:18
            </failure>
        </testcase>
        <testcase classname="src/everything.spec.ts" name="describe 23 &gt; example test 22" time="0.000017625">
        </testcase>
        <testcase classname="src/everything.spec.ts" name="describe 23 &gt; example test 23" time="0.000062583">
            <failure message="expected true to be false // Object.is equality" type="AssertionError">
AssertionError: expected true to be false // Object.is equality

- Expected
+ Received

- false
+ true

 ❯ src/everything.spec.ts:8:18
            </failure>
        </testcase>
        <testcase classname="src/everything.spec.ts" name="describe 23 &gt; example test 24" time="0.000019">
        </testcase>
        <testcase classname="src/everything.spec.ts" name="describe 23 &gt; example test 25" time="0.000063959">
            <failure message="expected true to be false // Object.is equality" type="AssertionError">
AssertionError: expected true to be false // Object.is equality

- Expected
+ Received

- false
+ true

 ❯ src/everything.spec.ts:8:18
            </failure>
        </testcase>
        <testcase classname="src/everything.spec.ts" name="describe 23 &gt; example test 26" time="0.000018792">
        </testcase>
        <testcase classname="src/everything.spec.ts" name="describe 23 &gt; example test 27" time="0.000067542">
            <failure message="expected true to be false // Object.is equality" type="AssertionError">
AssertionError: expected true to be false // Object.is equality

- Expected
+ Received

- false
+ true

 ❯ src/everything.spec.ts:8:18
            </failure>
        </testcase>
        <testcase classname="src/everything.spec.ts" name="describe 23 &gt; example test 28" time="0.0000165">
        </testcase>
        <testcase classname="src/everything.spec.ts" name="describe 23 &gt; example test 29" time="0.000063208">
            <failure message="expected true to be false // Object.is equality" type="AssertionError">
AssertionError: expected true to be false // Object.is equality

- Expected
+ Received

- false
+ true

 ❯ src/everything.spec.ts:8:18
            </failure>
        </testcase>
        <testcase classname="src/everything.spec.ts" name="describe 23 &gt; example test 30" time="0.000015958">
        </testcase>
        <testcase classname="src/everything.spec.ts" name="describe 23 &gt; example test 31" time="0.000062583">
            <failure message="expected true to be false // Object.is equality" type="AssertionError">
AssertionError: expected true to be false // Object.is equality

- Expected
+ Received

- false
+ true

 ❯ src/everything.spec.ts:8:18
            </failure>
        </testcase>
        <testcase classname="src/everything.spec.ts" name="describe 23 &gt; example test 32" time="0.000015542">
        </testcase>
        <testcase classname="src/everything.spec.ts" name="describe 23 &gt; example test 33" time="0.00006375">
            <failure message="expected true to be false // Object.is equality" type="AssertionError">
AssertionError: expected true to be false // Object.is equality

- Expected
+ Received

- false
+ true

 ❯ src/everything.spec.ts:8:18
            </failure>
        </testcase>
        <testcase classname="src/everything.spec.ts" name="describe 23 &gt; example test 34" time="0.00001625">
        </testcase>
        <testcase classname="src/everything.spec.ts" name="describe 23 &gt; example test 35" time="0.000062917">
            <failure message="expected true to be false // Object.is equality" type="AssertionError">
AssertionError: expected true to be false // Object.is equality

- Expected
+ Received

- false
+ true

 ❯ src/everything.spec.ts:8:18
            </failure>
        </testcase>
        <testcase classname="src/everything.spec.ts" name="describe 23 &gt; example test 36" time="0.000016">
        </testcase>
        <testcase classname="src/everything.spec.ts" name="describe 23 &gt; example test 37" time="0.000063292">
            <failure message="expected true to be false // Object.is equality" type="AssertionError">
AssertionError: expected true to be false // Object.is equality

- Expected
+ Received

- false
+ true

 ❯ src/everything.spec.ts:8:18
            </failure>
        </testcase>
        <testcase classname="src/everything.spec.ts" name="describe 23 &gt; example test 38" time="0.000017833">
        </testcase>
        <testcase classname="src/everything.spec.ts" name="describe 23 &gt; example test 39" time="0.000062375">
            <failure message="expected true to be false // Object.is equality" type="AssertionError">
AssertionError: expected true to be false // Object.is equality

- Expected
+ Received

- false
+ true

 ❯ src/everything.spec.ts:8:18
            </failure>
        </testcase>
        <testcase classname="src/everything.spec.ts" name="describe 23 &gt; example test 40" time="0.000015958">
        </testcase>
        <testcase classname="src/everything.spec.ts" name="describe 23 &gt; example test 41" time="0.000063916">
            <failure message="expected true to be false // Object.is equality" type="AssertionError">
AssertionError: expected true to be false // Object.is equality

- Expected
+ Received

- false
+ true

 ❯ src/everything.spec.ts:8:18
            </failure>
        </testcase>
        <testcase classname="src/everything.spec.ts" name="describe 23 &gt; example test 42" time="0.000016375">
        </testcase>
        <testcase classname="src/everything.spec.ts" name="describe 23 &gt; example test 43" time="0.0000625">
            <failure message="expected true to be false // Object.is equality" type="AssertionError">
AssertionError: expected true to be false // Object.is equality

- Expected
+ Received

- false
+ true

 ❯ src/everything.spec.ts:8:18
            </failure>
        </testcase>
        <testcase classname="src/everything.spec.ts" name="describe 23 &gt; example test 44" time="0.000016209">
        </testcase>
        <testcase classname="src/everything.spec.ts" name="describe 23 &gt; example test 45" time="0.000063125">
            <failure message="expected true to be false // Object.is equality" type="AssertionError">
AssertionError: expected true to be false // Object.is equality

- Expected
+ Received

- false
+ true

 ❯ src/everything.spec.ts:8:18
            </failure>
        </testcase>
        <testcase classname="src/everything.spec.ts" name="describe 23 &gt; example test 46" time="0.000018208">
        </testcase>
        <testcase classname="src/everything.spec.ts" name="describe 23 &gt; example test 47" time="0.000062875">
            <failure message="expected true to be false // Object.is equality" type="AssertionError">
AssertionError: expected true to be false // Object.is equality

- Expected
+ Received

- false
+ true

 ❯ src/everything.spec.ts:8:18
            </failure>
        </testcase>
        <testcase classname="src/everything.spec.ts" name="describe 23 &gt; example test 48" time="0.000016458">
        </testcase>
        <testcase classname="src/everything.spec.ts" name="describe 23 &gt; example test 49" time="0.00006525">
            <failure message="expected true to be false // Object.is equality" type="AssertionError">
AssertionError: expected true to be false // Object.is equality

- Expected
+ Received

- false
+ true

 ❯ src/everything.spec.ts:8:18
            </failure>
        </testcase>
        <testcase classname="src/everything.spec.ts" name="describe 23 &gt; example test 50" time="0.000015208">
        </testcase>
        <testcase classname="src/everything.spec.ts" name="describe 23 &gt; example test 51" time="0.000063334">
            <failure message="expected true to be false // Object.is equality" type="AssertionError">
AssertionError: expected true to be false // Object.is equality

- Expected
+ Received

- false
+ true

 ❯ src/everything.spec.ts:8:18
            </failure>
        </testcase>
        <testcase classname="src/everything.spec.ts" name="describe 23 &gt; example test 52" time="0.000015916">
        </testcase>
        <testcase classname="src/everything.spec.ts" name="describe 23 &gt; example test 53" time="0.000063416">
            <failure message="expected true to be false // Object.is equality" type="AssertionError">
AssertionError: expected true to be false // Object.is equality

- Expected
+ Received

- false
+ true

 ❯ src/everything.spec.ts:8:18
            </failure>
        </testcase>
        <testcase classname="src/everything.spec.ts" name="describe 23 &gt; example test 54" time="0.000016125">
        </testcase>
        <testcase classname="src/everything.spec.ts" name="describe 23 &gt; example test 55" time="0.000063375">
            <failure message="expected true to be false // Object.is equality" type="AssertionError">
AssertionError: expected true to be false // Object.is equality

- Expected
+ Received

- false
+ true

 ❯ src/everything.spec.ts:8:18
            </failure>
        </testcase>
        <testcase classname="src/everything.spec.ts" name="describe 23 &gt; example test 56" time="0.000015625">
        </testcase>
        <testcase classname="src/everything.spec.ts" name="describe 23 &gt; example test 57" time="0.000063416">
            <failure message="expected true to be false // Object.is equality" type="AssertionError">
AssertionError: expected true to be false // Object.is equality

- Expected
+ Received

- false
+ true

 ❯ src/everything.spec.ts:8:18
            </failure>
        </testcase>
        <testcase classname="src/everything.spec.ts" name="describe 23 &gt; example test 58" time="0.000015833">
        </testcase>
        <testcase classname="src/everything.spec.ts" name="describe 23 &gt; example test 59" time="0.00006225">
            <failure message="expected true to be false // Object.is equality" type="AssertionError">
AssertionError: expected true to be false // Object.is equality

- Expected
+ Received

- false
+ true

 ❯ src/everything.spec.ts:8:18
            </failure>
        </testcase>
        <testcase classname="src/everything.spec.ts" name="describe 23 &gt; example test 60" time="0.000017083">
        </testcase>
        <testcase classname="src/everything.spec.ts" name="describe 23 &gt; example test 61" time="0.000062458">
            <failure message="expected true to be false // Object.is equality" type="AssertionError">
AssertionError: expected true to be false // Object.is equality

- Expected
+ Received

- false
+ true

 ❯ src/everything.spec.ts:8:18
            </failure>
        </testcase>
        <testcase classname="src/everything.spec.ts" name="describe 23 &gt; example test 62" time="0.000016625">
        </testcase>
        <testcase classname="src/everything.spec.ts" name="describe 23 &gt; example test 63" time="0.000063167">
            <failure message="expected true to be false // Object.is equality" type="AssertionError">
AssertionError: expected true to be false // Object.is equality

- Expected
+ Received

- false
+ true

 ❯ src/everything.spec.ts:8:18
            </failure>
        </testcase>
        <testcase classname="src/everything.spec.ts" name="describe 23 &gt; example test 64" time="0.000016084">
        </testcase>
        <testcase classname="src/everything.spec.ts" name="describe 23 &gt; example test 65" time="0.000070708">
            <failure message="expected true to be false // Object.is equality" type="AssertionError">
AssertionError: expected true to be false // Object.is equality

- Expected
+ Received

- false
+ true

 ❯ src/everything.spec.ts:8:18
            </failure>
        </testcase>
        <testcase classname="src/everything.spec.ts" name="describe 23 &gt; example test 66" time="0.000017708">
        </testcase>
        <testcase classname="src/everything.spec.ts" name="describe 23 &gt; example test 67" time="0.000065833">
            <failure message="expected true to be false // Object.is equality" type="AssertionError">
AssertionError: expected true to be false // Object.is equality

- Expected
+ Received

- false
+ true

 ❯ src/everything.spec.ts:8:18
            </failure>
        </testcase>
        <testcase classname="src/everything.spec.ts" name="describe 23 &gt; example test 68" time="0.000016916">
        </testcase>
        <testcase classname="src/everything.spec.ts" name="describe 23 &gt; example test 69" time="0.000066667">
            <failure message="expected true to be false // Object.is equality" type="AssertionError">
AssertionError: expected true to be false // Object.is equality

- Expected
+ Received

- false
+ true

 ❯ src/everything.spec.ts:8:18
            </failure>
        </testcase>
        <testcase classname="src/everything.spec.ts" name="describe 23 &gt; example test 70" time="0.000016375">
        </testcase>
        <testcase classname="src/everything.spec.ts" name="describe 23 &gt; example test 71" time="0.000071">
            <failure message="expected true to be false // Object.is equality" type="AssertionError">
AssertionError: expected true to be false // Object.is equality

- Expected
+ Received

- false
+ true

 ❯ src/everything.spec.ts:8:18
            </failure>
        </testcase>
        <testcase classname="src/everything.spec.ts" name="describe 23 &gt; example test 72" time="0.000016667">
        </testcase>
        <testcase classname="src/everything.spec.ts" name="describe 23 &gt; example test 73" time="0.000067833">
            <failure message="expected true to be false // Object.is equality" type="AssertionError">
AssertionError: expected true to be false // Object.is equality

- Expected
+ Received

- false
+ true

 ❯ src/everything.spec.ts:8:18
            </failure>
        </testcase>
        <testcase classname="src/everything.spec.ts" name="describe 23 &gt; example test 74" time="0.000016125">
        </testcase>
        <testcase classname="src/everything.spec.ts" name="describe 23 &gt; example test 75" time="0.0000635">
            <failure message="expected true to be false // Object.is equality" type="AssertionError">
AssertionError: expected true to be false // Object.is equality

- Expected
+ Received

- false
+ true

 ❯ src/everything.spec.ts:8:18
            </failure>
        </testcase>
        <testcase classname="src/everything.spec.ts" name="describe 23 &gt; example test 76" time="0.000016334">
        </testcase>
        <testcase classname="src/everything.spec.ts" name="describe 23 &gt; example test 77" time="0.000062458">
            <failure message="expected true to be false // Object.is equality" type="AssertionError">
AssertionError: expected true to be false // Object.is equality

- Expected
+ Received

- false
+ true

 ❯ src/everything.spec.ts:8:18
            </failure>
        </testcase>
        <testcase classname="src/everything.spec.ts" name="describe 23 &gt; example test 78" time="0.000016125">
        </testcase>
        <testcase classname="src/everything.spec.ts" name="describe 23 &gt; example test 79" time="0.000071583">
            <failure message="expected true to be false // Object.is equality" type="AssertionError">
AssertionError: expected true to be false // Object.is equality

- Expected
+ Received

- false
+ true

 ❯ src/everything.spec.ts:8:18
            </failure>
        </testcase>
        <testcase classname="src/everything.spec.ts" name="describe 23 &gt; example test 80" time="0.000017708">
        </testcase>
        <testcase classname="src/everything.spec.ts" name="describe 23 &gt; example test 81" time="0.000063292">
            <failure message="expected true to be false // Object.is equality" type="AssertionError">
AssertionError: expected true to be false // Object.is equality

- Expected
+ Received

- false
+ true

 ❯ src/everything.spec.ts:8:18
            </failure>
        </testcase>
        <testcase classname="src/everything.spec.ts" name="describe 23 &gt; example test 82" time="0.000015917">
        </testcase>
        <testcase classname="src/everything.spec.ts" name="describe 23 &gt; example test 83" time="0.000062917">
            <failure message="expected true to be false // Object.is equality" type="AssertionError">
AssertionError: expected true to be false // Object.is equality

- Expected
+ Received

- false
+ true

 ❯ src/everything.spec.ts:8:18
            </failure>
        </testcase>
        <testcase classname="src/everything.spec.ts" name="describe 23 &gt; example test 84" time="0.000016">
        </testcase>
        <testcase classname="src/everything.spec.ts" name="describe 23 &gt; example test 85" time="0.000062458">
            <failure message="expected true to be false // Object.is equality" type="AssertionError">
AssertionError: expected true to be false // Object.is equality

- Expected
+ Received

- false
+ true

 ❯ src/everything.spec.ts:8:18
            </failure>
        </testcase>
        <testcase classname="src/everything.spec.ts" name="describe 23 &gt; example test 86" time="0.000016041">
        </testcase>
        <testcase classname="src/everything.spec.ts" name="describe 23 &gt; example test 87" time="0.000063375">
            <failure message="expected true to be false // Object.is equality" type="AssertionError">
AssertionError: expected true to be false // Object.is equality

- Expected
+ Received

- false
+ true

 ❯ src/everything.spec.ts:8:18
            </failure>
        </testcase>
        <testcase classname="src/everything.spec.ts" name="describe 23 &gt; example test 88" time="0.000016583">
        </testcase>
        <testcase classname="src/everything.spec.ts" name="describe 23 &gt; example test 89" time="0.000062375">
            <failure message="expected true to be false // Object.is equality" type="AssertionError">
AssertionError: expected true to be false // Object.is equality

- Expected
+ Received

- false
+ true

 ❯ src/everything.spec.ts:8:18
            </failure>
        </testcase>
        <testcase classname="src/everything.spec.ts" name="describe 23 &gt; example test 90" time="0.000016166">
        </testcase>
        <testcase classname="src/everything.spec.ts" name="describe 23 &gt; example test 91" time="0.000063541">
            <failure message="expected true to be false // Object.is equality" type="AssertionError">
AssertionError: expected true to be false // Object.is equality

- Expected
+ Received

- false
+ true

 ❯ src/everything.spec.ts:8:18
            </failure>
        </testcase>
        <testcase classname="src/everything.spec.ts" name="describe 23 &gt; example test 92" time="0.000016208">
        </testcase>
        <testcase classname="src/everything.spec.ts" name="describe 23 &gt; example test 93" time="0.000062542">
            <failure message="expected true to be false // Object.is equality" type="AssertionError">
AssertionError: expected true to be false // Object.is equality

- Expected
+ Received

- false
+ true

 ❯ src/everything.spec.ts:8:18
            </failure>
        </testcase>
        <testcase classname="src/everything.spec.ts" name="describe 23 &gt; example test 94" time="0.000016209">
        </testcase>
        <testcase classname="src/everything.spec.ts" name="describe 23 &gt; example test 95" time="0.000065625">
            <failure message="expected true to be false // Object.is equality" type="AssertionError">
AssertionError: expected true to be false // Object.is equality

- Expected
+ Received

- false
+ true

 ❯ src/everything.spec.ts:8:18
            </failure>
        </testcase>
        <testcase classname="src/everything.spec.ts" name="describe 23 &gt; example test 96" time="0.000016333">
        </testcase>
        <testcase classname="src/everything.spec.ts" name="describe 23 &gt; example test 97" time="0.000064875">
            <failure message="expected true to be false // Object.is equality" type="AssertionError">
AssertionError: expected true to be false // Object.is equality

- Expected
+ Received

- false
+ true

 ❯ src/everything.spec.ts:8:18
            </failure>
        </testcase>
        <testcase classname="src/everything.spec.ts" name="describe 23 &gt; example test 98" time="0.000016833">
        </testcase>
        <testcase classname="src/everything.spec.ts" name="describe 23 &gt; example test 99" time="0.000063625">
            <failure message="expected true to be false // Object.is equality" type="AssertionError">
AssertionError: expected true to be false // Object.is equality

- Expected
+ Received

- false
+ true

 ❯ src/everything.spec.ts:8:18
            </failure>
        </testcase>
        <testcase classname="src/everything.spec.ts" name="describe 23 &gt; example test 100" time="0.000016">
        </testcase>
        <testcase classname="src/everything.spec.ts" name="describe 24 &gt; example test 1" time="0.000063083">
            <failure message="expected true to be false // Object.is equality" type="AssertionError">
AssertionError: expected true to be false // Object.is equality

- Expected
+ Received

- false
+ true

 ❯ src/everything.spec.ts:8:18
            </failure>
        </testcase>
        <testcase classname="src/everything.spec.ts" name="describe 24 &gt; example test 2" time="0.000016916">
        </testcase>
        <testcase classname="src/everything.spec.ts" name="describe 24 &gt; example test 3" time="0.000063417">
            <failure message="expected true to be false // Object.is equality" type="AssertionError">
AssertionError: expected true to be false // Object.is equality

- Expected
+ Received

- false
+ true

 ❯ src/everything.spec.ts:8:18
            </failure>
        </testcase>
        <testcase classname="src/everything.spec.ts" name="describe 24 &gt; example test 4" time="0.000016291">
        </testcase>
        <testcase classname="src/everything.spec.ts" name="describe 24 &gt; example test 5" time="0.00006275">
            <failure message="expected true to be false // Object.is equality" type="AssertionError">
AssertionError: expected true to be false // Object.is equality

- Expected
+ Received

- false
+ true

 ❯ src/everything.spec.ts:8:18
            </failure>
        </testcase>
        <testcase classname="src/everything.spec.ts" name="describe 24 &gt; example test 6" time="0.000019416">
        </testcase>
        <testcase classname="src/everything.spec.ts" name="describe 24 &gt; example test 7" time="0.000065334">
            <failure message="expected true to be false // Object.is equality" type="AssertionError">
AssertionError: expected true to be false // Object.is equality

- Expected
+ Received

- false
+ true

 ❯ src/everything.spec.ts:8:18
            </failure>
        </testcase>
        <testcase classname="src/everything.spec.ts" name="describe 24 &gt; example test 8" time="0.000016542">
        </testcase>
        <testcase classname="src/everything.spec.ts" name="describe 24 &gt; example test 9" time="0.000063167">
            <failure message="expected true to be false // Object.is equality" type="AssertionError">
AssertionError: expected true to be false // Object.is equality

- Expected
+ Received

- false
+ true

 ❯ src/everything.spec.ts:8:18
            </failure>
        </testcase>
        <testcase classname="src/everything.spec.ts" name="describe 24 &gt; example test 10" time="0.000016">
        </testcase>
        <testcase classname="src/everything.spec.ts" name="describe 24 &gt; example test 11" time="0.000062708">
            <failure message="expected true to be false // Object.is equality" type="AssertionError">
AssertionError: expected true to be false // Object.is equality

- Expected
+ Received

- false
+ true

 ❯ src/everything.spec.ts:8:18
            </failure>
        </testcase>
        <testcase classname="src/everything.spec.ts" name="describe 24 &gt; example test 12" time="0.000016458">
        </testcase>
        <testcase classname="src/everything.spec.ts" name="describe 24 &gt; example test 13" time="0.000063458">
            <failure message="expected true to be false // Object.is equality" type="AssertionError">
AssertionError: expected true to be false // Object.is equality

- Expected
+ Received

- false
+ true

 ❯ src/everything.spec.ts:8:18
            </failure>
        </testcase>
        <testcase classname="src/everything.spec.ts" name="describe 24 &gt; example test 14" time="0.000018208">
        </testcase>
        <testcase classname="src/everything.spec.ts" name="describe 24 &gt; example test 15" time="0.000062583">
            <failure message="expected true to be false // Object.is equality" type="AssertionError">
AssertionError: expected true to be false // Object.is equality

- Expected
+ Received

- false
+ true

 ❯ src/everything.spec.ts:8:18
            </failure>
        </testcase>
        <testcase classname="src/everything.spec.ts" name="describe 24 &gt; example test 16" time="0.000016334">
        </testcase>
        <testcase classname="src/everything.spec.ts" name="describe 24 &gt; example test 17" time="0.00006625">
            <failure message="expected true to be false // Object.is equality" type="AssertionError">
AssertionError: expected true to be false // Object.is equality

- Expected
+ Received

- false
+ true

 ❯ src/everything.spec.ts:8:18
            </failure>
        </testcase>
        <testcase classname="src/everything.spec.ts" name="describe 24 &gt; example test 18" time="0.000016208">
        </testcase>
        <testcase classname="src/everything.spec.ts" name="describe 24 &gt; example test 19" time="0.0000625">
            <failure message="expected true to be false // Object.is equality" type="AssertionError">
AssertionError: expected true to be false // Object.is equality

- Expected
+ Received

- false
+ true

 ❯ src/everything.spec.ts:8:18
            </failure>
        </testcase>
        <testcase classname="src/everything.spec.ts" name="describe 24 &gt; example test 20" time="0.000016958">
        </testcase>
        <testcase classname="src/everything.spec.ts" name="describe 24 &gt; example test 21" time="0.000068584">
            <failure message="expected true to be false // Object.is equality" type="AssertionError">
AssertionError: expected true to be false // Object.is equality

- Expected
+ Received

- false
+ true

 ❯ src/everything.spec.ts:8:18
            </failure>
        </testcase>
        <testcase classname="src/everything.spec.ts" name="describe 24 &gt; example test 22" time="0.0000165">
        </testcase>
        <testcase classname="src/everything.spec.ts" name="describe 24 &gt; example test 23" time="0.000062667">
            <failure message="expected true to be false // Object.is equality" type="AssertionError">
AssertionError: expected true to be false // Object.is equality

- Expected
+ Received

- false
+ true

 ❯ src/everything.spec.ts:8:18
            </failure>
        </testcase>
        <testcase classname="src/everything.spec.ts" name="describe 24 &gt; example test 24" time="0.000023041">
        </testcase>
        <testcase classname="src/everything.spec.ts" name="describe 24 &gt; example test 25" time="0.000466709">
            <failure message="expected true to be false // Object.is equality" type="AssertionError">
AssertionError: expected true to be false // Object.is equality

- Expected
+ Received

- false
+ true

 ❯ src/everything.spec.ts:8:18
            </failure>
        </testcase>
        <testcase classname="src/everything.spec.ts" name="describe 24 &gt; example test 26" time="0.000039333">
        </testcase>
        <testcase classname="src/everything.spec.ts" name="describe 24 &gt; example test 27" time="0.000110209">
            <failure message="expected true to be false // Object.is equality" type="AssertionError">
AssertionError: expected true to be false // Object.is equality

- Expected
+ Received

- false
+ true

 ❯ src/everything.spec.ts:8:18
            </failure>
        </testcase>
        <testcase classname="src/everything.spec.ts" name="describe 24 &gt; example test 28" time="0.000021375">
        </testcase>
        <testcase classname="src/everything.spec.ts" name="describe 24 &gt; example test 29" time="0.000079833">
            <failure message="expected true to be false // Object.is equality" type="AssertionError">
AssertionError: expected true to be false // Object.is equality

- Expected
+ Received

- false
+ true

 ❯ src/everything.spec.ts:8:18
            </failure>
        </testcase>
        <testcase classname="src/everything.spec.ts" name="describe 24 &gt; example test 30" time="0.000019042">
        </testcase>
        <testcase classname="src/everything.spec.ts" name="describe 24 &gt; example test 31" time="0.000087292">
            <failure message="expected true to be false // Object.is equality" type="AssertionError">
AssertionError: expected true to be false // Object.is equality

- Expected
+ Received

- false
+ true

 ❯ src/everything.spec.ts:8:18
            </failure>
        </testcase>
        <testcase classname="src/everything.spec.ts" name="describe 24 &gt; example test 32" time="0.000018083">
        </testcase>
        <testcase classname="src/everything.spec.ts" name="describe 24 &gt; example test 33" time="0.000065333">
            <failure message="expected true to be false // Object.is equality" type="AssertionError">
AssertionError: expected true to be false // Object.is equality

- Expected
+ Received

- false
+ true

 ❯ src/everything.spec.ts:8:18
            </failure>
        </testcase>
        <testcase classname="src/everything.spec.ts" name="describe 24 &gt; example test 34" time="0.000016583">
        </testcase>
        <testcase classname="src/everything.spec.ts" name="describe 24 &gt; example test 35" time="0.000065792">
            <failure message="expected true to be false // Object.is equality" type="AssertionError">
AssertionError: expected true to be false // Object.is equality

- Expected
+ Received

- false
+ true

 ❯ src/everything.spec.ts:8:18
            </failure>
        </testcase>
        <testcase classname="src/everything.spec.ts" name="describe 24 &gt; example test 36" time="0.000016">
        </testcase>
        <testcase classname="src/everything.spec.ts" name="describe 24 &gt; example test 37" time="0.000063958">
            <failure message="expected true to be false // Object.is equality" type="AssertionError">
AssertionError: expected true to be false // Object.is equality

- Expected
+ Received

- false
+ true

 ❯ src/everything.spec.ts:8:18
            </failure>
        </testcase>
        <testcase classname="src/everything.spec.ts" name="describe 24 &gt; example test 38" time="0.000016292">
        </testcase>
        <testcase classname="src/everything.spec.ts" name="describe 24 &gt; example test 39" time="0.000063375">
            <failure message="expected true to be false // Object.is equality" type="AssertionError">
AssertionError: expected true to be false // Object.is equality

- Expected
+ Received

- false
+ true

 ❯ src/everything.spec.ts:8:18
            </failure>
        </testcase>
        <testcase classname="src/everything.spec.ts" name="describe 24 &gt; example test 40" time="0.00001625">
        </testcase>
        <testcase classname="src/everything.spec.ts" name="describe 24 &gt; example test 41" time="0.000066292">
            <failure message="expected true to be false // Object.is equality" type="AssertionError">
AssertionError: expected true to be false // Object.is equality

- Expected
+ Received

- false
+ true

 ❯ src/everything.spec.ts:8:18
            </failure>
        </testcase>
        <testcase classname="src/everything.spec.ts" name="describe 24 &gt; example test 42" time="0.000016583">
        </testcase>
        <testcase classname="src/everything.spec.ts" name="describe 24 &gt; example test 43" time="0.000063542">
            <failure message="expected true to be false // Object.is equality" type="AssertionError">
AssertionError: expected true to be false // Object.is equality

- Expected
+ Received

- false
+ true

 ❯ src/everything.spec.ts:8:18
            </failure>
        </testcase>
        <testcase classname="src/everything.spec.ts" name="describe 24 &gt; example test 44" time="0.000016292">
        </testcase>
        <testcase classname="src/everything.spec.ts" name="describe 24 &gt; example test 45" time="0.000063542">
            <failure message="expected true to be false // Object.is equality" type="AssertionError">
AssertionError: expected true to be false // Object.is equality

- Expected
+ Received

- false
+ true

 ❯ src/everything.spec.ts:8:18
            </failure>
        </testcase>
        <testcase classname="src/everything.spec.ts" name="describe 24 &gt; example test 46" time="0.000019167">
        </testcase>
        <testcase classname="src/everything.spec.ts" name="describe 24 &gt; example test 47" time="0.000063208">
            <failure message="expected true to be false // Object.is equality" type="AssertionError">
AssertionError: expected true to be false // Object.is equality

- Expected
+ Received

- false
+ true

 ❯ src/everything.spec.ts:8:18
            </failure>
        </testcase>
        <testcase classname="src/everything.spec.ts" name="describe 24 &gt; example test 48" time="0.000017541">
        </testcase>
        <testcase classname="src/everything.spec.ts" name="describe 24 &gt; example test 49" time="0.000066834">
            <failure message="expected true to be false // Object.is equality" type="AssertionError">
AssertionError: expected true to be false // Object.is equality

- Expected
+ Received

- false
+ true

 ❯ src/everything.spec.ts:8:18
            </failure>
        </testcase>
        <testcase classname="src/everything.spec.ts" name="describe 24 &gt; example test 50" time="0.000016917">
        </testcase>
        <testcase classname="src/everything.spec.ts" name="describe 24 &gt; example test 51" time="0.000063083">
            <failure message="expected true to be false // Object.is equality" type="AssertionError">
AssertionError: expected true to be false // Object.is equality

- Expected
+ Received

- false
+ true

 ❯ src/everything.spec.ts:8:18
            </failure>
        </testcase>
        <testcase classname="src/everything.spec.ts" name="describe 24 &gt; example test 52" time="0.000016167">
        </testcase>
        <testcase classname="src/everything.spec.ts" name="describe 24 &gt; example test 53" time="0.000066083">
            <failure message="expected true to be false // Object.is equality" type="AssertionError">
AssertionError: expected true to be false // Object.is equality

- Expected
+ Received

- false
+ true

 ❯ src/everything.spec.ts:8:18
            </failure>
        </testcase>
        <testcase classname="src/everything.spec.ts" name="describe 24 &gt; example test 54" time="0.000018">
        </testcase>
        <testcase classname="src/everything.spec.ts" name="describe 24 &gt; example test 55" time="0.000062208">
            <failure message="expected true to be false // Object.is equality" type="AssertionError">
AssertionError: expected true to be false // Object.is equality

- Expected
+ Received

- false
+ true

 ❯ src/everything.spec.ts:8:18
            </failure>
        </testcase>
        <testcase classname="src/everything.spec.ts" name="describe 24 &gt; example test 56" time="0.000016375">
        </testcase>
        <testcase classname="src/everything.spec.ts" name="describe 24 &gt; example test 57" time="0.000063041">
            <failure message="expected true to be false // Object.is equality" type="AssertionError">
AssertionError: expected true to be false // Object.is equality

- Expected
+ Received

- false
+ true

 ❯ src/everything.spec.ts:8:18
            </failure>
        </testcase>
        <testcase classname="src/everything.spec.ts" name="describe 24 &gt; example test 58" time="0.000015958">
        </testcase>
        <testcase classname="src/everything.spec.ts" name="describe 24 &gt; example test 59" time="0.000064833">
            <failure message="expected true to be false // Object.is equality" type="AssertionError">
AssertionError: expected true to be false // Object.is equality

- Expected
+ Received

- false
+ true

 ❯ src/everything.spec.ts:8:18
            </failure>
        </testcase>
        <testcase classname="src/everything.spec.ts" name="describe 24 &gt; example test 60" time="0.00001575">
        </testcase>
        <testcase classname="src/everything.spec.ts" name="describe 24 &gt; example test 61" time="0.000089709">
            <failure message="expected true to be false // Object.is equality" type="AssertionError">
AssertionError: expected true to be false // Object.is equality

- Expected
+ Received

- false
+ true

 ❯ src/everything.spec.ts:8:18
            </failure>
        </testcase>
        <testcase classname="src/everything.spec.ts" name="describe 24 &gt; example test 62" time="0.000017">
        </testcase>
        <testcase classname="src/everything.spec.ts" name="describe 24 &gt; example test 63" time="0.000065083">
            <failure message="expected true to be false // Object.is equality" type="AssertionError">
AssertionError: expected true to be false // Object.is equality

- Expected
+ Received

- false
+ true

 ❯ src/everything.spec.ts:8:18
            </failure>
        </testcase>
        <testcase classname="src/everything.spec.ts" name="describe 24 &gt; example test 64" time="0.000016625">
        </testcase>
        <testcase classname="src/everything.spec.ts" name="describe 24 &gt; example test 65" time="0.000065458">
            <failure message="expected true to be false // Object.is equality" type="AssertionError">
AssertionError: expected true to be false // Object.is equality

- Expected
+ Received

- false
+ true

 ❯ src/everything.spec.ts:8:18
            </failure>
        </testcase>
        <testcase classname="src/everything.spec.ts" name="describe 24 &gt; example test 66" time="0.00001625">
        </testcase>
        <testcase classname="src/everything.spec.ts" name="describe 24 &gt; example test 67" time="0.000065084">
            <failure message="expected true to be false // Object.is equality" type="AssertionError">
AssertionError: expected true to be false // Object.is equality

- Expected
+ Received

- false
+ true

 ❯ src/everything.spec.ts:8:18
            </failure>
        </testcase>
        <testcase classname="src/everything.spec.ts" name="describe 24 &gt; example test 68" time="0.000016042">
        </testcase>
        <testcase classname="src/everything.spec.ts" name="describe 24 &gt; example test 69" time="0.000065">
            <failure message="expected true to be false // Object.is equality" type="AssertionError">
AssertionError: expected true to be false // Object.is equality

- Expected
+ Received

- false
+ true

 ❯ src/everything.spec.ts:8:18
            </failure>
        </testcase>
        <testcase classname="src/everything.spec.ts" name="describe 24 &gt; example test 70" time="0.000017">
        </testcase>
        <testcase classname="src/everything.spec.ts" name="describe 24 &gt; example test 71" time="0.000068875">
            <failure message="expected true to be false // Object.is equality" type="AssertionError">
AssertionError: expected true to be false // Object.is equality

- Expected
+ Received

- false
+ true

 ❯ src/everything.spec.ts:8:18
            </failure>
        </testcase>
        <testcase classname="src/everything.spec.ts" name="describe 24 &gt; example test 72" time="0.000017167">
        </testcase>
        <testcase classname="src/everything.spec.ts" name="describe 24 &gt; example test 73" time="0.000065041">
            <failure message="expected true to be false // Object.is equality" type="AssertionError">
AssertionError: expected true to be false // Object.is equality

- Expected
+ Received

- false
+ true

 ❯ src/everything.spec.ts:8:18
            </failure>
        </testcase>
        <testcase classname="src/everything.spec.ts" name="describe 24 &gt; example test 74" time="0.000016416">
        </testcase>
        <testcase classname="src/everything.spec.ts" name="describe 24 &gt; example test 75" time="0.000064792">
            <failure message="expected true to be false // Object.is equality" type="AssertionError">
AssertionError: expected true to be false // Object.is equality

- Expected
+ Received

- false
+ true

 ❯ src/everything.spec.ts:8:18
            </failure>
        </testcase>
        <testcase classname="src/everything.spec.ts" name="describe 24 &gt; example test 76" time="0.000017">
        </testcase>
        <testcase classname="src/everything.spec.ts" name="describe 24 &gt; example test 77" time="0.000067875">
            <failure message="expected true to be false // Object.is equality" type="AssertionError">
AssertionError: expected true to be false // Object.is equality

- Expected
+ Received

- false
+ true

 ❯ src/everything.spec.ts:8:18
            </failure>
        </testcase>
        <testcase classname="src/everything.spec.ts" name="describe 24 &gt; example test 78" time="0.000017167">
        </testcase>
        <testcase classname="src/everything.spec.ts" name="describe 24 &gt; example test 79" time="0.000064875">
            <failure message="expected true to be false // Object.is equality" type="AssertionError">
AssertionError: expected true to be false // Object.is equality

- Expected
+ Received

- false
+ true

 ❯ src/everything.spec.ts:8:18
            </failure>
        </testcase>
        <testcase classname="src/everything.spec.ts" name="describe 24 &gt; example test 80" time="0.000017083">
        </testcase>
        <testcase classname="src/everything.spec.ts" name="describe 24 &gt; example test 81" time="0.000064958">
            <failure message="expected true to be false // Object.is equality" type="AssertionError">
AssertionError: expected true to be false // Object.is equality

- Expected
+ Received

- false
+ true

 ❯ src/everything.spec.ts:8:18
            </failure>
        </testcase>
        <testcase classname="src/everything.spec.ts" name="describe 24 &gt; example test 82" time="0.000016167">
        </testcase>
        <testcase classname="src/everything.spec.ts" name="describe 24 &gt; example test 83" time="0.000065333">
            <failure message="expected true to be false // Object.is equality" type="AssertionError">
AssertionError: expected true to be false // Object.is equality

- Expected
+ Received

- false
+ true

 ❯ src/everything.spec.ts:8:18
            </failure>
        </testcase>
        <testcase classname="src/everything.spec.ts" name="describe 24 &gt; example test 84" time="0.000016125">
        </testcase>
        <testcase classname="src/everything.spec.ts" name="describe 24 &gt; example test 85" time="0.000065">
            <failure message="expected true to be false // Object.is equality" type="AssertionError">
AssertionError: expected true to be false // Object.is equality

- Expected
+ Received

- false
+ true

 ❯ src/everything.spec.ts:8:18
            </failure>
        </testcase>
        <testcase classname="src/everything.spec.ts" name="describe 24 &gt; example test 86" time="0.000017875">
        </testcase>
        <testcase classname="src/everything.spec.ts" name="describe 24 &gt; example test 87" time="0.000065417">
            <failure message="expected true to be false // Object.is equality" type="AssertionError">
AssertionError: expected true to be false // Object.is equality

- Expected
+ Received

- false
+ true

 ❯ src/everything.spec.ts:8:18
            </failure>
        </testcase>
        <testcase classname="src/everything.spec.ts" name="describe 24 &gt; example test 88" time="0.000016375">
        </testcase>
        <testcase classname="src/everything.spec.ts" name="describe 24 &gt; example test 89" time="0.000064416">
            <failure message="expected true to be false // Object.is equality" type="AssertionError">
AssertionError: expected true to be false // Object.is equality

- Expected
+ Received

- false
+ true

 ❯ src/everything.spec.ts:8:18
            </failure>
        </testcase>
        <testcase classname="src/everything.spec.ts" name="describe 24 &gt; example test 90" time="0.00001625">
        </testcase>
        <testcase classname="src/everything.spec.ts" name="describe 24 &gt; example test 91" time="0.000064959">
            <failure message="expected true to be false // Object.is equality" type="AssertionError">
AssertionError: expected true to be false // Object.is equality

- Expected
+ Received

- false
+ true

 ❯ src/everything.spec.ts:8:18
            </failure>
        </testcase>
        <testcase classname="src/everything.spec.ts" name="describe 24 &gt; example test 92" time="0.000016167">
        </testcase>
        <testcase classname="src/everything.spec.ts" name="describe 24 &gt; example test 93" time="0.000066833">
            <failure message="expected true to be false // Object.is equality" type="AssertionError">
AssertionError: expected true to be false // Object.is equality

- Expected
+ Received

- false
+ true

 ❯ src/everything.spec.ts:8:18
            </failure>
        </testcase>
        <testcase classname="src/everything.spec.ts" name="describe 24 &gt; example test 94" time="0.000016333">
        </testcase>
        <testcase classname="src/everything.spec.ts" name="describe 24 &gt; example test 95" time="0.000066084">
            <failure message="expected true to be false // Object.is equality" type="AssertionError">
AssertionError: expected true to be false // Object.is equality

- Expected
+ Received

- false
+ true

 ❯ src/everything.spec.ts:8:18
            </failure>
        </testcase>
        <testcase classname="src/everything.spec.ts" name="describe 24 &gt; example test 96" time="0.000016167">
        </testcase>
        <testcase classname="src/everything.spec.ts" name="describe 24 &gt; example test 97" time="0.000064334">
            <failure message="expected true to be false // Object.is equality" type="AssertionError">
AssertionError: expected true to be false // Object.is equality

- Expected
+ Received

- false
+ true

 ❯ src/everything.spec.ts:8:18
            </failure>
        </testcase>
        <testcase classname="src/everything.spec.ts" name="describe 24 &gt; example test 98" time="0.000016292">
        </testcase>
        <testcase classname="src/everything.spec.ts" name="describe 24 &gt; example test 99" time="0.000066708">
            <failure message="expected true to be false // Object.is equality" type="AssertionError">
AssertionError: expected true to be false // Object.is equality

- Expected
+ Received

- false
+ true

 ❯ src/everything.spec.ts:8:18
            </failure>
        </testcase>
        <testcase classname="src/everything.spec.ts" name="describe 24 &gt; example test 100" time="0.000016208">
        </testcase>
        <testcase classname="src/everything.spec.ts" name="describe 25 &gt; example test 1" time="0.000064708">
            <failure message="expected true to be false // Object.is equality" type="AssertionError">
AssertionError: expected true to be false // Object.is equality

- Expected
+ Received

- false
+ true

 ❯ src/everything.spec.ts:8:18
            </failure>
        </testcase>
        <testcase classname="src/everything.spec.ts" name="describe 25 &gt; example test 2" time="0.000016541">
        </testcase>
        <testcase classname="src/everything.spec.ts" name="describe 25 &gt; example test 3" time="0.0000675">
            <failure message="expected true to be false // Object.is equality" type="AssertionError">
AssertionError: expected true to be false // Object.is equality

- Expected
+ Received

- false
+ true

 ❯ src/everything.spec.ts:8:18
            </failure>
        </testcase>
        <testcase classname="src/everything.spec.ts" name="describe 25 &gt; example test 4" time="0.000016167">
        </testcase>
        <testcase classname="src/everything.spec.ts" name="describe 25 &gt; example test 5" time="0.0000645">
            <failure message="expected true to be false // Object.is equality" type="AssertionError">
AssertionError: expected true to be false // Object.is equality

- Expected
+ Received

- false
+ true

 ❯ src/everything.spec.ts:8:18
            </failure>
        </testcase>
        <testcase classname="src/everything.spec.ts" name="describe 25 &gt; example test 6" time="0.00001675">
        </testcase>
        <testcase classname="src/everything.spec.ts" name="describe 25 &gt; example test 7" time="0.000064542">
            <failure message="expected true to be false // Object.is equality" type="AssertionError">
AssertionError: expected true to be false // Object.is equality

- Expected
+ Received

- false
+ true

 ❯ src/everything.spec.ts:8:18
            </failure>
        </testcase>
        <testcase classname="src/everything.spec.ts" name="describe 25 &gt; example test 8" time="0.0000165">
        </testcase>
        <testcase classname="src/everything.spec.ts" name="describe 25 &gt; example test 9" time="0.000064417">
            <failure message="expected true to be false // Object.is equality" type="AssertionError">
AssertionError: expected true to be false // Object.is equality

- Expected
+ Received

- false
+ true

 ❯ src/everything.spec.ts:8:18
            </failure>
        </testcase>
        <testcase classname="src/everything.spec.ts" name="describe 25 &gt; example test 10" time="0.000016875">
        </testcase>
        <testcase classname="src/everything.spec.ts" name="describe 25 &gt; example test 11" time="0.000066542">
            <failure message="expected true to be false // Object.is equality" type="AssertionError">
AssertionError: expected true to be false // Object.is equality

- Expected
+ Received

- false
+ true

 ❯ src/everything.spec.ts:8:18
            </failure>
        </testcase>
        <testcase classname="src/everything.spec.ts" name="describe 25 &gt; example test 12" time="0.000016334">
        </testcase>
        <testcase classname="src/everything.spec.ts" name="describe 25 &gt; example test 13" time="0.000065583">
            <failure message="expected true to be false // Object.is equality" type="AssertionError">
AssertionError: expected true to be false // Object.is equality

- Expected
+ Received

- false
+ true

 ❯ src/everything.spec.ts:8:18
            </failure>
        </testcase>
        <testcase classname="src/everything.spec.ts" name="describe 25 &gt; example test 14" time="0.000016417">
        </testcase>
        <testcase classname="src/everything.spec.ts" name="describe 25 &gt; example test 15" time="0.000064625">
            <failure message="expected true to be false // Object.is equality" type="AssertionError">
AssertionError: expected true to be false // Object.is equality

- Expected
+ Received

- false
+ true

 ❯ src/everything.spec.ts:8:18
            </failure>
        </testcase>
        <testcase classname="src/everything.spec.ts" name="describe 25 &gt; example test 16" time="0.0000165">
        </testcase>
        <testcase classname="src/everything.spec.ts" name="describe 25 &gt; example test 17" time="0.000067375">
            <failure message="expected true to be false // Object.is equality" type="AssertionError">
AssertionError: expected true to be false // Object.is equality

- Expected
+ Received

- false
+ true

 ❯ src/everything.spec.ts:8:18
            </failure>
        </testcase>
        <testcase classname="src/everything.spec.ts" name="describe 25 &gt; example test 18" time="0.000016375">
        </testcase>
        <testcase classname="src/everything.spec.ts" name="describe 25 &gt; example test 19" time="0.000086417">
            <failure message="expected true to be false // Object.is equality" type="AssertionError">
AssertionError: expected true to be false // Object.is equality

- Expected
+ Received

- false
+ true

 ❯ src/everything.spec.ts:8:18
            </failure>
        </testcase>
        <testcase classname="src/everything.spec.ts" name="describe 25 &gt; example test 20" time="0.000016291">
        </testcase>
        <testcase classname="src/everything.spec.ts" name="describe 25 &gt; example test 21" time="0.000064125">
            <failure message="expected true to be false // Object.is equality" type="AssertionError">
AssertionError: expected true to be false // Object.is equality

- Expected
+ Received

- false
+ true

 ❯ src/everything.spec.ts:8:18
            </failure>
        </testcase>
        <testcase classname="src/everything.spec.ts" name="describe 25 &gt; example test 22" time="0.000016291">
        </testcase>
        <testcase classname="src/everything.spec.ts" name="describe 25 &gt; example test 23" time="0.00006525">
            <failure message="expected true to be false // Object.is equality" type="AssertionError">
AssertionError: expected true to be false // Object.is equality

- Expected
+ Received

- false
+ true

 ❯ src/everything.spec.ts:8:18
            </failure>
        </testcase>
        <testcase classname="src/everything.spec.ts" name="describe 25 &gt; example test 24" time="0.000015917">
        </testcase>
        <testcase classname="src/everything.spec.ts" name="describe 25 &gt; example test 25" time="0.000063875">
            <failure message="expected true to be false // Object.is equality" type="AssertionError">
AssertionError: expected true to be false // Object.is equality

- Expected
+ Received

- false
+ true

 ❯ src/everything.spec.ts:8:18
            </failure>
        </testcase>
        <testcase classname="src/everything.spec.ts" name="describe 25 &gt; example test 26" time="0.000018583">
        </testcase>
        <testcase classname="src/everything.spec.ts" name="describe 25 &gt; example test 27" time="0.000062417">
            <failure message="expected true to be false // Object.is equality" type="AssertionError">
AssertionError: expected true to be false // Object.is equality

- Expected
+ Received

- false
+ true

 ❯ src/everything.spec.ts:8:18
            </failure>
        </testcase>
        <testcase classname="src/everything.spec.ts" name="describe 25 &gt; example test 28" time="0.000015666">
        </testcase>
        <testcase classname="src/everything.spec.ts" name="describe 25 &gt; example test 29" time="0.000065167">
            <failure message="expected true to be false // Object.is equality" type="AssertionError">
AssertionError: expected true to be false // Object.is equality

- Expected
+ Received

- false
+ true

 ❯ src/everything.spec.ts:8:18
            </failure>
        </testcase>
        <testcase classname="src/everything.spec.ts" name="describe 25 &gt; example test 30" time="0.000015834">
        </testcase>
        <testcase classname="src/everything.spec.ts" name="describe 25 &gt; example test 31" time="0.000063875">
            <failure message="expected true to be false // Object.is equality" type="AssertionError">
AssertionError: expected true to be false // Object.is equality

- Expected
+ Received

- false
+ true

 ❯ src/everything.spec.ts:8:18
            </failure>
        </testcase>
        <testcase classname="src/everything.spec.ts" name="describe 25 &gt; example test 32" time="0.000015958">
        </testcase>
        <testcase classname="src/everything.spec.ts" name="describe 25 &gt; example test 33" time="0.000063375">
            <failure message="expected true to be false // Object.is equality" type="AssertionError">
AssertionError: expected true to be false // Object.is equality

- Expected
+ Received

- false
+ true

 ❯ src/everything.spec.ts:8:18
            </failure>
        </testcase>
        <testcase classname="src/everything.spec.ts" name="describe 25 &gt; example test 34" time="0.000016">
        </testcase>
        <testcase classname="src/everything.spec.ts" name="describe 25 &gt; example test 35" time="0.00006675">
            <failure message="expected true to be false // Object.is equality" type="AssertionError">
AssertionError: expected true to be false // Object.is equality

- Expected
+ Received

- false
+ true

 ❯ src/everything.spec.ts:8:18
            </failure>
        </testcase>
        <testcase classname="src/everything.spec.ts" name="describe 25 &gt; example test 36" time="0.000015708">
        </testcase>
        <testcase classname="src/everything.spec.ts" name="describe 25 &gt; example test 37" time="0.000063208">
            <failure message="expected true to be false // Object.is equality" type="AssertionError">
AssertionError: expected true to be false // Object.is equality

- Expected
+ Received

- false
+ true

 ❯ src/everything.spec.ts:8:18
            </failure>
        </testcase>
        <testcase classname="src/everything.spec.ts" name="describe 25 &gt; example test 38" time="0.000015791">
        </testcase>
        <testcase classname="src/everything.spec.ts" name="describe 25 &gt; example test 39" time="0.000062666">
            <failure message="expected true to be false // Object.is equality" type="AssertionError">
AssertionError: expected true to be false // Object.is equality

- Expected
+ Received

- false
+ true

 ❯ src/everything.spec.ts:8:18
            </failure>
        </testcase>
        <testcase classname="src/everything.spec.ts" name="describe 25 &gt; example test 40" time="0.000015459">
        </testcase>
        <testcase classname="src/everything.spec.ts" name="describe 25 &gt; example test 41" time="0.000064917">
            <failure message="expected true to be false // Object.is equality" type="AssertionError">
AssertionError: expected true to be false // Object.is equality

- Expected
+ Received

- false
+ true

 ❯ src/everything.spec.ts:8:18
            </failure>
        </testcase>
        <testcase classname="src/everything.spec.ts" name="describe 25 &gt; example test 42" time="0.000018375">
        </testcase>
        <testcase classname="src/everything.spec.ts" name="describe 25 &gt; example test 43" time="0.000062042">
            <failure message="expected true to be false // Object.is equality" type="AssertionError">
AssertionError: expected true to be false // Object.is equality

- Expected
+ Received

- false
+ true

 ❯ src/everything.spec.ts:8:18
            </failure>
        </testcase>
        <testcase classname="src/everything.spec.ts" name="describe 25 &gt; example test 44" time="0.000015916">
        </testcase>
        <testcase classname="src/everything.spec.ts" name="describe 25 &gt; example test 45" time="0.000064709">
            <failure message="expected true to be false // Object.is equality" type="AssertionError">
AssertionError: expected true to be false // Object.is equality

- Expected
+ Received

- false
+ true

 ❯ src/everything.spec.ts:8:18
            </failure>
        </testcase>
        <testcase classname="src/everything.spec.ts" name="describe 25 &gt; example test 46" time="0.000015792">
        </testcase>
        <testcase classname="src/everything.spec.ts" name="describe 25 &gt; example test 47" time="0.000062416">
            <failure message="expected true to be false // Object.is equality" type="AssertionError">
AssertionError: expected true to be false // Object.is equality

- Expected
+ Received

- false
+ true

 ❯ src/everything.spec.ts:8:18
            </failure>
        </testcase>
        <testcase classname="src/everything.spec.ts" name="describe 25 &gt; example test 48" time="0.000015917">
        </testcase>
        <testcase classname="src/everything.spec.ts" name="describe 25 &gt; example test 49" time="0.000064458">
            <failure message="expected true to be false // Object.is equality" type="AssertionError">
AssertionError: expected true to be false // Object.is equality

- Expected
+ Received

- false
+ true

 ❯ src/everything.spec.ts:8:18
            </failure>
        </testcase>
        <testcase classname="src/everything.spec.ts" name="describe 25 &gt; example test 50" time="0.00001575">
        </testcase>
        <testcase classname="src/everything.spec.ts" name="describe 25 &gt; example test 51" time="0.000062625">
            <failure message="expected true to be false // Object.is equality" type="AssertionError">
AssertionError: expected true to be false // Object.is equality

- Expected
+ Received

- false
+ true

 ❯ src/everything.spec.ts:8:18
            </failure>
        </testcase>
        <testcase classname="src/everything.spec.ts" name="describe 25 &gt; example test 52" time="0.000015667">
        </testcase>
        <testcase classname="src/everything.spec.ts" name="describe 25 &gt; example test 53" time="0.00006475">
            <failure message="expected true to be false // Object.is equality" type="AssertionError">
AssertionError: expected true to be false // Object.is equality

- Expected
+ Received

- false
+ true

 ❯ src/everything.spec.ts:8:18
            </failure>
        </testcase>
        <testcase classname="src/everything.spec.ts" name="describe 25 &gt; example test 54" time="0.000016208">
        </testcase>
        <testcase classname="src/everything.spec.ts" name="describe 25 &gt; example test 55" time="0.000061875">
            <failure message="expected true to be false // Object.is equality" type="AssertionError">
AssertionError: expected true to be false // Object.is equality

- Expected
+ Received

- false
+ true

 ❯ src/everything.spec.ts:8:18
            </failure>
        </testcase>
        <testcase classname="src/everything.spec.ts" name="describe 25 &gt; example test 56" time="0.000017583">
        </testcase>
        <testcase classname="src/everything.spec.ts" name="describe 25 &gt; example test 57" time="0.000062875">
            <failure message="expected true to be false // Object.is equality" type="AssertionError">
AssertionError: expected true to be false // Object.is equality

- Expected
+ Received

- false
+ true

 ❯ src/everything.spec.ts:8:18
            </failure>
        </testcase>
        <testcase classname="src/everything.spec.ts" name="describe 25 &gt; example test 58" time="0.000015584">
        </testcase>
        <testcase classname="src/everything.spec.ts" name="describe 25 &gt; example test 59" time="0.00006425">
            <failure message="expected true to be false // Object.is equality" type="AssertionError">
AssertionError: expected true to be false // Object.is equality

- Expected
+ Received

- false
+ true

 ❯ src/everything.spec.ts:8:18
            </failure>
        </testcase>
        <testcase classname="src/everything.spec.ts" name="describe 25 &gt; example test 60" time="0.000018417">
        </testcase>
        <testcase classname="src/everything.spec.ts" name="describe 25 &gt; example test 61" time="0.000063834">
            <failure message="expected true to be false // Object.is equality" type="AssertionError">
AssertionError: expected true to be false // Object.is equality

- Expected
+ Received

- false
+ true

 ❯ src/everything.spec.ts:8:18
            </failure>
        </testcase>
        <testcase classname="src/everything.spec.ts" name="describe 25 &gt; example test 62" time="0.000015834">
        </testcase>
        <testcase classname="src/everything.spec.ts" name="describe 25 &gt; example test 63" time="0.000063459">
            <failure message="expected true to be false // Object.is equality" type="AssertionError">
AssertionError: expected true to be false // Object.is equality

- Expected
+ Received

- false
+ true

 ❯ src/everything.spec.ts:8:18
            </failure>
        </testcase>
        <testcase classname="src/everything.spec.ts" name="describe 25 &gt; example test 64" time="0.000016">
        </testcase>
        <testcase classname="src/everything.spec.ts" name="describe 25 &gt; example test 65" time="0.000064">
            <failure message="expected true to be false // Object.is equality" type="AssertionError">
AssertionError: expected true to be false // Object.is equality

- Expected
+ Received

- false
+ true

 ❯ src/everything.spec.ts:8:18
            </failure>
        </testcase>
        <testcase classname="src/everything.spec.ts" name="describe 25 &gt; example test 66" time="0.000019667">
        </testcase>
        <testcase classname="src/everything.spec.ts" name="describe 25 &gt; example test 67" time="0.00006725">
            <failure message="expected true to be false // Object.is equality" type="AssertionError">
AssertionError: expected true to be false // Object.is equality

- Expected
+ Received

- false
+ true

 ❯ src/everything.spec.ts:8:18
            </failure>
        </testcase>
        <testcase classname="src/everything.spec.ts" name="describe 25 &gt; example test 68" time="0.000016167">
        </testcase>
        <testcase classname="src/everything.spec.ts" name="describe 25 &gt; example test 69" time="0.00006425">
            <failure message="expected true to be false // Object.is equality" type="AssertionError">
AssertionError: expected true to be false // Object.is equality

- Expected
+ Received

- false
+ true

 ❯ src/everything.spec.ts:8:18
            </failure>
        </testcase>
        <testcase classname="src/everything.spec.ts" name="describe 25 &gt; example test 70" time="0.000015792">
        </testcase>
        <testcase classname="src/everything.spec.ts" name="describe 25 &gt; example test 71" time="0.000065916">
            <failure message="expected true to be false // Object.is equality" type="AssertionError">
AssertionError: expected true to be false // Object.is equality

- Expected
+ Received

- false
+ true

 ❯ src/everything.spec.ts:8:18
            </failure>
        </testcase>
        <testcase classname="src/everything.spec.ts" name="describe 25 &gt; example test 72" time="0.000016">
        </testcase>
        <testcase classname="src/everything.spec.ts" name="describe 25 &gt; example test 73" time="0.000064125">
            <failure message="expected true to be false // Object.is equality" type="AssertionError">
AssertionError: expected true to be false // Object.is equality

- Expected
+ Received

- false
+ true

 ❯ src/everything.spec.ts:8:18
            </failure>
        </testcase>
        <testcase classname="src/everything.spec.ts" name="describe 25 &gt; example test 74" time="0.00001575">
        </testcase>
        <testcase classname="src/everything.spec.ts" name="describe 25 &gt; example test 75" time="0.000062708">
            <failure message="expected true to be false // Object.is equality" type="AssertionError">
AssertionError: expected true to be false // Object.is equality

- Expected
+ Received

- false
+ true

 ❯ src/everything.spec.ts:8:18
            </failure>
        </testcase>
        <testcase classname="src/everything.spec.ts" name="describe 25 &gt; example test 76" time="0.000015875">
        </testcase>
        <testcase classname="src/everything.spec.ts" name="describe 25 &gt; example test 77" time="0.000062">
            <failure message="expected true to be false // Object.is equality" type="AssertionError">
AssertionError: expected true to be false // Object.is equality

- Expected
+ Received

- false
+ true

 ❯ src/everything.spec.ts:8:18
            </failure>
        </testcase>
        <testcase classname="src/everything.spec.ts" name="describe 25 &gt; example test 78" time="0.000015875">
        </testcase>
        <testcase classname="src/everything.spec.ts" name="describe 25 &gt; example test 79" time="0.000063375">
            <failure message="expected true to be false // Object.is equality" type="AssertionError">
AssertionError: expected true to be false // Object.is equality

- Expected
+ Received

- false
+ true

 ❯ src/everything.spec.ts:8:18
            </failure>
        </testcase>
        <testcase classname="src/everything.spec.ts" name="describe 25 &gt; example test 80" time="0.00001575">
        </testcase>
        <testcase classname="src/everything.spec.ts" name="describe 25 &gt; example test 81" time="0.000063458">
            <failure message="expected true to be false // Object.is equality" type="AssertionError">
AssertionError: expected true to be false // Object.is equality

- Expected
+ Received

- false
+ true

 ❯ src/everything.spec.ts:8:18
            </failure>
        </testcase>
        <testcase classname="src/everything.spec.ts" name="describe 25 &gt; example test 82" time="0.000015667">
        </testcase>
        <testcase classname="src/everything.spec.ts" name="describe 25 &gt; example test 83" time="0.000067625">
            <failure message="expected true to be false // Object.is equality" type="AssertionError">
AssertionError: expected true to be false // Object.is equality

- Expected
+ Received

- false
+ true

 ❯ src/everything.spec.ts:8:18
            </failure>
        </testcase>
        <testcase classname="src/everything.spec.ts" name="describe 25 &gt; example test 84" time="0.000016291">
        </testcase>
        <testcase classname="src/everything.spec.ts" name="describe 25 &gt; example test 85" time="0.000066333">
            <failure message="expected true to be false // Object.is equality" type="AssertionError">
AssertionError: expected true to be false // Object.is equality

- Expected
+ Received

- false
+ true

 ❯ src/everything.spec.ts:8:18
            </failure>
        </testcase>
        <testcase classname="src/everything.spec.ts" name="describe 25 &gt; example test 86" time="0.000015833">
        </testcase>
        <testcase classname="src/everything.spec.ts" name="describe 25 &gt; example test 87" time="0.000063083">
            <failure message="expected true to be false // Object.is equality" type="AssertionError">
AssertionError: expected true to be false // Object.is equality

- Expected
+ Received

- false
+ true

 ❯ src/everything.spec.ts:8:18
            </failure>
        </testcase>
        <testcase classname="src/everything.spec.ts" name="describe 25 &gt; example test 88" time="0.000017">
        </testcase>
        <testcase classname="src/everything.spec.ts" name="describe 25 &gt; example test 89" time="0.000079375">
            <failure message="expected true to be false // Object.is equality" type="AssertionError">
AssertionError: expected true to be false // Object.is equality

- Expected
+ Received

- false
+ true

 ❯ src/everything.spec.ts:8:18
            </failure>
        </testcase>
        <testcase classname="src/everything.spec.ts" name="describe 25 &gt; example test 90" time="0.000016334">
        </testcase>
        <testcase classname="src/everything.spec.ts" name="describe 25 &gt; example test 91" time="0.000065042">
            <failure message="expected true to be false // Object.is equality" type="AssertionError">
AssertionError: expected true to be false // Object.is equality

- Expected
+ Received

- false
+ true

 ❯ src/everything.spec.ts:8:18
            </failure>
        </testcase>
        <testcase classname="src/everything.spec.ts" name="describe 25 &gt; example test 92" time="0.00001625">
        </testcase>
        <testcase classname="src/everything.spec.ts" name="describe 25 &gt; example test 93" time="0.000065209">
            <failure message="expected true to be false // Object.is equality" type="AssertionError">
AssertionError: expected true to be false // Object.is equality

- Expected
+ Received

- false
+ true

 ❯ src/everything.spec.ts:8:18
            </failure>
        </testcase>
        <testcase classname="src/everything.spec.ts" name="describe 25 &gt; example test 94" time="0.00001675">
        </testcase>
        <testcase classname="src/everything.spec.ts" name="describe 25 &gt; example test 95" time="0.000064792">
            <failure message="expected true to be false // Object.is equality" type="AssertionError">
AssertionError: expected true to be false // Object.is equality

- Expected
+ Received

- false
+ true

 ❯ src/everything.spec.ts:8:18
            </failure>
        </testcase>
        <testcase classname="src/everything.spec.ts" name="describe 25 &gt; example test 96" time="0.000016042">
        </testcase>
        <testcase classname="src/everything.spec.ts" name="describe 25 &gt; example test 97" time="0.000063417">
            <failure message="expected true to be false // Object.is equality" type="AssertionError">
AssertionError: expected true to be false // Object.is equality

- Expected
+ Received

- false
+ true

 ❯ src/everything.spec.ts:8:18
            </failure>
        </testcase>
        <testcase classname="src/everything.spec.ts" name="describe 25 &gt; example test 98" time="0.000018959">
        </testcase>
        <testcase classname="src/everything.spec.ts" name="describe 25 &gt; example test 99" time="0.000064667">
            <failure message="expected true to be false // Object.is equality" type="AssertionError">
AssertionError: expected true to be false // Object.is equality

- Expected
+ Received

- false
+ true

 ❯ src/everything.spec.ts:8:18
            </failure>
        </testcase>
        <testcase classname="src/everything.spec.ts" name="describe 25 &gt; example test 100" time="0.000016417">
        </testcase>
        <testcase classname="src/everything.spec.ts" name="describe 26 &gt; example test 1" time="0.00006425">
            <failure message="expected true to be false // Object.is equality" type="AssertionError">
AssertionError: expected true to be false // Object.is equality

- Expected
+ Received

- false
+ true

 ❯ src/everything.spec.ts:8:18
            </failure>
        </testcase>
        <testcase classname="src/everything.spec.ts" name="describe 26 &gt; example test 2" time="0.000016667">
        </testcase>
        <testcase classname="src/everything.spec.ts" name="describe 26 &gt; example test 3" time="0.000065375">
            <failure message="expected true to be false // Object.is equality" type="AssertionError">
AssertionError: expected true to be false // Object.is equality

- Expected
+ Received

- false
+ true

 ❯ src/everything.spec.ts:8:18
            </failure>
        </testcase>
        <testcase classname="src/everything.spec.ts" name="describe 26 &gt; example test 4" time="0.0000165">
        </testcase>
        <testcase classname="src/everything.spec.ts" name="describe 26 &gt; example test 5" time="0.00006475">
            <failure message="expected true to be false // Object.is equality" type="AssertionError">
AssertionError: expected true to be false // Object.is equality

- Expected
+ Received

- false
+ true

 ❯ src/everything.spec.ts:8:18
            </failure>
        </testcase>
        <testcase classname="src/everything.spec.ts" name="describe 26 &gt; example test 6" time="0.000016417">
        </testcase>
        <testcase classname="src/everything.spec.ts" name="describe 26 &gt; example test 7" time="0.000064292">
            <failure message="expected true to be false // Object.is equality" type="AssertionError">
AssertionError: expected true to be false // Object.is equality

- Expected
+ Received

- false
+ true

 ❯ src/everything.spec.ts:8:18
            </failure>
        </testcase>
        <testcase classname="src/everything.spec.ts" name="describe 26 &gt; example test 8" time="0.00001625">
        </testcase>
        <testcase classname="src/everything.spec.ts" name="describe 26 &gt; example test 9" time="0.000064584">
            <failure message="expected true to be false // Object.is equality" type="AssertionError">
AssertionError: expected true to be false // Object.is equality

- Expected
+ Received

- false
+ true

 ❯ src/everything.spec.ts:8:18
            </failure>
        </testcase>
        <testcase classname="src/everything.spec.ts" name="describe 26 &gt; example test 10" time="0.000016666">
        </testcase>
        <testcase classname="src/everything.spec.ts" name="describe 26 &gt; example test 11" time="0.000064">
            <failure message="expected true to be false // Object.is equality" type="AssertionError">
AssertionError: expected true to be false // Object.is equality

- Expected
+ Received

- false
+ true

 ❯ src/everything.spec.ts:8:18
            </failure>
        </testcase>
        <testcase classname="src/everything.spec.ts" name="describe 26 &gt; example test 12" time="0.000016208">
        </testcase>
        <testcase classname="src/everything.spec.ts" name="describe 26 &gt; example test 13" time="0.000065459">
            <failure message="expected true to be false // Object.is equality" type="AssertionError">
AssertionError: expected true to be false // Object.is equality

- Expected
+ Received

- false
+ true

 ❯ src/everything.spec.ts:8:18
            </failure>
        </testcase>
        <testcase classname="src/everything.spec.ts" name="describe 26 &gt; example test 14" time="0.000016041">
        </testcase>
        <testcase classname="src/everything.spec.ts" name="describe 26 &gt; example test 15" time="0.000065292">
            <failure message="expected true to be false // Object.is equality" type="AssertionError">
AssertionError: expected true to be false // Object.is equality

- Expected
+ Received

- false
+ true

 ❯ src/everything.spec.ts:8:18
            </failure>
        </testcase>
        <testcase classname="src/everything.spec.ts" name="describe 26 &gt; example test 16" time="0.000016">
        </testcase>
        <testcase classname="src/everything.spec.ts" name="describe 26 &gt; example test 17" time="0.000073625">
            <failure message="expected true to be false // Object.is equality" type="AssertionError">
AssertionError: expected true to be false // Object.is equality

- Expected
+ Received

- false
+ true

 ❯ src/everything.spec.ts:8:18
            </failure>
        </testcase>
        <testcase classname="src/everything.spec.ts" name="describe 26 &gt; example test 18" time="0.000016958">
        </testcase>
        <testcase classname="src/everything.spec.ts" name="describe 26 &gt; example test 19" time="0.00006425">
            <failure message="expected true to be false // Object.is equality" type="AssertionError">
AssertionError: expected true to be false // Object.is equality

- Expected
+ Received

- false
+ true

 ❯ src/everything.spec.ts:8:18
            </failure>
        </testcase>
        <testcase classname="src/everything.spec.ts" name="describe 26 &gt; example test 20" time="0.000016458">
        </testcase>
        <testcase classname="src/everything.spec.ts" name="describe 26 &gt; example test 21" time="0.00007">
            <failure message="expected true to be false // Object.is equality" type="AssertionError">
AssertionError: expected true to be false // Object.is equality

- Expected
+ Received

- false
+ true

 ❯ src/everything.spec.ts:8:18
            </failure>
        </testcase>
        <testcase classname="src/everything.spec.ts" name="describe 26 &gt; example test 22" time="0.000016625">
        </testcase>
        <testcase classname="src/everything.spec.ts" name="describe 26 &gt; example test 23" time="0.000063958">
            <failure message="expected true to be false // Object.is equality" type="AssertionError">
AssertionError: expected true to be false // Object.is equality

- Expected
+ Received

- false
+ true

 ❯ src/everything.spec.ts:8:18
            </failure>
        </testcase>
        <testcase classname="src/everything.spec.ts" name="describe 26 &gt; example test 24" time="0.000016667">
        </testcase>
        <testcase classname="src/everything.spec.ts" name="describe 26 &gt; example test 25" time="0.000065459">
            <failure message="expected true to be false // Object.is equality" type="AssertionError">
AssertionError: expected true to be false // Object.is equality

- Expected
+ Received

- false
+ true

 ❯ src/everything.spec.ts:8:18
            </failure>
        </testcase>
        <testcase classname="src/everything.spec.ts" name="describe 26 &gt; example test 26" time="0.000016542">
        </testcase>
        <testcase classname="src/everything.spec.ts" name="describe 26 &gt; example test 27" time="0.000065209">
            <failure message="expected true to be false // Object.is equality" type="AssertionError">
AssertionError: expected true to be false // Object.is equality

- Expected
+ Received

- false
+ true

 ❯ src/everything.spec.ts:8:18
            </failure>
        </testcase>
        <testcase classname="src/everything.spec.ts" name="describe 26 &gt; example test 28" time="0.000016042">
        </testcase>
        <testcase classname="src/everything.spec.ts" name="describe 26 &gt; example test 29" time="0.000069958">
            <failure message="expected true to be false // Object.is equality" type="AssertionError">
AssertionError: expected true to be false // Object.is equality

- Expected
+ Received

- false
+ true

 ❯ src/everything.spec.ts:8:18
            </failure>
        </testcase>
        <testcase classname="src/everything.spec.ts" name="describe 26 &gt; example test 30" time="0.000016791">
        </testcase>
        <testcase classname="src/everything.spec.ts" name="describe 26 &gt; example test 31" time="0.000064125">
            <failure message="expected true to be false // Object.is equality" type="AssertionError">
AssertionError: expected true to be false // Object.is equality

- Expected
+ Received

- false
+ true

 ❯ src/everything.spec.ts:8:18
            </failure>
        </testcase>
        <testcase classname="src/everything.spec.ts" name="describe 26 &gt; example test 32" time="0.000016209">
        </testcase>
        <testcase classname="src/everything.spec.ts" name="describe 26 &gt; example test 33" time="0.000068833">
            <failure message="expected true to be false // Object.is equality" type="AssertionError">
AssertionError: expected true to be false // Object.is equality

- Expected
+ Received

- false
+ true

 ❯ src/everything.spec.ts:8:18
            </failure>
        </testcase>
        <testcase classname="src/everything.spec.ts" name="describe 26 &gt; example test 34" time="0.00001625">
        </testcase>
        <testcase classname="src/everything.spec.ts" name="describe 26 &gt; example test 35" time="0.000065042">
            <failure message="expected true to be false // Object.is equality" type="AssertionError">
AssertionError: expected true to be false // Object.is equality

- Expected
+ Received

- false
+ true

 ❯ src/everything.spec.ts:8:18
            </failure>
        </testcase>
        <testcase classname="src/everything.spec.ts" name="describe 26 &gt; example test 36" time="0.000016375">
        </testcase>
        <testcase classname="src/everything.spec.ts" name="describe 26 &gt; example test 37" time="0.000066333">
            <failure message="expected true to be false // Object.is equality" type="AssertionError">
AssertionError: expected true to be false // Object.is equality

- Expected
+ Received

- false
+ true

 ❯ src/everything.spec.ts:8:18
            </failure>
        </testcase>
        <testcase classname="src/everything.spec.ts" name="describe 26 &gt; example test 38" time="0.000016459">
        </testcase>
        <testcase classname="src/everything.spec.ts" name="describe 26 &gt; example test 39" time="0.000063708">
            <failure message="expected true to be false // Object.is equality" type="AssertionError">
AssertionError: expected true to be false // Object.is equality

- Expected
+ Received

- false
+ true

 ❯ src/everything.spec.ts:8:18
            </failure>
        </testcase>
        <testcase classname="src/everything.spec.ts" name="describe 26 &gt; example test 40" time="0.000016417">
        </testcase>
        <testcase classname="src/everything.spec.ts" name="describe 26 &gt; example test 41" time="0.000064584">
            <failure message="expected true to be false // Object.is equality" type="AssertionError">
AssertionError: expected true to be false // Object.is equality

- Expected
+ Received

- false
+ true

 ❯ src/everything.spec.ts:8:18
            </failure>
        </testcase>
        <testcase classname="src/everything.spec.ts" name="describe 26 &gt; example test 42" time="0.000016833">
        </testcase>
        <testcase classname="src/everything.spec.ts" name="describe 26 &gt; example test 43" time="0.000065959">
            <failure message="expected true to be false // Object.is equality" type="AssertionError">
AssertionError: expected true to be false // Object.is equality

- Expected
+ Received

- false
+ true

 ❯ src/everything.spec.ts:8:18
            </failure>
        </testcase>
        <testcase classname="src/everything.spec.ts" name="describe 26 &gt; example test 44" time="0.000016417">
        </testcase>
        <testcase classname="src/everything.spec.ts" name="describe 26 &gt; example test 45" time="0.000064417">
            <failure message="expected true to be false // Object.is equality" type="AssertionError">
AssertionError: expected true to be false // Object.is equality

- Expected
+ Received

- false
+ true

 ❯ src/everything.spec.ts:8:18
            </failure>
        </testcase>
        <testcase classname="src/everything.spec.ts" name="describe 26 &gt; example test 46" time="0.000016542">
        </testcase>
        <testcase classname="src/everything.spec.ts" name="describe 26 &gt; example test 47" time="0.000064333">
            <failure message="expected true to be false // Object.is equality" type="AssertionError">
AssertionError: expected true to be false // Object.is equality

- Expected
+ Received

- false
+ true

 ❯ src/everything.spec.ts:8:18
            </failure>
        </testcase>
        <testcase classname="src/everything.spec.ts" name="describe 26 &gt; example test 48" time="0.000019125">
        </testcase>
        <testcase classname="src/everything.spec.ts" name="describe 26 &gt; example test 49" time="0.0000645">
            <failure message="expected true to be false // Object.is equality" type="AssertionError">
AssertionError: expected true to be false // Object.is equality

- Expected
+ Received

- false
+ true

 ❯ src/everything.spec.ts:8:18
            </failure>
        </testcase>
        <testcase classname="src/everything.spec.ts" name="describe 26 &gt; example test 50" time="0.000016291">
        </testcase>
        <testcase classname="src/everything.spec.ts" name="describe 26 &gt; example test 51" time="0.000064125">
            <failure message="expected true to be false // Object.is equality" type="AssertionError">
AssertionError: expected true to be false // Object.is equality

- Expected
+ Received

- false
+ true

 ❯ src/everything.spec.ts:8:18
            </failure>
        </testcase>
        <testcase classname="src/everything.spec.ts" name="describe 26 &gt; example test 52" time="0.000017125">
        </testcase>
        <testcase classname="src/everything.spec.ts" name="describe 26 &gt; example test 53" time="0.000063875">
            <failure message="expected true to be false // Object.is equality" type="AssertionError">
AssertionError: expected true to be false // Object.is equality

- Expected
+ Received

- false
+ true

 ❯ src/everything.spec.ts:8:18
            </failure>
        </testcase>
        <testcase classname="src/everything.spec.ts" name="describe 26 &gt; example test 54" time="0.00001625">
        </testcase>
        <testcase classname="src/everything.spec.ts" name="describe 26 &gt; example test 55" time="0.000064792">
            <failure message="expected true to be false // Object.is equality" type="AssertionError">
AssertionError: expected true to be false // Object.is equality

- Expected
+ Received

- false
+ true

 ❯ src/everything.spec.ts:8:18
            </failure>
        </testcase>
        <testcase classname="src/everything.spec.ts" name="describe 26 &gt; example test 56" time="0.000016542">
        </testcase>
        <testcase classname="src/everything.spec.ts" name="describe 26 &gt; example test 57" time="0.000074708">
            <failure message="expected true to be false // Object.is equality" type="AssertionError">
AssertionError: expected true to be false // Object.is equality

- Expected
+ Received

- false
+ true

 ❯ src/everything.spec.ts:8:18
            </failure>
        </testcase>
        <testcase classname="src/everything.spec.ts" name="describe 26 &gt; example test 58" time="0.000016208">
        </testcase>
        <testcase classname="src/everything.spec.ts" name="describe 26 &gt; example test 59" time="0.000065583">
            <failure message="expected true to be false // Object.is equality" type="AssertionError">
AssertionError: expected true to be false // Object.is equality

- Expected
+ Received

- false
+ true

 ❯ src/everything.spec.ts:8:18
            </failure>
        </testcase>
        <testcase classname="src/everything.spec.ts" name="describe 26 &gt; example test 60" time="0.0000165">
        </testcase>
        <testcase classname="src/everything.spec.ts" name="describe 26 &gt; example test 61" time="0.000063791">
            <failure message="expected true to be false // Object.is equality" type="AssertionError">
AssertionError: expected true to be false // Object.is equality

- Expected
+ Received

- false
+ true

 ❯ src/everything.spec.ts:8:18
            </failure>
        </testcase>
        <testcase classname="src/everything.spec.ts" name="describe 26 &gt; example test 62" time="0.000016375">
        </testcase>
        <testcase classname="src/everything.spec.ts" name="describe 26 &gt; example test 63" time="0.000489375">
            <failure message="expected true to be false // Object.is equality" type="AssertionError">
AssertionError: expected true to be false // Object.is equality

- Expected
+ Received

- false
+ true

 ❯ src/everything.spec.ts:8:18
            </failure>
        </testcase>
        <testcase classname="src/everything.spec.ts" name="describe 26 &gt; example test 64" time="0.000025084">
        </testcase>
        <testcase classname="src/everything.spec.ts" name="describe 26 &gt; example test 65" time="0.000080125">
            <failure message="expected true to be false // Object.is equality" type="AssertionError">
AssertionError: expected true to be false // Object.is equality

- Expected
+ Received

- false
+ true

 ❯ src/everything.spec.ts:8:18
            </failure>
        </testcase>
        <testcase classname="src/everything.spec.ts" name="describe 26 &gt; example test 66" time="0.000020625">
        </testcase>
        <testcase classname="src/everything.spec.ts" name="describe 26 &gt; example test 67" time="0.00011525">
            <failure message="expected true to be false // Object.is equality" type="AssertionError">
AssertionError: expected true to be false // Object.is equality

- Expected
+ Received

- false
+ true

 ❯ src/everything.spec.ts:8:18
            </failure>
        </testcase>
        <testcase classname="src/everything.spec.ts" name="describe 26 &gt; example test 68" time="0.000022041">
        </testcase>
        <testcase classname="src/everything.spec.ts" name="describe 26 &gt; example test 69" time="0.00007">
            <failure message="expected true to be false // Object.is equality" type="AssertionError">
AssertionError: expected true to be false // Object.is equality

- Expected
+ Received

- false
+ true

 ❯ src/everything.spec.ts:8:18
            </failure>
        </testcase>
        <testcase classname="src/everything.spec.ts" name="describe 26 &gt; example test 70" time="0.00001675">
        </testcase>
        <testcase classname="src/everything.spec.ts" name="describe 26 &gt; example test 71" time="0.00006875">
            <failure message="expected true to be false // Object.is equality" type="AssertionError">
AssertionError: expected true to be false // Object.is equality

- Expected
+ Received

- false
+ true

 ❯ src/everything.spec.ts:8:18
            </failure>
        </testcase>
        <testcase classname="src/everything.spec.ts" name="describe 26 &gt; example test 72" time="0.000016292">
        </testcase>
        <testcase classname="src/everything.spec.ts" name="describe 26 &gt; example test 73" time="0.0000695">
            <failure message="expected true to be false // Object.is equality" type="AssertionError">
AssertionError: expected true to be false // Object.is equality

- Expected
+ Received

- false
+ true

 ❯ src/everything.spec.ts:8:18
            </failure>
        </testcase>
        <testcase classname="src/everything.spec.ts" name="describe 26 &gt; example test 74" time="0.00001625">
        </testcase>
        <testcase classname="src/everything.spec.ts" name="describe 26 &gt; example test 75" time="0.000069292">
            <failure message="expected true to be false // Object.is equality" type="AssertionError">
AssertionError: expected true to be false // Object.is equality

- Expected
+ Received

- false
+ true

 ❯ src/everything.spec.ts:8:18
            </failure>
        </testcase>
        <testcase classname="src/everything.spec.ts" name="describe 26 &gt; example test 76" time="0.000017208">
        </testcase>
        <testcase classname="src/everything.spec.ts" name="describe 26 &gt; example test 77" time="0.00006475">
            <failure message="expected true to be false // Object.is equality" type="AssertionError">
AssertionError: expected true to be false // Object.is equality

- Expected
+ Received

- false
+ true

 ❯ src/everything.spec.ts:8:18
            </failure>
        </testcase>
        <testcase classname="src/everything.spec.ts" name="describe 26 &gt; example test 78" time="0.000015833">
        </testcase>
        <testcase classname="src/everything.spec.ts" name="describe 26 &gt; example test 79" time="0.000082166">
            <failure message="expected true to be false // Object.is equality" type="AssertionError">
AssertionError: expected true to be false // Object.is equality

- Expected
+ Received

- false
+ true

 ❯ src/everything.spec.ts:8:18
            </failure>
        </testcase>
        <testcase classname="src/everything.spec.ts" name="describe 26 &gt; example test 80" time="0.000016583">
        </testcase>
        <testcase classname="src/everything.spec.ts" name="describe 26 &gt; example test 81" time="0.000065625">
            <failure message="expected true to be false // Object.is equality" type="AssertionError">
AssertionError: expected true to be false // Object.is equality

- Expected
+ Received

- false
+ true

 ❯ src/everything.spec.ts:8:18
            </failure>
        </testcase>
        <testcase classname="src/everything.spec.ts" name="describe 26 &gt; example test 82" time="0.000016084">
        </testcase>
        <testcase classname="src/everything.spec.ts" name="describe 26 &gt; example test 83" time="0.000065334">
            <failure message="expected true to be false // Object.is equality" type="AssertionError">
AssertionError: expected true to be false // Object.is equality

- Expected
+ Received

- false
+ true

 ❯ src/everything.spec.ts:8:18
            </failure>
        </testcase>
        <testcase classname="src/everything.spec.ts" name="describe 26 &gt; example test 84" time="0.00001625">
        </testcase>
        <testcase classname="src/everything.spec.ts" name="describe 26 &gt; example test 85" time="0.000064584">
            <failure message="expected true to be false // Object.is equality" type="AssertionError">
AssertionError: expected true to be false // Object.is equality

- Expected
+ Received

- false
+ true

 ❯ src/everything.spec.ts:8:18
            </failure>
        </testcase>
        <testcase classname="src/everything.spec.ts" name="describe 26 &gt; example test 86" time="0.000016041">
        </testcase>
        <testcase classname="src/everything.spec.ts" name="describe 26 &gt; example test 87" time="0.000067916">
            <failure message="expected true to be false // Object.is equality" type="AssertionError">
AssertionError: expected true to be false // Object.is equality

- Expected
+ Received

- false
+ true

 ❯ src/everything.spec.ts:8:18
            </failure>
        </testcase>
        <testcase classname="src/everything.spec.ts" name="describe 26 &gt; example test 88" time="0.000016125">
        </testcase>
        <testcase classname="src/everything.spec.ts" name="describe 26 &gt; example test 89" time="0.000065167">
            <failure message="expected true to be false // Object.is equality" type="AssertionError">
AssertionError: expected true to be false // Object.is equality

- Expected
+ Received

- false
+ true

 ❯ src/everything.spec.ts:8:18
            </failure>
        </testcase>
        <testcase classname="src/everything.spec.ts" name="describe 26 &gt; example test 90" time="0.000016292">
        </testcase>
        <testcase classname="src/everything.spec.ts" name="describe 26 &gt; example test 91" time="0.000066542">
            <failure message="expected true to be false // Object.is equality" type="AssertionError">
AssertionError: expected true to be false // Object.is equality

- Expected
+ Received

- false
+ true

 ❯ src/everything.spec.ts:8:18
            </failure>
        </testcase>
        <testcase classname="src/everything.spec.ts" name="describe 26 &gt; example test 92" time="0.000016">
        </testcase>
        <testcase classname="src/everything.spec.ts" name="describe 26 &gt; example test 93" time="0.000064708">
            <failure message="expected true to be false // Object.is equality" type="AssertionError">
AssertionError: expected true to be false // Object.is equality

- Expected
+ Received

- false
+ true

 ❯ src/everything.spec.ts:8:18
            </failure>
        </testcase>
        <testcase classname="src/everything.spec.ts" name="describe 26 &gt; example test 94" time="0.000016167">
        </testcase>
        <testcase classname="src/everything.spec.ts" name="describe 26 &gt; example test 95" time="0.000067">
            <failure message="expected true to be false // Object.is equality" type="AssertionError">
AssertionError: expected true to be false // Object.is equality

- Expected
+ Received

- false
+ true

 ❯ src/everything.spec.ts:8:18
            </failure>
        </testcase>
        <testcase classname="src/everything.spec.ts" name="describe 26 &gt; example test 96" time="0.000015958">
        </testcase>
        <testcase classname="src/everything.spec.ts" name="describe 26 &gt; example test 97" time="0.000066">
            <failure message="expected true to be false // Object.is equality" type="AssertionError">
AssertionError: expected true to be false // Object.is equality

- Expected
+ Received

- false
+ true

 ❯ src/everything.spec.ts:8:18
            </failure>
        </testcase>
        <testcase classname="src/everything.spec.ts" name="describe 26 &gt; example test 98" time="0.000016291">
        </testcase>
        <testcase classname="src/everything.spec.ts" name="describe 26 &gt; example test 99" time="0.000064584">
            <failure message="expected true to be false // Object.is equality" type="AssertionError">
AssertionError: expected true to be false // Object.is equality

- Expected
+ Received

- false
+ true

 ❯ src/everything.spec.ts:8:18
            </failure>
        </testcase>
        <testcase classname="src/everything.spec.ts" name="describe 26 &gt; example test 100" time="0.000015833">
        </testcase>
        <testcase classname="src/everything.spec.ts" name="describe 27 &gt; example test 1" time="0.000067333">
            <failure message="expected true to be false // Object.is equality" type="AssertionError">
AssertionError: expected true to be false // Object.is equality

- Expected
+ Received

- false
+ true

 ❯ src/everything.spec.ts:8:18
            </failure>
        </testcase>
        <testcase classname="src/everything.spec.ts" name="describe 27 &gt; example test 2" time="0.000016417">
        </testcase>
        <testcase classname="src/everything.spec.ts" name="describe 27 &gt; example test 3" time="0.000067041">
            <failure message="expected true to be false // Object.is equality" type="AssertionError">
AssertionError: expected true to be false // Object.is equality

- Expected
+ Received

- false
+ true

 ❯ src/everything.spec.ts:8:18
            </failure>
        </testcase>
        <testcase classname="src/everything.spec.ts" name="describe 27 &gt; example test 4" time="0.000016417">
        </testcase>
        <testcase classname="src/everything.spec.ts" name="describe 27 &gt; example test 5" time="0.000064083">
            <failure message="expected true to be false // Object.is equality" type="AssertionError">
AssertionError: expected true to be false // Object.is equality

- Expected
+ Received

- false
+ true

 ❯ src/everything.spec.ts:8:18
            </failure>
        </testcase>
        <testcase classname="src/everything.spec.ts" name="describe 27 &gt; example test 6" time="0.000016">
        </testcase>
        <testcase classname="src/everything.spec.ts" name="describe 27 &gt; example test 7" time="0.000067583">
            <failure message="expected true to be false // Object.is equality" type="AssertionError">
AssertionError: expected true to be false // Object.is equality

- Expected
+ Received

- false
+ true

 ❯ src/everything.spec.ts:8:18
            </failure>
        </testcase>
        <testcase classname="src/everything.spec.ts" name="describe 27 &gt; example test 8" time="0.000015875">
        </testcase>
        <testcase classname="src/everything.spec.ts" name="describe 27 &gt; example test 9" time="0.000066042">
            <failure message="expected true to be false // Object.is equality" type="AssertionError">
AssertionError: expected true to be false // Object.is equality

- Expected
+ Received

- false
+ true

 ❯ src/everything.spec.ts:8:18
            </failure>
        </testcase>
        <testcase classname="src/everything.spec.ts" name="describe 27 &gt; example test 10" time="0.000015792">
        </testcase>
        <testcase classname="src/everything.spec.ts" name="describe 27 &gt; example test 11" time="0.000066167">
            <failure message="expected true to be false // Object.is equality" type="AssertionError">
AssertionError: expected true to be false // Object.is equality

- Expected
+ Received

- false
+ true

 ❯ src/everything.spec.ts:8:18
            </failure>
        </testcase>
        <testcase classname="src/everything.spec.ts" name="describe 27 &gt; example test 12" time="0.000016667">
        </testcase>
        <testcase classname="src/everything.spec.ts" name="describe 27 &gt; example test 13" time="0.00006625">
            <failure message="expected true to be false // Object.is equality" type="AssertionError">
AssertionError: expected true to be false // Object.is equality

- Expected
+ Received

- false
+ true

 ❯ src/everything.spec.ts:8:18
            </failure>
        </testcase>
        <testcase classname="src/everything.spec.ts" name="describe 27 &gt; example test 14" time="0.000015875">
        </testcase>
        <testcase classname="src/everything.spec.ts" name="describe 27 &gt; example test 15" time="0.000064417">
            <failure message="expected true to be false // Object.is equality" type="AssertionError">
AssertionError: expected true to be false // Object.is equality

- Expected
+ Received

- false
+ true

 ❯ src/everything.spec.ts:8:18
            </failure>
        </testcase>
        <testcase classname="src/everything.spec.ts" name="describe 27 &gt; example test 16" time="0.000016083">
        </testcase>
        <testcase classname="src/everything.spec.ts" name="describe 27 &gt; example test 17" time="0.000063917">
            <failure message="expected true to be false // Object.is equality" type="AssertionError">
AssertionError: expected true to be false // Object.is equality

- Expected
+ Received

- false
+ true

 ❯ src/everything.spec.ts:8:18
            </failure>
        </testcase>
        <testcase classname="src/everything.spec.ts" name="describe 27 &gt; example test 18" time="0.000016291">
        </testcase>
        <testcase classname="src/everything.spec.ts" name="describe 27 &gt; example test 19" time="0.000064208">
            <failure message="expected true to be false // Object.is equality" type="AssertionError">
AssertionError: expected true to be false // Object.is equality

- Expected
+ Received

- false
+ true

 ❯ src/everything.spec.ts:8:18
            </failure>
        </testcase>
        <testcase classname="src/everything.spec.ts" name="describe 27 &gt; example test 20" time="0.000015917">
        </testcase>
        <testcase classname="src/everything.spec.ts" name="describe 27 &gt; example test 21" time="0.000070167">
            <failure message="expected true to be false // Object.is equality" type="AssertionError">
AssertionError: expected true to be false // Object.is equality

- Expected
+ Received

- false
+ true

 ❯ src/everything.spec.ts:8:18
            </failure>
        </testcase>
        <testcase classname="src/everything.spec.ts" name="describe 27 &gt; example test 22" time="0.000016667">
        </testcase>
        <testcase classname="src/everything.spec.ts" name="describe 27 &gt; example test 23" time="0.000064375">
            <failure message="expected true to be false // Object.is equality" type="AssertionError">
AssertionError: expected true to be false // Object.is equality

- Expected
+ Received

- false
+ true

 ❯ src/everything.spec.ts:8:18
            </failure>
        </testcase>
        <testcase classname="src/everything.spec.ts" name="describe 27 &gt; example test 24" time="0.000039041">
        </testcase>
        <testcase classname="src/everything.spec.ts" name="describe 27 &gt; example test 25" time="0.000064666">
            <failure message="expected true to be false // Object.is equality" type="AssertionError">
AssertionError: expected true to be false // Object.is equality

- Expected
+ Received

- false
+ true

 ❯ src/everything.spec.ts:8:18
            </failure>
        </testcase>
        <testcase classname="src/everything.spec.ts" name="describe 27 &gt; example test 26" time="0.000015708">
        </testcase>
        <testcase classname="src/everything.spec.ts" name="describe 27 &gt; example test 27" time="0.000063458">
            <failure message="expected true to be false // Object.is equality" type="AssertionError">
AssertionError: expected true to be false // Object.is equality

- Expected
+ Received

- false
+ true

 ❯ src/everything.spec.ts:8:18
            </failure>
        </testcase>
        <testcase classname="src/everything.spec.ts" name="describe 27 &gt; example test 28" time="0.000016084">
        </testcase>
        <testcase classname="src/everything.spec.ts" name="describe 27 &gt; example test 29" time="0.000064334">
            <failure message="expected true to be false // Object.is equality" type="AssertionError">
AssertionError: expected true to be false // Object.is equality

- Expected
+ Received

- false
+ true

 ❯ src/everything.spec.ts:8:18
            </failure>
        </testcase>
        <testcase classname="src/everything.spec.ts" name="describe 27 &gt; example test 30" time="0.000017959">
        </testcase>
        <testcase classname="src/everything.spec.ts" name="describe 27 &gt; example test 31" time="0.000064042">
            <failure message="expected true to be false // Object.is equality" type="AssertionError">
AssertionError: expected true to be false // Object.is equality

- Expected
+ Received

- false
+ true

 ❯ src/everything.spec.ts:8:18
            </failure>
        </testcase>
        <testcase classname="src/everything.spec.ts" name="describe 27 &gt; example test 32" time="0.000015708">
        </testcase>
        <testcase classname="src/everything.spec.ts" name="describe 27 &gt; example test 33" time="0.000064833">
            <failure message="expected true to be false // Object.is equality" type="AssertionError">
AssertionError: expected true to be false // Object.is equality

- Expected
+ Received

- false
+ true

 ❯ src/everything.spec.ts:8:18
            </failure>
        </testcase>
        <testcase classname="src/everything.spec.ts" name="describe 27 &gt; example test 34" time="0.000016208">
        </testcase>
        <testcase classname="src/everything.spec.ts" name="describe 27 &gt; example test 35" time="0.000065208">
            <failure message="expected true to be false // Object.is equality" type="AssertionError">
AssertionError: expected true to be false // Object.is equality

- Expected
+ Received

- false
+ true

 ❯ src/everything.spec.ts:8:18
            </failure>
        </testcase>
        <testcase classname="src/everything.spec.ts" name="describe 27 &gt; example test 36" time="0.000016167">
        </testcase>
        <testcase classname="src/everything.spec.ts" name="describe 27 &gt; example test 37" time="0.000064458">
            <failure message="expected true to be false // Object.is equality" type="AssertionError">
AssertionError: expected true to be false // Object.is equality

- Expected
+ Received

- false
+ true

 ❯ src/everything.spec.ts:8:18
            </failure>
        </testcase>
        <testcase classname="src/everything.spec.ts" name="describe 27 &gt; example test 38" time="0.000015917">
        </testcase>
        <testcase classname="src/everything.spec.ts" name="describe 27 &gt; example test 39" time="0.000063916">
            <failure message="expected true to be false // Object.is equality" type="AssertionError">
AssertionError: expected true to be false // Object.is equality

- Expected
+ Received

- false
+ true

 ❯ src/everything.spec.ts:8:18
            </failure>
        </testcase>
        <testcase classname="src/everything.spec.ts" name="describe 27 &gt; example test 40" time="0.000015708">
        </testcase>
        <testcase classname="src/everything.spec.ts" name="describe 27 &gt; example test 41" time="0.000066792">
            <failure message="expected true to be false // Object.is equality" type="AssertionError">
AssertionError: expected true to be false // Object.is equality

- Expected
+ Received

- false
+ true

 ❯ src/everything.spec.ts:8:18
            </failure>
        </testcase>
        <testcase classname="src/everything.spec.ts" name="describe 27 &gt; example test 42" time="0.000016167">
        </testcase>
        <testcase classname="src/everything.spec.ts" name="describe 27 &gt; example test 43" time="0.000063125">
            <failure message="expected true to be false // Object.is equality" type="AssertionError">
AssertionError: expected true to be false // Object.is equality

- Expected
+ Received

- false
+ true

 ❯ src/everything.spec.ts:8:18
            </failure>
        </testcase>
        <testcase classname="src/everything.spec.ts" name="describe 27 &gt; example test 44" time="0.000016125">
        </testcase>
        <testcase classname="src/everything.spec.ts" name="describe 27 &gt; example test 45" time="0.000064125">
            <failure message="expected true to be false // Object.is equality" type="AssertionError">
AssertionError: expected true to be false // Object.is equality

- Expected
+ Received

- false
+ true

 ❯ src/everything.spec.ts:8:18
            </failure>
        </testcase>
        <testcase classname="src/everything.spec.ts" name="describe 27 &gt; example test 46" time="0.000015667">
        </testcase>
        <testcase classname="src/everything.spec.ts" name="describe 27 &gt; example test 47" time="0.000063375">
            <failure message="expected true to be false // Object.is equality" type="AssertionError">
AssertionError: expected true to be false // Object.is equality

- Expected
+ Received

- false
+ true

 ❯ src/everything.spec.ts:8:18
            </failure>
        </testcase>
        <testcase classname="src/everything.spec.ts" name="describe 27 &gt; example test 48" time="0.000016167">
        </testcase>
        <testcase classname="src/everything.spec.ts" name="describe 27 &gt; example test 49" time="0.000075125">
            <failure message="expected true to be false // Object.is equality" type="AssertionError">
AssertionError: expected true to be false // Object.is equality

- Expected
+ Received

- false
+ true

 ❯ src/everything.spec.ts:8:18
            </failure>
        </testcase>
        <testcase classname="src/everything.spec.ts" name="describe 27 &gt; example test 50" time="0.000015791">
        </testcase>
        <testcase classname="src/everything.spec.ts" name="describe 27 &gt; example test 51" time="0.000063042">
            <failure message="expected true to be false // Object.is equality" type="AssertionError">
AssertionError: expected true to be false // Object.is equality

- Expected
+ Received

- false
+ true

 ❯ src/everything.spec.ts:8:18
            </failure>
        </testcase>
        <testcase classname="src/everything.spec.ts" name="describe 27 &gt; example test 52" time="0.000021375">
        </testcase>
        <testcase classname="src/everything.spec.ts" name="describe 27 &gt; example test 53" time="0.000064583">
            <failure message="expected true to be false // Object.is equality" type="AssertionError">
AssertionError: expected true to be false // Object.is equality

- Expected
+ Received

- false
+ true

 ❯ src/everything.spec.ts:8:18
            </failure>
        </testcase>
        <testcase classname="src/everything.spec.ts" name="describe 27 &gt; example test 54" time="0.000016416">
        </testcase>
        <testcase classname="src/everything.spec.ts" name="describe 27 &gt; example test 55" time="0.00006625">
            <failure message="expected true to be false // Object.is equality" type="AssertionError">
AssertionError: expected true to be false // Object.is equality

- Expected
+ Received

- false
+ true

 ❯ src/everything.spec.ts:8:18
            </failure>
        </testcase>
        <testcase classname="src/everything.spec.ts" name="describe 27 &gt; example test 56" time="0.000021958">
        </testcase>
        <testcase classname="src/everything.spec.ts" name="describe 27 &gt; example test 57" time="0.000064459">
            <failure message="expected true to be false // Object.is equality" type="AssertionError">
AssertionError: expected true to be false // Object.is equality

- Expected
+ Received

- false
+ true

 ❯ src/everything.spec.ts:8:18
            </failure>
        </testcase>
        <testcase classname="src/everything.spec.ts" name="describe 27 &gt; example test 58" time="0.000022292">
        </testcase>
        <testcase classname="src/everything.spec.ts" name="describe 27 &gt; example test 59" time="0.000067">
            <failure message="expected true to be false // Object.is equality" type="AssertionError">
AssertionError: expected true to be false // Object.is equality

- Expected
+ Received

- false
+ true

 ❯ src/everything.spec.ts:8:18
            </failure>
        </testcase>
        <testcase classname="src/everything.spec.ts" name="describe 27 &gt; example test 60" time="0.000016041">
        </testcase>
        <testcase classname="src/everything.spec.ts" name="describe 27 &gt; example test 61" time="0.00006625">
            <failure message="expected true to be false // Object.is equality" type="AssertionError">
AssertionError: expected true to be false // Object.is equality

- Expected
+ Received

- false
+ true

 ❯ src/everything.spec.ts:8:18
            </failure>
        </testcase>
        <testcase classname="src/everything.spec.ts" name="describe 27 &gt; example test 62" time="0.000015542">
        </testcase>
        <testcase classname="src/everything.spec.ts" name="describe 27 &gt; example test 63" time="0.000063791">
            <failure message="expected true to be false // Object.is equality" type="AssertionError">
AssertionError: expected true to be false // Object.is equality

- Expected
+ Received

- false
+ true

 ❯ src/everything.spec.ts:8:18
            </failure>
        </testcase>
        <testcase classname="src/everything.spec.ts" name="describe 27 &gt; example test 64" time="0.000016">
        </testcase>
        <testcase classname="src/everything.spec.ts" name="describe 27 &gt; example test 65" time="0.000064375">
            <failure message="expected true to be false // Object.is equality" type="AssertionError">
AssertionError: expected true to be false // Object.is equality

- Expected
+ Received

- false
+ true

 ❯ src/everything.spec.ts:8:18
            </failure>
        </testcase>
        <testcase classname="src/everything.spec.ts" name="describe 27 &gt; example test 66" time="0.000015792">
        </testcase>
        <testcase classname="src/everything.spec.ts" name="describe 27 &gt; example test 67" time="0.000063417">
            <failure message="expected true to be false // Object.is equality" type="AssertionError">
AssertionError: expected true to be false // Object.is equality

- Expected
+ Received

- false
+ true

 ❯ src/everything.spec.ts:8:18
            </failure>
        </testcase>
        <testcase classname="src/everything.spec.ts" name="describe 27 &gt; example test 68" time="0.000015709">
        </testcase>
        <testcase classname="src/everything.spec.ts" name="describe 27 &gt; example test 69" time="0.000063542">
            <failure message="expected true to be false // Object.is equality" type="AssertionError">
AssertionError: expected true to be false // Object.is equality

- Expected
+ Received

- false
+ true

 ❯ src/everything.spec.ts:8:18
            </failure>
        </testcase>
        <testcase classname="src/everything.spec.ts" name="describe 27 &gt; example test 70" time="0.000015583">
        </testcase>
        <testcase classname="src/everything.spec.ts" name="describe 27 &gt; example test 71" time="0.000063834">
            <failure message="expected true to be false // Object.is equality" type="AssertionError">
AssertionError: expected true to be false // Object.is equality

- Expected
+ Received

- false
+ true

 ❯ src/everything.spec.ts:8:18
            </failure>
        </testcase>
        <testcase classname="src/everything.spec.ts" name="describe 27 &gt; example test 72" time="0.000016459">
        </testcase>
        <testcase classname="src/everything.spec.ts" name="describe 27 &gt; example test 73" time="0.00006375">
            <failure message="expected true to be false // Object.is equality" type="AssertionError">
AssertionError: expected true to be false // Object.is equality

- Expected
+ Received

- false
+ true

 ❯ src/everything.spec.ts:8:18
            </failure>
        </testcase>
        <testcase classname="src/everything.spec.ts" name="describe 27 &gt; example test 74" time="0.000015708">
        </testcase>
        <testcase classname="src/everything.spec.ts" name="describe 27 &gt; example test 75" time="0.000063292">
            <failure message="expected true to be false // Object.is equality" type="AssertionError">
AssertionError: expected true to be false // Object.is equality

- Expected
+ Received

- false
+ true

 ❯ src/everything.spec.ts:8:18
            </failure>
        </testcase>
        <testcase classname="src/everything.spec.ts" name="describe 27 &gt; example test 76" time="0.000016375">
        </testcase>
        <testcase classname="src/everything.spec.ts" name="describe 27 &gt; example test 77" time="0.000068">
            <failure message="expected true to be false // Object.is equality" type="AssertionError">
AssertionError: expected true to be false // Object.is equality

- Expected
+ Received

- false
+ true

 ❯ src/everything.spec.ts:8:18
            </failure>
        </testcase>
        <testcase classname="src/everything.spec.ts" name="describe 27 &gt; example test 78" time="0.000016083">
        </testcase>
        <testcase classname="src/everything.spec.ts" name="describe 27 &gt; example test 79" time="0.000064417">
            <failure message="expected true to be false // Object.is equality" type="AssertionError">
AssertionError: expected true to be false // Object.is equality

- Expected
+ Received

- false
+ true

 ❯ src/everything.spec.ts:8:18
            </failure>
        </testcase>
        <testcase classname="src/everything.spec.ts" name="describe 27 &gt; example test 80" time="0.000016125">
        </testcase>
        <testcase classname="src/everything.spec.ts" name="describe 27 &gt; example test 81" time="0.000063709">
            <failure message="expected true to be false // Object.is equality" type="AssertionError">
AssertionError: expected true to be false // Object.is equality

- Expected
+ Received

- false
+ true

 ❯ src/everything.spec.ts:8:18
            </failure>
        </testcase>
        <testcase classname="src/everything.spec.ts" name="describe 27 &gt; example test 82" time="0.000015583">
        </testcase>
        <testcase classname="src/everything.spec.ts" name="describe 27 &gt; example test 83" time="0.000063916">
            <failure message="expected true to be false // Object.is equality" type="AssertionError">
AssertionError: expected true to be false // Object.is equality

- Expected
+ Received

- false
+ true

 ❯ src/everything.spec.ts:8:18
            </failure>
        </testcase>
        <testcase classname="src/everything.spec.ts" name="describe 27 &gt; example test 84" time="0.000015709">
        </testcase>
        <testcase classname="src/everything.spec.ts" name="describe 27 &gt; example test 85" time="0.000063125">
            <failure message="expected true to be false // Object.is equality" type="AssertionError">
AssertionError: expected true to be false // Object.is equality

- Expected
+ Received

- false
+ true

 ❯ src/everything.spec.ts:8:18
            </failure>
        </testcase>
        <testcase classname="src/everything.spec.ts" name="describe 27 &gt; example test 86" time="0.000015417">
        </testcase>
        <testcase classname="src/everything.spec.ts" name="describe 27 &gt; example test 87" time="0.0000645">
            <failure message="expected true to be false // Object.is equality" type="AssertionError">
AssertionError: expected true to be false // Object.is equality

- Expected
+ Received

- false
+ true

 ❯ src/everything.spec.ts:8:18
            </failure>
        </testcase>
        <testcase classname="src/everything.spec.ts" name="describe 27 &gt; example test 88" time="0.000015625">
        </testcase>
        <testcase classname="src/everything.spec.ts" name="describe 27 &gt; example test 89" time="0.000062708">
            <failure message="expected true to be false // Object.is equality" type="AssertionError">
AssertionError: expected true to be false // Object.is equality

- Expected
+ Received

- false
+ true

 ❯ src/everything.spec.ts:8:18
            </failure>
        </testcase>
        <testcase classname="src/everything.spec.ts" name="describe 27 &gt; example test 90" time="0.000016">
        </testcase>
        <testcase classname="src/everything.spec.ts" name="describe 27 &gt; example test 91" time="0.000063875">
            <failure message="expected true to be false // Object.is equality" type="AssertionError">
AssertionError: expected true to be false // Object.is equality

- Expected
+ Received

- false
+ true

 ❯ src/everything.spec.ts:8:18
            </failure>
        </testcase>
        <testcase classname="src/everything.spec.ts" name="describe 27 &gt; example test 92" time="0.000015709">
        </testcase>
        <testcase classname="src/everything.spec.ts" name="describe 27 &gt; example test 93" time="0.00006325">
            <failure message="expected true to be false // Object.is equality" type="AssertionError">
AssertionError: expected true to be false // Object.is equality

- Expected
+ Received

- false
+ true

 ❯ src/everything.spec.ts:8:18
            </failure>
        </testcase>
        <testcase classname="src/everything.spec.ts" name="describe 27 &gt; example test 94" time="0.000015667">
        </testcase>
        <testcase classname="src/everything.spec.ts" name="describe 27 &gt; example test 95" time="0.000063792">
            <failure message="expected true to be false // Object.is equality" type="AssertionError">
AssertionError: expected true to be false // Object.is equality

- Expected
+ Received

- false
+ true

 ❯ src/everything.spec.ts:8:18
            </failure>
        </testcase>
        <testcase classname="src/everything.spec.ts" name="describe 27 &gt; example test 96" time="0.000015958">
        </testcase>
        <testcase classname="src/everything.spec.ts" name="describe 27 &gt; example test 97" time="0.000063667">
            <failure message="expected true to be false // Object.is equality" type="AssertionError">
AssertionError: expected true to be false // Object.is equality

- Expected
+ Received

- false
+ true

 ❯ src/everything.spec.ts:8:18
            </failure>
        </testcase>
        <testcase classname="src/everything.spec.ts" name="describe 27 &gt; example test 98" time="0.000015833">
        </testcase>
        <testcase classname="src/everything.spec.ts" name="describe 27 &gt; example test 99" time="0.000082459">
            <failure message="expected true to be false // Object.is equality" type="AssertionError">
AssertionError: expected true to be false // Object.is equality

- Expected
+ Received

- false
+ true

 ❯ src/everything.spec.ts:8:18
            </failure>
        </testcase>
        <testcase classname="src/everything.spec.ts" name="describe 27 &gt; example test 100" time="0.000015875">
        </testcase>
        <testcase classname="src/everything.spec.ts" name="describe 28 &gt; example test 1" time="0.000064375">
            <failure message="expected true to be false // Object.is equality" type="AssertionError">
AssertionError: expected true to be false // Object.is equality

- Expected
+ Received

- false
+ true

 ❯ src/everything.spec.ts:8:18
            </failure>
        </testcase>
        <testcase classname="src/everything.spec.ts" name="describe 28 &gt; example test 2" time="0.000015625">
        </testcase>
        <testcase classname="src/everything.spec.ts" name="describe 28 &gt; example test 3" time="0.000064">
            <failure message="expected true to be false // Object.is equality" type="AssertionError">
AssertionError: expected true to be false // Object.is equality

- Expected
+ Received

- false
+ true

 ❯ src/everything.spec.ts:8:18
            </failure>
        </testcase>
        <testcase classname="src/everything.spec.ts" name="describe 28 &gt; example test 4" time="0.000015792">
        </testcase>
        <testcase classname="src/everything.spec.ts" name="describe 28 &gt; example test 5" time="0.000063583">
            <failure message="expected true to be false // Object.is equality" type="AssertionError">
AssertionError: expected true to be false // Object.is equality

- Expected
+ Received

- false
+ true

 ❯ src/everything.spec.ts:8:18
            </failure>
        </testcase>
        <testcase classname="src/everything.spec.ts" name="describe 28 &gt; example test 6" time="0.000016084">
        </testcase>
        <testcase classname="src/everything.spec.ts" name="describe 28 &gt; example test 7" time="0.000066625">
            <failure message="expected true to be false // Object.is equality" type="AssertionError">
AssertionError: expected true to be false // Object.is equality

- Expected
+ Received

- false
+ true

 ❯ src/everything.spec.ts:8:18
            </failure>
        </testcase>
        <testcase classname="src/everything.spec.ts" name="describe 28 &gt; example test 8" time="0.00001625">
        </testcase>
        <testcase classname="src/everything.spec.ts" name="describe 28 &gt; example test 9" time="0.000063958">
            <failure message="expected true to be false // Object.is equality" type="AssertionError">
AssertionError: expected true to be false // Object.is equality

- Expected
+ Received

- false
+ true

 ❯ src/everything.spec.ts:8:18
            </failure>
        </testcase>
        <testcase classname="src/everything.spec.ts" name="describe 28 &gt; example test 10" time="0.000015792">
        </testcase>
        <testcase classname="src/everything.spec.ts" name="describe 28 &gt; example test 11" time="0.000064875">
            <failure message="expected true to be false // Object.is equality" type="AssertionError">
AssertionError: expected true to be false // Object.is equality

- Expected
+ Received

- false
+ true

 ❯ src/everything.spec.ts:8:18
            </failure>
        </testcase>
        <testcase classname="src/everything.spec.ts" name="describe 28 &gt; example test 12" time="0.000015416">
        </testcase>
        <testcase classname="src/everything.spec.ts" name="describe 28 &gt; example test 13" time="0.000064709">
            <failure message="expected true to be false // Object.is equality" type="AssertionError">
AssertionError: expected true to be false // Object.is equality

- Expected
+ Received

- false
+ true

 ❯ src/everything.spec.ts:8:18
            </failure>
        </testcase>
        <testcase classname="src/everything.spec.ts" name="describe 28 &gt; example test 14" time="0.000016292">
        </testcase>
        <testcase classname="src/everything.spec.ts" name="describe 28 &gt; example test 15" time="0.000063125">
            <failure message="expected true to be false // Object.is equality" type="AssertionError">
AssertionError: expected true to be false // Object.is equality

- Expected
+ Received

- false
+ true

 ❯ src/everything.spec.ts:8:18
            </failure>
        </testcase>
        <testcase classname="src/everything.spec.ts" name="describe 28 &gt; example test 16" time="0.000015833">
        </testcase>
        <testcase classname="src/everything.spec.ts" name="describe 28 &gt; example test 17" time="0.000064167">
            <failure message="expected true to be false // Object.is equality" type="AssertionError">
AssertionError: expected true to be false // Object.is equality

- Expected
+ Received

- false
+ true

 ❯ src/everything.spec.ts:8:18
            </failure>
        </testcase>
        <testcase classname="src/everything.spec.ts" name="describe 28 &gt; example test 18" time="0.000017041">
        </testcase>
        <testcase classname="src/everything.spec.ts" name="describe 28 &gt; example test 19" time="0.000065208">
            <failure message="expected true to be false // Object.is equality" type="AssertionError">
AssertionError: expected true to be false // Object.is equality

- Expected
+ Received

- false
+ true

 ❯ src/everything.spec.ts:8:18
            </failure>
        </testcase>
        <testcase classname="src/everything.spec.ts" name="describe 28 &gt; example test 20" time="0.000016167">
        </testcase>
        <testcase classname="src/everything.spec.ts" name="describe 28 &gt; example test 21" time="0.000066083">
            <failure message="expected true to be false // Object.is equality" type="AssertionError">
AssertionError: expected true to be false // Object.is equality

- Expected
+ Received

- false
+ true

 ❯ src/everything.spec.ts:8:18
            </failure>
        </testcase>
        <testcase classname="src/everything.spec.ts" name="describe 28 &gt; example test 22" time="0.000016042">
        </testcase>
        <testcase classname="src/everything.spec.ts" name="describe 28 &gt; example test 23" time="0.000063375">
            <failure message="expected true to be false // Object.is equality" type="AssertionError">
AssertionError: expected true to be false // Object.is equality

- Expected
+ Received

- false
+ true

 ❯ src/everything.spec.ts:8:18
            </failure>
        </testcase>
        <testcase classname="src/everything.spec.ts" name="describe 28 &gt; example test 24" time="0.000015792">
        </testcase>
        <testcase classname="src/everything.spec.ts" name="describe 28 &gt; example test 25" time="0.000067916">
            <failure message="expected true to be false // Object.is equality" type="AssertionError">
AssertionError: expected true to be false // Object.is equality

- Expected
+ Received

- false
+ true

 ❯ src/everything.spec.ts:8:18
            </failure>
        </testcase>
        <testcase classname="src/everything.spec.ts" name="describe 28 &gt; example test 26" time="0.000015541">
        </testcase>
        <testcase classname="src/everything.spec.ts" name="describe 28 &gt; example test 27" time="0.000063958">
            <failure message="expected true to be false // Object.is equality" type="AssertionError">
AssertionError: expected true to be false // Object.is equality

- Expected
+ Received

- false
+ true

 ❯ src/everything.spec.ts:8:18
            </failure>
        </testcase>
        <testcase classname="src/everything.spec.ts" name="describe 28 &gt; example test 28" time="0.000015625">
        </testcase>
        <testcase classname="src/everything.spec.ts" name="describe 28 &gt; example test 29" time="0.000064333">
            <failure message="expected true to be false // Object.is equality" type="AssertionError">
AssertionError: expected true to be false // Object.is equality

- Expected
+ Received

- false
+ true

 ❯ src/everything.spec.ts:8:18
            </failure>
        </testcase>
        <testcase classname="src/everything.spec.ts" name="describe 28 &gt; example test 30" time="0.000016333">
        </testcase>
        <testcase classname="src/everything.spec.ts" name="describe 28 &gt; example test 31" time="0.000064041">
            <failure message="expected true to be false // Object.is equality" type="AssertionError">
AssertionError: expected true to be false // Object.is equality

- Expected
+ Received

- false
+ true

 ❯ src/everything.spec.ts:8:18
            </failure>
        </testcase>
        <testcase classname="src/everything.spec.ts" name="describe 28 &gt; example test 32" time="0.000015708">
        </testcase>
        <testcase classname="src/everything.spec.ts" name="describe 28 &gt; example test 33" time="0.000064">
            <failure message="expected true to be false // Object.is equality" type="AssertionError">
AssertionError: expected true to be false // Object.is equality

- Expected
+ Received

- false
+ true

 ❯ src/everything.spec.ts:8:18
            </failure>
        </testcase>
        <testcase classname="src/everything.spec.ts" name="describe 28 &gt; example test 34" time="0.000015417">
        </testcase>
        <testcase classname="src/everything.spec.ts" name="describe 28 &gt; example test 35" time="0.000064875">
            <failure message="expected true to be false // Object.is equality" type="AssertionError">
AssertionError: expected true to be false // Object.is equality

- Expected
+ Received

- false
+ true

 ❯ src/everything.spec.ts:8:18
            </failure>
        </testcase>
        <testcase classname="src/everything.spec.ts" name="describe 28 &gt; example test 36" time="0.00001675">
        </testcase>
        <testcase classname="src/everything.spec.ts" name="describe 28 &gt; example test 37" time="0.000068291">
            <failure message="expected true to be false // Object.is equality" type="AssertionError">
AssertionError: expected true to be false // Object.is equality

- Expected
+ Received

- false
+ true

 ❯ src/everything.spec.ts:8:18
            </failure>
        </testcase>
        <testcase classname="src/everything.spec.ts" name="describe 28 &gt; example test 38" time="0.000019958">
        </testcase>
        <testcase classname="src/everything.spec.ts" name="describe 28 &gt; example test 39" time="0.000070958">
            <failure message="expected true to be false // Object.is equality" type="AssertionError">
AssertionError: expected true to be false // Object.is equality

- Expected
+ Received

- false
+ true

 ❯ src/everything.spec.ts:8:18
            </failure>
        </testcase>
        <testcase classname="src/everything.spec.ts" name="describe 28 &gt; example test 40" time="0.000019584">
        </testcase>
        <testcase classname="src/everything.spec.ts" name="describe 28 &gt; example test 41" time="0.000072791">
            <failure message="expected true to be false // Object.is equality" type="AssertionError">
AssertionError: expected true to be false // Object.is equality

- Expected
+ Received

- false
+ true

 ❯ src/everything.spec.ts:8:18
            </failure>
        </testcase>
        <testcase classname="src/everything.spec.ts" name="describe 28 &gt; example test 42" time="0.000022">
        </testcase>
        <testcase classname="src/everything.spec.ts" name="describe 28 &gt; example test 43" time="0.000071375">
            <failure message="expected true to be false // Object.is equality" type="AssertionError">
AssertionError: expected true to be false // Object.is equality

- Expected
+ Received

- false
+ true

 ❯ src/everything.spec.ts:8:18
            </failure>
        </testcase>
        <testcase classname="src/everything.spec.ts" name="describe 28 &gt; example test 44" time="0.000019">
        </testcase>
        <testcase classname="src/everything.spec.ts" name="describe 28 &gt; example test 45" time="0.000076084">
            <failure message="expected true to be false // Object.is equality" type="AssertionError">
AssertionError: expected true to be false // Object.is equality

- Expected
+ Received

- false
+ true

 ❯ src/everything.spec.ts:8:18
            </failure>
        </testcase>
        <testcase classname="src/everything.spec.ts" name="describe 28 &gt; example test 46" time="0.000016542">
        </testcase>
        <testcase classname="src/everything.spec.ts" name="describe 28 &gt; example test 47" time="0.000065458">
            <failure message="expected true to be false // Object.is equality" type="AssertionError">
AssertionError: expected true to be false // Object.is equality

- Expected
+ Received

- false
+ true

 ❯ src/everything.spec.ts:8:18
            </failure>
        </testcase>
        <testcase classname="src/everything.spec.ts" name="describe 28 &gt; example test 48" time="0.000016458">
        </testcase>
        <testcase classname="src/everything.spec.ts" name="describe 28 &gt; example test 49" time="0.00008875">
            <failure message="expected true to be false // Object.is equality" type="AssertionError">
AssertionError: expected true to be false // Object.is equality

- Expected
+ Received

- false
+ true

 ❯ src/everything.spec.ts:8:18
            </failure>
        </testcase>
        <testcase classname="src/everything.spec.ts" name="describe 28 &gt; example test 50" time="0.0000195">
        </testcase>
        <testcase classname="src/everything.spec.ts" name="describe 28 &gt; example test 51" time="0.00007525">
            <failure message="expected true to be false // Object.is equality" type="AssertionError">
AssertionError: expected true to be false // Object.is equality

- Expected
+ Received

- false
+ true

 ❯ src/everything.spec.ts:8:18
            </failure>
        </testcase>
        <testcase classname="src/everything.spec.ts" name="describe 28 &gt; example test 52" time="0.000021042">
        </testcase>
        <testcase classname="src/everything.spec.ts" name="describe 28 &gt; example test 53" time="0.000068792">
            <failure message="expected true to be false // Object.is equality" type="AssertionError">
AssertionError: expected true to be false // Object.is equality

- Expected
+ Received

- false
+ true

 ❯ src/everything.spec.ts:8:18
            </failure>
        </testcase>
        <testcase classname="src/everything.spec.ts" name="describe 28 &gt; example test 54" time="0.000016875">
        </testcase>
        <testcase classname="src/everything.spec.ts" name="describe 28 &gt; example test 55" time="0.000065625">
            <failure message="expected true to be false // Object.is equality" type="AssertionError">
AssertionError: expected true to be false // Object.is equality

- Expected
+ Received

- false
+ true

 ❯ src/everything.spec.ts:8:18
            </failure>
        </testcase>
        <testcase classname="src/everything.spec.ts" name="describe 28 &gt; example test 56" time="0.000018292">
        </testcase>
        <testcase classname="src/everything.spec.ts" name="describe 28 &gt; example test 57" time="0.000072833">
            <failure message="expected true to be false // Object.is equality" type="AssertionError">
AssertionError: expected true to be false // Object.is equality

- Expected
+ Received

- false
+ true

 ❯ src/everything.spec.ts:8:18
            </failure>
        </testcase>
        <testcase classname="src/everything.spec.ts" name="describe 28 &gt; example test 58" time="0.000016792">
        </testcase>
        <testcase classname="src/everything.spec.ts" name="describe 28 &gt; example test 59" time="0.00007">
            <failure message="expected true to be false // Object.is equality" type="AssertionError">
AssertionError: expected true to be false // Object.is equality

- Expected
+ Received

- false
+ true

 ❯ src/everything.spec.ts:8:18
            </failure>
        </testcase>
        <testcase classname="src/everything.spec.ts" name="describe 28 &gt; example test 60" time="0.000018333">
        </testcase>
        <testcase classname="src/everything.spec.ts" name="describe 28 &gt; example test 61" time="0.000073125">
            <failure message="expected true to be false // Object.is equality" type="AssertionError">
AssertionError: expected true to be false // Object.is equality

- Expected
+ Received

- false
+ true

 ❯ src/everything.spec.ts:8:18
            </failure>
        </testcase>
        <testcase classname="src/everything.spec.ts" name="describe 28 &gt; example test 62" time="0.000020208">
        </testcase>
        <testcase classname="src/everything.spec.ts" name="describe 28 &gt; example test 63" time="0.000065792">
            <failure message="expected true to be false // Object.is equality" type="AssertionError">
AssertionError: expected true to be false // Object.is equality

- Expected
+ Received

- false
+ true

 ❯ src/everything.spec.ts:8:18
            </failure>
        </testcase>
        <testcase classname="src/everything.spec.ts" name="describe 28 &gt; example test 64" time="0.000021584">
        </testcase>
        <testcase classname="src/everything.spec.ts" name="describe 28 &gt; example test 65" time="0.000066958">
            <failure message="expected true to be false // Object.is equality" type="AssertionError">
AssertionError: expected true to be false // Object.is equality

- Expected
+ Received

- false
+ true

 ❯ src/everything.spec.ts:8:18
            </failure>
        </testcase>
        <testcase classname="src/everything.spec.ts" name="describe 28 &gt; example test 66" time="0.0000225">
        </testcase>
        <testcase classname="src/everything.spec.ts" name="describe 28 &gt; example test 67" time="0.000071166">
            <failure message="expected true to be false // Object.is equality" type="AssertionError">
AssertionError: expected true to be false // Object.is equality

- Expected
+ Received

- false
+ true

 ❯ src/everything.spec.ts:8:18
            </failure>
        </testcase>
        <testcase classname="src/everything.spec.ts" name="describe 28 &gt; example test 68" time="0.000019708">
        </testcase>
        <testcase classname="src/everything.spec.ts" name="describe 28 &gt; example test 69" time="0.000069417">
            <failure message="expected true to be false // Object.is equality" type="AssertionError">
AssertionError: expected true to be false // Object.is equality

- Expected
+ Received

- false
+ true

 ❯ src/everything.spec.ts:8:18
            </failure>
        </testcase>
        <testcase classname="src/everything.spec.ts" name="describe 28 &gt; example test 70" time="0.0000225">
        </testcase>
        <testcase classname="src/everything.spec.ts" name="describe 28 &gt; example test 71" time="0.00006975">
            <failure message="expected true to be false // Object.is equality" type="AssertionError">
AssertionError: expected true to be false // Object.is equality

- Expected
+ Received

- false
+ true

 ❯ src/everything.spec.ts:8:18
            </failure>
        </testcase>
        <testcase classname="src/everything.spec.ts" name="describe 28 &gt; example test 72" time="0.000017041">
        </testcase>
        <testcase classname="src/everything.spec.ts" name="describe 28 &gt; example test 73" time="0.000065292">
            <failure message="expected true to be false // Object.is equality" type="AssertionError">
AssertionError: expected true to be false // Object.is equality

- Expected
+ Received

- false
+ true

 ❯ src/everything.spec.ts:8:18
            </failure>
        </testcase>
        <testcase classname="src/everything.spec.ts" name="describe 28 &gt; example test 74" time="0.000016666">
        </testcase>
        <testcase classname="src/everything.spec.ts" name="describe 28 &gt; example test 75" time="0.000068084">
            <failure message="expected true to be false // Object.is equality" type="AssertionError">
AssertionError: expected true to be false // Object.is equality

- Expected
+ Received

- false
+ true

 ❯ src/everything.spec.ts:8:18
            </failure>
        </testcase>
        <testcase classname="src/everything.spec.ts" name="describe 28 &gt; example test 76" time="0.000021583">
        </testcase>
        <testcase classname="src/everything.spec.ts" name="describe 28 &gt; example test 77" time="0.000065542">
            <failure message="expected true to be false // Object.is equality" type="AssertionError">
AssertionError: expected true to be false // Object.is equality

- Expected
+ Received

- false
+ true

 ❯ src/everything.spec.ts:8:18
            </failure>
        </testcase>
        <testcase classname="src/everything.spec.ts" name="describe 28 &gt; example test 78" time="0.000018958">
        </testcase>
        <testcase classname="src/everything.spec.ts" name="describe 28 &gt; example test 79" time="0.00007175">
            <failure message="expected true to be false // Object.is equality" type="AssertionError">
AssertionError: expected true to be false // Object.is equality

- Expected
+ Received

- false
+ true

 ❯ src/everything.spec.ts:8:18
            </failure>
        </testcase>
        <testcase classname="src/everything.spec.ts" name="describe 28 &gt; example test 80" time="0.000017375">
        </testcase>
        <testcase classname="src/everything.spec.ts" name="describe 28 &gt; example test 81" time="0.000069458">
            <failure message="expected true to be false // Object.is equality" type="AssertionError">
AssertionError: expected true to be false // Object.is equality

- Expected
+ Received

- false
+ true

 ❯ src/everything.spec.ts:8:18
            </failure>
        </testcase>
        <testcase classname="src/everything.spec.ts" name="describe 28 &gt; example test 82" time="0.000016583">
        </testcase>
        <testcase classname="src/everything.spec.ts" name="describe 28 &gt; example test 83" time="0.000068916">
            <failure message="expected true to be false // Object.is equality" type="AssertionError">
AssertionError: expected true to be false // Object.is equality

- Expected
+ Received

- false
+ true

 ❯ src/everything.spec.ts:8:18
            </failure>
        </testcase>
        <testcase classname="src/everything.spec.ts" name="describe 28 &gt; example test 84" time="0.000017875">
        </testcase>
        <testcase classname="src/everything.spec.ts" name="describe 28 &gt; example test 85" time="0.000065458">
            <failure message="expected true to be false // Object.is equality" type="AssertionError">
AssertionError: expected true to be false // Object.is equality

- Expected
+ Received

- false
+ true

 ❯ src/everything.spec.ts:8:18
            </failure>
        </testcase>
        <testcase classname="src/everything.spec.ts" name="describe 28 &gt; example test 86" time="0.000018583">
        </testcase>
        <testcase classname="src/everything.spec.ts" name="describe 28 &gt; example test 87" time="0.000068">
            <failure message="expected true to be false // Object.is equality" type="AssertionError">
AssertionError: expected true to be false // Object.is equality

- Expected
+ Received

- false
+ true

 ❯ src/everything.spec.ts:8:18
            </failure>
        </testcase>
        <testcase classname="src/everything.spec.ts" name="describe 28 &gt; example test 88" time="0.000016791">
        </testcase>
        <testcase classname="src/everything.spec.ts" name="describe 28 &gt; example test 89" time="0.000067292">
            <failure message="expected true to be false // Object.is equality" type="AssertionError">
AssertionError: expected true to be false // Object.is equality

- Expected
+ Received

- false
+ true

 ❯ src/everything.spec.ts:8:18
            </failure>
        </testcase>
        <testcase classname="src/everything.spec.ts" name="describe 28 &gt; example test 90" time="0.000017833">
        </testcase>
        <testcase classname="src/everything.spec.ts" name="describe 28 &gt; example test 91" time="0.000074208">
            <failure message="expected true to be false // Object.is equality" type="AssertionError">
AssertionError: expected true to be false // Object.is equality

- Expected
+ Received

- false
+ true

 ❯ src/everything.spec.ts:8:18
            </failure>
        </testcase>
        <testcase classname="src/everything.spec.ts" name="describe 28 &gt; example test 92" time="0.000022541">
        </testcase>
        <testcase classname="src/everything.spec.ts" name="describe 28 &gt; example test 93" time="0.000065708">
            <failure message="expected true to be false // Object.is equality" type="AssertionError">
AssertionError: expected true to be false // Object.is equality

- Expected
+ Received

- false
+ true

 ❯ src/everything.spec.ts:8:18
            </failure>
        </testcase>
        <testcase classname="src/everything.spec.ts" name="describe 28 &gt; example test 94" time="0.00001675">
        </testcase>
        <testcase classname="src/everything.spec.ts" name="describe 28 &gt; example test 95" time="0.000068917">
            <failure message="expected true to be false // Object.is equality" type="AssertionError">
AssertionError: expected true to be false // Object.is equality

- Expected
+ Received

- false
+ true

 ❯ src/everything.spec.ts:8:18
            </failure>
        </testcase>
        <testcase classname="src/everything.spec.ts" name="describe 28 &gt; example test 96" time="0.000017667">
        </testcase>
        <testcase classname="src/everything.spec.ts" name="describe 28 &gt; example test 97" time="0.000067917">
            <failure message="expected true to be false // Object.is equality" type="AssertionError">
AssertionError: expected true to be false // Object.is equality

- Expected
+ Received

- false
+ true

 ❯ src/everything.spec.ts:8:18
            </failure>
        </testcase>
        <testcase classname="src/everything.spec.ts" name="describe 28 &gt; example test 98" time="0.000016458">
        </testcase>
        <testcase classname="src/everything.spec.ts" name="describe 28 &gt; example test 99" time="0.000071375">
            <failure message="expected true to be false // Object.is equality" type="AssertionError">
AssertionError: expected true to be false // Object.is equality

- Expected
+ Received

- false
+ true

 ❯ src/everything.spec.ts:8:18
            </failure>
        </testcase>
        <testcase classname="src/everything.spec.ts" name="describe 28 &gt; example test 100" time="0.000017708">
        </testcase>
        <testcase classname="src/everything.spec.ts" name="describe 29 &gt; example test 1" time="0.000068584">
            <failure message="expected true to be false // Object.is equality" type="AssertionError">
AssertionError: expected true to be false // Object.is equality

- Expected
+ Received

- false
+ true

 ❯ src/everything.spec.ts:8:18
            </failure>
        </testcase>
        <testcase classname="src/everything.spec.ts" name="describe 29 &gt; example test 2" time="0.000476375">
        </testcase>
        <testcase classname="src/everything.spec.ts" name="describe 29 &gt; example test 3" time="0.000088333">
            <failure message="expected true to be false // Object.is equality" type="AssertionError">
AssertionError: expected true to be false // Object.is equality

- Expected
+ Received

- false
+ true

 ❯ src/everything.spec.ts:8:18
            </failure>
        </testcase>
        <testcase classname="src/everything.spec.ts" name="describe 29 &gt; example test 4" time="0.000024333">
        </testcase>
        <testcase classname="src/everything.spec.ts" name="describe 29 &gt; example test 5" time="0.000072042">
            <failure message="expected true to be false // Object.is equality" type="AssertionError">
AssertionError: expected true to be false // Object.is equality

- Expected
+ Received

- false
+ true

 ❯ src/everything.spec.ts:8:18
            </failure>
        </testcase>
        <testcase classname="src/everything.spec.ts" name="describe 29 &gt; example test 6" time="0.000018083">
        </testcase>
        <testcase classname="src/everything.spec.ts" name="describe 29 &gt; example test 7" time="0.000070167">
            <failure message="expected true to be false // Object.is equality" type="AssertionError">
AssertionError: expected true to be false // Object.is equality

- Expected
+ Received

- false
+ true

 ❯ src/everything.spec.ts:8:18
            </failure>
        </testcase>
        <testcase classname="src/everything.spec.ts" name="describe 29 &gt; example test 8" time="0.000020541">
        </testcase>
        <testcase classname="src/everything.spec.ts" name="describe 29 &gt; example test 9" time="0.000070417">
            <failure message="expected true to be false // Object.is equality" type="AssertionError">
AssertionError: expected true to be false // Object.is equality

- Expected
+ Received

- false
+ true

 ❯ src/everything.spec.ts:8:18
            </failure>
        </testcase>
        <testcase classname="src/everything.spec.ts" name="describe 29 &gt; example test 10" time="0.000018">
        </testcase>
        <testcase classname="src/everything.spec.ts" name="describe 29 &gt; example test 11" time="0.000106833">
            <failure message="expected true to be false // Object.is equality" type="AssertionError">
AssertionError: expected true to be false // Object.is equality

- Expected
+ Received

- false
+ true

 ❯ src/everything.spec.ts:8:18
            </failure>
        </testcase>
        <testcase classname="src/everything.spec.ts" name="describe 29 &gt; example test 12" time="0.00001775">
        </testcase>
        <testcase classname="src/everything.spec.ts" name="describe 29 &gt; example test 13" time="0.000070125">
            <failure message="expected true to be false // Object.is equality" type="AssertionError">
AssertionError: expected true to be false // Object.is equality

- Expected
+ Received

- false
+ true

 ❯ src/everything.spec.ts:8:18
            </failure>
        </testcase>
        <testcase classname="src/everything.spec.ts" name="describe 29 &gt; example test 14" time="0.000020542">
        </testcase>
        <testcase classname="src/everything.spec.ts" name="describe 29 &gt; example test 15" time="0.000078">
            <failure message="expected true to be false // Object.is equality" type="AssertionError">
AssertionError: expected true to be false // Object.is equality

- Expected
+ Received

- false
+ true

 ❯ src/everything.spec.ts:8:18
            </failure>
        </testcase>
        <testcase classname="src/everything.spec.ts" name="describe 29 &gt; example test 16" time="0.000020709">
        </testcase>
        <testcase classname="src/everything.spec.ts" name="describe 29 &gt; example test 17" time="0.000194167">
            <failure message="expected true to be false // Object.is equality" type="AssertionError">
AssertionError: expected true to be false // Object.is equality

- Expected
+ Received

- false
+ true

 ❯ src/everything.spec.ts:8:18
            </failure>
        </testcase>
        <testcase classname="src/everything.spec.ts" name="describe 29 &gt; example test 18" time="0.000036583">
        </testcase>
        <testcase classname="src/everything.spec.ts" name="describe 29 &gt; example test 19" time="0.000096875">
            <failure message="expected true to be false // Object.is equality" type="AssertionError">
AssertionError: expected true to be false // Object.is equality

- Expected
+ Received

- false
+ true

 ❯ src/everything.spec.ts:8:18
            </failure>
        </testcase>
        <testcase classname="src/everything.spec.ts" name="describe 29 &gt; example test 20" time="0.000019375">
        </testcase>
        <testcase classname="src/everything.spec.ts" name="describe 29 &gt; example test 21" time="0.000073209">
            <failure message="expected true to be false // Object.is equality" type="AssertionError">
AssertionError: expected true to be false // Object.is equality

- Expected
+ Received

- false
+ true

 ❯ src/everything.spec.ts:8:18
            </failure>
        </testcase>
        <testcase classname="src/everything.spec.ts" name="describe 29 &gt; example test 22" time="0.000022125">
        </testcase>
        <testcase classname="src/everything.spec.ts" name="describe 29 &gt; example test 23" time="0.000068875">
            <failure message="expected true to be false // Object.is equality" type="AssertionError">
AssertionError: expected true to be false // Object.is equality

- Expected
+ Received

- false
+ true

 ❯ src/everything.spec.ts:8:18
            </failure>
        </testcase>
        <testcase classname="src/everything.spec.ts" name="describe 29 &gt; example test 24" time="0.000017875">
        </testcase>
        <testcase classname="src/everything.spec.ts" name="describe 29 &gt; example test 25" time="0.000087541">
            <failure message="expected true to be false // Object.is equality" type="AssertionError">
AssertionError: expected true to be false // Object.is equality

- Expected
+ Received

- false
+ true

 ❯ src/everything.spec.ts:8:18
            </failure>
        </testcase>
        <testcase classname="src/everything.spec.ts" name="describe 29 &gt; example test 26" time="0.00001825">
        </testcase>
        <testcase classname="src/everything.spec.ts" name="describe 29 &gt; example test 27" time="0.000066041">
            <failure message="expected true to be false // Object.is equality" type="AssertionError">
AssertionError: expected true to be false // Object.is equality

- Expected
+ Received

- false
+ true

 ❯ src/everything.spec.ts:8:18
            </failure>
        </testcase>
        <testcase classname="src/everything.spec.ts" name="describe 29 &gt; example test 28" time="0.000016125">
        </testcase>
        <testcase classname="src/everything.spec.ts" name="describe 29 &gt; example test 29" time="0.000064">
            <failure message="expected true to be false // Object.is equality" type="AssertionError">
AssertionError: expected true to be false // Object.is equality

- Expected
+ Received

- false
+ true

 ❯ src/everything.spec.ts:8:18
            </failure>
        </testcase>
        <testcase classname="src/everything.spec.ts" name="describe 29 &gt; example test 30" time="0.000017083">
        </testcase>
        <testcase classname="src/everything.spec.ts" name="describe 29 &gt; example test 31" time="0.000066417">
            <failure message="expected true to be false // Object.is equality" type="AssertionError">
AssertionError: expected true to be false // Object.is equality

- Expected
+ Received

- false
+ true

 ❯ src/everything.spec.ts:8:18
            </failure>
        </testcase>
        <testcase classname="src/everything.spec.ts" name="describe 29 &gt; example test 32" time="0.00001875">
        </testcase>
        <testcase classname="src/everything.spec.ts" name="describe 29 &gt; example test 33" time="0.000064292">
            <failure message="expected true to be false // Object.is equality" type="AssertionError">
AssertionError: expected true to be false // Object.is equality

- Expected
+ Received

- false
+ true

 ❯ src/everything.spec.ts:8:18
            </failure>
        </testcase>
        <testcase classname="src/everything.spec.ts" name="describe 29 &gt; example test 34" time="0.000016584">
        </testcase>
        <testcase classname="src/everything.spec.ts" name="describe 29 &gt; example test 35" time="0.0000635">
            <failure message="expected true to be false // Object.is equality" type="AssertionError">
AssertionError: expected true to be false // Object.is equality

- Expected
+ Received

- false
+ true

 ❯ src/everything.spec.ts:8:18
            </failure>
        </testcase>
        <testcase classname="src/everything.spec.ts" name="describe 29 &gt; example test 36" time="0.000016375">
        </testcase>
        <testcase classname="src/everything.spec.ts" name="describe 29 &gt; example test 37" time="0.000064208">
            <failure message="expected true to be false // Object.is equality" type="AssertionError">
AssertionError: expected true to be false // Object.is equality

- Expected
+ Received

- false
+ true

 ❯ src/everything.spec.ts:8:18
            </failure>
        </testcase>
        <testcase classname="src/everything.spec.ts" name="describe 29 &gt; example test 38" time="0.000016666">
        </testcase>
        <testcase classname="src/everything.spec.ts" name="describe 29 &gt; example test 39" time="0.000064125">
            <failure message="expected true to be false // Object.is equality" type="AssertionError">
AssertionError: expected true to be false // Object.is equality

- Expected
+ Received

- false
+ true

 ❯ src/everything.spec.ts:8:18
            </failure>
        </testcase>
        <testcase classname="src/everything.spec.ts" name="describe 29 &gt; example test 40" time="0.000016583">
        </testcase>
        <testcase classname="src/everything.spec.ts" name="describe 29 &gt; example test 41" time="0.000064041">
            <failure message="expected true to be false // Object.is equality" type="AssertionError">
AssertionError: expected true to be false // Object.is equality

- Expected
+ Received

- false
+ true

 ❯ src/everything.spec.ts:8:18
            </failure>
        </testcase>
        <testcase classname="src/everything.spec.ts" name="describe 29 &gt; example test 42" time="0.000016458">
        </testcase>
        <testcase classname="src/everything.spec.ts" name="describe 29 &gt; example test 43" time="0.000063583">
            <failure message="expected true to be false // Object.is equality" type="AssertionError">
AssertionError: expected true to be false // Object.is equality

- Expected
+ Received

- false
+ true

 ❯ src/everything.spec.ts:8:18
            </failure>
        </testcase>
        <testcase classname="src/everything.spec.ts" name="describe 29 &gt; example test 44" time="0.000016334">
        </testcase>
        <testcase classname="src/everything.spec.ts" name="describe 29 &gt; example test 45" time="0.000067125">
            <failure message="expected true to be false // Object.is equality" type="AssertionError">
AssertionError: expected true to be false // Object.is equality

- Expected
+ Received

- false
+ true

 ❯ src/everything.spec.ts:8:18
            </failure>
        </testcase>
        <testcase classname="src/everything.spec.ts" name="describe 29 &gt; example test 46" time="0.000018333">
        </testcase>
        <testcase classname="src/everything.spec.ts" name="describe 29 &gt; example test 47" time="0.00006825">
            <failure message="expected true to be false // Object.is equality" type="AssertionError">
AssertionError: expected true to be false // Object.is equality

- Expected
+ Received

- false
+ true

 ❯ src/everything.spec.ts:8:18
            </failure>
        </testcase>
        <testcase classname="src/everything.spec.ts" name="describe 29 &gt; example test 48" time="0.000016167">
        </testcase>
        <testcase classname="src/everything.spec.ts" name="describe 29 &gt; example test 49" time="0.000063875">
            <failure message="expected true to be false // Object.is equality" type="AssertionError">
AssertionError: expected true to be false // Object.is equality

- Expected
+ Received

- false
+ true

 ❯ src/everything.spec.ts:8:18
            </failure>
        </testcase>
        <testcase classname="src/everything.spec.ts" name="describe 29 &gt; example test 50" time="0.000018667">
        </testcase>
        <testcase classname="src/everything.spec.ts" name="describe 29 &gt; example test 51" time="0.000062584">
            <failure message="expected true to be false // Object.is equality" type="AssertionError">
AssertionError: expected true to be false // Object.is equality

- Expected
+ Received

- false
+ true

 ❯ src/everything.spec.ts:8:18
            </failure>
        </testcase>
        <testcase classname="src/everything.spec.ts" name="describe 29 &gt; example test 52" time="0.000016042">
        </testcase>
        <testcase classname="src/everything.spec.ts" name="describe 29 &gt; example test 53" time="0.000063583">
            <failure message="expected true to be false // Object.is equality" type="AssertionError">
AssertionError: expected true to be false // Object.is equality

- Expected
+ Received

- false
+ true

 ❯ src/everything.spec.ts:8:18
            </failure>
        </testcase>
        <testcase classname="src/everything.spec.ts" name="describe 29 &gt; example test 54" time="0.000016333">
        </testcase>
        <testcase classname="src/everything.spec.ts" name="describe 29 &gt; example test 55" time="0.000063292">
            <failure message="expected true to be false // Object.is equality" type="AssertionError">
AssertionError: expected true to be false // Object.is equality

- Expected
+ Received

- false
+ true

 ❯ src/everything.spec.ts:8:18
            </failure>
        </testcase>
        <testcase classname="src/everything.spec.ts" name="describe 29 &gt; example test 56" time="0.000019958">
        </testcase>
        <testcase classname="src/everything.spec.ts" name="describe 29 &gt; example test 57" time="0.000063459">
            <failure message="expected true to be false // Object.is equality" type="AssertionError">
AssertionError: expected true to be false // Object.is equality

- Expected
+ Received

- false
+ true

 ❯ src/everything.spec.ts:8:18
            </failure>
        </testcase>
        <testcase classname="src/everything.spec.ts" name="describe 29 &gt; example test 58" time="0.00001625">
        </testcase>
        <testcase classname="src/everything.spec.ts" name="describe 29 &gt; example test 59" time="0.000062583">
            <failure message="expected true to be false // Object.is equality" type="AssertionError">
AssertionError: expected true to be false // Object.is equality

- Expected
+ Received

- false
+ true

 ❯ src/everything.spec.ts:8:18
            </failure>
        </testcase>
        <testcase classname="src/everything.spec.ts" name="describe 29 &gt; example test 60" time="0.0000165">
        </testcase>
        <testcase classname="src/everything.spec.ts" name="describe 29 &gt; example test 61" time="0.00006325">
            <failure message="expected true to be false // Object.is equality" type="AssertionError">
AssertionError: expected true to be false // Object.is equality

- Expected
+ Received

- false
+ true

 ❯ src/everything.spec.ts:8:18
            </failure>
        </testcase>
        <testcase classname="src/everything.spec.ts" name="describe 29 &gt; example test 62" time="0.000017208">
        </testcase>
        <testcase classname="src/everything.spec.ts" name="describe 29 &gt; example test 63" time="0.000063916">
            <failure message="expected true to be false // Object.is equality" type="AssertionError">
AssertionError: expected true to be false // Object.is equality

- Expected
+ Received

- false
+ true

 ❯ src/everything.spec.ts:8:18
            </failure>
        </testcase>
        <testcase classname="src/everything.spec.ts" name="describe 29 &gt; example test 64" time="0.000017458">
        </testcase>
        <testcase classname="src/everything.spec.ts" name="describe 29 &gt; example test 65" time="0.000063375">
            <failure message="expected true to be false // Object.is equality" type="AssertionError">
AssertionError: expected true to be false // Object.is equality

- Expected
+ Received

- false
+ true

 ❯ src/everything.spec.ts:8:18
            </failure>
        </testcase>
        <testcase classname="src/everything.spec.ts" name="describe 29 &gt; example test 66" time="0.000015875">
        </testcase>
        <testcase classname="src/everything.spec.ts" name="describe 29 &gt; example test 67" time="0.000062916">
            <failure message="expected true to be false // Object.is equality" type="AssertionError">
AssertionError: expected true to be false // Object.is equality

- Expected
+ Received

- false
+ true

 ❯ src/everything.spec.ts:8:18
            </failure>
        </testcase>
        <testcase classname="src/everything.spec.ts" name="describe 29 &gt; example test 68" time="0.000016125">
        </testcase>
        <testcase classname="src/everything.spec.ts" name="describe 29 &gt; example test 69" time="0.000063791">
            <failure message="expected true to be false // Object.is equality" type="AssertionError">
AssertionError: expected true to be false // Object.is equality

- Expected
+ Received

- false
+ true

 ❯ src/everything.spec.ts:8:18
            </failure>
        </testcase>
        <testcase classname="src/everything.spec.ts" name="describe 29 &gt; example test 70" time="0.000015666">
        </testcase>
        <testcase classname="src/everything.spec.ts" name="describe 29 &gt; example test 71" time="0.000066041">
            <failure message="expected true to be false // Object.is equality" type="AssertionError">
AssertionError: expected true to be false // Object.is equality

- Expected
+ Received

- false
+ true

 ❯ src/everything.spec.ts:8:18
            </failure>
        </testcase>
        <testcase classname="src/everything.spec.ts" name="describe 29 &gt; example test 72" time="0.000016292">
        </testcase>
        <testcase classname="src/everything.spec.ts" name="describe 29 &gt; example test 73" time="0.000063375">
            <failure message="expected true to be false // Object.is equality" type="AssertionError">
AssertionError: expected true to be false // Object.is equality

- Expected
+ Received

- false
+ true

 ❯ src/everything.spec.ts:8:18
            </failure>
        </testcase>
        <testcase classname="src/everything.spec.ts" name="describe 29 &gt; example test 74" time="0.000016084">
        </testcase>
        <testcase classname="src/everything.spec.ts" name="describe 29 &gt; example test 75" time="0.000068125">
            <failure message="expected true to be false // Object.is equality" type="AssertionError">
AssertionError: expected true to be false // Object.is equality

- Expected
+ Received

- false
+ true

 ❯ src/everything.spec.ts:8:18
            </failure>
        </testcase>
        <testcase classname="src/everything.spec.ts" name="describe 29 &gt; example test 76" time="0.000016458">
        </testcase>
        <testcase classname="src/everything.spec.ts" name="describe 29 &gt; example test 77" time="0.000067375">
            <failure message="expected true to be false // Object.is equality" type="AssertionError">
AssertionError: expected true to be false // Object.is equality

- Expected
+ Received

- false
+ true

 ❯ src/everything.spec.ts:8:18
            </failure>
        </testcase>
        <testcase classname="src/everything.spec.ts" name="describe 29 &gt; example test 78" time="0.000015959">
        </testcase>
        <testcase classname="src/everything.spec.ts" name="describe 29 &gt; example test 79" time="0.000064792">
            <failure message="expected true to be false // Object.is equality" type="AssertionError">
AssertionError: expected true to be false // Object.is equality

- Expected
+ Received

- false
+ true

 ❯ src/everything.spec.ts:8:18
            </failure>
        </testcase>
        <testcase classname="src/everything.spec.ts" name="describe 29 &gt; example test 80" time="0.000016292">
        </testcase>
        <testcase classname="src/everything.spec.ts" name="describe 29 &gt; example test 81" time="0.000063416">
            <failure message="expected true to be false // Object.is equality" type="AssertionError">
AssertionError: expected true to be false // Object.is equality

- Expected
+ Received

- false
+ true

 ❯ src/everything.spec.ts:8:18
            </failure>
        </testcase>
        <testcase classname="src/everything.spec.ts" name="describe 29 &gt; example test 82" time="0.000016417">
        </testcase>
        <testcase classname="src/everything.spec.ts" name="describe 29 &gt; example test 83" time="0.000062375">
            <failure message="expected true to be false // Object.is equality" type="AssertionError">
AssertionError: expected true to be false // Object.is equality

- Expected
+ Received

- false
+ true

 ❯ src/everything.spec.ts:8:18
            </failure>
        </testcase>
        <testcase classname="src/everything.spec.ts" name="describe 29 &gt; example test 84" time="0.000016917">
        </testcase>
        <testcase classname="src/everything.spec.ts" name="describe 29 &gt; example test 85" time="0.000062416">
            <failure message="expected true to be false // Object.is equality" type="AssertionError">
AssertionError: expected true to be false // Object.is equality

- Expected
+ Received

- false
+ true

 ❯ src/everything.spec.ts:8:18
            </failure>
        </testcase>
        <testcase classname="src/everything.spec.ts" name="describe 29 &gt; example test 86" time="0.000016042">
        </testcase>
        <testcase classname="src/everything.spec.ts" name="describe 29 &gt; example test 87" time="0.000063833">
            <failure message="expected true to be false // Object.is equality" type="AssertionError">
AssertionError: expected true to be false // Object.is equality

- Expected
+ Received

- false
+ true

 ❯ src/everything.spec.ts:8:18
            </failure>
        </testcase>
        <testcase classname="src/everything.spec.ts" name="describe 29 &gt; example test 88" time="0.000017792">
        </testcase>
        <testcase classname="src/everything.spec.ts" name="describe 29 &gt; example test 89" time="0.000062583">
            <failure message="expected true to be false // Object.is equality" type="AssertionError">
AssertionError: expected true to be false // Object.is equality

- Expected
+ Received

- false
+ true

 ❯ src/everything.spec.ts:8:18
            </failure>
        </testcase>
        <testcase classname="src/everything.spec.ts" name="describe 29 &gt; example test 90" time="0.0000165">
        </testcase>
        <testcase classname="src/everything.spec.ts" name="describe 29 &gt; example test 91" time="0.000065625">
            <failure message="expected true to be false // Object.is equality" type="AssertionError">
AssertionError: expected true to be false // Object.is equality

- Expected
+ Received

- false
+ true

 ❯ src/everything.spec.ts:8:18
            </failure>
        </testcase>
        <testcase classname="src/everything.spec.ts" name="describe 29 &gt; example test 92" time="0.000015333">
        </testcase>
        <testcase classname="src/everything.spec.ts" name="describe 29 &gt; example test 93" time="0.000062458">
            <failure message="expected true to be false // Object.is equality" type="AssertionError">
AssertionError: expected true to be false // Object.is equality

- Expected
+ Received

- false
+ true

 ❯ src/everything.spec.ts:8:18
            </failure>
        </testcase>
        <testcase classname="src/everything.spec.ts" name="describe 29 &gt; example test 94" time="0.000017208">
        </testcase>
        <testcase classname="src/everything.spec.ts" name="describe 29 &gt; example test 95" time="0.000063416">
            <failure message="expected true to be false // Object.is equality" type="AssertionError">
AssertionError: expected true to be false // Object.is equality

- Expected
+ Received

- false
+ true

 ❯ src/everything.spec.ts:8:18
            </failure>
        </testcase>
        <testcase classname="src/everything.spec.ts" name="describe 29 &gt; example test 96" time="0.000015792">
        </testcase>
        <testcase classname="src/everything.spec.ts" name="describe 29 &gt; example test 97" time="0.000064667">
            <failure message="expected true to be false // Object.is equality" type="AssertionError">
AssertionError: expected true to be false // Object.is equality

- Expected
+ Received

- false
+ true

 ❯ src/everything.spec.ts:8:18
            </failure>
        </testcase>
        <testcase classname="src/everything.spec.ts" name="describe 29 &gt; example test 98" time="0.00001525">
        </testcase>
        <testcase classname="src/everything.spec.ts" name="describe 29 &gt; example test 99" time="0.000063417">
            <failure message="expected true to be false // Object.is equality" type="AssertionError">
AssertionError: expected true to be false // Object.is equality

- Expected
+ Received

- false
+ true

 ❯ src/everything.spec.ts:8:18
            </failure>
        </testcase>
        <testcase classname="src/everything.spec.ts" name="describe 29 &gt; example test 100" time="0.000015708">
        </testcase>
        <testcase classname="src/everything.spec.ts" name="describe 30 &gt; example test 1" time="0.000065083">
            <failure message="expected true to be false // Object.is equality" type="AssertionError">
AssertionError: expected true to be false // Object.is equality

- Expected
+ Received

- false
+ true

 ❯ src/everything.spec.ts:8:18
            </failure>
        </testcase>
        <testcase classname="src/everything.spec.ts" name="describe 30 &gt; example test 2" time="0.000016">
        </testcase>
        <testcase classname="src/everything.spec.ts" name="describe 30 &gt; example test 3" time="0.000064042">
            <failure message="expected true to be false // Object.is equality" type="AssertionError">
AssertionError: expected true to be false // Object.is equality

- Expected
+ Received

- false
+ true

 ❯ src/everything.spec.ts:8:18
            </failure>
        </testcase>
        <testcase classname="src/everything.spec.ts" name="describe 30 &gt; example test 4" time="0.000015958">
        </testcase>
        <testcase classname="src/everything.spec.ts" name="describe 30 &gt; example test 5" time="0.000062208">
            <failure message="expected true to be false // Object.is equality" type="AssertionError">
AssertionError: expected true to be false // Object.is equality

- Expected
+ Received

- false
+ true

 ❯ src/everything.spec.ts:8:18
            </failure>
        </testcase>
        <testcase classname="src/everything.spec.ts" name="describe 30 &gt; example test 6" time="0.000015875">
        </testcase>
        <testcase classname="src/everything.spec.ts" name="describe 30 &gt; example test 7" time="0.000063458">
            <failure message="expected true to be false // Object.is equality" type="AssertionError">
AssertionError: expected true to be false // Object.is equality

- Expected
+ Received

- false
+ true

 ❯ src/everything.spec.ts:8:18
            </failure>
        </testcase>
        <testcase classname="src/everything.spec.ts" name="describe 30 &gt; example test 8" time="0.000017541">
        </testcase>
        <testcase classname="src/everything.spec.ts" name="describe 30 &gt; example test 9" time="0.000062042">
            <failure message="expected true to be false // Object.is equality" type="AssertionError">
AssertionError: expected true to be false // Object.is equality

- Expected
+ Received

- false
+ true

 ❯ src/everything.spec.ts:8:18
            </failure>
        </testcase>
        <testcase classname="src/everything.spec.ts" name="describe 30 &gt; example test 10" time="0.000018625">
        </testcase>
        <testcase classname="src/everything.spec.ts" name="describe 30 &gt; example test 11" time="0.000063833">
            <failure message="expected true to be false // Object.is equality" type="AssertionError">
AssertionError: expected true to be false // Object.is equality

- Expected
+ Received

- false
+ true

 ❯ src/everything.spec.ts:8:18
            </failure>
        </testcase>
        <testcase classname="src/everything.spec.ts" name="describe 30 &gt; example test 12" time="0.000017042">
        </testcase>
        <testcase classname="src/everything.spec.ts" name="describe 30 &gt; example test 13" time="0.000065167">
            <failure message="expected true to be false // Object.is equality" type="AssertionError">
AssertionError: expected true to be false // Object.is equality

- Expected
+ Received

- false
+ true

 ❯ src/everything.spec.ts:8:18
            </failure>
        </testcase>
        <testcase classname="src/everything.spec.ts" name="describe 30 &gt; example test 14" time="0.0000165">
        </testcase>
        <testcase classname="src/everything.spec.ts" name="describe 30 &gt; example test 15" time="0.000066875">
            <failure message="expected true to be false // Object.is equality" type="AssertionError">
AssertionError: expected true to be false // Object.is equality

- Expected
+ Received

- false
+ true

 ❯ src/everything.spec.ts:8:18
            </failure>
        </testcase>
        <testcase classname="src/everything.spec.ts" name="describe 30 &gt; example test 16" time="0.000016083">
        </testcase>
        <testcase classname="src/everything.spec.ts" name="describe 30 &gt; example test 17" time="0.000062375">
            <failure message="expected true to be false // Object.is equality" type="AssertionError">
AssertionError: expected true to be false // Object.is equality

- Expected
+ Received

- false
+ true

 ❯ src/everything.spec.ts:8:18
            </failure>
        </testcase>
        <testcase classname="src/everything.spec.ts" name="describe 30 &gt; example test 18" time="0.000016375">
        </testcase>
        <testcase classname="src/everything.spec.ts" name="describe 30 &gt; example test 19" time="0.000063792">
            <failure message="expected true to be false // Object.is equality" type="AssertionError">
AssertionError: expected true to be false // Object.is equality

- Expected
+ Received

- false
+ true

 ❯ src/everything.spec.ts:8:18
            </failure>
        </testcase>
        <testcase classname="src/everything.spec.ts" name="describe 30 &gt; example test 20" time="0.000019416">
        </testcase>
        <testcase classname="src/everything.spec.ts" name="describe 30 &gt; example test 21" time="0.000063792">
            <failure message="expected true to be false // Object.is equality" type="AssertionError">
AssertionError: expected true to be false // Object.is equality

- Expected
+ Received

- false
+ true

 ❯ src/everything.spec.ts:8:18
            </failure>
        </testcase>
        <testcase classname="src/everything.spec.ts" name="describe 30 &gt; example test 22" time="0.00001625">
        </testcase>
        <testcase classname="src/everything.spec.ts" name="describe 30 &gt; example test 23" time="0.000063583">
            <failure message="expected true to be false // Object.is equality" type="AssertionError">
AssertionError: expected true to be false // Object.is equality

- Expected
+ Received

- false
+ true

 ❯ src/everything.spec.ts:8:18
            </failure>
        </testcase>
        <testcase classname="src/everything.spec.ts" name="describe 30 &gt; example test 24" time="0.0000165">
        </testcase>
        <testcase classname="src/everything.spec.ts" name="describe 30 &gt; example test 25" time="0.00006275">
            <failure message="expected true to be false // Object.is equality" type="AssertionError">
AssertionError: expected true to be false // Object.is equality

- Expected
+ Received

- false
+ true

 ❯ src/everything.spec.ts:8:18
            </failure>
        </testcase>
        <testcase classname="src/everything.spec.ts" name="describe 30 &gt; example test 26" time="0.000017625">
        </testcase>
        <testcase classname="src/everything.spec.ts" name="describe 30 &gt; example test 27" time="0.000062708">
            <failure message="expected true to be false // Object.is equality" type="AssertionError">
AssertionError: expected true to be false // Object.is equality

- Expected
+ Received

- false
+ true

 ❯ src/everything.spec.ts:8:18
            </failure>
        </testcase>
        <testcase classname="src/everything.spec.ts" name="describe 30 &gt; example test 28" time="0.000021041">
        </testcase>
        <testcase classname="src/everything.spec.ts" name="describe 30 &gt; example test 29" time="0.000063209">
            <failure message="expected true to be false // Object.is equality" type="AssertionError">
AssertionError: expected true to be false // Object.is equality

- Expected
+ Received

- false
+ true

 ❯ src/everything.spec.ts:8:18
            </failure>
        </testcase>
        <testcase classname="src/everything.spec.ts" name="describe 30 &gt; example test 30" time="0.000017166">
        </testcase>
        <testcase classname="src/everything.spec.ts" name="describe 30 &gt; example test 31" time="0.000063375">
            <failure message="expected true to be false // Object.is equality" type="AssertionError">
AssertionError: expected true to be false // Object.is equality

- Expected
+ Received

- false
+ true

 ❯ src/everything.spec.ts:8:18
            </failure>
        </testcase>
        <testcase classname="src/everything.spec.ts" name="describe 30 &gt; example test 32" time="0.000016417">
        </testcase>
        <testcase classname="src/everything.spec.ts" name="describe 30 &gt; example test 33" time="0.000062375">
            <failure message="expected true to be false // Object.is equality" type="AssertionError">
AssertionError: expected true to be false // Object.is equality

- Expected
+ Received

- false
+ true

 ❯ src/everything.spec.ts:8:18
            </failure>
        </testcase>
        <testcase classname="src/everything.spec.ts" name="describe 30 &gt; example test 34" time="0.000016958">
        </testcase>
        <testcase classname="src/everything.spec.ts" name="describe 30 &gt; example test 35" time="0.000062542">
            <failure message="expected true to be false // Object.is equality" type="AssertionError">
AssertionError: expected true to be false // Object.is equality

- Expected
+ Received

- false
+ true

 ❯ src/everything.spec.ts:8:18
            </failure>
        </testcase>
        <testcase classname="src/everything.spec.ts" name="describe 30 &gt; example test 36" time="0.000017292">
        </testcase>
        <testcase classname="src/everything.spec.ts" name="describe 30 &gt; example test 37" time="0.000062833">
            <failure message="expected true to be false // Object.is equality" type="AssertionError">
AssertionError: expected true to be false // Object.is equality

- Expected
+ Received

- false
+ true

 ❯ src/everything.spec.ts:8:18
            </failure>
        </testcase>
        <testcase classname="src/everything.spec.ts" name="describe 30 &gt; example test 38" time="0.000016958">
        </testcase>
        <testcase classname="src/everything.spec.ts" name="describe 30 &gt; example test 39" time="0.00006675">
            <failure message="expected true to be false // Object.is equality" type="AssertionError">
AssertionError: expected true to be false // Object.is equality

- Expected
+ Received

- false
+ true

 ❯ src/everything.spec.ts:8:18
            </failure>
        </testcase>
        <testcase classname="src/everything.spec.ts" name="describe 30 &gt; example test 40" time="0.000016">
        </testcase>
        <testcase classname="src/everything.spec.ts" name="describe 30 &gt; example test 41" time="0.000061625">
            <failure message="expected true to be false // Object.is equality" type="AssertionError">
AssertionError: expected true to be false // Object.is equality

- Expected
+ Received

- false
+ true

 ❯ src/everything.spec.ts:8:18
            </failure>
        </testcase>
        <testcase classname="src/everything.spec.ts" name="describe 30 &gt; example test 42" time="0.000018458">
        </testcase>
        <testcase classname="src/everything.spec.ts" name="describe 30 &gt; example test 43" time="0.000065375">
            <failure message="expected true to be false // Object.is equality" type="AssertionError">
AssertionError: expected true to be false // Object.is equality

- Expected
+ Received

- false
+ true

 ❯ src/everything.spec.ts:8:18
            </failure>
        </testcase>
        <testcase classname="src/everything.spec.ts" name="describe 30 &gt; example test 44" time="0.000021084">
        </testcase>
        <testcase classname="src/everything.spec.ts" name="describe 30 &gt; example test 45" time="0.000064083">
            <failure message="expected true to be false // Object.is equality" type="AssertionError">
AssertionError: expected true to be false // Object.is equality

- Expected
+ Received

- false
+ true

 ❯ src/everything.spec.ts:8:18
            </failure>
        </testcase>
        <testcase classname="src/everything.spec.ts" name="describe 30 &gt; example test 46" time="0.000016583">
        </testcase>
        <testcase classname="src/everything.spec.ts" name="describe 30 &gt; example test 47" time="0.000062542">
            <failure message="expected true to be false // Object.is equality" type="AssertionError">
AssertionError: expected true to be false // Object.is equality

- Expected
+ Received

- false
+ true

 ❯ src/everything.spec.ts:8:18
            </failure>
        </testcase>
        <testcase classname="src/everything.spec.ts" name="describe 30 &gt; example test 48" time="0.000016208">
        </testcase>
        <testcase classname="src/everything.spec.ts" name="describe 30 &gt; example test 49" time="0.00006325">
            <failure message="expected true to be false // Object.is equality" type="AssertionError">
AssertionError: expected true to be false // Object.is equality

- Expected
+ Received

- false
+ true

 ❯ src/everything.spec.ts:8:18
            </failure>
        </testcase>
        <testcase classname="src/everything.spec.ts" name="describe 30 &gt; example test 50" time="0.000016417">
        </testcase>
        <testcase classname="src/everything.spec.ts" name="describe 30 &gt; example test 51" time="0.00006275">
            <failure message="expected true to be false // Object.is equality" type="AssertionError">
AssertionError: expected true to be false // Object.is equality

- Expected
+ Received

- false
+ true

 ❯ src/everything.spec.ts:8:18
            </failure>
        </testcase>
        <testcase classname="src/everything.spec.ts" name="describe 30 &gt; example test 52" time="0.000017667">
        </testcase>
        <testcase classname="src/everything.spec.ts" name="describe 30 &gt; example test 53" time="0.000063458">
            <failure message="expected true to be false // Object.is equality" type="AssertionError">
AssertionError: expected true to be false // Object.is equality

- Expected
+ Received

- false
+ true

 ❯ src/everything.spec.ts:8:18
            </failure>
        </testcase>
        <testcase classname="src/everything.spec.ts" name="describe 30 &gt; example test 54" time="0.000016208">
        </testcase>
        <testcase classname="src/everything.spec.ts" name="describe 30 &gt; example test 55" time="0.00006275">
            <failure message="expected true to be false // Object.is equality" type="AssertionError">
AssertionError: expected true to be false // Object.is equality

- Expected
+ Received

- false
+ true

 ❯ src/everything.spec.ts:8:18
            </failure>
        </testcase>
        <testcase classname="src/everything.spec.ts" name="describe 30 &gt; example test 56" time="0.00001625">
        </testcase>
        <testcase classname="src/everything.spec.ts" name="describe 30 &gt; example test 57" time="0.000063208">
            <failure message="expected true to be false // Object.is equality" type="AssertionError">
AssertionError: expected true to be false // Object.is equality

- Expected
+ Received

- false
+ true

 ❯ src/everything.spec.ts:8:18
            </failure>
        </testcase>
        <testcase classname="src/everything.spec.ts" name="describe 30 &gt; example test 58" time="0.000016166">
        </testcase>
        <testcase classname="src/everything.spec.ts" name="describe 30 &gt; example test 59" time="0.000062709">
            <failure message="expected true to be false // Object.is equality" type="AssertionError">
AssertionError: expected true to be false // Object.is equality

- Expected
+ Received

- false
+ true

 ❯ src/everything.spec.ts:8:18
            </failure>
        </testcase>
        <testcase classname="src/everything.spec.ts" name="describe 30 &gt; example test 60" time="0.000016208">
        </testcase>
        <testcase classname="src/everything.spec.ts" name="describe 30 &gt; example test 61" time="0.00006625">
            <failure message="expected true to be false // Object.is equality" type="AssertionError">
AssertionError: expected true to be false // Object.is equality

- Expected
+ Received

- false
+ true

 ❯ src/everything.spec.ts:8:18
            </failure>
        </testcase>
        <testcase classname="src/everything.spec.ts" name="describe 30 &gt; example test 62" time="0.000016291">
        </testcase>
        <testcase classname="src/everything.spec.ts" name="describe 30 &gt; example test 63" time="0.00006225">
            <failure message="expected true to be false // Object.is equality" type="AssertionError">
AssertionError: expected true to be false // Object.is equality

- Expected
+ Received

- false
+ true

 ❯ src/everything.spec.ts:8:18
            </failure>
        </testcase>
        <testcase classname="src/everything.spec.ts" name="describe 30 &gt; example test 64" time="0.000016333">
        </testcase>
        <testcase classname="src/everything.spec.ts" name="describe 30 &gt; example test 65" time="0.000064709">
            <failure message="expected true to be false // Object.is equality" type="AssertionError">
AssertionError: expected true to be false // Object.is equality

- Expected
+ Received

- false
+ true

 ❯ src/everything.spec.ts:8:18
            </failure>
        </testcase>
        <testcase classname="src/everything.spec.ts" name="describe 30 &gt; example test 66" time="0.000036167">
        </testcase>
        <testcase classname="src/everything.spec.ts" name="describe 30 &gt; example test 67" time="0.000063708">
            <failure message="expected true to be false // Object.is equality" type="AssertionError">
AssertionError: expected true to be false // Object.is equality

- Expected
+ Received

- false
+ true

 ❯ src/everything.spec.ts:8:18
            </failure>
        </testcase>
        <testcase classname="src/everything.spec.ts" name="describe 30 &gt; example test 68" time="0.00001625">
        </testcase>
        <testcase classname="src/everything.spec.ts" name="describe 30 &gt; example test 69" time="0.000063375">
            <failure message="expected true to be false // Object.is equality" type="AssertionError">
AssertionError: expected true to be false // Object.is equality

- Expected
+ Received

- false
+ true

 ❯ src/everything.spec.ts:8:18
            </failure>
        </testcase>
        <testcase classname="src/everything.spec.ts" name="describe 30 &gt; example test 70" time="0.000016">
        </testcase>
        <testcase classname="src/everything.spec.ts" name="describe 30 &gt; example test 71" time="0.000064042">
            <failure message="expected true to be false // Object.is equality" type="AssertionError">
AssertionError: expected true to be false // Object.is equality

- Expected
+ Received

- false
+ true

 ❯ src/everything.spec.ts:8:18
            </failure>
        </testcase>
        <testcase classname="src/everything.spec.ts" name="describe 30 &gt; example test 72" time="0.000016667">
        </testcase>
        <testcase classname="src/everything.spec.ts" name="describe 30 &gt; example test 73" time="0.000074166">
            <failure message="expected true to be false // Object.is equality" type="AssertionError">
AssertionError: expected true to be false // Object.is equality

- Expected
+ Received

- false
+ true

 ❯ src/everything.spec.ts:8:18
            </failure>
        </testcase>
        <testcase classname="src/everything.spec.ts" name="describe 30 &gt; example test 74" time="0.000016125">
        </testcase>
        <testcase classname="src/everything.spec.ts" name="describe 30 &gt; example test 75" time="0.000063208">
            <failure message="expected true to be false // Object.is equality" type="AssertionError">
AssertionError: expected true to be false // Object.is equality

- Expected
+ Received

- false
+ true

 ❯ src/everything.spec.ts:8:18
            </failure>
        </testcase>
        <testcase classname="src/everything.spec.ts" name="describe 30 &gt; example test 76" time="0.000016125">
        </testcase>
        <testcase classname="src/everything.spec.ts" name="describe 30 &gt; example test 77" time="0.000063125">
            <failure message="expected true to be false // Object.is equality" type="AssertionError">
AssertionError: expected true to be false // Object.is equality

- Expected
+ Received

- false
+ true

 ❯ src/everything.spec.ts:8:18
            </failure>
        </testcase>
        <testcase classname="src/everything.spec.ts" name="describe 30 &gt; example test 78" time="0.000016875">
        </testcase>
        <testcase classname="src/everything.spec.ts" name="describe 30 &gt; example test 79" time="0.000076291">
            <failure message="expected true to be false // Object.is equality" type="AssertionError">
AssertionError: expected true to be false // Object.is equality

- Expected
+ Received

- false
+ true

 ❯ src/everything.spec.ts:8:18
            </failure>
        </testcase>
        <testcase classname="src/everything.spec.ts" name="describe 30 &gt; example test 80" time="0.000019375">
        </testcase>
        <testcase classname="src/everything.spec.ts" name="describe 30 &gt; example test 81" time="0.0000645">
            <failure message="expected true to be false // Object.is equality" type="AssertionError">
AssertionError: expected true to be false // Object.is equality

- Expected
+ Received

- false
+ true

 ❯ src/everything.spec.ts:8:18
            </failure>
        </testcase>
        <testcase classname="src/everything.spec.ts" name="describe 30 &gt; example test 82" time="0.000016209">
        </testcase>
        <testcase classname="src/everything.spec.ts" name="describe 30 &gt; example test 83" time="0.000082916">
            <failure message="expected true to be false // Object.is equality" type="AssertionError">
AssertionError: expected true to be false // Object.is equality

- Expected
+ Received

- false
+ true

 ❯ src/everything.spec.ts:8:18
            </failure>
        </testcase>
        <testcase classname="src/everything.spec.ts" name="describe 30 &gt; example test 84" time="0.000024166">
        </testcase>
        <testcase classname="src/everything.spec.ts" name="describe 30 &gt; example test 85" time="0.000066125">
            <failure message="expected true to be false // Object.is equality" type="AssertionError">
AssertionError: expected true to be false // Object.is equality

- Expected
+ Received

- false
+ true

 ❯ src/everything.spec.ts:8:18
            </failure>
        </testcase>
        <testcase classname="src/everything.spec.ts" name="describe 30 &gt; example test 86" time="0.000016417">
        </testcase>
        <testcase classname="src/everything.spec.ts" name="describe 30 &gt; example test 87" time="0.000063291">
            <failure message="expected true to be false // Object.is equality" type="AssertionError">
AssertionError: expected true to be false // Object.is equality

- Expected
+ Received

- false
+ true

 ❯ src/everything.spec.ts:8:18
            </failure>
        </testcase>
        <testcase classname="src/everything.spec.ts" name="describe 30 &gt; example test 88" time="0.000016708">
        </testcase>
        <testcase classname="src/everything.spec.ts" name="describe 30 &gt; example test 89" time="0.000065542">
            <failure message="expected true to be false // Object.is equality" type="AssertionError">
AssertionError: expected true to be false // Object.is equality

- Expected
+ Received

- false
+ true

 ❯ src/everything.spec.ts:8:18
            </failure>
        </testcase>
        <testcase classname="src/everything.spec.ts" name="describe 30 &gt; example test 90" time="0.000016542">
        </testcase>
        <testcase classname="src/everything.spec.ts" name="describe 30 &gt; example test 91" time="0.00006375">
            <failure message="expected true to be false // Object.is equality" type="AssertionError">
AssertionError: expected true to be false // Object.is equality

- Expected
+ Received

- false
+ true

 ❯ src/everything.spec.ts:8:18
            </failure>
        </testcase>
        <testcase classname="src/everything.spec.ts" name="describe 30 &gt; example test 92" time="0.000016666">
        </testcase>
        <testcase classname="src/everything.spec.ts" name="describe 30 &gt; example test 93" time="0.000062459">
            <failure message="expected true to be false // Object.is equality" type="AssertionError">
AssertionError: expected true to be false // Object.is equality

- Expected
+ Received

- false
+ true

 ❯ src/everything.spec.ts:8:18
            </failure>
        </testcase>
        <testcase classname="src/everything.spec.ts" name="describe 30 &gt; example test 94" time="0.0000165">
        </testcase>
        <testcase classname="src/everything.spec.ts" name="describe 30 &gt; example test 95" time="0.000062625">
            <failure message="expected true to be false // Object.is equality" type="AssertionError">
AssertionError: expected true to be false // Object.is equality

- Expected
+ Received

- false
+ true

 ❯ src/everything.spec.ts:8:18
            </failure>
        </testcase>
        <testcase classname="src/everything.spec.ts" name="describe 30 &gt; example test 96" time="0.00001675">
        </testcase>
        <testcase classname="src/everything.spec.ts" name="describe 30 &gt; example test 97" time="0.00006575">
            <failure message="expected true to be false // Object.is equality" type="AssertionError">
AssertionError: expected true to be false // Object.is equality

- Expected
+ Received

- false
+ true

 ❯ src/everything.spec.ts:8:18
            </failure>
        </testcase>
        <testcase classname="src/everything.spec.ts" name="describe 30 &gt; example test 98" time="0.000016375">
        </testcase>
        <testcase classname="src/everything.spec.ts" name="describe 30 &gt; example test 99" time="0.000062625">
            <failure message="expected true to be false // Object.is equality" type="AssertionError">
AssertionError: expected true to be false // Object.is equality

- Expected
+ Received

- false
+ true

 ❯ src/everything.spec.ts:8:18
            </failure>
        </testcase>
        <testcase classname="src/everything.spec.ts" name="describe 30 &gt; example test 100" time="0.000018375">
        </testcase>
        <testcase classname="src/everything.spec.ts" name="describe 31 &gt; example test 1" time="0.000097209">
            <failure message="expected true to be false // Object.is equality" type="AssertionError">
AssertionError: expected true to be false // Object.is equality

- Expected
+ Received

- false
+ true

 ❯ src/everything.spec.ts:8:18
            </failure>
        </testcase>
        <testcase classname="src/everything.spec.ts" name="describe 31 &gt; example test 2" time="0.000023875">
        </testcase>
        <testcase classname="src/everything.spec.ts" name="describe 31 &gt; example test 3" time="0.000071416">
            <failure message="expected true to be false // Object.is equality" type="AssertionError">
AssertionError: expected true to be false // Object.is equality

- Expected
+ Received

- false
+ true

 ❯ src/everything.spec.ts:8:18
            </failure>
        </testcase>
        <testcase classname="src/everything.spec.ts" name="describe 31 &gt; example test 4" time="0.000055334">
        </testcase>
        <testcase classname="src/everything.spec.ts" name="describe 31 &gt; example test 5" time="0.00008025">
            <failure message="expected true to be false // Object.is equality" type="AssertionError">
AssertionError: expected true to be false // Object.is equality

- Expected
+ Received

- false
+ true

 ❯ src/everything.spec.ts:8:18
            </failure>
        </testcase>
        <testcase classname="src/everything.spec.ts" name="describe 31 &gt; example test 6" time="0.000020792">
        </testcase>
        <testcase classname="src/everything.spec.ts" name="describe 31 &gt; example test 7" time="0.000077208">
            <failure message="expected true to be false // Object.is equality" type="AssertionError">
AssertionError: expected true to be false // Object.is equality

- Expected
+ Received

- false
+ true

 ❯ src/everything.spec.ts:8:18
            </failure>
        </testcase>
        <testcase classname="src/everything.spec.ts" name="describe 31 &gt; example test 8" time="0.000018042">
        </testcase>
        <testcase classname="src/everything.spec.ts" name="describe 31 &gt; example test 9" time="0.000078084">
            <failure message="expected true to be false // Object.is equality" type="AssertionError">
AssertionError: expected true to be false // Object.is equality

- Expected
+ Received

- false
+ true

 ❯ src/everything.spec.ts:8:18
            </failure>
        </testcase>
        <testcase classname="src/everything.spec.ts" name="describe 31 &gt; example test 10" time="0.000021709">
        </testcase>
        <testcase classname="src/everything.spec.ts" name="describe 31 &gt; example test 11" time="0.000133209">
            <failure message="expected true to be false // Object.is equality" type="AssertionError">
AssertionError: expected true to be false // Object.is equality

- Expected
+ Received

- false
+ true

 ❯ src/everything.spec.ts:8:18
            </failure>
        </testcase>
        <testcase classname="src/everything.spec.ts" name="describe 31 &gt; example test 12" time="0.0000185">
        </testcase>
        <testcase classname="src/everything.spec.ts" name="describe 31 &gt; example test 13" time="0.000069167">
            <failure message="expected true to be false // Object.is equality" type="AssertionError">
AssertionError: expected true to be false // Object.is equality

- Expected
+ Received

- false
+ true

 ❯ src/everything.spec.ts:8:18
            </failure>
        </testcase>
        <testcase classname="src/everything.spec.ts" name="describe 31 &gt; example test 14" time="0.0000175">
        </testcase>
        <testcase classname="src/everything.spec.ts" name="describe 31 &gt; example test 15" time="0.000084833">
            <failure message="expected true to be false // Object.is equality" type="AssertionError">
AssertionError: expected true to be false // Object.is equality

- Expected
+ Received

- false
+ true

 ❯ src/everything.spec.ts:8:18
            </failure>
        </testcase>
        <testcase classname="src/everything.spec.ts" name="describe 31 &gt; example test 16" time="0.000017625">
        </testcase>
        <testcase classname="src/everything.spec.ts" name="describe 31 &gt; example test 17" time="0.000067459">
            <failure message="expected true to be false // Object.is equality" type="AssertionError">
AssertionError: expected true to be false // Object.is equality

- Expected
+ Received

- false
+ true

 ❯ src/everything.spec.ts:8:18
            </failure>
        </testcase>
        <testcase classname="src/everything.spec.ts" name="describe 31 &gt; example test 18" time="0.000019333">
        </testcase>
        <testcase classname="src/everything.spec.ts" name="describe 31 &gt; example test 19" time="0.000069">
            <failure message="expected true to be false // Object.is equality" type="AssertionError">
AssertionError: expected true to be false // Object.is equality

- Expected
+ Received

- false
+ true

 ❯ src/everything.spec.ts:8:18
            </failure>
        </testcase>
        <testcase classname="src/everything.spec.ts" name="describe 31 &gt; example test 20" time="0.000017042">
        </testcase>
        <testcase classname="src/everything.spec.ts" name="describe 31 &gt; example test 21" time="0.000067">
            <failure message="expected true to be false // Object.is equality" type="AssertionError">
AssertionError: expected true to be false // Object.is equality

- Expected
+ Received

- false
+ true

 ❯ src/everything.spec.ts:8:18
            </failure>
        </testcase>
        <testcase classname="src/everything.spec.ts" name="describe 31 &gt; example test 22" time="0.000017208">
        </testcase>
        <testcase classname="src/everything.spec.ts" name="describe 31 &gt; example test 23" time="0.000160208">
            <failure message="expected true to be false // Object.is equality" type="AssertionError">
AssertionError: expected true to be false // Object.is equality

- Expected
+ Received

- false
+ true

 ❯ src/everything.spec.ts:8:18
            </failure>
        </testcase>
        <testcase classname="src/everything.spec.ts" name="describe 31 &gt; example test 24" time="0.000043834">
        </testcase>
        <testcase classname="src/everything.spec.ts" name="describe 31 &gt; example test 25" time="0.00012625">
            <failure message="expected true to be false // Object.is equality" type="AssertionError">
AssertionError: expected true to be false // Object.is equality

- Expected
+ Received

- false
+ true

 ❯ src/everything.spec.ts:8:18
            </failure>
        </testcase>
        <testcase classname="src/everything.spec.ts" name="describe 31 &gt; example test 26" time="0.000022542">
        </testcase>
        <testcase classname="src/everything.spec.ts" name="describe 31 &gt; example test 27" time="0.000122416">
            <failure message="expected true to be false // Object.is equality" type="AssertionError">
AssertionError: expected true to be false // Object.is equality

- Expected
+ Received

- false
+ true

 ❯ src/everything.spec.ts:8:18
            </failure>
        </testcase>
        <testcase classname="src/everything.spec.ts" name="describe 31 &gt; example test 28" time="0.000020125">
        </testcase>
        <testcase classname="src/everything.spec.ts" name="describe 31 &gt; example test 29" time="0.000079375">
            <failure message="expected true to be false // Object.is equality" type="AssertionError">
AssertionError: expected true to be false // Object.is equality

- Expected
+ Received

- false
+ true

 ❯ src/everything.spec.ts:8:18
            </failure>
        </testcase>
        <testcase classname="src/everything.spec.ts" name="describe 31 &gt; example test 30" time="0.000018875">
        </testcase>
        <testcase classname="src/everything.spec.ts" name="describe 31 &gt; example test 31" time="0.000075625">
            <failure message="expected true to be false // Object.is equality" type="AssertionError">
AssertionError: expected true to be false // Object.is equality

- Expected
+ Received

- false
+ true

 ❯ src/everything.spec.ts:8:18
            </failure>
        </testcase>
        <testcase classname="src/everything.spec.ts" name="describe 31 &gt; example test 32" time="0.000018458">
        </testcase>
        <testcase classname="src/everything.spec.ts" name="describe 31 &gt; example test 33" time="0.000073083">
            <failure message="expected true to be false // Object.is equality" type="AssertionError">
AssertionError: expected true to be false // Object.is equality

- Expected
+ Received

- false
+ true

 ❯ src/everything.spec.ts:8:18
            </failure>
        </testcase>
        <testcase classname="src/everything.spec.ts" name="describe 31 &gt; example test 34" time="0.000017958">
        </testcase>
        <testcase classname="src/everything.spec.ts" name="describe 31 &gt; example test 35" time="0.000078792">
            <failure message="expected true to be false // Object.is equality" type="AssertionError">
AssertionError: expected true to be false // Object.is equality

- Expected
+ Received

- false
+ true

 ❯ src/everything.spec.ts:8:18
            </failure>
        </testcase>
        <testcase classname="src/everything.spec.ts" name="describe 31 &gt; example test 36" time="0.000017042">
        </testcase>
        <testcase classname="src/everything.spec.ts" name="describe 31 &gt; example test 37" time="0.000081292">
            <failure message="expected true to be false // Object.is equality" type="AssertionError">
AssertionError: expected true to be false // Object.is equality

- Expected
+ Received

- false
+ true

 ❯ src/everything.spec.ts:8:18
            </failure>
        </testcase>
        <testcase classname="src/everything.spec.ts" name="describe 31 &gt; example test 38" time="0.000017583">
        </testcase>
        <testcase classname="src/everything.spec.ts" name="describe 31 &gt; example test 39" time="0.00008375">
            <failure message="expected true to be false // Object.is equality" type="AssertionError">
AssertionError: expected true to be false // Object.is equality

- Expected
+ Received

- false
+ true

 ❯ src/everything.spec.ts:8:18
            </failure>
        </testcase>
        <testcase classname="src/everything.spec.ts" name="describe 31 &gt; example test 40" time="0.000017625">
        </testcase>
        <testcase classname="src/everything.spec.ts" name="describe 31 &gt; example test 41" time="0.000069625">
            <failure message="expected true to be false // Object.is equality" type="AssertionError">
AssertionError: expected true to be false // Object.is equality

- Expected
+ Received

- false
+ true

 ❯ src/everything.spec.ts:8:18
            </failure>
        </testcase>
        <testcase classname="src/everything.spec.ts" name="describe 31 &gt; example test 42" time="0.000634667">
        </testcase>
        <testcase classname="src/everything.spec.ts" name="describe 31 &gt; example test 43" time="0.000294458">
            <failure message="expected true to be false // Object.is equality" type="AssertionError">
AssertionError: expected true to be false // Object.is equality

- Expected
+ Received

- false
+ true

 ❯ src/everything.spec.ts:8:18
            </failure>
        </testcase>
        <testcase classname="src/everything.spec.ts" name="describe 31 &gt; example test 44" time="0.000031208">
        </testcase>
        <testcase classname="src/everything.spec.ts" name="describe 31 &gt; example test 45" time="0.000102625">
            <failure message="expected true to be false // Object.is equality" type="AssertionError">
AssertionError: expected true to be false // Object.is equality

- Expected
+ Received

- false
+ true

 ❯ src/everything.spec.ts:8:18
            </failure>
        </testcase>
        <testcase classname="src/everything.spec.ts" name="describe 31 &gt; example test 46" time="0.000020458">
        </testcase>
        <testcase classname="src/everything.spec.ts" name="describe 31 &gt; example test 47" time="0.000076583">
            <failure message="expected true to be false // Object.is equality" type="AssertionError">
AssertionError: expected true to be false // Object.is equality

- Expected
+ Received

- false
+ true

 ❯ src/everything.spec.ts:8:18
            </failure>
        </testcase>
        <testcase classname="src/everything.spec.ts" name="describe 31 &gt; example test 48" time="0.000021958">
        </testcase>
        <testcase classname="src/everything.spec.ts" name="describe 31 &gt; example test 49" time="0.000073041">
            <failure message="expected true to be false // Object.is equality" type="AssertionError">
AssertionError: expected true to be false // Object.is equality

- Expected
+ Received

- false
+ true

 ❯ src/everything.spec.ts:8:18
            </failure>
        </testcase>
        <testcase classname="src/everything.spec.ts" name="describe 31 &gt; example test 50" time="0.000017541">
        </testcase>
        <testcase classname="src/everything.spec.ts" name="describe 31 &gt; example test 51" time="0.000067292">
            <failure message="expected true to be false // Object.is equality" type="AssertionError">
AssertionError: expected true to be false // Object.is equality

- Expected
+ Received

- false
+ true

 ❯ src/everything.spec.ts:8:18
            </failure>
        </testcase>
        <testcase classname="src/everything.spec.ts" name="describe 31 &gt; example test 52" time="0.00001725">
        </testcase>
        <testcase classname="src/everything.spec.ts" name="describe 31 &gt; example test 53" time="0.000092959">
            <failure message="expected true to be false // Object.is equality" type="AssertionError">
AssertionError: expected true to be false // Object.is equality

- Expected
+ Received

- false
+ true

 ❯ src/everything.spec.ts:8:18
            </failure>
        </testcase>
        <testcase classname="src/everything.spec.ts" name="describe 31 &gt; example test 54" time="0.000027667">
        </testcase>
        <testcase classname="src/everything.spec.ts" name="describe 31 &gt; example test 55" time="0.000080666">
            <failure message="expected true to be false // Object.is equality" type="AssertionError">
AssertionError: expected true to be false // Object.is equality

- Expected
+ Received

- false
+ true

 ❯ src/everything.spec.ts:8:18
            </failure>
        </testcase>
        <testcase classname="src/everything.spec.ts" name="describe 31 &gt; example test 56" time="0.000017083">
        </testcase>
        <testcase classname="src/everything.spec.ts" name="describe 31 &gt; example test 57" time="0.00006675">
            <failure message="expected true to be false // Object.is equality" type="AssertionError">
AssertionError: expected true to be false // Object.is equality

- Expected
+ Received

- false
+ true

 ❯ src/everything.spec.ts:8:18
            </failure>
        </testcase>
        <testcase classname="src/everything.spec.ts" name="describe 31 &gt; example test 58" time="0.000017709">
        </testcase>
        <testcase classname="src/everything.spec.ts" name="describe 31 &gt; example test 59" time="0.000074375">
            <failure message="expected true to be false // Object.is equality" type="AssertionError">
AssertionError: expected true to be false // Object.is equality

- Expected
+ Received

- false
+ true

 ❯ src/everything.spec.ts:8:18
            </failure>
        </testcase>
        <testcase classname="src/everything.spec.ts" name="describe 31 &gt; example test 60" time="0.000017833">
        </testcase>
        <testcase classname="src/everything.spec.ts" name="describe 31 &gt; example test 61" time="0.000067">
            <failure message="expected true to be false // Object.is equality" type="AssertionError">
AssertionError: expected true to be false // Object.is equality

- Expected
+ Received

- false
+ true

 ❯ src/everything.spec.ts:8:18
            </failure>
        </testcase>
        <testcase classname="src/everything.spec.ts" name="describe 31 &gt; example test 62" time="0.000016959">
        </testcase>
        <testcase classname="src/everything.spec.ts" name="describe 31 &gt; example test 63" time="0.000068125">
            <failure message="expected true to be false // Object.is equality" type="AssertionError">
AssertionError: expected true to be false // Object.is equality

- Expected
+ Received

- false
+ true

 ❯ src/everything.spec.ts:8:18
            </failure>
        </testcase>
        <testcase classname="src/everything.spec.ts" name="describe 31 &gt; example test 64" time="0.000017583">
        </testcase>
        <testcase classname="src/everything.spec.ts" name="describe 31 &gt; example test 65" time="0.000068375">
            <failure message="expected true to be false // Object.is equality" type="AssertionError">
AssertionError: expected true to be false // Object.is equality

- Expected
+ Received

- false
+ true

 ❯ src/everything.spec.ts:8:18
            </failure>
        </testcase>
        <testcase classname="src/everything.spec.ts" name="describe 31 &gt; example test 66" time="0.000017416">
        </testcase>
        <testcase classname="src/everything.spec.ts" name="describe 31 &gt; example test 67" time="0.00006725">
            <failure message="expected true to be false // Object.is equality" type="AssertionError">
AssertionError: expected true to be false // Object.is equality

- Expected
+ Received

- false
+ true

 ❯ src/everything.spec.ts:8:18
            </failure>
        </testcase>
        <testcase classname="src/everything.spec.ts" name="describe 31 &gt; example test 68" time="0.000017917">
        </testcase>
        <testcase classname="src/everything.spec.ts" name="describe 31 &gt; example test 69" time="0.000068083">
            <failure message="expected true to be false // Object.is equality" type="AssertionError">
AssertionError: expected true to be false // Object.is equality

- Expected
+ Received

- false
+ true

 ❯ src/everything.spec.ts:8:18
            </failure>
        </testcase>
        <testcase classname="src/everything.spec.ts" name="describe 31 &gt; example test 70" time="0.000018042">
        </testcase>
        <testcase classname="src/everything.spec.ts" name="describe 31 &gt; example test 71" time="0.000070792">
            <failure message="expected true to be false // Object.is equality" type="AssertionError">
AssertionError: expected true to be false // Object.is equality

- Expected
+ Received

- false
+ true

 ❯ src/everything.spec.ts:8:18
            </failure>
        </testcase>
        <testcase classname="src/everything.spec.ts" name="describe 31 &gt; example test 72" time="0.000016917">
        </testcase>
        <testcase classname="src/everything.spec.ts" name="describe 31 &gt; example test 73" time="0.000067625">
            <failure message="expected true to be false // Object.is equality" type="AssertionError">
AssertionError: expected true to be false // Object.is equality

- Expected
+ Received

- false
+ true

 ❯ src/everything.spec.ts:8:18
            </failure>
        </testcase>
        <testcase classname="src/everything.spec.ts" name="describe 31 &gt; example test 74" time="0.000017">
        </testcase>
        <testcase classname="src/everything.spec.ts" name="describe 31 &gt; example test 75" time="0.000072917">
            <failure message="expected true to be false // Object.is equality" type="AssertionError">
AssertionError: expected true to be false // Object.is equality

- Expected
+ Received

- false
+ true

 ❯ src/everything.spec.ts:8:18
            </failure>
        </testcase>
        <testcase classname="src/everything.spec.ts" name="describe 31 &gt; example test 76" time="0.000017125">
        </testcase>
        <testcase classname="src/everything.spec.ts" name="describe 31 &gt; example test 77" time="0.000067708">
            <failure message="expected true to be false // Object.is equality" type="AssertionError">
AssertionError: expected true to be false // Object.is equality

- Expected
+ Received

- false
+ true

 ❯ src/everything.spec.ts:8:18
            </failure>
        </testcase>
        <testcase classname="src/everything.spec.ts" name="describe 31 &gt; example test 78" time="0.000017083">
        </testcase>
        <testcase classname="src/everything.spec.ts" name="describe 31 &gt; example test 79" time="0.000068458">
            <failure message="expected true to be false // Object.is equality" type="AssertionError">
AssertionError: expected true to be false // Object.is equality

- Expected
+ Received

- false
+ true

 ❯ src/everything.spec.ts:8:18
            </failure>
        </testcase>
        <testcase classname="src/everything.spec.ts" name="describe 31 &gt; example test 80" time="0.000017083">
        </testcase>
        <testcase classname="src/everything.spec.ts" name="describe 31 &gt; example test 81" time="0.0000715">
            <failure message="expected true to be false // Object.is equality" type="AssertionError">
AssertionError: expected true to be false // Object.is equality

- Expected
+ Received

- false
+ true

 ❯ src/everything.spec.ts:8:18
            </failure>
        </testcase>
        <testcase classname="src/everything.spec.ts" name="describe 31 &gt; example test 82" time="0.000020459">
        </testcase>
        <testcase classname="src/everything.spec.ts" name="describe 31 &gt; example test 83" time="0.000068708">
            <failure message="expected true to be false // Object.is equality" type="AssertionError">
AssertionError: expected true to be false // Object.is equality

- Expected
+ Received

- false
+ true

 ❯ src/everything.spec.ts:8:18
            </failure>
        </testcase>
        <testcase classname="src/everything.spec.ts" name="describe 31 &gt; example test 84" time="0.000017291">
        </testcase>
        <testcase classname="src/everything.spec.ts" name="describe 31 &gt; example test 85" time="0.000067625">
            <failure message="expected true to be false // Object.is equality" type="AssertionError">
AssertionError: expected true to be false // Object.is equality

- Expected
+ Received

- false
+ true

 ❯ src/everything.spec.ts:8:18
            </failure>
        </testcase>
        <testcase classname="src/everything.spec.ts" name="describe 31 &gt; example test 86" time="0.000018375">
        </testcase>
        <testcase classname="src/everything.spec.ts" name="describe 31 &gt; example test 87" time="0.0000685">
            <failure message="expected true to be false // Object.is equality" type="AssertionError">
AssertionError: expected true to be false // Object.is equality

- Expected
+ Received

- false
+ true

 ❯ src/everything.spec.ts:8:18
            </failure>
        </testcase>
        <testcase classname="src/everything.spec.ts" name="describe 31 &gt; example test 88" time="0.000016875">
        </testcase>
        <testcase classname="src/everything.spec.ts" name="describe 31 &gt; example test 89" time="0.000066875">
            <failure message="expected true to be false // Object.is equality" type="AssertionError">
AssertionError: expected true to be false // Object.is equality

- Expected
+ Received

- false
+ true

 ❯ src/everything.spec.ts:8:18
            </failure>
        </testcase>
        <testcase classname="src/everything.spec.ts" name="describe 31 &gt; example test 90" time="0.000017291">
        </testcase>
        <testcase classname="src/everything.spec.ts" name="describe 31 &gt; example test 91" time="0.000093041">
            <failure message="expected true to be false // Object.is equality" type="AssertionError">
AssertionError: expected true to be false // Object.is equality

- Expected
+ Received

- false
+ true

 ❯ src/everything.spec.ts:8:18
            </failure>
        </testcase>
        <testcase classname="src/everything.spec.ts" name="describe 31 &gt; example test 92" time="0.000040583">
        </testcase>
        <testcase classname="src/everything.spec.ts" name="describe 31 &gt; example test 93" time="0.000113583">
            <failure message="expected true to be false // Object.is equality" type="AssertionError">
AssertionError: expected true to be false // Object.is equality

- Expected
+ Received

- false
+ true

 ❯ src/everything.spec.ts:8:18
            </failure>
        </testcase>
        <testcase classname="src/everything.spec.ts" name="describe 31 &gt; example test 94" time="0.000019959">
        </testcase>
        <testcase classname="src/everything.spec.ts" name="describe 31 &gt; example test 95" time="0.000069667">
            <failure message="expected true to be false // Object.is equality" type="AssertionError">
AssertionError: expected true to be false // Object.is equality

- Expected
+ Received

- false
+ true

 ❯ src/everything.spec.ts:8:18
            </failure>
        </testcase>
        <testcase classname="src/everything.spec.ts" name="describe 31 &gt; example test 96" time="0.000017167">
        </testcase>
        <testcase classname="src/everything.spec.ts" name="describe 31 &gt; example test 97" time="0.000066791">
            <failure message="expected true to be false // Object.is equality" type="AssertionError">
AssertionError: expected true to be false // Object.is equality

- Expected
+ Received

- false
+ true

 ❯ src/everything.spec.ts:8:18
            </failure>
        </testcase>
        <testcase classname="src/everything.spec.ts" name="describe 31 &gt; example test 98" time="0.000016458">
        </testcase>
        <testcase classname="src/everything.spec.ts" name="describe 31 &gt; example test 99" time="0.000066208">
            <failure message="expected true to be false // Object.is equality" type="AssertionError">
AssertionError: expected true to be false // Object.is equality

- Expected
+ Received

- false
+ true

 ❯ src/everything.spec.ts:8:18
            </failure>
        </testcase>
        <testcase classname="src/everything.spec.ts" name="describe 31 &gt; example test 100" time="0.000016375">
        </testcase>
        <testcase classname="src/everything.spec.ts" name="describe 32 &gt; example test 1" time="0.000067625">
            <failure message="expected true to be false // Object.is equality" type="AssertionError">
AssertionError: expected true to be false // Object.is equality

- Expected
+ Received

- false
+ true

 ❯ src/everything.spec.ts:8:18
            </failure>
        </testcase>
        <testcase classname="src/everything.spec.ts" name="describe 32 &gt; example test 2" time="0.000016375">
        </testcase>
        <testcase classname="src/everything.spec.ts" name="describe 32 &gt; example test 3" time="0.00006625">
            <failure message="expected true to be false // Object.is equality" type="AssertionError">
AssertionError: expected true to be false // Object.is equality

- Expected
+ Received

- false
+ true

 ❯ src/everything.spec.ts:8:18
            </failure>
        </testcase>
        <testcase classname="src/everything.spec.ts" name="describe 32 &gt; example test 4" time="0.000016167">
        </testcase>
        <testcase classname="src/everything.spec.ts" name="describe 32 &gt; example test 5" time="0.000064541">
            <failure message="expected true to be false // Object.is equality" type="AssertionError">
AssertionError: expected true to be false // Object.is equality

- Expected
+ Received

- false
+ true

 ❯ src/everything.spec.ts:8:18
            </failure>
        </testcase>
        <testcase classname="src/everything.spec.ts" name="describe 32 &gt; example test 6" time="0.000017458">
        </testcase>
        <testcase classname="src/everything.spec.ts" name="describe 32 &gt; example test 7" time="0.000078875">
            <failure message="expected true to be false // Object.is equality" type="AssertionError">
AssertionError: expected true to be false // Object.is equality

- Expected
+ Received

- false
+ true

 ❯ src/everything.spec.ts:8:18
            </failure>
        </testcase>
        <testcase classname="src/everything.spec.ts" name="describe 32 &gt; example test 8" time="0.00001675">
        </testcase>
        <testcase classname="src/everything.spec.ts" name="describe 32 &gt; example test 9" time="0.000066125">
            <failure message="expected true to be false // Object.is equality" type="AssertionError">
AssertionError: expected true to be false // Object.is equality

- Expected
+ Received

- false
+ true

 ❯ src/everything.spec.ts:8:18
            </failure>
        </testcase>
        <testcase classname="src/everything.spec.ts" name="describe 32 &gt; example test 10" time="0.000016709">
        </testcase>
        <testcase classname="src/everything.spec.ts" name="describe 32 &gt; example test 11" time="0.000073708">
            <failure message="expected true to be false // Object.is equality" type="AssertionError">
AssertionError: expected true to be false // Object.is equality

- Expected
+ Received

- false
+ true

 ❯ src/everything.spec.ts:8:18
            </failure>
        </testcase>
        <testcase classname="src/everything.spec.ts" name="describe 32 &gt; example test 12" time="0.000016667">
        </testcase>
        <testcase classname="src/everything.spec.ts" name="describe 32 &gt; example test 13" time="0.000065292">
            <failure message="expected true to be false // Object.is equality" type="AssertionError">
AssertionError: expected true to be false // Object.is equality

- Expected
+ Received

- false
+ true

 ❯ src/everything.spec.ts:8:18
            </failure>
        </testcase>
        <testcase classname="src/everything.spec.ts" name="describe 32 &gt; example test 14" time="0.000016333">
        </testcase>
        <testcase classname="src/everything.spec.ts" name="describe 32 &gt; example test 15" time="0.000065375">
            <failure message="expected true to be false // Object.is equality" type="AssertionError">
AssertionError: expected true to be false // Object.is equality

- Expected
+ Received

- false
+ true

 ❯ src/everything.spec.ts:8:18
            </failure>
        </testcase>
        <testcase classname="src/everything.spec.ts" name="describe 32 &gt; example test 16" time="0.000016791">
        </testcase>
        <testcase classname="src/everything.spec.ts" name="describe 32 &gt; example test 17" time="0.000065125">
            <failure message="expected true to be false // Object.is equality" type="AssertionError">
AssertionError: expected true to be false // Object.is equality

- Expected
+ Received

- false
+ true

 ❯ src/everything.spec.ts:8:18
            </failure>
        </testcase>
        <testcase classname="src/everything.spec.ts" name="describe 32 &gt; example test 18" time="0.000016834">
        </testcase>
        <testcase classname="src/everything.spec.ts" name="describe 32 &gt; example test 19" time="0.000068333">
            <failure message="expected true to be false // Object.is equality" type="AssertionError">
AssertionError: expected true to be false // Object.is equality

- Expected
+ Received

- false
+ true

 ❯ src/everything.spec.ts:8:18
            </failure>
        </testcase>
        <testcase classname="src/everything.spec.ts" name="describe 32 &gt; example test 20" time="0.000016583">
        </testcase>
        <testcase classname="src/everything.spec.ts" name="describe 32 &gt; example test 21" time="0.0000655">
            <failure message="expected true to be false // Object.is equality" type="AssertionError">
AssertionError: expected true to be false // Object.is equality

- Expected
+ Received

- false
+ true

 ❯ src/everything.spec.ts:8:18
            </failure>
        </testcase>
        <testcase classname="src/everything.spec.ts" name="describe 32 &gt; example test 22" time="0.00001675">
        </testcase>
        <testcase classname="src/everything.spec.ts" name="describe 32 &gt; example test 23" time="0.0000645">
            <failure message="expected true to be false // Object.is equality" type="AssertionError">
AssertionError: expected true to be false // Object.is equality

- Expected
+ Received

- false
+ true

 ❯ src/everything.spec.ts:8:18
            </failure>
        </testcase>
        <testcase classname="src/everything.spec.ts" name="describe 32 &gt; example test 24" time="0.000015833">
        </testcase>
        <testcase classname="src/everything.spec.ts" name="describe 32 &gt; example test 25" time="0.000064417">
            <failure message="expected true to be false // Object.is equality" type="AssertionError">
AssertionError: expected true to be false // Object.is equality

- Expected
+ Received

- false
+ true

 ❯ src/everything.spec.ts:8:18
            </failure>
        </testcase>
        <testcase classname="src/everything.spec.ts" name="describe 32 &gt; example test 26" time="0.000018292">
        </testcase>
        <testcase classname="src/everything.spec.ts" name="describe 32 &gt; example test 27" time="0.000064">
            <failure message="expected true to be false // Object.is equality" type="AssertionError">
AssertionError: expected true to be false // Object.is equality

- Expected
+ Received

- false
+ true

 ❯ src/everything.spec.ts:8:18
            </failure>
        </testcase>
        <testcase classname="src/everything.spec.ts" name="describe 32 &gt; example test 28" time="0.000016375">
        </testcase>
        <testcase classname="src/everything.spec.ts" name="describe 32 &gt; example test 29" time="0.00009525">
            <failure message="expected true to be false // Object.is equality" type="AssertionError">
AssertionError: expected true to be false // Object.is equality

- Expected
+ Received

- false
+ true

 ❯ src/everything.spec.ts:8:18
            </failure>
        </testcase>
        <testcase classname="src/everything.spec.ts" name="describe 32 &gt; example test 30" time="0.000017">
        </testcase>
        <testcase classname="src/everything.spec.ts" name="describe 32 &gt; example test 31" time="0.000066916">
            <failure message="expected true to be false // Object.is equality" type="AssertionError">
AssertionError: expected true to be false // Object.is equality

- Expected
+ Received

- false
+ true

 ❯ src/everything.spec.ts:8:18
            </failure>
        </testcase>
        <testcase classname="src/everything.spec.ts" name="describe 32 &gt; example test 32" time="0.000015583">
        </testcase>
        <testcase classname="src/everything.spec.ts" name="describe 32 &gt; example test 33" time="0.000065459">
            <failure message="expected true to be false // Object.is equality" type="AssertionError">
AssertionError: expected true to be false // Object.is equality

- Expected
+ Received

- false
+ true

 ❯ src/everything.spec.ts:8:18
            </failure>
        </testcase>
        <testcase classname="src/everything.spec.ts" name="describe 32 &gt; example test 34" time="0.0000165">
        </testcase>
        <testcase classname="src/everything.spec.ts" name="describe 32 &gt; example test 35" time="0.000064">
            <failure message="expected true to be false // Object.is equality" type="AssertionError">
AssertionError: expected true to be false // Object.is equality

- Expected
+ Received

- false
+ true

 ❯ src/everything.spec.ts:8:18
            </failure>
        </testcase>
        <testcase classname="src/everything.spec.ts" name="describe 32 &gt; example test 36" time="0.000015792">
        </testcase>
        <testcase classname="src/everything.spec.ts" name="describe 32 &gt; example test 37" time="0.000064458">
            <failure message="expected true to be false // Object.is equality" type="AssertionError">
AssertionError: expected true to be false // Object.is equality

- Expected
+ Received

- false
+ true

 ❯ src/everything.spec.ts:8:18
            </failure>
        </testcase>
        <testcase classname="src/everything.spec.ts" name="describe 32 &gt; example test 38" time="0.000018041">
        </testcase>
        <testcase classname="src/everything.spec.ts" name="describe 32 &gt; example test 39" time="0.000064209">
            <failure message="expected true to be false // Object.is equality" type="AssertionError">
AssertionError: expected true to be false // Object.is equality

- Expected
+ Received

- false
+ true

 ❯ src/everything.spec.ts:8:18
            </failure>
        </testcase>
        <testcase classname="src/everything.spec.ts" name="describe 32 &gt; example test 40" time="0.000016">
        </testcase>
        <testcase classname="src/everything.spec.ts" name="describe 32 &gt; example test 41" time="0.000064583">
            <failure message="expected true to be false // Object.is equality" type="AssertionError">
AssertionError: expected true to be false // Object.is equality

- Expected
+ Received

- false
+ true

 ❯ src/everything.spec.ts:8:18
            </failure>
        </testcase>
        <testcase classname="src/everything.spec.ts" name="describe 32 &gt; example test 42" time="0.000015917">
        </testcase>
        <testcase classname="src/everything.spec.ts" name="describe 32 &gt; example test 43" time="0.000062042">
            <failure message="expected true to be false // Object.is equality" type="AssertionError">
AssertionError: expected true to be false // Object.is equality

- Expected
+ Received

- false
+ true

 ❯ src/everything.spec.ts:8:18
            </failure>
        </testcase>
        <testcase classname="src/everything.spec.ts" name="describe 32 &gt; example test 44" time="0.000015417">
        </testcase>
        <testcase classname="src/everything.spec.ts" name="describe 32 &gt; example test 45" time="0.000061958">
            <failure message="expected true to be false // Object.is equality" type="AssertionError">
AssertionError: expected true to be false // Object.is equality

- Expected
+ Received

- false
+ true

 ❯ src/everything.spec.ts:8:18
            </failure>
        </testcase>
        <testcase classname="src/everything.spec.ts" name="describe 32 &gt; example test 46" time="0.000015209">
        </testcase>
        <testcase classname="src/everything.spec.ts" name="describe 32 &gt; example test 47" time="0.000061584">
            <failure message="expected true to be false // Object.is equality" type="AssertionError">
AssertionError: expected true to be false // Object.is equality

- Expected
+ Received

- false
+ true

 ❯ src/everything.spec.ts:8:18
            </failure>
        </testcase>
        <testcase classname="src/everything.spec.ts" name="describe 32 &gt; example test 48" time="0.000015792">
        </testcase>
        <testcase classname="src/everything.spec.ts" name="describe 32 &gt; example test 49" time="0.000062333">
            <failure message="expected true to be false // Object.is equality" type="AssertionError">
AssertionError: expected true to be false // Object.is equality

- Expected
+ Received

- false
+ true

 ❯ src/everything.spec.ts:8:18
            </failure>
        </testcase>
        <testcase classname="src/everything.spec.ts" name="describe 32 &gt; example test 50" time="0.000015459">
        </testcase>
        <testcase classname="src/everything.spec.ts" name="describe 32 &gt; example test 51" time="0.000062542">
            <failure message="expected true to be false // Object.is equality" type="AssertionError">
AssertionError: expected true to be false // Object.is equality

- Expected
+ Received

- false
+ true

 ❯ src/everything.spec.ts:8:18
            </failure>
        </testcase>
        <testcase classname="src/everything.spec.ts" name="describe 32 &gt; example test 52" time="0.000017791">
        </testcase>
        <testcase classname="src/everything.spec.ts" name="describe 32 &gt; example test 53" time="0.000071083">
            <failure message="expected true to be false // Object.is equality" type="AssertionError">
AssertionError: expected true to be false // Object.is equality

- Expected
+ Received

- false
+ true

 ❯ src/everything.spec.ts:8:18
            </failure>
        </testcase>
        <testcase classname="src/everything.spec.ts" name="describe 32 &gt; example test 54" time="0.000015917">
        </testcase>
        <testcase classname="src/everything.spec.ts" name="describe 32 &gt; example test 55" time="0.00007225">
            <failure message="expected true to be false // Object.is equality" type="AssertionError">
AssertionError: expected true to be false // Object.is equality

- Expected
+ Received

- false
+ true

 ❯ src/everything.spec.ts:8:18
            </failure>
        </testcase>
        <testcase classname="src/everything.spec.ts" name="describe 32 &gt; example test 56" time="0.000016167">
        </testcase>
        <testcase classname="src/everything.spec.ts" name="describe 32 &gt; example test 57" time="0.000073333">
            <failure message="expected true to be false // Object.is equality" type="AssertionError">
AssertionError: expected true to be false // Object.is equality

- Expected
+ Received

- false
+ true

 ❯ src/everything.spec.ts:8:18
            </failure>
        </testcase>
        <testcase classname="src/everything.spec.ts" name="describe 32 &gt; example test 58" time="0.000016541">
        </testcase>
        <testcase classname="src/everything.spec.ts" name="describe 32 &gt; example test 59" time="0.0000715">
            <failure message="expected true to be false // Object.is equality" type="AssertionError">
AssertionError: expected true to be false // Object.is equality

- Expected
+ Received

- false
+ true

 ❯ src/everything.spec.ts:8:18
            </failure>
        </testcase>
        <testcase classname="src/everything.spec.ts" name="describe 32 &gt; example test 60" time="0.0000155">
        </testcase>
        <testcase classname="src/everything.spec.ts" name="describe 32 &gt; example test 61" time="0.000063792">
            <failure message="expected true to be false // Object.is equality" type="AssertionError">
AssertionError: expected true to be false // Object.is equality

- Expected
+ Received

- false
+ true

 ❯ src/everything.spec.ts:8:18
            </failure>
        </testcase>
        <testcase classname="src/everything.spec.ts" name="describe 32 &gt; example test 62" time="0.000015458">
        </testcase>
        <testcase classname="src/everything.spec.ts" name="describe 32 &gt; example test 63" time="0.000061083">
            <failure message="expected true to be false // Object.is equality" type="AssertionError">
AssertionError: expected true to be false // Object.is equality

- Expected
+ Received

- false
+ true

 ❯ src/everything.spec.ts:8:18
            </failure>
        </testcase>
        <testcase classname="src/everything.spec.ts" name="describe 32 &gt; example test 64" time="0.000015667">
        </testcase>
        <testcase classname="src/everything.spec.ts" name="describe 32 &gt; example test 65" time="0.000062458">
            <failure message="expected true to be false // Object.is equality" type="AssertionError">
AssertionError: expected true to be false // Object.is equality

- Expected
+ Received

- false
+ true

 ❯ src/everything.spec.ts:8:18
            </failure>
        </testcase>
        <testcase classname="src/everything.spec.ts" name="describe 32 &gt; example test 66" time="0.000015958">
        </testcase>
        <testcase classname="src/everything.spec.ts" name="describe 32 &gt; example test 67" time="0.000061875">
            <failure message="expected true to be false // Object.is equality" type="AssertionError">
AssertionError: expected true to be false // Object.is equality

- Expected
+ Received

- false
+ true

 ❯ src/everything.spec.ts:8:18
            </failure>
        </testcase>
        <testcase classname="src/everything.spec.ts" name="describe 32 &gt; example test 68" time="0.000015417">
        </testcase>
        <testcase classname="src/everything.spec.ts" name="describe 32 &gt; example test 69" time="0.0000625">
            <failure message="expected true to be false // Object.is equality" type="AssertionError">
AssertionError: expected true to be false // Object.is equality

- Expected
+ Received

- false
+ true

 ❯ src/everything.spec.ts:8:18
            </failure>
        </testcase>
        <testcase classname="src/everything.spec.ts" name="describe 32 &gt; example test 70" time="0.000017542">
        </testcase>
        <testcase classname="src/everything.spec.ts" name="describe 32 &gt; example test 71" time="0.000063125">
            <failure message="expected true to be false // Object.is equality" type="AssertionError">
AssertionError: expected true to be false // Object.is equality

- Expected
+ Received

- false
+ true

 ❯ src/everything.spec.ts:8:18
            </failure>
        </testcase>
        <testcase classname="src/everything.spec.ts" name="describe 32 &gt; example test 72" time="0.000015">
        </testcase>
        <testcase classname="src/everything.spec.ts" name="describe 32 &gt; example test 73" time="0.000075958">
            <failure message="expected true to be false // Object.is equality" type="AssertionError">
AssertionError: expected true to be false // Object.is equality

- Expected
+ Received

- false
+ true

 ❯ src/everything.spec.ts:8:18
            </failure>
        </testcase>
        <testcase classname="src/everything.spec.ts" name="describe 32 &gt; example test 74" time="0.000016334">
        </testcase>
        <testcase classname="src/everything.spec.ts" name="describe 32 &gt; example test 75" time="0.000064875">
            <failure message="expected true to be false // Object.is equality" type="AssertionError">
AssertionError: expected true to be false // Object.is equality

- Expected
+ Received

- false
+ true

 ❯ src/everything.spec.ts:8:18
            </failure>
        </testcase>
        <testcase classname="src/everything.spec.ts" name="describe 32 &gt; example test 76" time="0.000017792">
        </testcase>
        <testcase classname="src/everything.spec.ts" name="describe 32 &gt; example test 77" time="0.000064375">
            <failure message="expected true to be false // Object.is equality" type="AssertionError">
AssertionError: expected true to be false // Object.is equality

- Expected
+ Received

- false
+ true

 ❯ src/everything.spec.ts:8:18
            </failure>
        </testcase>
        <testcase classname="src/everything.spec.ts" name="describe 32 &gt; example test 78" time="0.000015958">
        </testcase>
        <testcase classname="src/everything.spec.ts" name="describe 32 &gt; example test 79" time="0.000062708">
            <failure message="expected true to be false // Object.is equality" type="AssertionError">
AssertionError: expected true to be false // Object.is equality

- Expected
+ Received

- false
+ true

 ❯ src/everything.spec.ts:8:18
            </failure>
        </testcase>
        <testcase classname="src/everything.spec.ts" name="describe 32 &gt; example test 80" time="0.000015625">
        </testcase>
        <testcase classname="src/everything.spec.ts" name="describe 32 &gt; example test 81" time="0.000092916">
            <failure message="expected true to be false // Object.is equality" type="AssertionError">
AssertionError: expected true to be false // Object.is equality

- Expected
+ Received

- false
+ true

 ❯ src/everything.spec.ts:8:18
            </failure>
        </testcase>
        <testcase classname="src/everything.spec.ts" name="describe 32 &gt; example test 82" time="0.000016875">
        </testcase>
        <testcase classname="src/everything.spec.ts" name="describe 32 &gt; example test 83" time="0.000075917">
            <failure message="expected true to be false // Object.is equality" type="AssertionError">
AssertionError: expected true to be false // Object.is equality

- Expected
+ Received

- false
+ true

 ❯ src/everything.spec.ts:8:18
            </failure>
        </testcase>
        <testcase classname="src/everything.spec.ts" name="describe 32 &gt; example test 84" time="0.000015708">
        </testcase>
        <testcase classname="src/everything.spec.ts" name="describe 32 &gt; example test 85" time="0.0001165">
            <failure message="expected true to be false // Object.is equality" type="AssertionError">
AssertionError: expected true to be false // Object.is equality

- Expected
+ Received

- false
+ true

 ❯ src/everything.spec.ts:8:18
            </failure>
        </testcase>
        <testcase classname="src/everything.spec.ts" name="describe 32 &gt; example test 86" time="0.000017792">
        </testcase>
        <testcase classname="src/everything.spec.ts" name="describe 32 &gt; example test 87" time="0.000069958">
            <failure message="expected true to be false // Object.is equality" type="AssertionError">
AssertionError: expected true to be false // Object.is equality

- Expected
+ Received

- false
+ true

 ❯ src/everything.spec.ts:8:18
            </failure>
        </testcase>
        <testcase classname="src/everything.spec.ts" name="describe 32 &gt; example test 88" time="0.000015709">
        </testcase>
        <testcase classname="src/everything.spec.ts" name="describe 32 &gt; example test 89" time="0.000064291">
            <failure message="expected true to be false // Object.is equality" type="AssertionError">
AssertionError: expected true to be false // Object.is equality

- Expected
+ Received

- false
+ true

 ❯ src/everything.spec.ts:8:18
            </failure>
        </testcase>
        <testcase classname="src/everything.spec.ts" name="describe 32 &gt; example test 90" time="0.000015458">
        </testcase>
        <testcase classname="src/everything.spec.ts" name="describe 32 &gt; example test 91" time="0.000064">
            <failure message="expected true to be false // Object.is equality" type="AssertionError">
AssertionError: expected true to be false // Object.is equality

- Expected
+ Received

- false
+ true

 ❯ src/everything.spec.ts:8:18
            </failure>
        </testcase>
        <testcase classname="src/everything.spec.ts" name="describe 32 &gt; example test 92" time="0.000015625">
        </testcase>
        <testcase classname="src/everything.spec.ts" name="describe 32 &gt; example test 93" time="0.000063209">
            <failure message="expected true to be false // Object.is equality" type="AssertionError">
AssertionError: expected true to be false // Object.is equality

- Expected
+ Received

- false
+ true

 ❯ src/everything.spec.ts:8:18
            </failure>
        </testcase>
        <testcase classname="src/everything.spec.ts" name="describe 32 &gt; example test 94" time="0.00001575">
        </testcase>
        <testcase classname="src/everything.spec.ts" name="describe 32 &gt; example test 95" time="0.000064">
            <failure message="expected true to be false // Object.is equality" type="AssertionError">
AssertionError: expected true to be false // Object.is equality

- Expected
+ Received

- false
+ true

 ❯ src/everything.spec.ts:8:18
            </failure>
        </testcase>
        <testcase classname="src/everything.spec.ts" name="describe 32 &gt; example test 96" time="0.000015709">
        </testcase>
        <testcase classname="src/everything.spec.ts" name="describe 32 &gt; example test 97" time="0.000062917">
            <failure message="expected true to be false // Object.is equality" type="AssertionError">
AssertionError: expected true to be false // Object.is equality

- Expected
+ Received

- false
+ true

 ❯ src/everything.spec.ts:8:18
            </failure>
        </testcase>
        <testcase classname="src/everything.spec.ts" name="describe 32 &gt; example test 98" time="0.000015666">
        </testcase>
        <testcase classname="src/everything.spec.ts" name="describe 32 &gt; example test 99" time="0.0000635">
            <failure message="expected true to be false // Object.is equality" type="AssertionError">
AssertionError: expected true to be false // Object.is equality

- Expected
+ Received

- false
+ true

 ❯ src/everything.spec.ts:8:18
            </failure>
        </testcase>
        <testcase classname="src/everything.spec.ts" name="describe 32 &gt; example test 100" time="0.0000235">
        </testcase>
        <testcase classname="src/everything.spec.ts" name="describe 33 &gt; example test 1" time="0.000066667">
            <failure message="expected true to be false // Object.is equality" type="AssertionError">
AssertionError: expected true to be false // Object.is equality

- Expected
+ Received

- false
+ true

 ❯ src/everything.spec.ts:8:18
            </failure>
        </testcase>
        <testcase classname="src/everything.spec.ts" name="describe 33 &gt; example test 2" time="0.000016291">
        </testcase>
        <testcase classname="src/everything.spec.ts" name="describe 33 &gt; example test 3" time="0.000065125">
            <failure message="expected true to be false // Object.is equality" type="AssertionError">
AssertionError: expected true to be false // Object.is equality

- Expected
+ Received

- false
+ true

 ❯ src/everything.spec.ts:8:18
            </failure>
        </testcase>
        <testcase classname="src/everything.spec.ts" name="describe 33 &gt; example test 4" time="0.0000155">
        </testcase>
        <testcase classname="src/everything.spec.ts" name="describe 33 &gt; example test 5" time="0.000063083">
            <failure message="expected true to be false // Object.is equality" type="AssertionError">
AssertionError: expected true to be false // Object.is equality

- Expected
+ Received

- false
+ true

 ❯ src/everything.spec.ts:8:18
            </failure>
        </testcase>
        <testcase classname="src/everything.spec.ts" name="describe 33 &gt; example test 6" time="0.000015917">
        </testcase>
        <testcase classname="src/everything.spec.ts" name="describe 33 &gt; example test 7" time="0.000063292">
            <failure message="expected true to be false // Object.is equality" type="AssertionError">
AssertionError: expected true to be false // Object.is equality

- Expected
+ Received

- false
+ true

 ❯ src/everything.spec.ts:8:18
            </failure>
        </testcase>
        <testcase classname="src/everything.spec.ts" name="describe 33 &gt; example test 8" time="0.000015375">
        </testcase>
        <testcase classname="src/everything.spec.ts" name="describe 33 &gt; example test 9" time="0.000062209">
            <failure message="expected true to be false // Object.is equality" type="AssertionError">
AssertionError: expected true to be false // Object.is equality

- Expected
+ Received

- false
+ true

 ❯ src/everything.spec.ts:8:18
            </failure>
        </testcase>
        <testcase classname="src/everything.spec.ts" name="describe 33 &gt; example test 10" time="0.000015333">
        </testcase>
        <testcase classname="src/everything.spec.ts" name="describe 33 &gt; example test 11" time="0.000063416">
            <failure message="expected true to be false // Object.is equality" type="AssertionError">
AssertionError: expected true to be false // Object.is equality

- Expected
+ Received

- false
+ true

 ❯ src/everything.spec.ts:8:18
            </failure>
        </testcase>
        <testcase classname="src/everything.spec.ts" name="describe 33 &gt; example test 12" time="0.000015166">
        </testcase>
        <testcase classname="src/everything.spec.ts" name="describe 33 &gt; example test 13" time="0.000062">
            <failure message="expected true to be false // Object.is equality" type="AssertionError">
AssertionError: expected true to be false // Object.is equality

- Expected
+ Received

- false
+ true

 ❯ src/everything.spec.ts:8:18
            </failure>
        </testcase>
        <testcase classname="src/everything.spec.ts" name="describe 33 &gt; example test 14" time="0.000015875">
        </testcase>
        <testcase classname="src/everything.spec.ts" name="describe 33 &gt; example test 15" time="0.000063125">
            <failure message="expected true to be false // Object.is equality" type="AssertionError">
AssertionError: expected true to be false // Object.is equality

- Expected
+ Received

- false
+ true

 ❯ src/everything.spec.ts:8:18
            </failure>
        </testcase>
        <testcase classname="src/everything.spec.ts" name="describe 33 &gt; example test 16" time="0.000015542">
        </testcase>
        <testcase classname="src/everything.spec.ts" name="describe 33 &gt; example test 17" time="0.000062709">
            <failure message="expected true to be false // Object.is equality" type="AssertionError">
AssertionError: expected true to be false // Object.is equality

- Expected
+ Received

- false
+ true

 ❯ src/everything.spec.ts:8:18
            </failure>
        </testcase>
        <testcase classname="src/everything.spec.ts" name="describe 33 &gt; example test 18" time="0.000019958">
        </testcase>
        <testcase classname="src/everything.spec.ts" name="describe 33 &gt; example test 19" time="0.000064375">
            <failure message="expected true to be false // Object.is equality" type="AssertionError">
AssertionError: expected true to be false // Object.is equality

- Expected
+ Received

- false
+ true

 ❯ src/everything.spec.ts:8:18
            </failure>
        </testcase>
        <testcase classname="src/everything.spec.ts" name="describe 33 &gt; example test 20" time="0.000016125">
        </testcase>
        <testcase classname="src/everything.spec.ts" name="describe 33 &gt; example test 21" time="0.000063125">
            <failure message="expected true to be false // Object.is equality" type="AssertionError">
AssertionError: expected true to be false // Object.is equality

- Expected
+ Received

- false
+ true

 ❯ src/everything.spec.ts:8:18
            </failure>
        </testcase>
        <testcase classname="src/everything.spec.ts" name="describe 33 &gt; example test 22" time="0.000015458">
        </testcase>
        <testcase classname="src/everything.spec.ts" name="describe 33 &gt; example test 23" time="0.000063791">
            <failure message="expected true to be false // Object.is equality" type="AssertionError">
AssertionError: expected true to be false // Object.is equality

- Expected
+ Received

- false
+ true

 ❯ src/everything.spec.ts:8:18
            </failure>
        </testcase>
        <testcase classname="src/everything.spec.ts" name="describe 33 &gt; example test 24" time="0.00001575">
        </testcase>
        <testcase classname="src/everything.spec.ts" name="describe 33 &gt; example test 25" time="0.000062625">
            <failure message="expected true to be false // Object.is equality" type="AssertionError">
AssertionError: expected true to be false // Object.is equality

- Expected
+ Received

- false
+ true

 ❯ src/everything.spec.ts:8:18
            </failure>
        </testcase>
        <testcase classname="src/everything.spec.ts" name="describe 33 &gt; example test 26" time="0.000015458">
        </testcase>
        <testcase classname="src/everything.spec.ts" name="describe 33 &gt; example test 27" time="0.00006325">
            <failure message="expected true to be false // Object.is equality" type="AssertionError">
AssertionError: expected true to be false // Object.is equality

- Expected
+ Received

- false
+ true

 ❯ src/everything.spec.ts:8:18
            </failure>
        </testcase>
        <testcase classname="src/everything.spec.ts" name="describe 33 &gt; example test 28" time="0.000015208">
        </testcase>
        <testcase classname="src/everything.spec.ts" name="describe 33 &gt; example test 29" time="0.000063625">
            <failure message="expected true to be false // Object.is equality" type="AssertionError">
AssertionError: expected true to be false // Object.is equality

- Expected
+ Received

- false
+ true

 ❯ src/everything.spec.ts:8:18
            </failure>
        </testcase>
        <testcase classname="src/everything.spec.ts" name="describe 33 &gt; example test 30" time="0.000016084">
        </testcase>
        <testcase classname="src/everything.spec.ts" name="describe 33 &gt; example test 31" time="0.000062334">
            <failure message="expected true to be false // Object.is equality" type="AssertionError">
AssertionError: expected true to be false // Object.is equality

- Expected
+ Received

- false
+ true

 ❯ src/everything.spec.ts:8:18
            </failure>
        </testcase>
        <testcase classname="src/everything.spec.ts" name="describe 33 &gt; example test 32" time="0.000017875">
        </testcase>
        <testcase classname="src/everything.spec.ts" name="describe 33 &gt; example test 33" time="0.00006425">
            <failure message="expected true to be false // Object.is equality" type="AssertionError">
AssertionError: expected true to be false // Object.is equality

- Expected
+ Received

- false
+ true

 ❯ src/everything.spec.ts:8:18
            </failure>
        </testcase>
        <testcase classname="src/everything.spec.ts" name="describe 33 &gt; example test 34" time="0.0000165">
        </testcase>
        <testcase classname="src/everything.spec.ts" name="describe 33 &gt; example test 35" time="0.000062333">
            <failure message="expected true to be false // Object.is equality" type="AssertionError">
AssertionError: expected true to be false // Object.is equality

- Expected
+ Received

- false
+ true

 ❯ src/everything.spec.ts:8:18
            </failure>
        </testcase>
        <testcase classname="src/everything.spec.ts" name="describe 33 &gt; example test 36" time="0.000015416">
        </testcase>
        <testcase classname="src/everything.spec.ts" name="describe 33 &gt; example test 37" time="0.000062583">
            <failure message="expected true to be false // Object.is equality" type="AssertionError">
AssertionError: expected true to be false // Object.is equality

- Expected
+ Received

- false
+ true

 ❯ src/everything.spec.ts:8:18
            </failure>
        </testcase>
        <testcase classname="src/everything.spec.ts" name="describe 33 &gt; example test 38" time="0.000015458">
        </testcase>
        <testcase classname="src/everything.spec.ts" name="describe 33 &gt; example test 39" time="0.000108292">
            <failure message="expected true to be false // Object.is equality" type="AssertionError">
AssertionError: expected true to be false // Object.is equality

- Expected
+ Received

- false
+ true

 ❯ src/everything.spec.ts:8:18
            </failure>
        </testcase>
        <testcase classname="src/everything.spec.ts" name="describe 33 &gt; example test 40" time="0.000015917">
        </testcase>
        <testcase classname="src/everything.spec.ts" name="describe 33 &gt; example test 41" time="0.000062917">
            <failure message="expected true to be false // Object.is equality" type="AssertionError">
AssertionError: expected true to be false // Object.is equality

- Expected
+ Received

- false
+ true

 ❯ src/everything.spec.ts:8:18
            </failure>
        </testcase>
        <testcase classname="src/everything.spec.ts" name="describe 33 &gt; example test 42" time="0.000015291">
        </testcase>
        <testcase classname="src/everything.spec.ts" name="describe 33 &gt; example test 43" time="0.000063417">
            <failure message="expected true to be false // Object.is equality" type="AssertionError">
AssertionError: expected true to be false // Object.is equality

- Expected
+ Received

- false
+ true

 ❯ src/everything.spec.ts:8:18
            </failure>
        </testcase>
        <testcase classname="src/everything.spec.ts" name="describe 33 &gt; example test 44" time="0.000015458">
        </testcase>
        <testcase classname="src/everything.spec.ts" name="describe 33 &gt; example test 45" time="0.000064208">
            <failure message="expected true to be false // Object.is equality" type="AssertionError">
AssertionError: expected true to be false // Object.is equality

- Expected
+ Received

- false
+ true

 ❯ src/everything.spec.ts:8:18
            </failure>
        </testcase>
        <testcase classname="src/everything.spec.ts" name="describe 33 &gt; example test 46" time="0.000015292">
        </testcase>
        <testcase classname="src/everything.spec.ts" name="describe 33 &gt; example test 47" time="0.000064666">
            <failure message="expected true to be false // Object.is equality" type="AssertionError">
AssertionError: expected true to be false // Object.is equality

- Expected
+ Received

- false
+ true

 ❯ src/everything.spec.ts:8:18
            </failure>
        </testcase>
        <testcase classname="src/everything.spec.ts" name="describe 33 &gt; example test 48" time="0.000015084">
        </testcase>
        <testcase classname="src/everything.spec.ts" name="describe 33 &gt; example test 49" time="0.00006525">
            <failure message="expected true to be false // Object.is equality" type="AssertionError">
AssertionError: expected true to be false // Object.is equality

- Expected
+ Received

- false
+ true

 ❯ src/everything.spec.ts:8:18
            </failure>
        </testcase>
        <testcase classname="src/everything.spec.ts" name="describe 33 &gt; example test 50" time="0.000015791">
        </testcase>
        <testcase classname="src/everything.spec.ts" name="describe 33 &gt; example test 51" time="0.000062">
            <failure message="expected true to be false // Object.is equality" type="AssertionError">
AssertionError: expected true to be false // Object.is equality

- Expected
+ Received

- false
+ true

 ❯ src/everything.spec.ts:8:18
            </failure>
        </testcase>
        <testcase classname="src/everything.spec.ts" name="describe 33 &gt; example test 52" time="0.000015917">
        </testcase>
        <testcase classname="src/everything.spec.ts" name="describe 33 &gt; example test 53" time="0.000063583">
            <failure message="expected true to be false // Object.is equality" type="AssertionError">
AssertionError: expected true to be false // Object.is equality

- Expected
+ Received

- false
+ true

 ❯ src/everything.spec.ts:8:18
            </failure>
        </testcase>
        <testcase classname="src/everything.spec.ts" name="describe 33 &gt; example test 54" time="0.000015875">
        </testcase>
        <testcase classname="src/everything.spec.ts" name="describe 33 &gt; example test 55" time="0.000063041">
            <failure message="expected true to be false // Object.is equality" type="AssertionError">
AssertionError: expected true to be false // Object.is equality

- Expected
+ Received

- false
+ true

 ❯ src/everything.spec.ts:8:18
            </failure>
        </testcase>
        <testcase classname="src/everything.spec.ts" name="describe 33 &gt; example test 56" time="0.00001525">
        </testcase>
        <testcase classname="src/everything.spec.ts" name="describe 33 &gt; example test 57" time="0.0000635">
            <failure message="expected true to be false // Object.is equality" type="AssertionError">
AssertionError: expected true to be false // Object.is equality

- Expected
+ Received

- false
+ true

 ❯ src/everything.spec.ts:8:18
            </failure>
        </testcase>
        <testcase classname="src/everything.spec.ts" name="describe 33 &gt; example test 58" time="0.000016875">
        </testcase>
        <testcase classname="src/everything.spec.ts" name="describe 33 &gt; example test 59" time="0.000062167">
            <failure message="expected true to be false // Object.is equality" type="AssertionError">
AssertionError: expected true to be false // Object.is equality

- Expected
+ Received

- false
+ true

 ❯ src/everything.spec.ts:8:18
            </failure>
        </testcase>
        <testcase classname="src/everything.spec.ts" name="describe 33 &gt; example test 60" time="0.0000155">
        </testcase>
        <testcase classname="src/everything.spec.ts" name="describe 33 &gt; example test 61" time="0.000092541">
            <failure message="expected true to be false // Object.is equality" type="AssertionError">
AssertionError: expected true to be false // Object.is equality

- Expected
+ Received

- false
+ true

 ❯ src/everything.spec.ts:8:18
            </failure>
        </testcase>
        <testcase classname="src/everything.spec.ts" name="describe 33 &gt; example test 62" time="0.000060416">
        </testcase>
        <testcase classname="src/everything.spec.ts" name="describe 33 &gt; example test 63" time="0.00015925">
            <failure message="expected true to be false // Object.is equality" type="AssertionError">
AssertionError: expected true to be false // Object.is equality

- Expected
+ Received

- false
+ true

 ❯ src/everything.spec.ts:8:18
            </failure>
        </testcase>
        <testcase classname="src/everything.spec.ts" name="describe 33 &gt; example test 64" time="0.000022667">
        </testcase>
        <testcase classname="src/everything.spec.ts" name="describe 33 &gt; example test 65" time="0.000084042">
            <failure message="expected true to be false // Object.is equality" type="AssertionError">
AssertionError: expected true to be false // Object.is equality

- Expected
+ Received

- false
+ true

 ❯ src/everything.spec.ts:8:18
            </failure>
        </testcase>
        <testcase classname="src/everything.spec.ts" name="describe 33 &gt; example test 66" time="0.000020583">
        </testcase>
        <testcase classname="src/everything.spec.ts" name="describe 33 &gt; example test 67" time="0.000071875">
            <failure message="expected true to be false // Object.is equality" type="AssertionError">
AssertionError: expected true to be false // Object.is equality

- Expected
+ Received

- false
+ true

 ❯ src/everything.spec.ts:8:18
            </failure>
        </testcase>
        <testcase classname="src/everything.spec.ts" name="describe 33 &gt; example test 68" time="0.000016542">
        </testcase>
        <testcase classname="src/everything.spec.ts" name="describe 33 &gt; example test 69" time="0.000070334">
            <failure message="expected true to be false // Object.is equality" type="AssertionError">
AssertionError: expected true to be false // Object.is equality

- Expected
+ Received

- false
+ true

 ❯ src/everything.spec.ts:8:18
            </failure>
        </testcase>
        <testcase classname="src/everything.spec.ts" name="describe 33 &gt; example test 70" time="0.00001875">
        </testcase>
        <testcase classname="src/everything.spec.ts" name="describe 33 &gt; example test 71" time="0.000068417">
            <failure message="expected true to be false // Object.is equality" type="AssertionError">
AssertionError: expected true to be false // Object.is equality

- Expected
+ Received

- false
+ true

 ❯ src/everything.spec.ts:8:18
            </failure>
        </testcase>
        <testcase classname="src/everything.spec.ts" name="describe 33 &gt; example test 72" time="0.000019041">
        </testcase>
        <testcase classname="src/everything.spec.ts" name="describe 33 &gt; example test 73" time="0.000064667">
            <failure message="expected true to be false // Object.is equality" type="AssertionError">
AssertionError: expected true to be false // Object.is equality

- Expected
+ Received

- false
+ true

 ❯ src/everything.spec.ts:8:18
            </failure>
        </testcase>
        <testcase classname="src/everything.spec.ts" name="describe 33 &gt; example test 74" time="0.000015792">
        </testcase>
        <testcase classname="src/everything.spec.ts" name="describe 33 &gt; example test 75" time="0.000067875">
            <failure message="expected true to be false // Object.is equality" type="AssertionError">
AssertionError: expected true to be false // Object.is equality

- Expected
+ Received

- false
+ true

 ❯ src/everything.spec.ts:8:18
            </failure>
        </testcase>
        <testcase classname="src/everything.spec.ts" name="describe 33 &gt; example test 76" time="0.00001875">
        </testcase>
        <testcase classname="src/everything.spec.ts" name="describe 33 &gt; example test 77" time="0.000069833">
            <failure message="expected true to be false // Object.is equality" type="AssertionError">
AssertionError: expected true to be false // Object.is equality

- Expected
+ Received

- false
+ true

 ❯ src/everything.spec.ts:8:18
            </failure>
        </testcase>
        <testcase classname="src/everything.spec.ts" name="describe 33 &gt; example test 78" time="0.000017375">
        </testcase>
        <testcase classname="src/everything.spec.ts" name="describe 33 &gt; example test 79" time="0.000066458">
            <failure message="expected true to be false // Object.is equality" type="AssertionError">
AssertionError: expected true to be false // Object.is equality

- Expected
+ Received

- false
+ true

 ❯ src/everything.spec.ts:8:18
            </failure>
        </testcase>
        <testcase classname="src/everything.spec.ts" name="describe 33 &gt; example test 80" time="0.000016167">
        </testcase>
        <testcase classname="src/everything.spec.ts" name="describe 33 &gt; example test 81" time="0.000064375">
            <failure message="expected true to be false // Object.is equality" type="AssertionError">
AssertionError: expected true to be false // Object.is equality

- Expected
+ Received

- false
+ true

 ❯ src/everything.spec.ts:8:18
            </failure>
        </testcase>
        <testcase classname="src/everything.spec.ts" name="describe 33 &gt; example test 82" time="0.000015417">
        </testcase>
        <testcase classname="src/everything.spec.ts" name="describe 33 &gt; example test 83" time="0.000063916">
            <failure message="expected true to be false // Object.is equality" type="AssertionError">
AssertionError: expected true to be false // Object.is equality

- Expected
+ Received

- false
+ true

 ❯ src/everything.spec.ts:8:18
            </failure>
        </testcase>
        <testcase classname="src/everything.spec.ts" name="describe 33 &gt; example test 84" time="0.00001675">
        </testcase>
        <testcase classname="src/everything.spec.ts" name="describe 33 &gt; example test 85" time="0.000626458">
            <failure message="expected true to be false // Object.is equality" type="AssertionError">
AssertionError: expected true to be false // Object.is equality

- Expected
+ Received

- false
+ true

 ❯ src/everything.spec.ts:8:18
            </failure>
        </testcase>
        <testcase classname="src/everything.spec.ts" name="describe 33 &gt; example test 86" time="0.00002075">
        </testcase>
        <testcase classname="src/everything.spec.ts" name="describe 33 &gt; example test 87" time="0.000066334">
            <failure message="expected true to be false // Object.is equality" type="AssertionError">
AssertionError: expected true to be false // Object.is equality

- Expected
+ Received

- false
+ true

 ❯ src/everything.spec.ts:8:18
            </failure>
        </testcase>
        <testcase classname="src/everything.spec.ts" name="describe 33 &gt; example test 88" time="0.000015625">
        </testcase>
        <testcase classname="src/everything.spec.ts" name="describe 33 &gt; example test 89" time="0.000064459">
            <failure message="expected true to be false // Object.is equality" type="AssertionError">
AssertionError: expected true to be false // Object.is equality

- Expected
+ Received

- false
+ true

 ❯ src/everything.spec.ts:8:18
            </failure>
        </testcase>
        <testcase classname="src/everything.spec.ts" name="describe 33 &gt; example test 90" time="0.000016167">
        </testcase>
        <testcase classname="src/everything.spec.ts" name="describe 33 &gt; example test 91" time="0.00006325">
            <failure message="expected true to be false // Object.is equality" type="AssertionError">
AssertionError: expected true to be false // Object.is equality

- Expected
+ Received

- false
+ true

 ❯ src/everything.spec.ts:8:18
            </failure>
        </testcase>
        <testcase classname="src/everything.spec.ts" name="describe 33 &gt; example test 92" time="0.000016">
        </testcase>
        <testcase classname="src/everything.spec.ts" name="describe 33 &gt; example test 93" time="0.000076458">
            <failure message="expected true to be false // Object.is equality" type="AssertionError">
AssertionError: expected true to be false // Object.is equality

- Expected
+ Received

- false
+ true

 ❯ src/everything.spec.ts:8:18
            </failure>
        </testcase>
        <testcase classname="src/everything.spec.ts" name="describe 33 &gt; example test 94" time="0.000017542">
        </testcase>
        <testcase classname="src/everything.spec.ts" name="describe 33 &gt; example test 95" time="0.000066333">
            <failure message="expected true to be false // Object.is equality" type="AssertionError">
AssertionError: expected true to be false // Object.is equality

- Expected
+ Received

- false
+ true

 ❯ src/everything.spec.ts:8:18
            </failure>
        </testcase>
        <testcase classname="src/everything.spec.ts" name="describe 33 &gt; example test 96" time="0.000016083">
        </testcase>
        <testcase classname="src/everything.spec.ts" name="describe 33 &gt; example test 97" time="0.000066">
            <failure message="expected true to be false // Object.is equality" type="AssertionError">
AssertionError: expected true to be false // Object.is equality

- Expected
+ Received

- false
+ true

 ❯ src/everything.spec.ts:8:18
            </failure>
        </testcase>
        <testcase classname="src/everything.spec.ts" name="describe 33 &gt; example test 98" time="0.000015708">
        </testcase>
        <testcase classname="src/everything.spec.ts" name="describe 33 &gt; example test 99" time="0.000067958">
            <failure message="expected true to be false // Object.is equality" type="AssertionError">
AssertionError: expected true to be false // Object.is equality

- Expected
+ Received

- false
+ true

 ❯ src/everything.spec.ts:8:18
            </failure>
        </testcase>
        <testcase classname="src/everything.spec.ts" name="describe 33 &gt; example test 100" time="0.000016292">
        </testcase>
        <testcase classname="src/everything.spec.ts" name="describe 34 &gt; example test 1" time="0.00006925">
            <failure message="expected true to be false // Object.is equality" type="AssertionError">
AssertionError: expected true to be false // Object.is equality

- Expected
+ Received

- false
+ true

 ❯ src/everything.spec.ts:8:18
            </failure>
        </testcase>
        <testcase classname="src/everything.spec.ts" name="describe 34 &gt; example test 2" time="0.000017084">
        </testcase>
        <testcase classname="src/everything.spec.ts" name="describe 34 &gt; example test 3" time="0.000067417">
            <failure message="expected true to be false // Object.is equality" type="AssertionError">
AssertionError: expected true to be false // Object.is equality

- Expected
+ Received

- false
+ true

 ❯ src/everything.spec.ts:8:18
            </failure>
        </testcase>
        <testcase classname="src/everything.spec.ts" name="describe 34 &gt; example test 4" time="0.0000165">
        </testcase>
        <testcase classname="src/everything.spec.ts" name="describe 34 &gt; example test 5" time="0.000068959">
            <failure message="expected true to be false // Object.is equality" type="AssertionError">
AssertionError: expected true to be false // Object.is equality

- Expected
+ Received

- false
+ true

 ❯ src/everything.spec.ts:8:18
            </failure>
        </testcase>
        <testcase classname="src/everything.spec.ts" name="describe 34 &gt; example test 6" time="0.000016125">
        </testcase>
        <testcase classname="src/everything.spec.ts" name="describe 34 &gt; example test 7" time="0.000067667">
            <failure message="expected true to be false // Object.is equality" type="AssertionError">
AssertionError: expected true to be false // Object.is equality

- Expected
+ Received

- false
+ true

 ❯ src/everything.spec.ts:8:18
            </failure>
        </testcase>
        <testcase classname="src/everything.spec.ts" name="describe 34 &gt; example test 8" time="0.000015958">
        </testcase>
        <testcase classname="src/everything.spec.ts" name="describe 34 &gt; example test 9" time="0.000075209">
            <failure message="expected true to be false // Object.is equality" type="AssertionError">
AssertionError: expected true to be false // Object.is equality

- Expected
+ Received

- false
+ true

 ❯ src/everything.spec.ts:8:18
            </failure>
        </testcase>
        <testcase classname="src/everything.spec.ts" name="describe 34 &gt; example test 10" time="0.000017542">
        </testcase>
        <testcase classname="src/everything.spec.ts" name="describe 34 &gt; example test 11" time="0.000067292">
            <failure message="expected true to be false // Object.is equality" type="AssertionError">
AssertionError: expected true to be false // Object.is equality

- Expected
+ Received

- false
+ true

 ❯ src/everything.spec.ts:8:18
            </failure>
        </testcase>
        <testcase classname="src/everything.spec.ts" name="describe 34 &gt; example test 12" time="0.000017167">
        </testcase>
        <testcase classname="src/everything.spec.ts" name="describe 34 &gt; example test 13" time="0.000089083">
            <failure message="expected true to be false // Object.is equality" type="AssertionError">
AssertionError: expected true to be false // Object.is equality

- Expected
+ Received

- false
+ true

 ❯ src/everything.spec.ts:8:18
            </failure>
        </testcase>
        <testcase classname="src/everything.spec.ts" name="describe 34 &gt; example test 14" time="0.000020791">
        </testcase>
        <testcase classname="src/everything.spec.ts" name="describe 34 &gt; example test 15" time="0.000067416">
            <failure message="expected true to be false // Object.is equality" type="AssertionError">
AssertionError: expected true to be false // Object.is equality

- Expected
+ Received

- false
+ true

 ❯ src/everything.spec.ts:8:18
            </failure>
        </testcase>
        <testcase classname="src/everything.spec.ts" name="describe 34 &gt; example test 16" time="0.000015875">
        </testcase>
        <testcase classname="src/everything.spec.ts" name="describe 34 &gt; example test 17" time="0.000065667">
            <failure message="expected true to be false // Object.is equality" type="AssertionError">
AssertionError: expected true to be false // Object.is equality

- Expected
+ Received

- false
+ true

 ❯ src/everything.spec.ts:8:18
            </failure>
        </testcase>
        <testcase classname="src/everything.spec.ts" name="describe 34 &gt; example test 18" time="0.000018584">
        </testcase>
        <testcase classname="src/everything.spec.ts" name="describe 34 &gt; example test 19" time="0.000067375">
            <failure message="expected true to be false // Object.is equality" type="AssertionError">
AssertionError: expected true to be false // Object.is equality

- Expected
+ Received

- false
+ true

 ❯ src/everything.spec.ts:8:18
            </failure>
        </testcase>
        <testcase classname="src/everything.spec.ts" name="describe 34 &gt; example test 20" time="0.000017291">
        </testcase>
        <testcase classname="src/everything.spec.ts" name="describe 34 &gt; example test 21" time="0.000319625">
            <failure message="expected true to be false // Object.is equality" type="AssertionError">
AssertionError: expected true to be false // Object.is equality

- Expected
+ Received

- false
+ true

 ❯ src/everything.spec.ts:8:18
            </failure>
        </testcase>
        <testcase classname="src/everything.spec.ts" name="describe 34 &gt; example test 22" time="0.00004425">
        </testcase>
        <testcase classname="src/everything.spec.ts" name="describe 34 &gt; example test 23" time="0.000121833">
            <failure message="expected true to be false // Object.is equality" type="AssertionError">
AssertionError: expected true to be false // Object.is equality

- Expected
+ Received

- false
+ true

 ❯ src/everything.spec.ts:8:18
            </failure>
        </testcase>
        <testcase classname="src/everything.spec.ts" name="describe 34 &gt; example test 24" time="0.000028583">
        </testcase>
        <testcase classname="src/everything.spec.ts" name="describe 34 &gt; example test 25" time="0.000111459">
            <failure message="expected true to be false // Object.is equality" type="AssertionError">
AssertionError: expected true to be false // Object.is equality

- Expected
+ Received

- false
+ true

 ❯ src/everything.spec.ts:8:18
            </failure>
        </testcase>
        <testcase classname="src/everything.spec.ts" name="describe 34 &gt; example test 26" time="0.000027042">
        </testcase>
        <testcase classname="src/everything.spec.ts" name="describe 34 &gt; example test 27" time="0.000102209">
            <failure message="expected true to be false // Object.is equality" type="AssertionError">
AssertionError: expected true to be false // Object.is equality

- Expected
+ Received

- false
+ true

 ❯ src/everything.spec.ts:8:18
            </failure>
        </testcase>
        <testcase classname="src/everything.spec.ts" name="describe 34 &gt; example test 28" time="0.000026625">
        </testcase>
        <testcase classname="src/everything.spec.ts" name="describe 34 &gt; example test 29" time="0.000102958">
            <failure message="expected true to be false // Object.is equality" type="AssertionError">
AssertionError: expected true to be false // Object.is equality

- Expected
+ Received

- false
+ true

 ❯ src/everything.spec.ts:8:18
            </failure>
        </testcase>
        <testcase classname="src/everything.spec.ts" name="describe 34 &gt; example test 30" time="0.000027084">
        </testcase>
        <testcase classname="src/everything.spec.ts" name="describe 34 &gt; example test 31" time="0.000095583">
            <failure message="expected true to be false // Object.is equality" type="AssertionError">
AssertionError: expected true to be false // Object.is equality

- Expected
+ Received

- false
+ true

 ❯ src/everything.spec.ts:8:18
            </failure>
        </testcase>
        <testcase classname="src/everything.spec.ts" name="describe 34 &gt; example test 32" time="0.000023416">
        </testcase>
        <testcase classname="src/everything.spec.ts" name="describe 34 &gt; example test 33" time="0.000097209">
            <failure message="expected true to be false // Object.is equality" type="AssertionError">
AssertionError: expected true to be false // Object.is equality

- Expected
+ Received

- false
+ true

 ❯ src/everything.spec.ts:8:18
            </failure>
        </testcase>
        <testcase classname="src/everything.spec.ts" name="describe 34 &gt; example test 34" time="0.000025417">
        </testcase>
        <testcase classname="src/everything.spec.ts" name="describe 34 &gt; example test 35" time="0.000098542">
            <failure message="expected true to be false // Object.is equality" type="AssertionError">
AssertionError: expected true to be false // Object.is equality

- Expected
+ Received

- false
+ true

 ❯ src/everything.spec.ts:8:18
            </failure>
        </testcase>
        <testcase classname="src/everything.spec.ts" name="describe 34 &gt; example test 36" time="0.000024125">
        </testcase>
        <testcase classname="src/everything.spec.ts" name="describe 34 &gt; example test 37" time="0.000100542">
            <failure message="expected true to be false // Object.is equality" type="AssertionError">
AssertionError: expected true to be false // Object.is equality

- Expected
+ Received

- false
+ true

 ❯ src/everything.spec.ts:8:18
            </failure>
        </testcase>
        <testcase classname="src/everything.spec.ts" name="describe 34 &gt; example test 38" time="0.000023375">
        </testcase>
        <testcase classname="src/everything.spec.ts" name="describe 34 &gt; example test 39" time="0.000094958">
            <failure message="expected true to be false // Object.is equality" type="AssertionError">
AssertionError: expected true to be false // Object.is equality

- Expected
+ Received

- false
+ true

 ❯ src/everything.spec.ts:8:18
            </failure>
        </testcase>
        <testcase classname="src/everything.spec.ts" name="describe 34 &gt; example test 40" time="0.000025292">
        </testcase>
        <testcase classname="src/everything.spec.ts" name="describe 34 &gt; example test 41" time="0.000097125">
            <failure message="expected true to be false // Object.is equality" type="AssertionError">
AssertionError: expected true to be false // Object.is equality

- Expected
+ Received

- false
+ true

 ❯ src/everything.spec.ts:8:18
            </failure>
        </testcase>
        <testcase classname="src/everything.spec.ts" name="describe 34 &gt; example test 42" time="0.000021208">
        </testcase>
        <testcase classname="src/everything.spec.ts" name="describe 34 &gt; example test 43" time="0.000098167">
            <failure message="expected true to be false // Object.is equality" type="AssertionError">
AssertionError: expected true to be false // Object.is equality

- Expected
+ Received

- false
+ true

 ❯ src/everything.spec.ts:8:18
            </failure>
        </testcase>
        <testcase classname="src/everything.spec.ts" name="describe 34 &gt; example test 44" time="0.000020917">
        </testcase>
        <testcase classname="src/everything.spec.ts" name="describe 34 &gt; example test 45" time="0.000133125">
            <failure message="expected true to be false // Object.is equality" type="AssertionError">
AssertionError: expected true to be false // Object.is equality

- Expected
+ Received

- false
+ true

 ❯ src/everything.spec.ts:8:18
            </failure>
        </testcase>
        <testcase classname="src/everything.spec.ts" name="describe 34 &gt; example test 46" time="0.000021583">
        </testcase>
        <testcase classname="src/everything.spec.ts" name="describe 34 &gt; example test 47" time="0.000098">
            <failure message="expected true to be false // Object.is equality" type="AssertionError">
AssertionError: expected true to be false // Object.is equality

- Expected
+ Received

- false
+ true

 ❯ src/everything.spec.ts:8:18
            </failure>
        </testcase>
        <testcase classname="src/everything.spec.ts" name="describe 34 &gt; example test 48" time="0.000020042">
        </testcase>
        <testcase classname="src/everything.spec.ts" name="describe 34 &gt; example test 49" time="0.000094708">
            <failure message="expected true to be false // Object.is equality" type="AssertionError">
AssertionError: expected true to be false // Object.is equality

- Expected
+ Received

- false
+ true

 ❯ src/everything.spec.ts:8:18
            </failure>
        </testcase>
        <testcase classname="src/everything.spec.ts" name="describe 34 &gt; example test 50" time="0.000020459">
        </testcase>
        <testcase classname="src/everything.spec.ts" name="describe 34 &gt; example test 51" time="0.000102125">
            <failure message="expected true to be false // Object.is equality" type="AssertionError">
AssertionError: expected true to be false // Object.is equality

- Expected
+ Received

- false
+ true

 ❯ src/everything.spec.ts:8:18
            </failure>
        </testcase>
        <testcase classname="src/everything.spec.ts" name="describe 34 &gt; example test 52" time="0.000020167">
        </testcase>
        <testcase classname="src/everything.spec.ts" name="describe 34 &gt; example test 53" time="0.000099">
            <failure message="expected true to be false // Object.is equality" type="AssertionError">
AssertionError: expected true to be false // Object.is equality

- Expected
+ Received

- false
+ true

 ❯ src/everything.spec.ts:8:18
            </failure>
        </testcase>
        <testcase classname="src/everything.spec.ts" name="describe 34 &gt; example test 54" time="0.000021708">
        </testcase>
        <testcase classname="src/everything.spec.ts" name="describe 34 &gt; example test 55" time="0.000089792">
            <failure message="expected true to be false // Object.is equality" type="AssertionError">
AssertionError: expected true to be false // Object.is equality

- Expected
+ Received

- false
+ true

 ❯ src/everything.spec.ts:8:18
            </failure>
        </testcase>
        <testcase classname="src/everything.spec.ts" name="describe 34 &gt; example test 56" time="0.000020709">
        </testcase>
        <testcase classname="src/everything.spec.ts" name="describe 34 &gt; example test 57" time="0.0000985">
            <failure message="expected true to be false // Object.is equality" type="AssertionError">
AssertionError: expected true to be false // Object.is equality

- Expected
+ Received

- false
+ true

 ❯ src/everything.spec.ts:8:18
            </failure>
        </testcase>
        <testcase classname="src/everything.spec.ts" name="describe 34 &gt; example test 58" time="0.000020209">
        </testcase>
        <testcase classname="src/everything.spec.ts" name="describe 34 &gt; example test 59" time="0.000102667">
            <failure message="expected true to be false // Object.is equality" type="AssertionError">
AssertionError: expected true to be false // Object.is equality

- Expected
+ Received

- false
+ true

 ❯ src/everything.spec.ts:8:18
            </failure>
        </testcase>
        <testcase classname="src/everything.spec.ts" name="describe 34 &gt; example test 60" time="0.000020542">
        </testcase>
        <testcase classname="src/everything.spec.ts" name="describe 34 &gt; example test 61" time="0.000103375">
            <failure message="expected true to be false // Object.is equality" type="AssertionError">
AssertionError: expected true to be false // Object.is equality

- Expected
+ Received

- false
+ true

 ❯ src/everything.spec.ts:8:18
            </failure>
        </testcase>
        <testcase classname="src/everything.spec.ts" name="describe 34 &gt; example test 62" time="0.000020834">
        </testcase>
        <testcase classname="src/everything.spec.ts" name="describe 34 &gt; example test 63" time="0.000096833">
            <failure message="expected true to be false // Object.is equality" type="AssertionError">
AssertionError: expected true to be false // Object.is equality

- Expected
+ Received

- false
+ true

 ❯ src/everything.spec.ts:8:18
            </failure>
        </testcase>
        <testcase classname="src/everything.spec.ts" name="describe 34 &gt; example test 64" time="0.000021292">
        </testcase>
        <testcase classname="src/everything.spec.ts" name="describe 34 &gt; example test 65" time="0.000103792">
            <failure message="expected true to be false // Object.is equality" type="AssertionError">
AssertionError: expected true to be false // Object.is equality

- Expected
+ Received

- false
+ true

 ❯ src/everything.spec.ts:8:18
            </failure>
        </testcase>
        <testcase classname="src/everything.spec.ts" name="describe 34 &gt; example test 66" time="0.00002125">
        </testcase>
        <testcase classname="src/everything.spec.ts" name="describe 34 &gt; example test 67" time="0.000095541">
            <failure message="expected true to be false // Object.is equality" type="AssertionError">
AssertionError: expected true to be false // Object.is equality

- Expected
+ Received

- false
+ true

 ❯ src/everything.spec.ts:8:18
            </failure>
        </testcase>
        <testcase classname="src/everything.spec.ts" name="describe 34 &gt; example test 68" time="0.000020667">
        </testcase>
        <testcase classname="src/everything.spec.ts" name="describe 34 &gt; example test 69" time="0.000102958">
            <failure message="expected true to be false // Object.is equality" type="AssertionError">
AssertionError: expected true to be false // Object.is equality

- Expected
+ Received

- false
+ true

 ❯ src/everything.spec.ts:8:18
            </failure>
        </testcase>
        <testcase classname="src/everything.spec.ts" name="describe 34 &gt; example test 70" time="0.000027417">
        </testcase>
        <testcase classname="src/everything.spec.ts" name="describe 34 &gt; example test 71" time="0.000098584">
            <failure message="expected true to be false // Object.is equality" type="AssertionError">
AssertionError: expected true to be false // Object.is equality

- Expected
+ Received

- false
+ true

 ❯ src/everything.spec.ts:8:18
            </failure>
        </testcase>
        <testcase classname="src/everything.spec.ts" name="describe 34 &gt; example test 72" time="0.000020625">
        </testcase>
        <testcase classname="src/everything.spec.ts" name="describe 34 &gt; example test 73" time="0.000097">
            <failure message="expected true to be false // Object.is equality" type="AssertionError">
AssertionError: expected true to be false // Object.is equality

- Expected
+ Received

- false
+ true

 ❯ src/everything.spec.ts:8:18
            </failure>
        </testcase>
        <testcase classname="src/everything.spec.ts" name="describe 34 &gt; example test 74" time="0.000020417">
        </testcase>
        <testcase classname="src/everything.spec.ts" name="describe 34 &gt; example test 75" time="0.000105459">
            <failure message="expected true to be false // Object.is equality" type="AssertionError">
AssertionError: expected true to be false // Object.is equality

- Expected
+ Received

- false
+ true

 ❯ src/everything.spec.ts:8:18
            </failure>
        </testcase>
        <testcase classname="src/everything.spec.ts" name="describe 34 &gt; example test 76" time="0.0000225">
        </testcase>
        <testcase classname="src/everything.spec.ts" name="describe 34 &gt; example test 77" time="0.000090333">
            <failure message="expected true to be false // Object.is equality" type="AssertionError">
AssertionError: expected true to be false // Object.is equality

- Expected
+ Received

- false
+ true

 ❯ src/everything.spec.ts:8:18
            </failure>
        </testcase>
        <testcase classname="src/everything.spec.ts" name="describe 34 &gt; example test 78" time="0.00002025">
        </testcase>
        <testcase classname="src/everything.spec.ts" name="describe 34 &gt; example test 79" time="0.000090875">
            <failure message="expected true to be false // Object.is equality" type="AssertionError">
AssertionError: expected true to be false // Object.is equality

- Expected
+ Received

- false
+ true

 ❯ src/everything.spec.ts:8:18
            </failure>
        </testcase>
        <testcase classname="src/everything.spec.ts" name="describe 34 &gt; example test 80" time="0.000021584">
        </testcase>
        <testcase classname="src/everything.spec.ts" name="describe 34 &gt; example test 81" time="0.000104292">
            <failure message="expected true to be false // Object.is equality" type="AssertionError">
AssertionError: expected true to be false // Object.is equality

- Expected
+ Received

- false
+ true

 ❯ src/everything.spec.ts:8:18
            </failure>
        </testcase>
        <testcase classname="src/everything.spec.ts" name="describe 34 &gt; example test 82" time="0.000023792">
        </testcase>
        <testcase classname="src/everything.spec.ts" name="describe 34 &gt; example test 83" time="0.000096">
            <failure message="expected true to be false // Object.is equality" type="AssertionError">
AssertionError: expected true to be false // Object.is equality

- Expected
+ Received

- false
+ true

 ❯ src/everything.spec.ts:8:18
            </failure>
        </testcase>
        <testcase classname="src/everything.spec.ts" name="describe 34 &gt; example test 84" time="0.000020375">
        </testcase>
        <testcase classname="src/everything.spec.ts" name="describe 34 &gt; example test 85" time="0.000098166">
            <failure message="expected true to be false // Object.is equality" type="AssertionError">
AssertionError: expected true to be false // Object.is equality

- Expected
+ Received

- false
+ true

 ❯ src/everything.spec.ts:8:18
            </failure>
        </testcase>
        <testcase classname="src/everything.spec.ts" name="describe 34 &gt; example test 86" time="0.000022708">
        </testcase>
        <testcase classname="src/everything.spec.ts" name="describe 34 &gt; example test 87" time="0.0000945">
            <failure message="expected true to be false // Object.is equality" type="AssertionError">
AssertionError: expected true to be false // Object.is equality

- Expected
+ Received

- false
+ true

 ❯ src/everything.spec.ts:8:18
            </failure>
        </testcase>
        <testcase classname="src/everything.spec.ts" name="describe 34 &gt; example test 88" time="0.000019917">
        </testcase>
        <testcase classname="src/everything.spec.ts" name="describe 34 &gt; example test 89" time="0.0001025">
            <failure message="expected true to be false // Object.is equality" type="AssertionError">
AssertionError: expected true to be false // Object.is equality

- Expected
+ Received

- false
+ true

 ❯ src/everything.spec.ts:8:18
            </failure>
        </testcase>
        <testcase classname="src/everything.spec.ts" name="describe 34 &gt; example test 90" time="0.000019084">
        </testcase>
        <testcase classname="src/everything.spec.ts" name="describe 34 &gt; example test 91" time="0.0001005">
            <failure message="expected true to be false // Object.is equality" type="AssertionError">
AssertionError: expected true to be false // Object.is equality

- Expected
+ Received

- false
+ true

 ❯ src/everything.spec.ts:8:18
            </failure>
        </testcase>
        <testcase classname="src/everything.spec.ts" name="describe 34 &gt; example test 92" time="0.000020708">
        </testcase>
        <testcase classname="src/everything.spec.ts" name="describe 34 &gt; example test 93" time="0.000099791">
            <failure message="expected true to be false // Object.is equality" type="AssertionError">
AssertionError: expected true to be false // Object.is equality

- Expected
+ Received

- false
+ true

 ❯ src/everything.spec.ts:8:18
            </failure>
        </testcase>
        <testcase classname="src/everything.spec.ts" name="describe 34 &gt; example test 94" time="0.000020542">
        </testcase>
        <testcase classname="src/everything.spec.ts" name="describe 34 &gt; example test 95" time="0.000108875">
            <failure message="expected true to be false // Object.is equality" type="AssertionError">
AssertionError: expected true to be false // Object.is equality

- Expected
+ Received

- false
+ true

 ❯ src/everything.spec.ts:8:18
            </failure>
        </testcase>
        <testcase classname="src/everything.spec.ts" name="describe 34 &gt; example test 96" time="0.000022042">
        </testcase>
        <testcase classname="src/everything.spec.ts" name="describe 34 &gt; example test 97" time="0.00010525">
            <failure message="expected true to be false // Object.is equality" type="AssertionError">
AssertionError: expected true to be false // Object.is equality

- Expected
+ Received

- false
+ true

 ❯ src/everything.spec.ts:8:18
            </failure>
        </testcase>
        <testcase classname="src/everything.spec.ts" name="describe 34 &gt; example test 98" time="0.000022042">
        </testcase>
        <testcase classname="src/everything.spec.ts" name="describe 34 &gt; example test 99" time="0.000106292">
            <failure message="expected true to be false // Object.is equality" type="AssertionError">
AssertionError: expected true to be false // Object.is equality

- Expected
+ Received

- false
+ true

 ❯ src/everything.spec.ts:8:18
            </failure>
        </testcase>
        <testcase classname="src/everything.spec.ts" name="describe 34 &gt; example test 100" time="0.000022459">
        </testcase>
        <testcase classname="src/everything.spec.ts" name="describe 35 &gt; example test 1" time="0.000102666">
            <failure message="expected true to be false // Object.is equality" type="AssertionError">
AssertionError: expected true to be false // Object.is equality

- Expected
+ Received

- false
+ true

 ❯ src/everything.spec.ts:8:18
            </failure>
        </testcase>
        <testcase classname="src/everything.spec.ts" name="describe 35 &gt; example test 2" time="0.00002175">
        </testcase>
        <testcase classname="src/everything.spec.ts" name="describe 35 &gt; example test 3" time="0.000100666">
            <failure message="expected true to be false // Object.is equality" type="AssertionError">
AssertionError: expected true to be false // Object.is equality

- Expected
+ Received

- false
+ true

 ❯ src/everything.spec.ts:8:18
            </failure>
        </testcase>
        <testcase classname="src/everything.spec.ts" name="describe 35 &gt; example test 4" time="0.0000225">
        </testcase>
        <testcase classname="src/everything.spec.ts" name="describe 35 &gt; example test 5" time="0.000104459">
            <failure message="expected true to be false // Object.is equality" type="AssertionError">
AssertionError: expected true to be false // Object.is equality

- Expected
+ Received

- false
+ true

 ❯ src/everything.spec.ts:8:18
            </failure>
        </testcase>
        <testcase classname="src/everything.spec.ts" name="describe 35 &gt; example test 6" time="0.000025167">
        </testcase>
        <testcase classname="src/everything.spec.ts" name="describe 35 &gt; example test 7" time="0.00009675">
            <failure message="expected true to be false // Object.is equality" type="AssertionError">
AssertionError: expected true to be false // Object.is equality

- Expected
+ Received

- false
+ true

 ❯ src/everything.spec.ts:8:18
            </failure>
        </testcase>
        <testcase classname="src/everything.spec.ts" name="describe 35 &gt; example test 8" time="0.000023416">
        </testcase>
        <testcase classname="src/everything.spec.ts" name="describe 35 &gt; example test 9" time="0.000105625">
            <failure message="expected true to be false // Object.is equality" type="AssertionError">
AssertionError: expected true to be false // Object.is equality

- Expected
+ Received

- false
+ true

 ❯ src/everything.spec.ts:8:18
            </failure>
        </testcase>
        <testcase classname="src/everything.spec.ts" name="describe 35 &gt; example test 10" time="0.000025208">
        </testcase>
        <testcase classname="src/everything.spec.ts" name="describe 35 &gt; example test 11" time="0.00009725">
            <failure message="expected true to be false // Object.is equality" type="AssertionError">
AssertionError: expected true to be false // Object.is equality

- Expected
+ Received

- false
+ true

 ❯ src/everything.spec.ts:8:18
            </failure>
        </testcase>
        <testcase classname="src/everything.spec.ts" name="describe 35 &gt; example test 12" time="0.000027334">
        </testcase>
        <testcase classname="src/everything.spec.ts" name="describe 35 &gt; example test 13" time="0.000131542">
            <failure message="expected true to be false // Object.is equality" type="AssertionError">
AssertionError: expected true to be false // Object.is equality

- Expected
+ Received

- false
+ true

 ❯ src/everything.spec.ts:8:18
            </failure>
        </testcase>
        <testcase classname="src/everything.spec.ts" name="describe 35 &gt; example test 14" time="0.000061333">
        </testcase>
        <testcase classname="src/everything.spec.ts" name="describe 35 &gt; example test 15" time="0.000267166">
            <failure message="expected true to be false // Object.is equality" type="AssertionError">
AssertionError: expected true to be false // Object.is equality

- Expected
+ Received

- false
+ true

 ❯ src/everything.spec.ts:8:18
            </failure>
        </testcase>
        <testcase classname="src/everything.spec.ts" name="describe 35 &gt; example test 16" time="0.000072125">
        </testcase>
        <testcase classname="src/everything.spec.ts" name="describe 35 &gt; example test 17" time="0.000188625">
            <failure message="expected true to be false // Object.is equality" type="AssertionError">
AssertionError: expected true to be false // Object.is equality

- Expected
+ Received

- false
+ true

 ❯ src/everything.spec.ts:8:18
            </failure>
        </testcase>
        <testcase classname="src/everything.spec.ts" name="describe 35 &gt; example test 18" time="0.000038417">
        </testcase>
        <testcase classname="src/everything.spec.ts" name="describe 35 &gt; example test 19" time="0.000155458">
            <failure message="expected true to be false // Object.is equality" type="AssertionError">
AssertionError: expected true to be false // Object.is equality

- Expected
+ Received

- false
+ true

 ❯ src/everything.spec.ts:8:18
            </failure>
        </testcase>
        <testcase classname="src/everything.spec.ts" name="describe 35 &gt; example test 20" time="0.000050208">
        </testcase>
        <testcase classname="src/everything.spec.ts" name="describe 35 &gt; example test 21" time="0.000162375">
            <failure message="expected true to be false // Object.is equality" type="AssertionError">
AssertionError: expected true to be false // Object.is equality

- Expected
+ Received

- false
+ true

 ❯ src/everything.spec.ts:8:18
            </failure>
        </testcase>
        <testcase classname="src/everything.spec.ts" name="describe 35 &gt; example test 22" time="0.000034125">
        </testcase>
        <testcase classname="src/everything.spec.ts" name="describe 35 &gt; example test 23" time="0.000170042">
            <failure message="expected true to be false // Object.is equality" type="AssertionError">
AssertionError: expected true to be false // Object.is equality

- Expected
+ Received

- false
+ true

 ❯ src/everything.spec.ts:8:18
            </failure>
        </testcase>
        <testcase classname="src/everything.spec.ts" name="describe 35 &gt; example test 24" time="0.000030666">
        </testcase>
        <testcase classname="src/everything.spec.ts" name="describe 35 &gt; example test 25" time="0.000192041">
            <failure message="expected true to be false // Object.is equality" type="AssertionError">
AssertionError: expected true to be false // Object.is equality

- Expected
+ Received

- false
+ true

 ❯ src/everything.spec.ts:8:18
            </failure>
        </testcase>
        <testcase classname="src/everything.spec.ts" name="describe 35 &gt; example test 26" time="0.000040125">
        </testcase>
        <testcase classname="src/everything.spec.ts" name="describe 35 &gt; example test 27" time="0.000122084">
            <failure message="expected true to be false // Object.is equality" type="AssertionError">
AssertionError: expected true to be false // Object.is equality

- Expected
+ Received

- false
+ true

 ❯ src/everything.spec.ts:8:18
            </failure>
        </testcase>
        <testcase classname="src/everything.spec.ts" name="describe 35 &gt; example test 28" time="0.000023">
        </testcase>
        <testcase classname="src/everything.spec.ts" name="describe 35 &gt; example test 29" time="0.0001185">
            <failure message="expected true to be false // Object.is equality" type="AssertionError">
AssertionError: expected true to be false // Object.is equality

- Expected
+ Received

- false
+ true

 ❯ src/everything.spec.ts:8:18
            </failure>
        </testcase>
        <testcase classname="src/everything.spec.ts" name="describe 35 &gt; example test 30" time="0.000030541">
        </testcase>
        <testcase classname="src/everything.spec.ts" name="describe 35 &gt; example test 31" time="0.000136709">
            <failure message="expected true to be false // Object.is equality" type="AssertionError">
AssertionError: expected true to be false // Object.is equality

- Expected
+ Received

- false
+ true

 ❯ src/everything.spec.ts:8:18
            </failure>
        </testcase>
        <testcase classname="src/everything.spec.ts" name="describe 35 &gt; example test 32" time="0.000025625">
        </testcase>
        <testcase classname="src/everything.spec.ts" name="describe 35 &gt; example test 33" time="0.000112292">
            <failure message="expected true to be false // Object.is equality" type="AssertionError">
AssertionError: expected true to be false // Object.is equality

- Expected
+ Received

- false
+ true

 ❯ src/everything.spec.ts:8:18
            </failure>
        </testcase>
        <testcase classname="src/everything.spec.ts" name="describe 35 &gt; example test 34" time="0.000028333">
        </testcase>
        <testcase classname="src/everything.spec.ts" name="describe 35 &gt; example test 35" time="0.000129833">
            <failure message="expected true to be false // Object.is equality" type="AssertionError">
AssertionError: expected true to be false // Object.is equality

- Expected
+ Received

- false
+ true

 ❯ src/everything.spec.ts:8:18
            </failure>
        </testcase>
        <testcase classname="src/everything.spec.ts" name="describe 35 &gt; example test 36" time="0.000047167">
        </testcase>
        <testcase classname="src/everything.spec.ts" name="describe 35 &gt; example test 37" time="0.000179333">
            <failure message="expected true to be false // Object.is equality" type="AssertionError">
AssertionError: expected true to be false // Object.is equality

- Expected
+ Received

- false
+ true

 ❯ src/everything.spec.ts:8:18
            </failure>
        </testcase>
        <testcase classname="src/everything.spec.ts" name="describe 35 &gt; example test 38" time="0.000034375">
        </testcase>
        <testcase classname="src/everything.spec.ts" name="describe 35 &gt; example test 39" time="0.000127">
            <failure message="expected true to be false // Object.is equality" type="AssertionError">
AssertionError: expected true to be false // Object.is equality

- Expected
+ Received

- false
+ true

 ❯ src/everything.spec.ts:8:18
            </failure>
        </testcase>
        <testcase classname="src/everything.spec.ts" name="describe 35 &gt; example test 40" time="0.0000235">
        </testcase>
        <testcase classname="src/everything.spec.ts" name="describe 35 &gt; example test 41" time="0.000112958">
            <failure message="expected true to be false // Object.is equality" type="AssertionError">
AssertionError: expected true to be false // Object.is equality

- Expected
+ Received

- false
+ true

 ❯ src/everything.spec.ts:8:18
            </failure>
        </testcase>
        <testcase classname="src/everything.spec.ts" name="describe 35 &gt; example test 42" time="0.000022333">
        </testcase>
        <testcase classname="src/everything.spec.ts" name="describe 35 &gt; example test 43" time="0.000118666">
            <failure message="expected true to be false // Object.is equality" type="AssertionError">
AssertionError: expected true to be false // Object.is equality

- Expected
+ Received

- false
+ true

 ❯ src/everything.spec.ts:8:18
            </failure>
        </testcase>
        <testcase classname="src/everything.spec.ts" name="describe 35 &gt; example test 44" time="0.000022916">
        </testcase>
        <testcase classname="src/everything.spec.ts" name="describe 35 &gt; example test 45" time="0.000212208">
            <failure message="expected true to be false // Object.is equality" type="AssertionError">
AssertionError: expected true to be false // Object.is equality

- Expected
+ Received

- false
+ true

 ❯ src/everything.spec.ts:8:18
            </failure>
        </testcase>
        <testcase classname="src/everything.spec.ts" name="describe 35 &gt; example test 46" time="0.000022875">
        </testcase>
        <testcase classname="src/everything.spec.ts" name="describe 35 &gt; example test 47" time="0.000128083">
            <failure message="expected true to be false // Object.is equality" type="AssertionError">
AssertionError: expected true to be false // Object.is equality

- Expected
+ Received

- false
+ true

 ❯ src/everything.spec.ts:8:18
            </failure>
        </testcase>
        <testcase classname="src/everything.spec.ts" name="describe 35 &gt; example test 48" time="0.000025625">
        </testcase>
        <testcase classname="src/everything.spec.ts" name="describe 35 &gt; example test 49" time="0.000098959">
            <failure message="expected true to be false // Object.is equality" type="AssertionError">
AssertionError: expected true to be false // Object.is equality

- Expected
+ Received

- false
+ true

 ❯ src/everything.spec.ts:8:18
            </failure>
        </testcase>
        <testcase classname="src/everything.spec.ts" name="describe 35 &gt; example test 50" time="0.00002125">
        </testcase>
        <testcase classname="src/everything.spec.ts" name="describe 35 &gt; example test 51" time="0.000146">
            <failure message="expected true to be false // Object.is equality" type="AssertionError">
AssertionError: expected true to be false // Object.is equality

- Expected
+ Received

- false
+ true

 ❯ src/everything.spec.ts:8:18
            </failure>
        </testcase>
        <testcase classname="src/everything.spec.ts" name="describe 35 &gt; example test 52" time="0.000039333">
        </testcase>
        <testcase classname="src/everything.spec.ts" name="describe 35 &gt; example test 53" time="0.000148625">
            <failure message="expected true to be false // Object.is equality" type="AssertionError">
AssertionError: expected true to be false // Object.is equality

- Expected
+ Received

- false
+ true

 ❯ src/everything.spec.ts:8:18
            </failure>
        </testcase>
        <testcase classname="src/everything.spec.ts" name="describe 35 &gt; example test 54" time="0.000027">
        </testcase>
        <testcase classname="src/everything.spec.ts" name="describe 35 &gt; example test 55" time="0.000122959">
            <failure message="expected true to be false // Object.is equality" type="AssertionError">
AssertionError: expected true to be false // Object.is equality

- Expected
+ Received

- false
+ true

 ❯ src/everything.spec.ts:8:18
            </failure>
        </testcase>
        <testcase classname="src/everything.spec.ts" name="describe 35 &gt; example test 56" time="0.000023459">
        </testcase>
        <testcase classname="src/everything.spec.ts" name="describe 35 &gt; example test 57" time="0.000110208">
            <failure message="expected true to be false // Object.is equality" type="AssertionError">
AssertionError: expected true to be false // Object.is equality

- Expected
+ Received

- false
+ true

 ❯ src/everything.spec.ts:8:18
            </failure>
        </testcase>
        <testcase classname="src/everything.spec.ts" name="describe 35 &gt; example test 58" time="0.0000225">
        </testcase>
        <testcase classname="src/everything.spec.ts" name="describe 35 &gt; example test 59" time="0.000111625">
            <failure message="expected true to be false // Object.is equality" type="AssertionError">
AssertionError: expected true to be false // Object.is equality

- Expected
+ Received

- false
+ true

 ❯ src/everything.spec.ts:8:18
            </failure>
        </testcase>
        <testcase classname="src/everything.spec.ts" name="describe 35 &gt; example test 60" time="0.000021875">
        </testcase>
        <testcase classname="src/everything.spec.ts" name="describe 35 &gt; example test 61" time="0.00010775">
            <failure message="expected true to be false // Object.is equality" type="AssertionError">
AssertionError: expected true to be false // Object.is equality

- Expected
+ Received

- false
+ true

 ❯ src/everything.spec.ts:8:18
            </failure>
        </testcase>
        <testcase classname="src/everything.spec.ts" name="describe 35 &gt; example test 62" time="0.00002475">
        </testcase>
        <testcase classname="src/everything.spec.ts" name="describe 35 &gt; example test 63" time="0.000102042">
            <failure message="expected true to be false // Object.is equality" type="AssertionError">
AssertionError: expected true to be false // Object.is equality

- Expected
+ Received

- false
+ true

 ❯ src/everything.spec.ts:8:18
            </failure>
        </testcase>
        <testcase classname="src/everything.spec.ts" name="describe 35 &gt; example test 64" time="0.00002075">
        </testcase>
        <testcase classname="src/everything.spec.ts" name="describe 35 &gt; example test 65" time="0.000174">
            <failure message="expected true to be false // Object.is equality" type="AssertionError">
AssertionError: expected true to be false // Object.is equality

- Expected
+ Received

- false
+ true

 ❯ src/everything.spec.ts:8:18
            </failure>
        </testcase>
        <testcase classname="src/everything.spec.ts" name="describe 35 &gt; example test 66" time="0.0000295">
        </testcase>
        <testcase classname="src/everything.spec.ts" name="describe 35 &gt; example test 67" time="0.000114875">
            <failure message="expected true to be false // Object.is equality" type="AssertionError">
AssertionError: expected true to be false // Object.is equality

- Expected
+ Received

- false
+ true

 ❯ src/everything.spec.ts:8:18
            </failure>
        </testcase>
        <testcase classname="src/everything.spec.ts" name="describe 35 &gt; example test 68" time="0.000022458">
        </testcase>
        <testcase classname="src/everything.spec.ts" name="describe 35 &gt; example test 69" time="0.000101875">
            <failure message="expected true to be false // Object.is equality" type="AssertionError">
AssertionError: expected true to be false // Object.is equality

- Expected
+ Received

- false
+ true

 ❯ src/everything.spec.ts:8:18
            </failure>
        </testcase>
        <testcase classname="src/everything.spec.ts" name="describe 35 &gt; example test 70" time="0.000021459">
        </testcase>
        <testcase classname="src/everything.spec.ts" name="describe 35 &gt; example test 71" time="0.0001025">
            <failure message="expected true to be false // Object.is equality" type="AssertionError">
AssertionError: expected true to be false // Object.is equality

- Expected
+ Received

- false
+ true

 ❯ src/everything.spec.ts:8:18
            </failure>
        </testcase>
        <testcase classname="src/everything.spec.ts" name="describe 35 &gt; example test 72" time="0.000073792">
        </testcase>
        <testcase classname="src/everything.spec.ts" name="describe 35 &gt; example test 73" time="0.00020475">
            <failure message="expected true to be false // Object.is equality" type="AssertionError">
AssertionError: expected true to be false // Object.is equality

- Expected
+ Received

- false
+ true

 ❯ src/everything.spec.ts:8:18
            </failure>
        </testcase>
        <testcase classname="src/everything.spec.ts" name="describe 35 &gt; example test 74" time="0.000033125">
        </testcase>
        <testcase classname="src/everything.spec.ts" name="describe 35 &gt; example test 75" time="0.000173708">
            <failure message="expected true to be false // Object.is equality" type="AssertionError">
AssertionError: expected true to be false // Object.is equality

- Expected
+ Received

- false
+ true

 ❯ src/everything.spec.ts:8:18
            </failure>
        </testcase>
        <testcase classname="src/everything.spec.ts" name="describe 35 &gt; example test 76" time="0.000025416">
        </testcase>
        <testcase classname="src/everything.spec.ts" name="describe 35 &gt; example test 77" time="0.003547125">
            <failure message="expected true to be false // Object.is equality" type="AssertionError">
AssertionError: expected true to be false // Object.is equality

- Expected
+ Received

- false
+ true

 ❯ src/everything.spec.ts:8:18
            </failure>
        </testcase>
        <testcase classname="src/everything.spec.ts" name="describe 35 &gt; example test 78" time="0.00005425">
        </testcase>
        <testcase classname="src/everything.spec.ts" name="describe 35 &gt; example test 79" time="0.00017125">
            <failure message="expected true to be false // Object.is equality" type="AssertionError">
AssertionError: expected true to be false // Object.is equality

- Expected
+ Received

- false
+ true

 ❯ src/everything.spec.ts:8:18
            </failure>
        </testcase>
        <testcase classname="src/everything.spec.ts" name="describe 35 &gt; example test 80" time="0.000020333">
        </testcase>
        <testcase classname="src/everything.spec.ts" name="describe 35 &gt; example test 81" time="0.000080208">
            <failure message="expected true to be false // Object.is equality" type="AssertionError">
AssertionError: expected true to be false // Object.is equality

- Expected
+ Received

- false
+ true

 ❯ src/everything.spec.ts:8:18
            </failure>
        </testcase>
        <testcase classname="src/everything.spec.ts" name="describe 35 &gt; example test 82" time="0.000017125">
        </testcase>
        <testcase classname="src/everything.spec.ts" name="describe 35 &gt; example test 83" time="0.000072709">
            <failure message="expected true to be false // Object.is equality" type="AssertionError">
AssertionError: expected true to be false // Object.is equality

- Expected
+ Received

- false
+ true

 ❯ src/everything.spec.ts:8:18
            </failure>
        </testcase>
        <testcase classname="src/everything.spec.ts" name="describe 35 &gt; example test 84" time="0.000017">
        </testcase>
        <testcase classname="src/everything.spec.ts" name="describe 35 &gt; example test 85" time="0.000073042">
            <failure message="expected true to be false // Object.is equality" type="AssertionError">
AssertionError: expected true to be false // Object.is equality

- Expected
+ Received

- false
+ true

 ❯ src/everything.spec.ts:8:18
            </failure>
        </testcase>
        <testcase classname="src/everything.spec.ts" name="describe 35 &gt; example test 86" time="0.000017041">
        </testcase>
        <testcase classname="src/everything.spec.ts" name="describe 35 &gt; example test 87" time="0.000070875">
            <failure message="expected true to be false // Object.is equality" type="AssertionError">
AssertionError: expected true to be false // Object.is equality

- Expected
+ Received

- false
+ true

 ❯ src/everything.spec.ts:8:18
            </failure>
        </testcase>
        <testcase classname="src/everything.spec.ts" name="describe 35 &gt; example test 88" time="0.000016875">
        </testcase>
        <testcase classname="src/everything.spec.ts" name="describe 35 &gt; example test 89" time="0.00007075">
            <failure message="expected true to be false // Object.is equality" type="AssertionError">
AssertionError: expected true to be false // Object.is equality

- Expected
+ Received

- false
+ true

 ❯ src/everything.spec.ts:8:18
            </failure>
        </testcase>
        <testcase classname="src/everything.spec.ts" name="describe 35 &gt; example test 90" time="0.000016417">
        </testcase>
        <testcase classname="src/everything.spec.ts" name="describe 35 &gt; example test 91" time="0.000069333">
            <failure message="expected true to be false // Object.is equality" type="AssertionError">
AssertionError: expected true to be false // Object.is equality

- Expected
+ Received

- false
+ true

 ❯ src/everything.spec.ts:8:18
            </failure>
        </testcase>
        <testcase classname="src/everything.spec.ts" name="describe 35 &gt; example test 92" time="0.000019083">
        </testcase>
        <testcase classname="src/everything.spec.ts" name="describe 35 &gt; example test 93" time="0.00006725">
            <failure message="expected true to be false // Object.is equality" type="AssertionError">
AssertionError: expected true to be false // Object.is equality

- Expected
+ Received

- false
+ true

 ❯ src/everything.spec.ts:8:18
            </failure>
        </testcase>
        <testcase classname="src/everything.spec.ts" name="describe 35 &gt; example test 94" time="0.000015875">
        </testcase>
        <testcase classname="src/everything.spec.ts" name="describe 35 &gt; example test 95" time="0.000066709">
            <failure message="expected true to be false // Object.is equality" type="AssertionError">
AssertionError: expected true to be false // Object.is equality

- Expected
+ Received

- false
+ true

 ❯ src/everything.spec.ts:8:18
            </failure>
        </testcase>
        <testcase classname="src/everything.spec.ts" name="describe 35 &gt; example test 96" time="0.000016292">
        </testcase>
        <testcase classname="src/everything.spec.ts" name="describe 35 &gt; example test 97" time="0.000063917">
            <failure message="expected true to be false // Object.is equality" type="AssertionError">
AssertionError: expected true to be false // Object.is equality

- Expected
+ Received

- false
+ true

 ❯ src/everything.spec.ts:8:18
            </failure>
        </testcase>
        <testcase classname="src/everything.spec.ts" name="describe 35 &gt; example test 98" time="0.000017959">
        </testcase>
        <testcase classname="src/everything.spec.ts" name="describe 35 &gt; example test 99" time="0.00006675">
            <failure message="expected true to be false // Object.is equality" type="AssertionError">
AssertionError: expected true to be false // Object.is equality

- Expected
+ Received

- false
+ true

 ❯ src/everything.spec.ts:8:18
            </failure>
        </testcase>
        <testcase classname="src/everything.spec.ts" name="describe 35 &gt; example test 100" time="0.0000195">
        </testcase>
        <testcase classname="src/everything.spec.ts" name="describe 36 &gt; example test 1" time="0.000067125">
            <failure message="expected true to be false // Object.is equality" type="AssertionError">
AssertionError: expected true to be false // Object.is equality

- Expected
+ Received

- false
+ true

 ❯ src/everything.spec.ts:8:18
            </failure>
        </testcase>
        <testcase classname="src/everything.spec.ts" name="describe 36 &gt; example test 2" time="0.000017791">
        </testcase>
        <testcase classname="src/everything.spec.ts" name="describe 36 &gt; example test 3" time="0.000064625">
            <failure message="expected true to be false // Object.is equality" type="AssertionError">
AssertionError: expected true to be false // Object.is equality

- Expected
+ Received

- false
+ true

 ❯ src/everything.spec.ts:8:18
            </failure>
        </testcase>
        <testcase classname="src/everything.spec.ts" name="describe 36 &gt; example test 4" time="0.000015083">
        </testcase>
        <testcase classname="src/everything.spec.ts" name="describe 36 &gt; example test 5" time="0.000065875">
            <failure message="expected true to be false // Object.is equality" type="AssertionError">
AssertionError: expected true to be false // Object.is equality

- Expected
+ Received

- false
+ true

 ❯ src/everything.spec.ts:8:18
            </failure>
        </testcase>
        <testcase classname="src/everything.spec.ts" name="describe 36 &gt; example test 6" time="0.000018917">
        </testcase>
        <testcase classname="src/everything.spec.ts" name="describe 36 &gt; example test 7" time="0.000065291">
            <failure message="expected true to be false // Object.is equality" type="AssertionError">
AssertionError: expected true to be false // Object.is equality

- Expected
+ Received

- false
+ true

 ❯ src/everything.spec.ts:8:18
            </failure>
        </testcase>
        <testcase classname="src/everything.spec.ts" name="describe 36 &gt; example test 8" time="0.000017833">
        </testcase>
        <testcase classname="src/everything.spec.ts" name="describe 36 &gt; example test 9" time="0.000068375">
            <failure message="expected true to be false // Object.is equality" type="AssertionError">
AssertionError: expected true to be false // Object.is equality

- Expected
+ Received

- false
+ true

 ❯ src/everything.spec.ts:8:18
            </failure>
        </testcase>
        <testcase classname="src/everything.spec.ts" name="describe 36 &gt; example test 10" time="0.000015458">
        </testcase>
        <testcase classname="src/everything.spec.ts" name="describe 36 &gt; example test 11" time="0.000066583">
            <failure message="expected true to be false // Object.is equality" type="AssertionError">
AssertionError: expected true to be false // Object.is equality

- Expected
+ Received

- false
+ true

 ❯ src/everything.spec.ts:8:18
            </failure>
        </testcase>
        <testcase classname="src/everything.spec.ts" name="describe 36 &gt; example test 12" time="0.000016167">
        </testcase>
        <testcase classname="src/everything.spec.ts" name="describe 36 &gt; example test 13" time="0.000065625">
            <failure message="expected true to be false // Object.is equality" type="AssertionError">
AssertionError: expected true to be false // Object.is equality

- Expected
+ Received

- false
+ true

 ❯ src/everything.spec.ts:8:18
            </failure>
        </testcase>
        <testcase classname="src/everything.spec.ts" name="describe 36 &gt; example test 14" time="0.00001475">
        </testcase>
        <testcase classname="src/everything.spec.ts" name="describe 36 &gt; example test 15" time="0.000069042">
            <failure message="expected true to be false // Object.is equality" type="AssertionError">
AssertionError: expected true to be false // Object.is equality

- Expected
+ Received

- false
+ true

 ❯ src/everything.spec.ts:8:18
            </failure>
        </testcase>
        <testcase classname="src/everything.spec.ts" name="describe 36 &gt; example test 16" time="0.000015166">
        </testcase>
        <testcase classname="src/everything.spec.ts" name="describe 36 &gt; example test 17" time="0.0000655">
            <failure message="expected true to be false // Object.is equality" type="AssertionError">
AssertionError: expected true to be false // Object.is equality

- Expected
+ Received

- false
+ true

 ❯ src/everything.spec.ts:8:18
            </failure>
        </testcase>
        <testcase classname="src/everything.spec.ts" name="describe 36 &gt; example test 18" time="0.000018375">
        </testcase>
        <testcase classname="src/everything.spec.ts" name="describe 36 &gt; example test 19" time="0.000066375">
            <failure message="expected true to be false // Object.is equality" type="AssertionError">
AssertionError: expected true to be false // Object.is equality

- Expected
+ Received

- false
+ true

 ❯ src/everything.spec.ts:8:18
            </failure>
        </testcase>
        <testcase classname="src/everything.spec.ts" name="describe 36 &gt; example test 20" time="0.000018">
        </testcase>
        <testcase classname="src/everything.spec.ts" name="describe 36 &gt; example test 21" time="0.000069417">
            <failure message="expected true to be false // Object.is equality" type="AssertionError">
AssertionError: expected true to be false // Object.is equality

- Expected
+ Received

- false
+ true

 ❯ src/everything.spec.ts:8:18
            </failure>
        </testcase>
        <testcase classname="src/everything.spec.ts" name="describe 36 &gt; example test 22" time="0.0000175">
        </testcase>
        <testcase classname="src/everything.spec.ts" name="describe 36 &gt; example test 23" time="0.000068458">
            <failure message="expected true to be false // Object.is equality" type="AssertionError">
AssertionError: expected true to be false // Object.is equality

- Expected
+ Received

- false
+ true

 ❯ src/everything.spec.ts:8:18
            </failure>
        </testcase>
        <testcase classname="src/everything.spec.ts" name="describe 36 &gt; example test 24" time="0.000018375">
        </testcase>
        <testcase classname="src/everything.spec.ts" name="describe 36 &gt; example test 25" time="0.000066792">
            <failure message="expected true to be false // Object.is equality" type="AssertionError">
AssertionError: expected true to be false // Object.is equality

- Expected
+ Received

- false
+ true

 ❯ src/everything.spec.ts:8:18
            </failure>
        </testcase>
        <testcase classname="src/everything.spec.ts" name="describe 36 &gt; example test 26" time="0.000018708">
        </testcase>
        <testcase classname="src/everything.spec.ts" name="describe 36 &gt; example test 27" time="0.000068708">
            <failure message="expected true to be false // Object.is equality" type="AssertionError">
AssertionError: expected true to be false // Object.is equality

- Expected
+ Received

- false
+ true

 ❯ src/everything.spec.ts:8:18
            </failure>
        </testcase>
        <testcase classname="src/everything.spec.ts" name="describe 36 &gt; example test 28" time="0.000016292">
        </testcase>
        <testcase classname="src/everything.spec.ts" name="describe 36 &gt; example test 29" time="0.000065167">
            <failure message="expected true to be false // Object.is equality" type="AssertionError">
AssertionError: expected true to be false // Object.is equality

- Expected
+ Received

- false
+ true

 ❯ src/everything.spec.ts:8:18
            </failure>
        </testcase>
        <testcase classname="src/everything.spec.ts" name="describe 36 &gt; example test 30" time="0.000019542">
        </testcase>
        <testcase classname="src/everything.spec.ts" name="describe 36 &gt; example test 31" time="0.000066292">
            <failure message="expected true to be false // Object.is equality" type="AssertionError">
AssertionError: expected true to be false // Object.is equality

- Expected
+ Received

- false
+ true

 ❯ src/everything.spec.ts:8:18
            </failure>
        </testcase>
        <testcase classname="src/everything.spec.ts" name="describe 36 &gt; example test 32" time="0.00001575">
        </testcase>
        <testcase classname="src/everything.spec.ts" name="describe 36 &gt; example test 33" time="0.0000675">
            <failure message="expected true to be false // Object.is equality" type="AssertionError">
AssertionError: expected true to be false // Object.is equality

- Expected
+ Received

- false
+ true

 ❯ src/everything.spec.ts:8:18
            </failure>
        </testcase>
        <testcase classname="src/everything.spec.ts" name="describe 36 &gt; example test 34" time="0.000015833">
        </testcase>
        <testcase classname="src/everything.spec.ts" name="describe 36 &gt; example test 35" time="0.000068292">
            <failure message="expected true to be false // Object.is equality" type="AssertionError">
AssertionError: expected true to be false // Object.is equality

- Expected
+ Received

- false
+ true

 ❯ src/everything.spec.ts:8:18
            </failure>
        </testcase>
        <testcase classname="src/everything.spec.ts" name="describe 36 &gt; example test 36" time="0.00001525">
        </testcase>
        <testcase classname="src/everything.spec.ts" name="describe 36 &gt; example test 37" time="0.000067167">
            <failure message="expected true to be false // Object.is equality" type="AssertionError">
AssertionError: expected true to be false // Object.is equality

- Expected
+ Received

- false
+ true

 ❯ src/everything.spec.ts:8:18
            </failure>
        </testcase>
        <testcase classname="src/everything.spec.ts" name="describe 36 &gt; example test 38" time="0.000018875">
        </testcase>
        <testcase classname="src/everything.spec.ts" name="describe 36 &gt; example test 39" time="0.0000675">
            <failure message="expected true to be false // Object.is equality" type="AssertionError">
AssertionError: expected true to be false // Object.is equality

- Expected
+ Received

- false
+ true

 ❯ src/everything.spec.ts:8:18
            </failure>
        </testcase>
        <testcase classname="src/everything.spec.ts" name="describe 36 &gt; example test 40" time="0.00001875">
        </testcase>
        <testcase classname="src/everything.spec.ts" name="describe 36 &gt; example test 41" time="0.000066375">
            <failure message="expected true to be false // Object.is equality" type="AssertionError">
AssertionError: expected true to be false // Object.is equality

- Expected
+ Received

- false
+ true

 ❯ src/everything.spec.ts:8:18
            </failure>
        </testcase>
        <testcase classname="src/everything.spec.ts" name="describe 36 &gt; example test 42" time="0.000015667">
        </testcase>
        <testcase classname="src/everything.spec.ts" name="describe 36 &gt; example test 43" time="0.0000685">
            <failure message="expected true to be false // Object.is equality" type="AssertionError">
AssertionError: expected true to be false // Object.is equality

- Expected
+ Received

- false
+ true

 ❯ src/everything.spec.ts:8:18
            </failure>
        </testcase>
        <testcase classname="src/everything.spec.ts" name="describe 36 &gt; example test 44" time="0.000018292">
        </testcase>
        <testcase classname="src/everything.spec.ts" name="describe 36 &gt; example test 45" time="0.000067083">
            <failure message="expected true to be false // Object.is equality" type="AssertionError">
AssertionError: expected true to be false // Object.is equality

- Expected
+ Received

- false
+ true

 ❯ src/everything.spec.ts:8:18
            </failure>
        </testcase>
        <testcase classname="src/everything.spec.ts" name="describe 36 &gt; example test 46" time="0.000015709">
        </testcase>
        <testcase classname="src/everything.spec.ts" name="describe 36 &gt; example test 47" time="0.000071375">
            <failure message="expected true to be false // Object.is equality" type="AssertionError">
AssertionError: expected true to be false // Object.is equality

- Expected
+ Received

- false
+ true

 ❯ src/everything.spec.ts:8:18
            </failure>
        </testcase>
        <testcase classname="src/everything.spec.ts" name="describe 36 &gt; example test 48" time="0.000016166">
        </testcase>
        <testcase classname="src/everything.spec.ts" name="describe 36 &gt; example test 49" time="0.000067125">
            <failure message="expected true to be false // Object.is equality" type="AssertionError">
AssertionError: expected true to be false // Object.is equality

- Expected
+ Received

- false
+ true

 ❯ src/everything.spec.ts:8:18
            </failure>
        </testcase>
        <testcase classname="src/everything.spec.ts" name="describe 36 &gt; example test 50" time="0.000016042">
        </testcase>
        <testcase classname="src/everything.spec.ts" name="describe 36 &gt; example test 51" time="0.0002305">
            <failure message="expected true to be false // Object.is equality" type="AssertionError">
AssertionError: expected true to be false // Object.is equality

- Expected
+ Received

- false
+ true

 ❯ src/everything.spec.ts:8:18
            </failure>
        </testcase>
        <testcase classname="src/everything.spec.ts" name="describe 36 &gt; example test 52" time="0.000041959">
        </testcase>
        <testcase classname="src/everything.spec.ts" name="describe 36 &gt; example test 53" time="0.000100875">
            <failure message="expected true to be false // Object.is equality" type="AssertionError">
AssertionError: expected true to be false // Object.is equality

- Expected
+ Received

- false
+ true

 ❯ src/everything.spec.ts:8:18
            </failure>
        </testcase>
        <testcase classname="src/everything.spec.ts" name="describe 36 &gt; example test 54" time="0.000022083">
        </testcase>
        <testcase classname="src/everything.spec.ts" name="describe 36 &gt; example test 55" time="0.000104375">
            <failure message="expected true to be false // Object.is equality" type="AssertionError">
AssertionError: expected true to be false // Object.is equality

- Expected
+ Received

- false
+ true

 ❯ src/everything.spec.ts:8:18
            </failure>
        </testcase>
        <testcase classname="src/everything.spec.ts" name="describe 36 &gt; example test 56" time="0.000029166">
        </testcase>
        <testcase classname="src/everything.spec.ts" name="describe 36 &gt; example test 57" time="0.000134375">
            <failure message="expected true to be false // Object.is equality" type="AssertionError">
AssertionError: expected true to be false // Object.is equality

- Expected
+ Received

- false
+ true

 ❯ src/everything.spec.ts:8:18
            </failure>
        </testcase>
        <testcase classname="src/everything.spec.ts" name="describe 36 &gt; example test 58" time="0.000019917">
        </testcase>
        <testcase classname="src/everything.spec.ts" name="describe 36 &gt; example test 59" time="0.0000745">
            <failure message="expected true to be false // Object.is equality" type="AssertionError">
AssertionError: expected true to be false // Object.is equality

- Expected
+ Received

- false
+ true

 ❯ src/everything.spec.ts:8:18
            </failure>
        </testcase>
        <testcase classname="src/everything.spec.ts" name="describe 36 &gt; example test 60" time="0.000017458">
        </testcase>
        <testcase classname="src/everything.spec.ts" name="describe 36 &gt; example test 61" time="0.000195">
            <failure message="expected true to be false // Object.is equality" type="AssertionError">
AssertionError: expected true to be false // Object.is equality

- Expected
+ Received

- false
+ true

 ❯ src/everything.spec.ts:8:18
            </failure>
        </testcase>
        <testcase classname="src/everything.spec.ts" name="describe 36 &gt; example test 62" time="0.00005775">
        </testcase>
        <testcase classname="src/everything.spec.ts" name="describe 36 &gt; example test 63" time="0.000208167">
            <failure message="expected true to be false // Object.is equality" type="AssertionError">
AssertionError: expected true to be false // Object.is equality

- Expected
+ Received

- false
+ true

 ❯ src/everything.spec.ts:8:18
            </failure>
        </testcase>
        <testcase classname="src/everything.spec.ts" name="describe 36 &gt; example test 64" time="0.00002175">
        </testcase>
        <testcase classname="src/everything.spec.ts" name="describe 36 &gt; example test 65" time="0.000088666">
            <failure message="expected true to be false // Object.is equality" type="AssertionError">
AssertionError: expected true to be false // Object.is equality

- Expected
+ Received

- false
+ true

 ❯ src/everything.spec.ts:8:18
            </failure>
        </testcase>
        <testcase classname="src/everything.spec.ts" name="describe 36 &gt; example test 66" time="0.000018833">
        </testcase>
        <testcase classname="src/everything.spec.ts" name="describe 36 &gt; example test 67" time="0.000075125">
            <failure message="expected true to be false // Object.is equality" type="AssertionError">
AssertionError: expected true to be false // Object.is equality

- Expected
+ Received

- false
+ true

 ❯ src/everything.spec.ts:8:18
            </failure>
        </testcase>
        <testcase classname="src/everything.spec.ts" name="describe 36 &gt; example test 68" time="0.000017042">
        </testcase>
        <testcase classname="src/everything.spec.ts" name="describe 36 &gt; example test 69" time="0.000070834">
            <failure message="expected true to be false // Object.is equality" type="AssertionError">
AssertionError: expected true to be false // Object.is equality

- Expected
+ Received

- false
+ true

 ❯ src/everything.spec.ts:8:18
            </failure>
        </testcase>
        <testcase classname="src/everything.spec.ts" name="describe 36 &gt; example test 70" time="0.000016791">
        </testcase>
        <testcase classname="src/everything.spec.ts" name="describe 36 &gt; example test 71" time="0.000068667">
            <failure message="expected true to be false // Object.is equality" type="AssertionError">
AssertionError: expected true to be false // Object.is equality

- Expected
+ Received

- false
+ true

 ❯ src/everything.spec.ts:8:18
            </failure>
        </testcase>
        <testcase classname="src/everything.spec.ts" name="describe 36 &gt; example test 72" time="0.000017083">
        </testcase>
        <testcase classname="src/everything.spec.ts" name="describe 36 &gt; example test 73" time="0.000069583">
            <failure message="expected true to be false // Object.is equality" type="AssertionError">
AssertionError: expected true to be false // Object.is equality

- Expected
+ Received

- false
+ true

 ❯ src/everything.spec.ts:8:18
            </failure>
        </testcase>
        <testcase classname="src/everything.spec.ts" name="describe 36 &gt; example test 74" time="0.000031416">
        </testcase>
        <testcase classname="src/everything.spec.ts" name="describe 36 &gt; example test 75" time="0.000067667">
            <failure message="expected true to be false // Object.is equality" type="AssertionError">
AssertionError: expected true to be false // Object.is equality

- Expected
+ Received

- false
+ true

 ❯ src/everything.spec.ts:8:18
            </failure>
        </testcase>
        <testcase classname="src/everything.spec.ts" name="describe 36 &gt; example test 76" time="0.000016166">
        </testcase>
        <testcase classname="src/everything.spec.ts" name="describe 36 &gt; example test 77" time="0.000068417">
            <failure message="expected true to be false // Object.is equality" type="AssertionError">
AssertionError: expected true to be false // Object.is equality

- Expected
+ Received

- false
+ true

 ❯ src/everything.spec.ts:8:18
            </failure>
        </testcase>
        <testcase classname="src/everything.spec.ts" name="describe 36 &gt; example test 78" time="0.000016167">
        </testcase>
        <testcase classname="src/everything.spec.ts" name="describe 36 &gt; example test 79" time="0.000066917">
            <failure message="expected true to be false // Object.is equality" type="AssertionError">
AssertionError: expected true to be false // Object.is equality

- Expected
+ Received

- false
+ true

 ❯ src/everything.spec.ts:8:18
            </failure>
        </testcase>
        <testcase classname="src/everything.spec.ts" name="describe 36 &gt; example test 80" time="0.000016542">
        </testcase>
        <testcase classname="src/everything.spec.ts" name="describe 36 &gt; example test 81" time="0.000067208">
            <failure message="expected true to be false // Object.is equality" type="AssertionError">
AssertionError: expected true to be false // Object.is equality

- Expected
+ Received

- false
+ true

 ❯ src/everything.spec.ts:8:18
            </failure>
        </testcase>
        <testcase classname="src/everything.spec.ts" name="describe 36 &gt; example test 82" time="0.000016792">
        </testcase>
        <testcase classname="src/everything.spec.ts" name="describe 36 &gt; example test 83" time="0.000072042">
            <failure message="expected true to be false // Object.is equality" type="AssertionError">
AssertionError: expected true to be false // Object.is equality

- Expected
+ Received

- false
+ true

 ❯ src/everything.spec.ts:8:18
            </failure>
        </testcase>
        <testcase classname="src/everything.spec.ts" name="describe 36 &gt; example test 84" time="0.0000165">
        </testcase>
        <testcase classname="src/everything.spec.ts" name="describe 36 &gt; example test 85" time="0.000068125">
            <failure message="expected true to be false // Object.is equality" type="AssertionError">
AssertionError: expected true to be false // Object.is equality

- Expected
+ Received

- false
+ true

 ❯ src/everything.spec.ts:8:18
            </failure>
        </testcase>
        <testcase classname="src/everything.spec.ts" name="describe 36 &gt; example test 86" time="0.000016292">
        </testcase>
        <testcase classname="src/everything.spec.ts" name="describe 36 &gt; example test 87" time="0.000065958">
            <failure message="expected true to be false // Object.is equality" type="AssertionError">
AssertionError: expected true to be false // Object.is equality

- Expected
+ Received

- false
+ true

 ❯ src/everything.spec.ts:8:18
            </failure>
        </testcase>
        <testcase classname="src/everything.spec.ts" name="describe 36 &gt; example test 88" time="0.000015833">
        </testcase>
        <testcase classname="src/everything.spec.ts" name="describe 36 &gt; example test 89" time="0.000070083">
            <failure message="expected true to be false // Object.is equality" type="AssertionError">
AssertionError: expected true to be false // Object.is equality

- Expected
+ Received

- false
+ true

 ❯ src/everything.spec.ts:8:18
            </failure>
        </testcase>
        <testcase classname="src/everything.spec.ts" name="describe 36 &gt; example test 90" time="0.000015959">
        </testcase>
        <testcase classname="src/everything.spec.ts" name="describe 36 &gt; example test 91" time="0.000065375">
            <failure message="expected true to be false // Object.is equality" type="AssertionError">
AssertionError: expected true to be false // Object.is equality

- Expected
+ Received

- false
+ true

 ❯ src/everything.spec.ts:8:18
            </failure>
        </testcase>
        <testcase classname="src/everything.spec.ts" name="describe 36 &gt; example test 92" time="0.000016083">
        </testcase>
        <testcase classname="src/everything.spec.ts" name="describe 36 &gt; example test 93" time="0.000067709">
            <failure message="expected true to be false // Object.is equality" type="AssertionError">
AssertionError: expected true to be false // Object.is equality

- Expected
+ Received

- false
+ true

 ❯ src/everything.spec.ts:8:18
            </failure>
        </testcase>
        <testcase classname="src/everything.spec.ts" name="describe 36 &gt; example test 94" time="0.000016083">
        </testcase>
        <testcase classname="src/everything.spec.ts" name="describe 36 &gt; example test 95" time="0.000065625">
            <failure message="expected true to be false // Object.is equality" type="AssertionError">
AssertionError: expected true to be false // Object.is equality

- Expected
+ Received

- false
+ true

 ❯ src/everything.spec.ts:8:18
            </failure>
        </testcase>
        <testcase classname="src/everything.spec.ts" name="describe 36 &gt; example test 96" time="0.000016042">
        </testcase>
        <testcase classname="src/everything.spec.ts" name="describe 36 &gt; example test 97" time="0.000066042">
            <failure message="expected true to be false // Object.is equality" type="AssertionError">
AssertionError: expected true to be false // Object.is equality

- Expected
+ Received

- false
+ true

 ❯ src/everything.spec.ts:8:18
            </failure>
        </testcase>
        <testcase classname="src/everything.spec.ts" name="describe 36 &gt; example test 98" time="0.000016">
        </testcase>
        <testcase classname="src/everything.spec.ts" name="describe 36 &gt; example test 99" time="0.0000655">
            <failure message="expected true to be false // Object.is equality" type="AssertionError">
AssertionError: expected true to be false // Object.is equality

- Expected
+ Received

- false
+ true

 ❯ src/everything.spec.ts:8:18
            </failure>
        </testcase>
        <testcase classname="src/everything.spec.ts" name="describe 36 &gt; example test 100" time="0.000015708">
        </testcase>
        <testcase classname="src/everything.spec.ts" name="describe 37 &gt; example test 1" time="0.000067958">
            <failure message="expected true to be false // Object.is equality" type="AssertionError">
AssertionError: expected true to be false // Object.is equality

- Expected
+ Received

- false
+ true

 ❯ src/everything.spec.ts:8:18
            </failure>
        </testcase>
        <testcase classname="src/everything.spec.ts" name="describe 37 &gt; example test 2" time="0.000016041">
        </testcase>
        <testcase classname="src/everything.spec.ts" name="describe 37 &gt; example test 3" time="0.000065667">
            <failure message="expected true to be false // Object.is equality" type="AssertionError">
AssertionError: expected true to be false // Object.is equality

- Expected
+ Received

- false
+ true

 ❯ src/everything.spec.ts:8:18
            </failure>
        </testcase>
        <testcase classname="src/everything.spec.ts" name="describe 37 &gt; example test 4" time="0.000016167">
        </testcase>
        <testcase classname="src/everything.spec.ts" name="describe 37 &gt; example test 5" time="0.000066917">
            <failure message="expected true to be false // Object.is equality" type="AssertionError">
AssertionError: expected true to be false // Object.is equality

- Expected
+ Received

- false
+ true

 ❯ src/everything.spec.ts:8:18
            </failure>
        </testcase>
        <testcase classname="src/everything.spec.ts" name="describe 37 &gt; example test 6" time="0.000016167">
        </testcase>
        <testcase classname="src/everything.spec.ts" name="describe 37 &gt; example test 7" time="0.000064958">
            <failure message="expected true to be false // Object.is equality" type="AssertionError">
AssertionError: expected true to be false // Object.is equality

- Expected
+ Received

- false
+ true

 ❯ src/everything.spec.ts:8:18
            </failure>
        </testcase>
        <testcase classname="src/everything.spec.ts" name="describe 37 &gt; example test 8" time="0.000016042">
        </testcase>
        <testcase classname="src/everything.spec.ts" name="describe 37 &gt; example test 9" time="0.000066292">
            <failure message="expected true to be false // Object.is equality" type="AssertionError">
AssertionError: expected true to be false // Object.is equality

- Expected
+ Received

- false
+ true

 ❯ src/everything.spec.ts:8:18
            </failure>
        </testcase>
        <testcase classname="src/everything.spec.ts" name="describe 37 &gt; example test 10" time="0.000015709">
        </testcase>
        <testcase classname="src/everything.spec.ts" name="describe 37 &gt; example test 11" time="0.000064875">
            <failure message="expected true to be false // Object.is equality" type="AssertionError">
AssertionError: expected true to be false // Object.is equality

- Expected
+ Received

- false
+ true

 ❯ src/everything.spec.ts:8:18
            </failure>
        </testcase>
        <testcase classname="src/everything.spec.ts" name="describe 37 &gt; example test 12" time="0.000015625">
        </testcase>
        <testcase classname="src/everything.spec.ts" name="describe 37 &gt; example test 13" time="0.000496792">
            <failure message="expected true to be false // Object.is equality" type="AssertionError">
AssertionError: expected true to be false // Object.is equality

- Expected
+ Received

- false
+ true

 ❯ src/everything.spec.ts:8:18
            </failure>
        </testcase>
        <testcase classname="src/everything.spec.ts" name="describe 37 &gt; example test 14" time="0.000030791">
        </testcase>
        <testcase classname="src/everything.spec.ts" name="describe 37 &gt; example test 15" time="0.000100416">
            <failure message="expected true to be false // Object.is equality" type="AssertionError">
AssertionError: expected true to be false // Object.is equality

- Expected
+ Received

- false
+ true

 ❯ src/everything.spec.ts:8:18
            </failure>
        </testcase>
        <testcase classname="src/everything.spec.ts" name="describe 37 &gt; example test 16" time="0.000019042">
        </testcase>
        <testcase classname="src/everything.spec.ts" name="describe 37 &gt; example test 17" time="0.000076959">
            <failure message="expected true to be false // Object.is equality" type="AssertionError">
AssertionError: expected true to be false // Object.is equality

- Expected
+ Received

- false
+ true

 ❯ src/everything.spec.ts:8:18
            </failure>
        </testcase>
        <testcase classname="src/everything.spec.ts" name="describe 37 &gt; example test 18" time="0.00001725">
        </testcase>
        <testcase classname="src/everything.spec.ts" name="describe 37 &gt; example test 19" time="0.000071125">
            <failure message="expected true to be false // Object.is equality" type="AssertionError">
AssertionError: expected true to be false // Object.is equality

- Expected
+ Received

- false
+ true

 ❯ src/everything.spec.ts:8:18
            </failure>
        </testcase>
        <testcase classname="src/everything.spec.ts" name="describe 37 &gt; example test 20" time="0.000017583">
        </testcase>
        <testcase classname="src/everything.spec.ts" name="describe 37 &gt; example test 21" time="0.000069708">
            <failure message="expected true to be false // Object.is equality" type="AssertionError">
AssertionError: expected true to be false // Object.is equality

- Expected
+ Received

- false
+ true

 ❯ src/everything.spec.ts:8:18
            </failure>
        </testcase>
        <testcase classname="src/everything.spec.ts" name="describe 37 &gt; example test 22" time="0.000017417">
        </testcase>
        <testcase classname="src/everything.spec.ts" name="describe 37 &gt; example test 23" time="0.0000695">
            <failure message="expected true to be false // Object.is equality" type="AssertionError">
AssertionError: expected true to be false // Object.is equality

- Expected
+ Received

- false
+ true

 ❯ src/everything.spec.ts:8:18
            </failure>
        </testcase>
        <testcase classname="src/everything.spec.ts" name="describe 37 &gt; example test 24" time="0.000018042">
        </testcase>
        <testcase classname="src/everything.spec.ts" name="describe 37 &gt; example test 25" time="0.000070125">
            <failure message="expected true to be false // Object.is equality" type="AssertionError">
AssertionError: expected true to be false // Object.is equality

- Expected
+ Received

- false
+ true

 ❯ src/everything.spec.ts:8:18
            </failure>
        </testcase>
        <testcase classname="src/everything.spec.ts" name="describe 37 &gt; example test 26" time="0.000017834">
        </testcase>
        <testcase classname="src/everything.spec.ts" name="describe 37 &gt; example test 27" time="0.000069209">
            <failure message="expected true to be false // Object.is equality" type="AssertionError">
AssertionError: expected true to be false // Object.is equality

- Expected
+ Received

- false
+ true

 ❯ src/everything.spec.ts:8:18
            </failure>
        </testcase>
        <testcase classname="src/everything.spec.ts" name="describe 37 &gt; example test 28" time="0.0000175">
        </testcase>
        <testcase classname="src/everything.spec.ts" name="describe 37 &gt; example test 29" time="0.000068791">
            <failure message="expected true to be false // Object.is equality" type="AssertionError">
AssertionError: expected true to be false // Object.is equality

- Expected
+ Received

- false
+ true

 ❯ src/everything.spec.ts:8:18
            </failure>
        </testcase>
        <testcase classname="src/everything.spec.ts" name="describe 37 &gt; example test 30" time="0.000016792">
        </testcase>
        <testcase classname="src/everything.spec.ts" name="describe 37 &gt; example test 31" time="0.000069208">
            <failure message="expected true to be false // Object.is equality" type="AssertionError">
AssertionError: expected true to be false // Object.is equality

- Expected
+ Received

- false
+ true

 ❯ src/everything.spec.ts:8:18
            </failure>
        </testcase>
        <testcase classname="src/everything.spec.ts" name="describe 37 &gt; example test 32" time="0.000016792">
        </testcase>
        <testcase classname="src/everything.spec.ts" name="describe 37 &gt; example test 33" time="0.000068167">
            <failure message="expected true to be false // Object.is equality" type="AssertionError">
AssertionError: expected true to be false // Object.is equality

- Expected
+ Received

- false
+ true

 ❯ src/everything.spec.ts:8:18
            </failure>
        </testcase>
        <testcase classname="src/everything.spec.ts" name="describe 37 &gt; example test 34" time="0.000016458">
        </testcase>
        <testcase classname="src/everything.spec.ts" name="describe 37 &gt; example test 35" time="0.000067666">
            <failure message="expected true to be false // Object.is equality" type="AssertionError">
AssertionError: expected true to be false // Object.is equality

- Expected
+ Received

- false
+ true

 ❯ src/everything.spec.ts:8:18
            </failure>
        </testcase>
        <testcase classname="src/everything.spec.ts" name="describe 37 &gt; example test 36" time="0.000016042">
        </testcase>
        <testcase classname="src/everything.spec.ts" name="describe 37 &gt; example test 37" time="0.000069">
            <failure message="expected true to be false // Object.is equality" type="AssertionError">
AssertionError: expected true to be false // Object.is equality

- Expected
+ Received

- false
+ true

 ❯ src/everything.spec.ts:8:18
            </failure>
        </testcase>
        <testcase classname="src/everything.spec.ts" name="describe 37 &gt; example test 38" time="0.000016917">
        </testcase>
        <testcase classname="src/everything.spec.ts" name="describe 37 &gt; example test 39" time="0.00007">
            <failure message="expected true to be false // Object.is equality" type="AssertionError">
AssertionError: expected true to be false // Object.is equality

- Expected
+ Received

- false
+ true

 ❯ src/everything.spec.ts:8:18
            </failure>
        </testcase>
        <testcase classname="src/everything.spec.ts" name="describe 37 &gt; example test 40" time="0.000015958">
        </testcase>
        <testcase classname="src/everything.spec.ts" name="describe 37 &gt; example test 41" time="0.00006575">
            <failure message="expected true to be false // Object.is equality" type="AssertionError">
AssertionError: expected true to be false // Object.is equality

- Expected
+ Received

- false
+ true

 ❯ src/everything.spec.ts:8:18
            </failure>
        </testcase>
        <testcase classname="src/everything.spec.ts" name="describe 37 &gt; example test 42" time="0.000016583">
        </testcase>
        <testcase classname="src/everything.spec.ts" name="describe 37 &gt; example test 43" time="0.000065917">
            <failure message="expected true to be false // Object.is equality" type="AssertionError">
AssertionError: expected true to be false // Object.is equality

- Expected
+ Received

- false
+ true

 ❯ src/everything.spec.ts:8:18
            </failure>
        </testcase>
        <testcase classname="src/everything.spec.ts" name="describe 37 &gt; example test 44" time="0.0000165">
        </testcase>
        <testcase classname="src/everything.spec.ts" name="describe 37 &gt; example test 45" time="0.000065333">
            <failure message="expected true to be false // Object.is equality" type="AssertionError">
AssertionError: expected true to be false // Object.is equality

- Expected
+ Received

- false
+ true

 ❯ src/everything.spec.ts:8:18
            </failure>
        </testcase>
        <testcase classname="src/everything.spec.ts" name="describe 37 &gt; example test 46" time="0.000016125">
        </testcase>
        <testcase classname="src/everything.spec.ts" name="describe 37 &gt; example test 47" time="0.000066333">
            <failure message="expected true to be false // Object.is equality" type="AssertionError">
AssertionError: expected true to be false // Object.is equality

- Expected
+ Received

- false
+ true

 ❯ src/everything.spec.ts:8:18
            </failure>
        </testcase>
        <testcase classname="src/everything.spec.ts" name="describe 37 &gt; example test 48" time="0.000015416">
        </testcase>
        <testcase classname="src/everything.spec.ts" name="describe 37 &gt; example test 49" time="0.000066167">
            <failure message="expected true to be false // Object.is equality" type="AssertionError">
AssertionError: expected true to be false // Object.is equality

- Expected
+ Received

- false
+ true

 ❯ src/everything.spec.ts:8:18
            </failure>
        </testcase>
        <testcase classname="src/everything.spec.ts" name="describe 37 &gt; example test 50" time="0.000015792">
        </testcase>
        <testcase classname="src/everything.spec.ts" name="describe 37 &gt; example test 51" time="0.000066">
            <failure message="expected true to be false // Object.is equality" type="AssertionError">
AssertionError: expected true to be false // Object.is equality

- Expected
+ Received

- false
+ true

 ❯ src/everything.spec.ts:8:18
            </failure>
        </testcase>
        <testcase classname="src/everything.spec.ts" name="describe 37 &gt; example test 52" time="0.0000165">
        </testcase>
        <testcase classname="src/everything.spec.ts" name="describe 37 &gt; example test 53" time="0.000066083">
            <failure message="expected true to be false // Object.is equality" type="AssertionError">
AssertionError: expected true to be false // Object.is equality

- Expected
+ Received

- false
+ true

 ❯ src/everything.spec.ts:8:18
            </failure>
        </testcase>
        <testcase classname="src/everything.spec.ts" name="describe 37 &gt; example test 54" time="0.000015542">
        </testcase>
        <testcase classname="src/everything.spec.ts" name="describe 37 &gt; example test 55" time="0.000363542">
            <failure message="expected true to be false // Object.is equality" type="AssertionError">
AssertionError: expected true to be false // Object.is equality

- Expected
+ Received

- false
+ true

 ❯ src/everything.spec.ts:8:18
            </failure>
        </testcase>
        <testcase classname="src/everything.spec.ts" name="describe 37 &gt; example test 56" time="0.000021791">
        </testcase>
        <testcase classname="src/everything.spec.ts" name="describe 37 &gt; example test 57" time="0.000077209">
            <failure message="expected true to be false // Object.is equality" type="AssertionError">
AssertionError: expected true to be false // Object.is equality

- Expected
+ Received

- false
+ true

 ❯ src/everything.spec.ts:8:18
            </failure>
        </testcase>
        <testcase classname="src/everything.spec.ts" name="describe 37 &gt; example test 58" time="0.000016791">
        </testcase>
        <testcase classname="src/everything.spec.ts" name="describe 37 &gt; example test 59" time="0.00006725">
            <failure message="expected true to be false // Object.is equality" type="AssertionError">
AssertionError: expected true to be false // Object.is equality

- Expected
+ Received

- false
+ true

 ❯ src/everything.spec.ts:8:18
            </failure>
        </testcase>
        <testcase classname="src/everything.spec.ts" name="describe 37 &gt; example test 60" time="0.00001575">
        </testcase>
        <testcase classname="src/everything.spec.ts" name="describe 37 &gt; example test 61" time="0.000064167">
            <failure message="expected true to be false // Object.is equality" type="AssertionError">
AssertionError: expected true to be false // Object.is equality

- Expected
+ Received

- false
+ true

 ❯ src/everything.spec.ts:8:18
            </failure>
        </testcase>
        <testcase classname="src/everything.spec.ts" name="describe 37 &gt; example test 62" time="0.000015958">
        </testcase>
        <testcase classname="src/everything.spec.ts" name="describe 37 &gt; example test 63" time="0.000065333">
            <failure message="expected true to be false // Object.is equality" type="AssertionError">
AssertionError: expected true to be false // Object.is equality

- Expected
+ Received

- false
+ true

 ❯ src/everything.spec.ts:8:18
            </failure>
        </testcase>
        <testcase classname="src/everything.spec.ts" name="describe 37 &gt; example test 64" time="0.00001575">
        </testcase>
        <testcase classname="src/everything.spec.ts" name="describe 37 &gt; example test 65" time="0.000064208">
            <failure message="expected true to be false // Object.is equality" type="AssertionError">
AssertionError: expected true to be false // Object.is equality

- Expected
+ Received

- false
+ true

 ❯ src/everything.spec.ts:8:18
            </failure>
        </testcase>
        <testcase classname="src/everything.spec.ts" name="describe 37 &gt; example test 66" time="0.000015709">
        </testcase>
        <testcase classname="src/everything.spec.ts" name="describe 37 &gt; example test 67" time="0.000065208">
            <failure message="expected true to be false // Object.is equality" type="AssertionError">
AssertionError: expected true to be false // Object.is equality

- Expected
+ Received

- false
+ true

 ❯ src/everything.spec.ts:8:18
            </failure>
        </testcase>
        <testcase classname="src/everything.spec.ts" name="describe 37 &gt; example test 68" time="0.0000155">
        </testcase>
        <testcase classname="src/everything.spec.ts" name="describe 37 &gt; example test 69" time="0.000063542">
            <failure message="expected true to be false // Object.is equality" type="AssertionError">
AssertionError: expected true to be false // Object.is equality

- Expected
+ Received

- false
+ true

 ❯ src/everything.spec.ts:8:18
            </failure>
        </testcase>
        <testcase classname="src/everything.spec.ts" name="describe 37 &gt; example test 70" time="0.000015416">
        </testcase>
        <testcase classname="src/everything.spec.ts" name="describe 37 &gt; example test 71" time="0.000064625">
            <failure message="expected true to be false // Object.is equality" type="AssertionError">
AssertionError: expected true to be false // Object.is equality

- Expected
+ Received

- false
+ true

 ❯ src/everything.spec.ts:8:18
            </failure>
        </testcase>
        <testcase classname="src/everything.spec.ts" name="describe 37 &gt; example test 72" time="0.000015458">
        </testcase>
        <testcase classname="src/everything.spec.ts" name="describe 37 &gt; example test 73" time="0.000063833">
            <failure message="expected true to be false // Object.is equality" type="AssertionError">
AssertionError: expected true to be false // Object.is equality

- Expected
+ Received

- false
+ true

 ❯ src/everything.spec.ts:8:18
            </failure>
        </testcase>
        <testcase classname="src/everything.spec.ts" name="describe 37 &gt; example test 74" time="0.000015875">
        </testcase>
        <testcase classname="src/everything.spec.ts" name="describe 37 &gt; example test 75" time="0.000063708">
            <failure message="expected true to be false // Object.is equality" type="AssertionError">
AssertionError: expected true to be false // Object.is equality

- Expected
+ Received

- false
+ true

 ❯ src/everything.spec.ts:8:18
            </failure>
        </testcase>
        <testcase classname="src/everything.spec.ts" name="describe 37 &gt; example test 76" time="0.000015459">
        </testcase>
        <testcase classname="src/everything.spec.ts" name="describe 37 &gt; example test 77" time="0.000062792">
            <failure message="expected true to be false // Object.is equality" type="AssertionError">
AssertionError: expected true to be false // Object.is equality

- Expected
+ Received

- false
+ true

 ❯ src/everything.spec.ts:8:18
            </failure>
        </testcase>
        <testcase classname="src/everything.spec.ts" name="describe 37 &gt; example test 78" time="0.0000155">
        </testcase>
        <testcase classname="src/everything.spec.ts" name="describe 37 &gt; example test 79" time="0.00022975">
            <failure message="expected true to be false // Object.is equality" type="AssertionError">
AssertionError: expected true to be false // Object.is equality

- Expected
+ Received

- false
+ true

 ❯ src/everything.spec.ts:8:18
            </failure>
        </testcase>
        <testcase classname="src/everything.spec.ts" name="describe 37 &gt; example test 80" time="0.000022333">
        </testcase>
        <testcase classname="src/everything.spec.ts" name="describe 37 &gt; example test 81" time="0.000080125">
            <failure message="expected true to be false // Object.is equality" type="AssertionError">
AssertionError: expected true to be false // Object.is equality

- Expected
+ Received

- false
+ true

 ❯ src/everything.spec.ts:8:18
            </failure>
        </testcase>
        <testcase classname="src/everything.spec.ts" name="describe 37 &gt; example test 82" time="0.000018584">
        </testcase>
        <testcase classname="src/everything.spec.ts" name="describe 37 &gt; example test 83" time="0.000071625">
            <failure message="expected true to be false // Object.is equality" type="AssertionError">
AssertionError: expected true to be false // Object.is equality

- Expected
+ Received

- false
+ true

 ❯ src/everything.spec.ts:8:18
            </failure>
        </testcase>
        <testcase classname="src/everything.spec.ts" name="describe 37 &gt; example test 84" time="0.000017">
        </testcase>
        <testcase classname="src/everything.spec.ts" name="describe 37 &gt; example test 85" time="0.000072875">
            <failure message="expected true to be false // Object.is equality" type="AssertionError">
AssertionError: expected true to be false // Object.is equality

- Expected
+ Received

- false
+ true

 ❯ src/everything.spec.ts:8:18
            </failure>
        </testcase>
        <testcase classname="src/everything.spec.ts" name="describe 37 &gt; example test 86" time="0.000017542">
        </testcase>
        <testcase classname="src/everything.spec.ts" name="describe 37 &gt; example test 87" time="0.000069875">
            <failure message="expected true to be false // Object.is equality" type="AssertionError">
AssertionError: expected true to be false // Object.is equality

- Expected
+ Received

- false
+ true

 ❯ src/everything.spec.ts:8:18
            </failure>
        </testcase>
        <testcase classname="src/everything.spec.ts" name="describe 37 &gt; example test 88" time="0.0000165">
        </testcase>
        <testcase classname="src/everything.spec.ts" name="describe 37 &gt; example test 89" time="0.00006725">
            <failure message="expected true to be false // Object.is equality" type="AssertionError">
AssertionError: expected true to be false // Object.is equality

- Expected
+ Received

- false
+ true

 ❯ src/everything.spec.ts:8:18
            </failure>
        </testcase>
        <testcase classname="src/everything.spec.ts" name="describe 37 &gt; example test 90" time="0.000016541">
        </testcase>
        <testcase classname="src/everything.spec.ts" name="describe 37 &gt; example test 91" time="0.000071">
            <failure message="expected true to be false // Object.is equality" type="AssertionError">
AssertionError: expected true to be false // Object.is equality

- Expected
+ Received

- false
+ true

 ❯ src/everything.spec.ts:8:18
            </failure>
        </testcase>
        <testcase classname="src/everything.spec.ts" name="describe 37 &gt; example test 92" time="0.000016334">
        </testcase>
        <testcase classname="src/everything.spec.ts" name="describe 37 &gt; example test 93" time="0.000066875">
            <failure message="expected true to be false // Object.is equality" type="AssertionError">
AssertionError: expected true to be false // Object.is equality

- Expected
+ Received

- false
+ true

 ❯ src/everything.spec.ts:8:18
            </failure>
        </testcase>
        <testcase classname="src/everything.spec.ts" name="describe 37 &gt; example test 94" time="0.000016459">
        </testcase>
        <testcase classname="src/everything.spec.ts" name="describe 37 &gt; example test 95" time="0.000076334">
            <failure message="expected true to be false // Object.is equality" type="AssertionError">
AssertionError: expected true to be false // Object.is equality

- Expected
+ Received

- false
+ true

 ❯ src/everything.spec.ts:8:18
            </failure>
        </testcase>
        <testcase classname="src/everything.spec.ts" name="describe 37 &gt; example test 96" time="0.000016333">
        </testcase>
        <testcase classname="src/everything.spec.ts" name="describe 37 &gt; example test 97" time="0.000068167">
            <failure message="expected true to be false // Object.is equality" type="AssertionError">
AssertionError: expected true to be false // Object.is equality

- Expected
+ Received

- false
+ true

 ❯ src/everything.spec.ts:8:18
            </failure>
        </testcase>
        <testcase classname="src/everything.spec.ts" name="describe 37 &gt; example test 98" time="0.000016542">
        </testcase>
        <testcase classname="src/everything.spec.ts" name="describe 37 &gt; example test 99" time="0.000065333">
            <failure message="expected true to be false // Object.is equality" type="AssertionError">
AssertionError: expected true to be false // Object.is equality

- Expected
+ Received

- false
+ true

 ❯ src/everything.spec.ts:8:18
            </failure>
        </testcase>
        <testcase classname="src/everything.spec.ts" name="describe 37 &gt; example test 100" time="0.000016208">
        </testcase>
        <testcase classname="src/everything.spec.ts" name="describe 38 &gt; example test 1" time="0.000068459">
            <failure message="expected true to be false // Object.is equality" type="AssertionError">
AssertionError: expected true to be false // Object.is equality

- Expected
+ Received

- false
+ true

 ❯ src/everything.spec.ts:8:18
            </failure>
        </testcase>
        <testcase classname="src/everything.spec.ts" name="describe 38 &gt; example test 2" time="0.000019375">
        </testcase>
        <testcase classname="src/everything.spec.ts" name="describe 38 &gt; example test 3" time="0.000065166">
            <failure message="expected true to be false // Object.is equality" type="AssertionError">
AssertionError: expected true to be false // Object.is equality

- Expected
+ Received

- false
+ true

 ❯ src/everything.spec.ts:8:18
            </failure>
        </testcase>
        <testcase classname="src/everything.spec.ts" name="describe 38 &gt; example test 4" time="0.000015291">
        </testcase>
        <testcase classname="src/everything.spec.ts" name="describe 38 &gt; example test 5" time="0.000071666">
            <failure message="expected true to be false // Object.is equality" type="AssertionError">
AssertionError: expected true to be false // Object.is equality

- Expected
+ Received

- false
+ true

 ❯ src/everything.spec.ts:8:18
            </failure>
        </testcase>
        <testcase classname="src/everything.spec.ts" name="describe 38 &gt; example test 6" time="0.000016">
        </testcase>
        <testcase classname="src/everything.spec.ts" name="describe 38 &gt; example test 7" time="0.000065166">
            <failure message="expected true to be false // Object.is equality" type="AssertionError">
AssertionError: expected true to be false // Object.is equality

- Expected
+ Received

- false
+ true

 ❯ src/everything.spec.ts:8:18
            </failure>
        </testcase>
        <testcase classname="src/everything.spec.ts" name="describe 38 &gt; example test 8" time="0.000037666">
        </testcase>
        <testcase classname="src/everything.spec.ts" name="describe 38 &gt; example test 9" time="0.000070208">
            <failure message="expected true to be false // Object.is equality" type="AssertionError">
AssertionError: expected true to be false // Object.is equality

- Expected
+ Received

- false
+ true

 ❯ src/everything.spec.ts:8:18
            </failure>
        </testcase>
        <testcase classname="src/everything.spec.ts" name="describe 38 &gt; example test 10" time="0.000016334">
        </testcase>
        <testcase classname="src/everything.spec.ts" name="describe 38 &gt; example test 11" time="0.000087625">
            <failure message="expected true to be false // Object.is equality" type="AssertionError">
AssertionError: expected true to be false // Object.is equality

- Expected
+ Received

- false
+ true

 ❯ src/everything.spec.ts:8:18
            </failure>
        </testcase>
        <testcase classname="src/everything.spec.ts" name="describe 38 &gt; example test 12" time="0.000032167">
        </testcase>
        <testcase classname="src/everything.spec.ts" name="describe 38 &gt; example test 13" time="0.000132375">
            <failure message="expected true to be false // Object.is equality" type="AssertionError">
AssertionError: expected true to be false // Object.is equality

- Expected
+ Received

- false
+ true

 ❯ src/everything.spec.ts:8:18
            </failure>
        </testcase>
        <testcase classname="src/everything.spec.ts" name="describe 38 &gt; example test 14" time="0.000032792">
        </testcase>
        <testcase classname="src/everything.spec.ts" name="describe 38 &gt; example test 15" time="0.000108625">
            <failure message="expected true to be false // Object.is equality" type="AssertionError">
AssertionError: expected true to be false // Object.is equality

- Expected
+ Received

- false
+ true

 ❯ src/everything.spec.ts:8:18
            </failure>
        </testcase>
        <testcase classname="src/everything.spec.ts" name="describe 38 &gt; example test 16" time="0.000021167">
        </testcase>
        <testcase classname="src/everything.spec.ts" name="describe 38 &gt; example test 17" time="0.000085417">
            <failure message="expected true to be false // Object.is equality" type="AssertionError">
AssertionError: expected true to be false // Object.is equality

- Expected
+ Received

- false
+ true

 ❯ src/everything.spec.ts:8:18
            </failure>
        </testcase>
        <testcase classname="src/everything.spec.ts" name="describe 38 &gt; example test 18" time="0.000021791">
        </testcase>
        <testcase classname="src/everything.spec.ts" name="describe 38 &gt; example test 19" time="0.0000755">
            <failure message="expected true to be false // Object.is equality" type="AssertionError">
AssertionError: expected true to be false // Object.is equality

- Expected
+ Received

- false
+ true

 ❯ src/everything.spec.ts:8:18
            </failure>
        </testcase>
        <testcase classname="src/everything.spec.ts" name="describe 38 &gt; example test 20" time="0.000018042">
        </testcase>
        <testcase classname="src/everything.spec.ts" name="describe 38 &gt; example test 21" time="0.000071333">
            <failure message="expected true to be false // Object.is equality" type="AssertionError">
AssertionError: expected true to be false // Object.is equality

- Expected
+ Received

- false
+ true

 ❯ src/everything.spec.ts:8:18
            </failure>
        </testcase>
        <testcase classname="src/everything.spec.ts" name="describe 38 &gt; example test 22" time="0.000017125">
        </testcase>
        <testcase classname="src/everything.spec.ts" name="describe 38 &gt; example test 23" time="0.000069375">
            <failure message="expected true to be false // Object.is equality" type="AssertionError">
AssertionError: expected true to be false // Object.is equality

- Expected
+ Received

- false
+ true

 ❯ src/everything.spec.ts:8:18
            </failure>
        </testcase>
        <testcase classname="src/everything.spec.ts" name="describe 38 &gt; example test 24" time="0.000016125">
        </testcase>
        <testcase classname="src/everything.spec.ts" name="describe 38 &gt; example test 25" time="0.000640625">
            <failure message="expected true to be false // Object.is equality" type="AssertionError">
AssertionError: expected true to be false // Object.is equality

- Expected
+ Received

- false
+ true

 ❯ src/everything.spec.ts:8:18
            </failure>
        </testcase>
        <testcase classname="src/everything.spec.ts" name="describe 38 &gt; example test 26" time="0.000037459">
        </testcase>
        <testcase classname="src/everything.spec.ts" name="describe 38 &gt; example test 27" time="0.000099209">
            <failure message="expected true to be false // Object.is equality" type="AssertionError">
AssertionError: expected true to be false // Object.is equality

- Expected
+ Received

- false
+ true

 ❯ src/everything.spec.ts:8:18
            </failure>
        </testcase>
        <testcase classname="src/everything.spec.ts" name="describe 38 &gt; example test 28" time="0.000023791">
        </testcase>
        <testcase classname="src/everything.spec.ts" name="describe 38 &gt; example test 29" time="0.000078292">
            <failure message="expected true to be false // Object.is equality" type="AssertionError">
AssertionError: expected true to be false // Object.is equality

- Expected
+ Received

- false
+ true

 ❯ src/everything.spec.ts:8:18
            </failure>
        </testcase>
        <testcase classname="src/everything.spec.ts" name="describe 38 &gt; example test 30" time="0.000018">
        </testcase>
        <testcase classname="src/everything.spec.ts" name="describe 38 &gt; example test 31" time="0.00007325">
            <failure message="expected true to be false // Object.is equality" type="AssertionError">
AssertionError: expected true to be false // Object.is equality

- Expected
+ Received

- false
+ true

 ❯ src/everything.spec.ts:8:18
            </failure>
        </testcase>
        <testcase classname="src/everything.spec.ts" name="describe 38 &gt; example test 32" time="0.000020084">
        </testcase>
        <testcase classname="src/everything.spec.ts" name="describe 38 &gt; example test 33" time="0.000074208">
            <failure message="expected true to be false // Object.is equality" type="AssertionError">
AssertionError: expected true to be false // Object.is equality

- Expected
+ Received

- false
+ true

 ❯ src/everything.spec.ts:8:18
            </failure>
        </testcase>
        <testcase classname="src/everything.spec.ts" name="describe 38 &gt; example test 34" time="0.000017625">
        </testcase>
        <testcase classname="src/everything.spec.ts" name="describe 38 &gt; example test 35" time="0.000071667">
            <failure message="expected true to be false // Object.is equality" type="AssertionError">
AssertionError: expected true to be false // Object.is equality

- Expected
+ Received

- false
+ true

 ❯ src/everything.spec.ts:8:18
            </failure>
        </testcase>
        <testcase classname="src/everything.spec.ts" name="describe 38 &gt; example test 36" time="0.000019459">
        </testcase>
        <testcase classname="src/everything.spec.ts" name="describe 38 &gt; example test 37" time="0.000068292">
            <failure message="expected true to be false // Object.is equality" type="AssertionError">
AssertionError: expected true to be false // Object.is equality

- Expected
+ Received

- false
+ true

 ❯ src/everything.spec.ts:8:18
            </failure>
        </testcase>
        <testcase classname="src/everything.spec.ts" name="describe 38 &gt; example test 38" time="0.000016791">
        </testcase>
        <testcase classname="src/everything.spec.ts" name="describe 38 &gt; example test 39" time="0.000067292">
            <failure message="expected true to be false // Object.is equality" type="AssertionError">
AssertionError: expected true to be false // Object.is equality

- Expected
+ Received

- false
+ true

 ❯ src/everything.spec.ts:8:18
            </failure>
        </testcase>
        <testcase classname="src/everything.spec.ts" name="describe 38 &gt; example test 40" time="0.0000165">
        </testcase>
        <testcase classname="src/everything.spec.ts" name="describe 38 &gt; example test 41" time="0.000067792">
            <failure message="expected true to be false // Object.is equality" type="AssertionError">
AssertionError: expected true to be false // Object.is equality

- Expected
+ Received

- false
+ true

 ❯ src/everything.spec.ts:8:18
            </failure>
        </testcase>
        <testcase classname="src/everything.spec.ts" name="describe 38 &gt; example test 42" time="0.000016458">
        </testcase>
        <testcase classname="src/everything.spec.ts" name="describe 38 &gt; example test 43" time="0.000069208">
            <failure message="expected true to be false // Object.is equality" type="AssertionError">
AssertionError: expected true to be false // Object.is equality

- Expected
+ Received

- false
+ true

 ❯ src/everything.spec.ts:8:18
            </failure>
        </testcase>
        <testcase classname="src/everything.spec.ts" name="describe 38 &gt; example test 44" time="0.000016084">
        </testcase>
        <testcase classname="src/everything.spec.ts" name="describe 38 &gt; example test 45" time="0.000071292">
            <failure message="expected true to be false // Object.is equality" type="AssertionError">
AssertionError: expected true to be false // Object.is equality

- Expected
+ Received

- false
+ true

 ❯ src/everything.spec.ts:8:18
            </failure>
        </testcase>
        <testcase classname="src/everything.spec.ts" name="describe 38 &gt; example test 46" time="0.000016959">
        </testcase>
        <testcase classname="src/everything.spec.ts" name="describe 38 &gt; example test 47" time="0.000066292">
            <failure message="expected true to be false // Object.is equality" type="AssertionError">
AssertionError: expected true to be false // Object.is equality

- Expected
+ Received

- false
+ true

 ❯ src/everything.spec.ts:8:18
            </failure>
        </testcase>
        <testcase classname="src/everything.spec.ts" name="describe 38 &gt; example test 48" time="0.00001625">
        </testcase>
        <testcase classname="src/everything.spec.ts" name="describe 38 &gt; example test 49" time="0.000068667">
            <failure message="expected true to be false // Object.is equality" type="AssertionError">
AssertionError: expected true to be false // Object.is equality

- Expected
+ Received

- false
+ true

 ❯ src/everything.spec.ts:8:18
            </failure>
        </testcase>
        <testcase classname="src/everything.spec.ts" name="describe 38 &gt; example test 50" time="0.000016416">
        </testcase>
        <testcase classname="src/everything.spec.ts" name="describe 38 &gt; example test 51" time="0.000066958">
            <failure message="expected true to be false // Object.is equality" type="AssertionError">
AssertionError: expected true to be false // Object.is equality

- Expected
+ Received

- false
+ true

 ❯ src/everything.spec.ts:8:18
            </failure>
        </testcase>
        <testcase classname="src/everything.spec.ts" name="describe 38 &gt; example test 52" time="0.000016">
        </testcase>
        <testcase classname="src/everything.spec.ts" name="describe 38 &gt; example test 53" time="0.000069792">
            <failure message="expected true to be false // Object.is equality" type="AssertionError">
AssertionError: expected true to be false // Object.is equality

- Expected
+ Received

- false
+ true

 ❯ src/everything.spec.ts:8:18
            </failure>
        </testcase>
        <testcase classname="src/everything.spec.ts" name="describe 38 &gt; example test 54" time="0.000015875">
        </testcase>
        <testcase classname="src/everything.spec.ts" name="describe 38 &gt; example test 55" time="0.000064583">
            <failure message="expected true to be false // Object.is equality" type="AssertionError">
AssertionError: expected true to be false // Object.is equality

- Expected
+ Received

- false
+ true

 ❯ src/everything.spec.ts:8:18
            </failure>
        </testcase>
        <testcase classname="src/everything.spec.ts" name="describe 38 &gt; example test 56" time="0.000015584">
        </testcase>
        <testcase classname="src/everything.spec.ts" name="describe 38 &gt; example test 57" time="0.000071125">
            <failure message="expected true to be false // Object.is equality" type="AssertionError">
AssertionError: expected true to be false // Object.is equality

- Expected
+ Received

- false
+ true

 ❯ src/everything.spec.ts:8:18
            </failure>
        </testcase>
        <testcase classname="src/everything.spec.ts" name="describe 38 &gt; example test 58" time="0.000016">
        </testcase>
        <testcase classname="src/everything.spec.ts" name="describe 38 &gt; example test 59" time="0.000065083">
            <failure message="expected true to be false // Object.is equality" type="AssertionError">
AssertionError: expected true to be false // Object.is equality

- Expected
+ Received

- false
+ true

 ❯ src/everything.spec.ts:8:18
            </failure>
        </testcase>
        <testcase classname="src/everything.spec.ts" name="describe 38 &gt; example test 60" time="0.000015542">
        </testcase>
        <testcase classname="src/everything.spec.ts" name="describe 38 &gt; example test 61" time="0.0000695">
            <failure message="expected true to be false // Object.is equality" type="AssertionError">
AssertionError: expected true to be false // Object.is equality

- Expected
+ Received

- false
+ true

 ❯ src/everything.spec.ts:8:18
            </failure>
        </testcase>
        <testcase classname="src/everything.spec.ts" name="describe 38 &gt; example test 62" time="0.000016333">
        </testcase>
        <testcase classname="src/everything.spec.ts" name="describe 38 &gt; example test 63" time="0.000068042">
            <failure message="expected true to be false // Object.is equality" type="AssertionError">
AssertionError: expected true to be false // Object.is equality

- Expected
+ Received

- false
+ true

 ❯ src/everything.spec.ts:8:18
            </failure>
        </testcase>
        <testcase classname="src/everything.spec.ts" name="describe 38 &gt; example test 64" time="0.000019042">
        </testcase>
        <testcase classname="src/everything.spec.ts" name="describe 38 &gt; example test 65" time="0.000068708">
            <failure message="expected true to be false // Object.is equality" type="AssertionError">
AssertionError: expected true to be false // Object.is equality

- Expected
+ Received

- false
+ true

 ❯ src/everything.spec.ts:8:18
            </failure>
        </testcase>
        <testcase classname="src/everything.spec.ts" name="describe 38 &gt; example test 66" time="0.000016">
        </testcase>
        <testcase classname="src/everything.spec.ts" name="describe 38 &gt; example test 67" time="0.000065334">
            <failure message="expected true to be false // Object.is equality" type="AssertionError">
AssertionError: expected true to be false // Object.is equality

- Expected
+ Received

- false
+ true

 ❯ src/everything.spec.ts:8:18
            </failure>
        </testcase>
        <testcase classname="src/everything.spec.ts" name="describe 38 &gt; example test 68" time="0.00001725">
        </testcase>
        <testcase classname="src/everything.spec.ts" name="describe 38 &gt; example test 69" time="0.000071916">
            <failure message="expected true to be false // Object.is equality" type="AssertionError">
AssertionError: expected true to be false // Object.is equality

- Expected
+ Received

- false
+ true

 ❯ src/everything.spec.ts:8:18
            </failure>
        </testcase>
        <testcase classname="src/everything.spec.ts" name="describe 38 &gt; example test 70" time="0.000016084">
        </testcase>
        <testcase classname="src/everything.spec.ts" name="describe 38 &gt; example test 71" time="0.000066834">
            <failure message="expected true to be false // Object.is equality" type="AssertionError">
AssertionError: expected true to be false // Object.is equality

- Expected
+ Received

- false
+ true

 ❯ src/everything.spec.ts:8:18
            </failure>
        </testcase>
        <testcase classname="src/everything.spec.ts" name="describe 38 &gt; example test 72" time="0.000019959">
        </testcase>
        <testcase classname="src/everything.spec.ts" name="describe 38 &gt; example test 73" time="0.00006775">
            <failure message="expected true to be false // Object.is equality" type="AssertionError">
AssertionError: expected true to be false // Object.is equality

- Expected
+ Received

- false
+ true

 ❯ src/everything.spec.ts:8:18
            </failure>
        </testcase>
        <testcase classname="src/everything.spec.ts" name="describe 38 &gt; example test 74" time="0.000018541">
        </testcase>
        <testcase classname="src/everything.spec.ts" name="describe 38 &gt; example test 75" time="0.000065125">
            <failure message="expected true to be false // Object.is equality" type="AssertionError">
AssertionError: expected true to be false // Object.is equality

- Expected
+ Received

- false
+ true

 ❯ src/everything.spec.ts:8:18
            </failure>
        </testcase>
        <testcase classname="src/everything.spec.ts" name="describe 38 &gt; example test 76" time="0.0000155">
        </testcase>
        <testcase classname="src/everything.spec.ts" name="describe 38 &gt; example test 77" time="0.000065833">
            <failure message="expected true to be false // Object.is equality" type="AssertionError">
AssertionError: expected true to be false // Object.is equality

- Expected
+ Received

- false
+ true

 ❯ src/everything.spec.ts:8:18
            </failure>
        </testcase>
        <testcase classname="src/everything.spec.ts" name="describe 38 &gt; example test 78" time="0.000015833">
        </testcase>
        <testcase classname="src/everything.spec.ts" name="describe 38 &gt; example test 79" time="0.000065708">
            <failure message="expected true to be false // Object.is equality" type="AssertionError">
AssertionError: expected true to be false // Object.is equality

- Expected
+ Received

- false
+ true

 ❯ src/everything.spec.ts:8:18
            </failure>
        </testcase>
        <testcase classname="src/everything.spec.ts" name="describe 38 &gt; example test 80" time="0.0000155">
        </testcase>
        <testcase classname="src/everything.spec.ts" name="describe 38 &gt; example test 81" time="0.000065458">
            <failure message="expected true to be false // Object.is equality" type="AssertionError">
AssertionError: expected true to be false // Object.is equality

- Expected
+ Received

- false
+ true

 ❯ src/everything.spec.ts:8:18
            </failure>
        </testcase>
        <testcase classname="src/everything.spec.ts" name="describe 38 &gt; example test 82" time="0.000016708">
        </testcase>
        <testcase classname="src/everything.spec.ts" name="describe 38 &gt; example test 83" time="0.000066084">
            <failure message="expected true to be false // Object.is equality" type="AssertionError">
AssertionError: expected true to be false // Object.is equality

- Expected
+ Received

- false
+ true

 ❯ src/everything.spec.ts:8:18
            </failure>
        </testcase>
        <testcase classname="src/everything.spec.ts" name="describe 38 &gt; example test 84" time="0.0000155">
        </testcase>
        <testcase classname="src/everything.spec.ts" name="describe 38 &gt; example test 85" time="0.000064666">
            <failure message="expected true to be false // Object.is equality" type="AssertionError">
AssertionError: expected true to be false // Object.is equality

- Expected
+ Received

- false
+ true

 ❯ src/everything.spec.ts:8:18
            </failure>
        </testcase>
        <testcase classname="src/everything.spec.ts" name="describe 38 &gt; example test 86" time="0.000015791">
        </testcase>
        <testcase classname="src/everything.spec.ts" name="describe 38 &gt; example test 87" time="0.000064792">
            <failure message="expected true to be false // Object.is equality" type="AssertionError">
AssertionError: expected true to be false // Object.is equality

- Expected
+ Received

- false
+ true

 ❯ src/everything.spec.ts:8:18
            </failure>
        </testcase>
        <testcase classname="src/everything.spec.ts" name="describe 38 &gt; example test 88" time="0.000016375">
        </testcase>
        <testcase classname="src/everything.spec.ts" name="describe 38 &gt; example test 89" time="0.000066792">
            <failure message="expected true to be false // Object.is equality" type="AssertionError">
AssertionError: expected true to be false // Object.is equality

- Expected
+ Received

- false
+ true

 ❯ src/everything.spec.ts:8:18
            </failure>
        </testcase>
        <testcase classname="src/everything.spec.ts" name="describe 38 &gt; example test 90" time="0.000015625">
        </testcase>
        <testcase classname="src/everything.spec.ts" name="describe 38 &gt; example test 91" time="0.000064709">
            <failure message="expected true to be false // Object.is equality" type="AssertionError">
AssertionError: expected true to be false // Object.is equality

- Expected
+ Received

- false
+ true

 ❯ src/everything.spec.ts:8:18
            </failure>
        </testcase>
        <testcase classname="src/everything.spec.ts" name="describe 38 &gt; example test 92" time="0.000016292">
        </testcase>
        <testcase classname="src/everything.spec.ts" name="describe 38 &gt; example test 93" time="0.000065083">
            <failure message="expected true to be false // Object.is equality" type="AssertionError">
AssertionError: expected true to be false // Object.is equality

- Expected
+ Received

- false
+ true

 ❯ src/everything.spec.ts:8:18
            </failure>
        </testcase>
        <testcase classname="src/everything.spec.ts" name="describe 38 &gt; example test 94" time="0.000015666">
        </testcase>
        <testcase classname="src/everything.spec.ts" name="describe 38 &gt; example test 95" time="0.00006425">
            <failure message="expected true to be false // Object.is equality" type="AssertionError">
AssertionError: expected true to be false // Object.is equality

- Expected
+ Received

- false
+ true

 ❯ src/everything.spec.ts:8:18
            </failure>
        </testcase>
        <testcase classname="src/everything.spec.ts" name="describe 38 &gt; example test 96" time="0.000019125">
        </testcase>
        <testcase classname="src/everything.spec.ts" name="describe 38 &gt; example test 97" time="0.000065333">
            <failure message="expected true to be false // Object.is equality" type="AssertionError">
AssertionError: expected true to be false // Object.is equality

- Expected
+ Received

- false
+ true

 ❯ src/everything.spec.ts:8:18
            </failure>
        </testcase>
        <testcase classname="src/everything.spec.ts" name="describe 38 &gt; example test 98" time="0.00001575">
        </testcase>
        <testcase classname="src/everything.spec.ts" name="describe 38 &gt; example test 99" time="0.000064459">
            <failure message="expected true to be false // Object.is equality" type="AssertionError">
AssertionError: expected true to be false // Object.is equality

- Expected
+ Received

- false
+ true

 ❯ src/everything.spec.ts:8:18
            </failure>
        </testcase>
        <testcase classname="src/everything.spec.ts" name="describe 38 &gt; example test 100" time="0.000017125">
        </testcase>
        <testcase classname="src/everything.spec.ts" name="describe 39 &gt; example test 1" time="0.000066625">
            <failure message="expected true to be false // Object.is equality" type="AssertionError">
AssertionError: expected true to be false // Object.is equality

- Expected
+ Received

- false
+ true

 ❯ src/everything.spec.ts:8:18
            </failure>
        </testcase>
        <testcase classname="src/everything.spec.ts" name="describe 39 &gt; example test 2" time="0.000015917">
        </testcase>
        <testcase classname="src/everything.spec.ts" name="describe 39 &gt; example test 3" time="0.000067916">
            <failure message="expected true to be false // Object.is equality" type="AssertionError">
AssertionError: expected true to be false // Object.is equality

- Expected
+ Received

- false
+ true

 ❯ src/everything.spec.ts:8:18
            </failure>
        </testcase>
        <testcase classname="src/everything.spec.ts" name="describe 39 &gt; example test 4" time="0.000016041">
        </testcase>
        <testcase classname="src/everything.spec.ts" name="describe 39 &gt; example test 5" time="0.000066667">
            <failure message="expected true to be false // Object.is equality" type="AssertionError">
AssertionError: expected true to be false // Object.is equality

- Expected
+ Received

- false
+ true

 ❯ src/everything.spec.ts:8:18
            </failure>
        </testcase>
        <testcase classname="src/everything.spec.ts" name="describe 39 &gt; example test 6" time="0.00001675">
        </testcase>
        <testcase classname="src/everything.spec.ts" name="describe 39 &gt; example test 7" time="0.000065958">
            <failure message="expected true to be false // Object.is equality" type="AssertionError">
AssertionError: expected true to be false // Object.is equality

- Expected
+ Received

- false
+ true

 ❯ src/everything.spec.ts:8:18
            </failure>
        </testcase>
        <testcase classname="src/everything.spec.ts" name="describe 39 &gt; example test 8" time="0.000017">
        </testcase>
        <testcase classname="src/everything.spec.ts" name="describe 39 &gt; example test 9" time="0.00007225">
            <failure message="expected true to be false // Object.is equality" type="AssertionError">
AssertionError: expected true to be false // Object.is equality

- Expected
+ Received

- false
+ true

 ❯ src/everything.spec.ts:8:18
            </failure>
        </testcase>
        <testcase classname="src/everything.spec.ts" name="describe 39 &gt; example test 10" time="0.000015667">
        </testcase>
        <testcase classname="src/everything.spec.ts" name="describe 39 &gt; example test 11" time="0.000191167">
            <failure message="expected true to be false // Object.is equality" type="AssertionError">
AssertionError: expected true to be false // Object.is equality

- Expected
+ Received

- false
+ true

 ❯ src/everything.spec.ts:8:18
            </failure>
        </testcase>
        <testcase classname="src/everything.spec.ts" name="describe 39 &gt; example test 12" time="0.000049417">
        </testcase>
        <testcase classname="src/everything.spec.ts" name="describe 39 &gt; example test 13" time="0.000085042">
            <failure message="expected true to be false // Object.is equality" type="AssertionError">
AssertionError: expected true to be false // Object.is equality

- Expected
+ Received

- false
+ true

 ❯ src/everything.spec.ts:8:18
            </failure>
        </testcase>
        <testcase classname="src/everything.spec.ts" name="describe 39 &gt; example test 14" time="0.000017">
        </testcase>
        <testcase classname="src/everything.spec.ts" name="describe 39 &gt; example test 15" time="0.000070167">
            <failure message="expected true to be false // Object.is equality" type="AssertionError">
AssertionError: expected true to be false // Object.is equality

- Expected
+ Received

- false
+ true

 ❯ src/everything.spec.ts:8:18
            </failure>
        </testcase>
        <testcase classname="src/everything.spec.ts" name="describe 39 &gt; example test 16" time="0.00001775">
        </testcase>
        <testcase classname="src/everything.spec.ts" name="describe 39 &gt; example test 17" time="0.000070083">
            <failure message="expected true to be false // Object.is equality" type="AssertionError">
AssertionError: expected true to be false // Object.is equality

- Expected
+ Received

- false
+ true

 ❯ src/everything.spec.ts:8:18
            </failure>
        </testcase>
        <testcase classname="src/everything.spec.ts" name="describe 39 &gt; example test 18" time="0.000016375">
        </testcase>
        <testcase classname="src/everything.spec.ts" name="describe 39 &gt; example test 19" time="0.000069833">
            <failure message="expected true to be false // Object.is equality" type="AssertionError">
AssertionError: expected true to be false // Object.is equality

- Expected
+ Received

- false
+ true

 ❯ src/everything.spec.ts:8:18
            </failure>
        </testcase>
        <testcase classname="src/everything.spec.ts" name="describe 39 &gt; example test 20" time="0.000017">
        </testcase>
        <testcase classname="src/everything.spec.ts" name="describe 39 &gt; example test 21" time="0.000092">
            <failure message="expected true to be false // Object.is equality" type="AssertionError">
AssertionError: expected true to be false // Object.is equality

- Expected
+ Received

- false
+ true

 ❯ src/everything.spec.ts:8:18
            </failure>
        </testcase>
        <testcase classname="src/everything.spec.ts" name="describe 39 &gt; example test 22" time="0.000016709">
        </testcase>
        <testcase classname="src/everything.spec.ts" name="describe 39 &gt; example test 23" time="0.000070042">
            <failure message="expected true to be false // Object.is equality" type="AssertionError">
AssertionError: expected true to be false // Object.is equality

- Expected
+ Received

- false
+ true

 ❯ src/everything.spec.ts:8:18
            </failure>
        </testcase>
        <testcase classname="src/everything.spec.ts" name="describe 39 &gt; example test 24" time="0.000017">
        </testcase>
        <testcase classname="src/everything.spec.ts" name="describe 39 &gt; example test 25" time="0.000075458">
            <failure message="expected true to be false // Object.is equality" type="AssertionError">
AssertionError: expected true to be false // Object.is equality

- Expected
+ Received

- false
+ true

 ❯ src/everything.spec.ts:8:18
            </failure>
        </testcase>
        <testcase classname="src/everything.spec.ts" name="describe 39 &gt; example test 26" time="0.000016709">
        </testcase>
        <testcase classname="src/everything.spec.ts" name="describe 39 &gt; example test 27" time="0.000093167">
            <failure message="expected true to be false // Object.is equality" type="AssertionError">
AssertionError: expected true to be false // Object.is equality

- Expected
+ Received

- false
+ true

 ❯ src/everything.spec.ts:8:18
            </failure>
        </testcase>
        <testcase classname="src/everything.spec.ts" name="describe 39 &gt; example test 28" time="0.000016167">
        </testcase>
        <testcase classname="src/everything.spec.ts" name="describe 39 &gt; example test 29" time="0.000068083">
            <failure message="expected true to be false // Object.is equality" type="AssertionError">
AssertionError: expected true to be false // Object.is equality

- Expected
+ Received

- false
+ true

 ❯ src/everything.spec.ts:8:18
            </failure>
        </testcase>
        <testcase classname="src/everything.spec.ts" name="describe 39 &gt; example test 30" time="0.00001625">
        </testcase>
        <testcase classname="src/everything.spec.ts" name="describe 39 &gt; example test 31" time="0.000069084">
            <failure message="expected true to be false // Object.is equality" type="AssertionError">
AssertionError: expected true to be false // Object.is equality

- Expected
+ Received

- false
+ true

 ❯ src/everything.spec.ts:8:18
            </failure>
        </testcase>
        <testcase classname="src/everything.spec.ts" name="describe 39 &gt; example test 32" time="0.000016666">
        </testcase>
        <testcase classname="src/everything.spec.ts" name="describe 39 &gt; example test 33" time="0.000067709">
            <failure message="expected true to be false // Object.is equality" type="AssertionError">
AssertionError: expected true to be false // Object.is equality

- Expected
+ Received

- false
+ true

 ❯ src/everything.spec.ts:8:18
            </failure>
        </testcase>
        <testcase classname="src/everything.spec.ts" name="describe 39 &gt; example test 34" time="0.000016458">
        </testcase>
        <testcase classname="src/everything.spec.ts" name="describe 39 &gt; example test 35" time="0.000087834">
            <failure message="expected true to be false // Object.is equality" type="AssertionError">
AssertionError: expected true to be false // Object.is equality

- Expected
+ Received

- false
+ true

 ❯ src/everything.spec.ts:8:18
            </failure>
        </testcase>
        <testcase classname="src/everything.spec.ts" name="describe 39 &gt; example test 36" time="0.000016833">
        </testcase>
        <testcase classname="src/everything.spec.ts" name="describe 39 &gt; example test 37" time="0.000090084">
            <failure message="expected true to be false // Object.is equality" type="AssertionError">
AssertionError: expected true to be false // Object.is equality

- Expected
+ Received

- false
+ true

 ❯ src/everything.spec.ts:8:18
            </failure>
        </testcase>
        <testcase classname="src/everything.spec.ts" name="describe 39 &gt; example test 38" time="0.000016541">
        </testcase>
        <testcase classname="src/everything.spec.ts" name="describe 39 &gt; example test 39" time="0.00011525">
            <failure message="expected true to be false // Object.is equality" type="AssertionError">
AssertionError: expected true to be false // Object.is equality

- Expected
+ Received

- false
+ true

 ❯ src/everything.spec.ts:8:18
            </failure>
        </testcase>
        <testcase classname="src/everything.spec.ts" name="describe 39 &gt; example test 40" time="0.000016791">
        </testcase>
        <testcase classname="src/everything.spec.ts" name="describe 39 &gt; example test 41" time="0.000069208">
            <failure message="expected true to be false // Object.is equality" type="AssertionError">
AssertionError: expected true to be false // Object.is equality

- Expected
+ Received

- false
+ true

 ❯ src/everything.spec.ts:8:18
            </failure>
        </testcase>
        <testcase classname="src/everything.spec.ts" name="describe 39 &gt; example test 42" time="0.000016791">
        </testcase>
        <testcase classname="src/everything.spec.ts" name="describe 39 &gt; example test 43" time="0.000165708">
            <failure message="expected true to be false // Object.is equality" type="AssertionError">
AssertionError: expected true to be false // Object.is equality

- Expected
+ Received

- false
+ true

 ❯ src/everything.spec.ts:8:18
            </failure>
        </testcase>
        <testcase classname="src/everything.spec.ts" name="describe 39 &gt; example test 44" time="0.000030667">
        </testcase>
        <testcase classname="src/everything.spec.ts" name="describe 39 &gt; example test 45" time="0.00010575">
            <failure message="expected true to be false // Object.is equality" type="AssertionError">
AssertionError: expected true to be false // Object.is equality

- Expected
+ Received

- false
+ true

 ❯ src/everything.spec.ts:8:18
            </failure>
        </testcase>
        <testcase classname="src/everything.spec.ts" name="describe 39 &gt; example test 46" time="0.0000205">
        </testcase>
        <testcase classname="src/everything.spec.ts" name="describe 39 &gt; example test 47" time="0.000074916">
            <failure message="expected true to be false // Object.is equality" type="AssertionError">
AssertionError: expected true to be false // Object.is equality

- Expected
+ Received

- false
+ true

 ❯ src/everything.spec.ts:8:18
            </failure>
        </testcase>
        <testcase classname="src/everything.spec.ts" name="describe 39 &gt; example test 48" time="0.000017541">
        </testcase>
        <testcase classname="src/everything.spec.ts" name="describe 39 &gt; example test 49" time="0.000079834">
            <failure message="expected true to be false // Object.is equality" type="AssertionError">
AssertionError: expected true to be false // Object.is equality

- Expected
+ Received

- false
+ true

 ❯ src/everything.spec.ts:8:18
            </failure>
        </testcase>
        <testcase classname="src/everything.spec.ts" name="describe 39 &gt; example test 50" time="0.000017708">
        </testcase>
        <testcase classname="src/everything.spec.ts" name="describe 39 &gt; example test 51" time="0.000067458">
            <failure message="expected true to be false // Object.is equality" type="AssertionError">
AssertionError: expected true to be false // Object.is equality

- Expected
+ Received

- false
+ true

 ❯ src/everything.spec.ts:8:18
            </failure>
        </testcase>
        <testcase classname="src/everything.spec.ts" name="describe 39 &gt; example test 52" time="0.000016125">
        </testcase>
        <testcase classname="src/everything.spec.ts" name="describe 39 &gt; example test 53" time="0.000065625">
            <failure message="expected true to be false // Object.is equality" type="AssertionError">
AssertionError: expected true to be false // Object.is equality

- Expected
+ Received

- false
+ true

 ❯ src/everything.spec.ts:8:18
            </failure>
        </testcase>
        <testcase classname="src/everything.spec.ts" name="describe 39 &gt; example test 54" time="0.000016167">
        </testcase>
        <testcase classname="src/everything.spec.ts" name="describe 39 &gt; example test 55" time="0.000064709">
            <failure message="expected true to be false // Object.is equality" type="AssertionError">
AssertionError: expected true to be false // Object.is equality

- Expected
+ Received

- false
+ true

 ❯ src/everything.spec.ts:8:18
            </failure>
        </testcase>
        <testcase classname="src/everything.spec.ts" name="describe 39 &gt; example test 56" time="0.000015833">
        </testcase>
        <testcase classname="src/everything.spec.ts" name="describe 39 &gt; example test 57" time="0.000064625">
            <failure message="expected true to be false // Object.is equality" type="AssertionError">
AssertionError: expected true to be false // Object.is equality

- Expected
+ Received

- false
+ true

 ❯ src/everything.spec.ts:8:18
            </failure>
        </testcase>
        <testcase classname="src/everything.spec.ts" name="describe 39 &gt; example test 58" time="0.000015916">
        </testcase>
        <testcase classname="src/everything.spec.ts" name="describe 39 &gt; example test 59" time="0.000062791">
            <failure message="expected true to be false // Object.is equality" type="AssertionError">
AssertionError: expected true to be false // Object.is equality

- Expected
+ Received

- false
+ true

 ❯ src/everything.spec.ts:8:18
            </failure>
        </testcase>
        <testcase classname="src/everything.spec.ts" name="describe 39 &gt; example test 60" time="0.000015417">
        </testcase>
        <testcase classname="src/everything.spec.ts" name="describe 39 &gt; example test 61" time="0.000064875">
            <failure message="expected true to be false // Object.is equality" type="AssertionError">
AssertionError: expected true to be false // Object.is equality

- Expected
+ Received

- false
+ true

 ❯ src/everything.spec.ts:8:18
            </failure>
        </testcase>
        <testcase classname="src/everything.spec.ts" name="describe 39 &gt; example test 62" time="0.000015875">
        </testcase>
        <testcase classname="src/everything.spec.ts" name="describe 39 &gt; example test 63" time="0.000065125">
            <failure message="expected true to be false // Object.is equality" type="AssertionError">
AssertionError: expected true to be false // Object.is equality

- Expected
+ Received

- false
+ true

 ❯ src/everything.spec.ts:8:18
            </failure>
        </testcase>
        <testcase classname="src/everything.spec.ts" name="describe 39 &gt; example test 64" time="0.000016042">
        </testcase>
        <testcase classname="src/everything.spec.ts" name="describe 39 &gt; example test 65" time="0.000063">
            <failure message="expected true to be false // Object.is equality" type="AssertionError">
AssertionError: expected true to be false // Object.is equality

- Expected
+ Received

- false
+ true

 ❯ src/everything.spec.ts:8:18
            </failure>
        </testcase>
        <testcase classname="src/everything.spec.ts" name="describe 39 &gt; example test 66" time="0.00001625">
        </testcase>
        <testcase classname="src/everything.spec.ts" name="describe 39 &gt; example test 67" time="0.000062709">
            <failure message="expected true to be false // Object.is equality" type="AssertionError">
AssertionError: expected true to be false // Object.is equality

- Expected
+ Received

- false
+ true

 ❯ src/everything.spec.ts:8:18
            </failure>
        </testcase>
        <testcase classname="src/everything.spec.ts" name="describe 39 &gt; example test 68" time="0.000015208">
        </testcase>
        <testcase classname="src/everything.spec.ts" name="describe 39 &gt; example test 69" time="0.000063917">
            <failure message="expected true to be false // Object.is equality" type="AssertionError">
AssertionError: expected true to be false // Object.is equality

- Expected
+ Received

- false
+ true

 ❯ src/everything.spec.ts:8:18
            </failure>
        </testcase>
        <testcase classname="src/everything.spec.ts" name="describe 39 &gt; example test 70" time="0.00001525">
        </testcase>
        <testcase classname="src/everything.spec.ts" name="describe 39 &gt; example test 71" time="0.000061791">
            <failure message="expected true to be false // Object.is equality" type="AssertionError">
AssertionError: expected true to be false // Object.is equality

- Expected
+ Received

- false
+ true

 ❯ src/everything.spec.ts:8:18
            </failure>
        </testcase>
        <testcase classname="src/everything.spec.ts" name="describe 39 &gt; example test 72" time="0.0000155">
        </testcase>
        <testcase classname="src/everything.spec.ts" name="describe 39 &gt; example test 73" time="0.000064458">
            <failure message="expected true to be false // Object.is equality" type="AssertionError">
AssertionError: expected true to be false // Object.is equality

- Expected
+ Received

- false
+ true

 ❯ src/everything.spec.ts:8:18
            </failure>
        </testcase>
        <testcase classname="src/everything.spec.ts" name="describe 39 &gt; example test 74" time="0.000016292">
        </testcase>
        <testcase classname="src/everything.spec.ts" name="describe 39 &gt; example test 75" time="0.000062708">
            <failure message="expected true to be false // Object.is equality" type="AssertionError">
AssertionError: expected true to be false // Object.is equality

- Expected
+ Received

- false
+ true

 ❯ src/everything.spec.ts:8:18
            </failure>
        </testcase>
        <testcase classname="src/everything.spec.ts" name="describe 39 &gt; example test 76" time="0.000015417">
        </testcase>
        <testcase classname="src/everything.spec.ts" name="describe 39 &gt; example test 77" time="0.000062625">
            <failure message="expected true to be false // Object.is equality" type="AssertionError">
AssertionError: expected true to be false // Object.is equality

- Expected
+ Received

- false
+ true

 ❯ src/everything.spec.ts:8:18
            </failure>
        </testcase>
        <testcase classname="src/everything.spec.ts" name="describe 39 &gt; example test 78" time="0.000015459">
        </testcase>
        <testcase classname="src/everything.spec.ts" name="describe 39 &gt; example test 79" time="0.000063958">
            <failure message="expected true to be false // Object.is equality" type="AssertionError">
AssertionError: expected true to be false // Object.is equality

- Expected
+ Received

- false
+ true

 ❯ src/everything.spec.ts:8:18
            </failure>
        </testcase>
        <testcase classname="src/everything.spec.ts" name="describe 39 &gt; example test 80" time="0.000015875">
        </testcase>
        <testcase classname="src/everything.spec.ts" name="describe 39 &gt; example test 81" time="0.000077166">
            <failure message="expected true to be false // Object.is equality" type="AssertionError">
AssertionError: expected true to be false // Object.is equality

- Expected
+ Received

- false
+ true

 ❯ src/everything.spec.ts:8:18
            </failure>
        </testcase>
        <testcase classname="src/everything.spec.ts" name="describe 39 &gt; example test 82" time="0.000016292">
        </testcase>
        <testcase classname="src/everything.spec.ts" name="describe 39 &gt; example test 83" time="0.000065458">
            <failure message="expected true to be false // Object.is equality" type="AssertionError">
AssertionError: expected true to be false // Object.is equality

- Expected
+ Received

- false
+ true

 ❯ src/everything.spec.ts:8:18
            </failure>
        </testcase>
        <testcase classname="src/everything.spec.ts" name="describe 39 &gt; example test 84" time="0.000015667">
        </testcase>
        <testcase classname="src/everything.spec.ts" name="describe 39 &gt; example test 85" time="0.00006625">
            <failure message="expected true to be false // Object.is equality" type="AssertionError">
AssertionError: expected true to be false // Object.is equality

- Expected
+ Received

- false
+ true

 ❯ src/everything.spec.ts:8:18
            </failure>
        </testcase>
        <testcase classname="src/everything.spec.ts" name="describe 39 &gt; example test 86" time="0.000015917">
        </testcase>
        <testcase classname="src/everything.spec.ts" name="describe 39 &gt; example test 87" time="0.000064416">
            <failure message="expected true to be false // Object.is equality" type="AssertionError">
AssertionError: expected true to be false // Object.is equality

- Expected
+ Received

- false
+ true

 ❯ src/everything.spec.ts:8:18
            </failure>
        </testcase>
        <testcase classname="src/everything.spec.ts" name="describe 39 &gt; example test 88" time="0.000016">
        </testcase>
        <testcase classname="src/everything.spec.ts" name="describe 39 &gt; example test 89" time="0.000065791">
            <failure message="expected true to be false // Object.is equality" type="AssertionError">
AssertionError: expected true to be false // Object.is equality

- Expected
+ Received

- false
+ true

 ❯ src/everything.spec.ts:8:18
            </failure>
        </testcase>
        <testcase classname="src/everything.spec.ts" name="describe 39 &gt; example test 90" time="0.000015875">
        </testcase>
        <testcase classname="src/everything.spec.ts" name="describe 39 &gt; example test 91" time="0.000063958">
            <failure message="expected true to be false // Object.is equality" type="AssertionError">
AssertionError: expected true to be false // Object.is equality

- Expected
+ Received

- false
+ true

 ❯ src/everything.spec.ts:8:18
            </failure>
        </testcase>
        <testcase classname="src/everything.spec.ts" name="describe 39 &gt; example test 92" time="0.000017041">
        </testcase>
        <testcase classname="src/everything.spec.ts" name="describe 39 &gt; example test 93" time="0.000065041">
            <failure message="expected true to be false // Object.is equality" type="AssertionError">
AssertionError: expected true to be false // Object.is equality

- Expected
+ Received

- false
+ true

 ❯ src/everything.spec.ts:8:18
            </failure>
        </testcase>
        <testcase classname="src/everything.spec.ts" name="describe 39 &gt; example test 94" time="0.000015792">
        </testcase>
        <testcase classname="src/everything.spec.ts" name="describe 39 &gt; example test 95" time="0.000064042">
            <failure message="expected true to be false // Object.is equality" type="AssertionError">
AssertionError: expected true to be false // Object.is equality

- Expected
+ Received

- false
+ true

 ❯ src/everything.spec.ts:8:18
            </failure>
        </testcase>
        <testcase classname="src/everything.spec.ts" name="describe 39 &gt; example test 96" time="0.000017125">
        </testcase>
        <testcase classname="src/everything.spec.ts" name="describe 39 &gt; example test 97" time="0.000065042">
            <failure message="expected true to be false // Object.is equality" type="AssertionError">
AssertionError: expected true to be false // Object.is equality

- Expected
+ Received

- false
+ true

 ❯ src/everything.spec.ts:8:18
            </failure>
        </testcase>
        <testcase classname="src/everything.spec.ts" name="describe 39 &gt; example test 98" time="0.000016333">
        </testcase>
        <testcase classname="src/everything.spec.ts" name="describe 39 &gt; example test 99" time="0.000063416">
            <failure message="expected true to be false // Object.is equality" type="AssertionError">
AssertionError: expected true to be false // Object.is equality

- Expected
+ Received

- false
+ true

 ❯ src/everything.spec.ts:8:18
            </failure>
        </testcase>
        <testcase classname="src/everything.spec.ts" name="describe 39 &gt; example test 100" time="0.000015875">
        </testcase>
        <testcase classname="src/everything.spec.ts" name="describe 40 &gt; example test 1" time="0.000066792">
            <failure message="expected true to be false // Object.is equality" type="AssertionError">
AssertionError: expected true to be false // Object.is equality

- Expected
+ Received

- false
+ true

 ❯ src/everything.spec.ts:8:18
            </failure>
        </testcase>
        <testcase classname="src/everything.spec.ts" name="describe 40 &gt; example test 2" time="0.000016667">
        </testcase>
        <testcase classname="src/everything.spec.ts" name="describe 40 &gt; example test 3" time="0.00006575">
            <failure message="expected true to be false // Object.is equality" type="AssertionError">
AssertionError: expected true to be false // Object.is equality

- Expected
+ Received

- false
+ true

 ❯ src/everything.spec.ts:8:18
            </failure>
        </testcase>
        <testcase classname="src/everything.spec.ts" name="describe 40 &gt; example test 4" time="0.000016292">
        </testcase>
        <testcase classname="src/everything.spec.ts" name="describe 40 &gt; example test 5" time="0.000066333">
            <failure message="expected true to be false // Object.is equality" type="AssertionError">
AssertionError: expected true to be false // Object.is equality

- Expected
+ Received

- false
+ true

 ❯ src/everything.spec.ts:8:18
            </failure>
        </testcase>
        <testcase classname="src/everything.spec.ts" name="describe 40 &gt; example test 6" time="0.000016459">
        </testcase>
        <testcase classname="src/everything.spec.ts" name="describe 40 &gt; example test 7" time="0.000066167">
            <failure message="expected true to be false // Object.is equality" type="AssertionError">
AssertionError: expected true to be false // Object.is equality

- Expected
+ Received

- false
+ true

 ❯ src/everything.spec.ts:8:18
            </failure>
        </testcase>
        <testcase classname="src/everything.spec.ts" name="describe 40 &gt; example test 8" time="0.000017792">
        </testcase>
        <testcase classname="src/everything.spec.ts" name="describe 40 &gt; example test 9" time="0.00006775">
            <failure message="expected true to be false // Object.is equality" type="AssertionError">
AssertionError: expected true to be false // Object.is equality

- Expected
+ Received

- false
+ true

 ❯ src/everything.spec.ts:8:18
            </failure>
        </testcase>
        <testcase classname="src/everything.spec.ts" name="describe 40 &gt; example test 10" time="0.000016083">
        </testcase>
        <testcase classname="src/everything.spec.ts" name="describe 40 &gt; example test 11" time="0.000077417">
            <failure message="expected true to be false // Object.is equality" type="AssertionError">
AssertionError: expected true to be false // Object.is equality

- Expected
+ Received

- false
+ true

 ❯ src/everything.spec.ts:8:18
            </failure>
        </testcase>
        <testcase classname="src/everything.spec.ts" name="describe 40 &gt; example test 12" time="0.000017833">
        </testcase>
        <testcase classname="src/everything.spec.ts" name="describe 40 &gt; example test 13" time="0.000071333">
            <failure message="expected true to be false // Object.is equality" type="AssertionError">
AssertionError: expected true to be false // Object.is equality

- Expected
+ Received

- false
+ true

 ❯ src/everything.spec.ts:8:18
            </failure>
        </testcase>
        <testcase classname="src/everything.spec.ts" name="describe 40 &gt; example test 14" time="0.000016875">
        </testcase>
        <testcase classname="src/everything.spec.ts" name="describe 40 &gt; example test 15" time="0.000066125">
            <failure message="expected true to be false // Object.is equality" type="AssertionError">
AssertionError: expected true to be false // Object.is equality

- Expected
+ Received

- false
+ true

 ❯ src/everything.spec.ts:8:18
            </failure>
        </testcase>
        <testcase classname="src/everything.spec.ts" name="describe 40 &gt; example test 16" time="0.000016708">
        </testcase>
        <testcase classname="src/everything.spec.ts" name="describe 40 &gt; example test 17" time="0.00006425">
            <failure message="expected true to be false // Object.is equality" type="AssertionError">
AssertionError: expected true to be false // Object.is equality

- Expected
+ Received

- false
+ true

 ❯ src/everything.spec.ts:8:18
            </failure>
        </testcase>
        <testcase classname="src/everything.spec.ts" name="describe 40 &gt; example test 18" time="0.000015791">
        </testcase>
        <testcase classname="src/everything.spec.ts" name="describe 40 &gt; example test 19" time="0.000065292">
            <failure message="expected true to be false // Object.is equality" type="AssertionError">
AssertionError: expected true to be false // Object.is equality

- Expected
+ Received

- false
+ true

 ❯ src/everything.spec.ts:8:18
            </failure>
        </testcase>
        <testcase classname="src/everything.spec.ts" name="describe 40 &gt; example test 20" time="0.000016875">
        </testcase>
        <testcase classname="src/everything.spec.ts" name="describe 40 &gt; example test 21" time="0.000066958">
            <failure message="expected true to be false // Object.is equality" type="AssertionError">
AssertionError: expected true to be false // Object.is equality

- Expected
+ Received

- false
+ true

 ❯ src/everything.spec.ts:8:18
            </failure>
        </testcase>
        <testcase classname="src/everything.spec.ts" name="describe 40 &gt; example test 22" time="0.000016042">
        </testcase>
        <testcase classname="src/everything.spec.ts" name="describe 40 &gt; example test 23" time="0.000064625">
            <failure message="expected true to be false // Object.is equality" type="AssertionError">
AssertionError: expected true to be false // Object.is equality

- Expected
+ Received

- false
+ true

 ❯ src/everything.spec.ts:8:18
            </failure>
        </testcase>
        <testcase classname="src/everything.spec.ts" name="describe 40 &gt; example test 24" time="0.000016292">
        </testcase>
        <testcase classname="src/everything.spec.ts" name="describe 40 &gt; example test 25" time="0.000063458">
            <failure message="expected true to be false // Object.is equality" type="AssertionError">
AssertionError: expected true to be false // Object.is equality

- Expected
+ Received

- false
+ true

 ❯ src/everything.spec.ts:8:18
            </failure>
        </testcase>
        <testcase classname="src/everything.spec.ts" name="describe 40 &gt; example test 26" time="0.00001625">
        </testcase>
        <testcase classname="src/everything.spec.ts" name="describe 40 &gt; example test 27" time="0.000063542">
            <failure message="expected true to be false // Object.is equality" type="AssertionError">
AssertionError: expected true to be false // Object.is equality

- Expected
+ Received

- false
+ true

 ❯ src/everything.spec.ts:8:18
            </failure>
        </testcase>
        <testcase classname="src/everything.spec.ts" name="describe 40 &gt; example test 28" time="0.000016791">
        </testcase>
        <testcase classname="src/everything.spec.ts" name="describe 40 &gt; example test 29" time="0.000064584">
            <failure message="expected true to be false // Object.is equality" type="AssertionError">
AssertionError: expected true to be false // Object.is equality

- Expected
+ Received

- false
+ true

 ❯ src/everything.spec.ts:8:18
            </failure>
        </testcase>
        <testcase classname="src/everything.spec.ts" name="describe 40 &gt; example test 30" time="0.000015709">
        </testcase>
        <testcase classname="src/everything.spec.ts" name="describe 40 &gt; example test 31" time="0.000064083">
            <failure message="expected true to be false // Object.is equality" type="AssertionError">
AssertionError: expected true to be false // Object.is equality

- Expected
+ Received

- false
+ true

 ❯ src/everything.spec.ts:8:18
            </failure>
        </testcase>
        <testcase classname="src/everything.spec.ts" name="describe 40 &gt; example test 32" time="0.00001675">
        </testcase>
        <testcase classname="src/everything.spec.ts" name="describe 40 &gt; example test 33" time="0.000063625">
            <failure message="expected true to be false // Object.is equality" type="AssertionError">
AssertionError: expected true to be false // Object.is equality

- Expected
+ Received

- false
+ true

 ❯ src/everything.spec.ts:8:18
            </failure>
        </testcase>
        <testcase classname="src/everything.spec.ts" name="describe 40 &gt; example test 34" time="0.000015417">
        </testcase>
        <testcase classname="src/everything.spec.ts" name="describe 40 &gt; example test 35" time="0.000066708">
            <failure message="expected true to be false // Object.is equality" type="AssertionError">
AssertionError: expected true to be false // Object.is equality

- Expected
+ Received

- false
+ true

 ❯ src/everything.spec.ts:8:18
            </failure>
        </testcase>
        <testcase classname="src/everything.spec.ts" name="describe 40 &gt; example test 36" time="0.000016916">
        </testcase>
        <testcase classname="src/everything.spec.ts" name="describe 40 &gt; example test 37" time="0.000066084">
            <failure message="expected true to be false // Object.is equality" type="AssertionError">
AssertionError: expected true to be false // Object.is equality

- Expected
+ Received

- false
+ true

 ❯ src/everything.spec.ts:8:18
            </failure>
        </testcase>
        <testcase classname="src/everything.spec.ts" name="describe 40 &gt; example test 38" time="0.000020208">
        </testcase>
        <testcase classname="src/everything.spec.ts" name="describe 40 &gt; example test 39" time="0.000067333">
            <failure message="expected true to be false // Object.is equality" type="AssertionError">
AssertionError: expected true to be false // Object.is equality

- Expected
+ Received

- false
+ true

 ❯ src/everything.spec.ts:8:18
            </failure>
        </testcase>
        <testcase classname="src/everything.spec.ts" name="describe 40 &gt; example test 40" time="0.000015625">
        </testcase>
        <testcase classname="src/everything.spec.ts" name="describe 40 &gt; example test 41" time="0.000066">
            <failure message="expected true to be false // Object.is equality" type="AssertionError">
AssertionError: expected true to be false // Object.is equality

- Expected
+ Received

- false
+ true

 ❯ src/everything.spec.ts:8:18
            </failure>
        </testcase>
        <testcase classname="src/everything.spec.ts" name="describe 40 &gt; example test 42" time="0.000017125">
        </testcase>
        <testcase classname="src/everything.spec.ts" name="describe 40 &gt; example test 43" time="0.000066334">
            <failure message="expected true to be false // Object.is equality" type="AssertionError">
AssertionError: expected true to be false // Object.is equality

- Expected
+ Received

- false
+ true

 ❯ src/everything.spec.ts:8:18
            </failure>
        </testcase>
        <testcase classname="src/everything.spec.ts" name="describe 40 &gt; example test 44" time="0.000020083">
        </testcase>
        <testcase classname="src/everything.spec.ts" name="describe 40 &gt; example test 45" time="0.000067">
            <failure message="expected true to be false // Object.is equality" type="AssertionError">
AssertionError: expected true to be false // Object.is equality

- Expected
+ Received

- false
+ true

 ❯ src/everything.spec.ts:8:18
            </failure>
        </testcase>
        <testcase classname="src/everything.spec.ts" name="describe 40 &gt; example test 46" time="0.000016792">
        </testcase>
        <testcase classname="src/everything.spec.ts" name="describe 40 &gt; example test 47" time="0.000067125">
            <failure message="expected true to be false // Object.is equality" type="AssertionError">
AssertionError: expected true to be false // Object.is equality

- Expected
+ Received

- false
+ true

 ❯ src/everything.spec.ts:8:18
            </failure>
        </testcase>
        <testcase classname="src/everything.spec.ts" name="describe 40 &gt; example test 48" time="0.000017333">
        </testcase>
        <testcase classname="src/everything.spec.ts" name="describe 40 &gt; example test 49" time="0.0000665">
            <failure message="expected true to be false // Object.is equality" type="AssertionError">
AssertionError: expected true to be false // Object.is equality

- Expected
+ Received

- false
+ true

 ❯ src/everything.spec.ts:8:18
            </failure>
        </testcase>
        <testcase classname="src/everything.spec.ts" name="describe 40 &gt; example test 50" time="0.000016917">
        </testcase>
        <testcase classname="src/everything.spec.ts" name="describe 40 &gt; example test 51" time="0.000067375">
            <failure message="expected true to be false // Object.is equality" type="AssertionError">
AssertionError: expected true to be false // Object.is equality

- Expected
+ Received

- false
+ true

 ❯ src/everything.spec.ts:8:18
            </failure>
        </testcase>
        <testcase classname="src/everything.spec.ts" name="describe 40 &gt; example test 52" time="0.00001675">
        </testcase>
        <testcase classname="src/everything.spec.ts" name="describe 40 &gt; example test 53" time="0.0000655">
            <failure message="expected true to be false // Object.is equality" type="AssertionError">
AssertionError: expected true to be false // Object.is equality

- Expected
+ Received

- false
+ true

 ❯ src/everything.spec.ts:8:18
            </failure>
        </testcase>
        <testcase classname="src/everything.spec.ts" name="describe 40 &gt; example test 54" time="0.000017334">
        </testcase>
        <testcase classname="src/everything.spec.ts" name="describe 40 &gt; example test 55" time="0.000067542">
            <failure message="expected true to be false // Object.is equality" type="AssertionError">
AssertionError: expected true to be false // Object.is equality

- Expected
+ Received

- false
+ true

 ❯ src/everything.spec.ts:8:18
            </failure>
        </testcase>
        <testcase classname="src/everything.spec.ts" name="describe 40 &gt; example test 56" time="0.000016875">
        </testcase>
        <testcase classname="src/everything.spec.ts" name="describe 40 &gt; example test 57" time="0.000065916">
            <failure message="expected true to be false // Object.is equality" type="AssertionError">
AssertionError: expected true to be false // Object.is equality

- Expected
+ Received

- false
+ true

 ❯ src/everything.spec.ts:8:18
            </failure>
        </testcase>
        <testcase classname="src/everything.spec.ts" name="describe 40 &gt; example test 58" time="0.000016334">
        </testcase>
        <testcase classname="src/everything.spec.ts" name="describe 40 &gt; example test 59" time="0.000067708">
            <failure message="expected true to be false // Object.is equality" type="AssertionError">
AssertionError: expected true to be false // Object.is equality

- Expected
+ Received

- false
+ true

 ❯ src/everything.spec.ts:8:18
            </failure>
        </testcase>
        <testcase classname="src/everything.spec.ts" name="describe 40 &gt; example test 60" time="0.000016625">
        </testcase>
        <testcase classname="src/everything.spec.ts" name="describe 40 &gt; example test 61" time="0.000074375">
            <failure message="expected true to be false // Object.is equality" type="AssertionError">
AssertionError: expected true to be false // Object.is equality

- Expected
+ Received

- false
+ true

 ❯ src/everything.spec.ts:8:18
            </failure>
        </testcase>
        <testcase classname="src/everything.spec.ts" name="describe 40 &gt; example test 62" time="0.000019166">
        </testcase>
        <testcase classname="src/everything.spec.ts" name="describe 40 &gt; example test 63" time="0.000078083">
            <failure message="expected true to be false // Object.is equality" type="AssertionError">
AssertionError: expected true to be false // Object.is equality

- Expected
+ Received

- false
+ true

 ❯ src/everything.spec.ts:8:18
            </failure>
        </testcase>
        <testcase classname="src/everything.spec.ts" name="describe 40 &gt; example test 64" time="0.000017292">
        </testcase>
        <testcase classname="src/everything.spec.ts" name="describe 40 &gt; example test 65" time="0.000079916">
            <failure message="expected true to be false // Object.is equality" type="AssertionError">
AssertionError: expected true to be false // Object.is equality

- Expected
+ Received

- false
+ true

 ❯ src/everything.spec.ts:8:18
            </failure>
        </testcase>
        <testcase classname="src/everything.spec.ts" name="describe 40 &gt; example test 66" time="0.000019208">
        </testcase>
        <testcase classname="src/everything.spec.ts" name="describe 40 &gt; example test 67" time="0.000586584">
            <failure message="expected true to be false // Object.is equality" type="AssertionError">
AssertionError: expected true to be false // Object.is equality

- Expected
+ Received

- false
+ true

 ❯ src/everything.spec.ts:8:18
            </failure>
        </testcase>
        <testcase classname="src/everything.spec.ts" name="describe 40 &gt; example test 68" time="0.000032666">
        </testcase>
        <testcase classname="src/everything.spec.ts" name="describe 40 &gt; example test 69" time="0.000103625">
            <failure message="expected true to be false // Object.is equality" type="AssertionError">
AssertionError: expected true to be false // Object.is equality

- Expected
+ Received

- false
+ true

 ❯ src/everything.spec.ts:8:18
            </failure>
        </testcase>
        <testcase classname="src/everything.spec.ts" name="describe 40 &gt; example test 70" time="0.000020375">
        </testcase>
        <testcase classname="src/everything.spec.ts" name="describe 40 &gt; example test 71" time="0.000076667">
            <failure message="expected true to be false // Object.is equality" type="AssertionError">
AssertionError: expected true to be false // Object.is equality

- Expected
+ Received

- false
+ true

 ❯ src/everything.spec.ts:8:18
            </failure>
        </testcase>
        <testcase classname="src/everything.spec.ts" name="describe 40 &gt; example test 72" time="0.000017459">
        </testcase>
        <testcase classname="src/everything.spec.ts" name="describe 40 &gt; example test 73" time="0.000072166">
            <failure message="expected true to be false // Object.is equality" type="AssertionError">
AssertionError: expected true to be false // Object.is equality

- Expected
+ Received

- false
+ true

 ❯ src/everything.spec.ts:8:18
            </failure>
        </testcase>
        <testcase classname="src/everything.spec.ts" name="describe 40 &gt; example test 74" time="0.000017917">
        </testcase>
        <testcase classname="src/everything.spec.ts" name="describe 40 &gt; example test 75" time="0.000072167">
            <failure message="expected true to be false // Object.is equality" type="AssertionError">
AssertionError: expected true to be false // Object.is equality

- Expected
+ Received

- false
+ true

 ❯ src/everything.spec.ts:8:18
            </failure>
        </testcase>
        <testcase classname="src/everything.spec.ts" name="describe 40 &gt; example test 76" time="0.000017541">
        </testcase>
        <testcase classname="src/everything.spec.ts" name="describe 40 &gt; example test 77" time="0.000070375">
            <failure message="expected true to be false // Object.is equality" type="AssertionError">
AssertionError: expected true to be false // Object.is equality

- Expected
+ Received

- false
+ true

 ❯ src/everything.spec.ts:8:18
            </failure>
        </testcase>
        <testcase classname="src/everything.spec.ts" name="describe 40 &gt; example test 78" time="0.000017042">
        </testcase>
        <testcase classname="src/everything.spec.ts" name="describe 40 &gt; example test 79" time="0.000097292">
            <failure message="expected true to be false // Object.is equality" type="AssertionError">
AssertionError: expected true to be false // Object.is equality

- Expected
+ Received

- false
+ true

 ❯ src/everything.spec.ts:8:18
            </failure>
        </testcase>
        <testcase classname="src/everything.spec.ts" name="describe 40 &gt; example test 80" time="0.000017334">
        </testcase>
        <testcase classname="src/everything.spec.ts" name="describe 40 &gt; example test 81" time="0.000071166">
            <failure message="expected true to be false // Object.is equality" type="AssertionError">
AssertionError: expected true to be false // Object.is equality

- Expected
+ Received

- false
+ true

 ❯ src/everything.spec.ts:8:18
            </failure>
        </testcase>
        <testcase classname="src/everything.spec.ts" name="describe 40 &gt; example test 82" time="0.000016959">
        </testcase>
        <testcase classname="src/everything.spec.ts" name="describe 40 &gt; example test 83" time="0.000069292">
            <failure message="expected true to be false // Object.is equality" type="AssertionError">
AssertionError: expected true to be false // Object.is equality

- Expected
+ Received

- false
+ true

 ❯ src/everything.spec.ts:8:18
            </failure>
        </testcase>
        <testcase classname="src/everything.spec.ts" name="describe 40 &gt; example test 84" time="0.000017291">
        </testcase>
        <testcase classname="src/everything.spec.ts" name="describe 40 &gt; example test 85" time="0.000084042">
            <failure message="expected true to be false // Object.is equality" type="AssertionError">
AssertionError: expected true to be false // Object.is equality

- Expected
+ Received

- false
+ true

 ❯ src/everything.spec.ts:8:18
            </failure>
        </testcase>
        <testcase classname="src/everything.spec.ts" name="describe 40 &gt; example test 86" time="0.000017208">
        </testcase>
        <testcase classname="src/everything.spec.ts" name="describe 40 &gt; example test 87" time="0.000116333">
            <failure message="expected true to be false // Object.is equality" type="AssertionError">
AssertionError: expected true to be false // Object.is equality

- Expected
+ Received

- false
+ true

 ❯ src/everything.spec.ts:8:18
            </failure>
        </testcase>
        <testcase classname="src/everything.spec.ts" name="describe 40 &gt; example test 88" time="0.000029834">
        </testcase>
        <testcase classname="src/everything.spec.ts" name="describe 40 &gt; example test 89" time="0.000088291">
            <failure message="expected true to be false // Object.is equality" type="AssertionError">
AssertionError: expected true to be false // Object.is equality

- Expected
+ Received

- false
+ true

 ❯ src/everything.spec.ts:8:18
            </failure>
        </testcase>
        <testcase classname="src/everything.spec.ts" name="describe 40 &gt; example test 90" time="0.000018541">
        </testcase>
        <testcase classname="src/everything.spec.ts" name="describe 40 &gt; example test 91" time="0.000071708">
            <failure message="expected true to be false // Object.is equality" type="AssertionError">
AssertionError: expected true to be false // Object.is equality

- Expected
+ Received

- false
+ true

 ❯ src/everything.spec.ts:8:18
            </failure>
        </testcase>
        <testcase classname="src/everything.spec.ts" name="describe 40 &gt; example test 92" time="0.000017291">
        </testcase>
        <testcase classname="src/everything.spec.ts" name="describe 40 &gt; example test 93" time="0.000067584">
            <failure message="expected true to be false // Object.is equality" type="AssertionError">
AssertionError: expected true to be false // Object.is equality

- Expected
+ Received

- false
+ true

 ❯ src/everything.spec.ts:8:18
            </failure>
        </testcase>
        <testcase classname="src/everything.spec.ts" name="describe 40 &gt; example test 94" time="0.000016875">
        </testcase>
        <testcase classname="src/everything.spec.ts" name="describe 40 &gt; example test 95" time="0.000068584">
            <failure message="expected true to be false // Object.is equality" type="AssertionError">
AssertionError: expected true to be false // Object.is equality

- Expected
+ Received

- false
+ true

 ❯ src/everything.spec.ts:8:18
            </failure>
        </testcase>
        <testcase classname="src/everything.spec.ts" name="describe 40 &gt; example test 96" time="0.000017458">
        </testcase>
        <testcase classname="src/everything.spec.ts" name="describe 40 &gt; example test 97" time="0.000066458">
            <failure message="expected true to be false // Object.is equality" type="AssertionError">
AssertionError: expected true to be false // Object.is equality

- Expected
+ Received

- false
+ true

 ❯ src/everything.spec.ts:8:18
            </failure>
        </testcase>
        <testcase classname="src/everything.spec.ts" name="describe 40 &gt; example test 98" time="0.000016417">
        </testcase>
        <testcase classname="src/everything.spec.ts" name="describe 40 &gt; example test 99" time="0.000071708">
            <failure message="expected true to be false // Object.is equality" type="AssertionError">
AssertionError: expected true to be false // Object.is equality

- Expected
+ Received

- false
+ true

 ❯ src/everything.spec.ts:8:18
            </failure>
        </testcase>
        <testcase classname="src/everything.spec.ts" name="describe 40 &gt; example test 100" time="0.000018042">
        </testcase>
        <testcase classname="src/everything.spec.ts" name="describe 41 &gt; example test 1" time="0.000068291">
            <failure message="expected true to be false // Object.is equality" type="AssertionError">
AssertionError: expected true to be false // Object.is equality

- Expected
+ Received

- false
+ true

 ❯ src/everything.spec.ts:8:18
            </failure>
        </testcase>
        <testcase classname="src/everything.spec.ts" name="describe 41 &gt; example test 2" time="0.000017416">
        </testcase>
        <testcase classname="src/everything.spec.ts" name="describe 41 &gt; example test 3" time="0.000067375">
            <failure message="expected true to be false // Object.is equality" type="AssertionError">
AssertionError: expected true to be false // Object.is equality

- Expected
+ Received

- false
+ true

 ❯ src/everything.spec.ts:8:18
            </failure>
        </testcase>
        <testcase classname="src/everything.spec.ts" name="describe 41 &gt; example test 4" time="0.000017">
        </testcase>
        <testcase classname="src/everything.spec.ts" name="describe 41 &gt; example test 5" time="0.000066542">
            <failure message="expected true to be false // Object.is equality" type="AssertionError">
AssertionError: expected true to be false // Object.is equality

- Expected
+ Received

- false
+ true

 ❯ src/everything.spec.ts:8:18
            </failure>
        </testcase>
        <testcase classname="src/everything.spec.ts" name="describe 41 &gt; example test 6" time="0.000016458">
        </testcase>
        <testcase classname="src/everything.spec.ts" name="describe 41 &gt; example test 7" time="0.000068458">
            <failure message="expected true to be false // Object.is equality" type="AssertionError">
AssertionError: expected true to be false // Object.is equality

- Expected
+ Received

- false
+ true

 ❯ src/everything.spec.ts:8:18
            </failure>
        </testcase>
        <testcase classname="src/everything.spec.ts" name="describe 41 &gt; example test 8" time="0.000062625">
        </testcase>
        <testcase classname="src/everything.spec.ts" name="describe 41 &gt; example test 9" time="0.000195917">
            <failure message="expected true to be false // Object.is equality" type="AssertionError">
AssertionError: expected true to be false // Object.is equality

- Expected
+ Received

- false
+ true

 ❯ src/everything.spec.ts:8:18
            </failure>
        </testcase>
        <testcase classname="src/everything.spec.ts" name="describe 41 &gt; example test 10" time="0.000025208">
        </testcase>
        <testcase classname="src/everything.spec.ts" name="describe 41 &gt; example test 11" time="0.000083958">
            <failure message="expected true to be false // Object.is equality" type="AssertionError">
AssertionError: expected true to be false // Object.is equality

- Expected
+ Received

- false
+ true

 ❯ src/everything.spec.ts:8:18
            </failure>
        </testcase>
        <testcase classname="src/everything.spec.ts" name="describe 41 &gt; example test 12" time="0.000018542">
        </testcase>
        <testcase classname="src/everything.spec.ts" name="describe 41 &gt; example test 13" time="0.0000715">
            <failure message="expected true to be false // Object.is equality" type="AssertionError">
AssertionError: expected true to be false // Object.is equality

- Expected
+ Received

- false
+ true

 ❯ src/everything.spec.ts:8:18
            </failure>
        </testcase>
        <testcase classname="src/everything.spec.ts" name="describe 41 &gt; example test 14" time="0.000017334">
        </testcase>
        <testcase classname="src/everything.spec.ts" name="describe 41 &gt; example test 15" time="0.000069958">
            <failure message="expected true to be false // Object.is equality" type="AssertionError">
AssertionError: expected true to be false // Object.is equality

- Expected
+ Received

- false
+ true

 ❯ src/everything.spec.ts:8:18
            </failure>
        </testcase>
        <testcase classname="src/everything.spec.ts" name="describe 41 &gt; example test 16" time="0.000018417">
        </testcase>
        <testcase classname="src/everything.spec.ts" name="describe 41 &gt; example test 17" time="0.000113333">
            <failure message="expected true to be false // Object.is equality" type="AssertionError">
AssertionError: expected true to be false // Object.is equality

- Expected
+ Received

- false
+ true

 ❯ src/everything.spec.ts:8:18
            </failure>
        </testcase>
        <testcase classname="src/everything.spec.ts" name="describe 41 &gt; example test 18" time="0.0000285">
        </testcase>
        <testcase classname="src/everything.spec.ts" name="describe 41 &gt; example test 19" time="0.00009525">
            <failure message="expected true to be false // Object.is equality" type="AssertionError">
AssertionError: expected true to be false // Object.is equality

- Expected
+ Received

- false
+ true

 ❯ src/everything.spec.ts:8:18
            </failure>
        </testcase>
        <testcase classname="src/everything.spec.ts" name="describe 41 &gt; example test 20" time="0.000019166">
        </testcase>
        <testcase classname="src/everything.spec.ts" name="describe 41 &gt; example test 21" time="0.000076291">
            <failure message="expected true to be false // Object.is equality" type="AssertionError">
AssertionError: expected true to be false // Object.is equality

- Expected
+ Received

- false
+ true

 ❯ src/everything.spec.ts:8:18
            </failure>
        </testcase>
        <testcase classname="src/everything.spec.ts" name="describe 41 &gt; example test 22" time="0.000018041">
        </testcase>
        <testcase classname="src/everything.spec.ts" name="describe 41 &gt; example test 23" time="0.000072875">
            <failure message="expected true to be false // Object.is equality" type="AssertionError">
AssertionError: expected true to be false // Object.is equality

- Expected
+ Received

- false
+ true

 ❯ src/everything.spec.ts:8:18
            </failure>
        </testcase>
        <testcase classname="src/everything.spec.ts" name="describe 41 &gt; example test 24" time="0.0000175">
        </testcase>
        <testcase classname="src/everything.spec.ts" name="describe 41 &gt; example test 25" time="0.000069459">
            <failure message="expected true to be false // Object.is equality" type="AssertionError">
AssertionError: expected true to be false // Object.is equality

- Expected
+ Received

- false
+ true

 ❯ src/everything.spec.ts:8:18
            </failure>
        </testcase>
        <testcase classname="src/everything.spec.ts" name="describe 41 &gt; example test 26" time="0.000017083">
        </testcase>
        <testcase classname="src/everything.spec.ts" name="describe 41 &gt; example test 27" time="0.000069583">
            <failure message="expected true to be false // Object.is equality" type="AssertionError">
AssertionError: expected true to be false // Object.is equality

- Expected
+ Received

- false
+ true

 ❯ src/everything.spec.ts:8:18
            </failure>
        </testcase>
        <testcase classname="src/everything.spec.ts" name="describe 41 &gt; example test 28" time="0.000017041">
        </testcase>
        <testcase classname="src/everything.spec.ts" name="describe 41 &gt; example test 29" time="0.000066959">
            <failure message="expected true to be false // Object.is equality" type="AssertionError">
AssertionError: expected true to be false // Object.is equality

- Expected
+ Received

- false
+ true

 ❯ src/everything.spec.ts:8:18
            </failure>
        </testcase>
        <testcase classname="src/everything.spec.ts" name="describe 41 &gt; example test 30" time="0.000016583">
        </testcase>
        <testcase classname="src/everything.spec.ts" name="describe 41 &gt; example test 31" time="0.000068542">
            <failure message="expected true to be false // Object.is equality" type="AssertionError">
AssertionError: expected true to be false // Object.is equality

- Expected
+ Received

- false
+ true

 ❯ src/everything.spec.ts:8:18
            </failure>
        </testcase>
        <testcase classname="src/everything.spec.ts" name="describe 41 &gt; example test 32" time="0.000020291">
        </testcase>
        <testcase classname="src/everything.spec.ts" name="describe 41 &gt; example test 33" time="0.00006775">
            <failure message="expected true to be false // Object.is equality" type="AssertionError">
AssertionError: expected true to be false // Object.is equality

- Expected
+ Received

- false
+ true

 ❯ src/everything.spec.ts:8:18
            </failure>
        </testcase>
        <testcase classname="src/everything.spec.ts" name="describe 41 &gt; example test 34" time="0.000017083">
        </testcase>
        <testcase classname="src/everything.spec.ts" name="describe 41 &gt; example test 35" time="0.000066583">
            <failure message="expected true to be false // Object.is equality" type="AssertionError">
AssertionError: expected true to be false // Object.is equality

- Expected
+ Received

- false
+ true

 ❯ src/everything.spec.ts:8:18
            </failure>
        </testcase>
        <testcase classname="src/everything.spec.ts" name="describe 41 &gt; example test 36" time="0.000016875">
        </testcase>
        <testcase classname="src/everything.spec.ts" name="describe 41 &gt; example test 37" time="0.000066875">
            <failure message="expected true to be false // Object.is equality" type="AssertionError">
AssertionError: expected true to be false // Object.is equality

- Expected
+ Received

- false
+ true

 ❯ src/everything.spec.ts:8:18
            </failure>
        </testcase>
        <testcase classname="src/everything.spec.ts" name="describe 41 &gt; example test 38" time="0.000017083">
        </testcase>
        <testcase classname="src/everything.spec.ts" name="describe 41 &gt; example test 39" time="0.000065959">
            <failure message="expected true to be false // Object.is equality" type="AssertionError">
AssertionError: expected true to be false // Object.is equality

- Expected
+ Received

- false
+ true

 ❯ src/everything.spec.ts:8:18
            </failure>
        </testcase>
        <testcase classname="src/everything.spec.ts" name="describe 41 &gt; example test 40" time="0.000016416">
        </testcase>
        <testcase classname="src/everything.spec.ts" name="describe 41 &gt; example test 41" time="0.000064958">
            <failure message="expected true to be false // Object.is equality" type="AssertionError">
AssertionError: expected true to be false // Object.is equality

- Expected
+ Received

- false
+ true

 ❯ src/everything.spec.ts:8:18
            </failure>
        </testcase>
        <testcase classname="src/everything.spec.ts" name="describe 41 &gt; example test 42" time="0.000016125">
        </testcase>
        <testcase classname="src/everything.spec.ts" name="describe 41 &gt; example test 43" time="0.000065708">
            <failure message="expected true to be false // Object.is equality" type="AssertionError">
AssertionError: expected true to be false // Object.is equality

- Expected
+ Received

- false
+ true

 ❯ src/everything.spec.ts:8:18
            </failure>
        </testcase>
        <testcase classname="src/everything.spec.ts" name="describe 41 &gt; example test 44" time="0.000016792">
        </testcase>
        <testcase classname="src/everything.spec.ts" name="describe 41 &gt; example test 45" time="0.000065458">
            <failure message="expected true to be false // Object.is equality" type="AssertionError">
AssertionError: expected true to be false // Object.is equality

- Expected
+ Received

- false
+ true

 ❯ src/everything.spec.ts:8:18
            </failure>
        </testcase>
        <testcase classname="src/everything.spec.ts" name="describe 41 &gt; example test 46" time="0.000016209">
        </testcase>
        <testcase classname="src/everything.spec.ts" name="describe 41 &gt; example test 47" time="0.000066">
            <failure message="expected true to be false // Object.is equality" type="AssertionError">
AssertionError: expected true to be false // Object.is equality

- Expected
+ Received

- false
+ true

 ❯ src/everything.spec.ts:8:18
            </failure>
        </testcase>
        <testcase classname="src/everything.spec.ts" name="describe 41 &gt; example test 48" time="0.000016416">
        </testcase>
        <testcase classname="src/everything.spec.ts" name="describe 41 &gt; example test 49" time="0.000064625">
            <failure message="expected true to be false // Object.is equality" type="AssertionError">
AssertionError: expected true to be false // Object.is equality

- Expected
+ Received

- false
+ true

 ❯ src/everything.spec.ts:8:18
            </failure>
        </testcase>
        <testcase classname="src/everything.spec.ts" name="describe 41 &gt; example test 50" time="0.000016417">
        </testcase>
        <testcase classname="src/everything.spec.ts" name="describe 41 &gt; example test 51" time="0.000065334">
            <failure message="expected true to be false // Object.is equality" type="AssertionError">
AssertionError: expected true to be false // Object.is equality

- Expected
+ Received

- false
+ true

 ❯ src/everything.spec.ts:8:18
            </failure>
        </testcase>
        <testcase classname="src/everything.spec.ts" name="describe 41 &gt; example test 52" time="0.000016458">
        </testcase>
        <testcase classname="src/everything.spec.ts" name="describe 41 &gt; example test 53" time="0.00007225">
            <failure message="expected true to be false // Object.is equality" type="AssertionError">
AssertionError: expected true to be false // Object.is equality

- Expected
+ Received

- false
+ true

 ❯ src/everything.spec.ts:8:18
            </failure>
        </testcase>
        <testcase classname="src/everything.spec.ts" name="describe 41 &gt; example test 54" time="0.000016333">
        </testcase>
        <testcase classname="src/everything.spec.ts" name="describe 41 &gt; example test 55" time="0.000065666">
            <failure message="expected true to be false // Object.is equality" type="AssertionError">
AssertionError: expected true to be false // Object.is equality

- Expected
+ Received

- false
+ true

 ❯ src/everything.spec.ts:8:18
            </failure>
        </testcase>
        <testcase classname="src/everything.spec.ts" name="describe 41 &gt; example test 56" time="0.000016458">
        </testcase>
        <testcase classname="src/everything.spec.ts" name="describe 41 &gt; example test 57" time="0.00006725">
            <failure message="expected true to be false // Object.is equality" type="AssertionError">
AssertionError: expected true to be false // Object.is equality

- Expected
+ Received

- false
+ true

 ❯ src/everything.spec.ts:8:18
            </failure>
        </testcase>
        <testcase classname="src/everything.spec.ts" name="describe 41 &gt; example test 58" time="0.000016667">
        </testcase>
        <testcase classname="src/everything.spec.ts" name="describe 41 &gt; example test 59" time="0.000065625">
            <failure message="expected true to be false // Object.is equality" type="AssertionError">
AssertionError: expected true to be false // Object.is equality

- Expected
+ Received

- false
+ true

 ❯ src/everything.spec.ts:8:18
            </failure>
        </testcase>
        <testcase classname="src/everything.spec.ts" name="describe 41 &gt; example test 60" time="0.000016416">
        </testcase>
        <testcase classname="src/everything.spec.ts" name="describe 41 &gt; example test 61" time="0.000066209">
            <failure message="expected true to be false // Object.is equality" type="AssertionError">
AssertionError: expected true to be false // Object.is equality

- Expected
+ Received

- false
+ true

 ❯ src/everything.spec.ts:8:18
            </failure>
        </testcase>
        <testcase classname="src/everything.spec.ts" name="describe 41 &gt; example test 62" time="0.000016709">
        </testcase>
        <testcase classname="src/everything.spec.ts" name="describe 41 &gt; example test 63" time="0.000065084">
            <failure message="expected true to be false // Object.is equality" type="AssertionError">
AssertionError: expected true to be false // Object.is equality

- Expected
+ Received

- false
+ true

 ❯ src/everything.spec.ts:8:18
            </failure>
        </testcase>
        <testcase classname="src/everything.spec.ts" name="describe 41 &gt; example test 64" time="0.000016">
        </testcase>
        <testcase classname="src/everything.spec.ts" name="describe 41 &gt; example test 65" time="0.000063834">
            <failure message="expected true to be false // Object.is equality" type="AssertionError">
AssertionError: expected true to be false // Object.is equality

- Expected
+ Received

- false
+ true

 ❯ src/everything.spec.ts:8:18
            </failure>
        </testcase>
        <testcase classname="src/everything.spec.ts" name="describe 41 &gt; example test 66" time="0.000016083">
        </testcase>
        <testcase classname="src/everything.spec.ts" name="describe 41 &gt; example test 67" time="0.000063834">
            <failure message="expected true to be false // Object.is equality" type="AssertionError">
AssertionError: expected true to be false // Object.is equality

- Expected
+ Received

- false
+ true

 ❯ src/everything.spec.ts:8:18
            </failure>
        </testcase>
        <testcase classname="src/everything.spec.ts" name="describe 41 &gt; example test 68" time="0.000015958">
        </testcase>
        <testcase classname="src/everything.spec.ts" name="describe 41 &gt; example test 69" time="0.000063791">
            <failure message="expected true to be false // Object.is equality" type="AssertionError">
AssertionError: expected true to be false // Object.is equality

- Expected
+ Received

- false
+ true

 ❯ src/everything.spec.ts:8:18
            </failure>
        </testcase>
        <testcase classname="src/everything.spec.ts" name="describe 41 &gt; example test 70" time="0.000017125">
        </testcase>
        <testcase classname="src/everything.spec.ts" name="describe 41 &gt; example test 71" time="0.000065">
            <failure message="expected true to be false // Object.is equality" type="AssertionError">
AssertionError: expected true to be false // Object.is equality

- Expected
+ Received

- false
+ true

 ❯ src/everything.spec.ts:8:18
            </failure>
        </testcase>
        <testcase classname="src/everything.spec.ts" name="describe 41 &gt; example test 72" time="0.00001575">
        </testcase>
        <testcase classname="src/everything.spec.ts" name="describe 41 &gt; example test 73" time="0.000063542">
            <failure message="expected true to be false // Object.is equality" type="AssertionError">
AssertionError: expected true to be false // Object.is equality

- Expected
+ Received

- false
+ true

 ❯ src/everything.spec.ts:8:18
            </failure>
        </testcase>
        <testcase classname="src/everything.spec.ts" name="describe 41 &gt; example test 74" time="0.000015667">
        </testcase>
        <testcase classname="src/everything.spec.ts" name="describe 41 &gt; example test 75" time="0.000064458">
            <failure message="expected true to be false // Object.is equality" type="AssertionError">
AssertionError: expected true to be false // Object.is equality

- Expected
+ Received

- false
+ true

 ❯ src/everything.spec.ts:8:18
            </failure>
        </testcase>
        <testcase classname="src/everything.spec.ts" name="describe 41 &gt; example test 76" time="0.000015583">
        </testcase>
        <testcase classname="src/everything.spec.ts" name="describe 41 &gt; example test 77" time="0.000064083">
            <failure message="expected true to be false // Object.is equality" type="AssertionError">
AssertionError: expected true to be false // Object.is equality

- Expected
+ Received

- false
+ true

 ❯ src/everything.spec.ts:8:18
            </failure>
        </testcase>
        <testcase classname="src/everything.spec.ts" name="describe 41 &gt; example test 78" time="0.000016667">
        </testcase>
        <testcase classname="src/everything.spec.ts" name="describe 41 &gt; example test 79" time="0.000064334">
            <failure message="expected true to be false // Object.is equality" type="AssertionError">
AssertionError: expected true to be false // Object.is equality

- Expected
+ Received

- false
+ true

 ❯ src/everything.spec.ts:8:18
            </failure>
        </testcase>
        <testcase classname="src/everything.spec.ts" name="describe 41 &gt; example test 80" time="0.000016042">
        </testcase>
        <testcase classname="src/everything.spec.ts" name="describe 41 &gt; example test 81" time="0.000065667">
            <failure message="expected true to be false // Object.is equality" type="AssertionError">
AssertionError: expected true to be false // Object.is equality

- Expected
+ Received

- false
+ true

 ❯ src/everything.spec.ts:8:18
            </failure>
        </testcase>
        <testcase classname="src/everything.spec.ts" name="describe 41 &gt; example test 82" time="0.000016625">
        </testcase>
        <testcase classname="src/everything.spec.ts" name="describe 41 &gt; example test 83" time="0.000066709">
            <failure message="expected true to be false // Object.is equality" type="AssertionError">
AssertionError: expected true to be false // Object.is equality

- Expected
+ Received

- false
+ true

 ❯ src/everything.spec.ts:8:18
            </failure>
        </testcase>
        <testcase classname="src/everything.spec.ts" name="describe 41 &gt; example test 84" time="0.000016292">
        </testcase>
        <testcase classname="src/everything.spec.ts" name="describe 41 &gt; example test 85" time="0.000065042">
            <failure message="expected true to be false // Object.is equality" type="AssertionError">
AssertionError: expected true to be false // Object.is equality

- Expected
+ Received

- false
+ true

 ❯ src/everything.spec.ts:8:18
            </failure>
        </testcase>
        <testcase classname="src/everything.spec.ts" name="describe 41 &gt; example test 86" time="0.000016917">
        </testcase>
        <testcase classname="src/everything.spec.ts" name="describe 41 &gt; example test 87" time="0.0000645">
            <failure message="expected true to be false // Object.is equality" type="AssertionError">
AssertionError: expected true to be false // Object.is equality

- Expected
+ Received

- false
+ true

 ❯ src/everything.spec.ts:8:18
            </failure>
        </testcase>
        <testcase classname="src/everything.spec.ts" name="describe 41 &gt; example test 88" time="0.000015916">
        </testcase>
        <testcase classname="src/everything.spec.ts" name="describe 41 &gt; example test 89" time="0.000064667">
            <failure message="expected true to be false // Object.is equality" type="AssertionError">
AssertionError: expected true to be false // Object.is equality

- Expected
+ Received

- false
+ true

 ❯ src/everything.spec.ts:8:18
            </failure>
        </testcase>
        <testcase classname="src/everything.spec.ts" name="describe 41 &gt; example test 90" time="0.000017209">
        </testcase>
        <testcase classname="src/everything.spec.ts" name="describe 41 &gt; example test 91" time="0.000064209">
            <failure message="expected true to be false // Object.is equality" type="AssertionError">
AssertionError: expected true to be false // Object.is equality

- Expected
+ Received

- false
+ true

 ❯ src/everything.spec.ts:8:18
            </failure>
        </testcase>
        <testcase classname="src/everything.spec.ts" name="describe 41 &gt; example test 92" time="0.000016084">
        </testcase>
        <testcase classname="src/everything.spec.ts" name="describe 41 &gt; example test 93" time="0.000064167">
            <failure message="expected true to be false // Object.is equality" type="AssertionError">
AssertionError: expected true to be false // Object.is equality

- Expected
+ Received

- false
+ true

 ❯ src/everything.spec.ts:8:18
            </failure>
        </testcase>
        <testcase classname="src/everything.spec.ts" name="describe 41 &gt; example test 94" time="0.000016166">
        </testcase>
        <testcase classname="src/everything.spec.ts" name="describe 41 &gt; example test 95" time="0.000063541">
            <failure message="expected true to be false // Object.is equality" type="AssertionError">
AssertionError: expected true to be false // Object.is equality

- Expected
+ Received

- false
+ true

 ❯ src/everything.spec.ts:8:18
            </failure>
        </testcase>
        <testcase classname="src/everything.spec.ts" name="describe 41 &gt; example test 96" time="0.000015125">
        </testcase>
        <testcase classname="src/everything.spec.ts" name="describe 41 &gt; example test 97" time="0.000062417">
            <failure message="expected true to be false // Object.is equality" type="AssertionError">
AssertionError: expected true to be false // Object.is equality

- Expected
+ Received

- false
+ true

 ❯ src/everything.spec.ts:8:18
            </failure>
        </testcase>
        <testcase classname="src/everything.spec.ts" name="describe 41 &gt; example test 98" time="0.000015208">
        </testcase>
        <testcase classname="src/everything.spec.ts" name="describe 41 &gt; example test 99" time="0.000061083">
            <failure message="expected true to be false // Object.is equality" type="AssertionError">
AssertionError: expected true to be false // Object.is equality

- Expected
+ Received

- false
+ true

 ❯ src/everything.spec.ts:8:18
            </failure>
        </testcase>
        <testcase classname="src/everything.spec.ts" name="describe 41 &gt; example test 100" time="0.000015667">
        </testcase>
        <testcase classname="src/everything.spec.ts" name="describe 42 &gt; example test 1" time="0.000064875">
            <failure message="expected true to be false // Object.is equality" type="AssertionError">
AssertionError: expected true to be false // Object.is equality

- Expected
+ Received

- false
+ true

 ❯ src/everything.spec.ts:8:18
            </failure>
        </testcase>
        <testcase classname="src/everything.spec.ts" name="describe 42 &gt; example test 2" time="0.000015625">
        </testcase>
        <testcase classname="src/everything.spec.ts" name="describe 42 &gt; example test 3" time="0.000063666">
            <failure message="expected true to be false // Object.is equality" type="AssertionError">
AssertionError: expected true to be false // Object.is equality

- Expected
+ Received

- false
+ true

 ❯ src/everything.spec.ts:8:18
            </failure>
        </testcase>
        <testcase classname="src/everything.spec.ts" name="describe 42 &gt; example test 4" time="0.000015667">
        </testcase>
        <testcase classname="src/everything.spec.ts" name="describe 42 &gt; example test 5" time="0.000062084">
            <failure message="expected true to be false // Object.is equality" type="AssertionError">
AssertionError: expected true to be false // Object.is equality

- Expected
+ Received

- false
+ true

 ❯ src/everything.spec.ts:8:18
            </failure>
        </testcase>
        <testcase classname="src/everything.spec.ts" name="describe 42 &gt; example test 6" time="0.000015417">
        </testcase>
        <testcase classname="src/everything.spec.ts" name="describe 42 &gt; example test 7" time="0.000062167">
            <failure message="expected true to be false // Object.is equality" type="AssertionError">
AssertionError: expected true to be false // Object.is equality

- Expected
+ Received

- false
+ true

 ❯ src/everything.spec.ts:8:18
            </failure>
        </testcase>
        <testcase classname="src/everything.spec.ts" name="describe 42 &gt; example test 8" time="0.00001525">
        </testcase>
        <testcase classname="src/everything.spec.ts" name="describe 42 &gt; example test 9" time="0.000142459">
            <failure message="expected true to be false // Object.is equality" type="AssertionError">
AssertionError: expected true to be false // Object.is equality

- Expected
+ Received

- false
+ true

 ❯ src/everything.spec.ts:8:18
            </failure>
        </testcase>
        <testcase classname="src/everything.spec.ts" name="describe 42 &gt; example test 10" time="0.000033">
        </testcase>
        <testcase classname="src/everything.spec.ts" name="describe 42 &gt; example test 11" time="0.000093792">
            <failure message="expected true to be false // Object.is equality" type="AssertionError">
AssertionError: expected true to be false // Object.is equality

- Expected
+ Received

- false
+ true

 ❯ src/everything.spec.ts:8:18
            </failure>
        </testcase>
        <testcase classname="src/everything.spec.ts" name="describe 42 &gt; example test 12" time="0.000021375">
        </testcase>
        <testcase classname="src/everything.spec.ts" name="describe 42 &gt; example test 13" time="0.000079709">
            <failure message="expected true to be false // Object.is equality" type="AssertionError">
AssertionError: expected true to be false // Object.is equality

- Expected
+ Received

- false
+ true

 ❯ src/everything.spec.ts:8:18
            </failure>
        </testcase>
        <testcase classname="src/everything.spec.ts" name="describe 42 &gt; example test 14" time="0.000019459">
        </testcase>
        <testcase classname="src/everything.spec.ts" name="describe 42 &gt; example test 15" time="0.000076042">
            <failure message="expected true to be false // Object.is equality" type="AssertionError">
AssertionError: expected true to be false // Object.is equality

- Expected
+ Received

- false
+ true

 ❯ src/everything.spec.ts:8:18
            </failure>
        </testcase>
        <testcase classname="src/everything.spec.ts" name="describe 42 &gt; example test 16" time="0.000017583">
        </testcase>
        <testcase classname="src/everything.spec.ts" name="describe 42 &gt; example test 17" time="0.000071458">
            <failure message="expected true to be false // Object.is equality" type="AssertionError">
AssertionError: expected true to be false // Object.is equality

- Expected
+ Received

- false
+ true

 ❯ src/everything.spec.ts:8:18
            </failure>
        </testcase>
        <testcase classname="src/everything.spec.ts" name="describe 42 &gt; example test 18" time="0.000016667">
        </testcase>
        <testcase classname="src/everything.spec.ts" name="describe 42 &gt; example test 19" time="0.000068125">
            <failure message="expected true to be false // Object.is equality" type="AssertionError">
AssertionError: expected true to be false // Object.is equality

- Expected
+ Received

- false
+ true

 ❯ src/everything.spec.ts:8:18
            </failure>
        </testcase>
        <testcase classname="src/everything.spec.ts" name="describe 42 &gt; example test 20" time="0.0000165">
        </testcase>
        <testcase classname="src/everything.spec.ts" name="describe 42 &gt; example test 21" time="0.000069417">
            <failure message="expected true to be false // Object.is equality" type="AssertionError">
AssertionError: expected true to be false // Object.is equality

- Expected
+ Received

- false
+ true

 ❯ src/everything.spec.ts:8:18
            </failure>
        </testcase>
        <testcase classname="src/everything.spec.ts" name="describe 42 &gt; example test 22" time="0.000017">
        </testcase>
        <testcase classname="src/everything.spec.ts" name="describe 42 &gt; example test 23" time="0.000065917">
            <failure message="expected true to be false // Object.is equality" type="AssertionError">
AssertionError: expected true to be false // Object.is equality

- Expected
+ Received

- false
+ true

 ❯ src/everything.spec.ts:8:18
            </failure>
        </testcase>
        <testcase classname="src/everything.spec.ts" name="describe 42 &gt; example test 24" time="0.000016417">
        </testcase>
        <testcase classname="src/everything.spec.ts" name="describe 42 &gt; example test 25" time="0.000066959">
            <failure message="expected true to be false // Object.is equality" type="AssertionError">
AssertionError: expected true to be false // Object.is equality

- Expected
+ Received

- false
+ true

 ❯ src/everything.spec.ts:8:18
            </failure>
        </testcase>
        <testcase classname="src/everything.spec.ts" name="describe 42 &gt; example test 26" time="0.000015958">
        </testcase>
        <testcase classname="src/everything.spec.ts" name="describe 42 &gt; example test 27" time="0.000066833">
            <failure message="expected true to be false // Object.is equality" type="AssertionError">
AssertionError: expected true to be false // Object.is equality

- Expected
+ Received

- false
+ true

 ❯ src/everything.spec.ts:8:18
            </failure>
        </testcase>
        <testcase classname="src/everything.spec.ts" name="describe 42 &gt; example test 28" time="0.000016916">
        </testcase>
        <testcase classname="src/everything.spec.ts" name="describe 42 &gt; example test 29" time="0.000067834">
            <failure message="expected true to be false // Object.is equality" type="AssertionError">
AssertionError: expected true to be false // Object.is equality

- Expected
+ Received

- false
+ true

 ❯ src/everything.spec.ts:8:18
            </failure>
        </testcase>
        <testcase classname="src/everything.spec.ts" name="describe 42 &gt; example test 30" time="0.000016792">
        </testcase>
        <testcase classname="src/everything.spec.ts" name="describe 42 &gt; example test 31" time="0.000067416">
            <failure message="expected true to be false // Object.is equality" type="AssertionError">
AssertionError: expected true to be false // Object.is equality

- Expected
+ Received

- false
+ true

 ❯ src/everything.spec.ts:8:18
            </failure>
        </testcase>
        <testcase classname="src/everything.spec.ts" name="describe 42 &gt; example test 32" time="0.000016583">
        </testcase>
        <testcase classname="src/everything.spec.ts" name="describe 42 &gt; example test 33" time="0.00006775">
            <failure message="expected true to be false // Object.is equality" type="AssertionError">
AssertionError: expected true to be false // Object.is equality

- Expected
+ Received

- false
+ true

 ❯ src/everything.spec.ts:8:18
            </failure>
        </testcase>
        <testcase classname="src/everything.spec.ts" name="describe 42 &gt; example test 34" time="0.000016333">
        </testcase>
        <testcase classname="src/everything.spec.ts" name="describe 42 &gt; example test 35" time="0.000065334">
            <failure message="expected true to be false // Object.is equality" type="AssertionError">
AssertionError: expected true to be false // Object.is equality

- Expected
+ Received

- false
+ true

 ❯ src/everything.spec.ts:8:18
            </failure>
        </testcase>
        <testcase classname="src/everything.spec.ts" name="describe 42 &gt; example test 36" time="0.000015917">
        </testcase>
        <testcase classname="src/everything.spec.ts" name="describe 42 &gt; example test 37" time="0.000064833">
            <failure message="expected true to be false // Object.is equality" type="AssertionError">
AssertionError: expected true to be false // Object.is equality

- Expected
+ Received

- false
+ true

 ❯ src/everything.spec.ts:8:18
            </failure>
        </testcase>
        <testcase classname="src/everything.spec.ts" name="describe 42 &gt; example test 38" time="0.000015958">
        </testcase>
        <testcase classname="src/everything.spec.ts" name="describe 42 &gt; example test 39" time="0.000065">
            <failure message="expected true to be false // Object.is equality" type="AssertionError">
AssertionError: expected true to be false // Object.is equality

- Expected
+ Received

- false
+ true

 ❯ src/everything.spec.ts:8:18
            </failure>
        </testcase>
        <testcase classname="src/everything.spec.ts" name="describe 42 &gt; example test 40" time="0.000017042">
        </testcase>
        <testcase classname="src/everything.spec.ts" name="describe 42 &gt; example test 41" time="0.000066042">
            <failure message="expected true to be false // Object.is equality" type="AssertionError">
AssertionError: expected true to be false // Object.is equality

- Expected
+ Received

- false
+ true

 ❯ src/everything.spec.ts:8:18
            </failure>
        </testcase>
        <testcase classname="src/everything.spec.ts" name="describe 42 &gt; example test 42" time="0.000016458">
        </testcase>
        <testcase classname="src/everything.spec.ts" name="describe 42 &gt; example test 43" time="0.000063917">
            <failure message="expected true to be false // Object.is equality" type="AssertionError">
AssertionError: expected true to be false // Object.is equality

- Expected
+ Received

- false
+ true

 ❯ src/everything.spec.ts:8:18
            </failure>
        </testcase>
        <testcase classname="src/everything.spec.ts" name="describe 42 &gt; example test 44" time="0.000016875">
        </testcase>
        <testcase classname="src/everything.spec.ts" name="describe 42 &gt; example test 45" time="0.000062833">
            <failure message="expected true to be false // Object.is equality" type="AssertionError">
AssertionError: expected true to be false // Object.is equality

- Expected
+ Received

- false
+ true

 ❯ src/everything.spec.ts:8:18
            </failure>
        </testcase>
        <testcase classname="src/everything.spec.ts" name="describe 42 &gt; example test 46" time="0.000015917">
        </testcase>
        <testcase classname="src/everything.spec.ts" name="describe 42 &gt; example test 47" time="0.000062958">
            <failure message="expected true to be false // Object.is equality" type="AssertionError">
AssertionError: expected true to be false // Object.is equality

- Expected
+ Received

- false
+ true

 ❯ src/everything.spec.ts:8:18
            </failure>
        </testcase>
        <testcase classname="src/everything.spec.ts" name="describe 42 &gt; example test 48" time="0.000016208">
        </testcase>
        <testcase classname="src/everything.spec.ts" name="describe 42 &gt; example test 49" time="0.000062167">
            <failure message="expected true to be false // Object.is equality" type="AssertionError">
AssertionError: expected true to be false // Object.is equality

- Expected
+ Received

- false
+ true

 ❯ src/everything.spec.ts:8:18
            </failure>
        </testcase>
        <testcase classname="src/everything.spec.ts" name="describe 42 &gt; example test 50" time="0.000015291">
        </testcase>
        <testcase classname="src/everything.spec.ts" name="describe 42 &gt; example test 51" time="0.000066042">
            <failure message="expected true to be false // Object.is equality" type="AssertionError">
AssertionError: expected true to be false // Object.is equality

- Expected
+ Received

- false
+ true

 ❯ src/everything.spec.ts:8:18
            </failure>
        </testcase>
        <testcase classname="src/everything.spec.ts" name="describe 42 &gt; example test 52" time="0.00001625">
        </testcase>
        <testcase classname="src/everything.spec.ts" name="describe 42 &gt; example test 53" time="0.000063708">
            <failure message="expected true to be false // Object.is equality" type="AssertionError">
AssertionError: expected true to be false // Object.is equality

- Expected
+ Received

- false
+ true

 ❯ src/everything.spec.ts:8:18
            </failure>
        </testcase>
        <testcase classname="src/everything.spec.ts" name="describe 42 &gt; example test 54" time="0.000015708">
        </testcase>
        <testcase classname="src/everything.spec.ts" name="describe 42 &gt; example test 55" time="0.000062083">
            <failure message="expected true to be false // Object.is equality" type="AssertionError">
AssertionError: expected true to be false // Object.is equality

- Expected
+ Received

- false
+ true

 ❯ src/everything.spec.ts:8:18
            </failure>
        </testcase>
        <testcase classname="src/everything.spec.ts" name="describe 42 &gt; example test 56" time="0.00001575">
        </testcase>
        <testcase classname="src/everything.spec.ts" name="describe 42 &gt; example test 57" time="0.000062333">
            <failure message="expected true to be false // Object.is equality" type="AssertionError">
AssertionError: expected true to be false // Object.is equality

- Expected
+ Received

- false
+ true

 ❯ src/everything.spec.ts:8:18
            </failure>
        </testcase>
        <testcase classname="src/everything.spec.ts" name="describe 42 &gt; example test 58" time="0.000015375">
        </testcase>
        <testcase classname="src/everything.spec.ts" name="describe 42 &gt; example test 59" time="0.000062625">
            <failure message="expected true to be false // Object.is equality" type="AssertionError">
AssertionError: expected true to be false // Object.is equality

- Expected
+ Received

- false
+ true

 ❯ src/everything.spec.ts:8:18
            </failure>
        </testcase>
        <testcase classname="src/everything.spec.ts" name="describe 42 &gt; example test 60" time="0.000015708">
        </testcase>
        <testcase classname="src/everything.spec.ts" name="describe 42 &gt; example test 61" time="0.000062208">
            <failure message="expected true to be false // Object.is equality" type="AssertionError">
AssertionError: expected true to be false // Object.is equality

- Expected
+ Received

- false
+ true

 ❯ src/everything.spec.ts:8:18
            </failure>
        </testcase>
        <testcase classname="src/everything.spec.ts" name="describe 42 &gt; example test 62" time="0.000015667">
        </testcase>
        <testcase classname="src/everything.spec.ts" name="describe 42 &gt; example test 63" time="0.000063458">
            <failure message="expected true to be false // Object.is equality" type="AssertionError">
AssertionError: expected true to be false // Object.is equality

- Expected
+ Received

- false
+ true

 ❯ src/everything.spec.ts:8:18
            </failure>
        </testcase>
        <testcase classname="src/everything.spec.ts" name="describe 42 &gt; example test 64" time="0.00001825">
        </testcase>
        <testcase classname="src/everything.spec.ts" name="describe 42 &gt; example test 65" time="0.000062708">
            <failure message="expected true to be false // Object.is equality" type="AssertionError">
AssertionError: expected true to be false // Object.is equality

- Expected
+ Received

- false
+ true

 ❯ src/everything.spec.ts:8:18
            </failure>
        </testcase>
        <testcase classname="src/everything.spec.ts" name="describe 42 &gt; example test 66" time="0.000015333">
        </testcase>
        <testcase classname="src/everything.spec.ts" name="describe 42 &gt; example test 67" time="0.0000645">
            <failure message="expected true to be false // Object.is equality" type="AssertionError">
AssertionError: expected true to be false // Object.is equality

- Expected
+ Received

- false
+ true

 ❯ src/everything.spec.ts:8:18
            </failure>
        </testcase>
        <testcase classname="src/everything.spec.ts" name="describe 42 &gt; example test 68" time="0.000015209">
        </testcase>
        <testcase classname="src/everything.spec.ts" name="describe 42 &gt; example test 69" time="0.000061458">
            <failure message="expected true to be false // Object.is equality" type="AssertionError">
AssertionError: expected true to be false // Object.is equality

- Expected
+ Received

- false
+ true

 ❯ src/everything.spec.ts:8:18
            </failure>
        </testcase>
        <testcase classname="src/everything.spec.ts" name="describe 42 &gt; example test 70" time="0.000015125">
        </testcase>
        <testcase classname="src/everything.spec.ts" name="describe 42 &gt; example test 71" time="0.000063458">
            <failure message="expected true to be false // Object.is equality" type="AssertionError">
AssertionError: expected true to be false // Object.is equality

- Expected
+ Received

- false
+ true

 ❯ src/everything.spec.ts:8:18
            </failure>
        </testcase>
        <testcase classname="src/everything.spec.ts" name="describe 42 &gt; example test 72" time="0.000015708">
        </testcase>
        <testcase classname="src/everything.spec.ts" name="describe 42 &gt; example test 73" time="0.000062167">
            <failure message="expected true to be false // Object.is equality" type="AssertionError">
AssertionError: expected true to be false // Object.is equality

- Expected
+ Received

- false
+ true

 ❯ src/everything.spec.ts:8:18
            </failure>
        </testcase>
        <testcase classname="src/everything.spec.ts" name="describe 42 &gt; example test 74" time="0.000015125">
        </testcase>
        <testcase classname="src/everything.spec.ts" name="describe 42 &gt; example test 75" time="0.000062792">
            <failure message="expected true to be false // Object.is equality" type="AssertionError">
AssertionError: expected true to be false // Object.is equality

- Expected
+ Received

- false
+ true

 ❯ src/everything.spec.ts:8:18
            </failure>
        </testcase>
        <testcase classname="src/everything.spec.ts" name="describe 42 &gt; example test 76" time="0.0000155">
        </testcase>
        <testcase classname="src/everything.spec.ts" name="describe 42 &gt; example test 77" time="0.000062125">
            <failure message="expected true to be false // Object.is equality" type="AssertionError">
AssertionError: expected true to be false // Object.is equality

- Expected
+ Received

- false
+ true

 ❯ src/everything.spec.ts:8:18
            </failure>
        </testcase>
        <testcase classname="src/everything.spec.ts" name="describe 42 &gt; example test 78" time="0.000016125">
        </testcase>
        <testcase classname="src/everything.spec.ts" name="describe 42 &gt; example test 79" time="0.000062583">
            <failure message="expected true to be false // Object.is equality" type="AssertionError">
AssertionError: expected true to be false // Object.is equality

- Expected
+ Received

- false
+ true

 ❯ src/everything.spec.ts:8:18
            </failure>
        </testcase>
        <testcase classname="src/everything.spec.ts" name="describe 42 &gt; example test 80" time="0.000015291">
        </testcase>
        <testcase classname="src/everything.spec.ts" name="describe 42 &gt; example test 81" time="0.000064583">
            <failure message="expected true to be false // Object.is equality" type="AssertionError">
AssertionError: expected true to be false // Object.is equality

- Expected
+ Received

- false
+ true

 ❯ src/everything.spec.ts:8:18
            </failure>
        </testcase>
        <testcase classname="src/everything.spec.ts" name="describe 42 &gt; example test 82" time="0.000015542">
        </testcase>
        <testcase classname="src/everything.spec.ts" name="describe 42 &gt; example test 83" time="0.000062708">
            <failure message="expected true to be false // Object.is equality" type="AssertionError">
AssertionError: expected true to be false // Object.is equality

- Expected
+ Received

- false
+ true

 ❯ src/everything.spec.ts:8:18
            </failure>
        </testcase>
        <testcase classname="src/everything.spec.ts" name="describe 42 &gt; example test 84" time="0.000015">
        </testcase>
        <testcase classname="src/everything.spec.ts" name="describe 42 &gt; example test 85" time="0.000062292">
            <failure message="expected true to be false // Object.is equality" type="AssertionError">
AssertionError: expected true to be false // Object.is equality

- Expected
+ Received

- false
+ true

 ❯ src/everything.spec.ts:8:18
            </failure>
        </testcase>
        <testcase classname="src/everything.spec.ts" name="describe 42 &gt; example test 86" time="0.000090667">
        </testcase>
        <testcase classname="src/everything.spec.ts" name="describe 42 &gt; example test 87" time="0.000153083">
            <failure message="expected true to be false // Object.is equality" type="AssertionError">
AssertionError: expected true to be false // Object.is equality

- Expected
+ Received

- false
+ true

 ❯ src/everything.spec.ts:8:18
            </failure>
        </testcase>
        <testcase classname="src/everything.spec.ts" name="describe 42 &gt; example test 88" time="0.000022875">
        </testcase>
        <testcase classname="src/everything.spec.ts" name="describe 42 &gt; example test 89" time="0.000075417">
            <failure message="expected true to be false // Object.is equality" type="AssertionError">
AssertionError: expected true to be false // Object.is equality

- Expected
+ Received

- false
+ true

 ❯ src/everything.spec.ts:8:18
            </failure>
        </testcase>
        <testcase classname="src/everything.spec.ts" name="describe 42 &gt; example test 90" time="0.000020208">
        </testcase>
        <testcase classname="src/everything.spec.ts" name="describe 42 &gt; example test 91" time="0.000071041">
            <failure message="expected true to be false // Object.is equality" type="AssertionError">
AssertionError: expected true to be false // Object.is equality

- Expected
+ Received

- false
+ true

 ❯ src/everything.spec.ts:8:18
            </failure>
        </testcase>
        <testcase classname="src/everything.spec.ts" name="describe 42 &gt; example test 92" time="0.000018417">
        </testcase>
        <testcase classname="src/everything.spec.ts" name="describe 42 &gt; example test 93" time="0.000077875">
            <failure message="expected true to be false // Object.is equality" type="AssertionError">
AssertionError: expected true to be false // Object.is equality

- Expected
+ Received

- false
+ true

 ❯ src/everything.spec.ts:8:18
            </failure>
        </testcase>
        <testcase classname="src/everything.spec.ts" name="describe 42 &gt; example test 94" time="0.000018">
        </testcase>
        <testcase classname="src/everything.spec.ts" name="describe 42 &gt; example test 95" time="0.000077209">
            <failure message="expected true to be false // Object.is equality" type="AssertionError">
AssertionError: expected true to be false // Object.is equality

- Expected
+ Received

- false
+ true

 ❯ src/everything.spec.ts:8:18
            </failure>
        </testcase>
        <testcase classname="src/everything.spec.ts" name="describe 42 &gt; example test 96" time="0.000019625">
        </testcase>
        <testcase classname="src/everything.spec.ts" name="describe 42 &gt; example test 97" time="0.000071334">
            <failure message="expected true to be false // Object.is equality" type="AssertionError">
AssertionError: expected true to be false // Object.is equality

- Expected
+ Received

- false
+ true

 ❯ src/everything.spec.ts:8:18
            </failure>
        </testcase>
        <testcase classname="src/everything.spec.ts" name="describe 42 &gt; example test 98" time="0.000016625">
        </testcase>
        <testcase classname="src/everything.spec.ts" name="describe 42 &gt; example test 99" time="0.000070333">
            <failure message="expected true to be false // Object.is equality" type="AssertionError">
AssertionError: expected true to be false // Object.is equality

- Expected
+ Received

- false
+ true

 ❯ src/everything.spec.ts:8:18
            </failure>
        </testcase>
        <testcase classname="src/everything.spec.ts" name="describe 42 &gt; example test 100" time="0.000017792">
        </testcase>
        <testcase classname="src/everything.spec.ts" name="describe 43 &gt; example test 1" time="0.000071333">
            <failure message="expected true to be false // Object.is equality" type="AssertionError">
AssertionError: expected true to be false // Object.is equality

- Expected
+ Received

- false
+ true

 ❯ src/everything.spec.ts:8:18
            </failure>
        </testcase>
        <testcase classname="src/everything.spec.ts" name="describe 43 &gt; example test 2" time="0.000016">
        </testcase>
        <testcase classname="src/everything.spec.ts" name="describe 43 &gt; example test 3" time="0.000065958">
            <failure message="expected true to be false // Object.is equality" type="AssertionError">
AssertionError: expected true to be false // Object.is equality

- Expected
+ Received

- false
+ true

 ❯ src/everything.spec.ts:8:18
            </failure>
        </testcase>
        <testcase classname="src/everything.spec.ts" name="describe 43 &gt; example test 4" time="0.000019292">
        </testcase>
        <testcase classname="src/everything.spec.ts" name="describe 43 &gt; example test 5" time="0.000066542">
            <failure message="expected true to be false // Object.is equality" type="AssertionError">
AssertionError: expected true to be false // Object.is equality

- Expected
+ Received

- false
+ true

 ❯ src/everything.spec.ts:8:18
            </failure>
        </testcase>
        <testcase classname="src/everything.spec.ts" name="describe 43 &gt; example test 6" time="0.000019334">
        </testcase>
        <testcase classname="src/everything.spec.ts" name="describe 43 &gt; example test 7" time="0.000067667">
            <failure message="expected true to be false // Object.is equality" type="AssertionError">
AssertionError: expected true to be false // Object.is equality

- Expected
+ Received

- false
+ true

 ❯ src/everything.spec.ts:8:18
            </failure>
        </testcase>
        <testcase classname="src/everything.spec.ts" name="describe 43 &gt; example test 8" time="0.000016209">
        </testcase>
        <testcase classname="src/everything.spec.ts" name="describe 43 &gt; example test 9" time="0.000065667">
            <failure message="expected true to be false // Object.is equality" type="AssertionError">
AssertionError: expected true to be false // Object.is equality

- Expected
+ Received

- false
+ true

 ❯ src/everything.spec.ts:8:18
            </failure>
        </testcase>
        <testcase classname="src/everything.spec.ts" name="describe 43 &gt; example test 10" time="0.000019084">
        </testcase>
        <testcase classname="src/everything.spec.ts" name="describe 43 &gt; example test 11" time="0.000619083">
            <failure message="expected true to be false // Object.is equality" type="AssertionError">
AssertionError: expected true to be false // Object.is equality

- Expected
+ Received

- false
+ true

 ❯ src/everything.spec.ts:8:18
            </failure>
        </testcase>
        <testcase classname="src/everything.spec.ts" name="describe 43 &gt; example test 12" time="0.000018375">
        </testcase>
        <testcase classname="src/everything.spec.ts" name="describe 43 &gt; example test 13" time="0.000068333">
            <failure message="expected true to be false // Object.is equality" type="AssertionError">
AssertionError: expected true to be false // Object.is equality

- Expected
+ Received

- false
+ true

 ❯ src/everything.spec.ts:8:18
            </failure>
        </testcase>
        <testcase classname="src/everything.spec.ts" name="describe 43 &gt; example test 14" time="0.000016125">
        </testcase>
        <testcase classname="src/everything.spec.ts" name="describe 43 &gt; example test 15" time="0.000066625">
            <failure message="expected true to be false // Object.is equality" type="AssertionError">
AssertionError: expected true to be false // Object.is equality

- Expected
+ Received

- false
+ true

 ❯ src/everything.spec.ts:8:18
            </failure>
        </testcase>
        <testcase classname="src/everything.spec.ts" name="describe 43 &gt; example test 16" time="0.000015833">
        </testcase>
        <testcase classname="src/everything.spec.ts" name="describe 43 &gt; example test 17" time="0.000067">
            <failure message="expected true to be false // Object.is equality" type="AssertionError">
AssertionError: expected true to be false // Object.is equality

- Expected
+ Received

- false
+ true

 ❯ src/everything.spec.ts:8:18
            </failure>
        </testcase>
        <testcase classname="src/everything.spec.ts" name="describe 43 &gt; example test 18" time="0.000017333">
        </testcase>
        <testcase classname="src/everything.spec.ts" name="describe 43 &gt; example test 19" time="0.000068083">
            <failure message="expected true to be false // Object.is equality" type="AssertionError">
AssertionError: expected true to be false // Object.is equality

- Expected
+ Received

- false
+ true

 ❯ src/everything.spec.ts:8:18
            </failure>
        </testcase>
        <testcase classname="src/everything.spec.ts" name="describe 43 &gt; example test 20" time="0.000016625">
        </testcase>
        <testcase classname="src/everything.spec.ts" name="describe 43 &gt; example test 21" time="0.000070084">
            <failure message="expected true to be false // Object.is equality" type="AssertionError">
AssertionError: expected true to be false // Object.is equality

- Expected
+ Received

- false
+ true

 ❯ src/everything.spec.ts:8:18
            </failure>
        </testcase>
        <testcase classname="src/everything.spec.ts" name="describe 43 &gt; example test 22" time="0.000016583">
        </testcase>
        <testcase classname="src/everything.spec.ts" name="describe 43 &gt; example test 23" time="0.000069">
            <failure message="expected true to be false // Object.is equality" type="AssertionError">
AssertionError: expected true to be false // Object.is equality

- Expected
+ Received

- false
+ true

 ❯ src/everything.spec.ts:8:18
            </failure>
        </testcase>
        <testcase classname="src/everything.spec.ts" name="describe 43 &gt; example test 24" time="0.000016583">
        </testcase>
        <testcase classname="src/everything.spec.ts" name="describe 43 &gt; example test 25" time="0.000067625">
            <failure message="expected true to be false // Object.is equality" type="AssertionError">
AssertionError: expected true to be false // Object.is equality

- Expected
+ Received

- false
+ true

 ❯ src/everything.spec.ts:8:18
            </failure>
        </testcase>
        <testcase classname="src/everything.spec.ts" name="describe 43 &gt; example test 26" time="0.000016375">
        </testcase>
        <testcase classname="src/everything.spec.ts" name="describe 43 &gt; example test 27" time="0.000070208">
            <failure message="expected true to be false // Object.is equality" type="AssertionError">
AssertionError: expected true to be false // Object.is equality

- Expected
+ Received

- false
+ true

 ❯ src/everything.spec.ts:8:18
            </failure>
        </testcase>
        <testcase classname="src/everything.spec.ts" name="describe 43 &gt; example test 28" time="0.000016583">
        </testcase>
        <testcase classname="src/everything.spec.ts" name="describe 43 &gt; example test 29" time="0.000067667">
            <failure message="expected true to be false // Object.is equality" type="AssertionError">
AssertionError: expected true to be false // Object.is equality

- Expected
+ Received

- false
+ true

 ❯ src/everything.spec.ts:8:18
            </failure>
        </testcase>
        <testcase classname="src/everything.spec.ts" name="describe 43 &gt; example test 30" time="0.000017417">
        </testcase>
        <testcase classname="src/everything.spec.ts" name="describe 43 &gt; example test 31" time="0.000068958">
            <failure message="expected true to be false // Object.is equality" type="AssertionError">
AssertionError: expected true to be false // Object.is equality

- Expected
+ Received

- false
+ true

 ❯ src/everything.spec.ts:8:18
            </failure>
        </testcase>
        <testcase classname="src/everything.spec.ts" name="describe 43 &gt; example test 32" time="0.000016625">
        </testcase>
        <testcase classname="src/everything.spec.ts" name="describe 43 &gt; example test 33" time="0.000067292">
            <failure message="expected true to be false // Object.is equality" type="AssertionError">
AssertionError: expected true to be false // Object.is equality

- Expected
+ Received

- false
+ true

 ❯ src/everything.spec.ts:8:18
            </failure>
        </testcase>
        <testcase classname="src/everything.spec.ts" name="describe 43 &gt; example test 34" time="0.000016917">
        </testcase>
        <testcase classname="src/everything.spec.ts" name="describe 43 &gt; example test 35" time="0.000067875">
            <failure message="expected true to be false // Object.is equality" type="AssertionError">
AssertionError: expected true to be false // Object.is equality

- Expected
+ Received

- false
+ true

 ❯ src/everything.spec.ts:8:18
            </failure>
        </testcase>
        <testcase classname="src/everything.spec.ts" name="describe 43 &gt; example test 36" time="0.000016875">
        </testcase>
        <testcase classname="src/everything.spec.ts" name="describe 43 &gt; example test 37" time="0.000067291">
            <failure message="expected true to be false // Object.is equality" type="AssertionError">
AssertionError: expected true to be false // Object.is equality

- Expected
+ Received

- false
+ true

 ❯ src/everything.spec.ts:8:18
            </failure>
        </testcase>
        <testcase classname="src/everything.spec.ts" name="describe 43 &gt; example test 38" time="0.00001625">
        </testcase>
        <testcase classname="src/everything.spec.ts" name="describe 43 &gt; example test 39" time="0.000068959">
            <failure message="expected true to be false // Object.is equality" type="AssertionError">
AssertionError: expected true to be false // Object.is equality

- Expected
+ Received

- false
+ true

 ❯ src/everything.spec.ts:8:18
            </failure>
        </testcase>
        <testcase classname="src/everything.spec.ts" name="describe 43 &gt; example test 40" time="0.000015959">
        </testcase>
        <testcase classname="src/everything.spec.ts" name="describe 43 &gt; example test 41" time="0.000064542">
            <failure message="expected true to be false // Object.is equality" type="AssertionError">
AssertionError: expected true to be false // Object.is equality

- Expected
+ Received

- false
+ true

 ❯ src/everything.spec.ts:8:18
            </failure>
        </testcase>
        <testcase classname="src/everything.spec.ts" name="describe 43 &gt; example test 42" time="0.000016209">
        </testcase>
        <testcase classname="src/everything.spec.ts" name="describe 43 &gt; example test 43" time="0.000065">
            <failure message="expected true to be false // Object.is equality" type="AssertionError">
AssertionError: expected true to be false // Object.is equality

- Expected
+ Received

- false
+ true

 ❯ src/everything.spec.ts:8:18
            </failure>
        </testcase>
        <testcase classname="src/everything.spec.ts" name="describe 43 &gt; example test 44" time="0.000017">
        </testcase>
        <testcase classname="src/everything.spec.ts" name="describe 43 &gt; example test 45" time="0.000064125">
            <failure message="expected true to be false // Object.is equality" type="AssertionError">
AssertionError: expected true to be false // Object.is equality

- Expected
+ Received

- false
+ true

 ❯ src/everything.spec.ts:8:18
            </failure>
        </testcase>
        <testcase classname="src/everything.spec.ts" name="describe 43 &gt; example test 46" time="0.000016041">
        </testcase>
        <testcase classname="src/everything.spec.ts" name="describe 43 &gt; example test 47" time="0.000064709">
            <failure message="expected true to be false // Object.is equality" type="AssertionError">
AssertionError: expected true to be false // Object.is equality

- Expected
+ Received

- false
+ true

 ❯ src/everything.spec.ts:8:18
            </failure>
        </testcase>
        <testcase classname="src/everything.spec.ts" name="describe 43 &gt; example test 48" time="0.0000155">
        </testcase>
        <testcase classname="src/everything.spec.ts" name="describe 43 &gt; example test 49" time="0.000066">
            <failure message="expected true to be false // Object.is equality" type="AssertionError">
AssertionError: expected true to be false // Object.is equality

- Expected
+ Received

- false
+ true

 ❯ src/everything.spec.ts:8:18
            </failure>
        </testcase>
        <testcase classname="src/everything.spec.ts" name="describe 43 &gt; example test 50" time="0.000016375">
        </testcase>
        <testcase classname="src/everything.spec.ts" name="describe 43 &gt; example test 51" time="0.000066917">
            <failure message="expected true to be false // Object.is equality" type="AssertionError">
AssertionError: expected true to be false // Object.is equality

- Expected
+ Received

- false
+ true

 ❯ src/everything.spec.ts:8:18
            </failure>
        </testcase>
        <testcase classname="src/everything.spec.ts" name="describe 43 &gt; example test 52" time="0.000015625">
        </testcase>
        <testcase classname="src/everything.spec.ts" name="describe 43 &gt; example test 53" time="0.00006525">
            <failure message="expected true to be false // Object.is equality" type="AssertionError">
AssertionError: expected true to be false // Object.is equality

- Expected
+ Received

- false
+ true

 ❯ src/everything.spec.ts:8:18
            </failure>
        </testcase>
        <testcase classname="src/everything.spec.ts" name="describe 43 &gt; example test 54" time="0.000016584">
        </testcase>
        <testcase classname="src/everything.spec.ts" name="describe 43 &gt; example test 55" time="0.000067083">
            <failure message="expected true to be false // Object.is equality" type="AssertionError">
AssertionError: expected true to be false // Object.is equality

- Expected
+ Received

- false
+ true

 ❯ src/everything.spec.ts:8:18
            </failure>
        </testcase>
        <testcase classname="src/everything.spec.ts" name="describe 43 &gt; example test 56" time="0.000016625">
        </testcase>
        <testcase classname="src/everything.spec.ts" name="describe 43 &gt; example test 57" time="0.00006725">
            <failure message="expected true to be false // Object.is equality" type="AssertionError">
AssertionError: expected true to be false // Object.is equality

- Expected
+ Received

- false
+ true

 ❯ src/everything.spec.ts:8:18
            </failure>
        </testcase>
        <testcase classname="src/everything.spec.ts" name="describe 43 &gt; example test 58" time="0.000016833">
        </testcase>
        <testcase classname="src/everything.spec.ts" name="describe 43 &gt; example test 59" time="0.000066583">
            <failure message="expected true to be false // Object.is equality" type="AssertionError">
AssertionError: expected true to be false // Object.is equality

- Expected
+ Received

- false
+ true

 ❯ src/everything.spec.ts:8:18
            </failure>
        </testcase>
        <testcase classname="src/everything.spec.ts" name="describe 43 &gt; example test 60" time="0.000017083">
        </testcase>
        <testcase classname="src/everything.spec.ts" name="describe 43 &gt; example test 61" time="0.000067792">
            <failure message="expected true to be false // Object.is equality" type="AssertionError">
AssertionError: expected true to be false // Object.is equality

- Expected
+ Received

- false
+ true

 ❯ src/everything.spec.ts:8:18
            </failure>
        </testcase>
        <testcase classname="src/everything.spec.ts" name="describe 43 &gt; example test 62" time="0.000016875">
        </testcase>
        <testcase classname="src/everything.spec.ts" name="describe 43 &gt; example test 63" time="0.000066833">
            <failure message="expected true to be false // Object.is equality" type="AssertionError">
AssertionError: expected true to be false // Object.is equality

- Expected
+ Received

- false
+ true

 ❯ src/everything.spec.ts:8:18
            </failure>
        </testcase>
        <testcase classname="src/everything.spec.ts" name="describe 43 &gt; example test 64" time="0.000016584">
        </testcase>
        <testcase classname="src/everything.spec.ts" name="describe 43 &gt; example test 65" time="0.000067417">
            <failure message="expected true to be false // Object.is equality" type="AssertionError">
AssertionError: expected true to be false // Object.is equality

- Expected
+ Received

- false
+ true

 ❯ src/everything.spec.ts:8:18
            </failure>
        </testcase>
        <testcase classname="src/everything.spec.ts" name="describe 43 &gt; example test 66" time="0.000017042">
        </testcase>
        <testcase classname="src/everything.spec.ts" name="describe 43 &gt; example test 67" time="0.000109875">
            <failure message="expected true to be false // Object.is equality" type="AssertionError">
AssertionError: expected true to be false // Object.is equality

- Expected
+ Received

- false
+ true

 ❯ src/everything.spec.ts:8:18
            </failure>
        </testcase>
        <testcase classname="src/everything.spec.ts" name="describe 43 &gt; example test 68" time="0.000024625">
        </testcase>
        <testcase classname="src/everything.spec.ts" name="describe 43 &gt; example test 69" time="0.000074">
            <failure message="expected true to be false // Object.is equality" type="AssertionError">
AssertionError: expected true to be false // Object.is equality

- Expected
+ Received

- false
+ true

 ❯ src/everything.spec.ts:8:18
            </failure>
        </testcase>
        <testcase classname="src/everything.spec.ts" name="describe 43 &gt; example test 70" time="0.000017416">
        </testcase>
        <testcase classname="src/everything.spec.ts" name="describe 43 &gt; example test 71" time="0.000070041">
            <failure message="expected true to be false // Object.is equality" type="AssertionError">
AssertionError: expected true to be false // Object.is equality

- Expected
+ Received

- false
+ true

 ❯ src/everything.spec.ts:8:18
            </failure>
        </testcase>
        <testcase classname="src/everything.spec.ts" name="describe 43 &gt; example test 72" time="0.000017542">
        </testcase>
        <testcase classname="src/everything.spec.ts" name="describe 43 &gt; example test 73" time="0.000069708">
            <failure message="expected true to be false // Object.is equality" type="AssertionError">
AssertionError: expected true to be false // Object.is equality

- Expected
+ Received

- false
+ true

 ❯ src/everything.spec.ts:8:18
            </failure>
        </testcase>
        <testcase classname="src/everything.spec.ts" name="describe 43 &gt; example test 74" time="0.000017833">
        </testcase>
        <testcase classname="src/everything.spec.ts" name="describe 43 &gt; example test 75" time="0.000069834">
            <failure message="expected true to be false // Object.is equality" type="AssertionError">
AssertionError: expected true to be false // Object.is equality

- Expected
+ Received

- false
+ true

 ❯ src/everything.spec.ts:8:18
            </failure>
        </testcase>
        <testcase classname="src/everything.spec.ts" name="describe 43 &gt; example test 76" time="0.000017291">
        </testcase>
        <testcase classname="src/everything.spec.ts" name="describe 43 &gt; example test 77" time="0.000067541">
            <failure message="expected true to be false // Object.is equality" type="AssertionError">
AssertionError: expected true to be false // Object.is equality

- Expected
+ Received

- false
+ true

 ❯ src/everything.spec.ts:8:18
            </failure>
        </testcase>
        <testcase classname="src/everything.spec.ts" name="describe 43 &gt; example test 78" time="0.000017792">
        </testcase>
        <testcase classname="src/everything.spec.ts" name="describe 43 &gt; example test 79" time="0.000067708">
            <failure message="expected true to be false // Object.is equality" type="AssertionError">
AssertionError: expected true to be false // Object.is equality

- Expected
+ Received

- false
+ true

 ❯ src/everything.spec.ts:8:18
            </failure>
        </testcase>
        <testcase classname="src/everything.spec.ts" name="describe 43 &gt; example test 80" time="0.000016333">
        </testcase>
        <testcase classname="src/everything.spec.ts" name="describe 43 &gt; example test 81" time="0.000072958">
            <failure message="expected true to be false // Object.is equality" type="AssertionError">
AssertionError: expected true to be false // Object.is equality

- Expected
+ Received

- false
+ true

 ❯ src/everything.spec.ts:8:18
            </failure>
        </testcase>
        <testcase classname="src/everything.spec.ts" name="describe 43 &gt; example test 82" time="0.000017958">
        </testcase>
        <testcase classname="src/everything.spec.ts" name="describe 43 &gt; example test 83" time="0.00006725">
            <failure message="expected true to be false // Object.is equality" type="AssertionError">
AssertionError: expected true to be false // Object.is equality

- Expected
+ Received

- false
+ true

 ❯ src/everything.spec.ts:8:18
            </failure>
        </testcase>
        <testcase classname="src/everything.spec.ts" name="describe 43 &gt; example test 84" time="0.000017416">
        </testcase>
        <testcase classname="src/everything.spec.ts" name="describe 43 &gt; example test 85" time="0.000067542">
            <failure message="expected true to be false // Object.is equality" type="AssertionError">
AssertionError: expected true to be false // Object.is equality

- Expected
+ Received

- false
+ true

 ❯ src/everything.spec.ts:8:18
            </failure>
        </testcase>
        <testcase classname="src/everything.spec.ts" name="describe 43 &gt; example test 86" time="0.000017041">
        </testcase>
        <testcase classname="src/everything.spec.ts" name="describe 43 &gt; example test 87" time="0.000066375">
            <failure message="expected true to be false // Object.is equality" type="AssertionError">
AssertionError: expected true to be false // Object.is equality

- Expected
+ Received

- false
+ true

 ❯ src/everything.spec.ts:8:18
            </failure>
        </testcase>
        <testcase classname="src/everything.spec.ts" name="describe 43 &gt; example test 88" time="0.00001675">
        </testcase>
        <testcase classname="src/everything.spec.ts" name="describe 43 &gt; example test 89" time="0.000084209">
            <failure message="expected true to be false // Object.is equality" type="AssertionError">
AssertionError: expected true to be false // Object.is equality

- Expected
+ Received

- false
+ true

 ❯ src/everything.spec.ts:8:18
            </failure>
        </testcase>
        <testcase classname="src/everything.spec.ts" name="describe 43 &gt; example test 90" time="0.000020417">
        </testcase>
        <testcase classname="src/everything.spec.ts" name="describe 43 &gt; example test 91" time="0.000072375">
            <failure message="expected true to be false // Object.is equality" type="AssertionError">
AssertionError: expected true to be false // Object.is equality

- Expected
+ Received

- false
+ true

 ❯ src/everything.spec.ts:8:18
            </failure>
        </testcase>
        <testcase classname="src/everything.spec.ts" name="describe 43 &gt; example test 92" time="0.000019">
        </testcase>
        <testcase classname="src/everything.spec.ts" name="describe 43 &gt; example test 93" time="0.000070667">
            <failure message="expected true to be false // Object.is equality" type="AssertionError">
AssertionError: expected true to be false // Object.is equality

- Expected
+ Received

- false
+ true

 ❯ src/everything.spec.ts:8:18
            </failure>
        </testcase>
        <testcase classname="src/everything.spec.ts" name="describe 43 &gt; example test 94" time="0.000017709">
        </testcase>
        <testcase classname="src/everything.spec.ts" name="describe 43 &gt; example test 95" time="0.000106666">
            <failure message="expected true to be false // Object.is equality" type="AssertionError">
AssertionError: expected true to be false // Object.is equality

- Expected
+ Received

- false
+ true

 ❯ src/everything.spec.ts:8:18
            </failure>
        </testcase>
        <testcase classname="src/everything.spec.ts" name="describe 43 &gt; example test 96" time="0.000030584">
        </testcase>
        <testcase classname="src/everything.spec.ts" name="describe 43 &gt; example test 97" time="0.000102792">
            <failure message="expected true to be false // Object.is equality" type="AssertionError">
AssertionError: expected true to be false // Object.is equality

- Expected
+ Received

- false
+ true

 ❯ src/everything.spec.ts:8:18
            </failure>
        </testcase>
        <testcase classname="src/everything.spec.ts" name="describe 43 &gt; example test 98" time="0.000020833">
        </testcase>
        <testcase classname="src/everything.spec.ts" name="describe 43 &gt; example test 99" time="0.000079083">
            <failure message="expected true to be false // Object.is equality" type="AssertionError">
AssertionError: expected true to be false // Object.is equality

- Expected
+ Received

- false
+ true

 ❯ src/everything.spec.ts:8:18
            </failure>
        </testcase>
        <testcase classname="src/everything.spec.ts" name="describe 43 &gt; example test 100" time="0.000018792">
        </testcase>
        <testcase classname="src/everything.spec.ts" name="describe 44 &gt; example test 1" time="0.00007925">
            <failure message="expected true to be false // Object.is equality" type="AssertionError">
AssertionError: expected true to be false // Object.is equality

- Expected
+ Received

- false
+ true

 ❯ src/everything.spec.ts:8:18
            </failure>
        </testcase>
        <testcase classname="src/everything.spec.ts" name="describe 44 &gt; example test 2" time="0.000018">
        </testcase>
        <testcase classname="src/everything.spec.ts" name="describe 44 &gt; example test 3" time="0.00007125">
            <failure message="expected true to be false // Object.is equality" type="AssertionError">
AssertionError: expected true to be false // Object.is equality

- Expected
+ Received

- false
+ true

 ❯ src/everything.spec.ts:8:18
            </failure>
        </testcase>
        <testcase classname="src/everything.spec.ts" name="describe 44 &gt; example test 4" time="0.000017458">
        </testcase>
        <testcase classname="src/everything.spec.ts" name="describe 44 &gt; example test 5" time="0.000073416">
            <failure message="expected true to be false // Object.is equality" type="AssertionError">
AssertionError: expected true to be false // Object.is equality

- Expected
+ Received

- false
+ true

 ❯ src/everything.spec.ts:8:18
            </failure>
        </testcase>
        <testcase classname="src/everything.spec.ts" name="describe 44 &gt; example test 6" time="0.000018375">
        </testcase>
        <testcase classname="src/everything.spec.ts" name="describe 44 &gt; example test 7" time="0.000068333">
            <failure message="expected true to be false // Object.is equality" type="AssertionError">
AssertionError: expected true to be false // Object.is equality

- Expected
+ Received

- false
+ true

 ❯ src/everything.spec.ts:8:18
            </failure>
        </testcase>
        <testcase classname="src/everything.spec.ts" name="describe 44 &gt; example test 8" time="0.000017375">
        </testcase>
        <testcase classname="src/everything.spec.ts" name="describe 44 &gt; example test 9" time="0.000070958">
            <failure message="expected true to be false // Object.is equality" type="AssertionError">
AssertionError: expected true to be false // Object.is equality

- Expected
+ Received

- false
+ true

 ❯ src/everything.spec.ts:8:18
            </failure>
        </testcase>
        <testcase classname="src/everything.spec.ts" name="describe 44 &gt; example test 10" time="0.000016917">
        </testcase>
        <testcase classname="src/everything.spec.ts" name="describe 44 &gt; example test 11" time="0.000068791">
            <failure message="expected true to be false // Object.is equality" type="AssertionError">
AssertionError: expected true to be false // Object.is equality

- Expected
+ Received

- false
+ true

 ❯ src/everything.spec.ts:8:18
            </failure>
        </testcase>
        <testcase classname="src/everything.spec.ts" name="describe 44 &gt; example test 12" time="0.000017084">
        </testcase>
        <testcase classname="src/everything.spec.ts" name="describe 44 &gt; example test 13" time="0.000069125">
            <failure message="expected true to be false // Object.is equality" type="AssertionError">
AssertionError: expected true to be false // Object.is equality

- Expected
+ Received

- false
+ true

 ❯ src/everything.spec.ts:8:18
            </failure>
        </testcase>
        <testcase classname="src/everything.spec.ts" name="describe 44 &gt; example test 14" time="0.000017375">
        </testcase>
        <testcase classname="src/everything.spec.ts" name="describe 44 &gt; example test 15" time="0.000067834">
            <failure message="expected true to be false // Object.is equality" type="AssertionError">
AssertionError: expected true to be false // Object.is equality

- Expected
+ Received

- false
+ true

 ❯ src/everything.spec.ts:8:18
            </failure>
        </testcase>
        <testcase classname="src/everything.spec.ts" name="describe 44 &gt; example test 16" time="0.000017125">
        </testcase>
        <testcase classname="src/everything.spec.ts" name="describe 44 &gt; example test 17" time="0.000067708">
            <failure message="expected true to be false // Object.is equality" type="AssertionError">
AssertionError: expected true to be false // Object.is equality

- Expected
+ Received

- false
+ true

 ❯ src/everything.spec.ts:8:18
            </failure>
        </testcase>
        <testcase classname="src/everything.spec.ts" name="describe 44 &gt; example test 18" time="0.000016792">
        </testcase>
        <testcase classname="src/everything.spec.ts" name="describe 44 &gt; example test 19" time="0.000067167">
            <failure message="expected true to be false // Object.is equality" type="AssertionError">
AssertionError: expected true to be false // Object.is equality

- Expected
+ Received

- false
+ true

 ❯ src/everything.spec.ts:8:18
            </failure>
        </testcase>
        <testcase classname="src/everything.spec.ts" name="describe 44 &gt; example test 20" time="0.000016875">
        </testcase>
        <testcase classname="src/everything.spec.ts" name="describe 44 &gt; example test 21" time="0.000068209">
            <failure message="expected true to be false // Object.is equality" type="AssertionError">
AssertionError: expected true to be false // Object.is equality

- Expected
+ Received

- false
+ true

 ❯ src/everything.spec.ts:8:18
            </failure>
        </testcase>
        <testcase classname="src/everything.spec.ts" name="describe 44 &gt; example test 22" time="0.000016875">
        </testcase>
        <testcase classname="src/everything.spec.ts" name="describe 44 &gt; example test 23" time="0.000066834">
            <failure message="expected true to be false // Object.is equality" type="AssertionError">
AssertionError: expected true to be false // Object.is equality

- Expected
+ Received

- false
+ true

 ❯ src/everything.spec.ts:8:18
            </failure>
        </testcase>
        <testcase classname="src/everything.spec.ts" name="describe 44 &gt; example test 24" time="0.000016417">
        </testcase>
        <testcase classname="src/everything.spec.ts" name="describe 44 &gt; example test 25" time="0.000072042">
            <failure message="expected true to be false // Object.is equality" type="AssertionError">
AssertionError: expected true to be false // Object.is equality

- Expected
+ Received

- false
+ true

 ❯ src/everything.spec.ts:8:18
            </failure>
        </testcase>
        <testcase classname="src/everything.spec.ts" name="describe 44 &gt; example test 26" time="0.00001725">
        </testcase>
        <testcase classname="src/everything.spec.ts" name="describe 44 &gt; example test 27" time="0.000091375">
            <failure message="expected true to be false // Object.is equality" type="AssertionError">
AssertionError: expected true to be false // Object.is equality

- Expected
+ Received

- false
+ true

 ❯ src/everything.spec.ts:8:18
            </failure>
        </testcase>
        <testcase classname="src/everything.spec.ts" name="describe 44 &gt; example test 28" time="0.00001875">
        </testcase>
        <testcase classname="src/everything.spec.ts" name="describe 44 &gt; example test 29" time="0.000086875">
            <failure message="expected true to be false // Object.is equality" type="AssertionError">
AssertionError: expected true to be false // Object.is equality

- Expected
+ Received

- false
+ true

 ❯ src/everything.spec.ts:8:18
            </failure>
        </testcase>
        <testcase classname="src/everything.spec.ts" name="describe 44 &gt; example test 30" time="0.000020666">
        </testcase>
        <testcase classname="src/everything.spec.ts" name="describe 44 &gt; example test 31" time="0.000073917">
            <failure message="expected true to be false // Object.is equality" type="AssertionError">
AssertionError: expected true to be false // Object.is equality

- Expected
+ Received

- false
+ true

 ❯ src/everything.spec.ts:8:18
            </failure>
        </testcase>
        <testcase classname="src/everything.spec.ts" name="describe 44 &gt; example test 32" time="0.000017458">
        </testcase>
        <testcase classname="src/everything.spec.ts" name="describe 44 &gt; example test 33" time="0.000070834">
            <failure message="expected true to be false // Object.is equality" type="AssertionError">
AssertionError: expected true to be false // Object.is equality

- Expected
+ Received

- false
+ true

 ❯ src/everything.spec.ts:8:18
            </failure>
        </testcase>
        <testcase classname="src/everything.spec.ts" name="describe 44 &gt; example test 34" time="0.000083083">
        </testcase>
        <testcase classname="src/everything.spec.ts" name="describe 44 &gt; example test 35" time="0.00011375">
            <failure message="expected true to be false // Object.is equality" type="AssertionError">
AssertionError: expected true to be false // Object.is equality

- Expected
+ Received

- false
+ true

 ❯ src/everything.spec.ts:8:18
            </failure>
        </testcase>
        <testcase classname="src/everything.spec.ts" name="describe 44 &gt; example test 36" time="0.000022375">
        </testcase>
        <testcase classname="src/everything.spec.ts" name="describe 44 &gt; example test 37" time="0.00010425">
            <failure message="expected true to be false // Object.is equality" type="AssertionError">
AssertionError: expected true to be false // Object.is equality

- Expected
+ Received

- false
+ true

 ❯ src/everything.spec.ts:8:18
            </failure>
        </testcase>
        <testcase classname="src/everything.spec.ts" name="describe 44 &gt; example test 38" time="0.000022666">
        </testcase>
        <testcase classname="src/everything.spec.ts" name="describe 44 &gt; example test 39" time="0.000081167">
            <failure message="expected true to be false // Object.is equality" type="AssertionError">
AssertionError: expected true to be false // Object.is equality

- Expected
+ Received

- false
+ true

 ❯ src/everything.spec.ts:8:18
            </failure>
        </testcase>
        <testcase classname="src/everything.spec.ts" name="describe 44 &gt; example test 40" time="0.000018084">
        </testcase>
        <testcase classname="src/everything.spec.ts" name="describe 44 &gt; example test 41" time="0.000072917">
            <failure message="expected true to be false // Object.is equality" type="AssertionError">
AssertionError: expected true to be false // Object.is equality

- Expected
+ Received

- false
+ true

 ❯ src/everything.spec.ts:8:18
            </failure>
        </testcase>
        <testcase classname="src/everything.spec.ts" name="describe 44 &gt; example test 42" time="0.00001725">
        </testcase>
        <testcase classname="src/everything.spec.ts" name="describe 44 &gt; example test 43" time="0.000085041">
            <failure message="expected true to be false // Object.is equality" type="AssertionError">
AssertionError: expected true to be false // Object.is equality

- Expected
+ Received

- false
+ true

 ❯ src/everything.spec.ts:8:18
            </failure>
        </testcase>
        <testcase classname="src/everything.spec.ts" name="describe 44 &gt; example test 44" time="0.000022167">
        </testcase>
        <testcase classname="src/everything.spec.ts" name="describe 44 &gt; example test 45" time="0.000085583">
            <failure message="expected true to be false // Object.is equality" type="AssertionError">
AssertionError: expected true to be false // Object.is equality

- Expected
+ Received

- false
+ true

 ❯ src/everything.spec.ts:8:18
            </failure>
        </testcase>
        <testcase classname="src/everything.spec.ts" name="describe 44 &gt; example test 46" time="0.000019083">
        </testcase>
        <testcase classname="src/everything.spec.ts" name="describe 44 &gt; example test 47" time="0.000079916">
            <failure message="expected true to be false // Object.is equality" type="AssertionError">
AssertionError: expected true to be false // Object.is equality

- Expected
+ Received

- false
+ true

 ❯ src/everything.spec.ts:8:18
            </failure>
        </testcase>
        <testcase classname="src/everything.spec.ts" name="describe 44 &gt; example test 48" time="0.000018125">
        </testcase>
        <testcase classname="src/everything.spec.ts" name="describe 44 &gt; example test 49" time="0.000073625">
            <failure message="expected true to be false // Object.is equality" type="AssertionError">
AssertionError: expected true to be false // Object.is equality

- Expected
+ Received

- false
+ true

 ❯ src/everything.spec.ts:8:18
            </failure>
        </testcase>
        <testcase classname="src/everything.spec.ts" name="describe 44 &gt; example test 50" time="0.000018083">
        </testcase>
        <testcase classname="src/everything.spec.ts" name="describe 44 &gt; example test 51" time="0.000072">
            <failure message="expected true to be false // Object.is equality" type="AssertionError">
AssertionError: expected true to be false // Object.is equality

- Expected
+ Received

- false
+ true

 ❯ src/everything.spec.ts:8:18
            </failure>
        </testcase>
        <testcase classname="src/everything.spec.ts" name="describe 44 &gt; example test 52" time="0.000017959">
        </testcase>
        <testcase classname="src/everything.spec.ts" name="describe 44 &gt; example test 53" time="0.000067709">
            <failure message="expected true to be false // Object.is equality" type="AssertionError">
AssertionError: expected true to be false // Object.is equality

- Expected
+ Received

- false
+ true

 ❯ src/everything.spec.ts:8:18
            </failure>
        </testcase>
        <testcase classname="src/everything.spec.ts" name="describe 44 &gt; example test 54" time="0.000018416">
        </testcase>
        <testcase classname="src/everything.spec.ts" name="describe 44 &gt; example test 55" time="0.000070709">
            <failure message="expected true to be false // Object.is equality" type="AssertionError">
AssertionError: expected true to be false // Object.is equality

- Expected
+ Received

- false
+ true

 ❯ src/everything.spec.ts:8:18
            </failure>
        </testcase>
        <testcase classname="src/everything.spec.ts" name="describe 44 &gt; example test 56" time="0.000017791">
        </testcase>
        <testcase classname="src/everything.spec.ts" name="describe 44 &gt; example test 57" time="0.000069083">
            <failure message="expected true to be false // Object.is equality" type="AssertionError">
AssertionError: expected true to be false // Object.is equality

- Expected
+ Received

- false
+ true

 ❯ src/everything.spec.ts:8:18
            </failure>
        </testcase>
        <testcase classname="src/everything.spec.ts" name="describe 44 &gt; example test 58" time="0.000018083">
        </testcase>
        <testcase classname="src/everything.spec.ts" name="describe 44 &gt; example test 59" time="0.000069125">
            <failure message="expected true to be false // Object.is equality" type="AssertionError">
AssertionError: expected true to be false // Object.is equality

- Expected
+ Received

- false
+ true

 ❯ src/everything.spec.ts:8:18
            </failure>
        </testcase>
        <testcase classname="src/everything.spec.ts" name="describe 44 &gt; example test 60" time="0.000042916">
        </testcase>
        <testcase classname="src/everything.spec.ts" name="describe 44 &gt; example test 61" time="0.000084">
            <failure message="expected true to be false // Object.is equality" type="AssertionError">
AssertionError: expected true to be false // Object.is equality

- Expected
+ Received

- false
+ true

 ❯ src/everything.spec.ts:8:18
            </failure>
        </testcase>
        <testcase classname="src/everything.spec.ts" name="describe 44 &gt; example test 62" time="0.000018875">
        </testcase>
        <testcase classname="src/everything.spec.ts" name="describe 44 &gt; example test 63" time="0.000072167">
            <failure message="expected true to be false // Object.is equality" type="AssertionError">
AssertionError: expected true to be false // Object.is equality

- Expected
+ Received

- false
+ true

 ❯ src/everything.spec.ts:8:18
            </failure>
        </testcase>
        <testcase classname="src/everything.spec.ts" name="describe 44 &gt; example test 64" time="0.000018167">
        </testcase>
        <testcase classname="src/everything.spec.ts" name="describe 44 &gt; example test 65" time="0.00006975">
            <failure message="expected true to be false // Object.is equality" type="AssertionError">
AssertionError: expected true to be false // Object.is equality

- Expected
+ Received

- false
+ true

 ❯ src/everything.spec.ts:8:18
            </failure>
        </testcase>
        <testcase classname="src/everything.spec.ts" name="describe 44 &gt; example test 66" time="0.000017375">
        </testcase>
        <testcase classname="src/everything.spec.ts" name="describe 44 &gt; example test 67" time="0.000069834">
            <failure message="expected true to be false // Object.is equality" type="AssertionError">
AssertionError: expected true to be false // Object.is equality

- Expected
+ Received

- false
+ true

 ❯ src/everything.spec.ts:8:18
            </failure>
        </testcase>
        <testcase classname="src/everything.spec.ts" name="describe 44 &gt; example test 68" time="0.000020084">
        </testcase>
        <testcase classname="src/everything.spec.ts" name="describe 44 &gt; example test 69" time="0.000099125">
            <failure message="expected true to be false // Object.is equality" type="AssertionError">
AssertionError: expected true to be false // Object.is equality

- Expected
+ Received

- false
+ true

 ❯ src/everything.spec.ts:8:18
            </failure>
        </testcase>
        <testcase classname="src/everything.spec.ts" name="describe 44 &gt; example test 70" time="0.000021">
        </testcase>
        <testcase classname="src/everything.spec.ts" name="describe 44 &gt; example test 71" time="0.0000765">
            <failure message="expected true to be false // Object.is equality" type="AssertionError">
AssertionError: expected true to be false // Object.is equality

- Expected
+ Received

- false
+ true

 ❯ src/everything.spec.ts:8:18
            </failure>
        </testcase>
        <testcase classname="src/everything.spec.ts" name="describe 44 &gt; example test 72" time="0.000018417">
        </testcase>
        <testcase classname="src/everything.spec.ts" name="describe 44 &gt; example test 73" time="0.000071583">
            <failure message="expected true to be false // Object.is equality" type="AssertionError">
AssertionError: expected true to be false // Object.is equality

- Expected
+ Received

- false
+ true

 ❯ src/everything.spec.ts:8:18
            </failure>
        </testcase>
        <testcase classname="src/everything.spec.ts" name="describe 44 &gt; example test 74" time="0.000017459">
        </testcase>
        <testcase classname="src/everything.spec.ts" name="describe 44 &gt; example test 75" time="0.000069333">
            <failure message="expected true to be false // Object.is equality" type="AssertionError">
AssertionError: expected true to be false // Object.is equality

- Expected
+ Received

- false
+ true

 ❯ src/everything.spec.ts:8:18
            </failure>
        </testcase>
        <testcase classname="src/everything.spec.ts" name="describe 44 &gt; example test 76" time="0.000017042">
        </testcase>
        <testcase classname="src/everything.spec.ts" name="describe 44 &gt; example test 77" time="0.000069791">
            <failure message="expected true to be false // Object.is equality" type="AssertionError">
AssertionError: expected true to be false // Object.is equality

- Expected
+ Received

- false
+ true

 ❯ src/everything.spec.ts:8:18
            </failure>
        </testcase>
        <testcase classname="src/everything.spec.ts" name="describe 44 &gt; example test 78" time="0.000017625">
        </testcase>
        <testcase classname="src/everything.spec.ts" name="describe 44 &gt; example test 79" time="0.000069667">
            <failure message="expected true to be false // Object.is equality" type="AssertionError">
AssertionError: expected true to be false // Object.is equality

- Expected
+ Received

- false
+ true

 ❯ src/everything.spec.ts:8:18
            </failure>
        </testcase>
        <testcase classname="src/everything.spec.ts" name="describe 44 &gt; example test 80" time="0.0000185">
        </testcase>
        <testcase classname="src/everything.spec.ts" name="describe 44 &gt; example test 81" time="0.000073167">
            <failure message="expected true to be false // Object.is equality" type="AssertionError">
AssertionError: expected true to be false // Object.is equality

- Expected
+ Received

- false
+ true

 ❯ src/everything.spec.ts:8:18
            </failure>
        </testcase>
        <testcase classname="src/everything.spec.ts" name="describe 44 &gt; example test 82" time="0.000017625">
        </testcase>
        <testcase classname="src/everything.spec.ts" name="describe 44 &gt; example test 83" time="0.000070625">
            <failure message="expected true to be false // Object.is equality" type="AssertionError">
AssertionError: expected true to be false // Object.is equality

- Expected
+ Received

- false
+ true

 ❯ src/everything.spec.ts:8:18
            </failure>
        </testcase>
        <testcase classname="src/everything.spec.ts" name="describe 44 &gt; example test 84" time="0.000016875">
        </testcase>
        <testcase classname="src/everything.spec.ts" name="describe 44 &gt; example test 85" time="0.000065125">
            <failure message="expected true to be false // Object.is equality" type="AssertionError">
AssertionError: expected true to be false // Object.is equality

- Expected
+ Received

- false
+ true

 ❯ src/everything.spec.ts:8:18
            </failure>
        </testcase>
        <testcase classname="src/everything.spec.ts" name="describe 44 &gt; example test 86" time="0.000016917">
        </testcase>
        <testcase classname="src/everything.spec.ts" name="describe 44 &gt; example test 87" time="0.000068708">
            <failure message="expected true to be false // Object.is equality" type="AssertionError">
AssertionError: expected true to be false // Object.is equality

- Expected
+ Received

- false
+ true

 ❯ src/everything.spec.ts:8:18
            </failure>
        </testcase>
        <testcase classname="src/everything.spec.ts" name="describe 44 &gt; example test 88" time="0.0000175">
        </testcase>
        <testcase classname="src/everything.spec.ts" name="describe 44 &gt; example test 89" time="0.000072125">
            <failure message="expected true to be false // Object.is equality" type="AssertionError">
AssertionError: expected true to be false // Object.is equality

- Expected
+ Received

- false
+ true

 ❯ src/everything.spec.ts:8:18
            </failure>
        </testcase>
        <testcase classname="src/everything.spec.ts" name="describe 44 &gt; example test 90" time="0.000016208">
        </testcase>
        <testcase classname="src/everything.spec.ts" name="describe 44 &gt; example test 91" time="0.000070917">
            <failure message="expected true to be false // Object.is equality" type="AssertionError">
AssertionError: expected true to be false // Object.is equality

- Expected
+ Received

- false
+ true

 ❯ src/everything.spec.ts:8:18
            </failure>
        </testcase>
        <testcase classname="src/everything.spec.ts" name="describe 44 &gt; example test 92" time="0.000016792">
        </testcase>
        <testcase classname="src/everything.spec.ts" name="describe 44 &gt; example test 93" time="0.000067833">
            <failure message="expected true to be false // Object.is equality" type="AssertionError">
AssertionError: expected true to be false // Object.is equality

- Expected
+ Received

- false
+ true

 ❯ src/everything.spec.ts:8:18
            </failure>
        </testcase>
        <testcase classname="src/everything.spec.ts" name="describe 44 &gt; example test 94" time="0.000017958">
        </testcase>
        <testcase classname="src/everything.spec.ts" name="describe 44 &gt; example test 95" time="0.0000685">
            <failure message="expected true to be false // Object.is equality" type="AssertionError">
AssertionError: expected true to be false // Object.is equality

- Expected
+ Received

- false
+ true

 ❯ src/everything.spec.ts:8:18
            </failure>
        </testcase>
        <testcase classname="src/everything.spec.ts" name="describe 44 &gt; example test 96" time="0.000017417">
        </testcase>
        <testcase classname="src/everything.spec.ts" name="describe 44 &gt; example test 97" time="0.000067958">
            <failure message="expected true to be false // Object.is equality" type="AssertionError">
AssertionError: expected true to be false // Object.is equality

- Expected
+ Received

- false
+ true

 ❯ src/everything.spec.ts:8:18
            </failure>
        </testcase>
        <testcase classname="src/everything.spec.ts" name="describe 44 &gt; example test 98" time="0.000017375">
        </testcase>
        <testcase classname="src/everything.spec.ts" name="describe 44 &gt; example test 99" time="0.000195">
            <failure message="expected true to be false // Object.is equality" type="AssertionError">
AssertionError: expected true to be false // Object.is equality

- Expected
+ Received

- false
+ true

 ❯ src/everything.spec.ts:8:18
            </failure>
        </testcase>
        <testcase classname="src/everything.spec.ts" name="describe 44 &gt; example test 100" time="0.000039667">
        </testcase>
        <testcase classname="src/everything.spec.ts" name="describe 45 &gt; example test 1" time="0.000087458">
            <failure message="expected true to be false // Object.is equality" type="AssertionError">
AssertionError: expected true to be false // Object.is equality

- Expected
+ Received

- false
+ true

 ❯ src/everything.spec.ts:8:18
            </failure>
        </testcase>
        <testcase classname="src/everything.spec.ts" name="describe 45 &gt; example test 2" time="0.000018334">
        </testcase>
        <testcase classname="src/everything.spec.ts" name="describe 45 &gt; example test 3" time="0.000075">
            <failure message="expected true to be false // Object.is equality" type="AssertionError">
AssertionError: expected true to be false // Object.is equality

- Expected
+ Received

- false
+ true

 ❯ src/everything.spec.ts:8:18
            </failure>
        </testcase>
        <testcase classname="src/everything.spec.ts" name="describe 45 &gt; example test 4" time="0.000017667">
        </testcase>
        <testcase classname="src/everything.spec.ts" name="describe 45 &gt; example test 5" time="0.000070042">
            <failure message="expected true to be false // Object.is equality" type="AssertionError">
AssertionError: expected true to be false // Object.is equality

- Expected
+ Received

- false
+ true

 ❯ src/everything.spec.ts:8:18
            </failure>
        </testcase>
        <testcase classname="src/everything.spec.ts" name="describe 45 &gt; example test 6" time="0.000017">
        </testcase>
        <testcase classname="src/everything.spec.ts" name="describe 45 &gt; example test 7" time="0.000073875">
            <failure message="expected true to be false // Object.is equality" type="AssertionError">
AssertionError: expected true to be false // Object.is equality

- Expected
+ Received

- false
+ true

 ❯ src/everything.spec.ts:8:18
            </failure>
        </testcase>
        <testcase classname="src/everything.spec.ts" name="describe 45 &gt; example test 8" time="0.000017">
        </testcase>
        <testcase classname="src/everything.spec.ts" name="describe 45 &gt; example test 9" time="0.000068916">
            <failure message="expected true to be false // Object.is equality" type="AssertionError">
AssertionError: expected true to be false // Object.is equality

- Expected
+ Received

- false
+ true

 ❯ src/everything.spec.ts:8:18
            </failure>
        </testcase>
        <testcase classname="src/everything.spec.ts" name="describe 45 &gt; example test 10" time="0.000017708">
        </testcase>
        <testcase classname="src/everything.spec.ts" name="describe 45 &gt; example test 11" time="0.000069291">
            <failure message="expected true to be false // Object.is equality" type="AssertionError">
AssertionError: expected true to be false // Object.is equality

- Expected
+ Received

- false
+ true

 ❯ src/everything.spec.ts:8:18
            </failure>
        </testcase>
        <testcase classname="src/everything.spec.ts" name="describe 45 &gt; example test 12" time="0.000017208">
        </testcase>
        <testcase classname="src/everything.spec.ts" name="describe 45 &gt; example test 13" time="0.000067917">
            <failure message="expected true to be false // Object.is equality" type="AssertionError">
AssertionError: expected true to be false // Object.is equality

- Expected
+ Received

- false
+ true

 ❯ src/everything.spec.ts:8:18
            </failure>
        </testcase>
        <testcase classname="src/everything.spec.ts" name="describe 45 &gt; example test 14" time="0.000015208">
        </testcase>
        <testcase classname="src/everything.spec.ts" name="describe 45 &gt; example test 15" time="0.000065625">
            <failure message="expected true to be false // Object.is equality" type="AssertionError">
AssertionError: expected true to be false // Object.is equality

- Expected
+ Received

- false
+ true

 ❯ src/everything.spec.ts:8:18
            </failure>
        </testcase>
        <testcase classname="src/everything.spec.ts" name="describe 45 &gt; example test 16" time="0.000050084">
        </testcase>
        <testcase classname="src/everything.spec.ts" name="describe 45 &gt; example test 17" time="0.000120542">
            <failure message="expected true to be false // Object.is equality" type="AssertionError">
AssertionError: expected true to be false // Object.is equality

- Expected
+ Received

- false
+ true

 ❯ src/everything.spec.ts:8:18
            </failure>
        </testcase>
        <testcase classname="src/everything.spec.ts" name="describe 45 &gt; example test 18" time="0.0000275">
        </testcase>
        <testcase classname="src/everything.spec.ts" name="describe 45 &gt; example test 19" time="0.000077459">
            <failure message="expected true to be false // Object.is equality" type="AssertionError">
AssertionError: expected true to be false // Object.is equality

- Expected
+ Received

- false
+ true

 ❯ src/everything.spec.ts:8:18
            </failure>
        </testcase>
        <testcase classname="src/everything.spec.ts" name="describe 45 &gt; example test 20" time="0.000019791">
        </testcase>
        <testcase classname="src/everything.spec.ts" name="describe 45 &gt; example test 21" time="0.000075375">
            <failure message="expected true to be false // Object.is equality" type="AssertionError">
AssertionError: expected true to be false // Object.is equality

- Expected
+ Received

- false
+ true

 ❯ src/everything.spec.ts:8:18
            </failure>
        </testcase>
        <testcase classname="src/everything.spec.ts" name="describe 45 &gt; example test 22" time="0.00001825">
        </testcase>
        <testcase classname="src/everything.spec.ts" name="describe 45 &gt; example test 23" time="0.000070208">
            <failure message="expected true to be false // Object.is equality" type="AssertionError">
AssertionError: expected true to be false // Object.is equality

- Expected
+ Received

- false
+ true

 ❯ src/everything.spec.ts:8:18
            </failure>
        </testcase>
        <testcase classname="src/everything.spec.ts" name="describe 45 &gt; example test 24" time="0.000017542">
        </testcase>
        <testcase classname="src/everything.spec.ts" name="describe 45 &gt; example test 25" time="0.00009775">
            <failure message="expected true to be false // Object.is equality" type="AssertionError">
AssertionError: expected true to be false // Object.is equality

- Expected
+ Received

- false
+ true

 ❯ src/everything.spec.ts:8:18
            </failure>
        </testcase>
        <testcase classname="src/everything.spec.ts" name="describe 45 &gt; example test 26" time="0.000026416">
        </testcase>
        <testcase classname="src/everything.spec.ts" name="describe 45 &gt; example test 27" time="0.000083625">
            <failure message="expected true to be false // Object.is equality" type="AssertionError">
AssertionError: expected true to be false // Object.is equality

- Expected
+ Received

- false
+ true

 ❯ src/everything.spec.ts:8:18
            </failure>
        </testcase>
        <testcase classname="src/everything.spec.ts" name="describe 45 &gt; example test 28" time="0.00001825">
        </testcase>
        <testcase classname="src/everything.spec.ts" name="describe 45 &gt; example test 29" time="0.000073084">
            <failure message="expected true to be false // Object.is equality" type="AssertionError">
AssertionError: expected true to be false // Object.is equality

- Expected
+ Received

- false
+ true

 ❯ src/everything.spec.ts:8:18
            </failure>
        </testcase>
        <testcase classname="src/everything.spec.ts" name="describe 45 &gt; example test 30" time="0.000019">
        </testcase>
        <testcase classname="src/everything.spec.ts" name="describe 45 &gt; example test 31" time="0.000068333">
            <failure message="expected true to be false // Object.is equality" type="AssertionError">
AssertionError: expected true to be false // Object.is equality

- Expected
+ Received

- false
+ true

 ❯ src/everything.spec.ts:8:18
            </failure>
        </testcase>
        <testcase classname="src/everything.spec.ts" name="describe 45 &gt; example test 32" time="0.000016833">
        </testcase>
        <testcase classname="src/everything.spec.ts" name="describe 45 &gt; example test 33" time="0.000068291">
            <failure message="expected true to be false // Object.is equality" type="AssertionError">
AssertionError: expected true to be false // Object.is equality

- Expected
+ Received

- false
+ true

 ❯ src/everything.spec.ts:8:18
            </failure>
        </testcase>
        <testcase classname="src/everything.spec.ts" name="describe 45 &gt; example test 34" time="0.00001825">
        </testcase>
        <testcase classname="src/everything.spec.ts" name="describe 45 &gt; example test 35" time="0.000065875">
            <failure message="expected true to be false // Object.is equality" type="AssertionError">
AssertionError: expected true to be false // Object.is equality

- Expected
+ Received

- false
+ true

 ❯ src/everything.spec.ts:8:18
            </failure>
        </testcase>
        <testcase classname="src/everything.spec.ts" name="describe 45 &gt; example test 36" time="0.000016458">
        </testcase>
        <testcase classname="src/everything.spec.ts" name="describe 45 &gt; example test 37" time="0.000062208">
            <failure message="expected true to be false // Object.is equality" type="AssertionError">
AssertionError: expected true to be false // Object.is equality

- Expected
+ Received

- false
+ true

 ❯ src/everything.spec.ts:8:18
            </failure>
        </testcase>
        <testcase classname="src/everything.spec.ts" name="describe 45 &gt; example test 38" time="0.00001575">
        </testcase>
        <testcase classname="src/everything.spec.ts" name="describe 45 &gt; example test 39" time="0.00006275">
            <failure message="expected true to be false // Object.is equality" type="AssertionError">
AssertionError: expected true to be false // Object.is equality

- Expected
+ Received

- false
+ true

 ❯ src/everything.spec.ts:8:18
            </failure>
        </testcase>
        <testcase classname="src/everything.spec.ts" name="describe 45 &gt; example test 40" time="0.000016">
        </testcase>
        <testcase classname="src/everything.spec.ts" name="describe 45 &gt; example test 41" time="0.000066792">
            <failure message="expected true to be false // Object.is equality" type="AssertionError">
AssertionError: expected true to be false // Object.is equality

- Expected
+ Received

- false
+ true

 ❯ src/everything.spec.ts:8:18
            </failure>
        </testcase>
        <testcase classname="src/everything.spec.ts" name="describe 45 &gt; example test 42" time="0.000015958">
        </testcase>
        <testcase classname="src/everything.spec.ts" name="describe 45 &gt; example test 43" time="0.000062875">
            <failure message="expected true to be false // Object.is equality" type="AssertionError">
AssertionError: expected true to be false // Object.is equality

- Expected
+ Received

- false
+ true

 ❯ src/everything.spec.ts:8:18
            </failure>
        </testcase>
        <testcase classname="src/everything.spec.ts" name="describe 45 &gt; example test 44" time="0.00001625">
        </testcase>
        <testcase classname="src/everything.spec.ts" name="describe 45 &gt; example test 45" time="0.0000645">
            <failure message="expected true to be false // Object.is equality" type="AssertionError">
AssertionError: expected true to be false // Object.is equality

- Expected
+ Received

- false
+ true

 ❯ src/everything.spec.ts:8:18
            </failure>
        </testcase>
        <testcase classname="src/everything.spec.ts" name="describe 45 &gt; example test 46" time="0.000016292">
        </testcase>
        <testcase classname="src/everything.spec.ts" name="describe 45 &gt; example test 47" time="0.000062542">
            <failure message="expected true to be false // Object.is equality" type="AssertionError">
AssertionError: expected true to be false // Object.is equality

- Expected
+ Received

- false
+ true

 ❯ src/everything.spec.ts:8:18
            </failure>
        </testcase>
        <testcase classname="src/everything.spec.ts" name="describe 45 &gt; example test 48" time="0.000016167">
        </testcase>
        <testcase classname="src/everything.spec.ts" name="describe 45 &gt; example test 49" time="0.00006475">
            <failure message="expected true to be false // Object.is equality" type="AssertionError">
AssertionError: expected true to be false // Object.is equality

- Expected
+ Received

- false
+ true

 ❯ src/everything.spec.ts:8:18
            </failure>
        </testcase>
        <testcase classname="src/everything.spec.ts" name="describe 45 &gt; example test 50" time="0.000015541">
        </testcase>
        <testcase classname="src/everything.spec.ts" name="describe 45 &gt; example test 51" time="0.0000905">
            <failure message="expected true to be false // Object.is equality" type="AssertionError">
AssertionError: expected true to be false // Object.is equality

- Expected
+ Received

- false
+ true

 ❯ src/everything.spec.ts:8:18
            </failure>
        </testcase>
        <testcase classname="src/everything.spec.ts" name="describe 45 &gt; example test 52" time="0.00001625">
        </testcase>
        <testcase classname="src/everything.spec.ts" name="describe 45 &gt; example test 53" time="0.000678125">
            <failure message="expected true to be false // Object.is equality" type="AssertionError">
AssertionError: expected true to be false // Object.is equality

- Expected
+ Received

- false
+ true

 ❯ src/everything.spec.ts:8:18
            </failure>
        </testcase>
        <testcase classname="src/everything.spec.ts" name="describe 45 &gt; example test 54" time="0.000038208">
        </testcase>
        <testcase classname="src/everything.spec.ts" name="describe 45 &gt; example test 55" time="0.000121208">
            <failure message="expected true to be false // Object.is equality" type="AssertionError">
AssertionError: expected true to be false // Object.is equality

- Expected
+ Received

- false
+ true

 ❯ src/everything.spec.ts:8:18
            </failure>
        </testcase>
        <testcase classname="src/everything.spec.ts" name="describe 45 &gt; example test 56" time="0.000018166">
        </testcase>
        <testcase classname="src/everything.spec.ts" name="describe 45 &gt; example test 57" time="0.000070125">
            <failure message="expected true to be false // Object.is equality" type="AssertionError">
AssertionError: expected true to be false // Object.is equality

- Expected
+ Received

- false
+ true

 ❯ src/everything.spec.ts:8:18
            </failure>
        </testcase>
        <testcase classname="src/everything.spec.ts" name="describe 45 &gt; example test 58" time="0.000016667">
        </testcase>
        <testcase classname="src/everything.spec.ts" name="describe 45 &gt; example test 59" time="0.000067166">
            <failure message="expected true to be false // Object.is equality" type="AssertionError">
AssertionError: expected true to be false // Object.is equality

- Expected
+ Received

- false
+ true

 ❯ src/everything.spec.ts:8:18
            </failure>
        </testcase>
        <testcase classname="src/everything.spec.ts" name="describe 45 &gt; example test 60" time="0.000016125">
        </testcase>
        <testcase classname="src/everything.spec.ts" name="describe 45 &gt; example test 61" time="0.000067666">
            <failure message="expected true to be false // Object.is equality" type="AssertionError">
AssertionError: expected true to be false // Object.is equality

- Expected
+ Received

- false
+ true

 ❯ src/everything.spec.ts:8:18
            </failure>
        </testcase>
        <testcase classname="src/everything.spec.ts" name="describe 45 &gt; example test 62" time="0.000015708">
        </testcase>
        <testcase classname="src/everything.spec.ts" name="describe 45 &gt; example test 63" time="0.000070292">
            <failure message="expected true to be false // Object.is equality" type="AssertionError">
AssertionError: expected true to be false // Object.is equality

- Expected
+ Received

- false
+ true

 ❯ src/everything.spec.ts:8:18
            </failure>
        </testcase>
        <testcase classname="src/everything.spec.ts" name="describe 45 &gt; example test 64" time="0.000020209">
        </testcase>
        <testcase classname="src/everything.spec.ts" name="describe 45 &gt; example test 65" time="0.000066834">
            <failure message="expected true to be false // Object.is equality" type="AssertionError">
AssertionError: expected true to be false // Object.is equality

- Expected
+ Received

- false
+ true

 ❯ src/everything.spec.ts:8:18
            </failure>
        </testcase>
        <testcase classname="src/everything.spec.ts" name="describe 45 &gt; example test 66" time="0.000017375">
        </testcase>
        <testcase classname="src/everything.spec.ts" name="describe 45 &gt; example test 67" time="0.000066375">
            <failure message="expected true to be false // Object.is equality" type="AssertionError">
AssertionError: expected true to be false // Object.is equality

- Expected
+ Received

- false
+ true

 ❯ src/everything.spec.ts:8:18
            </failure>
        </testcase>
        <testcase classname="src/everything.spec.ts" name="describe 45 &gt; example test 68" time="0.000018834">
        </testcase>
        <testcase classname="src/everything.spec.ts" name="describe 45 &gt; example test 69" time="0.000063791">
            <failure message="expected true to be false // Object.is equality" type="AssertionError">
AssertionError: expected true to be false // Object.is equality

- Expected
+ Received

- false
+ true

 ❯ src/everything.spec.ts:8:18
            </failure>
        </testcase>
        <testcase classname="src/everything.spec.ts" name="describe 45 &gt; example test 70" time="0.000015667">
        </testcase>
        <testcase classname="src/everything.spec.ts" name="describe 45 &gt; example test 71" time="0.000065">
            <failure message="expected true to be false // Object.is equality" type="AssertionError">
AssertionError: expected true to be false // Object.is equality

- Expected
+ Received

- false
+ true

 ❯ src/everything.spec.ts:8:18
            </failure>
        </testcase>
        <testcase classname="src/everything.spec.ts" name="describe 45 &gt; example test 72" time="0.000016041">
        </testcase>
        <testcase classname="src/everything.spec.ts" name="describe 45 &gt; example test 73" time="0.000063">
            <failure message="expected true to be false // Object.is equality" type="AssertionError">
AssertionError: expected true to be false // Object.is equality

- Expected
+ Received

- false
+ true

 ❯ src/everything.spec.ts:8:18
            </failure>
        </testcase>
        <testcase classname="src/everything.spec.ts" name="describe 45 &gt; example test 74" time="0.000017167">
        </testcase>
        <testcase classname="src/everything.spec.ts" name="describe 45 &gt; example test 75" time="0.000066167">
            <failure message="expected true to be false // Object.is equality" type="AssertionError">
AssertionError: expected true to be false // Object.is equality

- Expected
+ Received

- false
+ true

 ❯ src/everything.spec.ts:8:18
            </failure>
        </testcase>
        <testcase classname="src/everything.spec.ts" name="describe 45 &gt; example test 76" time="0.00001725">
        </testcase>
        <testcase classname="src/everything.spec.ts" name="describe 45 &gt; example test 77" time="0.000070125">
            <failure message="expected true to be false // Object.is equality" type="AssertionError">
AssertionError: expected true to be false // Object.is equality

- Expected
+ Received

- false
+ true

 ❯ src/everything.spec.ts:8:18
            </failure>
        </testcase>
        <testcase classname="src/everything.spec.ts" name="describe 45 &gt; example test 78" time="0.000018291">
        </testcase>
        <testcase classname="src/everything.spec.ts" name="describe 45 &gt; example test 79" time="0.000064792">
            <failure message="expected true to be false // Object.is equality" type="AssertionError">
AssertionError: expected true to be false // Object.is equality

- Expected
+ Received

- false
+ true

 ❯ src/everything.spec.ts:8:18
            </failure>
        </testcase>
        <testcase classname="src/everything.spec.ts" name="describe 45 &gt; example test 80" time="0.000018333">
        </testcase>
        <testcase classname="src/everything.spec.ts" name="describe 45 &gt; example test 81" time="0.000063583">
            <failure message="expected true to be false // Object.is equality" type="AssertionError">
AssertionError: expected true to be false // Object.is equality

- Expected
+ Received

- false
+ true

 ❯ src/everything.spec.ts:8:18
            </failure>
        </testcase>
        <testcase classname="src/everything.spec.ts" name="describe 45 &gt; example test 82" time="0.000018542">
        </testcase>
        <testcase classname="src/everything.spec.ts" name="describe 45 &gt; example test 83" time="0.000064084">
            <failure message="expected true to be false // Object.is equality" type="AssertionError">
AssertionError: expected true to be false // Object.is equality

- Expected
+ Received

- false
+ true

 ❯ src/everything.spec.ts:8:18
            </failure>
        </testcase>
        <testcase classname="src/everything.spec.ts" name="describe 45 &gt; example test 84" time="0.000016292">
        </testcase>
        <testcase classname="src/everything.spec.ts" name="describe 45 &gt; example test 85" time="0.000063041">
            <failure message="expected true to be false // Object.is equality" type="AssertionError">
AssertionError: expected true to be false // Object.is equality

- Expected
+ Received

- false
+ true

 ❯ src/everything.spec.ts:8:18
            </failure>
        </testcase>
        <testcase classname="src/everything.spec.ts" name="describe 45 &gt; example test 86" time="0.000016125">
        </testcase>
        <testcase classname="src/everything.spec.ts" name="describe 45 &gt; example test 87" time="0.000066333">
            <failure message="expected true to be false // Object.is equality" type="AssertionError">
AssertionError: expected true to be false // Object.is equality

- Expected
+ Received

- false
+ true

 ❯ src/everything.spec.ts:8:18
            </failure>
        </testcase>
        <testcase classname="src/everything.spec.ts" name="describe 45 &gt; example test 88" time="0.000016083">
        </testcase>
        <testcase classname="src/everything.spec.ts" name="describe 45 &gt; example test 89" time="0.000065917">
            <failure message="expected true to be false // Object.is equality" type="AssertionError">
AssertionError: expected true to be false // Object.is equality

- Expected
+ Received

- false
+ true

 ❯ src/everything.spec.ts:8:18
            </failure>
        </testcase>
        <testcase classname="src/everything.spec.ts" name="describe 45 &gt; example test 90" time="0.000015416">
        </testcase>
        <testcase classname="src/everything.spec.ts" name="describe 45 &gt; example test 91" time="0.000063541">
            <failure message="expected true to be false // Object.is equality" type="AssertionError">
AssertionError: expected true to be false // Object.is equality

- Expected
+ Received

- false
+ true

 ❯ src/everything.spec.ts:8:18
            </failure>
        </testcase>
        <testcase classname="src/everything.spec.ts" name="describe 45 &gt; example test 92" time="0.000015667">
        </testcase>
        <testcase classname="src/everything.spec.ts" name="describe 45 &gt; example test 93" time="0.000063417">
            <failure message="expected true to be false // Object.is equality" type="AssertionError">
AssertionError: expected true to be false // Object.is equality

- Expected
+ Received

- false
+ true

 ❯ src/everything.spec.ts:8:18
            </failure>
        </testcase>
        <testcase classname="src/everything.spec.ts" name="describe 45 &gt; example test 94" time="0.000015666">
        </testcase>
        <testcase classname="src/everything.spec.ts" name="describe 45 &gt; example test 95" time="0.000063708">
            <failure message="expected true to be false // Object.is equality" type="AssertionError">
AssertionError: expected true to be false // Object.is equality

- Expected
+ Received

- false
+ true

 ❯ src/everything.spec.ts:8:18
            </failure>
        </testcase>
        <testcase classname="src/everything.spec.ts" name="describe 45 &gt; example test 96" time="0.000015542">
        </testcase>
        <testcase classname="src/everything.spec.ts" name="describe 45 &gt; example test 97" time="0.000062667">
            <failure message="expected true to be false // Object.is equality" type="AssertionError">
AssertionError: expected true to be false // Object.is equality

- Expected
+ Received

- false
+ true

 ❯ src/everything.spec.ts:8:18
            </failure>
        </testcase>
        <testcase classname="src/everything.spec.ts" name="describe 45 &gt; example test 98" time="0.000018708">
        </testcase>
        <testcase classname="src/everything.spec.ts" name="describe 45 &gt; example test 99" time="0.00006825">
            <failure message="expected true to be false // Object.is equality" type="AssertionError">
AssertionError: expected true to be false // Object.is equality

- Expected
+ Received

- false
+ true

 ❯ src/everything.spec.ts:8:18
            </failure>
        </testcase>
        <testcase classname="src/everything.spec.ts" name="describe 45 &gt; example test 100" time="0.000017375">
        </testcase>
        <testcase classname="src/everything.spec.ts" name="describe 46 &gt; example test 1" time="0.000064791">
            <failure message="expected true to be false // Object.is equality" type="AssertionError">
AssertionError: expected true to be false // Object.is equality

- Expected
+ Received

- false
+ true

 ❯ src/everything.spec.ts:8:18
            </failure>
        </testcase>
        <testcase classname="src/everything.spec.ts" name="describe 46 &gt; example test 2" time="0.000015667">
        </testcase>
        <testcase classname="src/everything.spec.ts" name="describe 46 &gt; example test 3" time="0.0000645">
            <failure message="expected true to be false // Object.is equality" type="AssertionError">
AssertionError: expected true to be false // Object.is equality

- Expected
+ Received

- false
+ true

 ❯ src/everything.spec.ts:8:18
            </failure>
        </testcase>
        <testcase classname="src/everything.spec.ts" name="describe 46 &gt; example test 4" time="0.000015459">
        </testcase>
        <testcase classname="src/everything.spec.ts" name="describe 46 &gt; example test 5" time="0.000065916">
            <failure message="expected true to be false // Object.is equality" type="AssertionError">
AssertionError: expected true to be false // Object.is equality

- Expected
+ Received

- false
+ true

 ❯ src/everything.spec.ts:8:18
            </failure>
        </testcase>
        <testcase classname="src/everything.spec.ts" name="describe 46 &gt; example test 6" time="0.000016625">
        </testcase>
        <testcase classname="src/everything.spec.ts" name="describe 46 &gt; example test 7" time="0.000069959">
            <failure message="expected true to be false // Object.is equality" type="AssertionError">
AssertionError: expected true to be false // Object.is equality

- Expected
+ Received

- false
+ true

 ❯ src/everything.spec.ts:8:18
            </failure>
        </testcase>
        <testcase classname="src/everything.spec.ts" name="describe 46 &gt; example test 8" time="0.000015791">
        </testcase>
        <testcase classname="src/everything.spec.ts" name="describe 46 &gt; example test 9" time="0.000064958">
            <failure message="expected true to be false // Object.is equality" type="AssertionError">
AssertionError: expected true to be false // Object.is equality

- Expected
+ Received

- false
+ true

 ❯ src/everything.spec.ts:8:18
            </failure>
        </testcase>
        <testcase classname="src/everything.spec.ts" name="describe 46 &gt; example test 10" time="0.000018708">
        </testcase>
        <testcase classname="src/everything.spec.ts" name="describe 46 &gt; example test 11" time="0.000065584">
            <failure message="expected true to be false // Object.is equality" type="AssertionError">
AssertionError: expected true to be false // Object.is equality

- Expected
+ Received

- false
+ true

 ❯ src/everything.spec.ts:8:18
            </failure>
        </testcase>
        <testcase classname="src/everything.spec.ts" name="describe 46 &gt; example test 12" time="0.000016292">
        </testcase>
        <testcase classname="src/everything.spec.ts" name="describe 46 &gt; example test 13" time="0.000066417">
            <failure message="expected true to be false // Object.is equality" type="AssertionError">
AssertionError: expected true to be false // Object.is equality

- Expected
+ Received

- false
+ true

 ❯ src/everything.spec.ts:8:18
            </failure>
        </testcase>
        <testcase classname="src/everything.spec.ts" name="describe 46 &gt; example test 14" time="0.000019417">
        </testcase>
        <testcase classname="src/everything.spec.ts" name="describe 46 &gt; example test 15" time="0.000063125">
            <failure message="expected true to be false // Object.is equality" type="AssertionError">
AssertionError: expected true to be false // Object.is equality

- Expected
+ Received

- false
+ true

 ❯ src/everything.spec.ts:8:18
            </failure>
        </testcase>
        <testcase classname="src/everything.spec.ts" name="describe 46 &gt; example test 16" time="0.000015833">
        </testcase>
        <testcase classname="src/everything.spec.ts" name="describe 46 &gt; example test 17" time="0.000066583">
            <failure message="expected true to be false // Object.is equality" type="AssertionError">
AssertionError: expected true to be false // Object.is equality

- Expected
+ Received

- false
+ true

 ❯ src/everything.spec.ts:8:18
            </failure>
        </testcase>
        <testcase classname="src/everything.spec.ts" name="describe 46 &gt; example test 18" time="0.000016833">
        </testcase>
        <testcase classname="src/everything.spec.ts" name="describe 46 &gt; example test 19" time="0.0000635">
            <failure message="expected true to be false // Object.is equality" type="AssertionError">
AssertionError: expected true to be false // Object.is equality

- Expected
+ Received

- false
+ true

 ❯ src/everything.spec.ts:8:18
            </failure>
        </testcase>
        <testcase classname="src/everything.spec.ts" name="describe 46 &gt; example test 20" time="0.000018625">
        </testcase>
        <testcase classname="src/everything.spec.ts" name="describe 46 &gt; example test 21" time="0.000063875">
            <failure message="expected true to be false // Object.is equality" type="AssertionError">
AssertionError: expected true to be false // Object.is equality

- Expected
+ Received

- false
+ true

 ❯ src/everything.spec.ts:8:18
            </failure>
        </testcase>
        <testcase classname="src/everything.spec.ts" name="describe 46 &gt; example test 22" time="0.000015375">
        </testcase>
        <testcase classname="src/everything.spec.ts" name="describe 46 &gt; example test 23" time="0.0000625">
            <failure message="expected true to be false // Object.is equality" type="AssertionError">
AssertionError: expected true to be false // Object.is equality

- Expected
+ Received

- false
+ true

 ❯ src/everything.spec.ts:8:18
            </failure>
        </testcase>
        <testcase classname="src/everything.spec.ts" name="describe 46 &gt; example test 24" time="0.000018292">
        </testcase>
        <testcase classname="src/everything.spec.ts" name="describe 46 &gt; example test 25" time="0.000063709">
            <failure message="expected true to be false // Object.is equality" type="AssertionError">
AssertionError: expected true to be false // Object.is equality

- Expected
+ Received

- false
+ true

 ❯ src/everything.spec.ts:8:18
            </failure>
        </testcase>
        <testcase classname="src/everything.spec.ts" name="describe 46 &gt; example test 26" time="0.00001825">
        </testcase>
        <testcase classname="src/everything.spec.ts" name="describe 46 &gt; example test 27" time="0.000064959">
            <failure message="expected true to be false // Object.is equality" type="AssertionError">
AssertionError: expected true to be false // Object.is equality

- Expected
+ Received

- false
+ true

 ❯ src/everything.spec.ts:8:18
            </failure>
        </testcase>
        <testcase classname="src/everything.spec.ts" name="describe 46 &gt; example test 28" time="0.000015666">
        </testcase>
        <testcase classname="src/everything.spec.ts" name="describe 46 &gt; example test 29" time="0.000066334">
            <failure message="expected true to be false // Object.is equality" type="AssertionError">
AssertionError: expected true to be false // Object.is equality

- Expected
+ Received

- false
+ true

 ❯ src/everything.spec.ts:8:18
            </failure>
        </testcase>
        <testcase classname="src/everything.spec.ts" name="describe 46 &gt; example test 30" time="0.00001575">
        </testcase>
        <testcase classname="src/everything.spec.ts" name="describe 46 &gt; example test 31" time="0.000063541">
            <failure message="expected true to be false // Object.is equality" type="AssertionError">
AssertionError: expected true to be false // Object.is equality

- Expected
+ Received

- false
+ true

 ❯ src/everything.spec.ts:8:18
            </failure>
        </testcase>
        <testcase classname="src/everything.spec.ts" name="describe 46 &gt; example test 32" time="0.000015292">
        </testcase>
        <testcase classname="src/everything.spec.ts" name="describe 46 &gt; example test 33" time="0.000066">
            <failure message="expected true to be false // Object.is equality" type="AssertionError">
AssertionError: expected true to be false // Object.is equality

- Expected
+ Received

- false
+ true

 ❯ src/everything.spec.ts:8:18
            </failure>
        </testcase>
        <testcase classname="src/everything.spec.ts" name="describe 46 &gt; example test 34" time="0.00001675">
        </testcase>
        <testcase classname="src/everything.spec.ts" name="describe 46 &gt; example test 35" time="0.000064916">
            <failure message="expected true to be false // Object.is equality" type="AssertionError">
AssertionError: expected true to be false // Object.is equality

- Expected
+ Received

- false
+ true

 ❯ src/everything.spec.ts:8:18
            </failure>
        </testcase>
        <testcase classname="src/everything.spec.ts" name="describe 46 &gt; example test 36" time="0.0000155">
        </testcase>
        <testcase classname="src/everything.spec.ts" name="describe 46 &gt; example test 37" time="0.000063875">
            <failure message="expected true to be false // Object.is equality" type="AssertionError">
AssertionError: expected true to be false // Object.is equality

- Expected
+ Received

- false
+ true

 ❯ src/everything.spec.ts:8:18
            </failure>
        </testcase>
        <testcase classname="src/everything.spec.ts" name="describe 46 &gt; example test 38" time="0.000016041">
        </testcase>
        <testcase classname="src/everything.spec.ts" name="describe 46 &gt; example test 39" time="0.000063458">
            <failure message="expected true to be false // Object.is equality" type="AssertionError">
AssertionError: expected true to be false // Object.is equality

- Expected
+ Received

- false
+ true

 ❯ src/everything.spec.ts:8:18
            </failure>
        </testcase>
        <testcase classname="src/everything.spec.ts" name="describe 46 &gt; example test 40" time="0.000017166">
        </testcase>
        <testcase classname="src/everything.spec.ts" name="describe 46 &gt; example test 41" time="0.000063583">
            <failure message="expected true to be false // Object.is equality" type="AssertionError">
AssertionError: expected true to be false // Object.is equality

- Expected
+ Received

- false
+ true

 ❯ src/everything.spec.ts:8:18
            </failure>
        </testcase>
        <testcase classname="src/everything.spec.ts" name="describe 46 &gt; example test 42" time="0.000018584">
        </testcase>
        <testcase classname="src/everything.spec.ts" name="describe 46 &gt; example test 43" time="0.000063417">
            <failure message="expected true to be false // Object.is equality" type="AssertionError">
AssertionError: expected true to be false // Object.is equality

- Expected
+ Received

- false
+ true

 ❯ src/everything.spec.ts:8:18
            </failure>
        </testcase>
        <testcase classname="src/everything.spec.ts" name="describe 46 &gt; example test 44" time="0.000015583">
        </testcase>
        <testcase classname="src/everything.spec.ts" name="describe 46 &gt; example test 45" time="0.000071667">
            <failure message="expected true to be false // Object.is equality" type="AssertionError">
AssertionError: expected true to be false // Object.is equality

- Expected
+ Received

- false
+ true

 ❯ src/everything.spec.ts:8:18
            </failure>
        </testcase>
        <testcase classname="src/everything.spec.ts" name="describe 46 &gt; example test 46" time="0.00001575">
        </testcase>
        <testcase classname="src/everything.spec.ts" name="describe 46 &gt; example test 47" time="0.000085042">
            <failure message="expected true to be false // Object.is equality" type="AssertionError">
AssertionError: expected true to be false // Object.is equality

- Expected
+ Received

- false
+ true

 ❯ src/everything.spec.ts:8:18
            </failure>
        </testcase>
        <testcase classname="src/everything.spec.ts" name="describe 46 &gt; example test 48" time="0.000016542">
        </testcase>
        <testcase classname="src/everything.spec.ts" name="describe 46 &gt; example test 49" time="0.000066292">
            <failure message="expected true to be false // Object.is equality" type="AssertionError">
AssertionError: expected true to be false // Object.is equality

- Expected
+ Received

- false
+ true

 ❯ src/everything.spec.ts:8:18
            </failure>
        </testcase>
        <testcase classname="src/everything.spec.ts" name="describe 46 &gt; example test 50" time="0.000015875">
        </testcase>
        <testcase classname="src/everything.spec.ts" name="describe 46 &gt; example test 51" time="0.000064792">
            <failure message="expected true to be false // Object.is equality" type="AssertionError">
AssertionError: expected true to be false // Object.is equality

- Expected
+ Received

- false
+ true

 ❯ src/everything.spec.ts:8:18
            </failure>
        </testcase>
        <testcase classname="src/everything.spec.ts" name="describe 46 &gt; example test 52" time="0.000016">
        </testcase>
        <testcase classname="src/everything.spec.ts" name="describe 46 &gt; example test 53" time="0.000176833">
            <failure message="expected true to be false // Object.is equality" type="AssertionError">
AssertionError: expected true to be false // Object.is equality

- Expected
+ Received

- false
+ true

 ❯ src/everything.spec.ts:8:18
            </failure>
        </testcase>
        <testcase classname="src/everything.spec.ts" name="describe 46 &gt; example test 54" time="0.000017875">
        </testcase>
        <testcase classname="src/everything.spec.ts" name="describe 46 &gt; example test 55" time="0.000098583">
            <failure message="expected true to be false // Object.is equality" type="AssertionError">
AssertionError: expected true to be false // Object.is equality

- Expected
+ Received

- false
+ true

 ❯ src/everything.spec.ts:8:18
            </failure>
        </testcase>
        <testcase classname="src/everything.spec.ts" name="describe 46 &gt; example test 56" time="0.0000235">
        </testcase>
        <testcase classname="src/everything.spec.ts" name="describe 46 &gt; example test 57" time="0.000074958">
            <failure message="expected true to be false // Object.is equality" type="AssertionError">
AssertionError: expected true to be false // Object.is equality

- Expected
+ Received

- false
+ true

 ❯ src/everything.spec.ts:8:18
            </failure>
        </testcase>
        <testcase classname="src/everything.spec.ts" name="describe 46 &gt; example test 58" time="0.000016917">
        </testcase>
        <testcase classname="src/everything.spec.ts" name="describe 46 &gt; example test 59" time="0.00006525">
            <failure message="expected true to be false // Object.is equality" type="AssertionError">
AssertionError: expected true to be false // Object.is equality

- Expected
+ Received

- false
+ true

 ❯ src/everything.spec.ts:8:18
            </failure>
        </testcase>
        <testcase classname="src/everything.spec.ts" name="describe 46 &gt; example test 60" time="0.000015791">
        </testcase>
        <testcase classname="src/everything.spec.ts" name="describe 46 &gt; example test 61" time="0.000064125">
            <failure message="expected true to be false // Object.is equality" type="AssertionError">
AssertionError: expected true to be false // Object.is equality

- Expected
+ Received

- false
+ true

 ❯ src/everything.spec.ts:8:18
            </failure>
        </testcase>
        <testcase classname="src/everything.spec.ts" name="describe 46 &gt; example test 62" time="0.000015625">
        </testcase>
        <testcase classname="src/everything.spec.ts" name="describe 46 &gt; example test 63" time="0.000063167">
            <failure message="expected true to be false // Object.is equality" type="AssertionError">
AssertionError: expected true to be false // Object.is equality

- Expected
+ Received

- false
+ true

 ❯ src/everything.spec.ts:8:18
            </failure>
        </testcase>
        <testcase classname="src/everything.spec.ts" name="describe 46 &gt; example test 64" time="0.000015709">
        </testcase>
        <testcase classname="src/everything.spec.ts" name="describe 46 &gt; example test 65" time="0.000063042">
            <failure message="expected true to be false // Object.is equality" type="AssertionError">
AssertionError: expected true to be false // Object.is equality

- Expected
+ Received

- false
+ true

 ❯ src/everything.spec.ts:8:18
            </failure>
        </testcase>
        <testcase classname="src/everything.spec.ts" name="describe 46 &gt; example test 66" time="0.000015834">
        </testcase>
        <testcase classname="src/everything.spec.ts" name="describe 46 &gt; example test 67" time="0.00006275">
            <failure message="expected true to be false // Object.is equality" type="AssertionError">
AssertionError: expected true to be false // Object.is equality

- Expected
+ Received

- false
+ true

 ❯ src/everything.spec.ts:8:18
            </failure>
        </testcase>
        <testcase classname="src/everything.spec.ts" name="describe 46 &gt; example test 68" time="0.000015417">
        </testcase>
        <testcase classname="src/everything.spec.ts" name="describe 46 &gt; example test 69" time="0.00006275">
            <failure message="expected true to be false // Object.is equality" type="AssertionError">
AssertionError: expected true to be false // Object.is equality

- Expected
+ Received

- false
+ true

 ❯ src/everything.spec.ts:8:18
            </failure>
        </testcase>
        <testcase classname="src/everything.spec.ts" name="describe 46 &gt; example test 70" time="0.000015292">
        </testcase>
        <testcase classname="src/everything.spec.ts" name="describe 46 &gt; example test 71" time="0.000061625">
            <failure message="expected true to be false // Object.is equality" type="AssertionError">
AssertionError: expected true to be false // Object.is equality

- Expected
+ Received

- false
+ true

 ❯ src/everything.spec.ts:8:18
            </failure>
        </testcase>
        <testcase classname="src/everything.spec.ts" name="describe 46 &gt; example test 72" time="0.000015209">
        </testcase>
        <testcase classname="src/everything.spec.ts" name="describe 46 &gt; example test 73" time="0.000062542">
            <failure message="expected true to be false // Object.is equality" type="AssertionError">
AssertionError: expected true to be false // Object.is equality

- Expected
+ Received

- false
+ true

 ❯ src/everything.spec.ts:8:18
            </failure>
        </testcase>
        <testcase classname="src/everything.spec.ts" name="describe 46 &gt; example test 74" time="0.000015083">
        </testcase>
        <testcase classname="src/everything.spec.ts" name="describe 46 &gt; example test 75" time="0.000062292">
            <failure message="expected true to be false // Object.is equality" type="AssertionError">
AssertionError: expected true to be false // Object.is equality

- Expected
+ Received

- false
+ true

 ❯ src/everything.spec.ts:8:18
            </failure>
        </testcase>
        <testcase classname="src/everything.spec.ts" name="describe 46 &gt; example test 76" time="0.000015291">
        </testcase>
        <testcase classname="src/everything.spec.ts" name="describe 46 &gt; example test 77" time="0.000062125">
            <failure message="expected true to be false // Object.is equality" type="AssertionError">
AssertionError: expected true to be false // Object.is equality

- Expected
+ Received

- false
+ true

 ❯ src/everything.spec.ts:8:18
            </failure>
        </testcase>
        <testcase classname="src/everything.spec.ts" name="describe 46 &gt; example test 78" time="0.0000155">
        </testcase>
        <testcase classname="src/everything.spec.ts" name="describe 46 &gt; example test 79" time="0.000062083">
            <failure message="expected true to be false // Object.is equality" type="AssertionError">
AssertionError: expected true to be false // Object.is equality

- Expected
+ Received

- false
+ true

 ❯ src/everything.spec.ts:8:18
            </failure>
        </testcase>
        <testcase classname="src/everything.spec.ts" name="describe 46 &gt; example test 80" time="0.000015667">
        </testcase>
        <testcase classname="src/everything.spec.ts" name="describe 46 &gt; example test 81" time="0.000062167">
            <failure message="expected true to be false // Object.is equality" type="AssertionError">
AssertionError: expected true to be false // Object.is equality

- Expected
+ Received

- false
+ true

 ❯ src/everything.spec.ts:8:18
            </failure>
        </testcase>
        <testcase classname="src/everything.spec.ts" name="describe 46 &gt; example test 82" time="0.000015542">
        </testcase>
        <testcase classname="src/everything.spec.ts" name="describe 46 &gt; example test 83" time="0.000061083">
            <failure message="expected true to be false // Object.is equality" type="AssertionError">
AssertionError: expected true to be false // Object.is equality

- Expected
+ Received

- false
+ true

 ❯ src/everything.spec.ts:8:18
            </failure>
        </testcase>
        <testcase classname="src/everything.spec.ts" name="describe 46 &gt; example test 84" time="0.00001525">
        </testcase>
        <testcase classname="src/everything.spec.ts" name="describe 46 &gt; example test 85" time="0.000062625">
            <failure message="expected true to be false // Object.is equality" type="AssertionError">
AssertionError: expected true to be false // Object.is equality

- Expected
+ Received

- false
+ true

 ❯ src/everything.spec.ts:8:18
            </failure>
        </testcase>
        <testcase classname="src/everything.spec.ts" name="describe 46 &gt; example test 86" time="0.000015292">
        </testcase>
        <testcase classname="src/everything.spec.ts" name="describe 46 &gt; example test 87" time="0.000061375">
            <failure message="expected true to be false // Object.is equality" type="AssertionError">
AssertionError: expected true to be false // Object.is equality

- Expected
+ Received

- false
+ true

 ❯ src/everything.spec.ts:8:18
            </failure>
        </testcase>
        <testcase classname="src/everything.spec.ts" name="describe 46 &gt; example test 88" time="0.000016166">
        </testcase>
        <testcase classname="src/everything.spec.ts" name="describe 46 &gt; example test 89" time="0.00006375">
            <failure message="expected true to be false // Object.is equality" type="AssertionError">
AssertionError: expected true to be false // Object.is equality

- Expected
+ Received

- false
+ true

 ❯ src/everything.spec.ts:8:18
            </failure>
        </testcase>
        <testcase classname="src/everything.spec.ts" name="describe 46 &gt; example test 90" time="0.000015083">
        </testcase>
        <testcase classname="src/everything.spec.ts" name="describe 46 &gt; example test 91" time="0.000061416">
            <failure message="expected true to be false // Object.is equality" type="AssertionError">
AssertionError: expected true to be false // Object.is equality

- Expected
+ Received

- false
+ true

 ❯ src/everything.spec.ts:8:18
            </failure>
        </testcase>
        <testcase classname="src/everything.spec.ts" name="describe 46 &gt; example test 92" time="0.000015417">
        </testcase>
        <testcase classname="src/everything.spec.ts" name="describe 46 &gt; example test 93" time="0.000062">
            <failure message="expected true to be false // Object.is equality" type="AssertionError">
AssertionError: expected true to be false // Object.is equality

- Expected
+ Received

- false
+ true

 ❯ src/everything.spec.ts:8:18
            </failure>
        </testcase>
        <testcase classname="src/everything.spec.ts" name="describe 46 &gt; example test 94" time="0.000016125">
        </testcase>
        <testcase classname="src/everything.spec.ts" name="describe 46 &gt; example test 95" time="0.000061167">
            <failure message="expected true to be false // Object.is equality" type="AssertionError">
AssertionError: expected true to be false // Object.is equality

- Expected
+ Received

- false
+ true

 ❯ src/everything.spec.ts:8:18
            </failure>
        </testcase>
        <testcase classname="src/everything.spec.ts" name="describe 46 &gt; example test 96" time="0.000016084">
        </testcase>
        <testcase classname="src/everything.spec.ts" name="describe 46 &gt; example test 97" time="0.000061458">
            <failure message="expected true to be false // Object.is equality" type="AssertionError">
AssertionError: expected true to be false // Object.is equality

- Expected
+ Received

- false
+ true

 ❯ src/everything.spec.ts:8:18
            </failure>
        </testcase>
        <testcase classname="src/everything.spec.ts" name="describe 46 &gt; example test 98" time="0.000015334">
        </testcase>
        <testcase classname="src/everything.spec.ts" name="describe 46 &gt; example test 99" time="0.000061584">
            <failure message="expected true to be false // Object.is equality" type="AssertionError">
AssertionError: expected true to be false // Object.is equality

- Expected
+ Received

- false
+ true

 ❯ src/everything.spec.ts:8:18
            </failure>
        </testcase>
        <testcase classname="src/everything.spec.ts" name="describe 46 &gt; example test 100" time="0.0000155">
        </testcase>
        <testcase classname="src/everything.spec.ts" name="describe 47 &gt; example test 1" time="0.0000615">
            <failure message="expected true to be false // Object.is equality" type="AssertionError">
AssertionError: expected true to be false // Object.is equality

- Expected
+ Received

- false
+ true

 ❯ src/everything.spec.ts:8:18
            </failure>
        </testcase>
        <testcase classname="src/everything.spec.ts" name="describe 47 &gt; example test 2" time="0.000015208">
        </testcase>
        <testcase classname="src/everything.spec.ts" name="describe 47 &gt; example test 3" time="0.000062375">
            <failure message="expected true to be false // Object.is equality" type="AssertionError">
AssertionError: expected true to be false // Object.is equality

- Expected
+ Received

- false
+ true

 ❯ src/everything.spec.ts:8:18
            </failure>
        </testcase>
        <testcase classname="src/everything.spec.ts" name="describe 47 &gt; example test 4" time="0.000015459">
        </testcase>
        <testcase classname="src/everything.spec.ts" name="describe 47 &gt; example test 5" time="0.000061542">
            <failure message="expected true to be false // Object.is equality" type="AssertionError">
AssertionError: expected true to be false // Object.is equality

- Expected
+ Received

- false
+ true

 ❯ src/everything.spec.ts:8:18
            </failure>
        </testcase>
        <testcase classname="src/everything.spec.ts" name="describe 47 &gt; example test 6" time="0.00001525">
        </testcase>
        <testcase classname="src/everything.spec.ts" name="describe 47 &gt; example test 7" time="0.000062959">
            <failure message="expected true to be false // Object.is equality" type="AssertionError">
AssertionError: expected true to be false // Object.is equality

- Expected
+ Received

- false
+ true

 ❯ src/everything.spec.ts:8:18
            </failure>
        </testcase>
        <testcase classname="src/everything.spec.ts" name="describe 47 &gt; example test 8" time="0.000015292">
        </testcase>
        <testcase classname="src/everything.spec.ts" name="describe 47 &gt; example test 9" time="0.000061666">
            <failure message="expected true to be false // Object.is equality" type="AssertionError">
AssertionError: expected true to be false // Object.is equality

- Expected
+ Received

- false
+ true

 ❯ src/everything.spec.ts:8:18
            </failure>
        </testcase>
        <testcase classname="src/everything.spec.ts" name="describe 47 &gt; example test 10" time="0.000015417">
        </testcase>
        <testcase classname="src/everything.spec.ts" name="describe 47 &gt; example test 11" time="0.000064667">
            <failure message="expected true to be false // Object.is equality" type="AssertionError">
AssertionError: expected true to be false // Object.is equality

- Expected
+ Received

- false
+ true

 ❯ src/everything.spec.ts:8:18
            </failure>
        </testcase>
        <testcase classname="src/everything.spec.ts" name="describe 47 &gt; example test 12" time="0.000018709">
        </testcase>
        <testcase classname="src/everything.spec.ts" name="describe 47 &gt; example test 13" time="0.000131541">
            <failure message="expected true to be false // Object.is equality" type="AssertionError">
AssertionError: expected true to be false // Object.is equality

- Expected
+ Received

- false
+ true

 ❯ src/everything.spec.ts:8:18
            </failure>
        </testcase>
        <testcase classname="src/everything.spec.ts" name="describe 47 &gt; example test 14" time="0.000016458">
        </testcase>
        <testcase classname="src/everything.spec.ts" name="describe 47 &gt; example test 15" time="0.000080709">
            <failure message="expected true to be false // Object.is equality" type="AssertionError">
AssertionError: expected true to be false // Object.is equality

- Expected
+ Received

- false
+ true

 ❯ src/everything.spec.ts:8:18
            </failure>
        </testcase>
        <testcase classname="src/everything.spec.ts" name="describe 47 &gt; example test 16" time="0.000023709">
        </testcase>
        <testcase classname="src/everything.spec.ts" name="describe 47 &gt; example test 17" time="0.000066875">
            <failure message="expected true to be false // Object.is equality" type="AssertionError">
AssertionError: expected true to be false // Object.is equality

- Expected
+ Received

- false
+ true

 ❯ src/everything.spec.ts:8:18
            </failure>
        </testcase>
        <testcase classname="src/everything.spec.ts" name="describe 47 &gt; example test 18" time="0.000016125">
        </testcase>
        <testcase classname="src/everything.spec.ts" name="describe 47 &gt; example test 19" time="0.000075666">
            <failure message="expected true to be false // Object.is equality" type="AssertionError">
AssertionError: expected true to be false // Object.is equality

- Expected
+ Received

- false
+ true

 ❯ src/everything.spec.ts:8:18
            </failure>
        </testcase>
        <testcase classname="src/everything.spec.ts" name="describe 47 &gt; example test 20" time="0.000015792">
        </testcase>
        <testcase classname="src/everything.spec.ts" name="describe 47 &gt; example test 21" time="0.000063709">
            <failure message="expected true to be false // Object.is equality" type="AssertionError">
AssertionError: expected true to be false // Object.is equality

- Expected
+ Received

- false
+ true

 ❯ src/everything.spec.ts:8:18
            </failure>
        </testcase>
        <testcase classname="src/everything.spec.ts" name="describe 47 &gt; example test 22" time="0.000015208">
        </testcase>
        <testcase classname="src/everything.spec.ts" name="describe 47 &gt; example test 23" time="0.000063625">
            <failure message="expected true to be false // Object.is equality" type="AssertionError">
AssertionError: expected true to be false // Object.is equality

- Expected
+ Received

- false
+ true

 ❯ src/everything.spec.ts:8:18
            </failure>
        </testcase>
        <testcase classname="src/everything.spec.ts" name="describe 47 &gt; example test 24" time="0.000015542">
        </testcase>
        <testcase classname="src/everything.spec.ts" name="describe 47 &gt; example test 25" time="0.000064667">
            <failure message="expected true to be false // Object.is equality" type="AssertionError">
AssertionError: expected true to be false // Object.is equality

- Expected
+ Received

- false
+ true

 ❯ src/everything.spec.ts:8:18
            </failure>
        </testcase>
        <testcase classname="src/everything.spec.ts" name="describe 47 &gt; example test 26" time="0.000016208">
        </testcase>
        <testcase classname="src/everything.spec.ts" name="describe 47 &gt; example test 27" time="0.000063042">
            <failure message="expected true to be false // Object.is equality" type="AssertionError">
AssertionError: expected true to be false // Object.is equality

- Expected
+ Received

- false
+ true

 ❯ src/everything.spec.ts:8:18
            </failure>
        </testcase>
        <testcase classname="src/everything.spec.ts" name="describe 47 &gt; example test 28" time="0.000016417">
        </testcase>
        <testcase classname="src/everything.spec.ts" name="describe 47 &gt; example test 29" time="0.000072709">
            <failure message="expected true to be false // Object.is equality" type="AssertionError">
AssertionError: expected true to be false // Object.is equality

- Expected
+ Received

- false
+ true

 ❯ src/everything.spec.ts:8:18
            </failure>
        </testcase>
        <testcase classname="src/everything.spec.ts" name="describe 47 &gt; example test 30" time="0.000017958">
        </testcase>
        <testcase classname="src/everything.spec.ts" name="describe 47 &gt; example test 31" time="0.000101292">
            <failure message="expected true to be false // Object.is equality" type="AssertionError">
AssertionError: expected true to be false // Object.is equality

- Expected
+ Received

- false
+ true

 ❯ src/everything.spec.ts:8:18
            </failure>
        </testcase>
        <testcase classname="src/everything.spec.ts" name="describe 47 &gt; example test 32" time="0.000016167">
        </testcase>
        <testcase classname="src/everything.spec.ts" name="describe 47 &gt; example test 33" time="0.000061792">
            <failure message="expected true to be false // Object.is equality" type="AssertionError">
AssertionError: expected true to be false // Object.is equality

- Expected
+ Received

- false
+ true

 ❯ src/everything.spec.ts:8:18
            </failure>
        </testcase>
        <testcase classname="src/everything.spec.ts" name="describe 47 &gt; example test 34" time="0.000015542">
        </testcase>
        <testcase classname="src/everything.spec.ts" name="describe 47 &gt; example test 35" time="0.000061375">
            <failure message="expected true to be false // Object.is equality" type="AssertionError">
AssertionError: expected true to be false // Object.is equality

- Expected
+ Received

- false
+ true

 ❯ src/everything.spec.ts:8:18
            </failure>
        </testcase>
        <testcase classname="src/everything.spec.ts" name="describe 47 &gt; example test 36" time="0.0000155">
        </testcase>
        <testcase classname="src/everything.spec.ts" name="describe 47 &gt; example test 37" time="0.000073042">
            <failure message="expected true to be false // Object.is equality" type="AssertionError">
AssertionError: expected true to be false // Object.is equality

- Expected
+ Received

- false
+ true

 ❯ src/everything.spec.ts:8:18
            </failure>
        </testcase>
        <testcase classname="src/everything.spec.ts" name="describe 47 &gt; example test 38" time="0.000016334">
        </testcase>
        <testcase classname="src/everything.spec.ts" name="describe 47 &gt; example test 39" time="0.0000625">
            <failure message="expected true to be false // Object.is equality" type="AssertionError">
AssertionError: expected true to be false // Object.is equality

- Expected
+ Received

- false
+ true

 ❯ src/everything.spec.ts:8:18
            </failure>
        </testcase>
        <testcase classname="src/everything.spec.ts" name="describe 47 &gt; example test 40" time="0.000015625">
        </testcase>
        <testcase classname="src/everything.spec.ts" name="describe 47 &gt; example test 41" time="0.000062459">
            <failure message="expected true to be false // Object.is equality" type="AssertionError">
AssertionError: expected true to be false // Object.is equality

- Expected
+ Received

- false
+ true

 ❯ src/everything.spec.ts:8:18
            </failure>
        </testcase>
        <testcase classname="src/everything.spec.ts" name="describe 47 &gt; example test 42" time="0.000015833">
        </testcase>
        <testcase classname="src/everything.spec.ts" name="describe 47 &gt; example test 43" time="0.000071666">
            <failure message="expected true to be false // Object.is equality" type="AssertionError">
AssertionError: expected true to be false // Object.is equality

- Expected
+ Received

- false
+ true

 ❯ src/everything.spec.ts:8:18
            </failure>
        </testcase>
        <testcase classname="src/everything.spec.ts" name="describe 47 &gt; example test 44" time="0.000015709">
        </testcase>
        <testcase classname="src/everything.spec.ts" name="describe 47 &gt; example test 45" time="0.000061208">
            <failure message="expected true to be false // Object.is equality" type="AssertionError">
AssertionError: expected true to be false // Object.is equality

- Expected
+ Received

- false
+ true

 ❯ src/everything.spec.ts:8:18
            </failure>
        </testcase>
        <testcase classname="src/everything.spec.ts" name="describe 47 &gt; example test 46" time="0.0000155">
        </testcase>
        <testcase classname="src/everything.spec.ts" name="describe 47 &gt; example test 47" time="0.000063542">
            <failure message="expected true to be false // Object.is equality" type="AssertionError">
AssertionError: expected true to be false // Object.is equality

- Expected
+ Received

- false
+ true

 ❯ src/everything.spec.ts:8:18
            </failure>
        </testcase>
        <testcase classname="src/everything.spec.ts" name="describe 47 &gt; example test 48" time="0.00001575">
        </testcase>
        <testcase classname="src/everything.spec.ts" name="describe 47 &gt; example test 49" time="0.000065459">
            <failure message="expected true to be false // Object.is equality" type="AssertionError">
AssertionError: expected true to be false // Object.is equality

- Expected
+ Received

- false
+ true

 ❯ src/everything.spec.ts:8:18
            </failure>
        </testcase>
        <testcase classname="src/everything.spec.ts" name="describe 47 &gt; example test 50" time="0.000016667">
        </testcase>
        <testcase classname="src/everything.spec.ts" name="describe 47 &gt; example test 51" time="0.000069667">
            <failure message="expected true to be false // Object.is equality" type="AssertionError">
AssertionError: expected true to be false // Object.is equality

- Expected
+ Received

- false
+ true

 ❯ src/everything.spec.ts:8:18
            </failure>
        </testcase>
        <testcase classname="src/everything.spec.ts" name="describe 47 &gt; example test 52" time="0.000015416">
        </testcase>
        <testcase classname="src/everything.spec.ts" name="describe 47 &gt; example test 53" time="0.0000625">
            <failure message="expected true to be false // Object.is equality" type="AssertionError">
AssertionError: expected true to be false // Object.is equality

- Expected
+ Received

- false
+ true

 ❯ src/everything.spec.ts:8:18
            </failure>
        </testcase>
        <testcase classname="src/everything.spec.ts" name="describe 47 &gt; example test 54" time="0.000015667">
        </testcase>
        <testcase classname="src/everything.spec.ts" name="describe 47 &gt; example test 55" time="0.000061458">
            <failure message="expected true to be false // Object.is equality" type="AssertionError">
AssertionError: expected true to be false // Object.is equality

- Expected
+ Received

- false
+ true

 ❯ src/everything.spec.ts:8:18
            </failure>
        </testcase>
        <testcase classname="src/everything.spec.ts" name="describe 47 &gt; example test 56" time="0.0000145">
        </testcase>
        <testcase classname="src/everything.spec.ts" name="describe 47 &gt; example test 57" time="0.000060458">
            <failure message="expected true to be false // Object.is equality" type="AssertionError">
AssertionError: expected true to be false // Object.is equality

- Expected
+ Received

- false
+ true

 ❯ src/everything.spec.ts:8:18
            </failure>
        </testcase>
        <testcase classname="src/everything.spec.ts" name="describe 47 &gt; example test 58" time="0.000015209">
        </testcase>
        <testcase classname="src/everything.spec.ts" name="describe 47 &gt; example test 59" time="0.000061">
            <failure message="expected true to be false // Object.is equality" type="AssertionError">
AssertionError: expected true to be false // Object.is equality

- Expected
+ Received

- false
+ true

 ❯ src/everything.spec.ts:8:18
            </failure>
        </testcase>
        <testcase classname="src/everything.spec.ts" name="describe 47 &gt; example test 60" time="0.000015">
        </testcase>
        <testcase classname="src/everything.spec.ts" name="describe 47 &gt; example test 61" time="0.000060709">
            <failure message="expected true to be false // Object.is equality" type="AssertionError">
AssertionError: expected true to be false // Object.is equality

- Expected
+ Received

- false
+ true

 ❯ src/everything.spec.ts:8:18
            </failure>
        </testcase>
        <testcase classname="src/everything.spec.ts" name="describe 47 &gt; example test 62" time="0.000015458">
        </testcase>
        <testcase classname="src/everything.spec.ts" name="describe 47 &gt; example test 63" time="0.000060833">
            <failure message="expected true to be false // Object.is equality" type="AssertionError">
AssertionError: expected true to be false // Object.is equality

- Expected
+ Received

- false
+ true

 ❯ src/everything.spec.ts:8:18
            </failure>
        </testcase>
        <testcase classname="src/everything.spec.ts" name="describe 47 &gt; example test 64" time="0.000014958">
        </testcase>
        <testcase classname="src/everything.spec.ts" name="describe 47 &gt; example test 65" time="0.000060792">
            <failure message="expected true to be false // Object.is equality" type="AssertionError">
AssertionError: expected true to be false // Object.is equality

- Expected
+ Received

- false
+ true

 ❯ src/everything.spec.ts:8:18
            </failure>
        </testcase>
        <testcase classname="src/everything.spec.ts" name="describe 47 &gt; example test 66" time="0.0000155">
        </testcase>
        <testcase classname="src/everything.spec.ts" name="describe 47 &gt; example test 67" time="0.000061791">
            <failure message="expected true to be false // Object.is equality" type="AssertionError">
AssertionError: expected true to be false // Object.is equality

- Expected
+ Received

- false
+ true

 ❯ src/everything.spec.ts:8:18
            </failure>
        </testcase>
        <testcase classname="src/everything.spec.ts" name="describe 47 &gt; example test 68" time="0.000015458">
        </testcase>
        <testcase classname="src/everything.spec.ts" name="describe 47 &gt; example test 69" time="0.000061041">
            <failure message="expected true to be false // Object.is equality" type="AssertionError">
AssertionError: expected true to be false // Object.is equality

- Expected
+ Received

- false
+ true

 ❯ src/everything.spec.ts:8:18
            </failure>
        </testcase>
        <testcase classname="src/everything.spec.ts" name="describe 47 &gt; example test 70" time="0.000015083">
        </testcase>
        <testcase classname="src/everything.spec.ts" name="describe 47 &gt; example test 71" time="0.000068125">
            <failure message="expected true to be false // Object.is equality" type="AssertionError">
AssertionError: expected true to be false // Object.is equality

- Expected
+ Received

- false
+ true

 ❯ src/everything.spec.ts:8:18
            </failure>
        </testcase>
        <testcase classname="src/everything.spec.ts" name="describe 47 &gt; example test 72" time="0.000015459">
        </testcase>
        <testcase classname="src/everything.spec.ts" name="describe 47 &gt; example test 73" time="0.000100125">
            <failure message="expected true to be false // Object.is equality" type="AssertionError">
AssertionError: expected true to be false // Object.is equality

- Expected
+ Received

- false
+ true

 ❯ src/everything.spec.ts:8:18
            </failure>
        </testcase>
        <testcase classname="src/everything.spec.ts" name="describe 47 &gt; example test 74" time="0.000016709">
        </testcase>
        <testcase classname="src/everything.spec.ts" name="describe 47 &gt; example test 75" time="0.000062333">
            <failure message="expected true to be false // Object.is equality" type="AssertionError">
AssertionError: expected true to be false // Object.is equality

- Expected
+ Received

- false
+ true

 ❯ src/everything.spec.ts:8:18
            </failure>
        </testcase>
        <testcase classname="src/everything.spec.ts" name="describe 47 &gt; example test 76" time="0.000015458">
        </testcase>
        <testcase classname="src/everything.spec.ts" name="describe 47 &gt; example test 77" time="0.000061667">
            <failure message="expected true to be false // Object.is equality" type="AssertionError">
AssertionError: expected true to be false // Object.is equality

- Expected
+ Received

- false
+ true

 ❯ src/everything.spec.ts:8:18
            </failure>
        </testcase>
        <testcase classname="src/everything.spec.ts" name="describe 47 &gt; example test 78" time="0.000015875">
        </testcase>
        <testcase classname="src/everything.spec.ts" name="describe 47 &gt; example test 79" time="0.00008025">
            <failure message="expected true to be false // Object.is equality" type="AssertionError">
AssertionError: expected true to be false // Object.is equality

- Expected
+ Received

- false
+ true

 ❯ src/everything.spec.ts:8:18
            </failure>
        </testcase>
        <testcase classname="src/everything.spec.ts" name="describe 47 &gt; example test 80" time="0.000014416">
        </testcase>
        <testcase classname="src/everything.spec.ts" name="describe 47 &gt; example test 81" time="0.00012875">
            <failure message="expected true to be false // Object.is equality" type="AssertionError">
AssertionError: expected true to be false // Object.is equality

- Expected
+ Received

- false
+ true

 ❯ src/everything.spec.ts:8:18
            </failure>
        </testcase>
        <testcase classname="src/everything.spec.ts" name="describe 47 &gt; example test 82" time="0.000043708">
        </testcase>
        <testcase classname="src/everything.spec.ts" name="describe 47 &gt; example test 83" time="0.000134708">
            <failure message="expected true to be false // Object.is equality" type="AssertionError">
AssertionError: expected true to be false // Object.is equality

- Expected
+ Received

- false
+ true

 ❯ src/everything.spec.ts:8:18
            </failure>
        </testcase>
        <testcase classname="src/everything.spec.ts" name="describe 47 &gt; example test 84" time="0.000020666">
        </testcase>
        <testcase classname="src/everything.spec.ts" name="describe 47 &gt; example test 85" time="0.000076042">
            <failure message="expected true to be false // Object.is equality" type="AssertionError">
AssertionError: expected true to be false // Object.is equality

- Expected
+ Received

- false
+ true

 ❯ src/everything.spec.ts:8:18
            </failure>
        </testcase>
        <testcase classname="src/everything.spec.ts" name="describe 47 &gt; example test 86" time="0.000017625">
        </testcase>
        <testcase classname="src/everything.spec.ts" name="describe 47 &gt; example test 87" time="0.000069584">
            <failure message="expected true to be false // Object.is equality" type="AssertionError">
AssertionError: expected true to be false // Object.is equality

- Expected
+ Received

- false
+ true

 ❯ src/everything.spec.ts:8:18
            </failure>
        </testcase>
        <testcase classname="src/everything.spec.ts" name="describe 47 &gt; example test 88" time="0.000045833">
        </testcase>
        <testcase classname="src/everything.spec.ts" name="describe 47 &gt; example test 89" time="0.00008025">
            <failure message="expected true to be false // Object.is equality" type="AssertionError">
AssertionError: expected true to be false // Object.is equality

- Expected
+ Received

- false
+ true

 ❯ src/everything.spec.ts:8:18
            </failure>
        </testcase>
        <testcase classname="src/everything.spec.ts" name="describe 47 &gt; example test 90" time="0.00001625">
        </testcase>
        <testcase classname="src/everything.spec.ts" name="describe 47 &gt; example test 91" time="0.000067333">
            <failure message="expected true to be false // Object.is equality" type="AssertionError">
AssertionError: expected true to be false // Object.is equality

- Expected
+ Received

- false
+ true

 ❯ src/everything.spec.ts:8:18
            </failure>
        </testcase>
        <testcase classname="src/everything.spec.ts" name="describe 47 &gt; example test 92" time="0.000018459">
        </testcase>
        <testcase classname="src/everything.spec.ts" name="describe 47 &gt; example test 93" time="0.00007175">
            <failure message="expected true to be false // Object.is equality" type="AssertionError">
AssertionError: expected true to be false // Object.is equality

- Expected
+ Received

- false
+ true

 ❯ src/everything.spec.ts:8:18
            </failure>
        </testcase>
        <testcase classname="src/everything.spec.ts" name="describe 47 &gt; example test 94" time="0.000016042">
        </testcase>
        <testcase classname="src/everything.spec.ts" name="describe 47 &gt; example test 95" time="0.00006675">
            <failure message="expected true to be false // Object.is equality" type="AssertionError">
AssertionError: expected true to be false // Object.is equality

- Expected
+ Received

- false
+ true

 ❯ src/everything.spec.ts:8:18
            </failure>
        </testcase>
        <testcase classname="src/everything.spec.ts" name="describe 47 &gt; example test 96" time="0.000016208">
        </testcase>
        <testcase classname="src/everything.spec.ts" name="describe 47 &gt; example test 97" time="0.000530625">
            <failure message="expected true to be false // Object.is equality" type="AssertionError">
AssertionError: expected true to be false // Object.is equality

- Expected
+ Received

- false
+ true

 ❯ src/everything.spec.ts:8:18
            </failure>
        </testcase>
        <testcase classname="src/everything.spec.ts" name="describe 47 &gt; example test 98" time="0.000019167">
        </testcase>
        <testcase classname="src/everything.spec.ts" name="describe 47 &gt; example test 99" time="0.000082333">
            <failure message="expected true to be false // Object.is equality" type="AssertionError">
AssertionError: expected true to be false // Object.is equality

- Expected
+ Received

- false
+ true

 ❯ src/everything.spec.ts:8:18
            </failure>
        </testcase>
        <testcase classname="src/everything.spec.ts" name="describe 47 &gt; example test 100" time="0.00001575">
        </testcase>
        <testcase classname="src/everything.spec.ts" name="describe 48 &gt; example test 1" time="0.000068708">
            <failure message="expected true to be false // Object.is equality" type="AssertionError">
AssertionError: expected true to be false // Object.is equality

- Expected
+ Received

- false
+ true

 ❯ src/everything.spec.ts:8:18
            </failure>
        </testcase>
        <testcase classname="src/everything.spec.ts" name="describe 48 &gt; example test 2" time="0.000016">
        </testcase>
        <testcase classname="src/everything.spec.ts" name="describe 48 &gt; example test 3" time="0.000066958">
            <failure message="expected true to be false // Object.is equality" type="AssertionError">
AssertionError: expected true to be false // Object.is equality

- Expected
+ Received

- false
+ true

 ❯ src/everything.spec.ts:8:18
            </failure>
        </testcase>
        <testcase classname="src/everything.spec.ts" name="describe 48 &gt; example test 4" time="0.000022792">
        </testcase>
        <testcase classname="src/everything.spec.ts" name="describe 48 &gt; example test 5" time="0.000120917">
            <failure message="expected true to be false // Object.is equality" type="AssertionError">
AssertionError: expected true to be false // Object.is equality

- Expected
+ Received

- false
+ true

 ❯ src/everything.spec.ts:8:18
            </failure>
        </testcase>
        <testcase classname="src/everything.spec.ts" name="describe 48 &gt; example test 6" time="0.000029042">
        </testcase>
        <testcase classname="src/everything.spec.ts" name="describe 48 &gt; example test 7" time="0.000088292">
            <failure message="expected true to be false // Object.is equality" type="AssertionError">
AssertionError: expected true to be false // Object.is equality

- Expected
+ Received

- false
+ true

 ❯ src/everything.spec.ts:8:18
            </failure>
        </testcase>
        <testcase classname="src/everything.spec.ts" name="describe 48 &gt; example test 8" time="0.000018625">
        </testcase>
        <testcase classname="src/everything.spec.ts" name="describe 48 &gt; example test 9" time="0.0000725">
            <failure message="expected true to be false // Object.is equality" type="AssertionError">
AssertionError: expected true to be false // Object.is equality

- Expected
+ Received

- false
+ true

 ❯ src/everything.spec.ts:8:18
            </failure>
        </testcase>
        <testcase classname="src/everything.spec.ts" name="describe 48 &gt; example test 10" time="0.000019">
        </testcase>
        <testcase classname="src/everything.spec.ts" name="describe 48 &gt; example test 11" time="0.000068709">
            <failure message="expected true to be false // Object.is equality" type="AssertionError">
AssertionError: expected true to be false // Object.is equality

- Expected
+ Received

- false
+ true

 ❯ src/everything.spec.ts:8:18
            </failure>
        </testcase>
        <testcase classname="src/everything.spec.ts" name="describe 48 &gt; example test 12" time="0.000016458">
        </testcase>
        <testcase classname="src/everything.spec.ts" name="describe 48 &gt; example test 13" time="0.000066291">
            <failure message="expected true to be false // Object.is equality" type="AssertionError">
AssertionError: expected true to be false // Object.is equality

- Expected
+ Received

- false
+ true

 ❯ src/everything.spec.ts:8:18
            </failure>
        </testcase>
        <testcase classname="src/everything.spec.ts" name="describe 48 &gt; example test 14" time="0.000015791">
        </testcase>
        <testcase classname="src/everything.spec.ts" name="describe 48 &gt; example test 15" time="0.000069209">
            <failure message="expected true to be false // Object.is equality" type="AssertionError">
AssertionError: expected true to be false // Object.is equality

- Expected
+ Received

- false
+ true

 ❯ src/everything.spec.ts:8:18
            </failure>
        </testcase>
        <testcase classname="src/everything.spec.ts" name="describe 48 &gt; example test 16" time="0.00001525">
        </testcase>
        <testcase classname="src/everything.spec.ts" name="describe 48 &gt; example test 17" time="0.000065708">
            <failure message="expected true to be false // Object.is equality" type="AssertionError">
AssertionError: expected true to be false // Object.is equality

- Expected
+ Received

- false
+ true

 ❯ src/everything.spec.ts:8:18
            </failure>
        </testcase>
        <testcase classname="src/everything.spec.ts" name="describe 48 &gt; example test 18" time="0.000123958">
        </testcase>
        <testcase classname="src/everything.spec.ts" name="describe 48 &gt; example test 19" time="0.000070417">
            <failure message="expected true to be false // Object.is equality" type="AssertionError">
AssertionError: expected true to be false // Object.is equality

- Expected
+ Received

- false
+ true

 ❯ src/everything.spec.ts:8:18
            </failure>
        </testcase>
        <testcase classname="src/everything.spec.ts" name="describe 48 &gt; example test 20" time="0.000016125">
        </testcase>
        <testcase classname="src/everything.spec.ts" name="describe 48 &gt; example test 21" time="0.000065875">
            <failure message="expected true to be false // Object.is equality" type="AssertionError">
AssertionError: expected true to be false // Object.is equality

- Expected
+ Received

- false
+ true

 ❯ src/everything.spec.ts:8:18
            </failure>
        </testcase>
        <testcase classname="src/everything.spec.ts" name="describe 48 &gt; example test 22" time="0.000018333">
        </testcase>
        <testcase classname="src/everything.spec.ts" name="describe 48 &gt; example test 23" time="0.000064916">
            <failure message="expected true to be false // Object.is equality" type="AssertionError">
AssertionError: expected true to be false // Object.is equality

- Expected
+ Received

- false
+ true

 ❯ src/everything.spec.ts:8:18
            </failure>
        </testcase>
        <testcase classname="src/everything.spec.ts" name="describe 48 &gt; example test 24" time="0.000021041">
        </testcase>
        <testcase classname="src/everything.spec.ts" name="describe 48 &gt; example test 25" time="0.000067042">
            <failure message="expected true to be false // Object.is equality" type="AssertionError">
AssertionError: expected true to be false // Object.is equality

- Expected
+ Received

- false
+ true

 ❯ src/everything.spec.ts:8:18
            </failure>
        </testcase>
        <testcase classname="src/everything.spec.ts" name="describe 48 &gt; example test 26" time="0.000016083">
        </testcase>
        <testcase classname="src/everything.spec.ts" name="describe 48 &gt; example test 27" time="0.000062584">
            <failure message="expected true to be false // Object.is equality" type="AssertionError">
AssertionError: expected true to be false // Object.is equality

- Expected
+ Received

- false
+ true

 ❯ src/everything.spec.ts:8:18
            </failure>
        </testcase>
        <testcase classname="src/everything.spec.ts" name="describe 48 &gt; example test 28" time="0.000015125">
        </testcase>
        <testcase classname="src/everything.spec.ts" name="describe 48 &gt; example test 29" time="0.000063">
            <failure message="expected true to be false // Object.is equality" type="AssertionError">
AssertionError: expected true to be false // Object.is equality

- Expected
+ Received

- false
+ true

 ❯ src/everything.spec.ts:8:18
            </failure>
        </testcase>
        <testcase classname="src/everything.spec.ts" name="describe 48 &gt; example test 30" time="0.000015334">
        </testcase>
        <testcase classname="src/everything.spec.ts" name="describe 48 &gt; example test 31" time="0.018833459">
            <failure message="expected true to be false // Object.is equality" type="AssertionError">
AssertionError: expected true to be false // Object.is equality

- Expected
+ Received

- false
+ true

 ❯ src/everything.spec.ts:8:18
            </failure>
        </testcase>
        <testcase classname="src/everything.spec.ts" name="describe 48 &gt; example test 32" time="0.000078875">
        </testcase>
        <testcase classname="src/everything.spec.ts" name="describe 48 &gt; example test 33" time="0.0001875">
            <failure message="expected true to be false // Object.is equality" type="AssertionError">
AssertionError: expected true to be false // Object.is equality

- Expected
+ Received

- false
+ true

 ❯ src/everything.spec.ts:8:18
            </failure>
        </testcase>
        <testcase classname="src/everything.spec.ts" name="describe 48 &gt; example test 34" time="0.000019625">
        </testcase>
        <testcase classname="src/everything.spec.ts" name="describe 48 &gt; example test 35" time="0.000076584">
            <failure message="expected true to be false // Object.is equality" type="AssertionError">
AssertionError: expected true to be false // Object.is equality

- Expected
+ Received

- false
+ true

 ❯ src/everything.spec.ts:8:18
            </failure>
        </testcase>
        <testcase classname="src/everything.spec.ts" name="describe 48 &gt; example test 36" time="0.000016875">
        </testcase>
        <testcase classname="src/everything.spec.ts" name="describe 48 &gt; example test 37" time="0.000070416">
            <failure message="expected true to be false // Object.is equality" type="AssertionError">
AssertionError: expected true to be false // Object.is equality

- Expected
+ Received

- false
+ true

 ❯ src/everything.spec.ts:8:18
            </failure>
        </testcase>
        <testcase classname="src/everything.spec.ts" name="describe 48 &gt; example test 38" time="0.000018958">
        </testcase>
        <testcase classname="src/everything.spec.ts" name="describe 48 &gt; example test 39" time="0.000066375">
            <failure message="expected true to be false // Object.is equality" type="AssertionError">
AssertionError: expected true to be false // Object.is equality

- Expected
+ Received

- false
+ true

 ❯ src/everything.spec.ts:8:18
            </failure>
        </testcase>
        <testcase classname="src/everything.spec.ts" name="describe 48 &gt; example test 40" time="0.000015333">
        </testcase>
        <testcase classname="src/everything.spec.ts" name="describe 48 &gt; example test 41" time="0.00006725">
            <failure message="expected true to be false // Object.is equality" type="AssertionError">
AssertionError: expected true to be false // Object.is equality

- Expected
+ Received

- false
+ true

 ❯ src/everything.spec.ts:8:18
            </failure>
        </testcase>
        <testcase classname="src/everything.spec.ts" name="describe 48 &gt; example test 42" time="0.000015084">
        </testcase>
        <testcase classname="src/everything.spec.ts" name="describe 48 &gt; example test 43" time="0.00007275">
            <failure message="expected true to be false // Object.is equality" type="AssertionError">
AssertionError: expected true to be false // Object.is equality

- Expected
+ Received

- false
+ true

 ❯ src/everything.spec.ts:8:18
            </failure>
        </testcase>
        <testcase classname="src/everything.spec.ts" name="describe 48 &gt; example test 44" time="0.000016458">
        </testcase>
        <testcase classname="src/everything.spec.ts" name="describe 48 &gt; example test 45" time="0.000066042">
            <failure message="expected true to be false // Object.is equality" type="AssertionError">
AssertionError: expected true to be false // Object.is equality

- Expected
+ Received

- false
+ true

 ❯ src/everything.spec.ts:8:18
            </failure>
        </testcase>
        <testcase classname="src/everything.spec.ts" name="describe 48 &gt; example test 46" time="0.000017666">
        </testcase>
        <testcase classname="src/everything.spec.ts" name="describe 48 &gt; example test 47" time="0.000067125">
            <failure message="expected true to be false // Object.is equality" type="AssertionError">
AssertionError: expected true to be false // Object.is equality

- Expected
+ Received

- false
+ true

 ❯ src/everything.spec.ts:8:18
            </failure>
        </testcase>
        <testcase classname="src/everything.spec.ts" name="describe 48 &gt; example test 48" time="0.000014666">
        </testcase>
        <testcase classname="src/everything.spec.ts" name="describe 48 &gt; example test 49" time="0.000064875">
            <failure message="expected true to be false // Object.is equality" type="AssertionError">
AssertionError: expected true to be false // Object.is equality

- Expected
+ Received

- false
+ true

 ❯ src/everything.spec.ts:8:18
            </failure>
        </testcase>
        <testcase classname="src/everything.spec.ts" name="describe 48 &gt; example test 50" time="0.000015291">
        </testcase>
        <testcase classname="src/everything.spec.ts" name="describe 48 &gt; example test 51" time="0.000062917">
            <failure message="expected true to be false // Object.is equality" type="AssertionError">
AssertionError: expected true to be false // Object.is equality

- Expected
+ Received

- false
+ true

 ❯ src/everything.spec.ts:8:18
            </failure>
        </testcase>
        <testcase classname="src/everything.spec.ts" name="describe 48 &gt; example test 52" time="0.000017541">
        </testcase>
        <testcase classname="src/everything.spec.ts" name="describe 48 &gt; example test 53" time="0.000068791">
            <failure message="expected true to be false // Object.is equality" type="AssertionError">
AssertionError: expected true to be false // Object.is equality

- Expected
+ Received

- false
+ true

 ❯ src/everything.spec.ts:8:18
            </failure>
        </testcase>
        <testcase classname="src/everything.spec.ts" name="describe 48 &gt; example test 54" time="0.000014667">
        </testcase>
        <testcase classname="src/everything.spec.ts" name="describe 48 &gt; example test 55" time="0.000063125">
            <failure message="expected true to be false // Object.is equality" type="AssertionError">
AssertionError: expected true to be false // Object.is equality

- Expected
+ Received

- false
+ true

 ❯ src/everything.spec.ts:8:18
            </failure>
        </testcase>
        <testcase classname="src/everything.spec.ts" name="describe 48 &gt; example test 56" time="0.000014917">
        </testcase>
        <testcase classname="src/everything.spec.ts" name="describe 48 &gt; example test 57" time="0.000068959">
            <failure message="expected true to be false // Object.is equality" type="AssertionError">
AssertionError: expected true to be false // Object.is equality

- Expected
+ Received

- false
+ true

 ❯ src/everything.spec.ts:8:18
            </failure>
        </testcase>
        <testcase classname="src/everything.spec.ts" name="describe 48 &gt; example test 58" time="0.0000155">
        </testcase>
        <testcase classname="src/everything.spec.ts" name="describe 48 &gt; example test 59" time="0.000062875">
            <failure message="expected true to be false // Object.is equality" type="AssertionError">
AssertionError: expected true to be false // Object.is equality

- Expected
+ Received

- false
+ true

 ❯ src/everything.spec.ts:8:18
            </failure>
        </testcase>
        <testcase classname="src/everything.spec.ts" name="describe 48 &gt; example test 60" time="0.00001475">
        </testcase>
        <testcase classname="src/everything.spec.ts" name="describe 48 &gt; example test 61" time="0.000063417">
            <failure message="expected true to be false // Object.is equality" type="AssertionError">
AssertionError: expected true to be false // Object.is equality

- Expected
+ Received

- false
+ true

 ❯ src/everything.spec.ts:8:18
            </failure>
        </testcase>
        <testcase classname="src/everything.spec.ts" name="describe 48 &gt; example test 62" time="0.000016333">
        </testcase>
        <testcase classname="src/everything.spec.ts" name="describe 48 &gt; example test 63" time="0.000068125">
            <failure message="expected true to be false // Object.is equality" type="AssertionError">
AssertionError: expected true to be false // Object.is equality

- Expected
+ Received

- false
+ true

 ❯ src/everything.spec.ts:8:18
            </failure>
        </testcase>
        <testcase classname="src/everything.spec.ts" name="describe 48 &gt; example test 64" time="0.000016">
        </testcase>
        <testcase classname="src/everything.spec.ts" name="describe 48 &gt; example test 65" time="0.000067667">
            <failure message="expected true to be false // Object.is equality" type="AssertionError">
AssertionError: expected true to be false // Object.is equality

- Expected
+ Received

- false
+ true

 ❯ src/everything.spec.ts:8:18
            </failure>
        </testcase>
        <testcase classname="src/everything.spec.ts" name="describe 48 &gt; example test 66" time="0.00001525">
        </testcase>
        <testcase classname="src/everything.spec.ts" name="describe 48 &gt; example test 67" time="0.000070708">
            <failure message="expected true to be false // Object.is equality" type="AssertionError">
AssertionError: expected true to be false // Object.is equality

- Expected
+ Received

- false
+ true

 ❯ src/everything.spec.ts:8:18
            </failure>
        </testcase>
        <testcase classname="src/everything.spec.ts" name="describe 48 &gt; example test 68" time="0.000016167">
        </testcase>
        <testcase classname="src/everything.spec.ts" name="describe 48 &gt; example test 69" time="0.000069083">
            <failure message="expected true to be false // Object.is equality" type="AssertionError">
AssertionError: expected true to be false // Object.is equality

- Expected
+ Received

- false
+ true

 ❯ src/everything.spec.ts:8:18
            </failure>
        </testcase>
        <testcase classname="src/everything.spec.ts" name="describe 48 &gt; example test 70" time="0.000016042">
        </testcase>
        <testcase classname="src/everything.spec.ts" name="describe 48 &gt; example test 71" time="0.00009425">
            <failure message="expected true to be false // Object.is equality" type="AssertionError">
AssertionError: expected true to be false // Object.is equality

- Expected
+ Received

- false
+ true

 ❯ src/everything.spec.ts:8:18
            </failure>
        </testcase>
        <testcase classname="src/everything.spec.ts" name="describe 48 &gt; example test 72" time="0.00002075">
        </testcase>
        <testcase classname="src/everything.spec.ts" name="describe 48 &gt; example test 73" time="0.000073541">
            <failure message="expected true to be false // Object.is equality" type="AssertionError">
AssertionError: expected true to be false // Object.is equality

- Expected
+ Received

- false
+ true

 ❯ src/everything.spec.ts:8:18
            </failure>
        </testcase>
        <testcase classname="src/everything.spec.ts" name="describe 48 &gt; example test 74" time="0.000017333">
        </testcase>
        <testcase classname="src/everything.spec.ts" name="describe 48 &gt; example test 75" time="0.000070459">
            <failure message="expected true to be false // Object.is equality" type="AssertionError">
AssertionError: expected true to be false // Object.is equality

- Expected
+ Received

- false
+ true

 ❯ src/everything.spec.ts:8:18
            </failure>
        </testcase>
        <testcase classname="src/everything.spec.ts" name="describe 48 &gt; example test 76" time="0.000016542">
        </testcase>
        <testcase classname="src/everything.spec.ts" name="describe 48 &gt; example test 77" time="0.000069084">
            <failure message="expected true to be false // Object.is equality" type="AssertionError">
AssertionError: expected true to be false // Object.is equality

- Expected
+ Received

- false
+ true

 ❯ src/everything.spec.ts:8:18
            </failure>
        </testcase>
        <testcase classname="src/everything.spec.ts" name="describe 48 &gt; example test 78" time="0.000016417">
        </testcase>
        <testcase classname="src/everything.spec.ts" name="describe 48 &gt; example test 79" time="0.000067166">
            <failure message="expected true to be false // Object.is equality" type="AssertionError">
AssertionError: expected true to be false // Object.is equality

- Expected
+ Received

- false
+ true

 ❯ src/everything.spec.ts:8:18
            </failure>
        </testcase>
        <testcase classname="src/everything.spec.ts" name="describe 48 &gt; example test 80" time="0.000018292">
        </testcase>
        <testcase classname="src/everything.spec.ts" name="describe 48 &gt; example test 81" time="0.000069667">
            <failure message="expected true to be false // Object.is equality" type="AssertionError">
AssertionError: expected true to be false // Object.is equality

- Expected
+ Received

- false
+ true

 ❯ src/everything.spec.ts:8:18
            </failure>
        </testcase>
        <testcase classname="src/everything.spec.ts" name="describe 48 &gt; example test 82" time="0.000015541">
        </testcase>
        <testcase classname="src/everything.spec.ts" name="describe 48 &gt; example test 83" time="0.000068833">
            <failure message="expected true to be false // Object.is equality" type="AssertionError">
AssertionError: expected true to be false // Object.is equality

- Expected
+ Received

- false
+ true

 ❯ src/everything.spec.ts:8:18
            </failure>
        </testcase>
        <testcase classname="src/everything.spec.ts" name="describe 48 &gt; example test 84" time="0.000015375">
        </testcase>
        <testcase classname="src/everything.spec.ts" name="describe 48 &gt; example test 85" time="0.000065417">
            <failure message="expected true to be false // Object.is equality" type="AssertionError">
AssertionError: expected true to be false // Object.is equality

- Expected
+ Received

- false
+ true

 ❯ src/everything.spec.ts:8:18
            </failure>
        </testcase>
        <testcase classname="src/everything.spec.ts" name="describe 48 &gt; example test 86" time="0.00001525">
        </testcase>
        <testcase classname="src/everything.spec.ts" name="describe 48 &gt; example test 87" time="0.00006725">
            <failure message="expected true to be false // Object.is equality" type="AssertionError">
AssertionError: expected true to be false // Object.is equality

- Expected
+ Received

- false
+ true

 ❯ src/everything.spec.ts:8:18
            </failure>
        </testcase>
        <testcase classname="src/everything.spec.ts" name="describe 48 &gt; example test 88" time="0.000015417">
        </testcase>
        <testcase classname="src/everything.spec.ts" name="describe 48 &gt; example test 89" time="0.00007625">
            <failure message="expected true to be false // Object.is equality" type="AssertionError">
AssertionError: expected true to be false // Object.is equality

- Expected
+ Received

- false
+ true

 ❯ src/everything.spec.ts:8:18
            </failure>
        </testcase>
        <testcase classname="src/everything.spec.ts" name="describe 48 &gt; example test 90" time="0.000015625">
        </testcase>
        <testcase classname="src/everything.spec.ts" name="describe 48 &gt; example test 91" time="0.000067917">
            <failure message="expected true to be false // Object.is equality" type="AssertionError">
AssertionError: expected true to be false // Object.is equality

- Expected
+ Received

- false
+ true

 ❯ src/everything.spec.ts:8:18
            </failure>
        </testcase>
        <testcase classname="src/everything.spec.ts" name="describe 48 &gt; example test 92" time="0.000015583">
        </testcase>
        <testcase classname="src/everything.spec.ts" name="describe 48 &gt; example test 93" time="0.000067417">
            <failure message="expected true to be false // Object.is equality" type="AssertionError">
AssertionError: expected true to be false // Object.is equality

- Expected
+ Received

- false
+ true

 ❯ src/everything.spec.ts:8:18
            </failure>
        </testcase>
        <testcase classname="src/everything.spec.ts" name="describe 48 &gt; example test 94" time="0.000015292">
        </testcase>
        <testcase classname="src/everything.spec.ts" name="describe 48 &gt; example test 95" time="0.000071292">
            <failure message="expected true to be false // Object.is equality" type="AssertionError">
AssertionError: expected true to be false // Object.is equality

- Expected
+ Received

- false
+ true

 ❯ src/everything.spec.ts:8:18
            </failure>
        </testcase>
        <testcase classname="src/everything.spec.ts" name="describe 48 &gt; example test 96" time="0.0000155">
        </testcase>
        <testcase classname="src/everything.spec.ts" name="describe 48 &gt; example test 97" time="0.0000675">
            <failure message="expected true to be false // Object.is equality" type="AssertionError">
AssertionError: expected true to be false // Object.is equality

- Expected
+ Received

- false
+ true

 ❯ src/everything.spec.ts:8:18
            </failure>
        </testcase>
        <testcase classname="src/everything.spec.ts" name="describe 48 &gt; example test 98" time="0.000015417">
        </testcase>
        <testcase classname="src/everything.spec.ts" name="describe 48 &gt; example test 99" time="0.000064084">
            <failure message="expected true to be false // Object.is equality" type="AssertionError">
AssertionError: expected true to be false // Object.is equality

- Expected
+ Received

- false
+ true

 ❯ src/everything.spec.ts:8:18
            </failure>
        </testcase>
        <testcase classname="src/everything.spec.ts" name="describe 48 &gt; example test 100" time="0.000015625">
        </testcase>
        <testcase classname="src/everything.spec.ts" name="describe 49 &gt; example test 1" time="0.000075291">
            <failure message="expected true to be false // Object.is equality" type="AssertionError">
AssertionError: expected true to be false // Object.is equality

- Expected
+ Received

- false
+ true

 ❯ src/everything.spec.ts:8:18
            </failure>
        </testcase>
        <testcase classname="src/everything.spec.ts" name="describe 49 &gt; example test 2" time="0.000015292">
        </testcase>
        <testcase classname="src/everything.spec.ts" name="describe 49 &gt; example test 3" time="0.000067917">
            <failure message="expected true to be false // Object.is equality" type="AssertionError">
AssertionError: expected true to be false // Object.is equality

- Expected
+ Received

- false
+ true

 ❯ src/everything.spec.ts:8:18
            </failure>
        </testcase>
        <testcase classname="src/everything.spec.ts" name="describe 49 &gt; example test 4" time="0.000016208">
        </testcase>
        <testcase classname="src/everything.spec.ts" name="describe 49 &gt; example test 5" time="0.000067333">
            <failure message="expected true to be false // Object.is equality" type="AssertionError">
AssertionError: expected true to be false // Object.is equality

- Expected
+ Received

- false
+ true

 ❯ src/everything.spec.ts:8:18
            </failure>
        </testcase>
        <testcase classname="src/everything.spec.ts" name="describe 49 &gt; example test 6" time="0.000016542">
        </testcase>
        <testcase classname="src/everything.spec.ts" name="describe 49 &gt; example test 7" time="0.000066">
            <failure message="expected true to be false // Object.is equality" type="AssertionError">
AssertionError: expected true to be false // Object.is equality

- Expected
+ Received

- false
+ true

 ❯ src/everything.spec.ts:8:18
            </failure>
        </testcase>
        <testcase classname="src/everything.spec.ts" name="describe 49 &gt; example test 8" time="0.000016209">
        </testcase>
        <testcase classname="src/everything.spec.ts" name="describe 49 &gt; example test 9" time="0.000070625">
            <failure message="expected true to be false // Object.is equality" type="AssertionError">
AssertionError: expected true to be false // Object.is equality

- Expected
+ Received

- false
+ true

 ❯ src/everything.spec.ts:8:18
            </failure>
        </testcase>
        <testcase classname="src/everything.spec.ts" name="describe 49 &gt; example test 10" time="0.000015125">
        </testcase>
        <testcase classname="src/everything.spec.ts" name="describe 49 &gt; example test 11" time="0.000068667">
            <failure message="expected true to be false // Object.is equality" type="AssertionError">
AssertionError: expected true to be false // Object.is equality

- Expected
+ Received

- false
+ true

 ❯ src/everything.spec.ts:8:18
            </failure>
        </testcase>
        <testcase classname="src/everything.spec.ts" name="describe 49 &gt; example test 12" time="0.000016042">
        </testcase>
        <testcase classname="src/everything.spec.ts" name="describe 49 &gt; example test 13" time="0.000066583">
            <failure message="expected true to be false // Object.is equality" type="AssertionError">
AssertionError: expected true to be false // Object.is equality

- Expected
+ Received

- false
+ true

 ❯ src/everything.spec.ts:8:18
            </failure>
        </testcase>
        <testcase classname="src/everything.spec.ts" name="describe 49 &gt; example test 14" time="0.000015583">
        </testcase>
        <testcase classname="src/everything.spec.ts" name="describe 49 &gt; example test 15" time="0.000067292">
            <failure message="expected true to be false // Object.is equality" type="AssertionError">
AssertionError: expected true to be false // Object.is equality

- Expected
+ Received

- false
+ true

 ❯ src/everything.spec.ts:8:18
            </failure>
        </testcase>
        <testcase classname="src/everything.spec.ts" name="describe 49 &gt; example test 16" time="0.000016125">
        </testcase>
        <testcase classname="src/everything.spec.ts" name="describe 49 &gt; example test 17" time="0.00006325">
            <failure message="expected true to be false // Object.is equality" type="AssertionError">
AssertionError: expected true to be false // Object.is equality

- Expected
+ Received

- false
+ true

 ❯ src/everything.spec.ts:8:18
            </failure>
        </testcase>
        <testcase classname="src/everything.spec.ts" name="describe 49 &gt; example test 18" time="0.00001525">
        </testcase>
        <testcase classname="src/everything.spec.ts" name="describe 49 &gt; example test 19" time="0.000065583">
            <failure message="expected true to be false // Object.is equality" type="AssertionError">
AssertionError: expected true to be false // Object.is equality

- Expected
+ Received

- false
+ true

 ❯ src/everything.spec.ts:8:18
            </failure>
        </testcase>
        <testcase classname="src/everything.spec.ts" name="describe 49 &gt; example test 20" time="0.000016209">
        </testcase>
        <testcase classname="src/everything.spec.ts" name="describe 49 &gt; example test 21" time="0.000063958">
            <failure message="expected true to be false // Object.is equality" type="AssertionError">
AssertionError: expected true to be false // Object.is equality

- Expected
+ Received

- false
+ true

 ❯ src/everything.spec.ts:8:18
            </failure>
        </testcase>
        <testcase classname="src/everything.spec.ts" name="describe 49 &gt; example test 22" time="0.000020917">
        </testcase>
        <testcase classname="src/everything.spec.ts" name="describe 49 &gt; example test 23" time="0.000069334">
            <failure message="expected true to be false // Object.is equality" type="AssertionError">
AssertionError: expected true to be false // Object.is equality

- Expected
+ Received

- false
+ true

 ❯ src/everything.spec.ts:8:18
            </failure>
        </testcase>
        <testcase classname="src/everything.spec.ts" name="describe 49 &gt; example test 24" time="0.000015542">
        </testcase>
        <testcase classname="src/everything.spec.ts" name="describe 49 &gt; example test 25" time="0.000067875">
            <failure message="expected true to be false // Object.is equality" type="AssertionError">
AssertionError: expected true to be false // Object.is equality

- Expected
+ Received

- false
+ true

 ❯ src/everything.spec.ts:8:18
            </failure>
        </testcase>
        <testcase classname="src/everything.spec.ts" name="describe 49 &gt; example test 26" time="0.000014709">
        </testcase>
        <testcase classname="src/everything.spec.ts" name="describe 49 &gt; example test 27" time="0.00006725">
            <failure message="expected true to be false // Object.is equality" type="AssertionError">
AssertionError: expected true to be false // Object.is equality

- Expected
+ Received

- false
+ true

 ❯ src/everything.spec.ts:8:18
            </failure>
        </testcase>
        <testcase classname="src/everything.spec.ts" name="describe 49 &gt; example test 28" time="0.000015041">
        </testcase>
        <testcase classname="src/everything.spec.ts" name="describe 49 &gt; example test 29" time="0.000065458">
            <failure message="expected true to be false // Object.is equality" type="AssertionError">
AssertionError: expected true to be false // Object.is equality

- Expected
+ Received

- false
+ true

 ❯ src/everything.spec.ts:8:18
            </failure>
        </testcase>
        <testcase classname="src/everything.spec.ts" name="describe 49 &gt; example test 30" time="0.000015">
        </testcase>
        <testcase classname="src/everything.spec.ts" name="describe 49 &gt; example test 31" time="0.0000665">
            <failure message="expected true to be false // Object.is equality" type="AssertionError">
AssertionError: expected true to be false // Object.is equality

- Expected
+ Received

- false
+ true

 ❯ src/everything.spec.ts:8:18
            </failure>
        </testcase>
        <testcase classname="src/everything.spec.ts" name="describe 49 &gt; example test 32" time="0.000015292">
        </testcase>
        <testcase classname="src/everything.spec.ts" name="describe 49 &gt; example test 33" time="0.000069708">
            <failure message="expected true to be false // Object.is equality" type="AssertionError">
AssertionError: expected true to be false // Object.is equality

- Expected
+ Received

- false
+ true

 ❯ src/everything.spec.ts:8:18
            </failure>
        </testcase>
        <testcase classname="src/everything.spec.ts" name="describe 49 &gt; example test 34" time="0.000017125">
        </testcase>
        <testcase classname="src/everything.spec.ts" name="describe 49 &gt; example test 35" time="0.00006875">
            <failure message="expected true to be false // Object.is equality" type="AssertionError">
AssertionError: expected true to be false // Object.is equality

- Expected
+ Received

- false
+ true

 ❯ src/everything.spec.ts:8:18
            </failure>
        </testcase>
        <testcase classname="src/everything.spec.ts" name="describe 49 &gt; example test 36" time="0.000016042">
        </testcase>
        <testcase classname="src/everything.spec.ts" name="describe 49 &gt; example test 37" time="0.000069834">
            <failure message="expected true to be false // Object.is equality" type="AssertionError">
AssertionError: expected true to be false // Object.is equality

- Expected
+ Received

- false
+ true

 ❯ src/everything.spec.ts:8:18
            </failure>
        </testcase>
        <testcase classname="src/everything.spec.ts" name="describe 49 &gt; example test 38" time="0.000016">
        </testcase>
        <testcase classname="src/everything.spec.ts" name="describe 49 &gt; example test 39" time="0.000074084">
            <failure message="expected true to be false // Object.is equality" type="AssertionError">
AssertionError: expected true to be false // Object.is equality

- Expected
+ Received

- false
+ true

 ❯ src/everything.spec.ts:8:18
            </failure>
        </testcase>
        <testcase classname="src/everything.spec.ts" name="describe 49 &gt; example test 40" time="0.000018458">
        </testcase>
        <testcase classname="src/everything.spec.ts" name="describe 49 &gt; example test 41" time="0.000066958">
            <failure message="expected true to be false // Object.is equality" type="AssertionError">
AssertionError: expected true to be false // Object.is equality

- Expected
+ Received

- false
+ true

 ❯ src/everything.spec.ts:8:18
            </failure>
        </testcase>
        <testcase classname="src/everything.spec.ts" name="describe 49 &gt; example test 42" time="0.00001525">
        </testcase>
        <testcase classname="src/everything.spec.ts" name="describe 49 &gt; example test 43" time="0.000068334">
            <failure message="expected true to be false // Object.is equality" type="AssertionError">
AssertionError: expected true to be false // Object.is equality

- Expected
+ Received

- false
+ true

 ❯ src/everything.spec.ts:8:18
            </failure>
        </testcase>
        <testcase classname="src/everything.spec.ts" name="describe 49 &gt; example test 44" time="0.000015542">
        </testcase>
        <testcase classname="src/everything.spec.ts" name="describe 49 &gt; example test 45" time="0.000068459">
            <failure message="expected true to be false // Object.is equality" type="AssertionError">
AssertionError: expected true to be false // Object.is equality

- Expected
+ Received

- false
+ true

 ❯ src/everything.spec.ts:8:18
            </failure>
        </testcase>
        <testcase classname="src/everything.spec.ts" name="describe 49 &gt; example test 46" time="0.000016917">
        </testcase>
        <testcase classname="src/everything.spec.ts" name="describe 49 &gt; example test 47" time="0.000069459">
            <failure message="expected true to be false // Object.is equality" type="AssertionError">
AssertionError: expected true to be false // Object.is equality

- Expected
+ Received

- false
+ true

 ❯ src/everything.spec.ts:8:18
            </failure>
        </testcase>
        <testcase classname="src/everything.spec.ts" name="describe 49 &gt; example test 48" time="0.000017416">
        </testcase>
        <testcase classname="src/everything.spec.ts" name="describe 49 &gt; example test 49" time="0.000062125">
            <failure message="expected true to be false // Object.is equality" type="AssertionError">
AssertionError: expected true to be false // Object.is equality

- Expected
+ Received

- false
+ true

 ❯ src/everything.spec.ts:8:18
            </failure>
        </testcase>
        <testcase classname="src/everything.spec.ts" name="describe 49 &gt; example test 50" time="0.000018">
        </testcase>
        <testcase classname="src/everything.spec.ts" name="describe 49 &gt; example test 51" time="0.000067167">
            <failure message="expected true to be false // Object.is equality" type="AssertionError">
AssertionError: expected true to be false // Object.is equality

- Expected
+ Received

- false
+ true

 ❯ src/everything.spec.ts:8:18
            </failure>
        </testcase>
        <testcase classname="src/everything.spec.ts" name="describe 49 &gt; example test 52" time="0.00001475">
        </testcase>
        <testcase classname="src/everything.spec.ts" name="describe 49 &gt; example test 53" time="0.000065917">
            <failure message="expected true to be false // Object.is equality" type="AssertionError">
AssertionError: expected true to be false // Object.is equality

- Expected
+ Received

- false
+ true

 ❯ src/everything.spec.ts:8:18
            </failure>
        </testcase>
        <testcase classname="src/everything.spec.ts" name="describe 49 &gt; example test 54" time="0.000016583">
        </testcase>
        <testcase classname="src/everything.spec.ts" name="describe 49 &gt; example test 55" time="0.000067917">
            <failure message="expected true to be false // Object.is equality" type="AssertionError">
AssertionError: expected true to be false // Object.is equality

- Expected
+ Received

- false
+ true

 ❯ src/everything.spec.ts:8:18
            </failure>
        </testcase>
        <testcase classname="src/everything.spec.ts" name="describe 49 &gt; example test 56" time="0.00001475">
        </testcase>
        <testcase classname="src/everything.spec.ts" name="describe 49 &gt; example test 57" time="0.000067916">
            <failure message="expected true to be false // Object.is equality" type="AssertionError">
AssertionError: expected true to be false // Object.is equality

- Expected
+ Received

- false
+ true

 ❯ src/everything.spec.ts:8:18
            </failure>
        </testcase>
        <testcase classname="src/everything.spec.ts" name="describe 49 &gt; example test 58" time="0.000014459">
        </testcase>
        <testcase classname="src/everything.spec.ts" name="describe 49 &gt; example test 59" time="0.000063791">
            <failure message="expected true to be false // Object.is equality" type="AssertionError">
AssertionError: expected true to be false // Object.is equality

- Expected
+ Received

- false
+ true

 ❯ src/everything.spec.ts:8:18
            </failure>
        </testcase>
        <testcase classname="src/everything.spec.ts" name="describe 49 &gt; example test 60" time="0.000014833">
        </testcase>
        <testcase classname="src/everything.spec.ts" name="describe 49 &gt; example test 61" time="0.000063625">
            <failure message="expected true to be false // Object.is equality" type="AssertionError">
AssertionError: expected true to be false // Object.is equality

- Expected
+ Received

- false
+ true

 ❯ src/everything.spec.ts:8:18
            </failure>
        </testcase>
        <testcase classname="src/everything.spec.ts" name="describe 49 &gt; example test 62" time="0.000014625">
        </testcase>
        <testcase classname="src/everything.spec.ts" name="describe 49 &gt; example test 63" time="0.000067167">
            <failure message="expected true to be false // Object.is equality" type="AssertionError">
AssertionError: expected true to be false // Object.is equality

- Expected
+ Received

- false
+ true

 ❯ src/everything.spec.ts:8:18
            </failure>
        </testcase>
        <testcase classname="src/everything.spec.ts" name="describe 49 &gt; example test 64" time="0.000015042">
        </testcase>
        <testcase classname="src/everything.spec.ts" name="describe 49 &gt; example test 65" time="0.00006525">
            <failure message="expected true to be false // Object.is equality" type="AssertionError">
AssertionError: expected true to be false // Object.is equality

- Expected
+ Received

- false
+ true

 ❯ src/everything.spec.ts:8:18
            </failure>
        </testcase>
        <testcase classname="src/everything.spec.ts" name="describe 49 &gt; example test 66" time="0.0000155">
        </testcase>
        <testcase classname="src/everything.spec.ts" name="describe 49 &gt; example test 67" time="0.000067042">
            <failure message="expected true to be false // Object.is equality" type="AssertionError">
AssertionError: expected true to be false // Object.is equality

- Expected
+ Received

- false
+ true

 ❯ src/everything.spec.ts:8:18
            </failure>
        </testcase>
        <testcase classname="src/everything.spec.ts" name="describe 49 &gt; example test 68" time="0.000014333">
        </testcase>
        <testcase classname="src/everything.spec.ts" name="describe 49 &gt; example test 69" time="0.000064375">
            <failure message="expected true to be false // Object.is equality" type="AssertionError">
AssertionError: expected true to be false // Object.is equality

- Expected
+ Received

- false
+ true

 ❯ src/everything.spec.ts:8:18
            </failure>
        </testcase>
        <testcase classname="src/everything.spec.ts" name="describe 49 &gt; example test 70" time="0.000015167">
        </testcase>
        <testcase classname="src/everything.spec.ts" name="describe 49 &gt; example test 71" time="0.000068208">
            <failure message="expected true to be false // Object.is equality" type="AssertionError">
AssertionError: expected true to be false // Object.is equality

- Expected
+ Received

- false
+ true

 ❯ src/everything.spec.ts:8:18
            </failure>
        </testcase>
        <testcase classname="src/everything.spec.ts" name="describe 49 &gt; example test 72" time="0.00001425">
        </testcase>
        <testcase classname="src/everything.spec.ts" name="describe 49 &gt; example test 73" time="0.000072375">
            <failure message="expected true to be false // Object.is equality" type="AssertionError">
AssertionError: expected true to be false // Object.is equality

- Expected
+ Received

- false
+ true

 ❯ src/everything.spec.ts:8:18
            </failure>
        </testcase>
        <testcase classname="src/everything.spec.ts" name="describe 49 &gt; example test 74" time="0.000017917">
        </testcase>
        <testcase classname="src/everything.spec.ts" name="describe 49 &gt; example test 75" time="0.0000695">
            <failure message="expected true to be false // Object.is equality" type="AssertionError">
AssertionError: expected true to be false // Object.is equality

- Expected
+ Received

- false
+ true

 ❯ src/everything.spec.ts:8:18
            </failure>
        </testcase>
        <testcase classname="src/everything.spec.ts" name="describe 49 &gt; example test 76" time="0.000018041">
        </testcase>
        <testcase classname="src/everything.spec.ts" name="describe 49 &gt; example test 77" time="0.000066292">
            <failure message="expected true to be false // Object.is equality" type="AssertionError">
AssertionError: expected true to be false // Object.is equality

- Expected
+ Received

- false
+ true

 ❯ src/everything.spec.ts:8:18
            </failure>
        </testcase>
        <testcase classname="src/everything.spec.ts" name="describe 49 &gt; example test 78" time="0.000017292">
        </testcase>
        <testcase classname="src/everything.spec.ts" name="describe 49 &gt; example test 79" time="0.000072667">
            <failure message="expected true to be false // Object.is equality" type="AssertionError">
AssertionError: expected true to be false // Object.is equality

- Expected
+ Received

- false
+ true

 ❯ src/everything.spec.ts:8:18
            </failure>
        </testcase>
        <testcase classname="src/everything.spec.ts" name="describe 49 &gt; example test 80" time="0.00006275">
        </testcase>
        <testcase classname="src/everything.spec.ts" name="describe 49 &gt; example test 81" time="0.000094">
            <failure message="expected true to be false // Object.is equality" type="AssertionError">
AssertionError: expected true to be false // Object.is equality

- Expected
+ Received

- false
+ true

 ❯ src/everything.spec.ts:8:18
            </failure>
        </testcase>
        <testcase classname="src/everything.spec.ts" name="describe 49 &gt; example test 82" time="0.000015625">
        </testcase>
        <testcase classname="src/everything.spec.ts" name="describe 49 &gt; example test 83" time="0.000070458">
            <failure message="expected true to be false // Object.is equality" type="AssertionError">
AssertionError: expected true to be false // Object.is equality

- Expected
+ Received

- false
+ true

 ❯ src/everything.spec.ts:8:18
            </failure>
        </testcase>
        <testcase classname="src/everything.spec.ts" name="describe 49 &gt; example test 84" time="0.000018084">
        </testcase>
        <testcase classname="src/everything.spec.ts" name="describe 49 &gt; example test 85" time="0.000065792">
            <failure message="expected true to be false // Object.is equality" type="AssertionError">
AssertionError: expected true to be false // Object.is equality

- Expected
+ Received

- false
+ true

 ❯ src/everything.spec.ts:8:18
            </failure>
        </testcase>
        <testcase classname="src/everything.spec.ts" name="describe 49 &gt; example test 86" time="0.000014917">
        </testcase>
        <testcase classname="src/everything.spec.ts" name="describe 49 &gt; example test 87" time="0.000065417">
            <failure message="expected true to be false // Object.is equality" type="AssertionError">
AssertionError: expected true to be false // Object.is equality

- Expected
+ Received

- false
+ true

 ❯ src/everything.spec.ts:8:18
            </failure>
        </testcase>
        <testcase classname="src/everything.spec.ts" name="describe 49 &gt; example test 88" time="0.00001525">
        </testcase>
        <testcase classname="src/everything.spec.ts" name="describe 49 &gt; example test 89" time="0.000062292">
            <failure message="expected true to be false // Object.is equality" type="AssertionError">
AssertionError: expected true to be false // Object.is equality

- Expected
+ Received

- false
+ true

 ❯ src/everything.spec.ts:8:18
            </failure>
        </testcase>
        <testcase classname="src/everything.spec.ts" name="describe 49 &gt; example test 90" time="0.000014875">
        </testcase>
        <testcase classname="src/everything.spec.ts" name="describe 49 &gt; example test 91" time="0.000063041">
            <failure message="expected true to be false // Object.is equality" type="AssertionError">
AssertionError: expected true to be false // Object.is equality

- Expected
+ Received

- false
+ true

 ❯ src/everything.spec.ts:8:18
            </failure>
        </testcase>
        <testcase classname="src/everything.spec.ts" name="describe 49 &gt; example test 92" time="0.000015167">
        </testcase>
        <testcase classname="src/everything.spec.ts" name="describe 49 &gt; example test 93" time="0.000067375">
            <failure message="expected true to be false // Object.is equality" type="AssertionError">
AssertionError: expected true to be false // Object.is equality

- Expected
+ Received

- false
+ true

 ❯ src/everything.spec.ts:8:18
            </failure>
        </testcase>
        <testcase classname="src/everything.spec.ts" name="describe 49 &gt; example test 94" time="0.000019042">
        </testcase>
        <testcase classname="src/everything.spec.ts" name="describe 49 &gt; example test 95" time="0.0000625">
            <failure message="expected true to be false // Object.is equality" type="AssertionError">
AssertionError: expected true to be false // Object.is equality

- Expected
+ Received

- false
+ true

 ❯ src/everything.spec.ts:8:18
            </failure>
        </testcase>
        <testcase classname="src/everything.spec.ts" name="describe 49 &gt; example test 96" time="0.00001475">
        </testcase>
        <testcase classname="src/everything.spec.ts" name="describe 49 &gt; example test 97" time="0.000064834">
            <failure message="expected true to be false // Object.is equality" type="AssertionError">
AssertionError: expected true to be false // Object.is equality

- Expected
+ Received

- false
+ true

 ❯ src/everything.spec.ts:8:18
            </failure>
        </testcase>
        <testcase classname="src/everything.spec.ts" name="describe 49 &gt; example test 98" time="0.00001525">
        </testcase>
        <testcase classname="src/everything.spec.ts" name="describe 49 &gt; example test 99" time="0.000062125">
            <failure message="expected true to be false // Object.is equality" type="AssertionError">
AssertionError: expected true to be false // Object.is equality

- Expected
+ Received

- false
+ true

 ❯ src/everything.spec.ts:8:18
            </failure>
        </testcase>
        <testcase classname="src/everything.spec.ts" name="describe 49 &gt; example test 100" time="0.000014791">
        </testcase>
        <testcase classname="src/everything.spec.ts" name="describe 50 &gt; example test 1" time="0.000064958">
            <failure message="expected true to be false // Object.is equality" type="AssertionError">
AssertionError: expected true to be false // Object.is equality

- Expected
+ Received

- false
+ true

 ❯ src/everything.spec.ts:8:18
            </failure>
        </testcase>
        <testcase classname="src/everything.spec.ts" name="describe 50 &gt; example test 2" time="0.00001625">
        </testcase>
        <testcase classname="src/everything.spec.ts" name="describe 50 &gt; example test 3" time="0.000063375">
            <failure message="expected true to be false // Object.is equality" type="AssertionError">
AssertionError: expected true to be false // Object.is equality

- Expected
+ Received

- false
+ true

 ❯ src/everything.spec.ts:8:18
            </failure>
        </testcase>
        <testcase classname="src/everything.spec.ts" name="describe 50 &gt; example test 4" time="0.000014583">
        </testcase>
        <testcase classname="src/everything.spec.ts" name="describe 50 &gt; example test 5" time="0.000061583">
            <failure message="expected true to be false // Object.is equality" type="AssertionError">
AssertionError: expected true to be false // Object.is equality

- Expected
+ Received

- false
+ true

 ❯ src/everything.spec.ts:8:18
            </failure>
        </testcase>
        <testcase classname="src/everything.spec.ts" name="describe 50 &gt; example test 6" time="0.000015459">
        </testcase>
        <testcase classname="src/everything.spec.ts" name="describe 50 &gt; example test 7" time="0.0000615">
            <failure message="expected true to be false // Object.is equality" type="AssertionError">
AssertionError: expected true to be false // Object.is equality

- Expected
+ Received

- false
+ true

 ❯ src/everything.spec.ts:8:18
            </failure>
        </testcase>
        <testcase classname="src/everything.spec.ts" name="describe 50 &gt; example test 8" time="0.000017625">
        </testcase>
        <testcase classname="src/everything.spec.ts" name="describe 50 &gt; example test 9" time="0.000064834">
            <failure message="expected true to be false // Object.is equality" type="AssertionError">
AssertionError: expected true to be false // Object.is equality

- Expected
+ Received

- false
+ true

 ❯ src/everything.spec.ts:8:18
            </failure>
        </testcase>
        <testcase classname="src/everything.spec.ts" name="describe 50 &gt; example test 10" time="0.00001525">
        </testcase>
        <testcase classname="src/everything.spec.ts" name="describe 50 &gt; example test 11" time="0.000061625">
            <failure message="expected true to be false // Object.is equality" type="AssertionError">
AssertionError: expected true to be false // Object.is equality

- Expected
+ Received

- false
+ true

 ❯ src/everything.spec.ts:8:18
            </failure>
        </testcase>
        <testcase classname="src/everything.spec.ts" name="describe 50 &gt; example test 12" time="0.000017709">
        </testcase>
        <testcase classname="src/everything.spec.ts" name="describe 50 &gt; example test 13" time="0.000061375">
            <failure message="expected true to be false // Object.is equality" type="AssertionError">
AssertionError: expected true to be false // Object.is equality

- Expected
+ Received

- false
+ true

 ❯ src/everything.spec.ts:8:18
            </failure>
        </testcase>
        <testcase classname="src/everything.spec.ts" name="describe 50 &gt; example test 14" time="0.000015584">
        </testcase>
        <testcase classname="src/everything.spec.ts" name="describe 50 &gt; example test 15" time="0.000061">
            <failure message="expected true to be false // Object.is equality" type="AssertionError">
AssertionError: expected true to be false // Object.is equality

- Expected
+ Received

- false
+ true

 ❯ src/everything.spec.ts:8:18
            </failure>
        </testcase>
        <testcase classname="src/everything.spec.ts" name="describe 50 &gt; example test 16" time="0.000014584">
        </testcase>
        <testcase classname="src/everything.spec.ts" name="describe 50 &gt; example test 17" time="0.000061625">
            <failure message="expected true to be false // Object.is equality" type="AssertionError">
AssertionError: expected true to be false // Object.is equality

- Expected
+ Received

- false
+ true

 ❯ src/everything.spec.ts:8:18
            </failure>
        </testcase>
        <testcase classname="src/everything.spec.ts" name="describe 50 &gt; example test 18" time="0.000014959">
        </testcase>
        <testcase classname="src/everything.spec.ts" name="describe 50 &gt; example test 19" time="0.000069459">
            <failure message="expected true to be false // Object.is equality" type="AssertionError">
AssertionError: expected true to be false // Object.is equality

- Expected
+ Received

- false
+ true

 ❯ src/everything.spec.ts:8:18
            </failure>
        </testcase>
        <testcase classname="src/everything.spec.ts" name="describe 50 &gt; example test 20" time="0.000014625">
        </testcase>
        <testcase classname="src/everything.spec.ts" name="describe 50 &gt; example test 21" time="0.000061875">
            <failure message="expected true to be false // Object.is equality" type="AssertionError">
AssertionError: expected true to be false // Object.is equality

- Expected
+ Received

- false
+ true

 ❯ src/everything.spec.ts:8:18
            </failure>
        </testcase>
        <testcase classname="src/everything.spec.ts" name="describe 50 &gt; example test 22" time="0.00001475">
        </testcase>
        <testcase classname="src/everything.spec.ts" name="describe 50 &gt; example test 23" time="0.000063583">
            <failure message="expected true to be false // Object.is equality" type="AssertionError">
AssertionError: expected true to be false // Object.is equality

- Expected
+ Received

- false
+ true

 ❯ src/everything.spec.ts:8:18
            </failure>
        </testcase>
        <testcase classname="src/everything.spec.ts" name="describe 50 &gt; example test 24" time="0.000014458">
        </testcase>
        <testcase classname="src/everything.spec.ts" name="describe 50 &gt; example test 25" time="0.000135041">
            <failure message="expected true to be false // Object.is equality" type="AssertionError">
AssertionError: expected true to be false // Object.is equality

- Expected
+ Received

- false
+ true

 ❯ src/everything.spec.ts:8:18
            </failure>
        </testcase>
        <testcase classname="src/everything.spec.ts" name="describe 50 &gt; example test 26" time="0.000032333">
        </testcase>
        <testcase classname="src/everything.spec.ts" name="describe 50 &gt; example test 27" time="0.000088917">
            <failure message="expected true to be false // Object.is equality" type="AssertionError">
AssertionError: expected true to be false // Object.is equality

- Expected
+ Received

- false
+ true

 ❯ src/everything.spec.ts:8:18
            </failure>
        </testcase>
        <testcase classname="src/everything.spec.ts" name="describe 50 &gt; example test 28" time="0.00001925">
        </testcase>
        <testcase classname="src/everything.spec.ts" name="describe 50 &gt; example test 29" time="0.000070792">
            <failure message="expected true to be false // Object.is equality" type="AssertionError">
AssertionError: expected true to be false // Object.is equality

- Expected
+ Received

- false
+ true

 ❯ src/everything.spec.ts:8:18
            </failure>
        </testcase>
        <testcase classname="src/everything.spec.ts" name="describe 50 &gt; example test 30" time="0.000018625">
        </testcase>
        <testcase classname="src/everything.spec.ts" name="describe 50 &gt; example test 31" time="0.000070166">
            <failure message="expected true to be false // Object.is equality" type="AssertionError">
AssertionError: expected true to be false // Object.is equality

- Expected
+ Received

- false
+ true

 ❯ src/everything.spec.ts:8:18
            </failure>
        </testcase>
        <testcase classname="src/everything.spec.ts" name="describe 50 &gt; example test 32" time="0.000015334">
        </testcase>
        <testcase classname="src/everything.spec.ts" name="describe 50 &gt; example test 33" time="0.000070375">
            <failure message="expected true to be false // Object.is equality" type="AssertionError">
AssertionError: expected true to be false // Object.is equality

- Expected
+ Received

- false
+ true

 ❯ src/everything.spec.ts:8:18
            </failure>
        </testcase>
        <testcase classname="src/everything.spec.ts" name="describe 50 &gt; example test 34" time="0.000014917">
        </testcase>
        <testcase classname="src/everything.spec.ts" name="describe 50 &gt; example test 35" time="0.000068042">
            <failure message="expected true to be false // Object.is equality" type="AssertionError">
AssertionError: expected true to be false // Object.is equality

- Expected
+ Received

- false
+ true

 ❯ src/everything.spec.ts:8:18
            </failure>
        </testcase>
        <testcase classname="src/everything.spec.ts" name="describe 50 &gt; example test 36" time="0.000017375">
        </testcase>
        <testcase classname="src/everything.spec.ts" name="describe 50 &gt; example test 37" time="0.000065333">
            <failure message="expected true to be false // Object.is equality" type="AssertionError">
AssertionError: expected true to be false // Object.is equality

- Expected
+ Received

- false
+ true

 ❯ src/everything.spec.ts:8:18
            </failure>
        </testcase>
        <testcase classname="src/everything.spec.ts" name="describe 50 &gt; example test 38" time="0.000015166">
        </testcase>
        <testcase classname="src/everything.spec.ts" name="describe 50 &gt; example test 39" time="0.000064209">
            <failure message="expected true to be false // Object.is equality" type="AssertionError">
AssertionError: expected true to be false // Object.is equality

- Expected
+ Received

- false
+ true

 ❯ src/everything.spec.ts:8:18
            </failure>
        </testcase>
        <testcase classname="src/everything.spec.ts" name="describe 50 &gt; example test 40" time="0.000014833">
        </testcase>
        <testcase classname="src/everything.spec.ts" name="describe 50 &gt; example test 41" time="0.000075166">
            <failure message="expected true to be false // Object.is equality" type="AssertionError">
AssertionError: expected true to be false // Object.is equality

- Expected
+ Received

- false
+ true

 ❯ src/everything.spec.ts:8:18
            </failure>
        </testcase>
        <testcase classname="src/everything.spec.ts" name="describe 50 &gt; example test 42" time="0.000015208">
        </testcase>
        <testcase classname="src/everything.spec.ts" name="describe 50 &gt; example test 43" time="0.000065459">
            <failure message="expected true to be false // Object.is equality" type="AssertionError">
AssertionError: expected true to be false // Object.is equality

- Expected
+ Received

- false
+ true

 ❯ src/everything.spec.ts:8:18
            </failure>
        </testcase>
        <testcase classname="src/everything.spec.ts" name="describe 50 &gt; example test 44" time="0.000017792">
        </testcase>
        <testcase classname="src/everything.spec.ts" name="describe 50 &gt; example test 45" time="0.000067583">
            <failure message="expected true to be false // Object.is equality" type="AssertionError">
AssertionError: expected true to be false // Object.is equality

- Expected
+ Received

- false
+ true

 ❯ src/everything.spec.ts:8:18
            </failure>
        </testcase>
        <testcase classname="src/everything.spec.ts" name="describe 50 &gt; example test 46" time="0.000014709">
        </testcase>
        <testcase classname="src/everything.spec.ts" name="describe 50 &gt; example test 47" time="0.0000675">
            <failure message="expected true to be false // Object.is equality" type="AssertionError">
AssertionError: expected true to be false // Object.is equality

- Expected
+ Received

- false
+ true

 ❯ src/everything.spec.ts:8:18
            </failure>
        </testcase>
        <testcase classname="src/everything.spec.ts" name="describe 50 &gt; example test 48" time="0.000015916">
        </testcase>
        <testcase classname="src/everything.spec.ts" name="describe 50 &gt; example test 49" time="0.000070042">
            <failure message="expected true to be false // Object.is equality" type="AssertionError">
AssertionError: expected true to be false // Object.is equality

- Expected
+ Received

- false
+ true

 ❯ src/everything.spec.ts:8:18
            </failure>
        </testcase>
        <testcase classname="src/everything.spec.ts" name="describe 50 &gt; example test 50" time="0.000014875">
        </testcase>
        <testcase classname="src/everything.spec.ts" name="describe 50 &gt; example test 51" time="0.000066292">
            <failure message="expected true to be false // Object.is equality" type="AssertionError">
AssertionError: expected true to be false // Object.is equality

- Expected
+ Received

- false
+ true

 ❯ src/everything.spec.ts:8:18
            </failure>
        </testcase>
        <testcase classname="src/everything.spec.ts" name="describe 50 &gt; example test 52" time="0.000017125">
        </testcase>
        <testcase classname="src/everything.spec.ts" name="describe 50 &gt; example test 53" time="0.000067875">
            <failure message="expected true to be false // Object.is equality" type="AssertionError">
AssertionError: expected true to be false // Object.is equality

- Expected
+ Received

- false
+ true

 ❯ src/everything.spec.ts:8:18
            </failure>
        </testcase>
        <testcase classname="src/everything.spec.ts" name="describe 50 &gt; example test 54" time="0.000018042">
        </testcase>
        <testcase classname="src/everything.spec.ts" name="describe 50 &gt; example test 55" time="0.000070333">
            <failure message="expected true to be false // Object.is equality" type="AssertionError">
AssertionError: expected true to be false // Object.is equality

- Expected
+ Received

- false
+ true

 ❯ src/everything.spec.ts:8:18
            </failure>
        </testcase>
        <testcase classname="src/everything.spec.ts" name="describe 50 &gt; example test 56" time="0.000017375">
        </testcase>
        <testcase classname="src/everything.spec.ts" name="describe 50 &gt; example test 57" time="0.000069417">
            <failure message="expected true to be false // Object.is equality" type="AssertionError">
AssertionError: expected true to be false // Object.is equality

- Expected
+ Received

- false
+ true

 ❯ src/everything.spec.ts:8:18
            </failure>
        </testcase>
        <testcase classname="src/everything.spec.ts" name="describe 50 &gt; example test 58" time="0.000017459">
        </testcase>
        <testcase classname="src/everything.spec.ts" name="describe 50 &gt; example test 59" time="0.000067125">
            <failure message="expected true to be false // Object.is equality" type="AssertionError">
AssertionError: expected true to be false // Object.is equality

- Expected
+ Received

- false
+ true

 ❯ src/everything.spec.ts:8:18
            </failure>
        </testcase>
        <testcase classname="src/everything.spec.ts" name="describe 50 &gt; example test 60" time="0.000018666">
        </testcase>
        <testcase classname="src/everything.spec.ts" name="describe 50 &gt; example test 61" time="0.000062916">
            <failure message="expected true to be false // Object.is equality" type="AssertionError">
AssertionError: expected true to be false // Object.is equality

- Expected
+ Received

- false
+ true

 ❯ src/everything.spec.ts:8:18
            </failure>
        </testcase>
        <testcase classname="src/everything.spec.ts" name="describe 50 &gt; example test 62" time="0.000014667">
        </testcase>
        <testcase classname="src/everything.spec.ts" name="describe 50 &gt; example test 63" time="0.000062041">
            <failure message="expected true to be false // Object.is equality" type="AssertionError">
AssertionError: expected true to be false // Object.is equality

- Expected
+ Received

- false
+ true

 ❯ src/everything.spec.ts:8:18
            </failure>
        </testcase>
        <testcase classname="src/everything.spec.ts" name="describe 50 &gt; example test 64" time="0.000014416">
        </testcase>
        <testcase classname="src/everything.spec.ts" name="describe 50 &gt; example test 65" time="0.000062791">
            <failure message="expected true to be false // Object.is equality" type="AssertionError">
AssertionError: expected true to be false // Object.is equality

- Expected
+ Received

- false
+ true

 ❯ src/everything.spec.ts:8:18
            </failure>
        </testcase>
        <testcase classname="src/everything.spec.ts" name="describe 50 &gt; example test 66" time="0.00001425">
        </testcase>
        <testcase classname="src/everything.spec.ts" name="describe 50 &gt; example test 67" time="0.000063667">
            <failure message="expected true to be false // Object.is equality" type="AssertionError">
AssertionError: expected true to be false // Object.is equality

- Expected
+ Received

- false
+ true

 ❯ src/everything.spec.ts:8:18
            </failure>
        </testcase>
        <testcase classname="src/everything.spec.ts" name="describe 50 &gt; example test 68" time="0.000015">
        </testcase>
        <testcase classname="src/everything.spec.ts" name="describe 50 &gt; example test 69" time="0.000064792">
            <failure message="expected true to be false // Object.is equality" type="AssertionError">
AssertionError: expected true to be false // Object.is equality

- Expected
+ Received

- false
+ true

 ❯ src/everything.spec.ts:8:18
            </failure>
        </testcase>
        <testcase classname="src/everything.spec.ts" name="describe 50 &gt; example test 70" time="0.000014333">
        </testcase>
        <testcase classname="src/everything.spec.ts" name="describe 50 &gt; example test 71" time="0.000064041">
            <failure message="expected true to be false // Object.is equality" type="AssertionError">
AssertionError: expected true to be false // Object.is equality

- Expected
+ Received

- false
+ true

 ❯ src/everything.spec.ts:8:18
            </failure>
        </testcase>
        <testcase classname="src/everything.spec.ts" name="describe 50 &gt; example test 72" time="0.000015625">
        </testcase>
        <testcase classname="src/everything.spec.ts" name="describe 50 &gt; example test 73" time="0.000062167">
            <failure message="expected true to be false // Object.is equality" type="AssertionError">
AssertionError: expected true to be false // Object.is equality

- Expected
+ Received

- false
+ true

 ❯ src/everything.spec.ts:8:18
            </failure>
        </testcase>
        <testcase classname="src/everything.spec.ts" name="describe 50 &gt; example test 74" time="0.000014708">
        </testcase>
        <testcase classname="src/everything.spec.ts" name="describe 50 &gt; example test 75" time="0.000061625">
            <failure message="expected true to be false // Object.is equality" type="AssertionError">
AssertionError: expected true to be false // Object.is equality

- Expected
+ Received

- false
+ true

 ❯ src/everything.spec.ts:8:18
            </failure>
        </testcase>
        <testcase classname="src/everything.spec.ts" name="describe 50 &gt; example test 76" time="0.000015833">
        </testcase>
        <testcase classname="src/everything.spec.ts" name="describe 50 &gt; example test 77" time="0.000673917">
            <failure message="expected true to be false // Object.is equality" type="AssertionError">
AssertionError: expected true to be false // Object.is equality

- Expected
+ Received

- false
+ true

 ❯ src/everything.spec.ts:8:18
            </failure>
        </testcase>
        <testcase classname="src/everything.spec.ts" name="describe 50 &gt; example test 78" time="0.000017">
        </testcase>
        <testcase classname="src/everything.spec.ts" name="describe 50 &gt; example test 79" time="0.000072708">
            <failure message="expected true to be false // Object.is equality" type="AssertionError">
AssertionError: expected true to be false // Object.is equality

- Expected
+ Received

- false
+ true

 ❯ src/everything.spec.ts:8:18
            </failure>
        </testcase>
        <testcase classname="src/everything.spec.ts" name="describe 50 &gt; example test 80" time="0.000015917">
        </testcase>
        <testcase classname="src/everything.spec.ts" name="describe 50 &gt; example test 81" time="0.000065916">
            <failure message="expected true to be false // Object.is equality" type="AssertionError">
AssertionError: expected true to be false // Object.is equality

- Expected
+ Received

- false
+ true

 ❯ src/everything.spec.ts:8:18
            </failure>
        </testcase>
        <testcase classname="src/everything.spec.ts" name="describe 50 &gt; example test 82" time="0.000017792">
        </testcase>
        <testcase classname="src/everything.spec.ts" name="describe 50 &gt; example test 83" time="0.00006625">
            <failure message="expected true to be false // Object.is equality" type="AssertionError">
AssertionError: expected true to be false // Object.is equality

- Expected
+ Received

- false
+ true

 ❯ src/everything.spec.ts:8:18
            </failure>
        </testcase>
        <testcase classname="src/everything.spec.ts" name="describe 50 &gt; example test 84" time="0.000025291">
        </testcase>
        <testcase classname="src/everything.spec.ts" name="describe 50 &gt; example test 85" time="0.000063084">
            <failure message="expected true to be false // Object.is equality" type="AssertionError">
AssertionError: expected true to be false // Object.is equality

- Expected
+ Received

- false
+ true

 ❯ src/everything.spec.ts:8:18
            </failure>
        </testcase>
        <testcase classname="src/everything.spec.ts" name="describe 50 &gt; example test 86" time="0.000016416">
        </testcase>
        <testcase classname="src/everything.spec.ts" name="describe 50 &gt; example test 87" time="0.000064584">
            <failure message="expected true to be false // Object.is equality" type="AssertionError">
AssertionError: expected true to be false // Object.is equality

- Expected
+ Received

- false
+ true

 ❯ src/everything.spec.ts:8:18
            </failure>
        </testcase>
        <testcase classname="src/everything.spec.ts" name="describe 50 &gt; example test 88" time="0.000014542">
        </testcase>
        <testcase classname="src/everything.spec.ts" name="describe 50 &gt; example test 89" time="0.000065334">
            <failure message="expected true to be false // Object.is equality" type="AssertionError">
AssertionError: expected true to be false // Object.is equality

- Expected
+ Received

- false
+ true

 ❯ src/everything.spec.ts:8:18
            </failure>
        </testcase>
        <testcase classname="src/everything.spec.ts" name="describe 50 &gt; example test 90" time="0.000015292">
        </testcase>
        <testcase classname="src/everything.spec.ts" name="describe 50 &gt; example test 91" time="0.000065167">
            <failure message="expected true to be false // Object.is equality" type="AssertionError">
AssertionError: expected true to be false // Object.is equality

- Expected
+ Received

- false
+ true

 ❯ src/everything.spec.ts:8:18
            </failure>
        </testcase>
        <testcase classname="src/everything.spec.ts" name="describe 50 &gt; example test 92" time="0.000016875">
        </testcase>
        <testcase classname="src/everything.spec.ts" name="describe 50 &gt; example test 93" time="0.000066583">
            <failure message="expected true to be false // Object.is equality" type="AssertionError">
AssertionError: expected true to be false // Object.is equality

- Expected
+ Received

- false
+ true

 ❯ src/everything.spec.ts:8:18
            </failure>
        </testcase>
        <testcase classname="src/everything.spec.ts" name="describe 50 &gt; example test 94" time="0.000016583">
        </testcase>
        <testcase classname="src/everything.spec.ts" name="describe 50 &gt; example test 95" time="0.000063458">
            <failure message="expected true to be false // Object.is equality" type="AssertionError">
AssertionError: expected true to be false // Object.is equality

- Expected
+ Received

- false
+ true

 ❯ src/everything.spec.ts:8:18
            </failure>
        </testcase>
        <testcase classname="src/everything.spec.ts" name="describe 50 &gt; example test 96" time="0.000018167">
        </testcase>
        <testcase classname="src/everything.spec.ts" name="describe 50 &gt; example test 97" time="0.000060958">
            <failure message="expected true to be false // Object.is equality" type="AssertionError">
AssertionError: expected true to be false // Object.is equality

- Expected
+ Received

- false
+ true

 ❯ src/everything.spec.ts:8:18
            </failure>
        </testcase>
        <testcase classname="src/everything.spec.ts" name="describe 50 &gt; example test 98" time="0.000016292">
        </testcase>
        <testcase classname="src/everything.spec.ts" name="describe 50 &gt; example test 99" time="0.00006125">
            <failure message="expected true to be false // Object.is equality" type="AssertionError">
AssertionError: expected true to be false // Object.is equality

- Expected
+ Received

- false
+ true

 ❯ src/everything.spec.ts:8:18
            </failure>
        </testcase>
        <testcase classname="src/everything.spec.ts" name="describe 50 &gt; example test 100" time="0.000017542">
        </testcase>
        <testcase classname="src/everything.spec.ts" name="describe 51 &gt; example test 1" time="0.000066292">
            <failure message="expected true to be false // Object.is equality" type="AssertionError">
AssertionError: expected true to be false // Object.is equality

- Expected
+ Received

- false
+ true

 ❯ src/everything.spec.ts:8:18
            </failure>
        </testcase>
        <testcase classname="src/everything.spec.ts" name="describe 51 &gt; example test 2" time="0.000015583">
        </testcase>
        <testcase classname="src/everything.spec.ts" name="describe 51 &gt; example test 3" time="0.00006575">
            <failure message="expected true to be false // Object.is equality" type="AssertionError">
AssertionError: expected true to be false // Object.is equality

- Expected
+ Received

- false
+ true

 ❯ src/everything.spec.ts:8:18
            </failure>
        </testcase>
        <testcase classname="src/everything.spec.ts" name="describe 51 &gt; example test 4" time="0.00001475">
        </testcase>
        <testcase classname="src/everything.spec.ts" name="describe 51 &gt; example test 5" time="0.000064">
            <failure message="expected true to be false // Object.is equality" type="AssertionError">
AssertionError: expected true to be false // Object.is equality

- Expected
+ Received

- false
+ true

 ❯ src/everything.spec.ts:8:18
            </failure>
        </testcase>
        <testcase classname="src/everything.spec.ts" name="describe 51 &gt; example test 6" time="0.000014792">
        </testcase>
        <testcase classname="src/everything.spec.ts" name="describe 51 &gt; example test 7" time="0.000061166">
            <failure message="expected true to be false // Object.is equality" type="AssertionError">
AssertionError: expected true to be false // Object.is equality

- Expected
+ Received

- false
+ true

 ❯ src/everything.spec.ts:8:18
            </failure>
        </testcase>
        <testcase classname="src/everything.spec.ts" name="describe 51 &gt; example test 8" time="0.000016583">
        </testcase>
        <testcase classname="src/everything.spec.ts" name="describe 51 &gt; example test 9" time="0.000062333">
            <failure message="expected true to be false // Object.is equality" type="AssertionError">
AssertionError: expected true to be false // Object.is equality

- Expected
+ Received

- false
+ true

 ❯ src/everything.spec.ts:8:18
            </failure>
        </testcase>
        <testcase classname="src/everything.spec.ts" name="describe 51 &gt; example test 10" time="0.000014333">
        </testcase>
        <testcase classname="src/everything.spec.ts" name="describe 51 &gt; example test 11" time="0.000064375">
            <failure message="expected true to be false // Object.is equality" type="AssertionError">
AssertionError: expected true to be false // Object.is equality

- Expected
+ Received

- false
+ true

 ❯ src/everything.spec.ts:8:18
            </failure>
        </testcase>
        <testcase classname="src/everything.spec.ts" name="describe 51 &gt; example test 12" time="0.000015333">
        </testcase>
        <testcase classname="src/everything.spec.ts" name="describe 51 &gt; example test 13" time="0.000062416">
            <failure message="expected true to be false // Object.is equality" type="AssertionError">
AssertionError: expected true to be false // Object.is equality

- Expected
+ Received

- false
+ true

 ❯ src/everything.spec.ts:8:18
            </failure>
        </testcase>
        <testcase classname="src/everything.spec.ts" name="describe 51 &gt; example test 14" time="0.0000145">
        </testcase>
        <testcase classname="src/everything.spec.ts" name="describe 51 &gt; example test 15" time="0.000071042">
            <failure message="expected true to be false // Object.is equality" type="AssertionError">
AssertionError: expected true to be false // Object.is equality

- Expected
+ Received

- false
+ true

 ❯ src/everything.spec.ts:8:18
            </failure>
        </testcase>
        <testcase classname="src/everything.spec.ts" name="describe 51 &gt; example test 16" time="0.000014834">
        </testcase>
        <testcase classname="src/everything.spec.ts" name="describe 51 &gt; example test 17" time="0.000069125">
            <failure message="expected true to be false // Object.is equality" type="AssertionError">
AssertionError: expected true to be false // Object.is equality

- Expected
+ Received

- false
+ true

 ❯ src/everything.spec.ts:8:18
            </failure>
        </testcase>
        <testcase classname="src/everything.spec.ts" name="describe 51 &gt; example test 18" time="0.000015125">
        </testcase>
        <testcase classname="src/everything.spec.ts" name="describe 51 &gt; example test 19" time="0.000070208">
            <failure message="expected true to be false // Object.is equality" type="AssertionError">
AssertionError: expected true to be false // Object.is equality

- Expected
+ Received

- false
+ true

 ❯ src/everything.spec.ts:8:18
            </failure>
        </testcase>
        <testcase classname="src/everything.spec.ts" name="describe 51 &gt; example test 20" time="0.0000145">
        </testcase>
        <testcase classname="src/everything.spec.ts" name="describe 51 &gt; example test 21" time="0.000066167">
            <failure message="expected true to be false // Object.is equality" type="AssertionError">
AssertionError: expected true to be false // Object.is equality

- Expected
+ Received

- false
+ true

 ❯ src/everything.spec.ts:8:18
            </failure>
        </testcase>
        <testcase classname="src/everything.spec.ts" name="describe 51 &gt; example test 22" time="0.000014292">
        </testcase>
        <testcase classname="src/everything.spec.ts" name="describe 51 &gt; example test 23" time="0.000064333">
            <failure message="expected true to be false // Object.is equality" type="AssertionError">
AssertionError: expected true to be false // Object.is equality

- Expected
+ Received

- false
+ true

 ❯ src/everything.spec.ts:8:18
            </failure>
        </testcase>
        <testcase classname="src/everything.spec.ts" name="describe 51 &gt; example test 24" time="0.000015375">
        </testcase>
        <testcase classname="src/everything.spec.ts" name="describe 51 &gt; example test 25" time="0.000065625">
            <failure message="expected true to be false // Object.is equality" type="AssertionError">
AssertionError: expected true to be false // Object.is equality

- Expected
+ Received

- false
+ true

 ❯ src/everything.spec.ts:8:18
            </failure>
        </testcase>
        <testcase classname="src/everything.spec.ts" name="describe 51 &gt; example test 26" time="0.000014417">
        </testcase>
        <testcase classname="src/everything.spec.ts" name="describe 51 &gt; example test 27" time="0.000063791">
            <failure message="expected true to be false // Object.is equality" type="AssertionError">
AssertionError: expected true to be false // Object.is equality

- Expected
+ Received

- false
+ true

 ❯ src/everything.spec.ts:8:18
            </failure>
        </testcase>
        <testcase classname="src/everything.spec.ts" name="describe 51 &gt; example test 28" time="0.000014583">
        </testcase>
        <testcase classname="src/everything.spec.ts" name="describe 51 &gt; example test 29" time="0.000070625">
            <failure message="expected true to be false // Object.is equality" type="AssertionError">
AssertionError: expected true to be false // Object.is equality

- Expected
+ Received

- false
+ true

 ❯ src/everything.spec.ts:8:18
            </failure>
        </testcase>
        <testcase classname="src/everything.spec.ts" name="describe 51 &gt; example test 30" time="0.000015125">
        </testcase>
        <testcase classname="src/everything.spec.ts" name="describe 51 &gt; example test 31" time="0.000067542">
            <failure message="expected true to be false // Object.is equality" type="AssertionError">
AssertionError: expected true to be false // Object.is equality

- Expected
+ Received

- false
+ true

 ❯ src/everything.spec.ts:8:18
            </failure>
        </testcase>
        <testcase classname="src/everything.spec.ts" name="describe 51 &gt; example test 32" time="0.000015833">
        </testcase>
        <testcase classname="src/everything.spec.ts" name="describe 51 &gt; example test 33" time="0.000061875">
            <failure message="expected true to be false // Object.is equality" type="AssertionError">
AssertionError: expected true to be false // Object.is equality

- Expected
+ Received

- false
+ true

 ❯ src/everything.spec.ts:8:18
            </failure>
        </testcase>
        <testcase classname="src/everything.spec.ts" name="describe 51 &gt; example test 34" time="0.00001475">
        </testcase>
        <testcase classname="src/everything.spec.ts" name="describe 51 &gt; example test 35" time="0.000061667">
            <failure message="expected true to be false // Object.is equality" type="AssertionError">
AssertionError: expected true to be false // Object.is equality

- Expected
+ Received

- false
+ true

 ❯ src/everything.spec.ts:8:18
            </failure>
        </testcase>
        <testcase classname="src/everything.spec.ts" name="describe 51 &gt; example test 36" time="0.000014625">
        </testcase>
        <testcase classname="src/everything.spec.ts" name="describe 51 &gt; example test 37" time="0.000061209">
            <failure message="expected true to be false // Object.is equality" type="AssertionError">
AssertionError: expected true to be false // Object.is equality

- Expected
+ Received

- false
+ true

 ❯ src/everything.spec.ts:8:18
            </failure>
        </testcase>
        <testcase classname="src/everything.spec.ts" name="describe 51 &gt; example test 38" time="0.000014375">
        </testcase>
        <testcase classname="src/everything.spec.ts" name="describe 51 &gt; example test 39" time="0.000064375">
            <failure message="expected true to be false // Object.is equality" type="AssertionError">
AssertionError: expected true to be false // Object.is equality

- Expected
+ Received

- false
+ true

 ❯ src/everything.spec.ts:8:18
            </failure>
        </testcase>
        <testcase classname="src/everything.spec.ts" name="describe 51 &gt; example test 40" time="0.0000215">
        </testcase>
        <testcase classname="src/everything.spec.ts" name="describe 51 &gt; example test 41" time="0.000061542">
            <failure message="expected true to be false // Object.is equality" type="AssertionError">
AssertionError: expected true to be false // Object.is equality

- Expected
+ Received

- false
+ true

 ❯ src/everything.spec.ts:8:18
            </failure>
        </testcase>
        <testcase classname="src/everything.spec.ts" name="describe 51 &gt; example test 42" time="0.000014584">
        </testcase>
        <testcase classname="src/everything.spec.ts" name="describe 51 &gt; example test 43" time="0.000061458">
            <failure message="expected true to be false // Object.is equality" type="AssertionError">
AssertionError: expected true to be false // Object.is equality

- Expected
+ Received

- false
+ true

 ❯ src/everything.spec.ts:8:18
            </failure>
        </testcase>
        <testcase classname="src/everything.spec.ts" name="describe 51 &gt; example test 44" time="0.000016917">
        </testcase>
        <testcase classname="src/everything.spec.ts" name="describe 51 &gt; example test 45" time="0.000064292">
            <failure message="expected true to be false // Object.is equality" type="AssertionError">
AssertionError: expected true to be false // Object.is equality

- Expected
+ Received

- false
+ true

 ❯ src/everything.spec.ts:8:18
            </failure>
        </testcase>
        <testcase classname="src/everything.spec.ts" name="describe 51 &gt; example test 46" time="0.00001775">
        </testcase>
        <testcase classname="src/everything.spec.ts" name="describe 51 &gt; example test 47" time="0.000063625">
            <failure message="expected true to be false // Object.is equality" type="AssertionError">
AssertionError: expected true to be false // Object.is equality

- Expected
+ Received

- false
+ true

 ❯ src/everything.spec.ts:8:18
            </failure>
        </testcase>
        <testcase classname="src/everything.spec.ts" name="describe 51 &gt; example test 48" time="0.000017167">
        </testcase>
        <testcase classname="src/everything.spec.ts" name="describe 51 &gt; example test 49" time="0.000063458">
            <failure message="expected true to be false // Object.is equality" type="AssertionError">
AssertionError: expected true to be false // Object.is equality

- Expected
+ Received

- false
+ true

 ❯ src/everything.spec.ts:8:18
            </failure>
        </testcase>
        <testcase classname="src/everything.spec.ts" name="describe 51 &gt; example test 50" time="0.000014708">
        </testcase>
        <testcase classname="src/everything.spec.ts" name="describe 51 &gt; example test 51" time="0.000065416">
            <failure message="expected true to be false // Object.is equality" type="AssertionError">
AssertionError: expected true to be false // Object.is equality

- Expected
+ Received

- false
+ true

 ❯ src/everything.spec.ts:8:18
            </failure>
        </testcase>
        <testcase classname="src/everything.spec.ts" name="describe 51 &gt; example test 52" time="0.00001625">
        </testcase>
        <testcase classname="src/everything.spec.ts" name="describe 51 &gt; example test 53" time="0.000064292">
            <failure message="expected true to be false // Object.is equality" type="AssertionError">
AssertionError: expected true to be false // Object.is equality

- Expected
+ Received

- false
+ true

 ❯ src/everything.spec.ts:8:18
            </failure>
        </testcase>
        <testcase classname="src/everything.spec.ts" name="describe 51 &gt; example test 54" time="0.000014708">
        </testcase>
        <testcase classname="src/everything.spec.ts" name="describe 51 &gt; example test 55" time="0.000061375">
            <failure message="expected true to be false // Object.is equality" type="AssertionError">
AssertionError: expected true to be false // Object.is equality

- Expected
+ Received

- false
+ true

 ❯ src/everything.spec.ts:8:18
            </failure>
        </testcase>
        <testcase classname="src/everything.spec.ts" name="describe 51 &gt; example test 56" time="0.000014334">
        </testcase>
        <testcase classname="src/everything.spec.ts" name="describe 51 &gt; example test 57" time="0.000062208">
            <failure message="expected true to be false // Object.is equality" type="AssertionError">
AssertionError: expected true to be false // Object.is equality

- Expected
+ Received

- false
+ true

 ❯ src/everything.spec.ts:8:18
            </failure>
        </testcase>
        <testcase classname="src/everything.spec.ts" name="describe 51 &gt; example test 58" time="0.000017834">
        </testcase>
        <testcase classname="src/everything.spec.ts" name="describe 51 &gt; example test 59" time="0.000063208">
            <failure message="expected true to be false // Object.is equality" type="AssertionError">
AssertionError: expected true to be false // Object.is equality

- Expected
+ Received

- false
+ true

 ❯ src/everything.spec.ts:8:18
            </failure>
        </testcase>
        <testcase classname="src/everything.spec.ts" name="describe 51 &gt; example test 60" time="0.0000145">
        </testcase>
        <testcase classname="src/everything.spec.ts" name="describe 51 &gt; example test 61" time="0.0000615">
            <failure message="expected true to be false // Object.is equality" type="AssertionError">
AssertionError: expected true to be false // Object.is equality

- Expected
+ Received

- false
+ true

 ❯ src/everything.spec.ts:8:18
            </failure>
        </testcase>
        <testcase classname="src/everything.spec.ts" name="describe 51 &gt; example test 62" time="0.000014958">
        </testcase>
        <testcase classname="src/everything.spec.ts" name="describe 51 &gt; example test 63" time="0.000062875">
            <failure message="expected true to be false // Object.is equality" type="AssertionError">
AssertionError: expected true to be false // Object.is equality

- Expected
+ Received

- false
+ true

 ❯ src/everything.spec.ts:8:18
            </failure>
        </testcase>
        <testcase classname="src/everything.spec.ts" name="describe 51 &gt; example test 64" time="0.000014666">
        </testcase>
        <testcase classname="src/everything.spec.ts" name="describe 51 &gt; example test 65" time="0.000064709">
            <failure message="expected true to be false // Object.is equality" type="AssertionError">
AssertionError: expected true to be false // Object.is equality

- Expected
+ Received

- false
+ true

 ❯ src/everything.spec.ts:8:18
            </failure>
        </testcase>
        <testcase classname="src/everything.spec.ts" name="describe 51 &gt; example test 66" time="0.000015041">
        </testcase>
        <testcase classname="src/everything.spec.ts" name="describe 51 &gt; example test 67" time="0.000061208">
            <failure message="expected true to be false // Object.is equality" type="AssertionError">
AssertionError: expected true to be false // Object.is equality

- Expected
+ Received

- false
+ true

 ❯ src/everything.spec.ts:8:18
            </failure>
        </testcase>
        <testcase classname="src/everything.spec.ts" name="describe 51 &gt; example test 68" time="0.000014375">
        </testcase>
        <testcase classname="src/everything.spec.ts" name="describe 51 &gt; example test 69" time="0.000062542">
            <failure message="expected true to be false // Object.is equality" type="AssertionError">
AssertionError: expected true to be false // Object.is equality

- Expected
+ Received

- false
+ true

 ❯ src/everything.spec.ts:8:18
            </failure>
        </testcase>
        <testcase classname="src/everything.spec.ts" name="describe 51 &gt; example test 70" time="0.0000145">
        </testcase>
        <testcase classname="src/everything.spec.ts" name="describe 51 &gt; example test 71" time="0.000060917">
            <failure message="expected true to be false // Object.is equality" type="AssertionError">
AssertionError: expected true to be false // Object.is equality

- Expected
+ Received

- false
+ true

 ❯ src/everything.spec.ts:8:18
            </failure>
        </testcase>
        <testcase classname="src/everything.spec.ts" name="describe 51 &gt; example test 72" time="0.000014125">
        </testcase>
        <testcase classname="src/everything.spec.ts" name="describe 51 &gt; example test 73" time="0.000063958">
            <failure message="expected true to be false // Object.is equality" type="AssertionError">
AssertionError: expected true to be false // Object.is equality

- Expected
+ Received

- false
+ true

 ❯ src/everything.spec.ts:8:18
            </failure>
        </testcase>
        <testcase classname="src/everything.spec.ts" name="describe 51 &gt; example test 74" time="0.000014625">
        </testcase>
        <testcase classname="src/everything.spec.ts" name="describe 51 &gt; example test 75" time="0.000060167">
            <failure message="expected true to be false // Object.is equality" type="AssertionError">
AssertionError: expected true to be false // Object.is equality

- Expected
+ Received

- false
+ true

 ❯ src/everything.spec.ts:8:18
            </failure>
        </testcase>
        <testcase classname="src/everything.spec.ts" name="describe 51 &gt; example test 76" time="0.000014792">
        </testcase>
        <testcase classname="src/everything.spec.ts" name="describe 51 &gt; example test 77" time="0.000063625">
            <failure message="expected true to be false // Object.is equality" type="AssertionError">
AssertionError: expected true to be false // Object.is equality

- Expected
+ Received

- false
+ true

 ❯ src/everything.spec.ts:8:18
            </failure>
        </testcase>
        <testcase classname="src/everything.spec.ts" name="describe 51 &gt; example test 78" time="0.0000175">
        </testcase>
        <testcase classname="src/everything.spec.ts" name="describe 51 &gt; example test 79" time="0.000064375">
            <failure message="expected true to be false // Object.is equality" type="AssertionError">
AssertionError: expected true to be false // Object.is equality

- Expected
+ Received

- false
+ true

 ❯ src/everything.spec.ts:8:18
            </failure>
        </testcase>
        <testcase classname="src/everything.spec.ts" name="describe 51 &gt; example test 80" time="0.0000205">
        </testcase>
        <testcase classname="src/everything.spec.ts" name="describe 51 &gt; example test 81" time="0.000061208">
            <failure message="expected true to be false // Object.is equality" type="AssertionError">
AssertionError: expected true to be false // Object.is equality

- Expected
+ Received

- false
+ true

 ❯ src/everything.spec.ts:8:18
            </failure>
        </testcase>
        <testcase classname="src/everything.spec.ts" name="describe 51 &gt; example test 82" time="0.000014417">
        </testcase>
        <testcase classname="src/everything.spec.ts" name="describe 51 &gt; example test 83" time="0.000067542">
            <failure message="expected true to be false // Object.is equality" type="AssertionError">
AssertionError: expected true to be false // Object.is equality

- Expected
+ Received

- false
+ true

 ❯ src/everything.spec.ts:8:18
            </failure>
        </testcase>
        <testcase classname="src/everything.spec.ts" name="describe 51 &gt; example test 84" time="0.000014584">
        </testcase>
        <testcase classname="src/everything.spec.ts" name="describe 51 &gt; example test 85" time="0.000061542">
            <failure message="expected true to be false // Object.is equality" type="AssertionError">
AssertionError: expected true to be false // Object.is equality

- Expected
+ Received

- false
+ true

 ❯ src/everything.spec.ts:8:18
            </failure>
        </testcase>
        <testcase classname="src/everything.spec.ts" name="describe 51 &gt; example test 86" time="0.0000145">
        </testcase>
        <testcase classname="src/everything.spec.ts" name="describe 51 &gt; example test 87" time="0.00006325">
            <failure message="expected true to be false // Object.is equality" type="AssertionError">
AssertionError: expected true to be false // Object.is equality

- Expected
+ Received

- false
+ true

 ❯ src/everything.spec.ts:8:18
            </failure>
        </testcase>
        <testcase classname="src/everything.spec.ts" name="describe 51 &gt; example test 88" time="0.00001525">
        </testcase>
        <testcase classname="src/everything.spec.ts" name="describe 51 &gt; example test 89" time="0.000061416">
            <failure message="expected true to be false // Object.is equality" type="AssertionError">
AssertionError: expected true to be false // Object.is equality

- Expected
+ Received

- false
+ true

 ❯ src/everything.spec.ts:8:18
            </failure>
        </testcase>
        <testcase classname="src/everything.spec.ts" name="describe 51 &gt; example test 90" time="0.000014417">
        </testcase>
        <testcase classname="src/everything.spec.ts" name="describe 51 &gt; example test 91" time="0.00006025">
            <failure message="expected true to be false // Object.is equality" type="AssertionError">
AssertionError: expected true to be false // Object.is equality

- Expected
+ Received

- false
+ true

 ❯ src/everything.spec.ts:8:18
            </failure>
        </testcase>
        <testcase classname="src/everything.spec.ts" name="describe 51 &gt; example test 92" time="0.00002175">
        </testcase>
        <testcase classname="src/everything.spec.ts" name="describe 51 &gt; example test 93" time="0.000060875">
            <failure message="expected true to be false // Object.is equality" type="AssertionError">
AssertionError: expected true to be false // Object.is equality

- Expected
+ Received

- false
+ true

 ❯ src/everything.spec.ts:8:18
            </failure>
        </testcase>
        <testcase classname="src/everything.spec.ts" name="describe 51 &gt; example test 94" time="0.000014041">
        </testcase>
        <testcase classname="src/everything.spec.ts" name="describe 51 &gt; example test 95" time="0.00006175">
            <failure message="expected true to be false // Object.is equality" type="AssertionError">
AssertionError: expected true to be false // Object.is equality

- Expected
+ Received

- false
+ true

 ❯ src/everything.spec.ts:8:18
            </failure>
        </testcase>
        <testcase classname="src/everything.spec.ts" name="describe 51 &gt; example test 96" time="0.000015334">
        </testcase>
        <testcase classname="src/everything.spec.ts" name="describe 51 &gt; example test 97" time="0.000060875">
            <failure message="expected true to be false // Object.is equality" type="AssertionError">
AssertionError: expected true to be false // Object.is equality

- Expected
+ Received

- false
+ true

 ❯ src/everything.spec.ts:8:18
            </failure>
        </testcase>
        <testcase classname="src/everything.spec.ts" name="describe 51 &gt; example test 98" time="0.000014375">
        </testcase>
        <testcase classname="src/everything.spec.ts" name="describe 51 &gt; example test 99" time="0.000075125">
            <failure message="expected true to be false // Object.is equality" type="AssertionError">
AssertionError: expected true to be false // Object.is equality

- Expected
+ Received

- false
+ true

 ❯ src/everything.spec.ts:8:18
            </failure>
        </testcase>
        <testcase classname="src/everything.spec.ts" name="describe 51 &gt; example test 100" time="0.000014708">
        </testcase>
        <testcase classname="src/everything.spec.ts" name="describe 52 &gt; example test 1" time="0.000064709">
            <failure message="expected true to be false // Object.is equality" type="AssertionError">
AssertionError: expected true to be false // Object.is equality

- Expected
+ Received

- false
+ true

 ❯ src/everything.spec.ts:8:18
            </failure>
        </testcase>
        <testcase classname="src/everything.spec.ts" name="describe 52 &gt; example test 2" time="0.000016208">
        </testcase>
        <testcase classname="src/everything.spec.ts" name="describe 52 &gt; example test 3" time="0.000064625">
            <failure message="expected true to be false // Object.is equality" type="AssertionError">
AssertionError: expected true to be false // Object.is equality

- Expected
+ Received

- false
+ true

 ❯ src/everything.spec.ts:8:18
            </failure>
        </testcase>
        <testcase classname="src/everything.spec.ts" name="describe 52 &gt; example test 4" time="0.000017042">
        </testcase>
        <testcase classname="src/everything.spec.ts" name="describe 52 &gt; example test 5" time="0.000066417">
            <failure message="expected true to be false // Object.is equality" type="AssertionError">
AssertionError: expected true to be false // Object.is equality

- Expected
+ Received

- false
+ true

 ❯ src/everything.spec.ts:8:18
            </failure>
        </testcase>
        <testcase classname="src/everything.spec.ts" name="describe 52 &gt; example test 6" time="0.00001475">
        </testcase>
        <testcase classname="src/everything.spec.ts" name="describe 52 &gt; example test 7" time="0.000067083">
            <failure message="expected true to be false // Object.is equality" type="AssertionError">
AssertionError: expected true to be false // Object.is equality

- Expected
+ Received

- false
+ true

 ❯ src/everything.spec.ts:8:18
            </failure>
        </testcase>
        <testcase classname="src/everything.spec.ts" name="describe 52 &gt; example test 8" time="0.0000145">
        </testcase>
        <testcase classname="src/everything.spec.ts" name="describe 52 &gt; example test 9" time="0.000064291">
            <failure message="expected true to be false // Object.is equality" type="AssertionError">
AssertionError: expected true to be false // Object.is equality

- Expected
+ Received

- false
+ true

 ❯ src/everything.spec.ts:8:18
            </failure>
        </testcase>
        <testcase classname="src/everything.spec.ts" name="describe 52 &gt; example test 10" time="0.000017167">
        </testcase>
        <testcase classname="src/everything.spec.ts" name="describe 52 &gt; example test 11" time="0.000063125">
            <failure message="expected true to be false // Object.is equality" type="AssertionError">
AssertionError: expected true to be false // Object.is equality

- Expected
+ Received

- false
+ true

 ❯ src/everything.spec.ts:8:18
            </failure>
        </testcase>
        <testcase classname="src/everything.spec.ts" name="describe 52 &gt; example test 12" time="0.0000145">
        </testcase>
        <testcase classname="src/everything.spec.ts" name="describe 52 &gt; example test 13" time="0.00006575">
            <failure message="expected true to be false // Object.is equality" type="AssertionError">
AssertionError: expected true to be false // Object.is equality

- Expected
+ Received

- false
+ true

 ❯ src/everything.spec.ts:8:18
            </failure>
        </testcase>
        <testcase classname="src/everything.spec.ts" name="describe 52 &gt; example test 14" time="0.000018833">
        </testcase>
        <testcase classname="src/everything.spec.ts" name="describe 52 &gt; example test 15" time="0.000063459">
            <failure message="expected true to be false // Object.is equality" type="AssertionError">
AssertionError: expected true to be false // Object.is equality

- Expected
+ Received

- false
+ true

 ❯ src/everything.spec.ts:8:18
            </failure>
        </testcase>
        <testcase classname="src/everything.spec.ts" name="describe 52 &gt; example test 16" time="0.000015958">
        </testcase>
        <testcase classname="src/everything.spec.ts" name="describe 52 &gt; example test 17" time="0.000061041">
            <failure message="expected true to be false // Object.is equality" type="AssertionError">
AssertionError: expected true to be false // Object.is equality

- Expected
+ Received

- false
+ true

 ❯ src/everything.spec.ts:8:18
            </failure>
        </testcase>
        <testcase classname="src/everything.spec.ts" name="describe 52 &gt; example test 18" time="0.000014292">
        </testcase>
        <testcase classname="src/everything.spec.ts" name="describe 52 &gt; example test 19" time="0.000063917">
            <failure message="expected true to be false // Object.is equality" type="AssertionError">
AssertionError: expected true to be false // Object.is equality

- Expected
+ Received

- false
+ true

 ❯ src/everything.spec.ts:8:18
            </failure>
        </testcase>
        <testcase classname="src/everything.spec.ts" name="describe 52 &gt; example test 20" time="0.00001775">
        </testcase>
        <testcase classname="src/everything.spec.ts" name="describe 52 &gt; example test 21" time="0.000060916">
            <failure message="expected true to be false // Object.is equality" type="AssertionError">
AssertionError: expected true to be false // Object.is equality

- Expected
+ Received

- false
+ true

 ❯ src/everything.spec.ts:8:18
            </failure>
        </testcase>
        <testcase classname="src/everything.spec.ts" name="describe 52 &gt; example test 22" time="0.000014667">
        </testcase>
        <testcase classname="src/everything.spec.ts" name="describe 52 &gt; example test 23" time="0.000061583">
            <failure message="expected true to be false // Object.is equality" type="AssertionError">
AssertionError: expected true to be false // Object.is equality

- Expected
+ Received

- false
+ true

 ❯ src/everything.spec.ts:8:18
            </failure>
        </testcase>
        <testcase classname="src/everything.spec.ts" name="describe 52 &gt; example test 24" time="0.000017416">
        </testcase>
        <testcase classname="src/everything.spec.ts" name="describe 52 &gt; example test 25" time="0.000060958">
            <failure message="expected true to be false // Object.is equality" type="AssertionError">
AssertionError: expected true to be false // Object.is equality

- Expected
+ Received

- false
+ true

 ❯ src/everything.spec.ts:8:18
            </failure>
        </testcase>
        <testcase classname="src/everything.spec.ts" name="describe 52 &gt; example test 26" time="0.000020417">
        </testcase>
        <testcase classname="src/everything.spec.ts" name="describe 52 &gt; example test 27" time="0.000061542">
            <failure message="expected true to be false // Object.is equality" type="AssertionError">
AssertionError: expected true to be false // Object.is equality

- Expected
+ Received

- false
+ true

 ❯ src/everything.spec.ts:8:18
            </failure>
        </testcase>
        <testcase classname="src/everything.spec.ts" name="describe 52 &gt; example test 28" time="0.000013584">
        </testcase>
        <testcase classname="src/everything.spec.ts" name="describe 52 &gt; example test 29" time="0.00006075">
            <failure message="expected true to be false // Object.is equality" type="AssertionError">
AssertionError: expected true to be false // Object.is equality

- Expected
+ Received

- false
+ true

 ❯ src/everything.spec.ts:8:18
            </failure>
        </testcase>
        <testcase classname="src/everything.spec.ts" name="describe 52 &gt; example test 30" time="0.000014292">
        </testcase>
        <testcase classname="src/everything.spec.ts" name="describe 52 &gt; example test 31" time="0.000062167">
            <failure message="expected true to be false // Object.is equality" type="AssertionError">
AssertionError: expected true to be false // Object.is equality

- Expected
+ Received

- false
+ true

 ❯ src/everything.spec.ts:8:18
            </failure>
        </testcase>
        <testcase classname="src/everything.spec.ts" name="describe 52 &gt; example test 32" time="0.000014417">
        </testcase>
        <testcase classname="src/everything.spec.ts" name="describe 52 &gt; example test 33" time="0.000063791">
            <failure message="expected true to be false // Object.is equality" type="AssertionError">
AssertionError: expected true to be false // Object.is equality

- Expected
+ Received

- false
+ true

 ❯ src/everything.spec.ts:8:18
            </failure>
        </testcase>
        <testcase classname="src/everything.spec.ts" name="describe 52 &gt; example test 34" time="0.000014667">
        </testcase>
        <testcase classname="src/everything.spec.ts" name="describe 52 &gt; example test 35" time="0.000066792">
            <failure message="expected true to be false // Object.is equality" type="AssertionError">
AssertionError: expected true to be false // Object.is equality

- Expected
+ Received

- false
+ true

 ❯ src/everything.spec.ts:8:18
            </failure>
        </testcase>
        <testcase classname="src/everything.spec.ts" name="describe 52 &gt; example test 36" time="0.000014458">
        </testcase>
        <testcase classname="src/everything.spec.ts" name="describe 52 &gt; example test 37" time="0.000063834">
            <failure message="expected true to be false // Object.is equality" type="AssertionError">
AssertionError: expected true to be false // Object.is equality

- Expected
+ Received

- false
+ true

 ❯ src/everything.spec.ts:8:18
            </failure>
        </testcase>
        <testcase classname="src/everything.spec.ts" name="describe 52 &gt; example test 38" time="0.000014458">
        </testcase>
        <testcase classname="src/everything.spec.ts" name="describe 52 &gt; example test 39" time="0.0000615">
            <failure message="expected true to be false // Object.is equality" type="AssertionError">
AssertionError: expected true to be false // Object.is equality

- Expected
+ Received

- false
+ true

 ❯ src/everything.spec.ts:8:18
            </failure>
        </testcase>
        <testcase classname="src/everything.spec.ts" name="describe 52 &gt; example test 40" time="0.000014417">
        </testcase>
        <testcase classname="src/everything.spec.ts" name="describe 52 &gt; example test 41" time="0.000063541">
            <failure message="expected true to be false // Object.is equality" type="AssertionError">
AssertionError: expected true to be false // Object.is equality

- Expected
+ Received

- false
+ true

 ❯ src/everything.spec.ts:8:18
            </failure>
        </testcase>
        <testcase classname="src/everything.spec.ts" name="describe 52 &gt; example test 42" time="0.000017167">
        </testcase>
        <testcase classname="src/everything.spec.ts" name="describe 52 &gt; example test 43" time="0.00006675">
            <failure message="expected true to be false // Object.is equality" type="AssertionError">
AssertionError: expected true to be false // Object.is equality

- Expected
+ Received

- false
+ true

 ❯ src/everything.spec.ts:8:18
            </failure>
        </testcase>
        <testcase classname="src/everything.spec.ts" name="describe 52 &gt; example test 44" time="0.000014417">
        </testcase>
        <testcase classname="src/everything.spec.ts" name="describe 52 &gt; example test 45" time="0.000062125">
            <failure message="expected true to be false // Object.is equality" type="AssertionError">
AssertionError: expected true to be false // Object.is equality

- Expected
+ Received

- false
+ true

 ❯ src/everything.spec.ts:8:18
            </failure>
        </testcase>
        <testcase classname="src/everything.spec.ts" name="describe 52 &gt; example test 46" time="0.00001475">
        </testcase>
        <testcase classname="src/everything.spec.ts" name="describe 52 &gt; example test 47" time="0.000068291">
            <failure message="expected true to be false // Object.is equality" type="AssertionError">
AssertionError: expected true to be false // Object.is equality

- Expected
+ Received

- false
+ true

 ❯ src/everything.spec.ts:8:18
            </failure>
        </testcase>
        <testcase classname="src/everything.spec.ts" name="describe 52 &gt; example test 48" time="0.000014417">
        </testcase>
        <testcase classname="src/everything.spec.ts" name="describe 52 &gt; example test 49" time="0.000061209">
            <failure message="expected true to be false // Object.is equality" type="AssertionError">
AssertionError: expected true to be false // Object.is equality

- Expected
+ Received

- false
+ true

 ❯ src/everything.spec.ts:8:18
            </failure>
        </testcase>
        <testcase classname="src/everything.spec.ts" name="describe 52 &gt; example test 50" time="0.000014458">
        </testcase>
        <testcase classname="src/everything.spec.ts" name="describe 52 &gt; example test 51" time="0.000061917">
            <failure message="expected true to be false // Object.is equality" type="AssertionError">
AssertionError: expected true to be false // Object.is equality

- Expected
+ Received

- false
+ true

 ❯ src/everything.spec.ts:8:18
            </failure>
        </testcase>
        <testcase classname="src/everything.spec.ts" name="describe 52 &gt; example test 52" time="0.000014334">
        </testcase>
        <testcase classname="src/everything.spec.ts" name="describe 52 &gt; example test 53" time="0.000064334">
            <failure message="expected true to be false // Object.is equality" type="AssertionError">
AssertionError: expected true to be false // Object.is equality

- Expected
+ Received

- false
+ true

 ❯ src/everything.spec.ts:8:18
            </failure>
        </testcase>
        <testcase classname="src/everything.spec.ts" name="describe 52 &gt; example test 54" time="0.000016042">
        </testcase>
        <testcase classname="src/everything.spec.ts" name="describe 52 &gt; example test 55" time="0.000067208">
            <failure message="expected true to be false // Object.is equality" type="AssertionError">
AssertionError: expected true to be false // Object.is equality

- Expected
+ Received

- false
+ true

 ❯ src/everything.spec.ts:8:18
            </failure>
        </testcase>
        <testcase classname="src/everything.spec.ts" name="describe 52 &gt; example test 56" time="0.0000145">
        </testcase>
        <testcase classname="src/everything.spec.ts" name="describe 52 &gt; example test 57" time="0.000060834">
            <failure message="expected true to be false // Object.is equality" type="AssertionError">
AssertionError: expected true to be false // Object.is equality

- Expected
+ Received

- false
+ true

 ❯ src/everything.spec.ts:8:18
            </failure>
        </testcase>
        <testcase classname="src/everything.spec.ts" name="describe 52 &gt; example test 58" time="0.000017375">
        </testcase>
        <testcase classname="src/everything.spec.ts" name="describe 52 &gt; example test 59" time="0.000063709">
            <failure message="expected true to be false // Object.is equality" type="AssertionError">
AssertionError: expected true to be false // Object.is equality

- Expected
+ Received

- false
+ true

 ❯ src/everything.spec.ts:8:18
            </failure>
        </testcase>
        <testcase classname="src/everything.spec.ts" name="describe 52 &gt; example test 60" time="0.000017209">
        </testcase>
        <testcase classname="src/everything.spec.ts" name="describe 52 &gt; example test 61" time="0.000061083">
            <failure message="expected true to be false // Object.is equality" type="AssertionError">
AssertionError: expected true to be false // Object.is equality

- Expected
+ Received

- false
+ true

 ❯ src/everything.spec.ts:8:18
            </failure>
        </testcase>
        <testcase classname="src/everything.spec.ts" name="describe 52 &gt; example test 62" time="0.000022875">
        </testcase>
        <testcase classname="src/everything.spec.ts" name="describe 52 &gt; example test 63" time="0.000061542">
            <failure message="expected true to be false // Object.is equality" type="AssertionError">
AssertionError: expected true to be false // Object.is equality

- Expected
+ Received

- false
+ true

 ❯ src/everything.spec.ts:8:18
            </failure>
        </testcase>
        <testcase classname="src/everything.spec.ts" name="describe 52 &gt; example test 64" time="0.000014666">
        </testcase>
        <testcase classname="src/everything.spec.ts" name="describe 52 &gt; example test 65" time="0.000062875">
            <failure message="expected true to be false // Object.is equality" type="AssertionError">
AssertionError: expected true to be false // Object.is equality

- Expected
+ Received

- false
+ true

 ❯ src/everything.spec.ts:8:18
            </failure>
        </testcase>
        <testcase classname="src/everything.spec.ts" name="describe 52 &gt; example test 66" time="0.000014875">
        </testcase>
        <testcase classname="src/everything.spec.ts" name="describe 52 &gt; example test 67" time="0.000061083">
            <failure message="expected true to be false // Object.is equality" type="AssertionError">
AssertionError: expected true to be false // Object.is equality

- Expected
+ Received

- false
+ true

 ❯ src/everything.spec.ts:8:18
            </failure>
        </testcase>
        <testcase classname="src/everything.spec.ts" name="describe 52 &gt; example test 68" time="0.000013917">
        </testcase>
        <testcase classname="src/everything.spec.ts" name="describe 52 &gt; example test 69" time="0.000063041">
            <failure message="expected true to be false // Object.is equality" type="AssertionError">
AssertionError: expected true to be false // Object.is equality

- Expected
+ Received

- false
+ true

 ❯ src/everything.spec.ts:8:18
            </failure>
        </testcase>
        <testcase classname="src/everything.spec.ts" name="describe 52 &gt; example test 70" time="0.000016209">
        </testcase>
        <testcase classname="src/everything.spec.ts" name="describe 52 &gt; example test 71" time="0.00006125">
            <failure message="expected true to be false // Object.is equality" type="AssertionError">
AssertionError: expected true to be false // Object.is equality

- Expected
+ Received

- false
+ true

 ❯ src/everything.spec.ts:8:18
            </failure>
        </testcase>
        <testcase classname="src/everything.spec.ts" name="describe 52 &gt; example test 72" time="0.00001475">
        </testcase>
        <testcase classname="src/everything.spec.ts" name="describe 52 &gt; example test 73" time="0.000061584">
            <failure message="expected true to be false // Object.is equality" type="AssertionError">
AssertionError: expected true to be false // Object.is equality

- Expected
+ Received

- false
+ true

 ❯ src/everything.spec.ts:8:18
            </failure>
        </testcase>
        <testcase classname="src/everything.spec.ts" name="describe 52 &gt; example test 74" time="0.000015917">
        </testcase>
        <testcase classname="src/everything.spec.ts" name="describe 52 &gt; example test 75" time="0.000068583">
            <failure message="expected true to be false // Object.is equality" type="AssertionError">
AssertionError: expected true to be false // Object.is equality

- Expected
+ Received

- false
+ true

 ❯ src/everything.spec.ts:8:18
            </failure>
        </testcase>
        <testcase classname="src/everything.spec.ts" name="describe 52 &gt; example test 76" time="0.000017209">
        </testcase>
        <testcase classname="src/everything.spec.ts" name="describe 52 &gt; example test 77" time="0.00006175">
            <failure message="expected true to be false // Object.is equality" type="AssertionError">
AssertionError: expected true to be false // Object.is equality

- Expected
+ Received

- false
+ true

 ❯ src/everything.spec.ts:8:18
            </failure>
        </testcase>
        <testcase classname="src/everything.spec.ts" name="describe 52 &gt; example test 78" time="0.000014292">
        </testcase>
        <testcase classname="src/everything.spec.ts" name="describe 52 &gt; example test 79" time="0.000064667">
            <failure message="expected true to be false // Object.is equality" type="AssertionError">
AssertionError: expected true to be false // Object.is equality

- Expected
+ Received

- false
+ true

 ❯ src/everything.spec.ts:8:18
            </failure>
        </testcase>
        <testcase classname="src/everything.spec.ts" name="describe 52 &gt; example test 80" time="0.000015166">
        </testcase>
        <testcase classname="src/everything.spec.ts" name="describe 52 &gt; example test 81" time="0.000063375">
            <failure message="expected true to be false // Object.is equality" type="AssertionError">
AssertionError: expected true to be false // Object.is equality

- Expected
+ Received

- false
+ true

 ❯ src/everything.spec.ts:8:18
            </failure>
        </testcase>
        <testcase classname="src/everything.spec.ts" name="describe 52 &gt; example test 82" time="0.000014667">
        </testcase>
        <testcase classname="src/everything.spec.ts" name="describe 52 &gt; example test 83" time="0.000063709">
            <failure message="expected true to be false // Object.is equality" type="AssertionError">
AssertionError: expected true to be false // Object.is equality

- Expected
+ Received

- false
+ true

 ❯ src/everything.spec.ts:8:18
            </failure>
        </testcase>
        <testcase classname="src/everything.spec.ts" name="describe 52 &gt; example test 84" time="0.0000145">
        </testcase>
        <testcase classname="src/everything.spec.ts" name="describe 52 &gt; example test 85" time="0.000060167">
            <failure message="expected true to be false // Object.is equality" type="AssertionError">
AssertionError: expected true to be false // Object.is equality

- Expected
+ Received

- false
+ true

 ❯ src/everything.spec.ts:8:18
            </failure>
        </testcase>
        <testcase classname="src/everything.spec.ts" name="describe 52 &gt; example test 86" time="0.000017833">
        </testcase>
        <testcase classname="src/everything.spec.ts" name="describe 52 &gt; example test 87" time="0.000060959">
            <failure message="expected true to be false // Object.is equality" type="AssertionError">
AssertionError: expected true to be false // Object.is equality

- Expected
+ Received

- false
+ true

 ❯ src/everything.spec.ts:8:18
            </failure>
        </testcase>
        <testcase classname="src/everything.spec.ts" name="describe 52 &gt; example test 88" time="0.000014916">
        </testcase>
        <testcase classname="src/everything.spec.ts" name="describe 52 &gt; example test 89" time="0.000061041">
            <failure message="expected true to be false // Object.is equality" type="AssertionError">
AssertionError: expected true to be false // Object.is equality

- Expected
+ Received

- false
+ true

 ❯ src/everything.spec.ts:8:18
            </failure>
        </testcase>
        <testcase classname="src/everything.spec.ts" name="describe 52 &gt; example test 90" time="0.000018">
        </testcase>
        <testcase classname="src/everything.spec.ts" name="describe 52 &gt; example test 91" time="0.000062084">
            <failure message="expected true to be false // Object.is equality" type="AssertionError">
AssertionError: expected true to be false // Object.is equality

- Expected
+ Received

- false
+ true

 ❯ src/everything.spec.ts:8:18
            </failure>
        </testcase>
        <testcase classname="src/everything.spec.ts" name="describe 52 &gt; example test 92" time="0.00001725">
        </testcase>
        <testcase classname="src/everything.spec.ts" name="describe 52 &gt; example test 93" time="0.000061166">
            <failure message="expected true to be false // Object.is equality" type="AssertionError">
AssertionError: expected true to be false // Object.is equality

- Expected
+ Received

- false
+ true

 ❯ src/everything.spec.ts:8:18
            </failure>
        </testcase>
        <testcase classname="src/everything.spec.ts" name="describe 52 &gt; example test 94" time="0.000015167">
        </testcase>
        <testcase classname="src/everything.spec.ts" name="describe 52 &gt; example test 95" time="0.000060084">
            <failure message="expected true to be false // Object.is equality" type="AssertionError">
AssertionError: expected true to be false // Object.is equality

- Expected
+ Received

- false
+ true

 ❯ src/everything.spec.ts:8:18
            </failure>
        </testcase>
        <testcase classname="src/everything.spec.ts" name="describe 52 &gt; example test 96" time="0.0000175">
        </testcase>
        <testcase classname="src/everything.spec.ts" name="describe 52 &gt; example test 97" time="0.00006375">
            <failure message="expected true to be false // Object.is equality" type="AssertionError">
AssertionError: expected true to be false // Object.is equality

- Expected
+ Received

- false
+ true

 ❯ src/everything.spec.ts:8:18
            </failure>
        </testcase>
        <testcase classname="src/everything.spec.ts" name="describe 52 &gt; example test 98" time="0.000015208">
        </testcase>
        <testcase classname="src/everything.spec.ts" name="describe 52 &gt; example test 99" time="0.000062292">
            <failure message="expected true to be false // Object.is equality" type="AssertionError">
AssertionError: expected true to be false // Object.is equality

- Expected
+ Received

- false
+ true

 ❯ src/everything.spec.ts:8:18
            </failure>
        </testcase>
        <testcase classname="src/everything.spec.ts" name="describe 52 &gt; example test 100" time="0.000014334">
        </testcase>
        <testcase classname="src/everything.spec.ts" name="describe 53 &gt; example test 1" time="0.000092791">
            <failure message="expected true to be false // Object.is equality" type="AssertionError">
AssertionError: expected true to be false // Object.is equality

- Expected
+ Received

- false
+ true

 ❯ src/everything.spec.ts:8:18
            </failure>
        </testcase>
        <testcase classname="src/everything.spec.ts" name="describe 53 &gt; example test 2" time="0.000015083">
        </testcase>
        <testcase classname="src/everything.spec.ts" name="describe 53 &gt; example test 3" time="0.000066458">
            <failure message="expected true to be false // Object.is equality" type="AssertionError">
AssertionError: expected true to be false // Object.is equality

- Expected
+ Received

- false
+ true

 ❯ src/everything.spec.ts:8:18
            </failure>
        </testcase>
        <testcase classname="src/everything.spec.ts" name="describe 53 &gt; example test 4" time="0.000018917">
        </testcase>
        <testcase classname="src/everything.spec.ts" name="describe 53 &gt; example test 5" time="0.000067167">
            <failure message="expected true to be false // Object.is equality" type="AssertionError">
AssertionError: expected true to be false // Object.is equality

- Expected
+ Received

- false
+ true

 ❯ src/everything.spec.ts:8:18
            </failure>
        </testcase>
        <testcase classname="src/everything.spec.ts" name="describe 53 &gt; example test 6" time="0.000014542">
        </testcase>
        <testcase classname="src/everything.spec.ts" name="describe 53 &gt; example test 7" time="0.000064083">
            <failure message="expected true to be false // Object.is equality" type="AssertionError">
AssertionError: expected true to be false // Object.is equality

- Expected
+ Received

- false
+ true

 ❯ src/everything.spec.ts:8:18
            </failure>
        </testcase>
        <testcase classname="src/everything.spec.ts" name="describe 53 &gt; example test 8" time="0.000015208">
        </testcase>
        <testcase classname="src/everything.spec.ts" name="describe 53 &gt; example test 9" time="0.000066542">
            <failure message="expected true to be false // Object.is equality" type="AssertionError">
AssertionError: expected true to be false // Object.is equality

- Expected
+ Received

- false
+ true

 ❯ src/everything.spec.ts:8:18
            </failure>
        </testcase>
        <testcase classname="src/everything.spec.ts" name="describe 53 &gt; example test 10" time="0.000016125">
        </testcase>
        <testcase classname="src/everything.spec.ts" name="describe 53 &gt; example test 11" time="0.000066166">
            <failure message="expected true to be false // Object.is equality" type="AssertionError">
AssertionError: expected true to be false // Object.is equality

- Expected
+ Received

- false
+ true

 ❯ src/everything.spec.ts:8:18
            </failure>
        </testcase>
        <testcase classname="src/everything.spec.ts" name="describe 53 &gt; example test 12" time="0.000014375">
        </testcase>
        <testcase classname="src/everything.spec.ts" name="describe 53 &gt; example test 13" time="0.000065791">
            <failure message="expected true to be false // Object.is equality" type="AssertionError">
AssertionError: expected true to be false // Object.is equality

- Expected
+ Received

- false
+ true

 ❯ src/everything.spec.ts:8:18
            </failure>
        </testcase>
        <testcase classname="src/everything.spec.ts" name="describe 53 &gt; example test 14" time="0.000015042">
        </testcase>
        <testcase classname="src/everything.spec.ts" name="describe 53 &gt; example test 15" time="0.000065875">
            <failure message="expected true to be false // Object.is equality" type="AssertionError">
AssertionError: expected true to be false // Object.is equality

- Expected
+ Received

- false
+ true

 ❯ src/everything.spec.ts:8:18
            </failure>
        </testcase>
        <testcase classname="src/everything.spec.ts" name="describe 53 &gt; example test 16" time="0.000017792">
        </testcase>
        <testcase classname="src/everything.spec.ts" name="describe 53 &gt; example test 17" time="0.00007025">
            <failure message="expected true to be false // Object.is equality" type="AssertionError">
AssertionError: expected true to be false // Object.is equality

- Expected
+ Received

- false
+ true

 ❯ src/everything.spec.ts:8:18
            </failure>
        </testcase>
        <testcase classname="src/everything.spec.ts" name="describe 53 &gt; example test 18" time="0.000015167">
        </testcase>
        <testcase classname="src/everything.spec.ts" name="describe 53 &gt; example test 19" time="0.000067292">
            <failure message="expected true to be false // Object.is equality" type="AssertionError">
AssertionError: expected true to be false // Object.is equality

- Expected
+ Received

- false
+ true

 ❯ src/everything.spec.ts:8:18
            </failure>
        </testcase>
        <testcase classname="src/everything.spec.ts" name="describe 53 &gt; example test 20" time="0.00001575">
        </testcase>
        <testcase classname="src/everything.spec.ts" name="describe 53 &gt; example test 21" time="0.000524125">
            <failure message="expected true to be false // Object.is equality" type="AssertionError">
AssertionError: expected true to be false // Object.is equality

- Expected
+ Received

- false
+ true

 ❯ src/everything.spec.ts:8:18
            </failure>
        </testcase>
        <testcase classname="src/everything.spec.ts" name="describe 53 &gt; example test 22" time="0.000017333">
        </testcase>
        <testcase classname="src/everything.spec.ts" name="describe 53 &gt; example test 23" time="0.000098875">
            <failure message="expected true to be false // Object.is equality" type="AssertionError">
AssertionError: expected true to be false // Object.is equality

- Expected
+ Received

- false
+ true

 ❯ src/everything.spec.ts:8:18
            </failure>
        </testcase>
        <testcase classname="src/everything.spec.ts" name="describe 53 &gt; example test 24" time="0.000017292">
        </testcase>
        <testcase classname="src/everything.spec.ts" name="describe 53 &gt; example test 25" time="0.000071916">
            <failure message="expected true to be false // Object.is equality" type="AssertionError">
AssertionError: expected true to be false // Object.is equality

- Expected
+ Received

- false
+ true

 ❯ src/everything.spec.ts:8:18
            </failure>
        </testcase>
        <testcase classname="src/everything.spec.ts" name="describe 53 &gt; example test 26" time="0.000014792">
        </testcase>
        <testcase classname="src/everything.spec.ts" name="describe 53 &gt; example test 27" time="0.000065041">
            <failure message="expected true to be false // Object.is equality" type="AssertionError">
AssertionError: expected true to be false // Object.is equality

- Expected
+ Received

- false
+ true

 ❯ src/everything.spec.ts:8:18
            </failure>
        </testcase>
        <testcase classname="src/everything.spec.ts" name="describe 53 &gt; example test 28" time="0.000014583">
        </testcase>
        <testcase classname="src/everything.spec.ts" name="describe 53 &gt; example test 29" time="0.000066167">
            <failure message="expected true to be false // Object.is equality" type="AssertionError">
AssertionError: expected true to be false // Object.is equality

- Expected
+ Received

- false
+ true

 ❯ src/everything.spec.ts:8:18
            </failure>
        </testcase>
        <testcase classname="src/everything.spec.ts" name="describe 53 &gt; example test 30" time="0.000018083">
        </testcase>
        <testcase classname="src/everything.spec.ts" name="describe 53 &gt; example test 31" time="0.000068209">
            <failure message="expected true to be false // Object.is equality" type="AssertionError">
AssertionError: expected true to be false // Object.is equality

- Expected
+ Received

- false
+ true

 ❯ src/everything.spec.ts:8:18
            </failure>
        </testcase>
        <testcase classname="src/everything.spec.ts" name="describe 53 &gt; example test 32" time="0.000017375">
        </testcase>
        <testcase classname="src/everything.spec.ts" name="describe 53 &gt; example test 33" time="0.000063209">
            <failure message="expected true to be false // Object.is equality" type="AssertionError">
AssertionError: expected true to be false // Object.is equality

- Expected
+ Received

- false
+ true

 ❯ src/everything.spec.ts:8:18
            </failure>
        </testcase>
        <testcase classname="src/everything.spec.ts" name="describe 53 &gt; example test 34" time="0.000018459">
        </testcase>
        <testcase classname="src/everything.spec.ts" name="describe 53 &gt; example test 35" time="0.000065667">
            <failure message="expected true to be false // Object.is equality" type="AssertionError">
AssertionError: expected true to be false // Object.is equality

- Expected
+ Received

- false
+ true

 ❯ src/everything.spec.ts:8:18
            </failure>
        </testcase>
        <testcase classname="src/everything.spec.ts" name="describe 53 &gt; example test 36" time="0.000014625">
        </testcase>
        <testcase classname="src/everything.spec.ts" name="describe 53 &gt; example test 37" time="0.000075958">
            <failure message="expected true to be false // Object.is equality" type="AssertionError">
AssertionError: expected true to be false // Object.is equality

- Expected
+ Received

- false
+ true

 ❯ src/everything.spec.ts:8:18
            </failure>
        </testcase>
        <testcase classname="src/everything.spec.ts" name="describe 53 &gt; example test 38" time="0.000014084">
        </testcase>
        <testcase classname="src/everything.spec.ts" name="describe 53 &gt; example test 39" time="0.000062333">
            <failure message="expected true to be false // Object.is equality" type="AssertionError">
AssertionError: expected true to be false // Object.is equality

- Expected
+ Received

- false
+ true

 ❯ src/everything.spec.ts:8:18
            </failure>
        </testcase>
        <testcase classname="src/everything.spec.ts" name="describe 53 &gt; example test 40" time="0.000014334">
        </testcase>
        <testcase classname="src/everything.spec.ts" name="describe 53 &gt; example test 41" time="0.000061709">
            <failure message="expected true to be false // Object.is equality" type="AssertionError">
AssertionError: expected true to be false // Object.is equality

- Expected
+ Received

- false
+ true

 ❯ src/everything.spec.ts:8:18
            </failure>
        </testcase>
        <testcase classname="src/everything.spec.ts" name="describe 53 &gt; example test 42" time="0.000015833">
        </testcase>
        <testcase classname="src/everything.spec.ts" name="describe 53 &gt; example test 43" time="0.000066875">
            <failure message="expected true to be false // Object.is equality" type="AssertionError">
AssertionError: expected true to be false // Object.is equality

- Expected
+ Received

- false
+ true

 ❯ src/everything.spec.ts:8:18
            </failure>
        </testcase>
        <testcase classname="src/everything.spec.ts" name="describe 53 &gt; example test 44" time="0.000014125">
        </testcase>
        <testcase classname="src/everything.spec.ts" name="describe 53 &gt; example test 45" time="0.000064125">
            <failure message="expected true to be false // Object.is equality" type="AssertionError">
AssertionError: expected true to be false // Object.is equality

- Expected
+ Received

- false
+ true

 ❯ src/everything.spec.ts:8:18
            </failure>
        </testcase>
        <testcase classname="src/everything.spec.ts" name="describe 53 &gt; example test 46" time="0.000016625">
        </testcase>
        <testcase classname="src/everything.spec.ts" name="describe 53 &gt; example test 47" time="0.00006675">
            <failure message="expected true to be false // Object.is equality" type="AssertionError">
AssertionError: expected true to be false // Object.is equality

- Expected
+ Received

- false
+ true

 ❯ src/everything.spec.ts:8:18
            </failure>
        </testcase>
        <testcase classname="src/everything.spec.ts" name="describe 53 &gt; example test 48" time="0.000014459">
        </testcase>
        <testcase classname="src/everything.spec.ts" name="describe 53 &gt; example test 49" time="0.000062666">
            <failure message="expected true to be false // Object.is equality" type="AssertionError">
AssertionError: expected true to be false // Object.is equality

- Expected
+ Received

- false
+ true

 ❯ src/everything.spec.ts:8:18
            </failure>
        </testcase>
        <testcase classname="src/everything.spec.ts" name="describe 53 &gt; example test 50" time="0.000014292">
        </testcase>
        <testcase classname="src/everything.spec.ts" name="describe 53 &gt; example test 51" time="0.000062084">
            <failure message="expected true to be false // Object.is equality" type="AssertionError">
AssertionError: expected true to be false // Object.is equality

- Expected
+ Received

- false
+ true

 ❯ src/everything.spec.ts:8:18
            </failure>
        </testcase>
        <testcase classname="src/everything.spec.ts" name="describe 53 &gt; example test 52" time="0.000014917">
        </testcase>
        <testcase classname="src/everything.spec.ts" name="describe 53 &gt; example test 53" time="0.000061791">
            <failure message="expected true to be false // Object.is equality" type="AssertionError">
AssertionError: expected true to be false // Object.is equality

- Expected
+ Received

- false
+ true

 ❯ src/everything.spec.ts:8:18
            </failure>
        </testcase>
        <testcase classname="src/everything.spec.ts" name="describe 53 &gt; example test 54" time="0.000019">
        </testcase>
        <testcase classname="src/everything.spec.ts" name="describe 53 &gt; example test 55" time="0.000062667">
            <failure message="expected true to be false // Object.is equality" type="AssertionError">
AssertionError: expected true to be false // Object.is equality

- Expected
+ Received

- false
+ true

 ❯ src/everything.spec.ts:8:18
            </failure>
        </testcase>
        <testcase classname="src/everything.spec.ts" name="describe 53 &gt; example test 56" time="0.000017166">
        </testcase>
        <testcase classname="src/everything.spec.ts" name="describe 53 &gt; example test 57" time="0.000062625">
            <failure message="expected true to be false // Object.is equality" type="AssertionError">
AssertionError: expected true to be false // Object.is equality

- Expected
+ Received

- false
+ true

 ❯ src/everything.spec.ts:8:18
            </failure>
        </testcase>
        <testcase classname="src/everything.spec.ts" name="describe 53 &gt; example test 58" time="0.000018208">
        </testcase>
        <testcase classname="src/everything.spec.ts" name="describe 53 &gt; example test 59" time="0.000064959">
            <failure message="expected true to be false // Object.is equality" type="AssertionError">
AssertionError: expected true to be false // Object.is equality

- Expected
+ Received

- false
+ true

 ❯ src/everything.spec.ts:8:18
            </failure>
        </testcase>
        <testcase classname="src/everything.spec.ts" name="describe 53 &gt; example test 60" time="0.000014333">
        </testcase>
        <testcase classname="src/everything.spec.ts" name="describe 53 &gt; example test 61" time="0.000062416">
            <failure message="expected true to be false // Object.is equality" type="AssertionError">
AssertionError: expected true to be false // Object.is equality

- Expected
+ Received

- false
+ true

 ❯ src/everything.spec.ts:8:18
            </failure>
        </testcase>
        <testcase classname="src/everything.spec.ts" name="describe 53 &gt; example test 62" time="0.000014542">
        </testcase>
        <testcase classname="src/everything.spec.ts" name="describe 53 &gt; example test 63" time="0.000062792">
            <failure message="expected true to be false // Object.is equality" type="AssertionError">
AssertionError: expected true to be false // Object.is equality

- Expected
+ Received

- false
+ true

 ❯ src/everything.spec.ts:8:18
            </failure>
        </testcase>
        <testcase classname="src/everything.spec.ts" name="describe 53 &gt; example test 64" time="0.000014208">
        </testcase>
        <testcase classname="src/everything.spec.ts" name="describe 53 &gt; example test 65" time="0.000062583">
            <failure message="expected true to be false // Object.is equality" type="AssertionError">
AssertionError: expected true to be false // Object.is equality

- Expected
+ Received

- false
+ true

 ❯ src/everything.spec.ts:8:18
            </failure>
        </testcase>
        <testcase classname="src/everything.spec.ts" name="describe 53 &gt; example test 66" time="0.000014334">
        </testcase>
        <testcase classname="src/everything.spec.ts" name="describe 53 &gt; example test 67" time="0.00006325">
            <failure message="expected true to be false // Object.is equality" type="AssertionError">
AssertionError: expected true to be false // Object.is equality

- Expected
+ Received

- false
+ true

 ❯ src/everything.spec.ts:8:18
            </failure>
        </testcase>
        <testcase classname="src/everything.spec.ts" name="describe 53 &gt; example test 68" time="0.000017583">
        </testcase>
        <testcase classname="src/everything.spec.ts" name="describe 53 &gt; example test 69" time="0.000062584">
            <failure message="expected true to be false // Object.is equality" type="AssertionError">
AssertionError: expected true to be false // Object.is equality

- Expected
+ Received

- false
+ true

 ❯ src/everything.spec.ts:8:18
            </failure>
        </testcase>
        <testcase classname="src/everything.spec.ts" name="describe 53 &gt; example test 70" time="0.000017792">
        </testcase>
        <testcase classname="src/everything.spec.ts" name="describe 53 &gt; example test 71" time="0.000065625">
            <failure message="expected true to be false // Object.is equality" type="AssertionError">
AssertionError: expected true to be false // Object.is equality

- Expected
+ Received

- false
+ true

 ❯ src/everything.spec.ts:8:18
            </failure>
        </testcase>
        <testcase classname="src/everything.spec.ts" name="describe 53 &gt; example test 72" time="0.000014459">
        </testcase>
        <testcase classname="src/everything.spec.ts" name="describe 53 &gt; example test 73" time="0.000062458">
            <failure message="expected true to be false // Object.is equality" type="AssertionError">
AssertionError: expected true to be false // Object.is equality

- Expected
+ Received

- false
+ true

 ❯ src/everything.spec.ts:8:18
            </failure>
        </testcase>
        <testcase classname="src/everything.spec.ts" name="describe 53 &gt; example test 74" time="0.000018542">
        </testcase>
        <testcase classname="src/everything.spec.ts" name="describe 53 &gt; example test 75" time="0.000065208">
            <failure message="expected true to be false // Object.is equality" type="AssertionError">
AssertionError: expected true to be false // Object.is equality

- Expected
+ Received

- false
+ true

 ❯ src/everything.spec.ts:8:18
            </failure>
        </testcase>
        <testcase classname="src/everything.spec.ts" name="describe 53 &gt; example test 76" time="0.000017833">
        </testcase>
        <testcase classname="src/everything.spec.ts" name="describe 53 &gt; example test 77" time="0.000063125">
            <failure message="expected true to be false // Object.is equality" type="AssertionError">
AssertionError: expected true to be false // Object.is equality

- Expected
+ Received

- false
+ true

 ❯ src/everything.spec.ts:8:18
            </failure>
        </testcase>
        <testcase classname="src/everything.spec.ts" name="describe 53 &gt; example test 78" time="0.000014708">
        </testcase>
        <testcase classname="src/everything.spec.ts" name="describe 53 &gt; example test 79" time="0.000062084">
            <failure message="expected true to be false // Object.is equality" type="AssertionError">
AssertionError: expected true to be false // Object.is equality

- Expected
+ Received

- false
+ true

 ❯ src/everything.spec.ts:8:18
            </failure>
        </testcase>
        <testcase classname="src/everything.spec.ts" name="describe 53 &gt; example test 80" time="0.000014291">
        </testcase>
        <testcase classname="src/everything.spec.ts" name="describe 53 &gt; example test 81" time="0.000062125">
            <failure message="expected true to be false // Object.is equality" type="AssertionError">
AssertionError: expected true to be false // Object.is equality

- Expected
+ Received

- false
+ true

 ❯ src/everything.spec.ts:8:18
            </failure>
        </testcase>
        <testcase classname="src/everything.spec.ts" name="describe 53 &gt; example test 82" time="0.000014541">
        </testcase>
        <testcase classname="src/everything.spec.ts" name="describe 53 &gt; example test 83" time="0.0000645">
            <failure message="expected true to be false // Object.is equality" type="AssertionError">
AssertionError: expected true to be false // Object.is equality

- Expected
+ Received

- false
+ true

 ❯ src/everything.spec.ts:8:18
            </failure>
        </testcase>
        <testcase classname="src/everything.spec.ts" name="describe 53 &gt; example test 84" time="0.000014125">
        </testcase>
        <testcase classname="src/everything.spec.ts" name="describe 53 &gt; example test 85" time="0.000064125">
            <failure message="expected true to be false // Object.is equality" type="AssertionError">
AssertionError: expected true to be false // Object.is equality

- Expected
+ Received

- false
+ true

 ❯ src/everything.spec.ts:8:18
            </failure>
        </testcase>
        <testcase classname="src/everything.spec.ts" name="describe 53 &gt; example test 86" time="0.000014459">
        </testcase>
        <testcase classname="src/everything.spec.ts" name="describe 53 &gt; example test 87" time="0.000063708">
            <failure message="expected true to be false // Object.is equality" type="AssertionError">
AssertionError: expected true to be false // Object.is equality

- Expected
+ Received

- false
+ true

 ❯ src/everything.spec.ts:8:18
            </failure>
        </testcase>
        <testcase classname="src/everything.spec.ts" name="describe 53 &gt; example test 88" time="0.000013791">
        </testcase>
        <testcase classname="src/everything.spec.ts" name="describe 53 &gt; example test 89" time="0.0000625">
            <failure message="expected true to be false // Object.is equality" type="AssertionError">
AssertionError: expected true to be false // Object.is equality

- Expected
+ Received

- false
+ true

 ❯ src/everything.spec.ts:8:18
            </failure>
        </testcase>
        <testcase classname="src/everything.spec.ts" name="describe 53 &gt; example test 90" time="0.000017583">
        </testcase>
        <testcase classname="src/everything.spec.ts" name="describe 53 &gt; example test 91" time="0.000062042">
            <failure message="expected true to be false // Object.is equality" type="AssertionError">
AssertionError: expected true to be false // Object.is equality

- Expected
+ Received

- false
+ true

 ❯ src/everything.spec.ts:8:18
            </failure>
        </testcase>
        <testcase classname="src/everything.spec.ts" name="describe 53 &gt; example test 92" time="0.000016833">
        </testcase>
        <testcase classname="src/everything.spec.ts" name="describe 53 &gt; example test 93" time="0.000065792">
            <failure message="expected true to be false // Object.is equality" type="AssertionError">
AssertionError: expected true to be false // Object.is equality

- Expected
+ Received

- false
+ true

 ❯ src/everything.spec.ts:8:18
            </failure>
        </testcase>
        <testcase classname="src/everything.spec.ts" name="describe 53 &gt; example test 94" time="0.000014">
        </testcase>
        <testcase classname="src/everything.spec.ts" name="describe 53 &gt; example test 95" time="0.000067334">
            <failure message="expected true to be false // Object.is equality" type="AssertionError">
AssertionError: expected true to be false // Object.is equality

- Expected
+ Received

- false
+ true

 ❯ src/everything.spec.ts:8:18
            </failure>
        </testcase>
        <testcase classname="src/everything.spec.ts" name="describe 53 &gt; example test 96" time="0.000016833">
        </testcase>
        <testcase classname="src/everything.spec.ts" name="describe 53 &gt; example test 97" time="0.000065292">
            <failure message="expected true to be false // Object.is equality" type="AssertionError">
AssertionError: expected true to be false // Object.is equality

- Expected
+ Received

- false
+ true

 ❯ src/everything.spec.ts:8:18
            </failure>
        </testcase>
        <testcase classname="src/everything.spec.ts" name="describe 53 &gt; example test 98" time="0.000014375">
        </testcase>
        <testcase classname="src/everything.spec.ts" name="describe 53 &gt; example test 99" time="0.000063834">
            <failure message="expected true to be false // Object.is equality" type="AssertionError">
AssertionError: expected true to be false // Object.is equality

- Expected
+ Received

- false
+ true

 ❯ src/everything.spec.ts:8:18
            </failure>
        </testcase>
        <testcase classname="src/everything.spec.ts" name="describe 53 &gt; example test 100" time="0.000014166">
        </testcase>
        <testcase classname="src/everything.spec.ts" name="describe 54 &gt; example test 1" time="0.000063333">
            <failure message="expected true to be false // Object.is equality" type="AssertionError">
AssertionError: expected true to be false // Object.is equality

- Expected
+ Received

- false
+ true

 ❯ src/everything.spec.ts:8:18
            </failure>
        </testcase>
        <testcase classname="src/everything.spec.ts" name="describe 54 &gt; example test 2" time="0.000014292">
        </testcase>
        <testcase classname="src/everything.spec.ts" name="describe 54 &gt; example test 3" time="0.000061917">
            <failure message="expected true to be false // Object.is equality" type="AssertionError">
AssertionError: expected true to be false // Object.is equality

- Expected
+ Received

- false
+ true

 ❯ src/everything.spec.ts:8:18
            </failure>
        </testcase>
        <testcase classname="src/everything.spec.ts" name="describe 54 &gt; example test 4" time="0.00001375">
        </testcase>
        <testcase classname="src/everything.spec.ts" name="describe 54 &gt; example test 5" time="0.0000665">
            <failure message="expected true to be false // Object.is equality" type="AssertionError">
AssertionError: expected true to be false // Object.is equality

- Expected
+ Received

- false
+ true

 ❯ src/everything.spec.ts:8:18
            </failure>
        </testcase>
        <testcase classname="src/everything.spec.ts" name="describe 54 &gt; example test 6" time="0.000014583">
        </testcase>
        <testcase classname="src/everything.spec.ts" name="describe 54 &gt; example test 7" time="0.000063542">
            <failure message="expected true to be false // Object.is equality" type="AssertionError">
AssertionError: expected true to be false // Object.is equality

- Expected
+ Received

- false
+ true

 ❯ src/everything.spec.ts:8:18
            </failure>
        </testcase>
        <testcase classname="src/everything.spec.ts" name="describe 54 &gt; example test 8" time="0.000017875">
        </testcase>
        <testcase classname="src/everything.spec.ts" name="describe 54 &gt; example test 9" time="0.000063">
            <failure message="expected true to be false // Object.is equality" type="AssertionError">
AssertionError: expected true to be false // Object.is equality

- Expected
+ Received

- false
+ true

 ❯ src/everything.spec.ts:8:18
            </failure>
        </testcase>
        <testcase classname="src/everything.spec.ts" name="describe 54 &gt; example test 10" time="0.000013958">
        </testcase>
        <testcase classname="src/everything.spec.ts" name="describe 54 &gt; example test 11" time="0.000064458">
            <failure message="expected true to be false // Object.is equality" type="AssertionError">
AssertionError: expected true to be false // Object.is equality

- Expected
+ Received

- false
+ true

 ❯ src/everything.spec.ts:8:18
            </failure>
        </testcase>
        <testcase classname="src/everything.spec.ts" name="describe 54 &gt; example test 12" time="0.000014375">
        </testcase>
        <testcase classname="src/everything.spec.ts" name="describe 54 &gt; example test 13" time="0.000065292">
            <failure message="expected true to be false // Object.is equality" type="AssertionError">
AssertionError: expected true to be false // Object.is equality

- Expected
+ Received

- false
+ true

 ❯ src/everything.spec.ts:8:18
            </failure>
        </testcase>
        <testcase classname="src/everything.spec.ts" name="describe 54 &gt; example test 14" time="0.000018583">
        </testcase>
        <testcase classname="src/everything.spec.ts" name="describe 54 &gt; example test 15" time="0.000063625">
            <failure message="expected true to be false // Object.is equality" type="AssertionError">
AssertionError: expected true to be false // Object.is equality

- Expected
+ Received

- false
+ true

 ❯ src/everything.spec.ts:8:18
            </failure>
        </testcase>
        <testcase classname="src/everything.spec.ts" name="describe 54 &gt; example test 16" time="0.00001425">
        </testcase>
        <testcase classname="src/everything.spec.ts" name="describe 54 &gt; example test 17" time="0.00006575">
            <failure message="expected true to be false // Object.is equality" type="AssertionError">
AssertionError: expected true to be false // Object.is equality

- Expected
+ Received

- false
+ true

 ❯ src/everything.spec.ts:8:18
            </failure>
        </testcase>
        <testcase classname="src/everything.spec.ts" name="describe 54 &gt; example test 18" time="0.000013458">
        </testcase>
        <testcase classname="src/everything.spec.ts" name="describe 54 &gt; example test 19" time="0.000063875">
            <failure message="expected true to be false // Object.is equality" type="AssertionError">
AssertionError: expected true to be false // Object.is equality

- Expected
+ Received

- false
+ true

 ❯ src/everything.spec.ts:8:18
            </failure>
        </testcase>
        <testcase classname="src/everything.spec.ts" name="describe 54 &gt; example test 20" time="0.000016667">
        </testcase>
        <testcase classname="src/everything.spec.ts" name="describe 54 &gt; example test 21" time="0.000064916">
            <failure message="expected true to be false // Object.is equality" type="AssertionError">
AssertionError: expected true to be false // Object.is equality

- Expected
+ Received

- false
+ true

 ❯ src/everything.spec.ts:8:18
            </failure>
        </testcase>
        <testcase classname="src/everything.spec.ts" name="describe 54 &gt; example test 22" time="0.00001425">
        </testcase>
        <testcase classname="src/everything.spec.ts" name="describe 54 &gt; example test 23" time="0.000061333">
            <failure message="expected true to be false // Object.is equality" type="AssertionError">
AssertionError: expected true to be false // Object.is equality

- Expected
+ Received

- false
+ true

 ❯ src/everything.spec.ts:8:18
            </failure>
        </testcase>
        <testcase classname="src/everything.spec.ts" name="describe 54 &gt; example test 24" time="0.000015375">
        </testcase>
        <testcase classname="src/everything.spec.ts" name="describe 54 &gt; example test 25" time="0.00006225">
            <failure message="expected true to be false // Object.is equality" type="AssertionError">
AssertionError: expected true to be false // Object.is equality

- Expected
+ Received

- false
+ true

 ❯ src/everything.spec.ts:8:18
            </failure>
        </testcase>
        <testcase classname="src/everything.spec.ts" name="describe 54 &gt; example test 26" time="0.0000155">
        </testcase>
        <testcase classname="src/everything.spec.ts" name="describe 54 &gt; example test 27" time="0.000062917">
            <failure message="expected true to be false // Object.is equality" type="AssertionError">
AssertionError: expected true to be false // Object.is equality

- Expected
+ Received

- false
+ true

 ❯ src/everything.spec.ts:8:18
            </failure>
        </testcase>
        <testcase classname="src/everything.spec.ts" name="describe 54 &gt; example test 28" time="0.000014">
        </testcase>
        <testcase classname="src/everything.spec.ts" name="describe 54 &gt; example test 29" time="0.000064666">
            <failure message="expected true to be false // Object.is equality" type="AssertionError">
AssertionError: expected true to be false // Object.is equality

- Expected
+ Received

- false
+ true

 ❯ src/everything.spec.ts:8:18
            </failure>
        </testcase>
        <testcase classname="src/everything.spec.ts" name="describe 54 &gt; example test 30" time="0.000014209">
        </testcase>
        <testcase classname="src/everything.spec.ts" name="describe 54 &gt; example test 31" time="0.000064125">
            <failure message="expected true to be false // Object.is equality" type="AssertionError">
AssertionError: expected true to be false // Object.is equality

- Expected
+ Received

- false
+ true

 ❯ src/everything.spec.ts:8:18
            </failure>
        </testcase>
        <testcase classname="src/everything.spec.ts" name="describe 54 &gt; example test 32" time="0.000014292">
        </testcase>
        <testcase classname="src/everything.spec.ts" name="describe 54 &gt; example test 33" time="0.000065291">
            <failure message="expected true to be false // Object.is equality" type="AssertionError">
AssertionError: expected true to be false // Object.is equality

- Expected
+ Received

- false
+ true

 ❯ src/everything.spec.ts:8:18
            </failure>
        </testcase>
        <testcase classname="src/everything.spec.ts" name="describe 54 &gt; example test 34" time="0.000014042">
        </testcase>
        <testcase classname="src/everything.spec.ts" name="describe 54 &gt; example test 35" time="0.00006475">
            <failure message="expected true to be false // Object.is equality" type="AssertionError">
AssertionError: expected true to be false // Object.is equality

- Expected
+ Received

- false
+ true

 ❯ src/everything.spec.ts:8:18
            </failure>
        </testcase>
        <testcase classname="src/everything.spec.ts" name="describe 54 &gt; example test 36" time="0.00001575">
        </testcase>
        <testcase classname="src/everything.spec.ts" name="describe 54 &gt; example test 37" time="0.000066708">
            <failure message="expected true to be false // Object.is equality" type="AssertionError">
AssertionError: expected true to be false // Object.is equality

- Expected
+ Received

- false
+ true

 ❯ src/everything.spec.ts:8:18
            </failure>
        </testcase>
        <testcase classname="src/everything.spec.ts" name="describe 54 &gt; example test 38" time="0.000013917">
        </testcase>
        <testcase classname="src/everything.spec.ts" name="describe 54 &gt; example test 39" time="0.000065708">
            <failure message="expected true to be false // Object.is equality" type="AssertionError">
AssertionError: expected true to be false // Object.is equality

- Expected
+ Received

- false
+ true

 ❯ src/everything.spec.ts:8:18
            </failure>
        </testcase>
        <testcase classname="src/everything.spec.ts" name="describe 54 &gt; example test 40" time="0.000013625">
        </testcase>
        <testcase classname="src/everything.spec.ts" name="describe 54 &gt; example test 41" time="0.000062708">
            <failure message="expected true to be false // Object.is equality" type="AssertionError">
AssertionError: expected true to be false // Object.is equality

- Expected
+ Received

- false
+ true

 ❯ src/everything.spec.ts:8:18
            </failure>
        </testcase>
        <testcase classname="src/everything.spec.ts" name="describe 54 &gt; example test 42" time="0.00001475">
        </testcase>
        <testcase classname="src/everything.spec.ts" name="describe 54 &gt; example test 43" time="0.000064375">
            <failure message="expected true to be false // Object.is equality" type="AssertionError">
AssertionError: expected true to be false // Object.is equality

- Expected
+ Received

- false
+ true

 ❯ src/everything.spec.ts:8:18
            </failure>
        </testcase>
        <testcase classname="src/everything.spec.ts" name="describe 54 &gt; example test 44" time="0.000015459">
        </testcase>
        <testcase classname="src/everything.spec.ts" name="describe 54 &gt; example test 45" time="0.000062584">
            <failure message="expected true to be false // Object.is equality" type="AssertionError">
AssertionError: expected true to be false // Object.is equality

- Expected
+ Received

- false
+ true

 ❯ src/everything.spec.ts:8:18
            </failure>
        </testcase>
        <testcase classname="src/everything.spec.ts" name="describe 54 &gt; example test 46" time="0.000014375">
        </testcase>
        <testcase classname="src/everything.spec.ts" name="describe 54 &gt; example test 47" time="0.0000625">
            <failure message="expected true to be false // Object.is equality" type="AssertionError">
AssertionError: expected true to be false // Object.is equality

- Expected
+ Received

- false
+ true

 ❯ src/everything.spec.ts:8:18
            </failure>
        </testcase>
        <testcase classname="src/everything.spec.ts" name="describe 54 &gt; example test 48" time="0.000017792">
        </testcase>
        <testcase classname="src/everything.spec.ts" name="describe 54 &gt; example test 49" time="0.000062208">
            <failure message="expected true to be false // Object.is equality" type="AssertionError">
AssertionError: expected true to be false // Object.is equality

- Expected
+ Received

- false
+ true

 ❯ src/everything.spec.ts:8:18
            </failure>
        </testcase>
        <testcase classname="src/everything.spec.ts" name="describe 54 &gt; example test 50" time="0.000013834">
        </testcase>
        <testcase classname="src/everything.spec.ts" name="describe 54 &gt; example test 51" time="0.000062875">
            <failure message="expected true to be false // Object.is equality" type="AssertionError">
AssertionError: expected true to be false // Object.is equality

- Expected
+ Received

- false
+ true

 ❯ src/everything.spec.ts:8:18
            </failure>
        </testcase>
        <testcase classname="src/everything.spec.ts" name="describe 54 &gt; example test 52" time="0.000015083">
        </testcase>
        <testcase classname="src/everything.spec.ts" name="describe 54 &gt; example test 53" time="0.000063708">
            <failure message="expected true to be false // Object.is equality" type="AssertionError">
AssertionError: expected true to be false // Object.is equality

- Expected
+ Received

- false
+ true

 ❯ src/everything.spec.ts:8:18
            </failure>
        </testcase>
        <testcase classname="src/everything.spec.ts" name="describe 54 &gt; example test 54" time="0.000013959">
        </testcase>
        <testcase classname="src/everything.spec.ts" name="describe 54 &gt; example test 55" time="0.000061625">
            <failure message="expected true to be false // Object.is equality" type="AssertionError">
AssertionError: expected true to be false // Object.is equality

- Expected
+ Received

- false
+ true

 ❯ src/everything.spec.ts:8:18
            </failure>
        </testcase>
        <testcase classname="src/everything.spec.ts" name="describe 54 &gt; example test 56" time="0.000016459">
        </testcase>
        <testcase classname="src/everything.spec.ts" name="describe 54 &gt; example test 57" time="0.00006225">
            <failure message="expected true to be false // Object.is equality" type="AssertionError">
AssertionError: expected true to be false // Object.is equality

- Expected
+ Received

- false
+ true

 ❯ src/everything.spec.ts:8:18
            </failure>
        </testcase>
        <testcase classname="src/everything.spec.ts" name="describe 54 &gt; example test 58" time="0.000016292">
        </testcase>
        <testcase classname="src/everything.spec.ts" name="describe 54 &gt; example test 59" time="0.000061834">
            <failure message="expected true to be false // Object.is equality" type="AssertionError">
AssertionError: expected true to be false // Object.is equality

- Expected
+ Received

- false
+ true

 ❯ src/everything.spec.ts:8:18
            </failure>
        </testcase>
        <testcase classname="src/everything.spec.ts" name="describe 54 &gt; example test 60" time="0.000014083">
        </testcase>
        <testcase classname="src/everything.spec.ts" name="describe 54 &gt; example test 61" time="0.000065292">
            <failure message="expected true to be false // Object.is equality" type="AssertionError">
AssertionError: expected true to be false // Object.is equality

- Expected
+ Received

- false
+ true

 ❯ src/everything.spec.ts:8:18
            </failure>
        </testcase>
        <testcase classname="src/everything.spec.ts" name="describe 54 &gt; example test 62" time="0.000016958">
        </testcase>
        <testcase classname="src/everything.spec.ts" name="describe 54 &gt; example test 63" time="0.000061542">
            <failure message="expected true to be false // Object.is equality" type="AssertionError">
AssertionError: expected true to be false // Object.is equality

- Expected
+ Received

- false
+ true

 ❯ src/everything.spec.ts:8:18
            </failure>
        </testcase>
        <testcase classname="src/everything.spec.ts" name="describe 54 &gt; example test 64" time="0.000014333">
        </testcase>
        <testcase classname="src/everything.spec.ts" name="describe 54 &gt; example test 65" time="0.000062583">
            <failure message="expected true to be false // Object.is equality" type="AssertionError">
AssertionError: expected true to be false // Object.is equality

- Expected
+ Received

- false
+ true

 ❯ src/everything.spec.ts:8:18
            </failure>
        </testcase>
        <testcase classname="src/everything.spec.ts" name="describe 54 &gt; example test 66" time="0.000016833">
        </testcase>
        <testcase classname="src/everything.spec.ts" name="describe 54 &gt; example test 67" time="0.000062166">
            <failure message="expected true to be false // Object.is equality" type="AssertionError">
AssertionError: expected true to be false // Object.is equality

- Expected
+ Received

- false
+ true

 ❯ src/everything.spec.ts:8:18
            </failure>
        </testcase>
        <testcase classname="src/everything.spec.ts" name="describe 54 &gt; example test 68" time="0.00001775">
        </testcase>
        <testcase classname="src/everything.spec.ts" name="describe 54 &gt; example test 69" time="0.000072833">
            <failure message="expected true to be false // Object.is equality" type="AssertionError">
AssertionError: expected true to be false // Object.is equality

- Expected
+ Received

- false
+ true

 ❯ src/everything.spec.ts:8:18
            </failure>
        </testcase>
        <testcase classname="src/everything.spec.ts" name="describe 54 &gt; example test 70" time="0.000017083">
        </testcase>
        <testcase classname="src/everything.spec.ts" name="describe 54 &gt; example test 71" time="0.0000645">
            <failure message="expected true to be false // Object.is equality" type="AssertionError">
AssertionError: expected true to be false // Object.is equality

- Expected
+ Received

- false
+ true

 ❯ src/everything.spec.ts:8:18
            </failure>
        </testcase>
        <testcase classname="src/everything.spec.ts" name="describe 54 &gt; example test 72" time="0.000014125">
        </testcase>
        <testcase classname="src/everything.spec.ts" name="describe 54 &gt; example test 73" time="0.00006575">
            <failure message="expected true to be false // Object.is equality" type="AssertionError">
AssertionError: expected true to be false // Object.is equality

- Expected
+ Received

- false
+ true

 ❯ src/everything.spec.ts:8:18
            </failure>
        </testcase>
        <testcase classname="src/everything.spec.ts" name="describe 54 &gt; example test 74" time="0.000017">
        </testcase>
        <testcase classname="src/everything.spec.ts" name="describe 54 &gt; example test 75" time="0.000071292">
            <failure message="expected true to be false // Object.is equality" type="AssertionError">
AssertionError: expected true to be false // Object.is equality

- Expected
+ Received

- false
+ true

 ❯ src/everything.spec.ts:8:18
            </failure>
        </testcase>
        <testcase classname="src/everything.spec.ts" name="describe 54 &gt; example test 76" time="0.000016084">
        </testcase>
        <testcase classname="src/everything.spec.ts" name="describe 54 &gt; example test 77" time="0.000065834">
            <failure message="expected true to be false // Object.is equality" type="AssertionError">
AssertionError: expected true to be false // Object.is equality

- Expected
+ Received

- false
+ true

 ❯ src/everything.spec.ts:8:18
            </failure>
        </testcase>
        <testcase classname="src/everything.spec.ts" name="describe 54 &gt; example test 78" time="0.000014083">
        </testcase>
        <testcase classname="src/everything.spec.ts" name="describe 54 &gt; example test 79" time="0.000068542">
            <failure message="expected true to be false // Object.is equality" type="AssertionError">
AssertionError: expected true to be false // Object.is equality

- Expected
+ Received

- false
+ true

 ❯ src/everything.spec.ts:8:18
            </failure>
        </testcase>
        <testcase classname="src/everything.spec.ts" name="describe 54 &gt; example test 80" time="0.0000155">
        </testcase>
        <testcase classname="src/everything.spec.ts" name="describe 54 &gt; example test 81" time="0.000070875">
            <failure message="expected true to be false // Object.is equality" type="AssertionError">
AssertionError: expected true to be false // Object.is equality

- Expected
+ Received

- false
+ true

 ❯ src/everything.spec.ts:8:18
            </failure>
        </testcase>
        <testcase classname="src/everything.spec.ts" name="describe 54 &gt; example test 82" time="0.0000145">
        </testcase>
        <testcase classname="src/everything.spec.ts" name="describe 54 &gt; example test 83" time="0.000070375">
            <failure message="expected true to be false // Object.is equality" type="AssertionError">
AssertionError: expected true to be false // Object.is equality

- Expected
+ Received

- false
+ true

 ❯ src/everything.spec.ts:8:18
            </failure>
        </testcase>
        <testcase classname="src/everything.spec.ts" name="describe 54 &gt; example test 84" time="0.000018333">
        </testcase>
        <testcase classname="src/everything.spec.ts" name="describe 54 &gt; example test 85" time="0.000071583">
            <failure message="expected true to be false // Object.is equality" type="AssertionError">
AssertionError: expected true to be false // Object.is equality

- Expected
+ Received

- false
+ true

 ❯ src/everything.spec.ts:8:18
            </failure>
        </testcase>
        <testcase classname="src/everything.spec.ts" name="describe 54 &gt; example test 86" time="0.000017292">
        </testcase>
        <testcase classname="src/everything.spec.ts" name="describe 54 &gt; example test 87" time="0.000066958">
            <failure message="expected true to be false // Object.is equality" type="AssertionError">
AssertionError: expected true to be false // Object.is equality

- Expected
+ Received

- false
+ true

 ❯ src/everything.spec.ts:8:18
            </failure>
        </testcase>
        <testcase classname="src/everything.spec.ts" name="describe 54 &gt; example test 88" time="0.000017209">
        </testcase>
        <testcase classname="src/everything.spec.ts" name="describe 54 &gt; example test 89" time="0.000071416">
            <failure message="expected true to be false // Object.is equality" type="AssertionError">
AssertionError: expected true to be false // Object.is equality

- Expected
+ Received

- false
+ true

 ❯ src/everything.spec.ts:8:18
            </failure>
        </testcase>
        <testcase classname="src/everything.spec.ts" name="describe 54 &gt; example test 90" time="0.000016917">
        </testcase>
        <testcase classname="src/everything.spec.ts" name="describe 54 &gt; example test 91" time="0.000067375">
            <failure message="expected true to be false // Object.is equality" type="AssertionError">
AssertionError: expected true to be false // Object.is equality

- Expected
+ Received

- false
+ true

 ❯ src/everything.spec.ts:8:18
            </failure>
        </testcase>
        <testcase classname="src/everything.spec.ts" name="describe 54 &gt; example test 92" time="0.000021708">
        </testcase>
        <testcase classname="src/everything.spec.ts" name="describe 54 &gt; example test 93" time="0.00006525">
            <failure message="expected true to be false // Object.is equality" type="AssertionError">
AssertionError: expected true to be false // Object.is equality

- Expected
+ Received

- false
+ true

 ❯ src/everything.spec.ts:8:18
            </failure>
        </testcase>
        <testcase classname="src/everything.spec.ts" name="describe 54 &gt; example test 94" time="0.000014291">
        </testcase>
        <testcase classname="src/everything.spec.ts" name="describe 54 &gt; example test 95" time="0.000061958">
            <failure message="expected true to be false // Object.is equality" type="AssertionError">
AssertionError: expected true to be false // Object.is equality

- Expected
+ Received

- false
+ true

 ❯ src/everything.spec.ts:8:18
            </failure>
        </testcase>
        <testcase classname="src/everything.spec.ts" name="describe 54 &gt; example test 96" time="0.000016292">
        </testcase>
        <testcase classname="src/everything.spec.ts" name="describe 54 &gt; example test 97" time="0.000064625">
            <failure message="expected true to be false // Object.is equality" type="AssertionError">
AssertionError: expected true to be false // Object.is equality

- Expected
+ Received

- false
+ true

 ❯ src/everything.spec.ts:8:18
            </failure>
        </testcase>
        <testcase classname="src/everything.spec.ts" name="describe 54 &gt; example test 98" time="0.0000145">
        </testcase>
        <testcase classname="src/everything.spec.ts" name="describe 54 &gt; example test 99" time="0.000069459">
            <failure message="expected true to be false // Object.is equality" type="AssertionError">
AssertionError: expected true to be false // Object.is equality

- Expected
+ Received

- false
+ true

 ❯ src/everything.spec.ts:8:18
            </failure>
        </testcase>
        <testcase classname="src/everything.spec.ts" name="describe 54 &gt; example test 100" time="0.0000175">
        </testcase>
        <testcase classname="src/everything.spec.ts" name="describe 55 &gt; example test 1" time="0.000086167">
            <failure message="expected true to be false // Object.is equality" type="AssertionError">
AssertionError: expected true to be false // Object.is equality

- Expected
+ Received

- false
+ true

 ❯ src/everything.spec.ts:8:18
            </failure>
        </testcase>
        <testcase classname="src/everything.spec.ts" name="describe 55 &gt; example test 2" time="0.000014917">
        </testcase>
        <testcase classname="src/everything.spec.ts" name="describe 55 &gt; example test 3" time="0.000069125">
            <failure message="expected true to be false // Object.is equality" type="AssertionError">
AssertionError: expected true to be false // Object.is equality

- Expected
+ Received

- false
+ true

 ❯ src/everything.spec.ts:8:18
            </failure>
        </testcase>
        <testcase classname="src/everything.spec.ts" name="describe 55 &gt; example test 4" time="0.000016666">
        </testcase>
        <testcase classname="src/everything.spec.ts" name="describe 55 &gt; example test 5" time="0.000064083">
            <failure message="expected true to be false // Object.is equality" type="AssertionError">
AssertionError: expected true to be false // Object.is equality

- Expected
+ Received

- false
+ true

 ❯ src/everything.spec.ts:8:18
            </failure>
        </testcase>
        <testcase classname="src/everything.spec.ts" name="describe 55 &gt; example test 6" time="0.000014708">
        </testcase>
        <testcase classname="src/everything.spec.ts" name="describe 55 &gt; example test 7" time="0.000067208">
            <failure message="expected true to be false // Object.is equality" type="AssertionError">
AssertionError: expected true to be false // Object.is equality

- Expected
+ Received

- false
+ true

 ❯ src/everything.spec.ts:8:18
            </failure>
        </testcase>
        <testcase classname="src/everything.spec.ts" name="describe 55 &gt; example test 8" time="0.000017">
        </testcase>
        <testcase classname="src/everything.spec.ts" name="describe 55 &gt; example test 9" time="0.00007">
            <failure message="expected true to be false // Object.is equality" type="AssertionError">
AssertionError: expected true to be false // Object.is equality

- Expected
+ Received

- false
+ true

 ❯ src/everything.spec.ts:8:18
            </failure>
        </testcase>
        <testcase classname="src/everything.spec.ts" name="describe 55 &gt; example test 10" time="0.000017042">
        </testcase>
        <testcase classname="src/everything.spec.ts" name="describe 55 &gt; example test 11" time="0.000066125">
            <failure message="expected true to be false // Object.is equality" type="AssertionError">
AssertionError: expected true to be false // Object.is equality

- Expected
+ Received

- false
+ true

 ❯ src/everything.spec.ts:8:18
            </failure>
        </testcase>
        <testcase classname="src/everything.spec.ts" name="describe 55 &gt; example test 12" time="0.000014458">
        </testcase>
        <testcase classname="src/everything.spec.ts" name="describe 55 &gt; example test 13" time="0.000107">
            <failure message="expected true to be false // Object.is equality" type="AssertionError">
AssertionError: expected true to be false // Object.is equality

- Expected
+ Received

- false
+ true

 ❯ src/everything.spec.ts:8:18
            </failure>
        </testcase>
        <testcase classname="src/everything.spec.ts" name="describe 55 &gt; example test 14" time="0.000034583">
        </testcase>
        <testcase classname="src/everything.spec.ts" name="describe 55 &gt; example test 15" time="0.000070916">
            <failure message="expected true to be false // Object.is equality" type="AssertionError">
AssertionError: expected true to be false // Object.is equality

- Expected
+ Received

- false
+ true

 ❯ src/everything.spec.ts:8:18
            </failure>
        </testcase>
        <testcase classname="src/everything.spec.ts" name="describe 55 &gt; example test 16" time="0.000015042">
        </testcase>
        <testcase classname="src/everything.spec.ts" name="describe 55 &gt; example test 17" time="0.000067167">
            <failure message="expected true to be false // Object.is equality" type="AssertionError">
AssertionError: expected true to be false // Object.is equality

- Expected
+ Received

- false
+ true

 ❯ src/everything.spec.ts:8:18
            </failure>
        </testcase>
        <testcase classname="src/everything.spec.ts" name="describe 55 &gt; example test 18" time="0.000015375">
        </testcase>
        <testcase classname="src/everything.spec.ts" name="describe 55 &gt; example test 19" time="0.000084375">
            <failure message="expected true to be false // Object.is equality" type="AssertionError">
AssertionError: expected true to be false // Object.is equality

- Expected
+ Received

- false
+ true

 ❯ src/everything.spec.ts:8:18
            </failure>
        </testcase>
        <testcase classname="src/everything.spec.ts" name="describe 55 &gt; example test 20" time="0.000017834">
        </testcase>
        <testcase classname="src/everything.spec.ts" name="describe 55 &gt; example test 21" time="0.0000795">
            <failure message="expected true to be false // Object.is equality" type="AssertionError">
AssertionError: expected true to be false // Object.is equality

- Expected
+ Received

- false
+ true

 ❯ src/everything.spec.ts:8:18
            </failure>
        </testcase>
        <testcase classname="src/everything.spec.ts" name="describe 55 &gt; example test 22" time="0.00001625">
        </testcase>
        <testcase classname="src/everything.spec.ts" name="describe 55 &gt; example test 23" time="0.000070083">
            <failure message="expected true to be false // Object.is equality" type="AssertionError">
AssertionError: expected true to be false // Object.is equality

- Expected
+ Received

- false
+ true

 ❯ src/everything.spec.ts:8:18
            </failure>
        </testcase>
        <testcase classname="src/everything.spec.ts" name="describe 55 &gt; example test 24" time="0.000015041">
        </testcase>
        <testcase classname="src/everything.spec.ts" name="describe 55 &gt; example test 25" time="0.000079584">
            <failure message="expected true to be false // Object.is equality" type="AssertionError">
AssertionError: expected true to be false // Object.is equality

- Expected
+ Received

- false
+ true

 ❯ src/everything.spec.ts:8:18
            </failure>
        </testcase>
        <testcase classname="src/everything.spec.ts" name="describe 55 &gt; example test 26" time="0.000015208">
        </testcase>
        <testcase classname="src/everything.spec.ts" name="describe 55 &gt; example test 27" time="0.000078209">
            <failure message="expected true to be false // Object.is equality" type="AssertionError">
AssertionError: expected true to be false // Object.is equality

- Expected
+ Received

- false
+ true

 ❯ src/everything.spec.ts:8:18
            </failure>
        </testcase>
        <testcase classname="src/everything.spec.ts" name="describe 55 &gt; example test 28" time="0.000015167">
        </testcase>
        <testcase classname="src/everything.spec.ts" name="describe 55 &gt; example test 29" time="0.000072792">
            <failure message="expected true to be false // Object.is equality" type="AssertionError">
AssertionError: expected true to be false // Object.is equality

- Expected
+ Received

- false
+ true

 ❯ src/everything.spec.ts:8:18
            </failure>
        </testcase>
        <testcase classname="src/everything.spec.ts" name="describe 55 &gt; example test 30" time="0.000029458">
        </testcase>
        <testcase classname="src/everything.spec.ts" name="describe 55 &gt; example test 31" time="0.000069458">
            <failure message="expected true to be false // Object.is equality" type="AssertionError">
AssertionError: expected true to be false // Object.is equality

- Expected
+ Received

- false
+ true

 ❯ src/everything.spec.ts:8:18
            </failure>
        </testcase>
        <testcase classname="src/everything.spec.ts" name="describe 55 &gt; example test 32" time="0.000015292">
        </testcase>
        <testcase classname="src/everything.spec.ts" name="describe 55 &gt; example test 33" time="0.000083458">
            <failure message="expected true to be false // Object.is equality" type="AssertionError">
AssertionError: expected true to be false // Object.is equality

- Expected
+ Received

- false
+ true

 ❯ src/everything.spec.ts:8:18
            </failure>
        </testcase>
        <testcase classname="src/everything.spec.ts" name="describe 55 &gt; example test 34" time="0.00001575">
        </testcase>
        <testcase classname="src/everything.spec.ts" name="describe 55 &gt; example test 35" time="0.00007475">
            <failure message="expected true to be false // Object.is equality" type="AssertionError">
AssertionError: expected true to be false // Object.is equality

- Expected
+ Received

- false
+ true

 ❯ src/everything.spec.ts:8:18
            </failure>
        </testcase>
        <testcase classname="src/everything.spec.ts" name="describe 55 &gt; example test 36" time="0.000015042">
        </testcase>
        <testcase classname="src/everything.spec.ts" name="describe 55 &gt; example test 37" time="0.00006675">
            <failure message="expected true to be false // Object.is equality" type="AssertionError">
AssertionError: expected true to be false // Object.is equality

- Expected
+ Received

- false
+ true

 ❯ src/everything.spec.ts:8:18
            </failure>
        </testcase>
        <testcase classname="src/everything.spec.ts" name="describe 55 &gt; example test 38" time="0.000015125">
        </testcase>
        <testcase classname="src/everything.spec.ts" name="describe 55 &gt; example test 39" time="0.000068084">
            <failure message="expected true to be false // Object.is equality" type="AssertionError">
AssertionError: expected true to be false // Object.is equality

- Expected
+ Received

- false
+ true

 ❯ src/everything.spec.ts:8:18
            </failure>
        </testcase>
        <testcase classname="src/everything.spec.ts" name="describe 55 &gt; example test 40" time="0.000015625">
        </testcase>
        <testcase classname="src/everything.spec.ts" name="describe 55 &gt; example test 41" time="0.000108667">
            <failure message="expected true to be false // Object.is equality" type="AssertionError">
AssertionError: expected true to be false // Object.is equality

- Expected
+ Received

- false
+ true

 ❯ src/everything.spec.ts:8:18
            </failure>
        </testcase>
        <testcase classname="src/everything.spec.ts" name="describe 55 &gt; example test 42" time="0.000014333">
        </testcase>
        <testcase classname="src/everything.spec.ts" name="describe 55 &gt; example test 43" time="0.000065375">
            <failure message="expected true to be false // Object.is equality" type="AssertionError">
AssertionError: expected true to be false // Object.is equality

- Expected
+ Received

- false
+ true

 ❯ src/everything.spec.ts:8:18
            </failure>
        </testcase>
        <testcase classname="src/everything.spec.ts" name="describe 55 &gt; example test 44" time="0.00001375">
        </testcase>
        <testcase classname="src/everything.spec.ts" name="describe 55 &gt; example test 45" time="0.000062042">
            <failure message="expected true to be false // Object.is equality" type="AssertionError">
AssertionError: expected true to be false // Object.is equality

- Expected
+ Received

- false
+ true

 ❯ src/everything.spec.ts:8:18
            </failure>
        </testcase>
        <testcase classname="src/everything.spec.ts" name="describe 55 &gt; example test 46" time="0.000013875">
        </testcase>
        <testcase classname="src/everything.spec.ts" name="describe 55 &gt; example test 47" time="0.0000615">
            <failure message="expected true to be false // Object.is equality" type="AssertionError">
AssertionError: expected true to be false // Object.is equality

- Expected
+ Received

- false
+ true

 ❯ src/everything.spec.ts:8:18
            </failure>
        </testcase>
        <testcase classname="src/everything.spec.ts" name="describe 55 &gt; example test 48" time="0.000013917">
        </testcase>
        <testcase classname="src/everything.spec.ts" name="describe 55 &gt; example test 49" time="0.000060708">
            <failure message="expected true to be false // Object.is equality" type="AssertionError">
AssertionError: expected true to be false // Object.is equality

- Expected
+ Received

- false
+ true

 ❯ src/everything.spec.ts:8:18
            </failure>
        </testcase>
        <testcase classname="src/everything.spec.ts" name="describe 55 &gt; example test 50" time="0.000013792">
        </testcase>
        <testcase classname="src/everything.spec.ts" name="describe 55 &gt; example test 51" time="0.000061791">
            <failure message="expected true to be false // Object.is equality" type="AssertionError">
AssertionError: expected true to be false // Object.is equality

- Expected
+ Received

- false
+ true

 ❯ src/everything.spec.ts:8:18
            </failure>
        </testcase>
        <testcase classname="src/everything.spec.ts" name="describe 55 &gt; example test 52" time="0.000014292">
        </testcase>
        <testcase classname="src/everything.spec.ts" name="describe 55 &gt; example test 53" time="0.000061334">
            <failure message="expected true to be false // Object.is equality" type="AssertionError">
AssertionError: expected true to be false // Object.is equality

- Expected
+ Received

- false
+ true

 ❯ src/everything.spec.ts:8:18
            </failure>
        </testcase>
        <testcase classname="src/everything.spec.ts" name="describe 55 &gt; example test 54" time="0.000014">
        </testcase>
        <testcase classname="src/everything.spec.ts" name="describe 55 &gt; example test 55" time="0.000068333">
            <failure message="expected true to be false // Object.is equality" type="AssertionError">
AssertionError: expected true to be false // Object.is equality

- Expected
+ Received

- false
+ true

 ❯ src/everything.spec.ts:8:18
            </failure>
        </testcase>
        <testcase classname="src/everything.spec.ts" name="describe 55 &gt; example test 56" time="0.000015917">
        </testcase>
        <testcase classname="src/everything.spec.ts" name="describe 55 &gt; example test 57" time="0.000061042">
            <failure message="expected true to be false // Object.is equality" type="AssertionError">
AssertionError: expected true to be false // Object.is equality

- Expected
+ Received

- false
+ true

 ❯ src/everything.spec.ts:8:18
            </failure>
        </testcase>
        <testcase classname="src/everything.spec.ts" name="describe 55 &gt; example test 58" time="0.000014167">
        </testcase>
        <testcase classname="src/everything.spec.ts" name="describe 55 &gt; example test 59" time="0.000063041">
            <failure message="expected true to be false // Object.is equality" type="AssertionError">
AssertionError: expected true to be false // Object.is equality

- Expected
+ Received

- false
+ true

 ❯ src/everything.spec.ts:8:18
            </failure>
        </testcase>
        <testcase classname="src/everything.spec.ts" name="describe 55 &gt; example test 60" time="0.000013917">
        </testcase>
        <testcase classname="src/everything.spec.ts" name="describe 55 &gt; example test 61" time="0.000060875">
            <failure message="expected true to be false // Object.is equality" type="AssertionError">
AssertionError: expected true to be false // Object.is equality

- Expected
+ Received

- false
+ true

 ❯ src/everything.spec.ts:8:18
            </failure>
        </testcase>
        <testcase classname="src/everything.spec.ts" name="describe 55 &gt; example test 62" time="0.000015208">
        </testcase>
        <testcase classname="src/everything.spec.ts" name="describe 55 &gt; example test 63" time="0.000064333">
            <failure message="expected true to be false // Object.is equality" type="AssertionError">
AssertionError: expected true to be false // Object.is equality

- Expected
+ Received

- false
+ true

 ❯ src/everything.spec.ts:8:18
            </failure>
        </testcase>
        <testcase classname="src/everything.spec.ts" name="describe 55 &gt; example test 64" time="0.000014333">
        </testcase>
        <testcase classname="src/everything.spec.ts" name="describe 55 &gt; example test 65" time="0.000063208">
            <failure message="expected true to be false // Object.is equality" type="AssertionError">
AssertionError: expected true to be false // Object.is equality

- Expected
+ Received

- false
+ true

 ❯ src/everything.spec.ts:8:18
            </failure>
        </testcase>
        <testcase classname="src/everything.spec.ts" name="describe 55 &gt; example test 66" time="0.000014041">
        </testcase>
        <testcase classname="src/everything.spec.ts" name="describe 55 &gt; example test 67" time="0.000470667">
            <failure message="expected true to be false // Object.is equality" type="AssertionError">
AssertionError: expected true to be false // Object.is equality

- Expected
+ Received

- false
+ true

 ❯ src/everything.spec.ts:8:18
            </failure>
        </testcase>
        <testcase classname="src/everything.spec.ts" name="describe 55 &gt; example test 68" time="0.000031916">
        </testcase>
        <testcase classname="src/everything.spec.ts" name="describe 55 &gt; example test 69" time="0.000105">
            <failure message="expected true to be false // Object.is equality" type="AssertionError">
AssertionError: expected true to be false // Object.is equality

- Expected
+ Received

- false
+ true

 ❯ src/everything.spec.ts:8:18
            </failure>
        </testcase>
        <testcase classname="src/everything.spec.ts" name="describe 55 &gt; example test 70" time="0.0000195">
        </testcase>
        <testcase classname="src/everything.spec.ts" name="describe 55 &gt; example test 71" time="0.000082167">
            <failure message="expected true to be false // Object.is equality" type="AssertionError">
AssertionError: expected true to be false // Object.is equality

- Expected
+ Received

- false
+ true

 ❯ src/everything.spec.ts:8:18
            </failure>
        </testcase>
        <testcase classname="src/everything.spec.ts" name="describe 55 &gt; example test 72" time="0.00001675">
        </testcase>
        <testcase classname="src/everything.spec.ts" name="describe 55 &gt; example test 73" time="0.000073209">
            <failure message="expected true to be false // Object.is equality" type="AssertionError">
AssertionError: expected true to be false // Object.is equality

- Expected
+ Received

- false
+ true

 ❯ src/everything.spec.ts:8:18
            </failure>
        </testcase>
        <testcase classname="src/everything.spec.ts" name="describe 55 &gt; example test 74" time="0.000016042">
        </testcase>
        <testcase classname="src/everything.spec.ts" name="describe 55 &gt; example test 75" time="0.000074291">
            <failure message="expected true to be false // Object.is equality" type="AssertionError">
AssertionError: expected true to be false // Object.is equality

- Expected
+ Received

- false
+ true

 ❯ src/everything.spec.ts:8:18
            </failure>
        </testcase>
        <testcase classname="src/everything.spec.ts" name="describe 55 &gt; example test 76" time="0.000015291">
        </testcase>
        <testcase classname="src/everything.spec.ts" name="describe 55 &gt; example test 77" time="0.000070042">
            <failure message="expected true to be false // Object.is equality" type="AssertionError">
AssertionError: expected true to be false // Object.is equality

- Expected
+ Received

- false
+ true

 ❯ src/everything.spec.ts:8:18
            </failure>
        </testcase>
        <testcase classname="src/everything.spec.ts" name="describe 55 &gt; example test 78" time="0.000015416">
        </testcase>
        <testcase classname="src/everything.spec.ts" name="describe 55 &gt; example test 79" time="0.000070375">
            <failure message="expected true to be false // Object.is equality" type="AssertionError">
AssertionError: expected true to be false // Object.is equality

- Expected
+ Received

- false
+ true

 ❯ src/everything.spec.ts:8:18
            </failure>
        </testcase>
        <testcase classname="src/everything.spec.ts" name="describe 55 &gt; example test 80" time="0.000015083">
        </testcase>
        <testcase classname="src/everything.spec.ts" name="describe 55 &gt; example test 81" time="0.000068708">
            <failure message="expected true to be false // Object.is equality" type="AssertionError">
AssertionError: expected true to be false // Object.is equality

- Expected
+ Received

- false
+ true

 ❯ src/everything.spec.ts:8:18
            </failure>
        </testcase>
        <testcase classname="src/everything.spec.ts" name="describe 55 &gt; example test 82" time="0.000014959">
        </testcase>
        <testcase classname="src/everything.spec.ts" name="describe 55 &gt; example test 83" time="0.000068084">
            <failure message="expected true to be false // Object.is equality" type="AssertionError">
AssertionError: expected true to be false // Object.is equality

- Expected
+ Received

- false
+ true

 ❯ src/everything.spec.ts:8:18
            </failure>
        </testcase>
        <testcase classname="src/everything.spec.ts" name="describe 55 &gt; example test 84" time="0.0000145">
        </testcase>
        <testcase classname="src/everything.spec.ts" name="describe 55 &gt; example test 85" time="0.000065083">
            <failure message="expected true to be false // Object.is equality" type="AssertionError">
AssertionError: expected true to be false // Object.is equality

- Expected
+ Received

- false
+ true

 ❯ src/everything.spec.ts:8:18
            </failure>
        </testcase>
        <testcase classname="src/everything.spec.ts" name="describe 55 &gt; example test 86" time="0.000016666">
        </testcase>
        <testcase classname="src/everything.spec.ts" name="describe 55 &gt; example test 87" time="0.000066792">
            <failure message="expected true to be false // Object.is equality" type="AssertionError">
AssertionError: expected true to be false // Object.is equality

- Expected
+ Received

- false
+ true

 ❯ src/everything.spec.ts:8:18
            </failure>
        </testcase>
        <testcase classname="src/everything.spec.ts" name="describe 55 &gt; example test 88" time="0.000017667">
        </testcase>
        <testcase classname="src/everything.spec.ts" name="describe 55 &gt; example test 89" time="0.000063542">
            <failure message="expected true to be false // Object.is equality" type="AssertionError">
AssertionError: expected true to be false // Object.is equality

- Expected
+ Received

- false
+ true

 ❯ src/everything.spec.ts:8:18
            </failure>
        </testcase>
        <testcase classname="src/everything.spec.ts" name="describe 55 &gt; example test 90" time="0.000014791">
        </testcase>
        <testcase classname="src/everything.spec.ts" name="describe 55 &gt; example test 91" time="0.00006475">
            <failure message="expected true to be false // Object.is equality" type="AssertionError">
AssertionError: expected true to be false // Object.is equality

- Expected
+ Received

- false
+ true

 ❯ src/everything.spec.ts:8:18
            </failure>
        </testcase>
        <testcase classname="src/everything.spec.ts" name="describe 55 &gt; example test 92" time="0.000020083">
        </testcase>
        <testcase classname="src/everything.spec.ts" name="describe 55 &gt; example test 93" time="0.0000675">
            <failure message="expected true to be false // Object.is equality" type="AssertionError">
AssertionError: expected true to be false // Object.is equality

- Expected
+ Received

- false
+ true

 ❯ src/everything.spec.ts:8:18
            </failure>
        </testcase>
        <testcase classname="src/everything.spec.ts" name="describe 55 &gt; example test 94" time="0.000016541">
        </testcase>
        <testcase classname="src/everything.spec.ts" name="describe 55 &gt; example test 95" time="0.000065292">
            <failure message="expected true to be false // Object.is equality" type="AssertionError">
AssertionError: expected true to be false // Object.is equality

- Expected
+ Received

- false
+ true

 ❯ src/everything.spec.ts:8:18
            </failure>
        </testcase>
        <testcase classname="src/everything.spec.ts" name="describe 55 &gt; example test 96" time="0.000014917">
        </testcase>
        <testcase classname="src/everything.spec.ts" name="describe 55 &gt; example test 97" time="0.000063166">
            <failure message="expected true to be false // Object.is equality" type="AssertionError">
AssertionError: expected true to be false // Object.is equality

- Expected
+ Received

- false
+ true

 ❯ src/everything.spec.ts:8:18
            </failure>
        </testcase>
        <testcase classname="src/everything.spec.ts" name="describe 55 &gt; example test 98" time="0.000014417">
        </testcase>
        <testcase classname="src/everything.spec.ts" name="describe 55 &gt; example test 99" time="0.000062542">
            <failure message="expected true to be false // Object.is equality" type="AssertionError">
AssertionError: expected true to be false // Object.is equality

- Expected
+ Received

- false
+ true

 ❯ src/everything.spec.ts:8:18
            </failure>
        </testcase>
        <testcase classname="src/everything.spec.ts" name="describe 55 &gt; example test 100" time="0.000014875">
        </testcase>
        <testcase classname="src/everything.spec.ts" name="describe 56 &gt; example test 1" time="0.000068125">
            <failure message="expected true to be false // Object.is equality" type="AssertionError">
AssertionError: expected true to be false // Object.is equality

- Expected
+ Received

- false
+ true

 ❯ src/everything.spec.ts:8:18
            </failure>
        </testcase>
        <testcase classname="src/everything.spec.ts" name="describe 56 &gt; example test 2" time="0.000014875">
        </testcase>
        <testcase classname="src/everything.spec.ts" name="describe 56 &gt; example test 3" time="0.000062875">
            <failure message="expected true to be false // Object.is equality" type="AssertionError">
AssertionError: expected true to be false // Object.is equality

- Expected
+ Received

- false
+ true

 ❯ src/everything.spec.ts:8:18
            </failure>
        </testcase>
        <testcase classname="src/everything.spec.ts" name="describe 56 &gt; example test 4" time="0.000014459">
        </testcase>
        <testcase classname="src/everything.spec.ts" name="describe 56 &gt; example test 5" time="0.000062333">
            <failure message="expected true to be false // Object.is equality" type="AssertionError">
AssertionError: expected true to be false // Object.is equality

- Expected
+ Received

- false
+ true

 ❯ src/everything.spec.ts:8:18
            </failure>
        </testcase>
        <testcase classname="src/everything.spec.ts" name="describe 56 &gt; example test 6" time="0.000014583">
        </testcase>
        <testcase classname="src/everything.spec.ts" name="describe 56 &gt; example test 7" time="0.000064667">
            <failure message="expected true to be false // Object.is equality" type="AssertionError">
AssertionError: expected true to be false // Object.is equality

- Expected
+ Received

- false
+ true

 ❯ src/everything.spec.ts:8:18
            </failure>
        </testcase>
        <testcase classname="src/everything.spec.ts" name="describe 56 &gt; example test 8" time="0.000014625">
        </testcase>
        <testcase classname="src/everything.spec.ts" name="describe 56 &gt; example test 9" time="0.000062333">
            <failure message="expected true to be false // Object.is equality" type="AssertionError">
AssertionError: expected true to be false // Object.is equality

- Expected
+ Received

- false
+ true

 ❯ src/everything.spec.ts:8:18
            </failure>
        </testcase>
        <testcase classname="src/everything.spec.ts" name="describe 56 &gt; example test 10" time="0.000014416">
        </testcase>
        <testcase classname="src/everything.spec.ts" name="describe 56 &gt; example test 11" time="0.000063334">
            <failure message="expected true to be false // Object.is equality" type="AssertionError">
AssertionError: expected true to be false // Object.is equality

- Expected
+ Received

- false
+ true

 ❯ src/everything.spec.ts:8:18
            </failure>
        </testcase>
        <testcase classname="src/everything.spec.ts" name="describe 56 &gt; example test 12" time="0.000018125">
        </testcase>
        <testcase classname="src/everything.spec.ts" name="describe 56 &gt; example test 13" time="0.00006975">
            <failure message="expected true to be false // Object.is equality" type="AssertionError">
AssertionError: expected true to be false // Object.is equality

- Expected
+ Received

- false
+ true

 ❯ src/everything.spec.ts:8:18
            </failure>
        </testcase>
        <testcase classname="src/everything.spec.ts" name="describe 56 &gt; example test 14" time="0.000014791">
        </testcase>
        <testcase classname="src/everything.spec.ts" name="describe 56 &gt; example test 15" time="0.000063916">
            <failure message="expected true to be false // Object.is equality" type="AssertionError">
AssertionError: expected true to be false // Object.is equality

- Expected
+ Received

- false
+ true

 ❯ src/everything.spec.ts:8:18
            </failure>
        </testcase>
        <testcase classname="src/everything.spec.ts" name="describe 56 &gt; example test 16" time="0.000018291">
        </testcase>
        <testcase classname="src/everything.spec.ts" name="describe 56 &gt; example test 17" time="0.000061833">
            <failure message="expected true to be false // Object.is equality" type="AssertionError">
AssertionError: expected true to be false // Object.is equality

- Expected
+ Received

- false
+ true

 ❯ src/everything.spec.ts:8:18
            </failure>
        </testcase>
        <testcase classname="src/everything.spec.ts" name="describe 56 &gt; example test 18" time="0.000016917">
        </testcase>
        <testcase classname="src/everything.spec.ts" name="describe 56 &gt; example test 19" time="0.000064709">
            <failure message="expected true to be false // Object.is equality" type="AssertionError">
AssertionError: expected true to be false // Object.is equality

- Expected
+ Received

- false
+ true

 ❯ src/everything.spec.ts:8:18
            </failure>
        </testcase>
        <testcase classname="src/everything.spec.ts" name="describe 56 &gt; example test 20" time="0.000015625">
        </testcase>
        <testcase classname="src/everything.spec.ts" name="describe 56 &gt; example test 21" time="0.000062334">
            <failure message="expected true to be false // Object.is equality" type="AssertionError">
AssertionError: expected true to be false // Object.is equality

- Expected
+ Received

- false
+ true

 ❯ src/everything.spec.ts:8:18
            </failure>
        </testcase>
        <testcase classname="src/everything.spec.ts" name="describe 56 &gt; example test 22" time="0.000014667">
        </testcase>
        <testcase classname="src/everything.spec.ts" name="describe 56 &gt; example test 23" time="0.000068041">
            <failure message="expected true to be false // Object.is equality" type="AssertionError">
AssertionError: expected true to be false // Object.is equality

- Expected
+ Received

- false
+ true

 ❯ src/everything.spec.ts:8:18
            </failure>
        </testcase>
        <testcase classname="src/everything.spec.ts" name="describe 56 &gt; example test 24" time="0.000016875">
        </testcase>
        <testcase classname="src/everything.spec.ts" name="describe 56 &gt; example test 25" time="0.000067083">
            <failure message="expected true to be false // Object.is equality" type="AssertionError">
AssertionError: expected true to be false // Object.is equality

- Expected
+ Received

- false
+ true

 ❯ src/everything.spec.ts:8:18
            </failure>
        </testcase>
        <testcase classname="src/everything.spec.ts" name="describe 56 &gt; example test 26" time="0.0000155">
        </testcase>
        <testcase classname="src/everything.spec.ts" name="describe 56 &gt; example test 27" time="0.000072125">
            <failure message="expected true to be false // Object.is equality" type="AssertionError">
AssertionError: expected true to be false // Object.is equality

- Expected
+ Received

- false
+ true

 ❯ src/everything.spec.ts:8:18
            </failure>
        </testcase>
        <testcase classname="src/everything.spec.ts" name="describe 56 &gt; example test 28" time="0.000014542">
        </testcase>
        <testcase classname="src/everything.spec.ts" name="describe 56 &gt; example test 29" time="0.0000625">
            <failure message="expected true to be false // Object.is equality" type="AssertionError">
AssertionError: expected true to be false // Object.is equality

- Expected
+ Received

- false
+ true

 ❯ src/everything.spec.ts:8:18
            </failure>
        </testcase>
        <testcase classname="src/everything.spec.ts" name="describe 56 &gt; example test 30" time="0.00001625">
        </testcase>
        <testcase classname="src/everything.spec.ts" name="describe 56 &gt; example test 31" time="0.000063625">
            <failure message="expected true to be false // Object.is equality" type="AssertionError">
AssertionError: expected true to be false // Object.is equality

- Expected
+ Received

- false
+ true

 ❯ src/everything.spec.ts:8:18
            </failure>
        </testcase>
        <testcase classname="src/everything.spec.ts" name="describe 56 &gt; example test 32" time="0.000014041">
        </testcase>
        <testcase classname="src/everything.spec.ts" name="describe 56 &gt; example test 33" time="0.000061167">
            <failure message="expected true to be false // Object.is equality" type="AssertionError">
AssertionError: expected true to be false // Object.is equality

- Expected
+ Received

- false
+ true

 ❯ src/everything.spec.ts:8:18
            </failure>
        </testcase>
        <testcase classname="src/everything.spec.ts" name="describe 56 &gt; example test 34" time="0.000015541">
        </testcase>
        <testcase classname="src/everything.spec.ts" name="describe 56 &gt; example test 35" time="0.000062666">
            <failure message="expected true to be false // Object.is equality" type="AssertionError">
AssertionError: expected true to be false // Object.is equality

- Expected
+ Received

- false
+ true

 ❯ src/everything.spec.ts:8:18
            </failure>
        </testcase>
        <testcase classname="src/everything.spec.ts" name="describe 56 &gt; example test 36" time="0.000014833">
        </testcase>
        <testcase classname="src/everything.spec.ts" name="describe 56 &gt; example test 37" time="0.000072958">
            <failure message="expected true to be false // Object.is equality" type="AssertionError">
AssertionError: expected true to be false // Object.is equality

- Expected
+ Received

- false
+ true

 ❯ src/everything.spec.ts:8:18
            </failure>
        </testcase>
        <testcase classname="src/everything.spec.ts" name="describe 56 &gt; example test 38" time="0.000017458">
        </testcase>
        <testcase classname="src/everything.spec.ts" name="describe 56 &gt; example test 39" time="0.000064584">
            <failure message="expected true to be false // Object.is equality" type="AssertionError">
AssertionError: expected true to be false // Object.is equality

- Expected
+ Received

- false
+ true

 ❯ src/everything.spec.ts:8:18
            </failure>
        </testcase>
        <testcase classname="src/everything.spec.ts" name="describe 56 &gt; example test 40" time="0.000014958">
        </testcase>
        <testcase classname="src/everything.spec.ts" name="describe 56 &gt; example test 41" time="0.000065791">
            <failure message="expected true to be false // Object.is equality" type="AssertionError">
AssertionError: expected true to be false // Object.is equality

- Expected
+ Received

- false
+ true

 ❯ src/everything.spec.ts:8:18
            </failure>
        </testcase>
        <testcase classname="src/everything.spec.ts" name="describe 56 &gt; example test 42" time="0.000014917">
        </testcase>
        <testcase classname="src/everything.spec.ts" name="describe 56 &gt; example test 43" time="0.000068458">
            <failure message="expected true to be false // Object.is equality" type="AssertionError">
AssertionError: expected true to be false // Object.is equality

- Expected
+ Received

- false
+ true

 ❯ src/everything.spec.ts:8:18
            </failure>
        </testcase>
        <testcase classname="src/everything.spec.ts" name="describe 56 &gt; example test 44" time="0.000014667">
        </testcase>
        <testcase classname="src/everything.spec.ts" name="describe 56 &gt; example test 45" time="0.000065458">
            <failure message="expected true to be false // Object.is equality" type="AssertionError">
AssertionError: expected true to be false // Object.is equality

- Expected
+ Received

- false
+ true

 ❯ src/everything.spec.ts:8:18
            </failure>
        </testcase>
        <testcase classname="src/everything.spec.ts" name="describe 56 &gt; example test 46" time="0.000018">
        </testcase>
        <testcase classname="src/everything.spec.ts" name="describe 56 &gt; example test 47" time="0.000068">
            <failure message="expected true to be false // Object.is equality" type="AssertionError">
AssertionError: expected true to be false // Object.is equality

- Expected
+ Received

- false
+ true

 ❯ src/everything.spec.ts:8:18
            </failure>
        </testcase>
        <testcase classname="src/everything.spec.ts" name="describe 56 &gt; example test 48" time="0.000014584">
        </testcase>
        <testcase classname="src/everything.spec.ts" name="describe 56 &gt; example test 49" time="0.00006225">
            <failure message="expected true to be false // Object.is equality" type="AssertionError">
AssertionError: expected true to be false // Object.is equality

- Expected
+ Received

- false
+ true

 ❯ src/everything.spec.ts:8:18
            </failure>
        </testcase>
        <testcase classname="src/everything.spec.ts" name="describe 56 &gt; example test 50" time="0.0000165">
        </testcase>
        <testcase classname="src/everything.spec.ts" name="describe 56 &gt; example test 51" time="0.000062625">
            <failure message="expected true to be false // Object.is equality" type="AssertionError">
AssertionError: expected true to be false // Object.is equality

- Expected
+ Received

- false
+ true

 ❯ src/everything.spec.ts:8:18
            </failure>
        </testcase>
        <testcase classname="src/everything.spec.ts" name="describe 56 &gt; example test 52" time="0.000014333">
        </testcase>
        <testcase classname="src/everything.spec.ts" name="describe 56 &gt; example test 53" time="0.00006625">
            <failure message="expected true to be false // Object.is equality" type="AssertionError">
AssertionError: expected true to be false // Object.is equality

- Expected
+ Received

- false
+ true

 ❯ src/everything.spec.ts:8:18
            </failure>
        </testcase>
        <testcase classname="src/everything.spec.ts" name="describe 56 &gt; example test 54" time="0.000016333">
        </testcase>
        <testcase classname="src/everything.spec.ts" name="describe 56 &gt; example test 55" time="0.000062791">
            <failure message="expected true to be false // Object.is equality" type="AssertionError">
AssertionError: expected true to be false // Object.is equality

- Expected
+ Received

- false
+ true

 ❯ src/everything.spec.ts:8:18
            </failure>
        </testcase>
        <testcase classname="src/everything.spec.ts" name="describe 56 &gt; example test 56" time="0.000014333">
        </testcase>
        <testcase classname="src/everything.spec.ts" name="describe 56 &gt; example test 57" time="0.000063917">
            <failure message="expected true to be false // Object.is equality" type="AssertionError">
AssertionError: expected true to be false // Object.is equality

- Expected
+ Received

- false
+ true

 ❯ src/everything.spec.ts:8:18
            </failure>
        </testcase>
        <testcase classname="src/everything.spec.ts" name="describe 56 &gt; example test 58" time="0.000017625">
        </testcase>
        <testcase classname="src/everything.spec.ts" name="describe 56 &gt; example test 59" time="0.000063625">
            <failure message="expected true to be false // Object.is equality" type="AssertionError">
AssertionError: expected true to be false // Object.is equality

- Expected
+ Received

- false
+ true

 ❯ src/everything.spec.ts:8:18
            </failure>
        </testcase>
        <testcase classname="src/everything.spec.ts" name="describe 56 &gt; example test 60" time="0.000014541">
        </testcase>
        <testcase classname="src/everything.spec.ts" name="describe 56 &gt; example test 61" time="0.000062083">
            <failure message="expected true to be false // Object.is equality" type="AssertionError">
AssertionError: expected true to be false // Object.is equality

- Expected
+ Received

- false
+ true

 ❯ src/everything.spec.ts:8:18
            </failure>
        </testcase>
        <testcase classname="src/everything.spec.ts" name="describe 56 &gt; example test 62" time="0.000014083">
        </testcase>
        <testcase classname="src/everything.spec.ts" name="describe 56 &gt; example test 63" time="0.00006275">
            <failure message="expected true to be false // Object.is equality" type="AssertionError">
AssertionError: expected true to be false // Object.is equality

- Expected
+ Received

- false
+ true

 ❯ src/everything.spec.ts:8:18
            </failure>
        </testcase>
        <testcase classname="src/everything.spec.ts" name="describe 56 &gt; example test 64" time="0.000014291">
        </testcase>
        <testcase classname="src/everything.spec.ts" name="describe 56 &gt; example test 65" time="0.000061417">
            <failure message="expected true to be false // Object.is equality" type="AssertionError">
AssertionError: expected true to be false // Object.is equality

- Expected
+ Received

- false
+ true

 ❯ src/everything.spec.ts:8:18
            </failure>
        </testcase>
        <testcase classname="src/everything.spec.ts" name="describe 56 &gt; example test 66" time="0.000014458">
        </testcase>
        <testcase classname="src/everything.spec.ts" name="describe 56 &gt; example test 67" time="0.000062084">
            <failure message="expected true to be false // Object.is equality" type="AssertionError">
AssertionError: expected true to be false // Object.is equality

- Expected
+ Received

- false
+ true

 ❯ src/everything.spec.ts:8:18
            </failure>
        </testcase>
        <testcase classname="src/everything.spec.ts" name="describe 56 &gt; example test 68" time="0.00001425">
        </testcase>
        <testcase classname="src/everything.spec.ts" name="describe 56 &gt; example test 69" time="0.000066042">
            <failure message="expected true to be false // Object.is equality" type="AssertionError">
AssertionError: expected true to be false // Object.is equality

- Expected
+ Received

- false
+ true

 ❯ src/everything.spec.ts:8:18
            </failure>
        </testcase>
        <testcase classname="src/everything.spec.ts" name="describe 56 &gt; example test 70" time="0.0000165">
        </testcase>
        <testcase classname="src/everything.spec.ts" name="describe 56 &gt; example test 71" time="0.000064625">
            <failure message="expected true to be false // Object.is equality" type="AssertionError">
AssertionError: expected true to be false // Object.is equality

- Expected
+ Received

- false
+ true

 ❯ src/everything.spec.ts:8:18
            </failure>
        </testcase>
        <testcase classname="src/everything.spec.ts" name="describe 56 &gt; example test 72" time="0.0000145">
        </testcase>
        <testcase classname="src/everything.spec.ts" name="describe 56 &gt; example test 73" time="0.000064042">
            <failure message="expected true to be false // Object.is equality" type="AssertionError">
AssertionError: expected true to be false // Object.is equality

- Expected
+ Received

- false
+ true

 ❯ src/everything.spec.ts:8:18
            </failure>
        </testcase>
        <testcase classname="src/everything.spec.ts" name="describe 56 &gt; example test 74" time="0.00001375">
        </testcase>
        <testcase classname="src/everything.spec.ts" name="describe 56 &gt; example test 75" time="0.000061584">
            <failure message="expected true to be false // Object.is equality" type="AssertionError">
AssertionError: expected true to be false // Object.is equality

- Expected
+ Received

- false
+ true

 ❯ src/everything.spec.ts:8:18
            </failure>
        </testcase>
        <testcase classname="src/everything.spec.ts" name="describe 56 &gt; example test 76" time="0.00001425">
        </testcase>
        <testcase classname="src/everything.spec.ts" name="describe 56 &gt; example test 77" time="0.000061208">
            <failure message="expected true to be false // Object.is equality" type="AssertionError">
AssertionError: expected true to be false // Object.is equality

- Expected
+ Received

- false
+ true

 ❯ src/everything.spec.ts:8:18
            </failure>
        </testcase>
        <testcase classname="src/everything.spec.ts" name="describe 56 &gt; example test 78" time="0.000014458">
        </testcase>
        <testcase classname="src/everything.spec.ts" name="describe 56 &gt; example test 79" time="0.000061875">
            <failure message="expected true to be false // Object.is equality" type="AssertionError">
AssertionError: expected true to be false // Object.is equality

- Expected
+ Received

- false
+ true

 ❯ src/everything.spec.ts:8:18
            </failure>
        </testcase>
        <testcase classname="src/everything.spec.ts" name="describe 56 &gt; example test 80" time="0.000014417">
        </testcase>
        <testcase classname="src/everything.spec.ts" name="describe 56 &gt; example test 81" time="0.000063084">
            <failure message="expected true to be false // Object.is equality" type="AssertionError">
AssertionError: expected true to be false // Object.is equality

- Expected
+ Received

- false
+ true

 ❯ src/everything.spec.ts:8:18
            </failure>
        </testcase>
        <testcase classname="src/everything.spec.ts" name="describe 56 &gt; example test 82" time="0.000015">
        </testcase>
        <testcase classname="src/everything.spec.ts" name="describe 56 &gt; example test 83" time="0.000064167">
            <failure message="expected true to be false // Object.is equality" type="AssertionError">
AssertionError: expected true to be false // Object.is equality

- Expected
+ Received

- false
+ true

 ❯ src/everything.spec.ts:8:18
            </failure>
        </testcase>
        <testcase classname="src/everything.spec.ts" name="describe 56 &gt; example test 84" time="0.0000155">
        </testcase>
        <testcase classname="src/everything.spec.ts" name="describe 56 &gt; example test 85" time="0.000064083">
            <failure message="expected true to be false // Object.is equality" type="AssertionError">
AssertionError: expected true to be false // Object.is equality

- Expected
+ Received

- false
+ true

 ❯ src/everything.spec.ts:8:18
            </failure>
        </testcase>
        <testcase classname="src/everything.spec.ts" name="describe 56 &gt; example test 86" time="0.000019584">
        </testcase>
        <testcase classname="src/everything.spec.ts" name="describe 56 &gt; example test 87" time="0.000061917">
            <failure message="expected true to be false // Object.is equality" type="AssertionError">
AssertionError: expected true to be false // Object.is equality

- Expected
+ Received

- false
+ true

 ❯ src/everything.spec.ts:8:18
            </failure>
        </testcase>
        <testcase classname="src/everything.spec.ts" name="describe 56 &gt; example test 88" time="0.00001675">
        </testcase>
        <testcase classname="src/everything.spec.ts" name="describe 56 &gt; example test 89" time="0.000061042">
            <failure message="expected true to be false // Object.is equality" type="AssertionError">
AssertionError: expected true to be false // Object.is equality

- Expected
+ Received

- false
+ true

 ❯ src/everything.spec.ts:8:18
            </failure>
        </testcase>
        <testcase classname="src/everything.spec.ts" name="describe 56 &gt; example test 90" time="0.0000165">
        </testcase>
        <testcase classname="src/everything.spec.ts" name="describe 56 &gt; example test 91" time="0.000065084">
            <failure message="expected true to be false // Object.is equality" type="AssertionError">
AssertionError: expected true to be false // Object.is equality

- Expected
+ Received

- false
+ true

 ❯ src/everything.spec.ts:8:18
            </failure>
        </testcase>
        <testcase classname="src/everything.spec.ts" name="describe 56 &gt; example test 92" time="0.000016625">
        </testcase>
        <testcase classname="src/everything.spec.ts" name="describe 56 &gt; example test 93" time="0.000062292">
            <failure message="expected true to be false // Object.is equality" type="AssertionError">
AssertionError: expected true to be false // Object.is equality

- Expected
+ Received

- false
+ true

 ❯ src/everything.spec.ts:8:18
            </failure>
        </testcase>
        <testcase classname="src/everything.spec.ts" name="describe 56 &gt; example test 94" time="0.000021791">
        </testcase>
        <testcase classname="src/everything.spec.ts" name="describe 56 &gt; example test 95" time="0.000061292">
            <failure message="expected true to be false // Object.is equality" type="AssertionError">
AssertionError: expected true to be false // Object.is equality

- Expected
+ Received

- false
+ true

 ❯ src/everything.spec.ts:8:18
            </failure>
        </testcase>
        <testcase classname="src/everything.spec.ts" name="describe 56 &gt; example test 96" time="0.000016042">
        </testcase>
        <testcase classname="src/everything.spec.ts" name="describe 56 &gt; example test 97" time="0.000061375">
            <failure message="expected true to be false // Object.is equality" type="AssertionError">
AssertionError: expected true to be false // Object.is equality

- Expected
+ Received

- false
+ true

 ❯ src/everything.spec.ts:8:18
            </failure>
        </testcase>
        <testcase classname="src/everything.spec.ts" name="describe 56 &gt; example test 98" time="0.0000175">
        </testcase>
        <testcase classname="src/everything.spec.ts" name="describe 56 &gt; example test 99" time="0.00006175">
            <failure message="expected true to be false // Object.is equality" type="AssertionError">
AssertionError: expected true to be false // Object.is equality

- Expected
+ Received

- false
+ true

 ❯ src/everything.spec.ts:8:18
            </failure>
        </testcase>
        <testcase classname="src/everything.spec.ts" name="describe 56 &gt; example test 100" time="0.000016708">
        </testcase>
        <testcase classname="src/everything.spec.ts" name="describe 57 &gt; example test 1" time="0.000063125">
            <failure message="expected true to be false // Object.is equality" type="AssertionError">
AssertionError: expected true to be false // Object.is equality

- Expected
+ Received

- false
+ true

 ❯ src/everything.spec.ts:8:18
            </failure>
        </testcase>
        <testcase classname="src/everything.spec.ts" name="describe 57 &gt; example test 2" time="0.000014042">
        </testcase>
        <testcase classname="src/everything.spec.ts" name="describe 57 &gt; example test 3" time="0.000063208">
            <failure message="expected true to be false // Object.is equality" type="AssertionError">
AssertionError: expected true to be false // Object.is equality

- Expected
+ Received

- false
+ true

 ❯ src/everything.spec.ts:8:18
            </failure>
        </testcase>
        <testcase classname="src/everything.spec.ts" name="describe 57 &gt; example test 4" time="0.000013916">
        </testcase>
        <testcase classname="src/everything.spec.ts" name="describe 57 &gt; example test 5" time="0.000064">
            <failure message="expected true to be false // Object.is equality" type="AssertionError">
AssertionError: expected true to be false // Object.is equality

- Expected
+ Received

- false
+ true

 ❯ src/everything.spec.ts:8:18
            </failure>
        </testcase>
        <testcase classname="src/everything.spec.ts" name="describe 57 &gt; example test 6" time="0.000014084">
        </testcase>
        <testcase classname="src/everything.spec.ts" name="describe 57 &gt; example test 7" time="0.00006275">
            <failure message="expected true to be false // Object.is equality" type="AssertionError">
AssertionError: expected true to be false // Object.is equality

- Expected
+ Received

- false
+ true

 ❯ src/everything.spec.ts:8:18
            </failure>
        </testcase>
        <testcase classname="src/everything.spec.ts" name="describe 57 &gt; example test 8" time="0.000014167">
        </testcase>
        <testcase classname="src/everything.spec.ts" name="describe 57 &gt; example test 9" time="0.000062375">
            <failure message="expected true to be false // Object.is equality" type="AssertionError">
AssertionError: expected true to be false // Object.is equality

- Expected
+ Received

- false
+ true

 ❯ src/everything.spec.ts:8:18
            </failure>
        </testcase>
        <testcase classname="src/everything.spec.ts" name="describe 57 &gt; example test 10" time="0.000014458">
        </testcase>
        <testcase classname="src/everything.spec.ts" name="describe 57 &gt; example test 11" time="0.000063375">
            <failure message="expected true to be false // Object.is equality" type="AssertionError">
AssertionError: expected true to be false // Object.is equality

- Expected
+ Received

- false
+ true

 ❯ src/everything.spec.ts:8:18
            </failure>
        </testcase>
        <testcase classname="src/everything.spec.ts" name="describe 57 &gt; example test 12" time="0.000018292">
        </testcase>
        <testcase classname="src/everything.spec.ts" name="describe 57 &gt; example test 13" time="0.000064292">
            <failure message="expected true to be false // Object.is equality" type="AssertionError">
AssertionError: expected true to be false // Object.is equality

- Expected
+ Received

- false
+ true

 ❯ src/everything.spec.ts:8:18
            </failure>
        </testcase>
        <testcase classname="src/everything.spec.ts" name="describe 57 &gt; example test 14" time="0.000016792">
        </testcase>
        <testcase classname="src/everything.spec.ts" name="describe 57 &gt; example test 15" time="0.000067542">
            <failure message="expected true to be false // Object.is equality" type="AssertionError">
AssertionError: expected true to be false // Object.is equality

- Expected
+ Received

- false
+ true

 ❯ src/everything.spec.ts:8:18
            </failure>
        </testcase>
        <testcase classname="src/everything.spec.ts" name="describe 57 &gt; example test 16" time="0.000013541">
        </testcase>
        <testcase classname="src/everything.spec.ts" name="describe 57 &gt; example test 17" time="0.00006825">
            <failure message="expected true to be false // Object.is equality" type="AssertionError">
AssertionError: expected true to be false // Object.is equality

- Expected
+ Received

- false
+ true

 ❯ src/everything.spec.ts:8:18
            </failure>
        </testcase>
        <testcase classname="src/everything.spec.ts" name="describe 57 &gt; example test 18" time="0.000013833">
        </testcase>
        <testcase classname="src/everything.spec.ts" name="describe 57 &gt; example test 19" time="0.00006575">
            <failure message="expected true to be false // Object.is equality" type="AssertionError">
AssertionError: expected true to be false // Object.is equality

- Expected
+ Received

- false
+ true

 ❯ src/everything.spec.ts:8:18
            </failure>
        </testcase>
        <testcase classname="src/everything.spec.ts" name="describe 57 &gt; example test 20" time="0.000016958">
        </testcase>
        <testcase classname="src/everything.spec.ts" name="describe 57 &gt; example test 21" time="0.000063292">
            <failure message="expected true to be false // Object.is equality" type="AssertionError">
AssertionError: expected true to be false // Object.is equality

- Expected
+ Received

- false
+ true

 ❯ src/everything.spec.ts:8:18
            </failure>
        </testcase>
        <testcase classname="src/everything.spec.ts" name="describe 57 &gt; example test 22" time="0.000013875">
        </testcase>
        <testcase classname="src/everything.spec.ts" name="describe 57 &gt; example test 23" time="0.000062584">
            <failure message="expected true to be false // Object.is equality" type="AssertionError">
AssertionError: expected true to be false // Object.is equality

- Expected
+ Received

- false
+ true

 ❯ src/everything.spec.ts:8:18
            </failure>
        </testcase>
        <testcase classname="src/everything.spec.ts" name="describe 57 &gt; example test 24" time="0.000016833">
        </testcase>
        <testcase classname="src/everything.spec.ts" name="describe 57 &gt; example test 25" time="0.000064083">
            <failure message="expected true to be false // Object.is equality" type="AssertionError">
AssertionError: expected true to be false // Object.is equality

- Expected
+ Received

- false
+ true

 ❯ src/everything.spec.ts:8:18
            </failure>
        </testcase>
        <testcase classname="src/everything.spec.ts" name="describe 57 &gt; example test 26" time="0.00001425">
        </testcase>
        <testcase classname="src/everything.spec.ts" name="describe 57 &gt; example test 27" time="0.000064292">
            <failure message="expected true to be false // Object.is equality" type="AssertionError">
AssertionError: expected true to be false // Object.is equality

- Expected
+ Received

- false
+ true

 ❯ src/everything.spec.ts:8:18
            </failure>
        </testcase>
        <testcase classname="src/everything.spec.ts" name="describe 57 &gt; example test 28" time="0.00001425">
        </testcase>
        <testcase classname="src/everything.spec.ts" name="describe 57 &gt; example test 29" time="0.000063708">
            <failure message="expected true to be false // Object.is equality" type="AssertionError">
AssertionError: expected true to be false // Object.is equality

- Expected
+ Received

- false
+ true

 ❯ src/everything.spec.ts:8:18
            </failure>
        </testcase>
        <testcase classname="src/everything.spec.ts" name="describe 57 &gt; example test 30" time="0.000014875">
        </testcase>
        <testcase classname="src/everything.spec.ts" name="describe 57 &gt; example test 31" time="0.000060958">
            <failure message="expected true to be false // Object.is equality" type="AssertionError">
AssertionError: expected true to be false // Object.is equality

- Expected
+ Received

- false
+ true

 ❯ src/everything.spec.ts:8:18
            </failure>
        </testcase>
        <testcase classname="src/everything.spec.ts" name="describe 57 &gt; example test 32" time="0.00001425">
        </testcase>
        <testcase classname="src/everything.spec.ts" name="describe 57 &gt; example test 33" time="0.000064584">
            <failure message="expected true to be false // Object.is equality" type="AssertionError">
AssertionError: expected true to be false // Object.is equality

- Expected
+ Received

- false
+ true

 ❯ src/everything.spec.ts:8:18
            </failure>
        </testcase>
        <testcase classname="src/everything.spec.ts" name="describe 57 &gt; example test 34" time="0.000014291">
        </testcase>
        <testcase classname="src/everything.spec.ts" name="describe 57 &gt; example test 35" time="0.00006175">
            <failure message="expected true to be false // Object.is equality" type="AssertionError">
AssertionError: expected true to be false // Object.is equality

- Expected
+ Received

- false
+ true

 ❯ src/everything.spec.ts:8:18
            </failure>
        </testcase>
        <testcase classname="src/everything.spec.ts" name="describe 57 &gt; example test 36" time="0.000020333">
        </testcase>
        <testcase classname="src/everything.spec.ts" name="describe 57 &gt; example test 37" time="0.000066208">
            <failure message="expected true to be false // Object.is equality" type="AssertionError">
AssertionError: expected true to be false // Object.is equality

- Expected
+ Received

- false
+ true

 ❯ src/everything.spec.ts:8:18
            </failure>
        </testcase>
        <testcase classname="src/everything.spec.ts" name="describe 57 &gt; example test 38" time="0.000014208">
        </testcase>
        <testcase classname="src/everything.spec.ts" name="describe 57 &gt; example test 39" time="0.000063125">
            <failure message="expected true to be false // Object.is equality" type="AssertionError">
AssertionError: expected true to be false // Object.is equality

- Expected
+ Received

- false
+ true

 ❯ src/everything.spec.ts:8:18
            </failure>
        </testcase>
        <testcase classname="src/everything.spec.ts" name="describe 57 &gt; example test 40" time="0.000014292">
        </testcase>
        <testcase classname="src/everything.spec.ts" name="describe 57 &gt; example test 41" time="0.000063542">
            <failure message="expected true to be false // Object.is equality" type="AssertionError">
AssertionError: expected true to be false // Object.is equality

- Expected
+ Received

- false
+ true

 ❯ src/everything.spec.ts:8:18
            </failure>
        </testcase>
        <testcase classname="src/everything.spec.ts" name="describe 57 &gt; example test 42" time="0.00001375">
        </testcase>
        <testcase classname="src/everything.spec.ts" name="describe 57 &gt; example test 43" time="0.00006425">
            <failure message="expected true to be false // Object.is equality" type="AssertionError">
AssertionError: expected true to be false // Object.is equality

- Expected
+ Received

- false
+ true

 ❯ src/everything.spec.ts:8:18
            </failure>
        </testcase>
        <testcase classname="src/everything.spec.ts" name="describe 57 &gt; example test 44" time="0.000013542">
        </testcase>
        <testcase classname="src/everything.spec.ts" name="describe 57 &gt; example test 45" time="0.000062291">
            <failure message="expected true to be false // Object.is equality" type="AssertionError">
AssertionError: expected true to be false // Object.is equality

- Expected
+ Received

- false
+ true

 ❯ src/everything.spec.ts:8:18
            </failure>
        </testcase>
        <testcase classname="src/everything.spec.ts" name="describe 57 &gt; example test 46" time="0.000016542">
        </testcase>
        <testcase classname="src/everything.spec.ts" name="describe 57 &gt; example test 47" time="0.000063125">
            <failure message="expected true to be false // Object.is equality" type="AssertionError">
AssertionError: expected true to be false // Object.is equality

- Expected
+ Received

- false
+ true

 ❯ src/everything.spec.ts:8:18
            </failure>
        </testcase>
        <testcase classname="src/everything.spec.ts" name="describe 57 &gt; example test 48" time="0.000014125">
        </testcase>
        <testcase classname="src/everything.spec.ts" name="describe 57 &gt; example test 49" time="0.000067125">
            <failure message="expected true to be false // Object.is equality" type="AssertionError">
AssertionError: expected true to be false // Object.is equality

- Expected
+ Received

- false
+ true

 ❯ src/everything.spec.ts:8:18
            </failure>
        </testcase>
        <testcase classname="src/everything.spec.ts" name="describe 57 &gt; example test 50" time="0.000016792">
        </testcase>
        <testcase classname="src/everything.spec.ts" name="describe 57 &gt; example test 51" time="0.000061792">
            <failure message="expected true to be false // Object.is equality" type="AssertionError">
AssertionError: expected true to be false // Object.is equality

- Expected
+ Received

- false
+ true

 ❯ src/everything.spec.ts:8:18
            </failure>
        </testcase>
        <testcase classname="src/everything.spec.ts" name="describe 57 &gt; example test 52" time="0.000016708">
        </testcase>
        <testcase classname="src/everything.spec.ts" name="describe 57 &gt; example test 53" time="0.000062584">
            <failure message="expected true to be false // Object.is equality" type="AssertionError">
AssertionError: expected true to be false // Object.is equality

- Expected
+ Received

- false
+ true

 ❯ src/everything.spec.ts:8:18
            </failure>
        </testcase>
        <testcase classname="src/everything.spec.ts" name="describe 57 &gt; example test 54" time="0.000014084">
        </testcase>
        <testcase classname="src/everything.spec.ts" name="describe 57 &gt; example test 55" time="0.000064375">
            <failure message="expected true to be false // Object.is equality" type="AssertionError">
AssertionError: expected true to be false // Object.is equality

- Expected
+ Received

- false
+ true

 ❯ src/everything.spec.ts:8:18
            </failure>
        </testcase>
        <testcase classname="src/everything.spec.ts" name="describe 57 &gt; example test 56" time="0.000014375">
        </testcase>
        <testcase classname="src/everything.spec.ts" name="describe 57 &gt; example test 57" time="0.000063917">
            <failure message="expected true to be false // Object.is equality" type="AssertionError">
AssertionError: expected true to be false // Object.is equality

- Expected
+ Received

- false
+ true

 ❯ src/everything.spec.ts:8:18
            </failure>
        </testcase>
        <testcase classname="src/everything.spec.ts" name="describe 57 &gt; example test 58" time="0.000014209">
        </testcase>
        <testcase classname="src/everything.spec.ts" name="describe 57 &gt; example test 59" time="0.000061208">
            <failure message="expected true to be false // Object.is equality" type="AssertionError">
AssertionError: expected true to be false // Object.is equality

- Expected
+ Received

- false
+ true

 ❯ src/everything.spec.ts:8:18
            </failure>
        </testcase>
        <testcase classname="src/everything.spec.ts" name="describe 57 &gt; example test 60" time="0.000016708">
        </testcase>
        <testcase classname="src/everything.spec.ts" name="describe 57 &gt; example test 61" time="0.000062125">
            <failure message="expected true to be false // Object.is equality" type="AssertionError">
AssertionError: expected true to be false // Object.is equality

- Expected
+ Received

- false
+ true

 ❯ src/everything.spec.ts:8:18
            </failure>
        </testcase>
        <testcase classname="src/everything.spec.ts" name="describe 57 &gt; example test 62" time="0.000014166">
        </testcase>
        <testcase classname="src/everything.spec.ts" name="describe 57 &gt; example test 63" time="0.000061625">
            <failure message="expected true to be false // Object.is equality" type="AssertionError">
AssertionError: expected true to be false // Object.is equality

- Expected
+ Received

- false
+ true

 ❯ src/everything.spec.ts:8:18
            </failure>
        </testcase>
        <testcase classname="src/everything.spec.ts" name="describe 57 &gt; example test 64" time="0.000013875">
        </testcase>
        <testcase classname="src/everything.spec.ts" name="describe 57 &gt; example test 65" time="0.000066916">
            <failure message="expected true to be false // Object.is equality" type="AssertionError">
AssertionError: expected true to be false // Object.is equality

- Expected
+ Received

- false
+ true

 ❯ src/everything.spec.ts:8:18
            </failure>
        </testcase>
        <testcase classname="src/everything.spec.ts" name="describe 57 &gt; example test 66" time="0.000014084">
        </testcase>
        <testcase classname="src/everything.spec.ts" name="describe 57 &gt; example test 67" time="0.000061459">
            <failure message="expected true to be false // Object.is equality" type="AssertionError">
AssertionError: expected true to be false // Object.is equality

- Expected
+ Received

- false
+ true

 ❯ src/everything.spec.ts:8:18
            </failure>
        </testcase>
        <testcase classname="src/everything.spec.ts" name="describe 57 &gt; example test 68" time="0.000016959">
        </testcase>
        <testcase classname="src/everything.spec.ts" name="describe 57 &gt; example test 69" time="0.000065">
            <failure message="expected true to be false // Object.is equality" type="AssertionError">
AssertionError: expected true to be false // Object.is equality

- Expected
+ Received

- false
+ true

 ❯ src/everything.spec.ts:8:18
            </failure>
        </testcase>
        <testcase classname="src/everything.spec.ts" name="describe 57 &gt; example test 70" time="0.000016666">
        </testcase>
        <testcase classname="src/everything.spec.ts" name="describe 57 &gt; example test 71" time="0.000064334">
            <failure message="expected true to be false // Object.is equality" type="AssertionError">
AssertionError: expected true to be false // Object.is equality

- Expected
+ Received

- false
+ true

 ❯ src/everything.spec.ts:8:18
            </failure>
        </testcase>
        <testcase classname="src/everything.spec.ts" name="describe 57 &gt; example test 72" time="0.000015042">
        </testcase>
        <testcase classname="src/everything.spec.ts" name="describe 57 &gt; example test 73" time="0.000062625">
            <failure message="expected true to be false // Object.is equality" type="AssertionError">
AssertionError: expected true to be false // Object.is equality

- Expected
+ Received

- false
+ true

 ❯ src/everything.spec.ts:8:18
            </failure>
        </testcase>
        <testcase classname="src/everything.spec.ts" name="describe 57 &gt; example test 74" time="0.000014292">
        </testcase>
        <testcase classname="src/everything.spec.ts" name="describe 57 &gt; example test 75" time="0.000063708">
            <failure message="expected true to be false // Object.is equality" type="AssertionError">
AssertionError: expected true to be false // Object.is equality

- Expected
+ Received

- false
+ true

 ❯ src/everything.spec.ts:8:18
            </failure>
        </testcase>
        <testcase classname="src/everything.spec.ts" name="describe 57 &gt; example test 76" time="0.000014083">
        </testcase>
        <testcase classname="src/everything.spec.ts" name="describe 57 &gt; example test 77" time="0.000061917">
            <failure message="expected true to be false // Object.is equality" type="AssertionError">
AssertionError: expected true to be false // Object.is equality

- Expected
+ Received

- false
+ true

 ❯ src/everything.spec.ts:8:18
            </failure>
        </testcase>
        <testcase classname="src/everything.spec.ts" name="describe 57 &gt; example test 78" time="0.0000165">
        </testcase>
        <testcase classname="src/everything.spec.ts" name="describe 57 &gt; example test 79" time="0.00006225">
            <failure message="expected true to be false // Object.is equality" type="AssertionError">
AssertionError: expected true to be false // Object.is equality

- Expected
+ Received

- false
+ true

 ❯ src/everything.spec.ts:8:18
            </failure>
        </testcase>
        <testcase classname="src/everything.spec.ts" name="describe 57 &gt; example test 80" time="0.000014209">
        </testcase>
        <testcase classname="src/everything.spec.ts" name="describe 57 &gt; example test 81" time="0.000062">
            <failure message="expected true to be false // Object.is equality" type="AssertionError">
AssertionError: expected true to be false // Object.is equality

- Expected
+ Received

- false
+ true

 ❯ src/everything.spec.ts:8:18
            </failure>
        </testcase>
        <testcase classname="src/everything.spec.ts" name="describe 57 &gt; example test 82" time="0.000014292">
        </testcase>
        <testcase classname="src/everything.spec.ts" name="describe 57 &gt; example test 83" time="0.000061416">
            <failure message="expected true to be false // Object.is equality" type="AssertionError">
AssertionError: expected true to be false // Object.is equality

- Expected
+ Received

- false
+ true

 ❯ src/everything.spec.ts:8:18
            </failure>
        </testcase>
        <testcase classname="src/everything.spec.ts" name="describe 57 &gt; example test 84" time="0.000014458">
        </testcase>
        <testcase classname="src/everything.spec.ts" name="describe 57 &gt; example test 85" time="0.000062541">
            <failure message="expected true to be false // Object.is equality" type="AssertionError">
AssertionError: expected true to be false // Object.is equality

- Expected
+ Received

- false
+ true

 ❯ src/everything.spec.ts:8:18
            </failure>
        </testcase>
        <testcase classname="src/everything.spec.ts" name="describe 57 &gt; example test 86" time="0.000014125">
        </testcase>
        <testcase classname="src/everything.spec.ts" name="describe 57 &gt; example test 87" time="0.00006075">
            <failure message="expected true to be false // Object.is equality" type="AssertionError">
AssertionError: expected true to be false // Object.is equality

- Expected
+ Received

- false
+ true

 ❯ src/everything.spec.ts:8:18
            </failure>
        </testcase>
        <testcase classname="src/everything.spec.ts" name="describe 57 &gt; example test 88" time="0.000014167">
        </testcase>
        <testcase classname="src/everything.spec.ts" name="describe 57 &gt; example test 89" time="0.000064958">
            <failure message="expected true to be false // Object.is equality" type="AssertionError">
AssertionError: expected true to be false // Object.is equality

- Expected
+ Received

- false
+ true

 ❯ src/everything.spec.ts:8:18
            </failure>
        </testcase>
        <testcase classname="src/everything.spec.ts" name="describe 57 &gt; example test 90" time="0.000014416">
        </testcase>
        <testcase classname="src/everything.spec.ts" name="describe 57 &gt; example test 91" time="0.000061333">
            <failure message="expected true to be false // Object.is equality" type="AssertionError">
AssertionError: expected true to be false // Object.is equality

- Expected
+ Received

- false
+ true

 ❯ src/everything.spec.ts:8:18
            </failure>
        </testcase>
        <testcase classname="src/everything.spec.ts" name="describe 57 &gt; example test 92" time="0.000015625">
        </testcase>
        <testcase classname="src/everything.spec.ts" name="describe 57 &gt; example test 93" time="0.000064292">
            <failure message="expected true to be false // Object.is equality" type="AssertionError">
AssertionError: expected true to be false // Object.is equality

- Expected
+ Received

- false
+ true

 ❯ src/everything.spec.ts:8:18
            </failure>
        </testcase>
        <testcase classname="src/everything.spec.ts" name="describe 57 &gt; example test 94" time="0.000013875">
        </testcase>
        <testcase classname="src/everything.spec.ts" name="describe 57 &gt; example test 95" time="0.000062583">
            <failure message="expected true to be false // Object.is equality" type="AssertionError">
AssertionError: expected true to be false // Object.is equality

- Expected
+ Received

- false
+ true

 ❯ src/everything.spec.ts:8:18
            </failure>
        </testcase>
        <testcase classname="src/everything.spec.ts" name="describe 57 &gt; example test 96" time="0.000014583">
        </testcase>
        <testcase classname="src/everything.spec.ts" name="describe 57 &gt; example test 97" time="0.000064042">
            <failure message="expected true to be false // Object.is equality" type="AssertionError">
AssertionError: expected true to be false // Object.is equality

- Expected
+ Received

- false
+ true

 ❯ src/everything.spec.ts:8:18
            </failure>
        </testcase>
        <testcase classname="src/everything.spec.ts" name="describe 57 &gt; example test 98" time="0.000015">
        </testcase>
        <testcase classname="src/everything.spec.ts" name="describe 57 &gt; example test 99" time="0.000065917">
            <failure message="expected true to be false // Object.is equality" type="AssertionError">
AssertionError: expected true to be false // Object.is equality

- Expected
+ Received

- false
+ true

 ❯ src/everything.spec.ts:8:18
            </failure>
        </testcase>
        <testcase classname="src/everything.spec.ts" name="describe 57 &gt; example test 100" time="0.000018458">
        </testcase>
        <testcase classname="src/everything.spec.ts" name="describe 58 &gt; example test 1" time="0.000065041">
            <failure message="expected true to be false // Object.is equality" type="AssertionError">
AssertionError: expected true to be false // Object.is equality

- Expected
+ Received

- false
+ true

 ❯ src/everything.spec.ts:8:18
            </failure>
        </testcase>
        <testcase classname="src/everything.spec.ts" name="describe 58 &gt; example test 2" time="0.000016584">
        </testcase>
        <testcase classname="src/everything.spec.ts" name="describe 58 &gt; example test 3" time="0.000067334">
            <failure message="expected true to be false // Object.is equality" type="AssertionError">
AssertionError: expected true to be false // Object.is equality

- Expected
+ Received

- false
+ true

 ❯ src/everything.spec.ts:8:18
            </failure>
        </testcase>
        <testcase classname="src/everything.spec.ts" name="describe 58 &gt; example test 4" time="0.000014666">
        </testcase>
        <testcase classname="src/everything.spec.ts" name="describe 58 &gt; example test 5" time="0.000062584">
            <failure message="expected true to be false // Object.is equality" type="AssertionError">
AssertionError: expected true to be false // Object.is equality

- Expected
+ Received

- false
+ true

 ❯ src/everything.spec.ts:8:18
            </failure>
        </testcase>
        <testcase classname="src/everything.spec.ts" name="describe 58 &gt; example test 6" time="0.000014125">
        </testcase>
        <testcase classname="src/everything.spec.ts" name="describe 58 &gt; example test 7" time="0.000068958">
            <failure message="expected true to be false // Object.is equality" type="AssertionError">
AssertionError: expected true to be false // Object.is equality

- Expected
+ Received

- false
+ true

 ❯ src/everything.spec.ts:8:18
            </failure>
        </testcase>
        <testcase classname="src/everything.spec.ts" name="describe 58 &gt; example test 8" time="0.000014542">
        </testcase>
        <testcase classname="src/everything.spec.ts" name="describe 58 &gt; example test 9" time="0.000061">
            <failure message="expected true to be false // Object.is equality" type="AssertionError">
AssertionError: expected true to be false // Object.is equality

- Expected
+ Received

- false
+ true

 ❯ src/everything.spec.ts:8:18
            </failure>
        </testcase>
        <testcase classname="src/everything.spec.ts" name="describe 58 &gt; example test 10" time="0.000014292">
        </testcase>
        <testcase classname="src/everything.spec.ts" name="describe 58 &gt; example test 11" time="0.000511333">
            <failure message="expected true to be false // Object.is equality" type="AssertionError">
AssertionError: expected true to be false // Object.is equality

- Expected
+ Received

- false
+ true

 ❯ src/everything.spec.ts:8:18
            </failure>
        </testcase>
        <testcase classname="src/everything.spec.ts" name="describe 58 &gt; example test 12" time="0.000028417">
        </testcase>
        <testcase classname="src/everything.spec.ts" name="describe 58 &gt; example test 13" time="0.000104">
            <failure message="expected true to be false // Object.is equality" type="AssertionError">
AssertionError: expected true to be false // Object.is equality

- Expected
+ Received

- false
+ true

 ❯ src/everything.spec.ts:8:18
            </failure>
        </testcase>
        <testcase classname="src/everything.spec.ts" name="describe 58 &gt; example test 14" time="0.000017333">
        </testcase>
        <testcase classname="src/everything.spec.ts" name="describe 58 &gt; example test 15" time="0.000073291">
            <failure message="expected true to be false // Object.is equality" type="AssertionError">
AssertionError: expected true to be false // Object.is equality

- Expected
+ Received

- false
+ true

 ❯ src/everything.spec.ts:8:18
            </failure>
        </testcase>
        <testcase classname="src/everything.spec.ts" name="describe 58 &gt; example test 16" time="0.000015583">
        </testcase>
        <testcase classname="src/everything.spec.ts" name="describe 58 &gt; example test 17" time="0.000069542">
            <failure message="expected true to be false // Object.is equality" type="AssertionError">
AssertionError: expected true to be false // Object.is equality

- Expected
+ Received

- false
+ true

 ❯ src/everything.spec.ts:8:18
            </failure>
        </testcase>
        <testcase classname="src/everything.spec.ts" name="describe 58 &gt; example test 18" time="0.0000145">
        </testcase>
        <testcase classname="src/everything.spec.ts" name="describe 58 &gt; example test 19" time="0.000067791">
            <failure message="expected true to be false // Object.is equality" type="AssertionError">
AssertionError: expected true to be false // Object.is equality

- Expected
+ Received

- false
+ true

 ❯ src/everything.spec.ts:8:18
            </failure>
        </testcase>
        <testcase classname="src/everything.spec.ts" name="describe 58 &gt; example test 20" time="0.00001525">
        </testcase>
        <testcase classname="src/everything.spec.ts" name="describe 58 &gt; example test 21" time="0.000064542">
            <failure message="expected true to be false // Object.is equality" type="AssertionError">
AssertionError: expected true to be false // Object.is equality

- Expected
+ Received

- false
+ true

 ❯ src/everything.spec.ts:8:18
            </failure>
        </testcase>
        <testcase classname="src/everything.spec.ts" name="describe 58 &gt; example test 22" time="0.00001725">
        </testcase>
        <testcase classname="src/everything.spec.ts" name="describe 58 &gt; example test 23" time="0.000066208">
            <failure message="expected true to be false // Object.is equality" type="AssertionError">
AssertionError: expected true to be false // Object.is equality

- Expected
+ Received

- false
+ true

 ❯ src/everything.spec.ts:8:18
            </failure>
        </testcase>
        <testcase classname="src/everything.spec.ts" name="describe 58 &gt; example test 24" time="0.000014959">
        </testcase>
        <testcase classname="src/everything.spec.ts" name="describe 58 &gt; example test 25" time="0.000063959">
            <failure message="expected true to be false // Object.is equality" type="AssertionError">
AssertionError: expected true to be false // Object.is equality

- Expected
+ Received

- false
+ true

 ❯ src/everything.spec.ts:8:18
            </failure>
        </testcase>
        <testcase classname="src/everything.spec.ts" name="describe 58 &gt; example test 26" time="0.000014334">
        </testcase>
        <testcase classname="src/everything.spec.ts" name="describe 58 &gt; example test 27" time="0.00006325">
            <failure message="expected true to be false // Object.is equality" type="AssertionError">
AssertionError: expected true to be false // Object.is equality

- Expected
+ Received

- false
+ true

 ❯ src/everything.spec.ts:8:18
            </failure>
        </testcase>
        <testcase classname="src/everything.spec.ts" name="describe 58 &gt; example test 28" time="0.000014167">
        </testcase>
        <testcase classname="src/everything.spec.ts" name="describe 58 &gt; example test 29" time="0.000063125">
            <failure message="expected true to be false // Object.is equality" type="AssertionError">
AssertionError: expected true to be false // Object.is equality

- Expected
+ Received

- false
+ true

 ❯ src/everything.spec.ts:8:18
            </failure>
        </testcase>
        <testcase classname="src/everything.spec.ts" name="describe 58 &gt; example test 30" time="0.000014833">
        </testcase>
        <testcase classname="src/everything.spec.ts" name="describe 58 &gt; example test 31" time="0.000062541">
            <failure message="expected true to be false // Object.is equality" type="AssertionError">
AssertionError: expected true to be false // Object.is equality

- Expected
+ Received

- false
+ true

 ❯ src/everything.spec.ts:8:18
            </failure>
        </testcase>
        <testcase classname="src/everything.spec.ts" name="describe 58 &gt; example test 32" time="0.000014583">
        </testcase>
        <testcase classname="src/everything.spec.ts" name="describe 58 &gt; example test 33" time="0.000063084">
            <failure message="expected true to be false // Object.is equality" type="AssertionError">
AssertionError: expected true to be false // Object.is equality

- Expected
+ Received

- false
+ true

 ❯ src/everything.spec.ts:8:18
            </failure>
        </testcase>
        <testcase classname="src/everything.spec.ts" name="describe 58 &gt; example test 34" time="0.000017458">
        </testcase>
        <testcase classname="src/everything.spec.ts" name="describe 58 &gt; example test 35" time="0.00006775">
            <failure message="expected true to be false // Object.is equality" type="AssertionError">
AssertionError: expected true to be false // Object.is equality

- Expected
+ Received

- false
+ true

 ❯ src/everything.spec.ts:8:18
            </failure>
        </testcase>
        <testcase classname="src/everything.spec.ts" name="describe 58 &gt; example test 36" time="0.000014">
        </testcase>
        <testcase classname="src/everything.spec.ts" name="describe 58 &gt; example test 37" time="0.000062875">
            <failure message="expected true to be false // Object.is equality" type="AssertionError">
AssertionError: expected true to be false // Object.is equality

- Expected
+ Received

- false
+ true

 ❯ src/everything.spec.ts:8:18
            </failure>
        </testcase>
        <testcase classname="src/everything.spec.ts" name="describe 58 &gt; example test 38" time="0.000015041">
        </testcase>
        <testcase classname="src/everything.spec.ts" name="describe 58 &gt; example test 39" time="0.000062292">
            <failure message="expected true to be false // Object.is equality" type="AssertionError">
AssertionError: expected true to be false // Object.is equality

- Expected
+ Received

- false
+ true

 ❯ src/everything.spec.ts:8:18
            </failure>
        </testcase>
        <testcase classname="src/everything.spec.ts" name="describe 58 &gt; example test 40" time="0.000014208">
        </testcase>
        <testcase classname="src/everything.spec.ts" name="describe 58 &gt; example test 41" time="0.0000625">
            <failure message="expected true to be false // Object.is equality" type="AssertionError">
AssertionError: expected true to be false // Object.is equality

- Expected
+ Received

- false
+ true

 ❯ src/everything.spec.ts:8:18
            </failure>
        </testcase>
        <testcase classname="src/everything.spec.ts" name="describe 58 &gt; example test 42" time="0.000014125">
        </testcase>
        <testcase classname="src/everything.spec.ts" name="describe 58 &gt; example test 43" time="0.000061708">
            <failure message="expected true to be false // Object.is equality" type="AssertionError">
AssertionError: expected true to be false // Object.is equality

- Expected
+ Received

- false
+ true

 ❯ src/everything.spec.ts:8:18
            </failure>
        </testcase>
        <testcase classname="src/everything.spec.ts" name="describe 58 &gt; example test 44" time="0.00003025">
        </testcase>
        <testcase classname="src/everything.spec.ts" name="describe 58 &gt; example test 45" time="0.000063">
            <failure message="expected true to be false // Object.is equality" type="AssertionError">
AssertionError: expected true to be false // Object.is equality

- Expected
+ Received

- false
+ true

 ❯ src/everything.spec.ts:8:18
            </failure>
        </testcase>
        <testcase classname="src/everything.spec.ts" name="describe 58 &gt; example test 46" time="0.000014209">
        </testcase>
        <testcase classname="src/everything.spec.ts" name="describe 58 &gt; example test 47" time="0.000061459">
            <failure message="expected true to be false // Object.is equality" type="AssertionError">
AssertionError: expected true to be false // Object.is equality

- Expected
+ Received

- false
+ true

 ❯ src/everything.spec.ts:8:18
            </failure>
        </testcase>
        <testcase classname="src/everything.spec.ts" name="describe 58 &gt; example test 48" time="0.000014458">
        </testcase>
        <testcase classname="src/everything.spec.ts" name="describe 58 &gt; example test 49" time="0.00006375">
            <failure message="expected true to be false // Object.is equality" type="AssertionError">
AssertionError: expected true to be false // Object.is equality

- Expected
+ Received

- false
+ true

 ❯ src/everything.spec.ts:8:18
            </failure>
        </testcase>
        <testcase classname="src/everything.spec.ts" name="describe 58 &gt; example test 50" time="0.000014459">
        </testcase>
        <testcase classname="src/everything.spec.ts" name="describe 58 &gt; example test 51" time="0.000061292">
            <failure message="expected true to be false // Object.is equality" type="AssertionError">
AssertionError: expected true to be false // Object.is equality

- Expected
+ Received

- false
+ true

 ❯ src/everything.spec.ts:8:18
            </failure>
        </testcase>
        <testcase classname="src/everything.spec.ts" name="describe 58 &gt; example test 52" time="0.000014208">
        </testcase>
        <testcase classname="src/everything.spec.ts" name="describe 58 &gt; example test 53" time="0.000061667">
            <failure message="expected true to be false // Object.is equality" type="AssertionError">
AssertionError: expected true to be false // Object.is equality

- Expected
+ Received

- false
+ true

 ❯ src/everything.spec.ts:8:18
            </failure>
        </testcase>
        <testcase classname="src/everything.spec.ts" name="describe 58 &gt; example test 54" time="0.000014375">
        </testcase>
        <testcase classname="src/everything.spec.ts" name="describe 58 &gt; example test 55" time="0.000061833">
            <failure message="expected true to be false // Object.is equality" type="AssertionError">
AssertionError: expected true to be false // Object.is equality

- Expected
+ Received

- false
+ true

 ❯ src/everything.spec.ts:8:18
            </failure>
        </testcase>
        <testcase classname="src/everything.spec.ts" name="describe 58 &gt; example test 56" time="0.000016833">
        </testcase>
        <testcase classname="src/everything.spec.ts" name="describe 58 &gt; example test 57" time="0.000064209">
            <failure message="expected true to be false // Object.is equality" type="AssertionError">
AssertionError: expected true to be false // Object.is equality

- Expected
+ Received

- false
+ true

 ❯ src/everything.spec.ts:8:18
            </failure>
        </testcase>
        <testcase classname="src/everything.spec.ts" name="describe 58 &gt; example test 58" time="0.000014291">
        </testcase>
        <testcase classname="src/everything.spec.ts" name="describe 58 &gt; example test 59" time="0.000061084">
            <failure message="expected true to be false // Object.is equality" type="AssertionError">
AssertionError: expected true to be false // Object.is equality

- Expected
+ Received

- false
+ true

 ❯ src/everything.spec.ts:8:18
            </failure>
        </testcase>
        <testcase classname="src/everything.spec.ts" name="describe 58 &gt; example test 60" time="0.000014125">
        </testcase>
        <testcase classname="src/everything.spec.ts" name="describe 58 &gt; example test 61" time="0.000062125">
            <failure message="expected true to be false // Object.is equality" type="AssertionError">
AssertionError: expected true to be false // Object.is equality

- Expected
+ Received

- false
+ true

 ❯ src/everything.spec.ts:8:18
            </failure>
        </testcase>
        <testcase classname="src/everything.spec.ts" name="describe 58 &gt; example test 62" time="0.000014792">
        </testcase>
        <testcase classname="src/everything.spec.ts" name="describe 58 &gt; example test 63" time="0.00006075">
            <failure message="expected true to be false // Object.is equality" type="AssertionError">
AssertionError: expected true to be false // Object.is equality

- Expected
+ Received

- false
+ true

 ❯ src/everything.spec.ts:8:18
            </failure>
        </testcase>
        <testcase classname="src/everything.spec.ts" name="describe 58 &gt; example test 64" time="0.000017042">
        </testcase>
        <testcase classname="src/everything.spec.ts" name="describe 58 &gt; example test 65" time="0.000064292">
            <failure message="expected true to be false // Object.is equality" type="AssertionError">
AssertionError: expected true to be false // Object.is equality

- Expected
+ Received

- false
+ true

 ❯ src/everything.spec.ts:8:18
            </failure>
        </testcase>
        <testcase classname="src/everything.spec.ts" name="describe 58 &gt; example test 66" time="0.0000165">
        </testcase>
        <testcase classname="src/everything.spec.ts" name="describe 58 &gt; example test 67" time="0.000063625">
            <failure message="expected true to be false // Object.is equality" type="AssertionError">
AssertionError: expected true to be false // Object.is equality

- Expected
+ Received

- false
+ true

 ❯ src/everything.spec.ts:8:18
            </failure>
        </testcase>
        <testcase classname="src/everything.spec.ts" name="describe 58 &gt; example test 68" time="0.000014417">
        </testcase>
        <testcase classname="src/everything.spec.ts" name="describe 58 &gt; example test 69" time="0.000061625">
            <failure message="expected true to be false // Object.is equality" type="AssertionError">
AssertionError: expected true to be false // Object.is equality

- Expected
+ Received

- false
+ true

 ❯ src/everything.spec.ts:8:18
            </failure>
        </testcase>
        <testcase classname="src/everything.spec.ts" name="describe 58 &gt; example test 70" time="0.000015375">
        </testcase>
        <testcase classname="src/everything.spec.ts" name="describe 58 &gt; example test 71" time="0.000060583">
            <failure message="expected true to be false // Object.is equality" type="AssertionError">
AssertionError: expected true to be false // Object.is equality

- Expected
+ Received

- false
+ true

 ❯ src/everything.spec.ts:8:18
            </failure>
        </testcase>
        <testcase classname="src/everything.spec.ts" name="describe 58 &gt; example test 72" time="0.000014">
        </testcase>
        <testcase classname="src/everything.spec.ts" name="describe 58 &gt; example test 73" time="0.000063">
            <failure message="expected true to be false // Object.is equality" type="AssertionError">
AssertionError: expected true to be false // Object.is equality

- Expected
+ Received

- false
+ true

 ❯ src/everything.spec.ts:8:18
            </failure>
        </testcase>
        <testcase classname="src/everything.spec.ts" name="describe 58 &gt; example test 74" time="0.00001475">
        </testcase>
        <testcase classname="src/everything.spec.ts" name="describe 58 &gt; example test 75" time="0.000063292">
            <failure message="expected true to be false // Object.is equality" type="AssertionError">
AssertionError: expected true to be false // Object.is equality

- Expected
+ Received

- false
+ true

 ❯ src/everything.spec.ts:8:18
            </failure>
        </testcase>
        <testcase classname="src/everything.spec.ts" name="describe 58 &gt; example test 76" time="0.00001425">
        </testcase>
        <testcase classname="src/everything.spec.ts" name="describe 58 &gt; example test 77" time="0.000062417">
            <failure message="expected true to be false // Object.is equality" type="AssertionError">
AssertionError: expected true to be false // Object.is equality

- Expected
+ Received

- false
+ true

 ❯ src/everything.spec.ts:8:18
            </failure>
        </testcase>
        <testcase classname="src/everything.spec.ts" name="describe 58 &gt; example test 78" time="0.000014083">
        </testcase>
        <testcase classname="src/everything.spec.ts" name="describe 58 &gt; example test 79" time="0.000063625">
            <failure message="expected true to be false // Object.is equality" type="AssertionError">
AssertionError: expected true to be false // Object.is equality

- Expected
+ Received

- false
+ true

 ❯ src/everything.spec.ts:8:18
            </failure>
        </testcase>
        <testcase classname="src/everything.spec.ts" name="describe 58 &gt; example test 80" time="0.0000145">
        </testcase>
        <testcase classname="src/everything.spec.ts" name="describe 58 &gt; example test 81" time="0.000061">
            <failure message="expected true to be false // Object.is equality" type="AssertionError">
AssertionError: expected true to be false // Object.is equality

- Expected
+ Received

- false
+ true

 ❯ src/everything.spec.ts:8:18
            </failure>
        </testcase>
        <testcase classname="src/everything.spec.ts" name="describe 58 &gt; example test 82" time="0.000014542">
        </testcase>
        <testcase classname="src/everything.spec.ts" name="describe 58 &gt; example test 83" time="0.000063375">
            <failure message="expected true to be false // Object.is equality" type="AssertionError">
AssertionError: expected true to be false // Object.is equality

- Expected
+ Received

- false
+ true

 ❯ src/everything.spec.ts:8:18
            </failure>
        </testcase>
        <testcase classname="src/everything.spec.ts" name="describe 58 &gt; example test 84" time="0.000014417">
        </testcase>
        <testcase classname="src/everything.spec.ts" name="describe 58 &gt; example test 85" time="0.000061667">
            <failure message="expected true to be false // Object.is equality" type="AssertionError">
AssertionError: expected true to be false // Object.is equality

- Expected
+ Received

- false
+ true

 ❯ src/everything.spec.ts:8:18
            </failure>
        </testcase>
        <testcase classname="src/everything.spec.ts" name="describe 58 &gt; example test 86" time="0.000016792">
        </testcase>
        <testcase classname="src/everything.spec.ts" name="describe 58 &gt; example test 87" time="0.000061166">
            <failure message="expected true to be false // Object.is equality" type="AssertionError">
AssertionError: expected true to be false // Object.is equality

- Expected
+ Received

- false
+ true

 ❯ src/everything.spec.ts:8:18
            </failure>
        </testcase>
        <testcase classname="src/everything.spec.ts" name="describe 58 &gt; example test 88" time="0.000014459">
        </testcase>
        <testcase classname="src/everything.spec.ts" name="describe 58 &gt; example test 89" time="0.000061167">
            <failure message="expected true to be false // Object.is equality" type="AssertionError">
AssertionError: expected true to be false // Object.is equality

- Expected
+ Received

- false
+ true

 ❯ src/everything.spec.ts:8:18
            </failure>
        </testcase>
        <testcase classname="src/everything.spec.ts" name="describe 58 &gt; example test 90" time="0.000013917">
        </testcase>
        <testcase classname="src/everything.spec.ts" name="describe 58 &gt; example test 91" time="0.000062417">
            <failure message="expected true to be false // Object.is equality" type="AssertionError">
AssertionError: expected true to be false // Object.is equality

- Expected
+ Received

- false
+ true

 ❯ src/everything.spec.ts:8:18
            </failure>
        </testcase>
        <testcase classname="src/everything.spec.ts" name="describe 58 &gt; example test 92" time="0.000013959">
        </testcase>
        <testcase classname="src/everything.spec.ts" name="describe 58 &gt; example test 93" time="0.0000615">
            <failure message="expected true to be false // Object.is equality" type="AssertionError">
AssertionError: expected true to be false // Object.is equality

- Expected
+ Received

- false
+ true

 ❯ src/everything.spec.ts:8:18
            </failure>
        </testcase>
        <testcase classname="src/everything.spec.ts" name="describe 58 &gt; example test 94" time="0.000014208">
        </testcase>
        <testcase classname="src/everything.spec.ts" name="describe 58 &gt; example test 95" time="0.000061333">
            <failure message="expected true to be false // Object.is equality" type="AssertionError">
AssertionError: expected true to be false // Object.is equality

- Expected
+ Received

- false
+ true

 ❯ src/everything.spec.ts:8:18
            </failure>
        </testcase>
        <testcase classname="src/everything.spec.ts" name="describe 58 &gt; example test 96" time="0.000014">
        </testcase>
        <testcase classname="src/everything.spec.ts" name="describe 58 &gt; example test 97" time="0.000063083">
            <failure message="expected true to be false // Object.is equality" type="AssertionError">
AssertionError: expected true to be false // Object.is equality

- Expected
+ Received

- false
+ true

 ❯ src/everything.spec.ts:8:18
            </failure>
        </testcase>
        <testcase classname="src/everything.spec.ts" name="describe 58 &gt; example test 98" time="0.000014333">
        </testcase>
        <testcase classname="src/everything.spec.ts" name="describe 58 &gt; example test 99" time="0.000061125">
            <failure message="expected true to be false // Object.is equality" type="AssertionError">
AssertionError: expected true to be false // Object.is equality

- Expected
+ Received

- false
+ true

 ❯ src/everything.spec.ts:8:18
            </failure>
        </testcase>
        <testcase classname="src/everything.spec.ts" name="describe 58 &gt; example test 100" time="0.000015">
        </testcase>
        <testcase classname="src/everything.spec.ts" name="describe 59 &gt; example test 1" time="0.000064459">
            <failure message="expected true to be false // Object.is equality" type="AssertionError">
AssertionError: expected true to be false // Object.is equality

- Expected
+ Received

- false
+ true

 ❯ src/everything.spec.ts:8:18
            </failure>
        </testcase>
        <testcase classname="src/everything.spec.ts" name="describe 59 &gt; example test 2" time="0.000014">
        </testcase>
        <testcase classname="src/everything.spec.ts" name="describe 59 &gt; example test 3" time="0.000061083">
            <failure message="expected true to be false // Object.is equality" type="AssertionError">
AssertionError: expected true to be false // Object.is equality

- Expected
+ Received

- false
+ true

 ❯ src/everything.spec.ts:8:18
            </failure>
        </testcase>
        <testcase classname="src/everything.spec.ts" name="describe 59 &gt; example test 4" time="0.000017041">
        </testcase>
        <testcase classname="src/everything.spec.ts" name="describe 59 &gt; example test 5" time="0.000060833">
            <failure message="expected true to be false // Object.is equality" type="AssertionError">
AssertionError: expected true to be false // Object.is equality

- Expected
+ Received

- false
+ true

 ❯ src/everything.spec.ts:8:18
            </failure>
        </testcase>
        <testcase classname="src/everything.spec.ts" name="describe 59 &gt; example test 6" time="0.000016625">
        </testcase>
        <testcase classname="src/everything.spec.ts" name="describe 59 &gt; example test 7" time="0.000062958">
            <failure message="expected true to be false // Object.is equality" type="AssertionError">
AssertionError: expected true to be false // Object.is equality

- Expected
+ Received

- false
+ true

 ❯ src/everything.spec.ts:8:18
            </failure>
        </testcase>
        <testcase classname="src/everything.spec.ts" name="describe 59 &gt; example test 8" time="0.000016459">
        </testcase>
        <testcase classname="src/everything.spec.ts" name="describe 59 &gt; example test 9" time="0.00006075">
            <failure message="expected true to be false // Object.is equality" type="AssertionError">
AssertionError: expected true to be false // Object.is equality

- Expected
+ Received

- false
+ true

 ❯ src/everything.spec.ts:8:18
            </failure>
        </testcase>
        <testcase classname="src/everything.spec.ts" name="describe 59 &gt; example test 10" time="0.000013833">
        </testcase>
        <testcase classname="src/everything.spec.ts" name="describe 59 &gt; example test 11" time="0.000065125">
            <failure message="expected true to be false // Object.is equality" type="AssertionError">
AssertionError: expected true to be false // Object.is equality

- Expected
+ Received

- false
+ true

 ❯ src/everything.spec.ts:8:18
            </failure>
        </testcase>
        <testcase classname="src/everything.spec.ts" name="describe 59 &gt; example test 12" time="0.000015375">
        </testcase>
        <testcase classname="src/everything.spec.ts" name="describe 59 &gt; example test 13" time="0.000060833">
            <failure message="expected true to be false // Object.is equality" type="AssertionError">
AssertionError: expected true to be false // Object.is equality

- Expected
+ Received

- false
+ true

 ❯ src/everything.spec.ts:8:18
            </failure>
        </testcase>
        <testcase classname="src/everything.spec.ts" name="describe 59 &gt; example test 14" time="0.000013792">
        </testcase>
        <testcase classname="src/everything.spec.ts" name="describe 59 &gt; example test 15" time="0.000061792">
            <failure message="expected true to be false // Object.is equality" type="AssertionError">
AssertionError: expected true to be false // Object.is equality

- Expected
+ Received

- false
+ true

 ❯ src/everything.spec.ts:8:18
            </failure>
        </testcase>
        <testcase classname="src/everything.spec.ts" name="describe 59 &gt; example test 16" time="0.000015708">
        </testcase>
        <testcase classname="src/everything.spec.ts" name="describe 59 &gt; example test 17" time="0.000061958">
            <failure message="expected true to be false // Object.is equality" type="AssertionError">
AssertionError: expected true to be false // Object.is equality

- Expected
+ Received

- false
+ true

 ❯ src/everything.spec.ts:8:18
            </failure>
        </testcase>
        <testcase classname="src/everything.spec.ts" name="describe 59 &gt; example test 18" time="0.000015291">
        </testcase>
        <testcase classname="src/everything.spec.ts" name="describe 59 &gt; example test 19" time="0.000063083">
            <failure message="expected true to be false // Object.is equality" type="AssertionError">
AssertionError: expected true to be false // Object.is equality

- Expected
+ Received

- false
+ true

 ❯ src/everything.spec.ts:8:18
            </failure>
        </testcase>
        <testcase classname="src/everything.spec.ts" name="describe 59 &gt; example test 20" time="0.000014459">
        </testcase>
        <testcase classname="src/everything.spec.ts" name="describe 59 &gt; example test 21" time="0.000060709">
            <failure message="expected true to be false // Object.is equality" type="AssertionError">
AssertionError: expected true to be false // Object.is equality

- Expected
+ Received

- false
+ true

 ❯ src/everything.spec.ts:8:18
            </failure>
        </testcase>
        <testcase classname="src/everything.spec.ts" name="describe 59 &gt; example test 22" time="0.000014542">
        </testcase>
        <testcase classname="src/everything.spec.ts" name="describe 59 &gt; example test 23" time="0.000063291">
            <failure message="expected true to be false // Object.is equality" type="AssertionError">
AssertionError: expected true to be false // Object.is equality

- Expected
+ Received

- false
+ true

 ❯ src/everything.spec.ts:8:18
            </failure>
        </testcase>
        <testcase classname="src/everything.spec.ts" name="describe 59 &gt; example test 24" time="0.000016708">
        </testcase>
        <testcase classname="src/everything.spec.ts" name="describe 59 &gt; example test 25" time="0.000060875">
            <failure message="expected true to be false // Object.is equality" type="AssertionError">
AssertionError: expected true to be false // Object.is equality

- Expected
+ Received

- false
+ true

 ❯ src/everything.spec.ts:8:18
            </failure>
        </testcase>
        <testcase classname="src/everything.spec.ts" name="describe 59 &gt; example test 26" time="0.000013584">
        </testcase>
        <testcase classname="src/everything.spec.ts" name="describe 59 &gt; example test 27" time="0.000061792">
            <failure message="expected true to be false // Object.is equality" type="AssertionError">
AssertionError: expected true to be false // Object.is equality

- Expected
+ Received

- false
+ true

 ❯ src/everything.spec.ts:8:18
            </failure>
        </testcase>
        <testcase classname="src/everything.spec.ts" name="describe 59 &gt; example test 28" time="0.000014083">
        </testcase>
        <testcase classname="src/everything.spec.ts" name="describe 59 &gt; example test 29" time="0.000060708">
            <failure message="expected true to be false // Object.is equality" type="AssertionError">
AssertionError: expected true to be false // Object.is equality

- Expected
+ Received

- false
+ true

 ❯ src/everything.spec.ts:8:18
            </failure>
        </testcase>
        <testcase classname="src/everything.spec.ts" name="describe 59 &gt; example test 30" time="0.000013708">
        </testcase>
        <testcase classname="src/everything.spec.ts" name="describe 59 &gt; example test 31" time="0.000062459">
            <failure message="expected true to be false // Object.is equality" type="AssertionError">
AssertionError: expected true to be false // Object.is equality

- Expected
+ Received

- false
+ true

 ❯ src/everything.spec.ts:8:18
            </failure>
        </testcase>
        <testcase classname="src/everything.spec.ts" name="describe 59 &gt; example test 32" time="0.000014459">
        </testcase>
        <testcase classname="src/everything.spec.ts" name="describe 59 &gt; example test 33" time="0.000061334">
            <failure message="expected true to be false // Object.is equality" type="AssertionError">
AssertionError: expected true to be false // Object.is equality

- Expected
+ Received

- false
+ true

 ❯ src/everything.spec.ts:8:18
            </failure>
        </testcase>
        <testcase classname="src/everything.spec.ts" name="describe 59 &gt; example test 34" time="0.0000145">
        </testcase>
        <testcase classname="src/everything.spec.ts" name="describe 59 &gt; example test 35" time="0.000065667">
            <failure message="expected true to be false // Object.is equality" type="AssertionError">
AssertionError: expected true to be false // Object.is equality

- Expected
+ Received

- false
+ true

 ❯ src/everything.spec.ts:8:18
            </failure>
        </testcase>
        <testcase classname="src/everything.spec.ts" name="describe 59 &gt; example test 36" time="0.000014084">
        </testcase>
        <testcase classname="src/everything.spec.ts" name="describe 59 &gt; example test 37" time="0.00006675">
            <failure message="expected true to be false // Object.is equality" type="AssertionError">
AssertionError: expected true to be false // Object.is equality

- Expected
+ Received

- false
+ true

 ❯ src/everything.spec.ts:8:18
            </failure>
        </testcase>
        <testcase classname="src/everything.spec.ts" name="describe 59 &gt; example test 38" time="0.000014417">
        </testcase>
        <testcase classname="src/everything.spec.ts" name="describe 59 &gt; example test 39" time="0.000066291">
            <failure message="expected true to be false // Object.is equality" type="AssertionError">
AssertionError: expected true to be false // Object.is equality

- Expected
+ Received

- false
+ true

 ❯ src/everything.spec.ts:8:18
            </failure>
        </testcase>
        <testcase classname="src/everything.spec.ts" name="describe 59 &gt; example test 40" time="0.00001325">
        </testcase>
        <testcase classname="src/everything.spec.ts" name="describe 59 &gt; example test 41" time="0.000063">
            <failure message="expected true to be false // Object.is equality" type="AssertionError">
AssertionError: expected true to be false // Object.is equality

- Expected
+ Received

- false
+ true

 ❯ src/everything.spec.ts:8:18
            </failure>
        </testcase>
        <testcase classname="src/everything.spec.ts" name="describe 59 &gt; example test 42" time="0.000014417">
        </testcase>
        <testcase classname="src/everything.spec.ts" name="describe 59 &gt; example test 43" time="0.000062792">
            <failure message="expected true to be false // Object.is equality" type="AssertionError">
AssertionError: expected true to be false // Object.is equality

- Expected
+ Received

- false
+ true

 ❯ src/everything.spec.ts:8:18
            </failure>
        </testcase>
        <testcase classname="src/everything.spec.ts" name="describe 59 &gt; example test 44" time="0.000014375">
        </testcase>
        <testcase classname="src/everything.spec.ts" name="describe 59 &gt; example test 45" time="0.000064334">
            <failure message="expected true to be false // Object.is equality" type="AssertionError">
AssertionError: expected true to be false // Object.is equality

- Expected
+ Received

- false
+ true

 ❯ src/everything.spec.ts:8:18
            </failure>
        </testcase>
        <testcase classname="src/everything.spec.ts" name="describe 59 &gt; example test 46" time="0.000013875">
        </testcase>
        <testcase classname="src/everything.spec.ts" name="describe 59 &gt; example test 47" time="0.000066334">
            <failure message="expected true to be false // Object.is equality" type="AssertionError">
AssertionError: expected true to be false // Object.is equality

- Expected
+ Received

- false
+ true

 ❯ src/everything.spec.ts:8:18
            </failure>
        </testcase>
        <testcase classname="src/everything.spec.ts" name="describe 59 &gt; example test 48" time="0.000014125">
        </testcase>
        <testcase classname="src/everything.spec.ts" name="describe 59 &gt; example test 49" time="0.000063">
            <failure message="expected true to be false // Object.is equality" type="AssertionError">
AssertionError: expected true to be false // Object.is equality

- Expected
+ Received

- false
+ true

 ❯ src/everything.spec.ts:8:18
            </failure>
        </testcase>
        <testcase classname="src/everything.spec.ts" name="describe 59 &gt; example test 50" time="0.000014209">
        </testcase>
        <testcase classname="src/everything.spec.ts" name="describe 59 &gt; example test 51" time="0.000063042">
            <failure message="expected true to be false // Object.is equality" type="AssertionError">
AssertionError: expected true to be false // Object.is equality

- Expected
+ Received

- false
+ true

 ❯ src/everything.spec.ts:8:18
            </failure>
        </testcase>
        <testcase classname="src/everything.spec.ts" name="describe 59 &gt; example test 52" time="0.000014875">
        </testcase>
        <testcase classname="src/everything.spec.ts" name="describe 59 &gt; example test 53" time="0.000062792">
            <failure message="expected true to be false // Object.is equality" type="AssertionError">
AssertionError: expected true to be false // Object.is equality

- Expected
+ Received

- false
+ true

 ❯ src/everything.spec.ts:8:18
            </failure>
        </testcase>
        <testcase classname="src/everything.spec.ts" name="describe 59 &gt; example test 54" time="0.000014208">
        </testcase>
        <testcase classname="src/everything.spec.ts" name="describe 59 &gt; example test 55" time="0.000067958">
            <failure message="expected true to be false // Object.is equality" type="AssertionError">
AssertionError: expected true to be false // Object.is equality

- Expected
+ Received

- false
+ true

 ❯ src/everything.spec.ts:8:18
            </failure>
        </testcase>
        <testcase classname="src/everything.spec.ts" name="describe 59 &gt; example test 56" time="0.000014375">
        </testcase>
        <testcase classname="src/everything.spec.ts" name="describe 59 &gt; example test 57" time="0.000067125">
            <failure message="expected true to be false // Object.is equality" type="AssertionError">
AssertionError: expected true to be false // Object.is equality

- Expected
+ Received

- false
+ true

 ❯ src/everything.spec.ts:8:18
            </failure>
        </testcase>
        <testcase classname="src/everything.spec.ts" name="describe 59 &gt; example test 58" time="0.000015375">
        </testcase>
        <testcase classname="src/everything.spec.ts" name="describe 59 &gt; example test 59" time="0.00006625">
            <failure message="expected true to be false // Object.is equality" type="AssertionError">
AssertionError: expected true to be false // Object.is equality

- Expected
+ Received

- false
+ true

 ❯ src/everything.spec.ts:8:18
            </failure>
        </testcase>
        <testcase classname="src/everything.spec.ts" name="describe 59 &gt; example test 60" time="0.00001425">
        </testcase>
        <testcase classname="src/everything.spec.ts" name="describe 59 &gt; example test 61" time="0.0000665">
            <failure message="expected true to be false // Object.is equality" type="AssertionError">
AssertionError: expected true to be false // Object.is equality

- Expected
+ Received

- false
+ true

 ❯ src/everything.spec.ts:8:18
            </failure>
        </testcase>
        <testcase classname="src/everything.spec.ts" name="describe 59 &gt; example test 62" time="0.0000145">
        </testcase>
        <testcase classname="src/everything.spec.ts" name="describe 59 &gt; example test 63" time="0.000066959">
            <failure message="expected true to be false // Object.is equality" type="AssertionError">
AssertionError: expected true to be false // Object.is equality

- Expected
+ Received

- false
+ true

 ❯ src/everything.spec.ts:8:18
            </failure>
        </testcase>
        <testcase classname="src/everything.spec.ts" name="describe 59 &gt; example test 64" time="0.000014125">
        </testcase>
        <testcase classname="src/everything.spec.ts" name="describe 59 &gt; example test 65" time="0.000061042">
            <failure message="expected true to be false // Object.is equality" type="AssertionError">
AssertionError: expected true to be false // Object.is equality

- Expected
+ Received

- false
+ true

 ❯ src/everything.spec.ts:8:18
            </failure>
        </testcase>
        <testcase classname="src/everything.spec.ts" name="describe 59 &gt; example test 66" time="0.000014042">
        </testcase>
        <testcase classname="src/everything.spec.ts" name="describe 59 &gt; example test 67" time="0.000062666">
            <failure message="expected true to be false // Object.is equality" type="AssertionError">
AssertionError: expected true to be false // Object.is equality

- Expected
+ Received

- false
+ true

 ❯ src/everything.spec.ts:8:18
            </failure>
        </testcase>
        <testcase classname="src/everything.spec.ts" name="describe 59 &gt; example test 68" time="0.00001375">
        </testcase>
        <testcase classname="src/everything.spec.ts" name="describe 59 &gt; example test 69" time="0.000061542">
            <failure message="expected true to be false // Object.is equality" type="AssertionError">
AssertionError: expected true to be false // Object.is equality

- Expected
+ Received

- false
+ true

 ❯ src/everything.spec.ts:8:18
            </failure>
        </testcase>
        <testcase classname="src/everything.spec.ts" name="describe 59 &gt; example test 70" time="0.000013583">
        </testcase>
        <testcase classname="src/everything.spec.ts" name="describe 59 &gt; example test 71" time="0.000062125">
            <failure message="expected true to be false // Object.is equality" type="AssertionError">
AssertionError: expected true to be false // Object.is equality

- Expected
+ Received

- false
+ true

 ❯ src/everything.spec.ts:8:18
            </failure>
        </testcase>
        <testcase classname="src/everything.spec.ts" name="describe 59 &gt; example test 72" time="0.0000145">
        </testcase>
        <testcase classname="src/everything.spec.ts" name="describe 59 &gt; example test 73" time="0.000062958">
            <failure message="expected true to be false // Object.is equality" type="AssertionError">
AssertionError: expected true to be false // Object.is equality

- Expected
+ Received

- false
+ true

 ❯ src/everything.spec.ts:8:18
            </failure>
        </testcase>
        <testcase classname="src/everything.spec.ts" name="describe 59 &gt; example test 74" time="0.00001425">
        </testcase>
        <testcase classname="src/everything.spec.ts" name="describe 59 &gt; example test 75" time="0.000061458">
            <failure message="expected true to be false // Object.is equality" type="AssertionError">
AssertionError: expected true to be false // Object.is equality

- Expected
+ Received

- false
+ true

 ❯ src/everything.spec.ts:8:18
            </failure>
        </testcase>
        <testcase classname="src/everything.spec.ts" name="describe 59 &gt; example test 76" time="0.000013958">
        </testcase>
        <testcase classname="src/everything.spec.ts" name="describe 59 &gt; example test 77" time="0.00006175">
            <failure message="expected true to be false // Object.is equality" type="AssertionError">
AssertionError: expected true to be false // Object.is equality

- Expected
+ Received

- false
+ true

 ❯ src/everything.spec.ts:8:18
            </failure>
        </testcase>
        <testcase classname="src/everything.spec.ts" name="describe 59 &gt; example test 78" time="0.000014167">
        </testcase>
        <testcase classname="src/everything.spec.ts" name="describe 59 &gt; example test 79" time="0.000063958">
            <failure message="expected true to be false // Object.is equality" type="AssertionError">
AssertionError: expected true to be false // Object.is equality

- Expected
+ Received

- false
+ true

 ❯ src/everything.spec.ts:8:18
            </failure>
        </testcase>
        <testcase classname="src/everything.spec.ts" name="describe 59 &gt; example test 80" time="0.000013625">
        </testcase>
        <testcase classname="src/everything.spec.ts" name="describe 59 &gt; example test 81" time="0.0000605">
            <failure message="expected true to be false // Object.is equality" type="AssertionError">
AssertionError: expected true to be false // Object.is equality

- Expected
+ Received

- false
+ true

 ❯ src/everything.spec.ts:8:18
            </failure>
        </testcase>
        <testcase classname="src/everything.spec.ts" name="describe 59 &gt; example test 82" time="0.000013625">
        </testcase>
        <testcase classname="src/everything.spec.ts" name="describe 59 &gt; example test 83" time="0.000061">
            <failure message="expected true to be false // Object.is equality" type="AssertionError">
AssertionError: expected true to be false // Object.is equality

- Expected
+ Received

- false
+ true

 ❯ src/everything.spec.ts:8:18
            </failure>
        </testcase>
        <testcase classname="src/everything.spec.ts" name="describe 59 &gt; example test 84" time="0.000013917">
        </testcase>
        <testcase classname="src/everything.spec.ts" name="describe 59 &gt; example test 85" time="0.00006275">
            <failure message="expected true to be false // Object.is equality" type="AssertionError">
AssertionError: expected true to be false // Object.is equality

- Expected
+ Received

- false
+ true

 ❯ src/everything.spec.ts:8:18
            </failure>
        </testcase>
        <testcase classname="src/everything.spec.ts" name="describe 59 &gt; example test 86" time="0.000013875">
        </testcase>
        <testcase classname="src/everything.spec.ts" name="describe 59 &gt; example test 87" time="0.000066042">
            <failure message="expected true to be false // Object.is equality" type="AssertionError">
AssertionError: expected true to be false // Object.is equality

- Expected
+ Received

- false
+ true

 ❯ src/everything.spec.ts:8:18
            </failure>
        </testcase>
        <testcase classname="src/everything.spec.ts" name="describe 59 &gt; example test 88" time="0.000013916">
        </testcase>
        <testcase classname="src/everything.spec.ts" name="describe 59 &gt; example test 89" time="0.000064292">
            <failure message="expected true to be false // Object.is equality" type="AssertionError">
AssertionError: expected true to be false // Object.is equality

- Expected
+ Received

- false
+ true

 ❯ src/everything.spec.ts:8:18
            </failure>
        </testcase>
        <testcase classname="src/everything.spec.ts" name="describe 59 &gt; example test 90" time="0.000014042">
        </testcase>
        <testcase classname="src/everything.spec.ts" name="describe 59 &gt; example test 91" time="0.000062625">
            <failure message="expected true to be false // Object.is equality" type="AssertionError">
AssertionError: expected true to be false // Object.is equality

- Expected
+ Received

- false
+ true

 ❯ src/everything.spec.ts:8:18
            </failure>
        </testcase>
        <testcase classname="src/everything.spec.ts" name="describe 59 &gt; example test 92" time="0.000013875">
        </testcase>
        <testcase classname="src/everything.spec.ts" name="describe 59 &gt; example test 93" time="0.000061084">
            <failure message="expected true to be false // Object.is equality" type="AssertionError">
AssertionError: expected true to be false // Object.is equality

- Expected
+ Received

- false
+ true

 ❯ src/everything.spec.ts:8:18
            </failure>
        </testcase>
        <testcase classname="src/everything.spec.ts" name="describe 59 &gt; example test 94" time="0.0000135">
        </testcase>
        <testcase classname="src/everything.spec.ts" name="describe 59 &gt; example test 95" time="0.000065584">
            <failure message="expected true to be false // Object.is equality" type="AssertionError">
AssertionError: expected true to be false // Object.is equality

- Expected
+ Received

- false
+ true

 ❯ src/everything.spec.ts:8:18
            </failure>
        </testcase>
        <testcase classname="src/everything.spec.ts" name="describe 59 &gt; example test 96" time="0.000014083">
        </testcase>
        <testcase classname="src/everything.spec.ts" name="describe 59 &gt; example test 97" time="0.000060792">
            <failure message="expected true to be false // Object.is equality" type="AssertionError">
AssertionError: expected true to be false // Object.is equality

- Expected
+ Received

- false
+ true

 ❯ src/everything.spec.ts:8:18
            </failure>
        </testcase>
        <testcase classname="src/everything.spec.ts" name="describe 59 &gt; example test 98" time="0.000014292">
        </testcase>
        <testcase classname="src/everything.spec.ts" name="describe 59 &gt; example test 99" time="0.000064167">
            <failure message="expected true to be false // Object.is equality" type="AssertionError">
AssertionError: expected true to be false // Object.is equality

- Expected
+ Received

- false
+ true

 ❯ src/everything.spec.ts:8:18
            </failure>
        </testcase>
        <testcase classname="src/everything.spec.ts" name="describe 59 &gt; example test 100" time="0.00001425">
        </testcase>
        <testcase classname="src/everything.spec.ts" name="describe 60 &gt; example test 1" time="0.0000685">
            <failure message="expected true to be false // Object.is equality" type="AssertionError">
AssertionError: expected true to be false // Object.is equality

- Expected
+ Received

- false
+ true

 ❯ src/everything.spec.ts:8:18
            </failure>
        </testcase>
        <testcase classname="src/everything.spec.ts" name="describe 60 &gt; example test 2" time="0.000014667">
        </testcase>
        <testcase classname="src/everything.spec.ts" name="describe 60 &gt; example test 3" time="0.000065833">
            <failure message="expected true to be false // Object.is equality" type="AssertionError">
AssertionError: expected true to be false // Object.is equality

- Expected
+ Received

- false
+ true

 ❯ src/everything.spec.ts:8:18
            </failure>
        </testcase>
        <testcase classname="src/everything.spec.ts" name="describe 60 &gt; example test 4" time="0.000014125">
        </testcase>
        <testcase classname="src/everything.spec.ts" name="describe 60 &gt; example test 5" time="0.000066083">
            <failure message="expected true to be false // Object.is equality" type="AssertionError">
AssertionError: expected true to be false // Object.is equality

- Expected
+ Received

- false
+ true

 ❯ src/everything.spec.ts:8:18
            </failure>
        </testcase>
        <testcase classname="src/everything.spec.ts" name="describe 60 &gt; example test 6" time="0.000015">
        </testcase>
        <testcase classname="src/everything.spec.ts" name="describe 60 &gt; example test 7" time="0.000065">
            <failure message="expected true to be false // Object.is equality" type="AssertionError">
AssertionError: expected true to be false // Object.is equality

- Expected
+ Received

- false
+ true

 ❯ src/everything.spec.ts:8:18
            </failure>
        </testcase>
        <testcase classname="src/everything.spec.ts" name="describe 60 &gt; example test 8" time="0.000014291">
        </testcase>
        <testcase classname="src/everything.spec.ts" name="describe 60 &gt; example test 9" time="0.000064375">
            <failure message="expected true to be false // Object.is equality" type="AssertionError">
AssertionError: expected true to be false // Object.is equality

- Expected
+ Received

- false
+ true

 ❯ src/everything.spec.ts:8:18
            </failure>
        </testcase>
        <testcase classname="src/everything.spec.ts" name="describe 60 &gt; example test 10" time="0.000016709">
        </testcase>
        <testcase classname="src/everything.spec.ts" name="describe 60 &gt; example test 11" time="0.000063458">
            <failure message="expected true to be false // Object.is equality" type="AssertionError">
AssertionError: expected true to be false // Object.is equality

- Expected
+ Received

- false
+ true

 ❯ src/everything.spec.ts:8:18
            </failure>
        </testcase>
        <testcase classname="src/everything.spec.ts" name="describe 60 &gt; example test 12" time="0.000014583">
        </testcase>
        <testcase classname="src/everything.spec.ts" name="describe 60 &gt; example test 13" time="0.000064792">
            <failure message="expected true to be false // Object.is equality" type="AssertionError">
AssertionError: expected true to be false // Object.is equality

- Expected
+ Received

- false
+ true

 ❯ src/everything.spec.ts:8:18
            </failure>
        </testcase>
        <testcase classname="src/everything.spec.ts" name="describe 60 &gt; example test 14" time="0.000014791">
        </testcase>
        <testcase classname="src/everything.spec.ts" name="describe 60 &gt; example test 15" time="0.000065417">
            <failure message="expected true to be false // Object.is equality" type="AssertionError">
AssertionError: expected true to be false // Object.is equality

- Expected
+ Received

- false
+ true

 ❯ src/everything.spec.ts:8:18
            </failure>
        </testcase>
        <testcase classname="src/everything.spec.ts" name="describe 60 &gt; example test 16" time="0.000016083">
        </testcase>
        <testcase classname="src/everything.spec.ts" name="describe 60 &gt; example test 17" time="0.000065125">
            <failure message="expected true to be false // Object.is equality" type="AssertionError">
AssertionError: expected true to be false // Object.is equality

- Expected
+ Received

- false
+ true

 ❯ src/everything.spec.ts:8:18
            </failure>
        </testcase>
        <testcase classname="src/everything.spec.ts" name="describe 60 &gt; example test 18" time="0.000020417">
        </testcase>
        <testcase classname="src/everything.spec.ts" name="describe 60 &gt; example test 19" time="0.000064042">
            <failure message="expected true to be false // Object.is equality" type="AssertionError">
AssertionError: expected true to be false // Object.is equality

- Expected
+ Received

- false
+ true

 ❯ src/everything.spec.ts:8:18
            </failure>
        </testcase>
        <testcase classname="src/everything.spec.ts" name="describe 60 &gt; example test 20" time="0.000015083">
        </testcase>
        <testcase classname="src/everything.spec.ts" name="describe 60 &gt; example test 21" time="0.000065959">
            <failure message="expected true to be false // Object.is equality" type="AssertionError">
AssertionError: expected true to be false // Object.is equality

- Expected
+ Received

- false
+ true

 ❯ src/everything.spec.ts:8:18
            </failure>
        </testcase>
        <testcase classname="src/everything.spec.ts" name="describe 60 &gt; example test 22" time="0.000014542">
        </testcase>
        <testcase classname="src/everything.spec.ts" name="describe 60 &gt; example test 23" time="0.000064125">
            <failure message="expected true to be false // Object.is equality" type="AssertionError">
AssertionError: expected true to be false // Object.is equality

- Expected
+ Received

- false
+ true

 ❯ src/everything.spec.ts:8:18
            </failure>
        </testcase>
        <testcase classname="src/everything.spec.ts" name="describe 60 &gt; example test 24" time="0.000014542">
        </testcase>
        <testcase classname="src/everything.spec.ts" name="describe 60 &gt; example test 25" time="0.000073417">
            <failure message="expected true to be false // Object.is equality" type="AssertionError">
AssertionError: expected true to be false // Object.is equality

- Expected
+ Received

- false
+ true

 ❯ src/everything.spec.ts:8:18
            </failure>
        </testcase>
        <testcase classname="src/everything.spec.ts" name="describe 60 &gt; example test 26" time="0.000016083">
        </testcase>
        <testcase classname="src/everything.spec.ts" name="describe 60 &gt; example test 27" time="0.000068167">
            <failure message="expected true to be false // Object.is equality" type="AssertionError">
AssertionError: expected true to be false // Object.is equality

- Expected
+ Received

- false
+ true

 ❯ src/everything.spec.ts:8:18
            </failure>
        </testcase>
        <testcase classname="src/everything.spec.ts" name="describe 60 &gt; example test 28" time="0.000015042">
        </testcase>
        <testcase classname="src/everything.spec.ts" name="describe 60 &gt; example test 29" time="0.000068416">
            <failure message="expected true to be false // Object.is equality" type="AssertionError">
AssertionError: expected true to be false // Object.is equality

- Expected
+ Received

- false
+ true

 ❯ src/everything.spec.ts:8:18
            </failure>
        </testcase>
        <testcase classname="src/everything.spec.ts" name="describe 60 &gt; example test 30" time="0.000014708">
        </testcase>
        <testcase classname="src/everything.spec.ts" name="describe 60 &gt; example test 31" time="0.000065875">
            <failure message="expected true to be false // Object.is equality" type="AssertionError">
AssertionError: expected true to be false // Object.is equality

- Expected
+ Received

- false
+ true

 ❯ src/everything.spec.ts:8:18
            </failure>
        </testcase>
        <testcase classname="src/everything.spec.ts" name="describe 60 &gt; example test 32" time="0.00001525">
        </testcase>
        <testcase classname="src/everything.spec.ts" name="describe 60 &gt; example test 33" time="0.000098125">
            <failure message="expected true to be false // Object.is equality" type="AssertionError">
AssertionError: expected true to be false // Object.is equality

- Expected
+ Received

- false
+ true

 ❯ src/everything.spec.ts:8:18
            </failure>
        </testcase>
        <testcase classname="src/everything.spec.ts" name="describe 60 &gt; example test 34" time="0.00001475">
        </testcase>
        <testcase classname="src/everything.spec.ts" name="describe 60 &gt; example test 35" time="0.000066792">
            <failure message="expected true to be false // Object.is equality" type="AssertionError">
AssertionError: expected true to be false // Object.is equality

- Expected
+ Received

- false
+ true

 ❯ src/everything.spec.ts:8:18
            </failure>
        </testcase>
        <testcase classname="src/everything.spec.ts" name="describe 60 &gt; example test 36" time="0.000014584">
        </testcase>
        <testcase classname="src/everything.spec.ts" name="describe 60 &gt; example test 37" time="0.000069292">
            <failure message="expected true to be false // Object.is equality" type="AssertionError">
AssertionError: expected true to be false // Object.is equality

- Expected
+ Received

- false
+ true

 ❯ src/everything.spec.ts:8:18
            </failure>
        </testcase>
        <testcase classname="src/everything.spec.ts" name="describe 60 &gt; example test 38" time="0.000015667">
        </testcase>
        <testcase classname="src/everything.spec.ts" name="describe 60 &gt; example test 39" time="0.000069166">
            <failure message="expected true to be false // Object.is equality" type="AssertionError">
AssertionError: expected true to be false // Object.is equality

- Expected
+ Received

- false
+ true

 ❯ src/everything.spec.ts:8:18
            </failure>
        </testcase>
        <testcase classname="src/everything.spec.ts" name="describe 60 &gt; example test 40" time="0.000014583">
        </testcase>
        <testcase classname="src/everything.spec.ts" name="describe 60 &gt; example test 41" time="0.0000655">
            <failure message="expected true to be false // Object.is equality" type="AssertionError">
AssertionError: expected true to be false // Object.is equality

- Expected
+ Received

- false
+ true

 ❯ src/everything.spec.ts:8:18
            </failure>
        </testcase>
        <testcase classname="src/everything.spec.ts" name="describe 60 &gt; example test 42" time="0.000015">
        </testcase>
        <testcase classname="src/everything.spec.ts" name="describe 60 &gt; example test 43" time="0.000066833">
            <failure message="expected true to be false // Object.is equality" type="AssertionError">
AssertionError: expected true to be false // Object.is equality

- Expected
+ Received

- false
+ true

 ❯ src/everything.spec.ts:8:18
            </failure>
        </testcase>
        <testcase classname="src/everything.spec.ts" name="describe 60 &gt; example test 44" time="0.000014417">
        </testcase>
        <testcase classname="src/everything.spec.ts" name="describe 60 &gt; example test 45" time="0.000065459">
            <failure message="expected true to be false // Object.is equality" type="AssertionError">
AssertionError: expected true to be false // Object.is equality

- Expected
+ Received

- false
+ true

 ❯ src/everything.spec.ts:8:18
            </failure>
        </testcase>
        <testcase classname="src/everything.spec.ts" name="describe 60 &gt; example test 46" time="0.000013916">
        </testcase>
        <testcase classname="src/everything.spec.ts" name="describe 60 &gt; example test 47" time="0.000063084">
            <failure message="expected true to be false // Object.is equality" type="AssertionError">
AssertionError: expected true to be false // Object.is equality

- Expected
+ Received

- false
+ true

 ❯ src/everything.spec.ts:8:18
            </failure>
        </testcase>
        <testcase classname="src/everything.spec.ts" name="describe 60 &gt; example test 48" time="0.000014584">
        </testcase>
        <testcase classname="src/everything.spec.ts" name="describe 60 &gt; example test 49" time="0.000065958">
            <failure message="expected true to be false // Object.is equality" type="AssertionError">
AssertionError: expected true to be false // Object.is equality

- Expected
+ Received

- false
+ true

 ❯ src/everything.spec.ts:8:18
            </failure>
        </testcase>
        <testcase classname="src/everything.spec.ts" name="describe 60 &gt; example test 50" time="0.000015">
        </testcase>
        <testcase classname="src/everything.spec.ts" name="describe 60 &gt; example test 51" time="0.000064875">
            <failure message="expected true to be false // Object.is equality" type="AssertionError">
AssertionError: expected true to be false // Object.is equality

- Expected
+ Received

- false
+ true

 ❯ src/everything.spec.ts:8:18
            </failure>
        </testcase>
        <testcase classname="src/everything.spec.ts" name="describe 60 &gt; example test 52" time="0.00001425">
        </testcase>
        <testcase classname="src/everything.spec.ts" name="describe 60 &gt; example test 53" time="0.000068208">
            <failure message="expected true to be false // Object.is equality" type="AssertionError">
AssertionError: expected true to be false // Object.is equality

- Expected
+ Received

- false
+ true

 ❯ src/everything.spec.ts:8:18
            </failure>
        </testcase>
        <testcase classname="src/everything.spec.ts" name="describe 60 &gt; example test 54" time="0.000014708">
        </testcase>
        <testcase classname="src/everything.spec.ts" name="describe 60 &gt; example test 55" time="0.000071">
            <failure message="expected true to be false // Object.is equality" type="AssertionError">
AssertionError: expected true to be false // Object.is equality

- Expected
+ Received

- false
+ true

 ❯ src/everything.spec.ts:8:18
            </failure>
        </testcase>
        <testcase classname="src/everything.spec.ts" name="describe 60 &gt; example test 56" time="0.000014875">
        </testcase>
        <testcase classname="src/everything.spec.ts" name="describe 60 &gt; example test 57" time="0.000513292">
            <failure message="expected true to be false // Object.is equality" type="AssertionError">
AssertionError: expected true to be false // Object.is equality

- Expected
+ Received

- false
+ true

 ❯ src/everything.spec.ts:8:18
            </failure>
        </testcase>
        <testcase classname="src/everything.spec.ts" name="describe 60 &gt; example test 58" time="0.000030125">
        </testcase>
        <testcase classname="src/everything.spec.ts" name="describe 60 &gt; example test 59" time="0.000097458">
            <failure message="expected true to be false // Object.is equality" type="AssertionError">
AssertionError: expected true to be false // Object.is equality

- Expected
+ Received

- false
+ true

 ❯ src/everything.spec.ts:8:18
            </failure>
        </testcase>
        <testcase classname="src/everything.spec.ts" name="describe 60 &gt; example test 60" time="0.000018417">
        </testcase>
        <testcase classname="src/everything.spec.ts" name="describe 60 &gt; example test 61" time="0.000078375">
            <failure message="expected true to be false // Object.is equality" type="AssertionError">
AssertionError: expected true to be false // Object.is equality

- Expected
+ Received

- false
+ true

 ❯ src/everything.spec.ts:8:18
            </failure>
        </testcase>
        <testcase classname="src/everything.spec.ts" name="describe 60 &gt; example test 62" time="0.000017333">
        </testcase>
        <testcase classname="src/everything.spec.ts" name="describe 60 &gt; example test 63" time="0.000071334">
            <failure message="expected true to be false // Object.is equality" type="AssertionError">
AssertionError: expected true to be false // Object.is equality

- Expected
+ Received

- false
+ true

 ❯ src/everything.spec.ts:8:18
            </failure>
        </testcase>
        <testcase classname="src/everything.spec.ts" name="describe 60 &gt; example test 64" time="0.000016167">
        </testcase>
        <testcase classname="src/everything.spec.ts" name="describe 60 &gt; example test 65" time="0.000068583">
            <failure message="expected true to be false // Object.is equality" type="AssertionError">
AssertionError: expected true to be false // Object.is equality

- Expected
+ Received

- false
+ true

 ❯ src/everything.spec.ts:8:18
            </failure>
        </testcase>
        <testcase classname="src/everything.spec.ts" name="describe 60 &gt; example test 66" time="0.000015375">
        </testcase>
        <testcase classname="src/everything.spec.ts" name="describe 60 &gt; example test 67" time="0.000065">
            <failure message="expected true to be false // Object.is equality" type="AssertionError">
AssertionError: expected true to be false // Object.is equality

- Expected
+ Received

- false
+ true

 ❯ src/everything.spec.ts:8:18
            </failure>
        </testcase>
        <testcase classname="src/everything.spec.ts" name="describe 60 &gt; example test 68" time="0.000014875">
        </testcase>
        <testcase classname="src/everything.spec.ts" name="describe 60 &gt; example test 69" time="0.00006525">
            <failure message="expected true to be false // Object.is equality" type="AssertionError">
AssertionError: expected true to be false // Object.is equality

- Expected
+ Received

- false
+ true

 ❯ src/everything.spec.ts:8:18
            </failure>
        </testcase>
        <testcase classname="src/everything.spec.ts" name="describe 60 &gt; example test 70" time="0.0000145">
        </testcase>
        <testcase classname="src/everything.spec.ts" name="describe 60 &gt; example test 71" time="0.000063708">
            <failure message="expected true to be false // Object.is equality" type="AssertionError">
AssertionError: expected true to be false // Object.is equality

- Expected
+ Received

- false
+ true

 ❯ src/everything.spec.ts:8:18
            </failure>
        </testcase>
        <testcase classname="src/everything.spec.ts" name="describe 60 &gt; example test 72" time="0.000015375">
        </testcase>
        <testcase classname="src/everything.spec.ts" name="describe 60 &gt; example test 73" time="0.000065">
            <failure message="expected true to be false // Object.is equality" type="AssertionError">
AssertionError: expected true to be false // Object.is equality

- Expected
+ Received

- false
+ true

 ❯ src/everything.spec.ts:8:18
            </failure>
        </testcase>
        <testcase classname="src/everything.spec.ts" name="describe 60 &gt; example test 74" time="0.000014625">
        </testcase>
        <testcase classname="src/everything.spec.ts" name="describe 60 &gt; example test 75" time="0.000064167">
            <failure message="expected true to be false // Object.is equality" type="AssertionError">
AssertionError: expected true to be false // Object.is equality

- Expected
+ Received

- false
+ true

 ❯ src/everything.spec.ts:8:18
            </failure>
        </testcase>
        <testcase classname="src/everything.spec.ts" name="describe 60 &gt; example test 76" time="0.000014625">
        </testcase>
        <testcase classname="src/everything.spec.ts" name="describe 60 &gt; example test 77" time="0.000064791">
            <failure message="expected true to be false // Object.is equality" type="AssertionError">
AssertionError: expected true to be false // Object.is equality

- Expected
+ Received

- false
+ true

 ❯ src/everything.spec.ts:8:18
            </failure>
        </testcase>
        <testcase classname="src/everything.spec.ts" name="describe 60 &gt; example test 78" time="0.000014583">
        </testcase>
        <testcase classname="src/everything.spec.ts" name="describe 60 &gt; example test 79" time="0.000064083">
            <failure message="expected true to be false // Object.is equality" type="AssertionError">
AssertionError: expected true to be false // Object.is equality

- Expected
+ Received

- false
+ true

 ❯ src/everything.spec.ts:8:18
            </failure>
        </testcase>
        <testcase classname="src/everything.spec.ts" name="describe 60 &gt; example test 80" time="0.00001475">
        </testcase>
        <testcase classname="src/everything.spec.ts" name="describe 60 &gt; example test 81" time="0.000064">
            <failure message="expected true to be false // Object.is equality" type="AssertionError">
AssertionError: expected true to be false // Object.is equality

- Expected
+ Received

- false
+ true

 ❯ src/everything.spec.ts:8:18
            </failure>
        </testcase>
        <testcase classname="src/everything.spec.ts" name="describe 60 &gt; example test 82" time="0.000014583">
        </testcase>
        <testcase classname="src/everything.spec.ts" name="describe 60 &gt; example test 83" time="0.000065625">
            <failure message="expected true to be false // Object.is equality" type="AssertionError">
AssertionError: expected true to be false // Object.is equality

- Expected
+ Received

- false
+ true

 ❯ src/everything.spec.ts:8:18
            </failure>
        </testcase>
        <testcase classname="src/everything.spec.ts" name="describe 60 &gt; example test 84" time="0.000014959">
        </testcase>
        <testcase classname="src/everything.spec.ts" name="describe 60 &gt; example test 85" time="0.000064375">
            <failure message="expected true to be false // Object.is equality" type="AssertionError">
AssertionError: expected true to be false // Object.is equality

- Expected
+ Received

- false
+ true

 ❯ src/everything.spec.ts:8:18
            </failure>
        </testcase>
        <testcase classname="src/everything.spec.ts" name="describe 60 &gt; example test 86" time="0.0000145">
        </testcase>
        <testcase classname="src/everything.spec.ts" name="describe 60 &gt; example test 87" time="0.000064458">
            <failure message="expected true to be false // Object.is equality" type="AssertionError">
AssertionError: expected true to be false // Object.is equality

- Expected
+ Received

- false
+ true

 ❯ src/everything.spec.ts:8:18
            </failure>
        </testcase>
        <testcase classname="src/everything.spec.ts" name="describe 60 &gt; example test 88" time="0.000015292">
        </testcase>
        <testcase classname="src/everything.spec.ts" name="describe 60 &gt; example test 89" time="0.000064042">
            <failure message="expected true to be false // Object.is equality" type="AssertionError">
AssertionError: expected true to be false // Object.is equality

- Expected
+ Received

- false
+ true

 ❯ src/everything.spec.ts:8:18
            </failure>
        </testcase>
        <testcase classname="src/everything.spec.ts" name="describe 60 &gt; example test 90" time="0.000014833">
        </testcase>
        <testcase classname="src/everything.spec.ts" name="describe 60 &gt; example test 91" time="0.000065209">
            <failure message="expected true to be false // Object.is equality" type="AssertionError">
AssertionError: expected true to be false // Object.is equality

- Expected
+ Received

- false
+ true

 ❯ src/everything.spec.ts:8:18
            </failure>
        </testcase>
        <testcase classname="src/everything.spec.ts" name="describe 60 &gt; example test 92" time="0.000014709">
        </testcase>
        <testcase classname="src/everything.spec.ts" name="describe 60 &gt; example test 93" time="0.000065333">
            <failure message="expected true to be false // Object.is equality" type="AssertionError">
AssertionError: expected true to be false // Object.is equality

- Expected
+ Received

- false
+ true

 ❯ src/everything.spec.ts:8:18
            </failure>
        </testcase>
        <testcase classname="src/everything.spec.ts" name="describe 60 &gt; example test 94" time="0.000014">
        </testcase>
        <testcase classname="src/everything.spec.ts" name="describe 60 &gt; example test 95" time="0.000065833">
            <failure message="expected true to be false // Object.is equality" type="AssertionError">
AssertionError: expected true to be false // Object.is equality

- Expected
+ Received

- false
+ true

 ❯ src/everything.spec.ts:8:18
            </failure>
        </testcase>
        <testcase classname="src/everything.spec.ts" name="describe 60 &gt; example test 96" time="0.0000145">
        </testcase>
        <testcase classname="src/everything.spec.ts" name="describe 60 &gt; example test 97" time="0.000063167">
            <failure message="expected true to be false // Object.is equality" type="AssertionError">
AssertionError: expected true to be false // Object.is equality

- Expected
+ Received

- false
+ true

 ❯ src/everything.spec.ts:8:18
            </failure>
        </testcase>
        <testcase classname="src/everything.spec.ts" name="describe 60 &gt; example test 98" time="0.000014916">
        </testcase>
        <testcase classname="src/everything.spec.ts" name="describe 60 &gt; example test 99" time="0.000063375">
            <failure message="expected true to be false // Object.is equality" type="AssertionError">
AssertionError: expected true to be false // Object.is equality

- Expected
+ Received

- false
+ true

 ❯ src/everything.spec.ts:8:18
            </failure>
        </testcase>
        <testcase classname="src/everything.spec.ts" name="describe 60 &gt; example test 100" time="0.000014792">
        </testcase>
        <testcase classname="src/everything.spec.ts" name="describe 61 &gt; example test 1" time="0.000065834">
            <failure message="expected true to be false // Object.is equality" type="AssertionError">
AssertionError: expected true to be false // Object.is equality

- Expected
+ Received

- false
+ true

 ❯ src/everything.spec.ts:8:18
            </failure>
        </testcase>
        <testcase classname="src/everything.spec.ts" name="describe 61 &gt; example test 2" time="0.000014">
        </testcase>
        <testcase classname="src/everything.spec.ts" name="describe 61 &gt; example test 3" time="0.000063167">
            <failure message="expected true to be false // Object.is equality" type="AssertionError">
AssertionError: expected true to be false // Object.is equality

- Expected
+ Received

- false
+ true

 ❯ src/everything.spec.ts:8:18
            </failure>
        </testcase>
        <testcase classname="src/everything.spec.ts" name="describe 61 &gt; example test 4" time="0.000014583">
        </testcase>
        <testcase classname="src/everything.spec.ts" name="describe 61 &gt; example test 5" time="0.000066167">
            <failure message="expected true to be false // Object.is equality" type="AssertionError">
AssertionError: expected true to be false // Object.is equality

- Expected
+ Received

- false
+ true

 ❯ src/everything.spec.ts:8:18
            </failure>
        </testcase>
        <testcase classname="src/everything.spec.ts" name="describe 61 &gt; example test 6" time="0.00001525">
        </testcase>
        <testcase classname="src/everything.spec.ts" name="describe 61 &gt; example test 7" time="0.000097">
            <failure message="expected true to be false // Object.is equality" type="AssertionError">
AssertionError: expected true to be false // Object.is equality

- Expected
+ Received

- false
+ true

 ❯ src/everything.spec.ts:8:18
            </failure>
        </testcase>
        <testcase classname="src/everything.spec.ts" name="describe 61 &gt; example test 8" time="0.000014958">
        </testcase>
        <testcase classname="src/everything.spec.ts" name="describe 61 &gt; example test 9" time="0.000063">
            <failure message="expected true to be false // Object.is equality" type="AssertionError">
AssertionError: expected true to be false // Object.is equality

- Expected
+ Received

- false
+ true

 ❯ src/everything.spec.ts:8:18
            </failure>
        </testcase>
        <testcase classname="src/everything.spec.ts" name="describe 61 &gt; example test 10" time="0.000014458">
        </testcase>
        <testcase classname="src/everything.spec.ts" name="describe 61 &gt; example test 11" time="0.000063958">
            <failure message="expected true to be false // Object.is equality" type="AssertionError">
AssertionError: expected true to be false // Object.is equality

- Expected
+ Received

- false
+ true

 ❯ src/everything.spec.ts:8:18
            </failure>
        </testcase>
        <testcase classname="src/everything.spec.ts" name="describe 61 &gt; example test 12" time="0.000014584">
        </testcase>
        <testcase classname="src/everything.spec.ts" name="describe 61 &gt; example test 13" time="0.000087292">
            <failure message="expected true to be false // Object.is equality" type="AssertionError">
AssertionError: expected true to be false // Object.is equality

- Expected
+ Received

- false
+ true

 ❯ src/everything.spec.ts:8:18
            </failure>
        </testcase>
        <testcase classname="src/everything.spec.ts" name="describe 61 &gt; example test 14" time="0.000016542">
        </testcase>
        <testcase classname="src/everything.spec.ts" name="describe 61 &gt; example test 15" time="0.000063209">
            <failure message="expected true to be false // Object.is equality" type="AssertionError">
AssertionError: expected true to be false // Object.is equality

- Expected
+ Received

- false
+ true

 ❯ src/everything.spec.ts:8:18
            </failure>
        </testcase>
        <testcase classname="src/everything.spec.ts" name="describe 61 &gt; example test 16" time="0.000014375">
        </testcase>
        <testcase classname="src/everything.spec.ts" name="describe 61 &gt; example test 17" time="0.000063125">
            <failure message="expected true to be false // Object.is equality" type="AssertionError">
AssertionError: expected true to be false // Object.is equality

- Expected
+ Received

- false
+ true

 ❯ src/everything.spec.ts:8:18
            </failure>
        </testcase>
        <testcase classname="src/everything.spec.ts" name="describe 61 &gt; example test 18" time="0.000014625">
        </testcase>
        <testcase classname="src/everything.spec.ts" name="describe 61 &gt; example test 19" time="0.000078708">
            <failure message="expected true to be false // Object.is equality" type="AssertionError">
AssertionError: expected true to be false // Object.is equality

- Expected
+ Received

- false
+ true

 ❯ src/everything.spec.ts:8:18
            </failure>
        </testcase>
        <testcase classname="src/everything.spec.ts" name="describe 61 &gt; example test 20" time="0.000015875">
        </testcase>
        <testcase classname="src/everything.spec.ts" name="describe 61 &gt; example test 21" time="0.000197834">
            <failure message="expected true to be false // Object.is equality" type="AssertionError">
AssertionError: expected true to be false // Object.is equality

- Expected
+ Received

- false
+ true

 ❯ src/everything.spec.ts:8:18
            </failure>
        </testcase>
        <testcase classname="src/everything.spec.ts" name="describe 61 &gt; example test 22" time="0.00002175">
        </testcase>
        <testcase classname="src/everything.spec.ts" name="describe 61 &gt; example test 23" time="0.000072042">
            <failure message="expected true to be false // Object.is equality" type="AssertionError">
AssertionError: expected true to be false // Object.is equality

- Expected
+ Received

- false
+ true

 ❯ src/everything.spec.ts:8:18
            </failure>
        </testcase>
        <testcase classname="src/everything.spec.ts" name="describe 61 &gt; example test 24" time="0.000016">
        </testcase>
        <testcase classname="src/everything.spec.ts" name="describe 61 &gt; example test 25" time="0.000068208">
            <failure message="expected true to be false // Object.is equality" type="AssertionError">
AssertionError: expected true to be false // Object.is equality

- Expected
+ Received

- false
+ true

 ❯ src/everything.spec.ts:8:18
            </failure>
        </testcase>
        <testcase classname="src/everything.spec.ts" name="describe 61 &gt; example test 26" time="0.000016042">
        </testcase>
        <testcase classname="src/everything.spec.ts" name="describe 61 &gt; example test 27" time="0.000066208">
            <failure message="expected true to be false // Object.is equality" type="AssertionError">
AssertionError: expected true to be false // Object.is equality

- Expected
+ Received

- false
+ true

 ❯ src/everything.spec.ts:8:18
            </failure>
        </testcase>
        <testcase classname="src/everything.spec.ts" name="describe 61 &gt; example test 28" time="0.000015291">
        </testcase>
        <testcase classname="src/everything.spec.ts" name="describe 61 &gt; example test 29" time="0.000088083">
            <failure message="expected true to be false // Object.is equality" type="AssertionError">
AssertionError: expected true to be false // Object.is equality

- Expected
+ Received

- false
+ true

 ❯ src/everything.spec.ts:8:18
            </failure>
        </testcase>
        <testcase classname="src/everything.spec.ts" name="describe 61 &gt; example test 30" time="0.000016">
        </testcase>
        <testcase classname="src/everything.spec.ts" name="describe 61 &gt; example test 31" time="0.00006875">
            <failure message="expected true to be false // Object.is equality" type="AssertionError">
AssertionError: expected true to be false // Object.is equality

- Expected
+ Received

- false
+ true

 ❯ src/everything.spec.ts:8:18
            </failure>
        </testcase>
        <testcase classname="src/everything.spec.ts" name="describe 61 &gt; example test 32" time="0.000015125">
        </testcase>
        <testcase classname="src/everything.spec.ts" name="describe 61 &gt; example test 33" time="0.000068042">
            <failure message="expected true to be false // Object.is equality" type="AssertionError">
AssertionError: expected true to be false // Object.is equality

- Expected
+ Received

- false
+ true

 ❯ src/everything.spec.ts:8:18
            </failure>
        </testcase>
        <testcase classname="src/everything.spec.ts" name="describe 61 &gt; example test 34" time="0.000015625">
        </testcase>
        <testcase classname="src/everything.spec.ts" name="describe 61 &gt; example test 35" time="0.000096375">
            <failure message="expected true to be false // Object.is equality" type="AssertionError">
AssertionError: expected true to be false // Object.is equality

- Expected
+ Received

- false
+ true

 ❯ src/everything.spec.ts:8:18
            </failure>
        </testcase>
        <testcase classname="src/everything.spec.ts" name="describe 61 &gt; example test 36" time="0.000019875">
        </testcase>
        <testcase classname="src/everything.spec.ts" name="describe 61 &gt; example test 37" time="0.000075959">
            <failure message="expected true to be false // Object.is equality" type="AssertionError">
AssertionError: expected true to be false // Object.is equality

- Expected
+ Received

- false
+ true

 ❯ src/everything.spec.ts:8:18
            </failure>
        </testcase>
        <testcase classname="src/everything.spec.ts" name="describe 61 &gt; example test 38" time="0.000016292">
        </testcase>
        <testcase classname="src/everything.spec.ts" name="describe 61 &gt; example test 39" time="0.000069791">
            <failure message="expected true to be false // Object.is equality" type="AssertionError">
AssertionError: expected true to be false // Object.is equality

- Expected
+ Received

- false
+ true

 ❯ src/everything.spec.ts:8:18
            </failure>
        </testcase>
        <testcase classname="src/everything.spec.ts" name="describe 61 &gt; example test 40" time="0.000015875">
        </testcase>
        <testcase classname="src/everything.spec.ts" name="describe 61 &gt; example test 41" time="0.000068">
            <failure message="expected true to be false // Object.is equality" type="AssertionError">
AssertionError: expected true to be false // Object.is equality

- Expected
+ Received

- false
+ true

 ❯ src/everything.spec.ts:8:18
            </failure>
        </testcase>
        <testcase classname="src/everything.spec.ts" name="describe 61 &gt; example test 42" time="0.000017375">
        </testcase>
        <testcase classname="src/everything.spec.ts" name="describe 61 &gt; example test 43" time="0.000068167">
            <failure message="expected true to be false // Object.is equality" type="AssertionError">
AssertionError: expected true to be false // Object.is equality

- Expected
+ Received

- false
+ true

 ❯ src/everything.spec.ts:8:18
            </failure>
        </testcase>
        <testcase classname="src/everything.spec.ts" name="describe 61 &gt; example test 44" time="0.000015042">
        </testcase>
        <testcase classname="src/everything.spec.ts" name="describe 61 &gt; example test 45" time="0.000068">
            <failure message="expected true to be false // Object.is equality" type="AssertionError">
AssertionError: expected true to be false // Object.is equality

- Expected
+ Received

- false
+ true

 ❯ src/everything.spec.ts:8:18
            </failure>
        </testcase>
        <testcase classname="src/everything.spec.ts" name="describe 61 &gt; example test 46" time="0.000015375">
        </testcase>
        <testcase classname="src/everything.spec.ts" name="describe 61 &gt; example test 47" time="0.000066709">
            <failure message="expected true to be false // Object.is equality" type="AssertionError">
AssertionError: expected true to be false // Object.is equality

- Expected
+ Received

- false
+ true

 ❯ src/everything.spec.ts:8:18
            </failure>
        </testcase>
        <testcase classname="src/everything.spec.ts" name="describe 61 &gt; example test 48" time="0.00001625">
        </testcase>
        <testcase classname="src/everything.spec.ts" name="describe 61 &gt; example test 49" time="0.00006725">
            <failure message="expected true to be false // Object.is equality" type="AssertionError">
AssertionError: expected true to be false // Object.is equality

- Expected
+ Received

- false
+ true

 ❯ src/everything.spec.ts:8:18
            </failure>
        </testcase>
        <testcase classname="src/everything.spec.ts" name="describe 61 &gt; example test 50" time="0.000016125">
        </testcase>
        <testcase classname="src/everything.spec.ts" name="describe 61 &gt; example test 51" time="0.000085042">
            <failure message="expected true to be false // Object.is equality" type="AssertionError">
AssertionError: expected true to be false // Object.is equality

- Expected
+ Received

- false
+ true

 ❯ src/everything.spec.ts:8:18
            </failure>
        </testcase>
        <testcase classname="src/everything.spec.ts" name="describe 61 &gt; example test 52" time="0.0000155">
        </testcase>
        <testcase classname="src/everything.spec.ts" name="describe 61 &gt; example test 53" time="0.000069166">
            <failure message="expected true to be false // Object.is equality" type="AssertionError">
AssertionError: expected true to be false // Object.is equality

- Expected
+ Received

- false
+ true

 ❯ src/everything.spec.ts:8:18
            </failure>
        </testcase>
        <testcase classname="src/everything.spec.ts" name="describe 61 &gt; example test 54" time="0.000015334">
        </testcase>
        <testcase classname="src/everything.spec.ts" name="describe 61 &gt; example test 55" time="0.000066583">
            <failure message="expected true to be false // Object.is equality" type="AssertionError">
AssertionError: expected true to be false // Object.is equality

- Expected
+ Received

- false
+ true

 ❯ src/everything.spec.ts:8:18
            </failure>
        </testcase>
        <testcase classname="src/everything.spec.ts" name="describe 61 &gt; example test 56" time="0.000014792">
        </testcase>
        <testcase classname="src/everything.spec.ts" name="describe 61 &gt; example test 57" time="0.000075625">
            <failure message="expected true to be false // Object.is equality" type="AssertionError">
AssertionError: expected true to be false // Object.is equality

- Expected
+ Received

- false
+ true

 ❯ src/everything.spec.ts:8:18
            </failure>
        </testcase>
        <testcase classname="src/everything.spec.ts" name="describe 61 &gt; example test 58" time="0.000014708">
        </testcase>
        <testcase classname="src/everything.spec.ts" name="describe 61 &gt; example test 59" time="0.00006625">
            <failure message="expected true to be false // Object.is equality" type="AssertionError">
AssertionError: expected true to be false // Object.is equality

- Expected
+ Received

- false
+ true

 ❯ src/everything.spec.ts:8:18
            </failure>
        </testcase>
        <testcase classname="src/everything.spec.ts" name="describe 61 &gt; example test 60" time="0.000015542">
        </testcase>
        <testcase classname="src/everything.spec.ts" name="describe 61 &gt; example test 61" time="0.00006725">
            <failure message="expected true to be false // Object.is equality" type="AssertionError">
AssertionError: expected true to be false // Object.is equality

- Expected
+ Received

- false
+ true

 ❯ src/everything.spec.ts:8:18
            </failure>
        </testcase>
        <testcase classname="src/everything.spec.ts" name="describe 61 &gt; example test 62" time="0.000015417">
        </testcase>
        <testcase classname="src/everything.spec.ts" name="describe 61 &gt; example test 63" time="0.000066167">
            <failure message="expected true to be false // Object.is equality" type="AssertionError">
AssertionError: expected true to be false // Object.is equality

- Expected
+ Received

- false
+ true

 ❯ src/everything.spec.ts:8:18
            </failure>
        </testcase>
        <testcase classname="src/everything.spec.ts" name="describe 61 &gt; example test 64" time="0.000015958">
        </testcase>
        <testcase classname="src/everything.spec.ts" name="describe 61 &gt; example test 65" time="0.000065291">
            <failure message="expected true to be false // Object.is equality" type="AssertionError">
AssertionError: expected true to be false // Object.is equality

- Expected
+ Received

- false
+ true

 ❯ src/everything.spec.ts:8:18
            </failure>
        </testcase>
        <testcase classname="src/everything.spec.ts" name="describe 61 &gt; example test 66" time="0.000015208">
        </testcase>
        <testcase classname="src/everything.spec.ts" name="describe 61 &gt; example test 67" time="0.000065333">
            <failure message="expected true to be false // Object.is equality" type="AssertionError">
AssertionError: expected true to be false // Object.is equality

- Expected
+ Received

- false
+ true

 ❯ src/everything.spec.ts:8:18
            </failure>
        </testcase>
        <testcase classname="src/everything.spec.ts" name="describe 61 &gt; example test 68" time="0.000015833">
        </testcase>
        <testcase classname="src/everything.spec.ts" name="describe 61 &gt; example test 69" time="0.000065375">
            <failure message="expected true to be false // Object.is equality" type="AssertionError">
AssertionError: expected true to be false // Object.is equality

- Expected
+ Received

- false
+ true

 ❯ src/everything.spec.ts:8:18
            </failure>
        </testcase>
        <testcase classname="src/everything.spec.ts" name="describe 61 &gt; example test 70" time="0.000015209">
        </testcase>
        <testcase classname="src/everything.spec.ts" name="describe 61 &gt; example test 71" time="0.000065458">
            <failure message="expected true to be false // Object.is equality" type="AssertionError">
AssertionError: expected true to be false // Object.is equality

- Expected
+ Received

- false
+ true

 ❯ src/everything.spec.ts:8:18
            </failure>
        </testcase>
        <testcase classname="src/everything.spec.ts" name="describe 61 &gt; example test 72" time="0.000015708">
        </testcase>
        <testcase classname="src/everything.spec.ts" name="describe 61 &gt; example test 73" time="0.000065875">
            <failure message="expected true to be false // Object.is equality" type="AssertionError">
AssertionError: expected true to be false // Object.is equality

- Expected
+ Received

- false
+ true

 ❯ src/everything.spec.ts:8:18
            </failure>
        </testcase>
        <testcase classname="src/everything.spec.ts" name="describe 61 &gt; example test 74" time="0.000015333">
        </testcase>
        <testcase classname="src/everything.spec.ts" name="describe 61 &gt; example test 75" time="0.000065042">
            <failure message="expected true to be false // Object.is equality" type="AssertionError">
AssertionError: expected true to be false // Object.is equality

- Expected
+ Received

- false
+ true

 ❯ src/everything.spec.ts:8:18
            </failure>
        </testcase>
        <testcase classname="src/everything.spec.ts" name="describe 61 &gt; example test 76" time="0.00001575">
        </testcase>
        <testcase classname="src/everything.spec.ts" name="describe 61 &gt; example test 77" time="0.000066375">
            <failure message="expected true to be false // Object.is equality" type="AssertionError">
AssertionError: expected true to be false // Object.is equality

- Expected
+ Received

- false
+ true

 ❯ src/everything.spec.ts:8:18
            </failure>
        </testcase>
        <testcase classname="src/everything.spec.ts" name="describe 61 &gt; example test 78" time="0.000015334">
        </testcase>
        <testcase classname="src/everything.spec.ts" name="describe 61 &gt; example test 79" time="0.00006575">
            <failure message="expected true to be false // Object.is equality" type="AssertionError">
AssertionError: expected true to be false // Object.is equality

- Expected
+ Received

- false
+ true

 ❯ src/everything.spec.ts:8:18
            </failure>
        </testcase>
        <testcase classname="src/everything.spec.ts" name="describe 61 &gt; example test 80" time="0.000015375">
        </testcase>
        <testcase classname="src/everything.spec.ts" name="describe 61 &gt; example test 81" time="0.00006725">
            <failure message="expected true to be false // Object.is equality" type="AssertionError">
AssertionError: expected true to be false // Object.is equality

- Expected
+ Received

- false
+ true

 ❯ src/everything.spec.ts:8:18
            </failure>
        </testcase>
        <testcase classname="src/everything.spec.ts" name="describe 61 &gt; example test 82" time="0.000015458">
        </testcase>
        <testcase classname="src/everything.spec.ts" name="describe 61 &gt; example test 83" time="0.000068167">
            <failure message="expected true to be false // Object.is equality" type="AssertionError">
AssertionError: expected true to be false // Object.is equality

- Expected
+ Received

- false
+ true

 ❯ src/everything.spec.ts:8:18
            </failure>
        </testcase>
        <testcase classname="src/everything.spec.ts" name="describe 61 &gt; example test 84" time="0.000015083">
        </testcase>
        <testcase classname="src/everything.spec.ts" name="describe 61 &gt; example test 85" time="0.000066208">
            <failure message="expected true to be false // Object.is equality" type="AssertionError">
AssertionError: expected true to be false // Object.is equality

- Expected
+ Received

- false
+ true

 ❯ src/everything.spec.ts:8:18
            </failure>
        </testcase>
        <testcase classname="src/everything.spec.ts" name="describe 61 &gt; example test 86" time="0.00001525">
        </testcase>
        <testcase classname="src/everything.spec.ts" name="describe 61 &gt; example test 87" time="0.000066541">
            <failure message="expected true to be false // Object.is equality" type="AssertionError">
AssertionError: expected true to be false // Object.is equality

- Expected
+ Received

- false
+ true

 ❯ src/everything.spec.ts:8:18
            </failure>
        </testcase>
        <testcase classname="src/everything.spec.ts" name="describe 61 &gt; example test 88" time="0.00001525">
        </testcase>
        <testcase classname="src/everything.spec.ts" name="describe 61 &gt; example test 89" time="0.0000655">
            <failure message="expected true to be false // Object.is equality" type="AssertionError">
AssertionError: expected true to be false // Object.is equality

- Expected
+ Received

- false
+ true

 ❯ src/everything.spec.ts:8:18
            </failure>
        </testcase>
        <testcase classname="src/everything.spec.ts" name="describe 61 &gt; example test 90" time="0.000014875">
        </testcase>
        <testcase classname="src/everything.spec.ts" name="describe 61 &gt; example test 91" time="0.000096542">
            <failure message="expected true to be false // Object.is equality" type="AssertionError">
AssertionError: expected true to be false // Object.is equality

- Expected
+ Received

- false
+ true

 ❯ src/everything.spec.ts:8:18
            </failure>
        </testcase>
        <testcase classname="src/everything.spec.ts" name="describe 61 &gt; example test 92" time="0.000015292">
        </testcase>
        <testcase classname="src/everything.spec.ts" name="describe 61 &gt; example test 93" time="0.000079834">
            <failure message="expected true to be false // Object.is equality" type="AssertionError">
AssertionError: expected true to be false // Object.is equality

- Expected
+ Received

- false
+ true

 ❯ src/everything.spec.ts:8:18
            </failure>
        </testcase>
        <testcase classname="src/everything.spec.ts" name="describe 61 &gt; example test 94" time="0.000015417">
        </testcase>
        <testcase classname="src/everything.spec.ts" name="describe 61 &gt; example test 95" time="0.000083417">
            <failure message="expected true to be false // Object.is equality" type="AssertionError">
AssertionError: expected true to be false // Object.is equality

- Expected
+ Received

- false
+ true

 ❯ src/everything.spec.ts:8:18
            </failure>
        </testcase>
        <testcase classname="src/everything.spec.ts" name="describe 61 &gt; example test 96" time="0.000015167">
        </testcase>
        <testcase classname="src/everything.spec.ts" name="describe 61 &gt; example test 97" time="0.000067709">
            <failure message="expected true to be false // Object.is equality" type="AssertionError">
AssertionError: expected true to be false // Object.is equality

- Expected
+ Received

- false
+ true

 ❯ src/everything.spec.ts:8:18
            </failure>
        </testcase>
        <testcase classname="src/everything.spec.ts" name="describe 61 &gt; example test 98" time="0.000015167">
        </testcase>
        <testcase classname="src/everything.spec.ts" name="describe 61 &gt; example test 99" time="0.00006625">
            <failure message="expected true to be false // Object.is equality" type="AssertionError">
AssertionError: expected true to be false // Object.is equality

- Expected
+ Received

- false
+ true

 ❯ src/everything.spec.ts:8:18
            </failure>
        </testcase>
        <testcase classname="src/everything.spec.ts" name="describe 61 &gt; example test 100" time="0.000014791">
        </testcase>
        <testcase classname="src/everything.spec.ts" name="describe 62 &gt; example test 1" time="0.000068292">
            <failure message="expected true to be false // Object.is equality" type="AssertionError">
AssertionError: expected true to be false // Object.is equality

- Expected
+ Received

- false
+ true

 ❯ src/everything.spec.ts:8:18
            </failure>
        </testcase>
        <testcase classname="src/everything.spec.ts" name="describe 62 &gt; example test 2" time="0.0000155">
        </testcase>
        <testcase classname="src/everything.spec.ts" name="describe 62 &gt; example test 3" time="0.000066417">
            <failure message="expected true to be false // Object.is equality" type="AssertionError">
AssertionError: expected true to be false // Object.is equality

- Expected
+ Received

- false
+ true

 ❯ src/everything.spec.ts:8:18
            </failure>
        </testcase>
        <testcase classname="src/everything.spec.ts" name="describe 62 &gt; example test 4" time="0.000015208">
        </testcase>
        <testcase classname="src/everything.spec.ts" name="describe 62 &gt; example test 5" time="0.000064791">
            <failure message="expected true to be false // Object.is equality" type="AssertionError">
AssertionError: expected true to be false // Object.is equality

- Expected
+ Received

- false
+ true

 ❯ src/everything.spec.ts:8:18
            </failure>
        </testcase>
        <testcase classname="src/everything.spec.ts" name="describe 62 &gt; example test 6" time="0.000054833">
        </testcase>
        <testcase classname="src/everything.spec.ts" name="describe 62 &gt; example test 7" time="0.000068583">
            <failure message="expected true to be false // Object.is equality" type="AssertionError">
AssertionError: expected true to be false // Object.is equality

- Expected
+ Received

- false
+ true

 ❯ src/everything.spec.ts:8:18
            </failure>
        </testcase>
        <testcase classname="src/everything.spec.ts" name="describe 62 &gt; example test 8" time="0.000015541">
        </testcase>
        <testcase classname="src/everything.spec.ts" name="describe 62 &gt; example test 9" time="0.000066791">
            <failure message="expected true to be false // Object.is equality" type="AssertionError">
AssertionError: expected true to be false // Object.is equality

- Expected
+ Received

- false
+ true

 ❯ src/everything.spec.ts:8:18
            </failure>
        </testcase>
        <testcase classname="src/everything.spec.ts" name="describe 62 &gt; example test 10" time="0.000014958">
        </testcase>
        <testcase classname="src/everything.spec.ts" name="describe 62 &gt; example test 11" time="0.000066958">
            <failure message="expected true to be false // Object.is equality" type="AssertionError">
AssertionError: expected true to be false // Object.is equality

- Expected
+ Received

- false
+ true

 ❯ src/everything.spec.ts:8:18
            </failure>
        </testcase>
        <testcase classname="src/everything.spec.ts" name="describe 62 &gt; example test 12" time="0.000015125">
        </testcase>
        <testcase classname="src/everything.spec.ts" name="describe 62 &gt; example test 13" time="0.000065167">
            <failure message="expected true to be false // Object.is equality" type="AssertionError">
AssertionError: expected true to be false // Object.is equality

- Expected
+ Received

- false
+ true

 ❯ src/everything.spec.ts:8:18
            </failure>
        </testcase>
        <testcase classname="src/everything.spec.ts" name="describe 62 &gt; example test 14" time="0.000015334">
        </testcase>
        <testcase classname="src/everything.spec.ts" name="describe 62 &gt; example test 15" time="0.000068042">
            <failure message="expected true to be false // Object.is equality" type="AssertionError">
AssertionError: expected true to be false // Object.is equality

- Expected
+ Received

- false
+ true

 ❯ src/everything.spec.ts:8:18
            </failure>
        </testcase>
        <testcase classname="src/everything.spec.ts" name="describe 62 &gt; example test 16" time="0.000026">
        </testcase>
        <testcase classname="src/everything.spec.ts" name="describe 62 &gt; example test 17" time="0.00006675">
            <failure message="expected true to be false // Object.is equality" type="AssertionError">
AssertionError: expected true to be false // Object.is equality

- Expected
+ Received

- false
+ true

 ❯ src/everything.spec.ts:8:18
            </failure>
        </testcase>
        <testcase classname="src/everything.spec.ts" name="describe 62 &gt; example test 18" time="0.000015625">
        </testcase>
        <testcase classname="src/everything.spec.ts" name="describe 62 &gt; example test 19" time="0.000066583">
            <failure message="expected true to be false // Object.is equality" type="AssertionError">
AssertionError: expected true to be false // Object.is equality

- Expected
+ Received

- false
+ true

 ❯ src/everything.spec.ts:8:18
            </failure>
        </testcase>
        <testcase classname="src/everything.spec.ts" name="describe 62 &gt; example test 20" time="0.000014916">
        </testcase>
        <testcase classname="src/everything.spec.ts" name="describe 62 &gt; example test 21" time="0.000064917">
            <failure message="expected true to be false // Object.is equality" type="AssertionError">
AssertionError: expected true to be false // Object.is equality

- Expected
+ Received

- false
+ true

 ❯ src/everything.spec.ts:8:18
            </failure>
        </testcase>
        <testcase classname="src/everything.spec.ts" name="describe 62 &gt; example test 22" time="0.00001525">
        </testcase>
        <testcase classname="src/everything.spec.ts" name="describe 62 &gt; example test 23" time="0.000074708">
            <failure message="expected true to be false // Object.is equality" type="AssertionError">
AssertionError: expected true to be false // Object.is equality

- Expected
+ Received

- false
+ true

 ❯ src/everything.spec.ts:8:18
            </failure>
        </testcase>
        <testcase classname="src/everything.spec.ts" name="describe 62 &gt; example test 24" time="0.000015333">
        </testcase>
        <testcase classname="src/everything.spec.ts" name="describe 62 &gt; example test 25" time="0.000064958">
            <failure message="expected true to be false // Object.is equality" type="AssertionError">
AssertionError: expected true to be false // Object.is equality

- Expected
+ Received

- false
+ true

 ❯ src/everything.spec.ts:8:18
            </failure>
        </testcase>
        <testcase classname="src/everything.spec.ts" name="describe 62 &gt; example test 26" time="0.000014875">
        </testcase>
        <testcase classname="src/everything.spec.ts" name="describe 62 &gt; example test 27" time="0.000086417">
            <failure message="expected true to be false // Object.is equality" type="AssertionError">
AssertionError: expected true to be false // Object.is equality

- Expected
+ Received

- false
+ true

 ❯ src/everything.spec.ts:8:18
            </failure>
        </testcase>
        <testcase classname="src/everything.spec.ts" name="describe 62 &gt; example test 28" time="0.000015709">
        </testcase>
        <testcase classname="src/everything.spec.ts" name="describe 62 &gt; example test 29" time="0.000066209">
            <failure message="expected true to be false // Object.is equality" type="AssertionError">
AssertionError: expected true to be false // Object.is equality

- Expected
+ Received

- false
+ true

 ❯ src/everything.spec.ts:8:18
            </failure>
        </testcase>
        <testcase classname="src/everything.spec.ts" name="describe 62 &gt; example test 30" time="0.00001525">
        </testcase>
        <testcase classname="src/everything.spec.ts" name="describe 62 &gt; example test 31" time="0.000065584">
            <failure message="expected true to be false // Object.is equality" type="AssertionError">
AssertionError: expected true to be false // Object.is equality

- Expected
+ Received

- false
+ true

 ❯ src/everything.spec.ts:8:18
            </failure>
        </testcase>
        <testcase classname="src/everything.spec.ts" name="describe 62 &gt; example test 32" time="0.000016542">
        </testcase>
        <testcase classname="src/everything.spec.ts" name="describe 62 &gt; example test 33" time="0.000065458">
            <failure message="expected true to be false // Object.is equality" type="AssertionError">
AssertionError: expected true to be false // Object.is equality

- Expected
+ Received

- false
+ true

 ❯ src/everything.spec.ts:8:18
            </failure>
        </testcase>
        <testcase classname="src/everything.spec.ts" name="describe 62 &gt; example test 34" time="0.0000145">
        </testcase>
        <testcase classname="src/everything.spec.ts" name="describe 62 &gt; example test 35" time="0.000066292">
            <failure message="expected true to be false // Object.is equality" type="AssertionError">
AssertionError: expected true to be false // Object.is equality

- Expected
+ Received

- false
+ true

 ❯ src/everything.spec.ts:8:18
            </failure>
        </testcase>
        <testcase classname="src/everything.spec.ts" name="describe 62 &gt; example test 36" time="0.000014875">
        </testcase>
        <testcase classname="src/everything.spec.ts" name="describe 62 &gt; example test 37" time="0.000065542">
            <failure message="expected true to be false // Object.is equality" type="AssertionError">
AssertionError: expected true to be false // Object.is equality

- Expected
+ Received

- false
+ true

 ❯ src/everything.spec.ts:8:18
            </failure>
        </testcase>
        <testcase classname="src/everything.spec.ts" name="describe 62 &gt; example test 38" time="0.000015083">
        </testcase>
        <testcase classname="src/everything.spec.ts" name="describe 62 &gt; example test 39" time="0.000065708">
            <failure message="expected true to be false // Object.is equality" type="AssertionError">
AssertionError: expected true to be false // Object.is equality

- Expected
+ Received

- false
+ true

 ❯ src/everything.spec.ts:8:18
            </failure>
        </testcase>
        <testcase classname="src/everything.spec.ts" name="describe 62 &gt; example test 40" time="0.000014916">
        </testcase>
        <testcase classname="src/everything.spec.ts" name="describe 62 &gt; example test 41" time="0.000064542">
            <failure message="expected true to be false // Object.is equality" type="AssertionError">
AssertionError: expected true to be false // Object.is equality

- Expected
+ Received

- false
+ true

 ❯ src/everything.spec.ts:8:18
            </failure>
        </testcase>
        <testcase classname="src/everything.spec.ts" name="describe 62 &gt; example test 42" time="0.000015292">
        </testcase>
        <testcase classname="src/everything.spec.ts" name="describe 62 &gt; example test 43" time="0.000113375">
            <failure message="expected true to be false // Object.is equality" type="AssertionError">
AssertionError: expected true to be false // Object.is equality

- Expected
+ Received

- false
+ true

 ❯ src/everything.spec.ts:8:18
            </failure>
        </testcase>
        <testcase classname="src/everything.spec.ts" name="describe 62 &gt; example test 44" time="0.000018167">
        </testcase>
        <testcase classname="src/everything.spec.ts" name="describe 62 &gt; example test 45" time="0.000122417">
            <failure message="expected true to be false // Object.is equality" type="AssertionError">
AssertionError: expected true to be false // Object.is equality

- Expected
+ Received

- false
+ true

 ❯ src/everything.spec.ts:8:18
            </failure>
        </testcase>
        <testcase classname="src/everything.spec.ts" name="describe 62 &gt; example test 46" time="0.000018792">
        </testcase>
        <testcase classname="src/everything.spec.ts" name="describe 62 &gt; example test 47" time="0.000073917">
            <failure message="expected true to be false // Object.is equality" type="AssertionError">
AssertionError: expected true to be false // Object.is equality

- Expected
+ Received

- false
+ true

 ❯ src/everything.spec.ts:8:18
            </failure>
        </testcase>
        <testcase classname="src/everything.spec.ts" name="describe 62 &gt; example test 48" time="0.000015416">
        </testcase>
        <testcase classname="src/everything.spec.ts" name="describe 62 &gt; example test 49" time="0.0000685">
            <failure message="expected true to be false // Object.is equality" type="AssertionError">
AssertionError: expected true to be false // Object.is equality

- Expected
+ Received

- false
+ true

 ❯ src/everything.spec.ts:8:18
            </failure>
        </testcase>
        <testcase classname="src/everything.spec.ts" name="describe 62 &gt; example test 50" time="0.000015">
        </testcase>
        <testcase classname="src/everything.spec.ts" name="describe 62 &gt; example test 51" time="0.000122125">
            <failure message="expected true to be false // Object.is equality" type="AssertionError">
AssertionError: expected true to be false // Object.is equality

- Expected
+ Received

- false
+ true

 ❯ src/everything.spec.ts:8:18
            </failure>
        </testcase>
        <testcase classname="src/everything.spec.ts" name="describe 62 &gt; example test 52" time="0.000015208">
        </testcase>
        <testcase classname="src/everything.spec.ts" name="describe 62 &gt; example test 53" time="0.00006725">
            <failure message="expected true to be false // Object.is equality" type="AssertionError">
AssertionError: expected true to be false // Object.is equality

- Expected
+ Received

- false
+ true

 ❯ src/everything.spec.ts:8:18
            </failure>
        </testcase>
        <testcase classname="src/everything.spec.ts" name="describe 62 &gt; example test 54" time="0.000014542">
        </testcase>
        <testcase classname="src/everything.spec.ts" name="describe 62 &gt; example test 55" time="0.0000715">
            <failure message="expected true to be false // Object.is equality" type="AssertionError">
AssertionError: expected true to be false // Object.is equality

- Expected
+ Received

- false
+ true

 ❯ src/everything.spec.ts:8:18
            </failure>
        </testcase>
        <testcase classname="src/everything.spec.ts" name="describe 62 &gt; example test 56" time="0.000014917">
        </testcase>
        <testcase classname="src/everything.spec.ts" name="describe 62 &gt; example test 57" time="0.000065417">
            <failure message="expected true to be false // Object.is equality" type="AssertionError">
AssertionError: expected true to be false // Object.is equality

- Expected
+ Received

- false
+ true

 ❯ src/everything.spec.ts:8:18
            </failure>
        </testcase>
        <testcase classname="src/everything.spec.ts" name="describe 62 &gt; example test 58" time="0.000014209">
        </testcase>
        <testcase classname="src/everything.spec.ts" name="describe 62 &gt; example test 59" time="0.000065542">
            <failure message="expected true to be false // Object.is equality" type="AssertionError">
AssertionError: expected true to be false // Object.is equality

- Expected
+ Received

- false
+ true

 ❯ src/everything.spec.ts:8:18
            </failure>
        </testcase>
        <testcase classname="src/everything.spec.ts" name="describe 62 &gt; example test 60" time="0.0000145">
        </testcase>
        <testcase classname="src/everything.spec.ts" name="describe 62 &gt; example test 61" time="0.000064959">
            <failure message="expected true to be false // Object.is equality" type="AssertionError">
AssertionError: expected true to be false // Object.is equality

- Expected
+ Received

- false
+ true

 ❯ src/everything.spec.ts:8:18
            </failure>
        </testcase>
        <testcase classname="src/everything.spec.ts" name="describe 62 &gt; example test 62" time="0.000014542">
        </testcase>
        <testcase classname="src/everything.spec.ts" name="describe 62 &gt; example test 63" time="0.000065">
            <failure message="expected true to be false // Object.is equality" type="AssertionError">
AssertionError: expected true to be false // Object.is equality

- Expected
+ Received

- false
+ true

 ❯ src/everything.spec.ts:8:18
            </failure>
        </testcase>
        <testcase classname="src/everything.spec.ts" name="describe 62 &gt; example test 64" time="0.000014459">
        </testcase>
        <testcase classname="src/everything.spec.ts" name="describe 62 &gt; example test 65" time="0.000064708">
            <failure message="expected true to be false // Object.is equality" type="AssertionError">
AssertionError: expected true to be false // Object.is equality

- Expected
+ Received

- false
+ true

 ❯ src/everything.spec.ts:8:18
            </failure>
        </testcase>
        <testcase classname="src/everything.spec.ts" name="describe 62 &gt; example test 66" time="0.0000145">
        </testcase>
        <testcase classname="src/everything.spec.ts" name="describe 62 &gt; example test 67" time="0.000066">
            <failure message="expected true to be false // Object.is equality" type="AssertionError">
AssertionError: expected true to be false // Object.is equality

- Expected
+ Received

- false
+ true

 ❯ src/everything.spec.ts:8:18
            </failure>
        </testcase>
        <testcase classname="src/everything.spec.ts" name="describe 62 &gt; example test 68" time="0.000014625">
        </testcase>
        <testcase classname="src/everything.spec.ts" name="describe 62 &gt; example test 69" time="0.000064792">
            <failure message="expected true to be false // Object.is equality" type="AssertionError">
AssertionError: expected true to be false // Object.is equality

- Expected
+ Received

- false
+ true

 ❯ src/everything.spec.ts:8:18
            </failure>
        </testcase>
        <testcase classname="src/everything.spec.ts" name="describe 62 &gt; example test 70" time="0.000014583">
        </testcase>
        <testcase classname="src/everything.spec.ts" name="describe 62 &gt; example test 71" time="0.000068584">
            <failure message="expected true to be false // Object.is equality" type="AssertionError">
AssertionError: expected true to be false // Object.is equality

- Expected
+ Received

- false
+ true

 ❯ src/everything.spec.ts:8:18
            </failure>
        </testcase>
        <testcase classname="src/everything.spec.ts" name="describe 62 &gt; example test 72" time="0.0000145">
        </testcase>
        <testcase classname="src/everything.spec.ts" name="describe 62 &gt; example test 73" time="0.000064667">
            <failure message="expected true to be false // Object.is equality" type="AssertionError">
AssertionError: expected true to be false // Object.is equality

- Expected
+ Received

- false
+ true

 ❯ src/everything.spec.ts:8:18
            </failure>
        </testcase>
        <testcase classname="src/everything.spec.ts" name="describe 62 &gt; example test 74" time="0.00001425">
        </testcase>
        <testcase classname="src/everything.spec.ts" name="describe 62 &gt; example test 75" time="0.000065458">
            <failure message="expected true to be false // Object.is equality" type="AssertionError">
AssertionError: expected true to be false // Object.is equality

- Expected
+ Received

- false
+ true

 ❯ src/everything.spec.ts:8:18
            </failure>
        </testcase>
        <testcase classname="src/everything.spec.ts" name="describe 62 &gt; example test 76" time="0.000014375">
        </testcase>
        <testcase classname="src/everything.spec.ts" name="describe 62 &gt; example test 77" time="0.000064375">
            <failure message="expected true to be false // Object.is equality" type="AssertionError">
AssertionError: expected true to be false // Object.is equality

- Expected
+ Received

- false
+ true

 ❯ src/everything.spec.ts:8:18
            </failure>
        </testcase>
        <testcase classname="src/everything.spec.ts" name="describe 62 &gt; example test 78" time="0.000014542">
        </testcase>
        <testcase classname="src/everything.spec.ts" name="describe 62 &gt; example test 79" time="0.000065083">
            <failure message="expected true to be false // Object.is equality" type="AssertionError">
AssertionError: expected true to be false // Object.is equality

- Expected
+ Received

- false
+ true

 ❯ src/everything.spec.ts:8:18
            </failure>
        </testcase>
        <testcase classname="src/everything.spec.ts" name="describe 62 &gt; example test 80" time="0.000014625">
        </testcase>
        <testcase classname="src/everything.spec.ts" name="describe 62 &gt; example test 81" time="0.000065541">
            <failure message="expected true to be false // Object.is equality" type="AssertionError">
AssertionError: expected true to be false // Object.is equality

- Expected
+ Received

- false
+ true

 ❯ src/everything.spec.ts:8:18
            </failure>
        </testcase>
        <testcase classname="src/everything.spec.ts" name="describe 62 &gt; example test 82" time="0.000015333">
        </testcase>
        <testcase classname="src/everything.spec.ts" name="describe 62 &gt; example test 83" time="0.000064583">
            <failure message="expected true to be false // Object.is equality" type="AssertionError">
AssertionError: expected true to be false // Object.is equality

- Expected
+ Received

- false
+ true

 ❯ src/everything.spec.ts:8:18
            </failure>
        </testcase>
        <testcase classname="src/everything.spec.ts" name="describe 62 &gt; example test 84" time="0.00001475">
        </testcase>
        <testcase classname="src/everything.spec.ts" name="describe 62 &gt; example test 85" time="0.000064375">
            <failure message="expected true to be false // Object.is equality" type="AssertionError">
AssertionError: expected true to be false // Object.is equality

- Expected
+ Received

- false
+ true

 ❯ src/everything.spec.ts:8:18
            </failure>
        </testcase>
        <testcase classname="src/everything.spec.ts" name="describe 62 &gt; example test 86" time="0.000015209">
        </testcase>
        <testcase classname="src/everything.spec.ts" name="describe 62 &gt; example test 87" time="0.000064583">
            <failure message="expected true to be false // Object.is equality" type="AssertionError">
AssertionError: expected true to be false // Object.is equality

- Expected
+ Received

- false
+ true

 ❯ src/everything.spec.ts:8:18
            </failure>
        </testcase>
        <testcase classname="src/everything.spec.ts" name="describe 62 &gt; example test 88" time="0.000014208">
        </testcase>
        <testcase classname="src/everything.spec.ts" name="describe 62 &gt; example test 89" time="0.0000645">
            <failure message="expected true to be false // Object.is equality" type="AssertionError">
AssertionError: expected true to be false // Object.is equality

- Expected
+ Received

- false
+ true

 ❯ src/everything.spec.ts:8:18
            </failure>
        </testcase>
        <testcase classname="src/everything.spec.ts" name="describe 62 &gt; example test 90" time="0.000015375">
        </testcase>
        <testcase classname="src/everything.spec.ts" name="describe 62 &gt; example test 91" time="0.000085333">
            <failure message="expected true to be false // Object.is equality" type="AssertionError">
AssertionError: expected true to be false // Object.is equality

- Expected
+ Received

- false
+ true

 ❯ src/everything.spec.ts:8:18
            </failure>
        </testcase>
        <testcase classname="src/everything.spec.ts" name="describe 62 &gt; example test 92" time="0.000014416">
        </testcase>
        <testcase classname="src/everything.spec.ts" name="describe 62 &gt; example test 93" time="0.000063708">
            <failure message="expected true to be false // Object.is equality" type="AssertionError">
AssertionError: expected true to be false // Object.is equality

- Expected
+ Received

- false
+ true

 ❯ src/everything.spec.ts:8:18
            </failure>
        </testcase>
        <testcase classname="src/everything.spec.ts" name="describe 62 &gt; example test 94" time="0.000014333">
        </testcase>
        <testcase classname="src/everything.spec.ts" name="describe 62 &gt; example test 95" time="0.000065584">
            <failure message="expected true to be false // Object.is equality" type="AssertionError">
AssertionError: expected true to be false // Object.is equality

- Expected
+ Received

- false
+ true

 ❯ src/everything.spec.ts:8:18
            </failure>
        </testcase>
        <testcase classname="src/everything.spec.ts" name="describe 62 &gt; example test 96" time="0.000013833">
        </testcase>
        <testcase classname="src/everything.spec.ts" name="describe 62 &gt; example test 97" time="0.000061958">
            <failure message="expected true to be false // Object.is equality" type="AssertionError">
AssertionError: expected true to be false // Object.is equality

- Expected
+ Received

- false
+ true

 ❯ src/everything.spec.ts:8:18
            </failure>
        </testcase>
        <testcase classname="src/everything.spec.ts" name="describe 62 &gt; example test 98" time="0.000014458">
        </testcase>
        <testcase classname="src/everything.spec.ts" name="describe 62 &gt; example test 99" time="0.0000625">
            <failure message="expected true to be false // Object.is equality" type="AssertionError">
AssertionError: expected true to be false // Object.is equality

- Expected
+ Received

- false
+ true

 ❯ src/everything.spec.ts:8:18
            </failure>
        </testcase>
        <testcase classname="src/everything.spec.ts" name="describe 62 &gt; example test 100" time="0.000016792">
        </testcase>
        <testcase classname="src/everything.spec.ts" name="describe 63 &gt; example test 1" time="0.000522958">
            <failure message="expected true to be false // Object.is equality" type="AssertionError">
AssertionError: expected true to be false // Object.is equality

- Expected
+ Received

- false
+ true

 ❯ src/everything.spec.ts:8:18
            </failure>
        </testcase>
        <testcase classname="src/everything.spec.ts" name="describe 63 &gt; example test 2" time="0.0000205">
        </testcase>
        <testcase classname="src/everything.spec.ts" name="describe 63 &gt; example test 3" time="0.000073375">
            <failure message="expected true to be false // Object.is equality" type="AssertionError">
AssertionError: expected true to be false // Object.is equality

- Expected
+ Received

- false
+ true

 ❯ src/everything.spec.ts:8:18
            </failure>
        </testcase>
        <testcase classname="src/everything.spec.ts" name="describe 63 &gt; example test 4" time="0.000021334">
        </testcase>
        <testcase classname="src/everything.spec.ts" name="describe 63 &gt; example test 5" time="0.000066375">
            <failure message="expected true to be false // Object.is equality" type="AssertionError">
AssertionError: expected true to be false // Object.is equality

- Expected
+ Received

- false
+ true

 ❯ src/everything.spec.ts:8:18
            </failure>
        </testcase>
        <testcase classname="src/everything.spec.ts" name="describe 63 &gt; example test 6" time="0.000014375">
        </testcase>
        <testcase classname="src/everything.spec.ts" name="describe 63 &gt; example test 7" time="0.000063458">
            <failure message="expected true to be false // Object.is equality" type="AssertionError">
AssertionError: expected true to be false // Object.is equality

- Expected
+ Received

- false
+ true

 ❯ src/everything.spec.ts:8:18
            </failure>
        </testcase>
        <testcase classname="src/everything.spec.ts" name="describe 63 &gt; example test 8" time="0.000018458">
        </testcase>
        <testcase classname="src/everything.spec.ts" name="describe 63 &gt; example test 9" time="0.000063">
            <failure message="expected true to be false // Object.is equality" type="AssertionError">
AssertionError: expected true to be false // Object.is equality

- Expected
+ Received

- false
+ true

 ❯ src/everything.spec.ts:8:18
            </failure>
        </testcase>
        <testcase classname="src/everything.spec.ts" name="describe 63 &gt; example test 10" time="0.000014">
        </testcase>
        <testcase classname="src/everything.spec.ts" name="describe 63 &gt; example test 11" time="0.000062959">
            <failure message="expected true to be false // Object.is equality" type="AssertionError">
AssertionError: expected true to be false // Object.is equality

- Expected
+ Received

- false
+ true

 ❯ src/everything.spec.ts:8:18
            </failure>
        </testcase>
        <testcase classname="src/everything.spec.ts" name="describe 63 &gt; example test 12" time="0.000015666">
        </testcase>
        <testcase classname="src/everything.spec.ts" name="describe 63 &gt; example test 13" time="0.000065791">
            <failure message="expected true to be false // Object.is equality" type="AssertionError">
AssertionError: expected true to be false // Object.is equality

- Expected
+ Received

- false
+ true

 ❯ src/everything.spec.ts:8:18
            </failure>
        </testcase>
        <testcase classname="src/everything.spec.ts" name="describe 63 &gt; example test 14" time="0.000015417">
        </testcase>
        <testcase classname="src/everything.spec.ts" name="describe 63 &gt; example test 15" time="0.000074708">
            <failure message="expected true to be false // Object.is equality" type="AssertionError">
AssertionError: expected true to be false // Object.is equality

- Expected
+ Received

- false
+ true

 ❯ src/everything.spec.ts:8:18
            </failure>
        </testcase>
        <testcase classname="src/everything.spec.ts" name="describe 63 &gt; example test 16" time="0.000015791">
        </testcase>
        <testcase classname="src/everything.spec.ts" name="describe 63 &gt; example test 17" time="0.000068917">
            <failure message="expected true to be false // Object.is equality" type="AssertionError">
AssertionError: expected true to be false // Object.is equality

- Expected
+ Received

- false
+ true

 ❯ src/everything.spec.ts:8:18
            </failure>
        </testcase>
        <testcase classname="src/everything.spec.ts" name="describe 63 &gt; example test 18" time="0.000015">
        </testcase>
        <testcase classname="src/everything.spec.ts" name="describe 63 &gt; example test 19" time="0.000067917">
            <failure message="expected true to be false // Object.is equality" type="AssertionError">
AssertionError: expected true to be false // Object.is equality

- Expected
+ Received

- false
+ true

 ❯ src/everything.spec.ts:8:18
            </failure>
        </testcase>
        <testcase classname="src/everything.spec.ts" name="describe 63 &gt; example test 20" time="0.000014958">
        </testcase>
        <testcase classname="src/everything.spec.ts" name="describe 63 &gt; example test 21" time="0.00006825">
            <failure message="expected true to be false // Object.is equality" type="AssertionError">
AssertionError: expected true to be false // Object.is equality

- Expected
+ Received

- false
+ true

 ❯ src/everything.spec.ts:8:18
            </failure>
        </testcase>
        <testcase classname="src/everything.spec.ts" name="describe 63 &gt; example test 22" time="0.000024">
        </testcase>
        <testcase classname="src/everything.spec.ts" name="describe 63 &gt; example test 23" time="0.000071083">
            <failure message="expected true to be false // Object.is equality" type="AssertionError">
AssertionError: expected true to be false // Object.is equality

- Expected
+ Received

- false
+ true

 ❯ src/everything.spec.ts:8:18
            </failure>
        </testcase>
        <testcase classname="src/everything.spec.ts" name="describe 63 &gt; example test 24" time="0.000014792">
        </testcase>
        <testcase classname="src/everything.spec.ts" name="describe 63 &gt; example test 25" time="0.00006275">
            <failure message="expected true to be false // Object.is equality" type="AssertionError">
AssertionError: expected true to be false // Object.is equality

- Expected
+ Received

- false
+ true

 ❯ src/everything.spec.ts:8:18
            </failure>
        </testcase>
        <testcase classname="src/everything.spec.ts" name="describe 63 &gt; example test 26" time="0.000014458">
        </testcase>
        <testcase classname="src/everything.spec.ts" name="describe 63 &gt; example test 27" time="0.000062708">
            <failure message="expected true to be false // Object.is equality" type="AssertionError">
AssertionError: expected true to be false // Object.is equality

- Expected
+ Received

- false
+ true

 ❯ src/everything.spec.ts:8:18
            </failure>
        </testcase>
        <testcase classname="src/everything.spec.ts" name="describe 63 &gt; example test 28" time="0.000014375">
        </testcase>
        <testcase classname="src/everything.spec.ts" name="describe 63 &gt; example test 29" time="0.000061917">
            <failure message="expected true to be false // Object.is equality" type="AssertionError">
AssertionError: expected true to be false // Object.is equality

- Expected
+ Received

- false
+ true

 ❯ src/everything.spec.ts:8:18
            </failure>
        </testcase>
        <testcase classname="src/everything.spec.ts" name="describe 63 &gt; example test 30" time="0.000014167">
        </testcase>
        <testcase classname="src/everything.spec.ts" name="describe 63 &gt; example test 31" time="0.000062583">
            <failure message="expected true to be false // Object.is equality" type="AssertionError">
AssertionError: expected true to be false // Object.is equality

- Expected
+ Received

- false
+ true

 ❯ src/everything.spec.ts:8:18
            </failure>
        </testcase>
        <testcase classname="src/everything.spec.ts" name="describe 63 &gt; example test 32" time="0.000013542">
        </testcase>
        <testcase classname="src/everything.spec.ts" name="describe 63 &gt; example test 33" time="0.000064292">
            <failure message="expected true to be false // Object.is equality" type="AssertionError">
AssertionError: expected true to be false // Object.is equality

- Expected
+ Received

- false
+ true

 ❯ src/everything.spec.ts:8:18
            </failure>
        </testcase>
        <testcase classname="src/everything.spec.ts" name="describe 63 &gt; example test 34" time="0.000013667">
        </testcase>
        <testcase classname="src/everything.spec.ts" name="describe 63 &gt; example test 35" time="0.00006275">
            <failure message="expected true to be false // Object.is equality" type="AssertionError">
AssertionError: expected true to be false // Object.is equality

- Expected
+ Received

- false
+ true

 ❯ src/everything.spec.ts:8:18
            </failure>
        </testcase>
        <testcase classname="src/everything.spec.ts" name="describe 63 &gt; example test 36" time="0.000014083">
        </testcase>
        <testcase classname="src/everything.spec.ts" name="describe 63 &gt; example test 37" time="0.000062333">
            <failure message="expected true to be false // Object.is equality" type="AssertionError">
AssertionError: expected true to be false // Object.is equality

- Expected
+ Received

- false
+ true

 ❯ src/everything.spec.ts:8:18
            </failure>
        </testcase>
        <testcase classname="src/everything.spec.ts" name="describe 63 &gt; example test 38" time="0.000014208">
        </testcase>
        <testcase classname="src/everything.spec.ts" name="describe 63 &gt; example test 39" time="0.000065375">
            <failure message="expected true to be false // Object.is equality" type="AssertionError">
AssertionError: expected true to be false // Object.is equality

- Expected
+ Received

- false
+ true

 ❯ src/everything.spec.ts:8:18
            </failure>
        </testcase>
        <testcase classname="src/everything.spec.ts" name="describe 63 &gt; example test 40" time="0.000013875">
        </testcase>
        <testcase classname="src/everything.spec.ts" name="describe 63 &gt; example test 41" time="0.00006125">
            <failure message="expected true to be false // Object.is equality" type="AssertionError">
AssertionError: expected true to be false // Object.is equality

- Expected
+ Received

- false
+ true

 ❯ src/everything.spec.ts:8:18
            </failure>
        </testcase>
        <testcase classname="src/everything.spec.ts" name="describe 63 &gt; example test 42" time="0.000014417">
        </testcase>
        <testcase classname="src/everything.spec.ts" name="describe 63 &gt; example test 43" time="0.000066209">
            <failure message="expected true to be false // Object.is equality" type="AssertionError">
AssertionError: expected true to be false // Object.is equality

- Expected
+ Received

- false
+ true

 ❯ src/everything.spec.ts:8:18
            </failure>
        </testcase>
        <testcase classname="src/everything.spec.ts" name="describe 63 &gt; example test 44" time="0.00001375">
        </testcase>
        <testcase classname="src/everything.spec.ts" name="describe 63 &gt; example test 45" time="0.000062125">
            <failure message="expected true to be false // Object.is equality" type="AssertionError">
AssertionError: expected true to be false // Object.is equality

- Expected
+ Received

- false
+ true

 ❯ src/everything.spec.ts:8:18
            </failure>
        </testcase>
        <testcase classname="src/everything.spec.ts" name="describe 63 &gt; example test 46" time="0.000014">
        </testcase>
        <testcase classname="src/everything.spec.ts" name="describe 63 &gt; example test 47" time="0.000062292">
            <failure message="expected true to be false // Object.is equality" type="AssertionError">
AssertionError: expected true to be false // Object.is equality

- Expected
+ Received

- false
+ true

 ❯ src/everything.spec.ts:8:18
            </failure>
        </testcase>
        <testcase classname="src/everything.spec.ts" name="describe 63 &gt; example test 48" time="0.00001425">
        </testcase>
        <testcase classname="src/everything.spec.ts" name="describe 63 &gt; example test 49" time="0.000062167">
            <failure message="expected true to be false // Object.is equality" type="AssertionError">
AssertionError: expected true to be false // Object.is equality

- Expected
+ Received

- false
+ true

 ❯ src/everything.spec.ts:8:18
            </failure>
        </testcase>
        <testcase classname="src/everything.spec.ts" name="describe 63 &gt; example test 50" time="0.000016875">
        </testcase>
        <testcase classname="src/everything.spec.ts" name="describe 63 &gt; example test 51" time="0.000062417">
            <failure message="expected true to be false // Object.is equality" type="AssertionError">
AssertionError: expected true to be false // Object.is equality

- Expected
+ Received

- false
+ true

 ❯ src/everything.spec.ts:8:18
            </failure>
        </testcase>
        <testcase classname="src/everything.spec.ts" name="describe 63 &gt; example test 52" time="0.000013958">
        </testcase>
        <testcase classname="src/everything.spec.ts" name="describe 63 &gt; example test 53" time="0.000061833">
            <failure message="expected true to be false // Object.is equality" type="AssertionError">
AssertionError: expected true to be false // Object.is equality

- Expected
+ Received

- false
+ true

 ❯ src/everything.spec.ts:8:18
            </failure>
        </testcase>
        <testcase classname="src/everything.spec.ts" name="describe 63 &gt; example test 54" time="0.000016708">
        </testcase>
        <testcase classname="src/everything.spec.ts" name="describe 63 &gt; example test 55" time="0.000066166">
            <failure message="expected true to be false // Object.is equality" type="AssertionError">
AssertionError: expected true to be false // Object.is equality

- Expected
+ Received

- false
+ true

 ❯ src/everything.spec.ts:8:18
            </failure>
        </testcase>
        <testcase classname="src/everything.spec.ts" name="describe 63 &gt; example test 56" time="0.000014083">
        </testcase>
        <testcase classname="src/everything.spec.ts" name="describe 63 &gt; example test 57" time="0.000062209">
            <failure message="expected true to be false // Object.is equality" type="AssertionError">
AssertionError: expected true to be false // Object.is equality

- Expected
+ Received

- false
+ true

 ❯ src/everything.spec.ts:8:18
            </failure>
        </testcase>
        <testcase classname="src/everything.spec.ts" name="describe 63 &gt; example test 58" time="0.000014375">
        </testcase>
        <testcase classname="src/everything.spec.ts" name="describe 63 &gt; example test 59" time="0.000062541">
            <failure message="expected true to be false // Object.is equality" type="AssertionError">
AssertionError: expected true to be false // Object.is equality

- Expected
+ Received

- false
+ true

 ❯ src/everything.spec.ts:8:18
            </failure>
        </testcase>
        <testcase classname="src/everything.spec.ts" name="describe 63 &gt; example test 60" time="0.000014375">
        </testcase>
        <testcase classname="src/everything.spec.ts" name="describe 63 &gt; example test 61" time="0.000061292">
            <failure message="expected true to be false // Object.is equality" type="AssertionError">
AssertionError: expected true to be false // Object.is equality

- Expected
+ Received

- false
+ true

 ❯ src/everything.spec.ts:8:18
            </failure>
        </testcase>
        <testcase classname="src/everything.spec.ts" name="describe 63 &gt; example test 62" time="0.00001375">
        </testcase>
        <testcase classname="src/everything.spec.ts" name="describe 63 &gt; example test 63" time="0.000062167">
            <failure message="expected true to be false // Object.is equality" type="AssertionError">
AssertionError: expected true to be false // Object.is equality

- Expected
+ Received

- false
+ true

 ❯ src/everything.spec.ts:8:18
            </failure>
        </testcase>
        <testcase classname="src/everything.spec.ts" name="describe 63 &gt; example test 64" time="0.000015792">
        </testcase>
        <testcase classname="src/everything.spec.ts" name="describe 63 &gt; example test 65" time="0.000063916">
            <failure message="expected true to be false // Object.is equality" type="AssertionError">
AssertionError: expected true to be false // Object.is equality

- Expected
+ Received

- false
+ true

 ❯ src/everything.spec.ts:8:18
            </failure>
        </testcase>
        <testcase classname="src/everything.spec.ts" name="describe 63 &gt; example test 66" time="0.000016959">
        </testcase>
        <testcase classname="src/everything.spec.ts" name="describe 63 &gt; example test 67" time="0.000062542">
            <failure message="expected true to be false // Object.is equality" type="AssertionError">
AssertionError: expected true to be false // Object.is equality

- Expected
+ Received

- false
+ true

 ❯ src/everything.spec.ts:8:18
            </failure>
        </testcase>
        <testcase classname="src/everything.spec.ts" name="describe 63 &gt; example test 68" time="0.000013584">
        </testcase>
        <testcase classname="src/everything.spec.ts" name="describe 63 &gt; example test 69" time="0.000061666">
            <failure message="expected true to be false // Object.is equality" type="AssertionError">
AssertionError: expected true to be false // Object.is equality

- Expected
+ Received

- false
+ true

 ❯ src/everything.spec.ts:8:18
            </failure>
        </testcase>
        <testcase classname="src/everything.spec.ts" name="describe 63 &gt; example test 70" time="0.0000165">
        </testcase>
        <testcase classname="src/everything.spec.ts" name="describe 63 &gt; example test 71" time="0.000062333">
            <failure message="expected true to be false // Object.is equality" type="AssertionError">
AssertionError: expected true to be false // Object.is equality

- Expected
+ Received

- false
+ true

 ❯ src/everything.spec.ts:8:18
            </failure>
        </testcase>
        <testcase classname="src/everything.spec.ts" name="describe 63 &gt; example test 72" time="0.000014208">
        </testcase>
        <testcase classname="src/everything.spec.ts" name="describe 63 &gt; example test 73" time="0.00006275">
            <failure message="expected true to be false // Object.is equality" type="AssertionError">
AssertionError: expected true to be false // Object.is equality

- Expected
+ Received

- false
+ true

 ❯ src/everything.spec.ts:8:18
            </failure>
        </testcase>
        <testcase classname="src/everything.spec.ts" name="describe 63 &gt; example test 74" time="0.000014625">
        </testcase>
        <testcase classname="src/everything.spec.ts" name="describe 63 &gt; example test 75" time="0.000070584">
            <failure message="expected true to be false // Object.is equality" type="AssertionError">
AssertionError: expected true to be false // Object.is equality

- Expected
+ Received

- false
+ true

 ❯ src/everything.spec.ts:8:18
            </failure>
        </testcase>
        <testcase classname="src/everything.spec.ts" name="describe 63 &gt; example test 76" time="0.0000145">
        </testcase>
        <testcase classname="src/everything.spec.ts" name="describe 63 &gt; example test 77" time="0.000074791">
            <failure message="expected true to be false // Object.is equality" type="AssertionError">
AssertionError: expected true to be false // Object.is equality

- Expected
+ Received

- false
+ true

 ❯ src/everything.spec.ts:8:18
            </failure>
        </testcase>
        <testcase classname="src/everything.spec.ts" name="describe 63 &gt; example test 78" time="0.000018042">
        </testcase>
        <testcase classname="src/everything.spec.ts" name="describe 63 &gt; example test 79" time="0.000064792">
            <failure message="expected true to be false // Object.is equality" type="AssertionError">
AssertionError: expected true to be false // Object.is equality

- Expected
+ Received

- false
+ true

 ❯ src/everything.spec.ts:8:18
            </failure>
        </testcase>
        <testcase classname="src/everything.spec.ts" name="describe 63 &gt; example test 80" time="0.000014875">
        </testcase>
        <testcase classname="src/everything.spec.ts" name="describe 63 &gt; example test 81" time="0.000066333">
            <failure message="expected true to be false // Object.is equality" type="AssertionError">
AssertionError: expected true to be false // Object.is equality

- Expected
+ Received

- false
+ true

 ❯ src/everything.spec.ts:8:18
            </failure>
        </testcase>
        <testcase classname="src/everything.spec.ts" name="describe 63 &gt; example test 82" time="0.00001425">
        </testcase>
        <testcase classname="src/everything.spec.ts" name="describe 63 &gt; example test 83" time="0.00006425">
            <failure message="expected true to be false // Object.is equality" type="AssertionError">
AssertionError: expected true to be false // Object.is equality

- Expected
+ Received

- false
+ true

 ❯ src/everything.spec.ts:8:18
            </failure>
        </testcase>
        <testcase classname="src/everything.spec.ts" name="describe 63 &gt; example test 84" time="0.000014333">
        </testcase>
        <testcase classname="src/everything.spec.ts" name="describe 63 &gt; example test 85" time="0.000063584">
            <failure message="expected true to be false // Object.is equality" type="AssertionError">
AssertionError: expected true to be false // Object.is equality

- Expected
+ Received

- false
+ true

 ❯ src/everything.spec.ts:8:18
            </failure>
        </testcase>
        <testcase classname="src/everything.spec.ts" name="describe 63 &gt; example test 86" time="0.000016542">
        </testcase>
        <testcase classname="src/everything.spec.ts" name="describe 63 &gt; example test 87" time="0.000064625">
            <failure message="expected true to be false // Object.is equality" type="AssertionError">
AssertionError: expected true to be false // Object.is equality

- Expected
+ Received

- false
+ true

 ❯ src/everything.spec.ts:8:18
            </failure>
        </testcase>
        <testcase classname="src/everything.spec.ts" name="describe 63 &gt; example test 88" time="0.000014375">
        </testcase>
        <testcase classname="src/everything.spec.ts" name="describe 63 &gt; example test 89" time="0.000064042">
            <failure message="expected true to be false // Object.is equality" type="AssertionError">
AssertionError: expected true to be false // Object.is equality

- Expected
+ Received

- false
+ true

 ❯ src/everything.spec.ts:8:18
            </failure>
        </testcase>
        <testcase classname="src/everything.spec.ts" name="describe 63 &gt; example test 90" time="0.000014">
        </testcase>
        <testcase classname="src/everything.spec.ts" name="describe 63 &gt; example test 91" time="0.000064541">
            <failure message="expected true to be false // Object.is equality" type="AssertionError">
AssertionError: expected true to be false // Object.is equality

- Expected
+ Received

- false
+ true

 ❯ src/everything.spec.ts:8:18
            </failure>
        </testcase>
        <testcase classname="src/everything.spec.ts" name="describe 63 &gt; example test 92" time="0.000014458">
        </testcase>
        <testcase classname="src/everything.spec.ts" name="describe 63 &gt; example test 93" time="0.000064459">
            <failure message="expected true to be false // Object.is equality" type="AssertionError">
AssertionError: expected true to be false // Object.is equality

- Expected
+ Received

- false
+ true

 ❯ src/everything.spec.ts:8:18
            </failure>
        </testcase>
        <testcase classname="src/everything.spec.ts" name="describe 63 &gt; example test 94" time="0.000014333">
        </testcase>
        <testcase classname="src/everything.spec.ts" name="describe 63 &gt; example test 95" time="0.000065291">
            <failure message="expected true to be false // Object.is equality" type="AssertionError">
AssertionError: expected true to be false // Object.is equality

- Expected
+ Received

- false
+ true

 ❯ src/everything.spec.ts:8:18
            </failure>
        </testcase>
        <testcase classname="src/everything.spec.ts" name="describe 63 &gt; example test 96" time="0.000014292">
        </testcase>
        <testcase classname="src/everything.spec.ts" name="describe 63 &gt; example test 97" time="0.000064458">
            <failure message="expected true to be false // Object.is equality" type="AssertionError">
AssertionError: expected true to be false // Object.is equality

- Expected
+ Received

- false
+ true

 ❯ src/everything.spec.ts:8:18
            </failure>
        </testcase>
        <testcase classname="src/everything.spec.ts" name="describe 63 &gt; example test 98" time="0.000016667">
        </testcase>
        <testcase classname="src/everything.spec.ts" name="describe 63 &gt; example test 99" time="0.000068167">
            <failure message="expected true to be false // Object.is equality" type="AssertionError">
AssertionError: expected true to be false // Object.is equality

- Expected
+ Received

- false
+ true

 ❯ src/everything.spec.ts:8:18
            </failure>
        </testcase>
        <testcase classname="src/everything.spec.ts" name="describe 63 &gt; example test 100" time="0.00001425">
        </testcase>
        <testcase classname="src/everything.spec.ts" name="describe 64 &gt; example test 1" time="0.000077709">
            <failure message="expected true to be false // Object.is equality" type="AssertionError">
AssertionError: expected true to be false // Object.is equality

- Expected
+ Received

- false
+ true

 ❯ src/everything.spec.ts:8:18
            </failure>
        </testcase>
        <testcase classname="src/everything.spec.ts" name="describe 64 &gt; example test 2" time="0.000014125">
        </testcase>
        <testcase classname="src/everything.spec.ts" name="describe 64 &gt; example test 3" time="0.000063">
            <failure message="expected true to be false // Object.is equality" type="AssertionError">
AssertionError: expected true to be false // Object.is equality

- Expected
+ Received

- false
+ true

 ❯ src/everything.spec.ts:8:18
            </failure>
        </testcase>
        <testcase classname="src/everything.spec.ts" name="describe 64 &gt; example test 4" time="0.0000135">
        </testcase>
        <testcase classname="src/everything.spec.ts" name="describe 64 &gt; example test 5" time="0.000064417">
            <failure message="expected true to be false // Object.is equality" type="AssertionError">
AssertionError: expected true to be false // Object.is equality

- Expected
+ Received

- false
+ true

 ❯ src/everything.spec.ts:8:18
            </failure>
        </testcase>
        <testcase classname="src/everything.spec.ts" name="describe 64 &gt; example test 6" time="0.000013917">
        </testcase>
        <testcase classname="src/everything.spec.ts" name="describe 64 &gt; example test 7" time="0.00006275">
            <failure message="expected true to be false // Object.is equality" type="AssertionError">
AssertionError: expected true to be false // Object.is equality

- Expected
+ Received

- false
+ true

 ❯ src/everything.spec.ts:8:18
            </failure>
        </testcase>
        <testcase classname="src/everything.spec.ts" name="describe 64 &gt; example test 8" time="0.0000135">
        </testcase>
        <testcase classname="src/everything.spec.ts" name="describe 64 &gt; example test 9" time="0.000065">
            <failure message="expected true to be false // Object.is equality" type="AssertionError">
AssertionError: expected true to be false // Object.is equality

- Expected
+ Received

- false
+ true

 ❯ src/everything.spec.ts:8:18
            </failure>
        </testcase>
        <testcase classname="src/everything.spec.ts" name="describe 64 &gt; example test 10" time="0.000014041">
        </testcase>
        <testcase classname="src/everything.spec.ts" name="describe 64 &gt; example test 11" time="0.000062042">
            <failure message="expected true to be false // Object.is equality" type="AssertionError">
AssertionError: expected true to be false // Object.is equality

- Expected
+ Received

- false
+ true

 ❯ src/everything.spec.ts:8:18
            </failure>
        </testcase>
        <testcase classname="src/everything.spec.ts" name="describe 64 &gt; example test 12" time="0.000014209">
        </testcase>
        <testcase classname="src/everything.spec.ts" name="describe 64 &gt; example test 13" time="0.000061875">
            <failure message="expected true to be false // Object.is equality" type="AssertionError">
AssertionError: expected true to be false // Object.is equality

- Expected
+ Received

- false
+ true

 ❯ src/everything.spec.ts:8:18
            </failure>
        </testcase>
        <testcase classname="src/everything.spec.ts" name="describe 64 &gt; example test 14" time="0.000013875">
        </testcase>
        <testcase classname="src/everything.spec.ts" name="describe 64 &gt; example test 15" time="0.000062125">
            <failure message="expected true to be false // Object.is equality" type="AssertionError">
AssertionError: expected true to be false // Object.is equality

- Expected
+ Received

- false
+ true

 ❯ src/everything.spec.ts:8:18
            </failure>
        </testcase>
        <testcase classname="src/everything.spec.ts" name="describe 64 &gt; example test 16" time="0.000013709">
        </testcase>
        <testcase classname="src/everything.spec.ts" name="describe 64 &gt; example test 17" time="0.000064667">
            <failure message="expected true to be false // Object.is equality" type="AssertionError">
AssertionError: expected true to be false // Object.is equality

- Expected
+ Received

- false
+ true

 ❯ src/everything.spec.ts:8:18
            </failure>
        </testcase>
        <testcase classname="src/everything.spec.ts" name="describe 64 &gt; example test 18" time="0.000013875">
        </testcase>
        <testcase classname="src/everything.spec.ts" name="describe 64 &gt; example test 19" time="0.000062458">
            <failure message="expected true to be false // Object.is equality" type="AssertionError">
AssertionError: expected true to be false // Object.is equality

- Expected
+ Received

- false
+ true

 ❯ src/everything.spec.ts:8:18
            </failure>
        </testcase>
        <testcase classname="src/everything.spec.ts" name="describe 64 &gt; example test 20" time="0.000014125">
        </testcase>
        <testcase classname="src/everything.spec.ts" name="describe 64 &gt; example test 21" time="0.0000615">
            <failure message="expected true to be false // Object.is equality" type="AssertionError">
AssertionError: expected true to be false // Object.is equality

- Expected
+ Received

- false
+ true

 ❯ src/everything.spec.ts:8:18
            </failure>
        </testcase>
        <testcase classname="src/everything.spec.ts" name="describe 64 &gt; example test 22" time="0.0000145">
        </testcase>
        <testcase classname="src/everything.spec.ts" name="describe 64 &gt; example test 23" time="0.0000615">
            <failure message="expected true to be false // Object.is equality" type="AssertionError">
AssertionError: expected true to be false // Object.is equality

- Expected
+ Received

- false
+ true

 ❯ src/everything.spec.ts:8:18
            </failure>
        </testcase>
        <testcase classname="src/everything.spec.ts" name="describe 64 &gt; example test 24" time="0.000013958">
        </testcase>
        <testcase classname="src/everything.spec.ts" name="describe 64 &gt; example test 25" time="0.000063208">
            <failure message="expected true to be false // Object.is equality" type="AssertionError">
AssertionError: expected true to be false // Object.is equality

- Expected
+ Received

- false
+ true

 ❯ src/everything.spec.ts:8:18
            </failure>
        </testcase>
        <testcase classname="src/everything.spec.ts" name="describe 64 &gt; example test 26" time="0.000014667">
        </testcase>
        <testcase classname="src/everything.spec.ts" name="describe 64 &gt; example test 27" time="0.000064708">
            <failure message="expected true to be false // Object.is equality" type="AssertionError">
AssertionError: expected true to be false // Object.is equality

- Expected
+ Received

- false
+ true

 ❯ src/everything.spec.ts:8:18
            </failure>
        </testcase>
        <testcase classname="src/everything.spec.ts" name="describe 64 &gt; example test 28" time="0.000013666">
        </testcase>
        <testcase classname="src/everything.spec.ts" name="describe 64 &gt; example test 29" time="0.00006225">
            <failure message="expected true to be false // Object.is equality" type="AssertionError">
AssertionError: expected true to be false // Object.is equality

- Expected
+ Received

- false
+ true

 ❯ src/everything.spec.ts:8:18
            </failure>
        </testcase>
        <testcase classname="src/everything.spec.ts" name="describe 64 &gt; example test 30" time="0.000014125">
        </testcase>
        <testcase classname="src/everything.spec.ts" name="describe 64 &gt; example test 31" time="0.000064">
            <failure message="expected true to be false // Object.is equality" type="AssertionError">
AssertionError: expected true to be false // Object.is equality

- Expected
+ Received

- false
+ true

 ❯ src/everything.spec.ts:8:18
            </failure>
        </testcase>
        <testcase classname="src/everything.spec.ts" name="describe 64 &gt; example test 32" time="0.000013708">
        </testcase>
        <testcase classname="src/everything.spec.ts" name="describe 64 &gt; example test 33" time="0.000061583">
            <failure message="expected true to be false // Object.is equality" type="AssertionError">
AssertionError: expected true to be false // Object.is equality

- Expected
+ Received

- false
+ true

 ❯ src/everything.spec.ts:8:18
            </failure>
        </testcase>
        <testcase classname="src/everything.spec.ts" name="describe 64 &gt; example test 34" time="0.000017375">
        </testcase>
        <testcase classname="src/everything.spec.ts" name="describe 64 &gt; example test 35" time="0.000061125">
            <failure message="expected true to be false // Object.is equality" type="AssertionError">
AssertionError: expected true to be false // Object.is equality

- Expected
+ Received

- false
+ true

 ❯ src/everything.spec.ts:8:18
            </failure>
        </testcase>
        <testcase classname="src/everything.spec.ts" name="describe 64 &gt; example test 36" time="0.000013917">
        </testcase>
        <testcase classname="src/everything.spec.ts" name="describe 64 &gt; example test 37" time="0.000061333">
            <failure message="expected true to be false // Object.is equality" type="AssertionError">
AssertionError: expected true to be false // Object.is equality

- Expected
+ Received

- false
+ true

 ❯ src/everything.spec.ts:8:18
            </failure>
        </testcase>
        <testcase classname="src/everything.spec.ts" name="describe 64 &gt; example test 38" time="0.0000185">
        </testcase>
        <testcase classname="src/everything.spec.ts" name="describe 64 &gt; example test 39" time="0.000061917">
            <failure message="expected true to be false // Object.is equality" type="AssertionError">
AssertionError: expected true to be false // Object.is equality

- Expected
+ Received

- false
+ true

 ❯ src/everything.spec.ts:8:18
            </failure>
        </testcase>
        <testcase classname="src/everything.spec.ts" name="describe 64 &gt; example test 40" time="0.000016208">
        </testcase>
        <testcase classname="src/everything.spec.ts" name="describe 64 &gt; example test 41" time="0.000061417">
            <failure message="expected true to be false // Object.is equality" type="AssertionError">
AssertionError: expected true to be false // Object.is equality

- Expected
+ Received

- false
+ true

 ❯ src/everything.spec.ts:8:18
            </failure>
        </testcase>
        <testcase classname="src/everything.spec.ts" name="describe 64 &gt; example test 42" time="0.000014625">
        </testcase>
        <testcase classname="src/everything.spec.ts" name="describe 64 &gt; example test 43" time="0.000061375">
            <failure message="expected true to be false // Object.is equality" type="AssertionError">
AssertionError: expected true to be false // Object.is equality

- Expected
+ Received

- false
+ true

 ❯ src/everything.spec.ts:8:18
            </failure>
        </testcase>
        <testcase classname="src/everything.spec.ts" name="describe 64 &gt; example test 44" time="0.000013708">
        </testcase>
        <testcase classname="src/everything.spec.ts" name="describe 64 &gt; example test 45" time="0.00006175">
            <failure message="expected true to be false // Object.is equality" type="AssertionError">
AssertionError: expected true to be false // Object.is equality

- Expected
+ Received

- false
+ true

 ❯ src/everything.spec.ts:8:18
            </failure>
        </testcase>
        <testcase classname="src/everything.spec.ts" name="describe 64 &gt; example test 46" time="0.000013708">
        </testcase>
        <testcase classname="src/everything.spec.ts" name="describe 64 &gt; example test 47" time="0.000062084">
            <failure message="expected true to be false // Object.is equality" type="AssertionError">
AssertionError: expected true to be false // Object.is equality

- Expected
+ Received

- false
+ true

 ❯ src/everything.spec.ts:8:18
            </failure>
        </testcase>
        <testcase classname="src/everything.spec.ts" name="describe 64 &gt; example test 48" time="0.000013834">
        </testcase>
        <testcase classname="src/everything.spec.ts" name="describe 64 &gt; example test 49" time="0.000061708">
            <failure message="expected true to be false // Object.is equality" type="AssertionError">
AssertionError: expected true to be false // Object.is equality

- Expected
+ Received

- false
+ true

 ❯ src/everything.spec.ts:8:18
            </failure>
        </testcase>
        <testcase classname="src/everything.spec.ts" name="describe 64 &gt; example test 50" time="0.000013292">
        </testcase>
        <testcase classname="src/everything.spec.ts" name="describe 64 &gt; example test 51" time="0.000061791">
            <failure message="expected true to be false // Object.is equality" type="AssertionError">
AssertionError: expected true to be false // Object.is equality

- Expected
+ Received

- false
+ true

 ❯ src/everything.spec.ts:8:18
            </failure>
        </testcase>
        <testcase classname="src/everything.spec.ts" name="describe 64 &gt; example test 52" time="0.000014041">
        </testcase>
        <testcase classname="src/everything.spec.ts" name="describe 64 &gt; example test 53" time="0.000061958">
            <failure message="expected true to be false // Object.is equality" type="AssertionError">
AssertionError: expected true to be false // Object.is equality

- Expected
+ Received

- false
+ true

 ❯ src/everything.spec.ts:8:18
            </failure>
        </testcase>
        <testcase classname="src/everything.spec.ts" name="describe 64 &gt; example test 54" time="0.000014125">
        </testcase>
        <testcase classname="src/everything.spec.ts" name="describe 64 &gt; example test 55" time="0.000062458">
            <failure message="expected true to be false // Object.is equality" type="AssertionError">
AssertionError: expected true to be false // Object.is equality

- Expected
+ Received

- false
+ true

 ❯ src/everything.spec.ts:8:18
            </failure>
        </testcase>
        <testcase classname="src/everything.spec.ts" name="describe 64 &gt; example test 56" time="0.000013333">
        </testcase>
        <testcase classname="src/everything.spec.ts" name="describe 64 &gt; example test 57" time="0.00006225">
            <failure message="expected true to be false // Object.is equality" type="AssertionError">
AssertionError: expected true to be false // Object.is equality

- Expected
+ Received

- false
+ true

 ❯ src/everything.spec.ts:8:18
            </failure>
        </testcase>
        <testcase classname="src/everything.spec.ts" name="describe 64 &gt; example test 58" time="0.0000135">
        </testcase>
        <testcase classname="src/everything.spec.ts" name="describe 64 &gt; example test 59" time="0.000061917">
            <failure message="expected true to be false // Object.is equality" type="AssertionError">
AssertionError: expected true to be false // Object.is equality

- Expected
+ Received

- false
+ true

 ❯ src/everything.spec.ts:8:18
            </failure>
        </testcase>
        <testcase classname="src/everything.spec.ts" name="describe 64 &gt; example test 60" time="0.00001375">
        </testcase>
        <testcase classname="src/everything.spec.ts" name="describe 64 &gt; example test 61" time="0.000061667">
            <failure message="expected true to be false // Object.is equality" type="AssertionError">
AssertionError: expected true to be false // Object.is equality

- Expected
+ Received

- false
+ true

 ❯ src/everything.spec.ts:8:18
            </failure>
        </testcase>
        <testcase classname="src/everything.spec.ts" name="describe 64 &gt; example test 62" time="0.000014958">
        </testcase>
        <testcase classname="src/everything.spec.ts" name="describe 64 &gt; example test 63" time="0.000060792">
            <failure message="expected true to be false // Object.is equality" type="AssertionError">
AssertionError: expected true to be false // Object.is equality

- Expected
+ Received

- false
+ true

 ❯ src/everything.spec.ts:8:18
            </failure>
        </testcase>
        <testcase classname="src/everything.spec.ts" name="describe 64 &gt; example test 64" time="0.000014">
        </testcase>
        <testcase classname="src/everything.spec.ts" name="describe 64 &gt; example test 65" time="0.000062167">
            <failure message="expected true to be false // Object.is equality" type="AssertionError">
AssertionError: expected true to be false // Object.is equality

- Expected
+ Received

- false
+ true

 ❯ src/everything.spec.ts:8:18
            </failure>
        </testcase>
        <testcase classname="src/everything.spec.ts" name="describe 64 &gt; example test 66" time="0.000013958">
        </testcase>
        <testcase classname="src/everything.spec.ts" name="describe 64 &gt; example test 67" time="0.000064333">
            <failure message="expected true to be false // Object.is equality" type="AssertionError">
AssertionError: expected true to be false // Object.is equality

- Expected
+ Received

- false
+ true

 ❯ src/everything.spec.ts:8:18
            </failure>
        </testcase>
        <testcase classname="src/everything.spec.ts" name="describe 64 &gt; example test 68" time="0.0000135">
        </testcase>
        <testcase classname="src/everything.spec.ts" name="describe 64 &gt; example test 69" time="0.000062167">
            <failure message="expected true to be false // Object.is equality" type="AssertionError">
AssertionError: expected true to be false // Object.is equality

- Expected
+ Received

- false
+ true

 ❯ src/everything.spec.ts:8:18
            </failure>
        </testcase>
        <testcase classname="src/everything.spec.ts" name="describe 64 &gt; example test 70" time="0.000014125">
        </testcase>
        <testcase classname="src/everything.spec.ts" name="describe 64 &gt; example test 71" time="0.000061417">
            <failure message="expected true to be false // Object.is equality" type="AssertionError">
AssertionError: expected true to be false // Object.is equality

- Expected
+ Received

- false
+ true

 ❯ src/everything.spec.ts:8:18
            </failure>
        </testcase>
        <testcase classname="src/everything.spec.ts" name="describe 64 &gt; example test 72" time="0.000014042">
        </testcase>
        <testcase classname="src/everything.spec.ts" name="describe 64 &gt; example test 73" time="0.000062167">
            <failure message="expected true to be false // Object.is equality" type="AssertionError">
AssertionError: expected true to be false // Object.is equality

- Expected
+ Received

- false
+ true

 ❯ src/everything.spec.ts:8:18
            </failure>
        </testcase>
        <testcase classname="src/everything.spec.ts" name="describe 64 &gt; example test 74" time="0.000013833">
        </testcase>
        <testcase classname="src/everything.spec.ts" name="describe 64 &gt; example test 75" time="0.0000615">
            <failure message="expected true to be false // Object.is equality" type="AssertionError">
AssertionError: expected true to be false // Object.is equality

- Expected
+ Received

- false
+ true

 ❯ src/everything.spec.ts:8:18
            </failure>
        </testcase>
        <testcase classname="src/everything.spec.ts" name="describe 64 &gt; example test 76" time="0.000014125">
        </testcase>
        <testcase classname="src/everything.spec.ts" name="describe 64 &gt; example test 77" time="0.000062834">
            <failure message="expected true to be false // Object.is equality" type="AssertionError">
AssertionError: expected true to be false // Object.is equality

- Expected
+ Received

- false
+ true

 ❯ src/everything.spec.ts:8:18
            </failure>
        </testcase>
        <testcase classname="src/everything.spec.ts" name="describe 64 &gt; example test 78" time="0.000014291">
        </testcase>
        <testcase classname="src/everything.spec.ts" name="describe 64 &gt; example test 79" time="0.000062">
            <failure message="expected true to be false // Object.is equality" type="AssertionError">
AssertionError: expected true to be false // Object.is equality

- Expected
+ Received

- false
+ true

 ❯ src/everything.spec.ts:8:18
            </failure>
        </testcase>
        <testcase classname="src/everything.spec.ts" name="describe 64 &gt; example test 80" time="0.000013709">
        </testcase>
        <testcase classname="src/everything.spec.ts" name="describe 64 &gt; example test 81" time="0.000062292">
            <failure message="expected true to be false // Object.is equality" type="AssertionError">
AssertionError: expected true to be false // Object.is equality

- Expected
+ Received

- false
+ true

 ❯ src/everything.spec.ts:8:18
            </failure>
        </testcase>
        <testcase classname="src/everything.spec.ts" name="describe 64 &gt; example test 82" time="0.000013917">
        </testcase>
        <testcase classname="src/everything.spec.ts" name="describe 64 &gt; example test 83" time="0.000061542">
            <failure message="expected true to be false // Object.is equality" type="AssertionError">
AssertionError: expected true to be false // Object.is equality

- Expected
+ Received

- false
+ true

 ❯ src/everything.spec.ts:8:18
            </failure>
        </testcase>
        <testcase classname="src/everything.spec.ts" name="describe 64 &gt; example test 84" time="0.000013792">
        </testcase>
        <testcase classname="src/everything.spec.ts" name="describe 64 &gt; example test 85" time="0.000062209">
            <failure message="expected true to be false // Object.is equality" type="AssertionError">
AssertionError: expected true to be false // Object.is equality

- Expected
+ Received

- false
+ true

 ❯ src/everything.spec.ts:8:18
            </failure>
        </testcase>
        <testcase classname="src/everything.spec.ts" name="describe 64 &gt; example test 86" time="0.000014291">
        </testcase>
        <testcase classname="src/everything.spec.ts" name="describe 64 &gt; example test 87" time="0.000061167">
            <failure message="expected true to be false // Object.is equality" type="AssertionError">
AssertionError: expected true to be false // Object.is equality

- Expected
+ Received

- false
+ true

 ❯ src/everything.spec.ts:8:18
            </failure>
        </testcase>
        <testcase classname="src/everything.spec.ts" name="describe 64 &gt; example test 88" time="0.000014125">
        </testcase>
        <testcase classname="src/everything.spec.ts" name="describe 64 &gt; example test 89" time="0.000062">
            <failure message="expected true to be false // Object.is equality" type="AssertionError">
AssertionError: expected true to be false // Object.is equality

- Expected
+ Received

- false
+ true

 ❯ src/everything.spec.ts:8:18
            </failure>
        </testcase>
        <testcase classname="src/everything.spec.ts" name="describe 64 &gt; example test 90" time="0.000013667">
        </testcase>
        <testcase classname="src/everything.spec.ts" name="describe 64 &gt; example test 91" time="0.000061042">
            <failure message="expected true to be false // Object.is equality" type="AssertionError">
AssertionError: expected true to be false // Object.is equality

- Expected
+ Received

- false
+ true

 ❯ src/everything.spec.ts:8:18
            </failure>
        </testcase>
        <testcase classname="src/everything.spec.ts" name="describe 64 &gt; example test 92" time="0.000013959">
        </testcase>
        <testcase classname="src/everything.spec.ts" name="describe 64 &gt; example test 93" time="0.000062541">
            <failure message="expected true to be false // Object.is equality" type="AssertionError">
AssertionError: expected true to be false // Object.is equality

- Expected
+ Received

- false
+ true

 ❯ src/everything.spec.ts:8:18
            </failure>
        </testcase>
        <testcase classname="src/everything.spec.ts" name="describe 64 &gt; example test 94" time="0.000013833">
        </testcase>
        <testcase classname="src/everything.spec.ts" name="describe 64 &gt; example test 95" time="0.000061917">
            <failure message="expected true to be false // Object.is equality" type="AssertionError">
AssertionError: expected true to be false // Object.is equality

- Expected
+ Received

- false
+ true

 ❯ src/everything.spec.ts:8:18
            </failure>
        </testcase>
        <testcase classname="src/everything.spec.ts" name="describe 64 &gt; example test 96" time="0.000014083">
        </testcase>
        <testcase classname="src/everything.spec.ts" name="describe 64 &gt; example test 97" time="0.000063125">
            <failure message="expected true to be false // Object.is equality" type="AssertionError">
AssertionError: expected true to be false // Object.is equality

- Expected
+ Received

- false
+ true

 ❯ src/everything.spec.ts:8:18
            </failure>
        </testcase>
        <testcase classname="src/everything.spec.ts" name="describe 64 &gt; example test 98" time="0.000013875">
        </testcase>
        <testcase classname="src/everything.spec.ts" name="describe 64 &gt; example test 99" time="0.000062">
            <failure message="expected true to be false // Object.is equality" type="AssertionError">
AssertionError: expected true to be false // Object.is equality

- Expected
+ Received

- false
+ true

 ❯ src/everything.spec.ts:8:18
            </failure>
        </testcase>
        <testcase classname="src/everything.spec.ts" name="describe 64 &gt; example test 100" time="0.000014042">
        </testcase>
        <testcase classname="src/everything.spec.ts" name="describe 65 &gt; example test 1" time="0.000065333">
            <failure message="expected true to be false // Object.is equality" type="AssertionError">
AssertionError: expected true to be false // Object.is equality

- Expected
+ Received

- false
+ true

 ❯ src/everything.spec.ts:8:18
            </failure>
        </testcase>
        <testcase classname="src/everything.spec.ts" name="describe 65 &gt; example test 2" time="0.000013917">
        </testcase>
        <testcase classname="src/everything.spec.ts" name="describe 65 &gt; example test 3" time="0.0000645">
            <failure message="expected true to be false // Object.is equality" type="AssertionError">
AssertionError: expected true to be false // Object.is equality

- Expected
+ Received

- false
+ true

 ❯ src/everything.spec.ts:8:18
            </failure>
        </testcase>
        <testcase classname="src/everything.spec.ts" name="describe 65 &gt; example test 4" time="0.000013958">
        </testcase>
        <testcase classname="src/everything.spec.ts" name="describe 65 &gt; example test 5" time="0.000062042">
            <failure message="expected true to be false // Object.is equality" type="AssertionError">
AssertionError: expected true to be false // Object.is equality

- Expected
+ Received

- false
+ true

 ❯ src/everything.spec.ts:8:18
            </failure>
        </testcase>
        <testcase classname="src/everything.spec.ts" name="describe 65 &gt; example test 6" time="0.000014542">
        </testcase>
        <testcase classname="src/everything.spec.ts" name="describe 65 &gt; example test 7" time="0.000061417">
            <failure message="expected true to be false // Object.is equality" type="AssertionError">
AssertionError: expected true to be false // Object.is equality

- Expected
+ Received

- false
+ true

 ❯ src/everything.spec.ts:8:18
            </failure>
        </testcase>
        <testcase classname="src/everything.spec.ts" name="describe 65 &gt; example test 8" time="0.000016334">
        </testcase>
        <testcase classname="src/everything.spec.ts" name="describe 65 &gt; example test 9" time="0.000062791">
            <failure message="expected true to be false // Object.is equality" type="AssertionError">
AssertionError: expected true to be false // Object.is equality

- Expected
+ Received

- false
+ true

 ❯ src/everything.spec.ts:8:18
            </failure>
        </testcase>
        <testcase classname="src/everything.spec.ts" name="describe 65 &gt; example test 10" time="0.000014041">
        </testcase>
        <testcase classname="src/everything.spec.ts" name="describe 65 &gt; example test 11" time="0.000061917">
            <failure message="expected true to be false // Object.is equality" type="AssertionError">
AssertionError: expected true to be false // Object.is equality

- Expected
+ Received

- false
+ true

 ❯ src/everything.spec.ts:8:18
            </failure>
        </testcase>
        <testcase classname="src/everything.spec.ts" name="describe 65 &gt; example test 12" time="0.000014208">
        </testcase>
        <testcase classname="src/everything.spec.ts" name="describe 65 &gt; example test 13" time="0.00006425">
            <failure message="expected true to be false // Object.is equality" type="AssertionError">
AssertionError: expected true to be false // Object.is equality

- Expected
+ Received

- false
+ true

 ❯ src/everything.spec.ts:8:18
            </failure>
        </testcase>
        <testcase classname="src/everything.spec.ts" name="describe 65 &gt; example test 14" time="0.000014">
        </testcase>
        <testcase classname="src/everything.spec.ts" name="describe 65 &gt; example test 15" time="0.000060583">
            <failure message="expected true to be false // Object.is equality" type="AssertionError">
AssertionError: expected true to be false // Object.is equality

- Expected
+ Received

- false
+ true

 ❯ src/everything.spec.ts:8:18
            </failure>
        </testcase>
        <testcase classname="src/everything.spec.ts" name="describe 65 &gt; example test 16" time="0.000014">
        </testcase>
        <testcase classname="src/everything.spec.ts" name="describe 65 &gt; example test 17" time="0.000061708">
            <failure message="expected true to be false // Object.is equality" type="AssertionError">
AssertionError: expected true to be false // Object.is equality

- Expected
+ Received

- false
+ true

 ❯ src/everything.spec.ts:8:18
            </failure>
        </testcase>
        <testcase classname="src/everything.spec.ts" name="describe 65 &gt; example test 18" time="0.000014041">
        </testcase>
        <testcase classname="src/everything.spec.ts" name="describe 65 &gt; example test 19" time="0.000064334">
            <failure message="expected true to be false // Object.is equality" type="AssertionError">
AssertionError: expected true to be false // Object.is equality

- Expected
+ Received

- false
+ true

 ❯ src/everything.spec.ts:8:18
            </failure>
        </testcase>
        <testcase classname="src/everything.spec.ts" name="describe 65 &gt; example test 20" time="0.000017">
        </testcase>
        <testcase classname="src/everything.spec.ts" name="describe 65 &gt; example test 21" time="0.000062417">
            <failure message="expected true to be false // Object.is equality" type="AssertionError">
AssertionError: expected true to be false // Object.is equality

- Expected
+ Received

- false
+ true

 ❯ src/everything.spec.ts:8:18
            </failure>
        </testcase>
        <testcase classname="src/everything.spec.ts" name="describe 65 &gt; example test 22" time="0.00001425">
        </testcase>
        <testcase classname="src/everything.spec.ts" name="describe 65 &gt; example test 23" time="0.000061541">
            <failure message="expected true to be false // Object.is equality" type="AssertionError">
AssertionError: expected true to be false // Object.is equality

- Expected
+ Received

- false
+ true

 ❯ src/everything.spec.ts:8:18
            </failure>
        </testcase>
        <testcase classname="src/everything.spec.ts" name="describe 65 &gt; example test 24" time="0.000013708">
        </testcase>
        <testcase classname="src/everything.spec.ts" name="describe 65 &gt; example test 25" time="0.000063375">
            <failure message="expected true to be false // Object.is equality" type="AssertionError">
AssertionError: expected true to be false // Object.is equality

- Expected
+ Received

- false
+ true

 ❯ src/everything.spec.ts:8:18
            </failure>
        </testcase>
        <testcase classname="src/everything.spec.ts" name="describe 65 &gt; example test 26" time="0.000014167">
        </testcase>
        <testcase classname="src/everything.spec.ts" name="describe 65 &gt; example test 27" time="0.000062708">
            <failure message="expected true to be false // Object.is equality" type="AssertionError">
AssertionError: expected true to be false // Object.is equality

- Expected
+ Received

- false
+ true

 ❯ src/everything.spec.ts:8:18
            </failure>
        </testcase>
        <testcase classname="src/everything.spec.ts" name="describe 65 &gt; example test 28" time="0.000017042">
        </testcase>
        <testcase classname="src/everything.spec.ts" name="describe 65 &gt; example test 29" time="0.000062708">
            <failure message="expected true to be false // Object.is equality" type="AssertionError">
AssertionError: expected true to be false // Object.is equality

- Expected
+ Received

- false
+ true

 ❯ src/everything.spec.ts:8:18
            </failure>
        </testcase>
        <testcase classname="src/everything.spec.ts" name="describe 65 &gt; example test 30" time="0.000014125">
        </testcase>
        <testcase classname="src/everything.spec.ts" name="describe 65 &gt; example test 31" time="0.000061792">
            <failure message="expected true to be false // Object.is equality" type="AssertionError">
AssertionError: expected true to be false // Object.is equality

- Expected
+ Received

- false
+ true

 ❯ src/everything.spec.ts:8:18
            </failure>
        </testcase>
        <testcase classname="src/everything.spec.ts" name="describe 65 &gt; example test 32" time="0.000013875">
        </testcase>
        <testcase classname="src/everything.spec.ts" name="describe 65 &gt; example test 33" time="0.000061958">
            <failure message="expected true to be false // Object.is equality" type="AssertionError">
AssertionError: expected true to be false // Object.is equality

- Expected
+ Received

- false
+ true

 ❯ src/everything.spec.ts:8:18
            </failure>
        </testcase>
        <testcase classname="src/everything.spec.ts" name="describe 65 &gt; example test 34" time="0.000013459">
        </testcase>
        <testcase classname="src/everything.spec.ts" name="describe 65 &gt; example test 35" time="0.000061083">
            <failure message="expected true to be false // Object.is equality" type="AssertionError">
AssertionError: expected true to be false // Object.is equality

- Expected
+ Received

- false
+ true

 ❯ src/everything.spec.ts:8:18
            </failure>
        </testcase>
        <testcase classname="src/everything.spec.ts" name="describe 65 &gt; example test 36" time="0.000013875">
        </testcase>
        <testcase classname="src/everything.spec.ts" name="describe 65 &gt; example test 37" time="0.000061708">
            <failure message="expected true to be false // Object.is equality" type="AssertionError">
AssertionError: expected true to be false // Object.is equality

- Expected
+ Received

- false
+ true

 ❯ src/everything.spec.ts:8:18
            </failure>
        </testcase>
        <testcase classname="src/everything.spec.ts" name="describe 65 &gt; example test 38" time="0.00001425">
        </testcase>
        <testcase classname="src/everything.spec.ts" name="describe 65 &gt; example test 39" time="0.000061917">
            <failure message="expected true to be false // Object.is equality" type="AssertionError">
AssertionError: expected true to be false // Object.is equality

- Expected
+ Received

- false
+ true

 ❯ src/everything.spec.ts:8:18
            </failure>
        </testcase>
        <testcase classname="src/everything.spec.ts" name="describe 65 &gt; example test 40" time="0.000013959">
        </testcase>
        <testcase classname="src/everything.spec.ts" name="describe 65 &gt; example test 41" time="0.00006225">
            <failure message="expected true to be false // Object.is equality" type="AssertionError">
AssertionError: expected true to be false // Object.is equality

- Expected
+ Received

- false
+ true

 ❯ src/everything.spec.ts:8:18
            </failure>
        </testcase>
        <testcase classname="src/everything.spec.ts" name="describe 65 &gt; example test 42" time="0.000013584">
        </testcase>
        <testcase classname="src/everything.spec.ts" name="describe 65 &gt; example test 43" time="0.0000615">
            <failure message="expected true to be false // Object.is equality" type="AssertionError">
AssertionError: expected true to be false // Object.is equality

- Expected
+ Received

- false
+ true

 ❯ src/everything.spec.ts:8:18
            </failure>
        </testcase>
        <testcase classname="src/everything.spec.ts" name="describe 65 &gt; example test 44" time="0.000013667">
        </testcase>
        <testcase classname="src/everything.spec.ts" name="describe 65 &gt; example test 45" time="0.000064791">
            <failure message="expected true to be false // Object.is equality" type="AssertionError">
AssertionError: expected true to be false // Object.is equality

- Expected
+ Received

- false
+ true

 ❯ src/everything.spec.ts:8:18
            </failure>
        </testcase>
        <testcase classname="src/everything.spec.ts" name="describe 65 &gt; example test 46" time="0.000013833">
        </testcase>
        <testcase classname="src/everything.spec.ts" name="describe 65 &gt; example test 47" time="0.000061209">
            <failure message="expected true to be false // Object.is equality" type="AssertionError">
AssertionError: expected true to be false // Object.is equality

- Expected
+ Received

- false
+ true

 ❯ src/everything.spec.ts:8:18
            </failure>
        </testcase>
        <testcase classname="src/everything.spec.ts" name="describe 65 &gt; example test 48" time="0.000014167">
        </testcase>
        <testcase classname="src/everything.spec.ts" name="describe 65 &gt; example test 49" time="0.000502042">
            <failure message="expected true to be false // Object.is equality" type="AssertionError">
AssertionError: expected true to be false // Object.is equality

- Expected
+ Received

- false
+ true

 ❯ src/everything.spec.ts:8:18
            </failure>
        </testcase>
        <testcase classname="src/everything.spec.ts" name="describe 65 &gt; example test 50" time="0.000030333">
        </testcase>
        <testcase classname="src/everything.spec.ts" name="describe 65 &gt; example test 51" time="0.000097292">
            <failure message="expected true to be false // Object.is equality" type="AssertionError">
AssertionError: expected true to be false // Object.is equality

- Expected
+ Received

- false
+ true

 ❯ src/everything.spec.ts:8:18
            </failure>
        </testcase>
        <testcase classname="src/everything.spec.ts" name="describe 65 &gt; example test 52" time="0.000020708">
        </testcase>
        <testcase classname="src/everything.spec.ts" name="describe 65 &gt; example test 53" time="0.000072041">
            <failure message="expected true to be false // Object.is equality" type="AssertionError">
AssertionError: expected true to be false // Object.is equality

- Expected
+ Received

- false
+ true

 ❯ src/everything.spec.ts:8:18
            </failure>
        </testcase>
        <testcase classname="src/everything.spec.ts" name="describe 65 &gt; example test 54" time="0.000015333">
        </testcase>
        <testcase classname="src/everything.spec.ts" name="describe 65 &gt; example test 55" time="0.000068958">
            <failure message="expected true to be false // Object.is equality" type="AssertionError">
AssertionError: expected true to be false // Object.is equality

- Expected
+ Received

- false
+ true

 ❯ src/everything.spec.ts:8:18
            </failure>
        </testcase>
        <testcase classname="src/everything.spec.ts" name="describe 65 &gt; example test 56" time="0.000014958">
        </testcase>
        <testcase classname="src/everything.spec.ts" name="describe 65 &gt; example test 57" time="0.000065709">
            <failure message="expected true to be false // Object.is equality" type="AssertionError">
AssertionError: expected true to be false // Object.is equality

- Expected
+ Received

- false
+ true

 ❯ src/everything.spec.ts:8:18
            </failure>
        </testcase>
        <testcase classname="src/everything.spec.ts" name="describe 65 &gt; example test 58" time="0.000013917">
        </testcase>
        <testcase classname="src/everything.spec.ts" name="describe 65 &gt; example test 59" time="0.000065584">
            <failure message="expected true to be false // Object.is equality" type="AssertionError">
AssertionError: expected true to be false // Object.is equality

- Expected
+ Received

- false
+ true

 ❯ src/everything.spec.ts:8:18
            </failure>
        </testcase>
        <testcase classname="src/everything.spec.ts" name="describe 65 &gt; example test 60" time="0.0000155">
        </testcase>
        <testcase classname="src/everything.spec.ts" name="describe 65 &gt; example test 61" time="0.00006475">
            <failure message="expected true to be false // Object.is equality" type="AssertionError">
AssertionError: expected true to be false // Object.is equality

- Expected
+ Received

- false
+ true

 ❯ src/everything.spec.ts:8:18
            </failure>
        </testcase>
        <testcase classname="src/everything.spec.ts" name="describe 65 &gt; example test 62" time="0.000014416">
        </testcase>
        <testcase classname="src/everything.spec.ts" name="describe 65 &gt; example test 63" time="0.000070459">
            <failure message="expected true to be false // Object.is equality" type="AssertionError">
AssertionError: expected true to be false // Object.is equality

- Expected
+ Received

- false
+ true

 ❯ src/everything.spec.ts:8:18
            </failure>
        </testcase>
        <testcase classname="src/everything.spec.ts" name="describe 65 &gt; example test 64" time="0.000017333">
        </testcase>
        <testcase classname="src/everything.spec.ts" name="describe 65 &gt; example test 65" time="0.00006325">
            <failure message="expected true to be false // Object.is equality" type="AssertionError">
AssertionError: expected true to be false // Object.is equality

- Expected
+ Received

- false
+ true

 ❯ src/everything.spec.ts:8:18
            </failure>
        </testcase>
        <testcase classname="src/everything.spec.ts" name="describe 65 &gt; example test 66" time="0.000014208">
        </testcase>
        <testcase classname="src/everything.spec.ts" name="describe 65 &gt; example test 67" time="0.00006375">
            <failure message="expected true to be false // Object.is equality" type="AssertionError">
AssertionError: expected true to be false // Object.is equality

- Expected
+ Received

- false
+ true

 ❯ src/everything.spec.ts:8:18
            </failure>
        </testcase>
        <testcase classname="src/everything.spec.ts" name="describe 65 &gt; example test 68" time="0.000014208">
        </testcase>
        <testcase classname="src/everything.spec.ts" name="describe 65 &gt; example test 69" time="0.000068875">
            <failure message="expected true to be false // Object.is equality" type="AssertionError">
AssertionError: expected true to be false // Object.is equality

- Expected
+ Received

- false
+ true

 ❯ src/everything.spec.ts:8:18
            </failure>
        </testcase>
        <testcase classname="src/everything.spec.ts" name="describe 65 &gt; example test 70" time="0.000017084">
        </testcase>
        <testcase classname="src/everything.spec.ts" name="describe 65 &gt; example test 71" time="0.000069542">
            <failure message="expected true to be false // Object.is equality" type="AssertionError">
AssertionError: expected true to be false // Object.is equality

- Expected
+ Received

- false
+ true

 ❯ src/everything.spec.ts:8:18
            </failure>
        </testcase>
        <testcase classname="src/everything.spec.ts" name="describe 65 &gt; example test 72" time="0.000016959">
        </testcase>
        <testcase classname="src/everything.spec.ts" name="describe 65 &gt; example test 73" time="0.000062833">
            <failure message="expected true to be false // Object.is equality" type="AssertionError">
AssertionError: expected true to be false // Object.is equality

- Expected
+ Received

- false
+ true

 ❯ src/everything.spec.ts:8:18
            </failure>
        </testcase>
        <testcase classname="src/everything.spec.ts" name="describe 65 &gt; example test 74" time="0.000013916">
        </testcase>
        <testcase classname="src/everything.spec.ts" name="describe 65 &gt; example test 75" time="0.000062917">
            <failure message="expected true to be false // Object.is equality" type="AssertionError">
AssertionError: expected true to be false // Object.is equality

- Expected
+ Received

- false
+ true

 ❯ src/everything.spec.ts:8:18
            </failure>
        </testcase>
        <testcase classname="src/everything.spec.ts" name="describe 65 &gt; example test 76" time="0.000013958">
        </testcase>
        <testcase classname="src/everything.spec.ts" name="describe 65 &gt; example test 77" time="0.000061792">
            <failure message="expected true to be false // Object.is equality" type="AssertionError">
AssertionError: expected true to be false // Object.is equality

- Expected
+ Received

- false
+ true

 ❯ src/everything.spec.ts:8:18
            </failure>
        </testcase>
        <testcase classname="src/everything.spec.ts" name="describe 65 &gt; example test 78" time="0.00001425">
        </testcase>
        <testcase classname="src/everything.spec.ts" name="describe 65 &gt; example test 79" time="0.0000675">
            <failure message="expected true to be false // Object.is equality" type="AssertionError">
AssertionError: expected true to be false // Object.is equality

- Expected
+ Received

- false
+ true

 ❯ src/everything.spec.ts:8:18
            </failure>
        </testcase>
        <testcase classname="src/everything.spec.ts" name="describe 65 &gt; example test 80" time="0.000014208">
        </testcase>
        <testcase classname="src/everything.spec.ts" name="describe 65 &gt; example test 81" time="0.00008375">
            <failure message="expected true to be false // Object.is equality" type="AssertionError">
AssertionError: expected true to be false // Object.is equality

- Expected
+ Received

- false
+ true

 ❯ src/everything.spec.ts:8:18
            </failure>
        </testcase>
        <testcase classname="src/everything.spec.ts" name="describe 65 &gt; example test 82" time="0.000014834">
        </testcase>
        <testcase classname="src/everything.spec.ts" name="describe 65 &gt; example test 83" time="0.000066625">
            <failure message="expected true to be false // Object.is equality" type="AssertionError">
AssertionError: expected true to be false // Object.is equality

- Expected
+ Received

- false
+ true

 ❯ src/everything.spec.ts:8:18
            </failure>
        </testcase>
        <testcase classname="src/everything.spec.ts" name="describe 65 &gt; example test 84" time="0.000014166">
        </testcase>
        <testcase classname="src/everything.spec.ts" name="describe 65 &gt; example test 85" time="0.000064584">
            <failure message="expected true to be false // Object.is equality" type="AssertionError">
AssertionError: expected true to be false // Object.is equality

- Expected
+ Received

- false
+ true

 ❯ src/everything.spec.ts:8:18
            </failure>
        </testcase>
        <testcase classname="src/everything.spec.ts" name="describe 65 &gt; example test 86" time="0.000014458">
        </testcase>
        <testcase classname="src/everything.spec.ts" name="describe 65 &gt; example test 87" time="0.000081625">
            <failure message="expected true to be false // Object.is equality" type="AssertionError">
AssertionError: expected true to be false // Object.is equality

- Expected
+ Received

- false
+ true

 ❯ src/everything.spec.ts:8:18
            </failure>
        </testcase>
        <testcase classname="src/everything.spec.ts" name="describe 65 &gt; example test 88" time="0.000014541">
        </testcase>
        <testcase classname="src/everything.spec.ts" name="describe 65 &gt; example test 89" time="0.000066917">
            <failure message="expected true to be false // Object.is equality" type="AssertionError">
AssertionError: expected true to be false // Object.is equality

- Expected
+ Received

- false
+ true

 ❯ src/everything.spec.ts:8:18
            </failure>
        </testcase>
        <testcase classname="src/everything.spec.ts" name="describe 65 &gt; example test 90" time="0.000014167">
        </testcase>
        <testcase classname="src/everything.spec.ts" name="describe 65 &gt; example test 91" time="0.000068291">
            <failure message="expected true to be false // Object.is equality" type="AssertionError">
AssertionError: expected true to be false // Object.is equality

- Expected
+ Received

- false
+ true

 ❯ src/everything.spec.ts:8:18
            </failure>
        </testcase>
        <testcase classname="src/everything.spec.ts" name="describe 65 &gt; example test 92" time="0.000013959">
        </testcase>
        <testcase classname="src/everything.spec.ts" name="describe 65 &gt; example test 93" time="0.000062292">
            <failure message="expected true to be false // Object.is equality" type="AssertionError">
AssertionError: expected true to be false // Object.is equality

- Expected
+ Received

- false
+ true

 ❯ src/everything.spec.ts:8:18
            </failure>
        </testcase>
        <testcase classname="src/everything.spec.ts" name="describe 65 &gt; example test 94" time="0.000013792">
        </testcase>
        <testcase classname="src/everything.spec.ts" name="describe 65 &gt; example test 95" time="0.00006375">
            <failure message="expected true to be false // Object.is equality" type="AssertionError">
AssertionError: expected true to be false // Object.is equality

- Expected
+ Received

- false
+ true

 ❯ src/everything.spec.ts:8:18
            </failure>
        </testcase>
        <testcase classname="src/everything.spec.ts" name="describe 65 &gt; example test 96" time="0.000014208">
        </testcase>
        <testcase classname="src/everything.spec.ts" name="describe 65 &gt; example test 97" time="0.000064583">
            <failure message="expected true to be false // Object.is equality" type="AssertionError">
AssertionError: expected true to be false // Object.is equality

- Expected
+ Received

- false
+ true

 ❯ src/everything.spec.ts:8:18
            </failure>
        </testcase>
        <testcase classname="src/everything.spec.ts" name="describe 65 &gt; example test 98" time="0.000013875">
        </testcase>
        <testcase classname="src/everything.spec.ts" name="describe 65 &gt; example test 99" time="0.000061792">
            <failure message="expected true to be false // Object.is equality" type="AssertionError">
AssertionError: expected true to be false // Object.is equality

- Expected
+ Received

- false
+ true

 ❯ src/everything.spec.ts:8:18
            </failure>
        </testcase>
        <testcase classname="src/everything.spec.ts" name="describe 65 &gt; example test 100" time="0.000016292">
        </testcase>
        <testcase classname="src/everything.spec.ts" name="describe 66 &gt; example test 1" time="0.000066708">
            <failure message="expected true to be false // Object.is equality" type="AssertionError">
AssertionError: expected true to be false // Object.is equality

- Expected
+ Received

- false
+ true

 ❯ src/everything.spec.ts:8:18
            </failure>
        </testcase>
        <testcase classname="src/everything.spec.ts" name="describe 66 &gt; example test 2" time="0.000013584">
        </testcase>
        <testcase classname="src/everything.spec.ts" name="describe 66 &gt; example test 3" time="0.000062167">
            <failure message="expected true to be false // Object.is equality" type="AssertionError">
AssertionError: expected true to be false // Object.is equality

- Expected
+ Received

- false
+ true

 ❯ src/everything.spec.ts:8:18
            </failure>
        </testcase>
        <testcase classname="src/everything.spec.ts" name="describe 66 &gt; example test 4" time="0.000014">
        </testcase>
        <testcase classname="src/everything.spec.ts" name="describe 66 &gt; example test 5" time="0.000062709">
            <failure message="expected true to be false // Object.is equality" type="AssertionError">
AssertionError: expected true to be false // Object.is equality

- Expected
+ Received

- false
+ true

 ❯ src/everything.spec.ts:8:18
            </failure>
        </testcase>
        <testcase classname="src/everything.spec.ts" name="describe 66 &gt; example test 6" time="0.00001725">
        </testcase>
        <testcase classname="src/everything.spec.ts" name="describe 66 &gt; example test 7" time="0.000064792">
            <failure message="expected true to be false // Object.is equality" type="AssertionError">
AssertionError: expected true to be false // Object.is equality

- Expected
+ Received

- false
+ true

 ❯ src/everything.spec.ts:8:18
            </failure>
        </testcase>
        <testcase classname="src/everything.spec.ts" name="describe 66 &gt; example test 8" time="0.000013667">
        </testcase>
        <testcase classname="src/everything.spec.ts" name="describe 66 &gt; example test 9" time="0.000065542">
            <failure message="expected true to be false // Object.is equality" type="AssertionError">
AssertionError: expected true to be false // Object.is equality

- Expected
+ Received

- false
+ true

 ❯ src/everything.spec.ts:8:18
            </failure>
        </testcase>
        <testcase classname="src/everything.spec.ts" name="describe 66 &gt; example test 10" time="0.00001675">
        </testcase>
        <testcase classname="src/everything.spec.ts" name="describe 66 &gt; example test 11" time="0.000061792">
            <failure message="expected true to be false // Object.is equality" type="AssertionError">
AssertionError: expected true to be false // Object.is equality

- Expected
+ Received

- false
+ true

 ❯ src/everything.spec.ts:8:18
            </failure>
        </testcase>
        <testcase classname="src/everything.spec.ts" name="describe 66 &gt; example test 12" time="0.0000145">
        </testcase>
        <testcase classname="src/everything.spec.ts" name="describe 66 &gt; example test 13" time="0.000064">
            <failure message="expected true to be false // Object.is equality" type="AssertionError">
AssertionError: expected true to be false // Object.is equality

- Expected
+ Received

- false
+ true

 ❯ src/everything.spec.ts:8:18
            </failure>
        </testcase>
        <testcase classname="src/everything.spec.ts" name="describe 66 &gt; example test 14" time="0.000014042">
        </testcase>
        <testcase classname="src/everything.spec.ts" name="describe 66 &gt; example test 15" time="0.00006125">
            <failure message="expected true to be false // Object.is equality" type="AssertionError">
AssertionError: expected true to be false // Object.is equality

- Expected
+ Received

- false
+ true

 ❯ src/everything.spec.ts:8:18
            </failure>
        </testcase>
        <testcase classname="src/everything.spec.ts" name="describe 66 &gt; example test 16" time="0.000016542">
        </testcase>
        <testcase classname="src/everything.spec.ts" name="describe 66 &gt; example test 17" time="0.000062">
            <failure message="expected true to be false // Object.is equality" type="AssertionError">
AssertionError: expected true to be false // Object.is equality

- Expected
+ Received

- false
+ true

 ❯ src/everything.spec.ts:8:18
            </failure>
        </testcase>
        <testcase classname="src/everything.spec.ts" name="describe 66 &gt; example test 18" time="0.000013916">
        </testcase>
        <testcase classname="src/everything.spec.ts" name="describe 66 &gt; example test 19" time="0.000061625">
            <failure message="expected true to be false // Object.is equality" type="AssertionError">
AssertionError: expected true to be false // Object.is equality

- Expected
+ Received

- false
+ true

 ❯ src/everything.spec.ts:8:18
            </failure>
        </testcase>
        <testcase classname="src/everything.spec.ts" name="describe 66 &gt; example test 20" time="0.000016792">
        </testcase>
        <testcase classname="src/everything.spec.ts" name="describe 66 &gt; example test 21" time="0.000062625">
            <failure message="expected true to be false // Object.is equality" type="AssertionError">
AssertionError: expected true to be false // Object.is equality

- Expected
+ Received

- false
+ true

 ❯ src/everything.spec.ts:8:18
            </failure>
        </testcase>
        <testcase classname="src/everything.spec.ts" name="describe 66 &gt; example test 22" time="0.000013917">
        </testcase>
        <testcase classname="src/everything.spec.ts" name="describe 66 &gt; example test 23" time="0.000062292">
            <failure message="expected true to be false // Object.is equality" type="AssertionError">
AssertionError: expected true to be false // Object.is equality

- Expected
+ Received

- false
+ true

 ❯ src/everything.spec.ts:8:18
            </failure>
        </testcase>
        <testcase classname="src/everything.spec.ts" name="describe 66 &gt; example test 24" time="0.000014084">
        </testcase>
        <testcase classname="src/everything.spec.ts" name="describe 66 &gt; example test 25" time="0.000062083">
            <failure message="expected true to be false // Object.is equality" type="AssertionError">
AssertionError: expected true to be false // Object.is equality

- Expected
+ Received

- false
+ true

 ❯ src/everything.spec.ts:8:18
            </failure>
        </testcase>
        <testcase classname="src/everything.spec.ts" name="describe 66 &gt; example test 26" time="0.000014083">
        </testcase>
        <testcase classname="src/everything.spec.ts" name="describe 66 &gt; example test 27" time="0.000062458">
            <failure message="expected true to be false // Object.is equality" type="AssertionError">
AssertionError: expected true to be false // Object.is equality

- Expected
+ Received

- false
+ true

 ❯ src/everything.spec.ts:8:18
            </failure>
        </testcase>
        <testcase classname="src/everything.spec.ts" name="describe 66 &gt; example test 28" time="0.000015208">
        </testcase>
        <testcase classname="src/everything.spec.ts" name="describe 66 &gt; example test 29" time="0.000067708">
            <failure message="expected true to be false // Object.is equality" type="AssertionError">
AssertionError: expected true to be false // Object.is equality

- Expected
+ Received

- false
+ true

 ❯ src/everything.spec.ts:8:18
            </failure>
        </testcase>
        <testcase classname="src/everything.spec.ts" name="describe 66 &gt; example test 30" time="0.000013958">
        </testcase>
        <testcase classname="src/everything.spec.ts" name="describe 66 &gt; example test 31" time="0.000062375">
            <failure message="expected true to be false // Object.is equality" type="AssertionError">
AssertionError: expected true to be false // Object.is equality

- Expected
+ Received

- false
+ true

 ❯ src/everything.spec.ts:8:18
            </failure>
        </testcase>
        <testcase classname="src/everything.spec.ts" name="describe 66 &gt; example test 32" time="0.000013416">
        </testcase>
        <testcase classname="src/everything.spec.ts" name="describe 66 &gt; example test 33" time="0.000061791">
            <failure message="expected true to be false // Object.is equality" type="AssertionError">
AssertionError: expected true to be false // Object.is equality

- Expected
+ Received

- false
+ true

 ❯ src/everything.spec.ts:8:18
            </failure>
        </testcase>
        <testcase classname="src/everything.spec.ts" name="describe 66 &gt; example test 34" time="0.000013541">
        </testcase>
        <testcase classname="src/everything.spec.ts" name="describe 66 &gt; example test 35" time="0.0000645">
            <failure message="expected true to be false // Object.is equality" type="AssertionError">
AssertionError: expected true to be false // Object.is equality

- Expected
+ Received

- false
+ true

 ❯ src/everything.spec.ts:8:18
            </failure>
        </testcase>
        <testcase classname="src/everything.spec.ts" name="describe 66 &gt; example test 36" time="0.000013375">
        </testcase>
        <testcase classname="src/everything.spec.ts" name="describe 66 &gt; example test 37" time="0.000061708">
            <failure message="expected true to be false // Object.is equality" type="AssertionError">
AssertionError: expected true to be false // Object.is equality

- Expected
+ Received

- false
+ true

 ❯ src/everything.spec.ts:8:18
            </failure>
        </testcase>
        <testcase classname="src/everything.spec.ts" name="describe 66 &gt; example test 38" time="0.000013583">
        </testcase>
        <testcase classname="src/everything.spec.ts" name="describe 66 &gt; example test 39" time="0.000061333">
            <failure message="expected true to be false // Object.is equality" type="AssertionError">
AssertionError: expected true to be false // Object.is equality

- Expected
+ Received

- false
+ true

 ❯ src/everything.spec.ts:8:18
            </failure>
        </testcase>
        <testcase classname="src/everything.spec.ts" name="describe 66 &gt; example test 40" time="0.000013917">
        </testcase>
        <testcase classname="src/everything.spec.ts" name="describe 66 &gt; example test 41" time="0.000065667">
            <failure message="expected true to be false // Object.is equality" type="AssertionError">
AssertionError: expected true to be false // Object.is equality

- Expected
+ Received

- false
+ true

 ❯ src/everything.spec.ts:8:18
            </failure>
        </testcase>
        <testcase classname="src/everything.spec.ts" name="describe 66 &gt; example test 42" time="0.000013667">
        </testcase>
        <testcase classname="src/everything.spec.ts" name="describe 66 &gt; example test 43" time="0.000061375">
            <failure message="expected true to be false // Object.is equality" type="AssertionError">
AssertionError: expected true to be false // Object.is equality

- Expected
+ Received

- false
+ true

 ❯ src/everything.spec.ts:8:18
            </failure>
        </testcase>
        <testcase classname="src/everything.spec.ts" name="describe 66 &gt; example test 44" time="0.00001375">
        </testcase>
        <testcase classname="src/everything.spec.ts" name="describe 66 &gt; example test 45" time="0.000061416">
            <failure message="expected true to be false // Object.is equality" type="AssertionError">
AssertionError: expected true to be false // Object.is equality

- Expected
+ Received

- false
+ true

 ❯ src/everything.spec.ts:8:18
            </failure>
        </testcase>
        <testcase classname="src/everything.spec.ts" name="describe 66 &gt; example test 46" time="0.000013708">
        </testcase>
        <testcase classname="src/everything.spec.ts" name="describe 66 &gt; example test 47" time="0.000063542">
            <failure message="expected true to be false // Object.is equality" type="AssertionError">
AssertionError: expected true to be false // Object.is equality

- Expected
+ Received

- false
+ true

 ❯ src/everything.spec.ts:8:18
            </failure>
        </testcase>
        <testcase classname="src/everything.spec.ts" name="describe 66 &gt; example test 48" time="0.000013375">
        </testcase>
        <testcase classname="src/everything.spec.ts" name="describe 66 &gt; example test 49" time="0.000062334">
            <failure message="expected true to be false // Object.is equality" type="AssertionError">
AssertionError: expected true to be false // Object.is equality

- Expected
+ Received

- false
+ true

 ❯ src/everything.spec.ts:8:18
            </failure>
        </testcase>
        <testcase classname="src/everything.spec.ts" name="describe 66 &gt; example test 50" time="0.000014083">
        </testcase>
        <testcase classname="src/everything.spec.ts" name="describe 66 &gt; example test 51" time="0.000065209">
            <failure message="expected true to be false // Object.is equality" type="AssertionError">
AssertionError: expected true to be false // Object.is equality

- Expected
+ Received

- false
+ true

 ❯ src/everything.spec.ts:8:18
            </failure>
        </testcase>
        <testcase classname="src/everything.spec.ts" name="describe 66 &gt; example test 52" time="0.000014333">
        </testcase>
        <testcase classname="src/everything.spec.ts" name="describe 66 &gt; example test 53" time="0.000062542">
            <failure message="expected true to be false // Object.is equality" type="AssertionError">
AssertionError: expected true to be false // Object.is equality

- Expected
+ Received

- false
+ true

 ❯ src/everything.spec.ts:8:18
            </failure>
        </testcase>
        <testcase classname="src/everything.spec.ts" name="describe 66 &gt; example test 54" time="0.000013375">
        </testcase>
        <testcase classname="src/everything.spec.ts" name="describe 66 &gt; example test 55" time="0.000061542">
            <failure message="expected true to be false // Object.is equality" type="AssertionError">
AssertionError: expected true to be false // Object.is equality

- Expected
+ Received

- false
+ true

 ❯ src/everything.spec.ts:8:18
            </failure>
        </testcase>
        <testcase classname="src/everything.spec.ts" name="describe 66 &gt; example test 56" time="0.000013583">
        </testcase>
        <testcase classname="src/everything.spec.ts" name="describe 66 &gt; example test 57" time="0.000067416">
            <failure message="expected true to be false // Object.is equality" type="AssertionError">
AssertionError: expected true to be false // Object.is equality

- Expected
+ Received

- false
+ true

 ❯ src/everything.spec.ts:8:18
            </failure>
        </testcase>
        <testcase classname="src/everything.spec.ts" name="describe 66 &gt; example test 58" time="0.000013667">
        </testcase>
        <testcase classname="src/everything.spec.ts" name="describe 66 &gt; example test 59" time="0.000061416">
            <failure message="expected true to be false // Object.is equality" type="AssertionError">
AssertionError: expected true to be false // Object.is equality

- Expected
+ Received

- false
+ true

 ❯ src/everything.spec.ts:8:18
            </failure>
        </testcase>
        <testcase classname="src/everything.spec.ts" name="describe 66 &gt; example test 60" time="0.000013334">
        </testcase>
        <testcase classname="src/everything.spec.ts" name="describe 66 &gt; example test 61" time="0.000062125">
            <failure message="expected true to be false // Object.is equality" type="AssertionError">
AssertionError: expected true to be false // Object.is equality

- Expected
+ Received

- false
+ true

 ❯ src/everything.spec.ts:8:18
            </failure>
        </testcase>
        <testcase classname="src/everything.spec.ts" name="describe 66 &gt; example test 62" time="0.000016167">
        </testcase>
        <testcase classname="src/everything.spec.ts" name="describe 66 &gt; example test 63" time="0.000061542">
            <failure message="expected true to be false // Object.is equality" type="AssertionError">
AssertionError: expected true to be false // Object.is equality

- Expected
+ Received

- false
+ true

 ❯ src/everything.spec.ts:8:18
            </failure>
        </testcase>
        <testcase classname="src/everything.spec.ts" name="describe 66 &gt; example test 64" time="0.000013458">
        </testcase>
        <testcase classname="src/everything.spec.ts" name="describe 66 &gt; example test 65" time="0.000062167">
            <failure message="expected true to be false // Object.is equality" type="AssertionError">
AssertionError: expected true to be false // Object.is equality

- Expected
+ Received

- false
+ true

 ❯ src/everything.spec.ts:8:18
            </failure>
        </testcase>
        <testcase classname="src/everything.spec.ts" name="describe 66 &gt; example test 66" time="0.000013916">
        </testcase>
        <testcase classname="src/everything.spec.ts" name="describe 66 &gt; example test 67" time="0.000061167">
            <failure message="expected true to be false // Object.is equality" type="AssertionError">
AssertionError: expected true to be false // Object.is equality

- Expected
+ Received

- false
+ true

 ❯ src/everything.spec.ts:8:18
            </failure>
        </testcase>
        <testcase classname="src/everything.spec.ts" name="describe 66 &gt; example test 68" time="0.000013625">
        </testcase>
        <testcase classname="src/everything.spec.ts" name="describe 66 &gt; example test 69" time="0.000062209">
            <failure message="expected true to be false // Object.is equality" type="AssertionError">
AssertionError: expected true to be false // Object.is equality

- Expected
+ Received

- false
+ true

 ❯ src/everything.spec.ts:8:18
            </failure>
        </testcase>
        <testcase classname="src/everything.spec.ts" name="describe 66 &gt; example test 70" time="0.000014">
        </testcase>
        <testcase classname="src/everything.spec.ts" name="describe 66 &gt; example test 71" time="0.000065">
            <failure message="expected true to be false // Object.is equality" type="AssertionError">
AssertionError: expected true to be false // Object.is equality

- Expected
+ Received

- false
+ true

 ❯ src/everything.spec.ts:8:18
            </failure>
        </testcase>
        <testcase classname="src/everything.spec.ts" name="describe 66 &gt; example test 72" time="0.000013791">
        </testcase>
        <testcase classname="src/everything.spec.ts" name="describe 66 &gt; example test 73" time="0.000067209">
            <failure message="expected true to be false // Object.is equality" type="AssertionError">
AssertionError: expected true to be false // Object.is equality

- Expected
+ Received

- false
+ true

 ❯ src/everything.spec.ts:8:18
            </failure>
        </testcase>
        <testcase classname="src/everything.spec.ts" name="describe 66 &gt; example test 74" time="0.000013625">
        </testcase>
        <testcase classname="src/everything.spec.ts" name="describe 66 &gt; example test 75" time="0.000062">
            <failure message="expected true to be false // Object.is equality" type="AssertionError">
AssertionError: expected true to be false // Object.is equality

- Expected
+ Received

- false
+ true

 ❯ src/everything.spec.ts:8:18
            </failure>
        </testcase>
        <testcase classname="src/everything.spec.ts" name="describe 66 &gt; example test 76" time="0.000013333">
        </testcase>
        <testcase classname="src/everything.spec.ts" name="describe 66 &gt; example test 77" time="0.000062459">
            <failure message="expected true to be false // Object.is equality" type="AssertionError">
AssertionError: expected true to be false // Object.is equality

- Expected
+ Received

- false
+ true

 ❯ src/everything.spec.ts:8:18
            </failure>
        </testcase>
        <testcase classname="src/everything.spec.ts" name="describe 66 &gt; example test 78" time="0.000014084">
        </testcase>
        <testcase classname="src/everything.spec.ts" name="describe 66 &gt; example test 79" time="0.000063834">
            <failure message="expected true to be false // Object.is equality" type="AssertionError">
AssertionError: expected true to be false // Object.is equality

- Expected
+ Received

- false
+ true

 ❯ src/everything.spec.ts:8:18
            </failure>
        </testcase>
        <testcase classname="src/everything.spec.ts" name="describe 66 &gt; example test 80" time="0.000013667">
        </testcase>
        <testcase classname="src/everything.spec.ts" name="describe 66 &gt; example test 81" time="0.000065542">
            <failure message="expected true to be false // Object.is equality" type="AssertionError">
AssertionError: expected true to be false // Object.is equality

- Expected
+ Received

- false
+ true

 ❯ src/everything.spec.ts:8:18
            </failure>
        </testcase>
        <testcase classname="src/everything.spec.ts" name="describe 66 &gt; example test 82" time="0.0000135">
        </testcase>
        <testcase classname="src/everything.spec.ts" name="describe 66 &gt; example test 83" time="0.000064167">
            <failure message="expected true to be false // Object.is equality" type="AssertionError">
AssertionError: expected true to be false // Object.is equality

- Expected
+ Received

- false
+ true

 ❯ src/everything.spec.ts:8:18
            </failure>
        </testcase>
        <testcase classname="src/everything.spec.ts" name="describe 66 &gt; example test 84" time="0.000016125">
        </testcase>
        <testcase classname="src/everything.spec.ts" name="describe 66 &gt; example test 85" time="0.000064375">
            <failure message="expected true to be false // Object.is equality" type="AssertionError">
AssertionError: expected true to be false // Object.is equality

- Expected
+ Received

- false
+ true

 ❯ src/everything.spec.ts:8:18
            </failure>
        </testcase>
        <testcase classname="src/everything.spec.ts" name="describe 66 &gt; example test 86" time="0.0000135">
        </testcase>
        <testcase classname="src/everything.spec.ts" name="describe 66 &gt; example test 87" time="0.000061125">
            <failure message="expected true to be false // Object.is equality" type="AssertionError">
AssertionError: expected true to be false // Object.is equality

- Expected
+ Received

- false
+ true

 ❯ src/everything.spec.ts:8:18
            </failure>
        </testcase>
        <testcase classname="src/everything.spec.ts" name="describe 66 &gt; example test 88" time="0.000014">
        </testcase>
        <testcase classname="src/everything.spec.ts" name="describe 66 &gt; example test 89" time="0.000062459">
            <failure message="expected true to be false // Object.is equality" type="AssertionError">
AssertionError: expected true to be false // Object.is equality

- Expected
+ Received

- false
+ true

 ❯ src/everything.spec.ts:8:18
            </failure>
        </testcase>
        <testcase classname="src/everything.spec.ts" name="describe 66 &gt; example test 90" time="0.000013708">
        </testcase>
        <testcase classname="src/everything.spec.ts" name="describe 66 &gt; example test 91" time="0.00006425">
            <failure message="expected true to be false // Object.is equality" type="AssertionError">
AssertionError: expected true to be false // Object.is equality

- Expected
+ Received

- false
+ true

 ❯ src/everything.spec.ts:8:18
            </failure>
        </testcase>
        <testcase classname="src/everything.spec.ts" name="describe 66 &gt; example test 92" time="0.00001325">
        </testcase>
        <testcase classname="src/everything.spec.ts" name="describe 66 &gt; example test 93" time="0.000064333">
            <failure message="expected true to be false // Object.is equality" type="AssertionError">
AssertionError: expected true to be false // Object.is equality

- Expected
+ Received

- false
+ true

 ❯ src/everything.spec.ts:8:18
            </failure>
        </testcase>
        <testcase classname="src/everything.spec.ts" name="describe 66 &gt; example test 94" time="0.000018583">
        </testcase>
        <testcase classname="src/everything.spec.ts" name="describe 66 &gt; example test 95" time="0.000060958">
            <failure message="expected true to be false // Object.is equality" type="AssertionError">
AssertionError: expected true to be false // Object.is equality

- Expected
+ Received

- false
+ true

 ❯ src/everything.spec.ts:8:18
            </failure>
        </testcase>
        <testcase classname="src/everything.spec.ts" name="describe 66 &gt; example test 96" time="0.000013916">
        </testcase>
        <testcase classname="src/everything.spec.ts" name="describe 66 &gt; example test 97" time="0.000062">
            <failure message="expected true to be false // Object.is equality" type="AssertionError">
AssertionError: expected true to be false // Object.is equality

- Expected
+ Received

- false
+ true

 ❯ src/everything.spec.ts:8:18
            </failure>
        </testcase>
        <testcase classname="src/everything.spec.ts" name="describe 66 &gt; example test 98" time="0.00001375">
        </testcase>
        <testcase classname="src/everything.spec.ts" name="describe 66 &gt; example test 99" time="0.000060875">
            <failure message="expected true to be false // Object.is equality" type="AssertionError">
AssertionError: expected true to be false // Object.is equality

- Expected
+ Received

- false
+ true

 ❯ src/everything.spec.ts:8:18
            </failure>
        </testcase>
        <testcase classname="src/everything.spec.ts" name="describe 66 &gt; example test 100" time="0.000017584">
        </testcase>
        <testcase classname="src/everything.spec.ts" name="describe 67 &gt; example test 1" time="0.000063958">
            <failure message="expected true to be false // Object.is equality" type="AssertionError">
AssertionError: expected true to be false // Object.is equality

- Expected
+ Received

- false
+ true

 ❯ src/everything.spec.ts:8:18
            </failure>
        </testcase>
        <testcase classname="src/everything.spec.ts" name="describe 67 &gt; example test 2" time="0.000013958">
        </testcase>
        <testcase classname="src/everything.spec.ts" name="describe 67 &gt; example test 3" time="0.00006225">
            <failure message="expected true to be false // Object.is equality" type="AssertionError">
AssertionError: expected true to be false // Object.is equality

- Expected
+ Received

- false
+ true

 ❯ src/everything.spec.ts:8:18
            </failure>
        </testcase>
        <testcase classname="src/everything.spec.ts" name="describe 67 &gt; example test 4" time="0.000014125">
        </testcase>
        <testcase classname="src/everything.spec.ts" name="describe 67 &gt; example test 5" time="0.000063042">
            <failure message="expected true to be false // Object.is equality" type="AssertionError">
AssertionError: expected true to be false // Object.is equality

- Expected
+ Received

- false
+ true

 ❯ src/everything.spec.ts:8:18
            </failure>
        </testcase>
        <testcase classname="src/everything.spec.ts" name="describe 67 &gt; example test 6" time="0.00001375">
        </testcase>
        <testcase classname="src/everything.spec.ts" name="describe 67 &gt; example test 7" time="0.000062625">
            <failure message="expected true to be false // Object.is equality" type="AssertionError">
AssertionError: expected true to be false // Object.is equality

- Expected
+ Received

- false
+ true

 ❯ src/everything.spec.ts:8:18
            </failure>
        </testcase>
        <testcase classname="src/everything.spec.ts" name="describe 67 &gt; example test 8" time="0.000014084">
        </testcase>
        <testcase classname="src/everything.spec.ts" name="describe 67 &gt; example test 9" time="0.0000645">
            <failure message="expected true to be false // Object.is equality" type="AssertionError">
AssertionError: expected true to be false // Object.is equality

- Expected
+ Received

- false
+ true

 ❯ src/everything.spec.ts:8:18
            </failure>
        </testcase>
        <testcase classname="src/everything.spec.ts" name="describe 67 &gt; example test 10" time="0.000013916">
        </testcase>
        <testcase classname="src/everything.spec.ts" name="describe 67 &gt; example test 11" time="0.000062292">
            <failure message="expected true to be false // Object.is equality" type="AssertionError">
AssertionError: expected true to be false // Object.is equality

- Expected
+ Received

- false
+ true

 ❯ src/everything.spec.ts:8:18
            </failure>
        </testcase>
        <testcase classname="src/everything.spec.ts" name="describe 67 &gt; example test 12" time="0.00001725">
        </testcase>
        <testcase classname="src/everything.spec.ts" name="describe 67 &gt; example test 13" time="0.024653667">
            <failure message="expected true to be false // Object.is equality" type="AssertionError">
AssertionError: expected true to be false // Object.is equality

- Expected
+ Received

- false
+ true

 ❯ src/everything.spec.ts:8:18
            </failure>
        </testcase>
        <testcase classname="src/everything.spec.ts" name="describe 67 &gt; example test 14" time="0.000049958">
        </testcase>
        <testcase classname="src/everything.spec.ts" name="describe 67 &gt; example test 15" time="0.000157958">
            <failure message="expected true to be false // Object.is equality" type="AssertionError">
AssertionError: expected true to be false // Object.is equality

- Expected
+ Received

- false
+ true

 ❯ src/everything.spec.ts:8:18
            </failure>
        </testcase>
        <testcase classname="src/everything.spec.ts" name="describe 67 &gt; example test 16" time="0.000016125">
        </testcase>
        <testcase classname="src/everything.spec.ts" name="describe 67 &gt; example test 17" time="0.000073291">
            <failure message="expected true to be false // Object.is equality" type="AssertionError">
AssertionError: expected true to be false // Object.is equality

- Expected
+ Received

- false
+ true

 ❯ src/everything.spec.ts:8:18
            </failure>
        </testcase>
        <testcase classname="src/everything.spec.ts" name="describe 67 &gt; example test 18" time="0.000016083">
        </testcase>
        <testcase classname="src/everything.spec.ts" name="describe 67 &gt; example test 19" time="0.000073083">
            <failure message="expected true to be false // Object.is equality" type="AssertionError">
AssertionError: expected true to be false // Object.is equality

- Expected
+ Received

- false
+ true

 ❯ src/everything.spec.ts:8:18
            </failure>
        </testcase>
        <testcase classname="src/everything.spec.ts" name="describe 67 &gt; example test 20" time="0.000015416">
        </testcase>
        <testcase classname="src/everything.spec.ts" name="describe 67 &gt; example test 21" time="0.000071792">
            <failure message="expected true to be false // Object.is equality" type="AssertionError">
AssertionError: expected true to be false // Object.is equality

- Expected
+ Received

- false
+ true

 ❯ src/everything.spec.ts:8:18
            </failure>
        </testcase>
        <testcase classname="src/everything.spec.ts" name="describe 67 &gt; example test 22" time="0.000014459">
        </testcase>
        <testcase classname="src/everything.spec.ts" name="describe 67 &gt; example test 23" time="0.00006525">
            <failure message="expected true to be false // Object.is equality" type="AssertionError">
AssertionError: expected true to be false // Object.is equality

- Expected
+ Received

- false
+ true

 ❯ src/everything.spec.ts:8:18
            </failure>
        </testcase>
        <testcase classname="src/everything.spec.ts" name="describe 67 &gt; example test 24" time="0.000014375">
        </testcase>
        <testcase classname="src/everything.spec.ts" name="describe 67 &gt; example test 25" time="0.000064">
            <failure message="expected true to be false // Object.is equality" type="AssertionError">
AssertionError: expected true to be false // Object.is equality

- Expected
+ Received

- false
+ true

 ❯ src/everything.spec.ts:8:18
            </failure>
        </testcase>
        <testcase classname="src/everything.spec.ts" name="describe 67 &gt; example test 26" time="0.000014292">
        </testcase>
        <testcase classname="src/everything.spec.ts" name="describe 67 &gt; example test 27" time="0.000070625">
            <failure message="expected true to be false // Object.is equality" type="AssertionError">
AssertionError: expected true to be false // Object.is equality

- Expected
+ Received

- false
+ true

 ❯ src/everything.spec.ts:8:18
            </failure>
        </testcase>
        <testcase classname="src/everything.spec.ts" name="describe 67 &gt; example test 28" time="0.000014625">
        </testcase>
        <testcase classname="src/everything.spec.ts" name="describe 67 &gt; example test 29" time="0.000067167">
            <failure message="expected true to be false // Object.is equality" type="AssertionError">
AssertionError: expected true to be false // Object.is equality

- Expected
+ Received

- false
+ true

 ❯ src/everything.spec.ts:8:18
            </failure>
        </testcase>
        <testcase classname="src/everything.spec.ts" name="describe 67 &gt; example test 30" time="0.000014">
        </testcase>
        <testcase classname="src/everything.spec.ts" name="describe 67 &gt; example test 31" time="0.000064">
            <failure message="expected true to be false // Object.is equality" type="AssertionError">
AssertionError: expected true to be false // Object.is equality

- Expected
+ Received

- false
+ true

 ❯ src/everything.spec.ts:8:18
            </failure>
        </testcase>
        <testcase classname="src/everything.spec.ts" name="describe 67 &gt; example test 32" time="0.000013792">
        </testcase>
        <testcase classname="src/everything.spec.ts" name="describe 67 &gt; example test 33" time="0.000062333">
            <failure message="expected true to be false // Object.is equality" type="AssertionError">
AssertionError: expected true to be false // Object.is equality

- Expected
+ Received

- false
+ true

 ❯ src/everything.spec.ts:8:18
            </failure>
        </testcase>
        <testcase classname="src/everything.spec.ts" name="describe 67 &gt; example test 34" time="0.000014208">
        </testcase>
        <testcase classname="src/everything.spec.ts" name="describe 67 &gt; example test 35" time="0.000062917">
            <failure message="expected true to be false // Object.is equality" type="AssertionError">
AssertionError: expected true to be false // Object.is equality

- Expected
+ Received

- false
+ true

 ❯ src/everything.spec.ts:8:18
            </failure>
        </testcase>
        <testcase classname="src/everything.spec.ts" name="describe 67 &gt; example test 36" time="0.000013792">
        </testcase>
        <testcase classname="src/everything.spec.ts" name="describe 67 &gt; example test 37" time="0.000062125">
            <failure message="expected true to be false // Object.is equality" type="AssertionError">
AssertionError: expected true to be false // Object.is equality

- Expected
+ Received

- false
+ true

 ❯ src/everything.spec.ts:8:18
            </failure>
        </testcase>
        <testcase classname="src/everything.spec.ts" name="describe 67 &gt; example test 38" time="0.000013833">
        </testcase>
        <testcase classname="src/everything.spec.ts" name="describe 67 &gt; example test 39" time="0.000063292">
            <failure message="expected true to be false // Object.is equality" type="AssertionError">
AssertionError: expected true to be false // Object.is equality

- Expected
+ Received

- false
+ true

 ❯ src/everything.spec.ts:8:18
            </failure>
        </testcase>
        <testcase classname="src/everything.spec.ts" name="describe 67 &gt; example test 40" time="0.000014042">
        </testcase>
        <testcase classname="src/everything.spec.ts" name="describe 67 &gt; example test 41" time="0.000062417">
            <failure message="expected true to be false // Object.is equality" type="AssertionError">
AssertionError: expected true to be false // Object.is equality

- Expected
+ Received

- false
+ true

 ❯ src/everything.spec.ts:8:18
            </failure>
        </testcase>
        <testcase classname="src/everything.spec.ts" name="describe 67 &gt; example test 42" time="0.000014209">
        </testcase>
        <testcase classname="src/everything.spec.ts" name="describe 67 &gt; example test 43" time="0.000062833">
            <failure message="expected true to be false // Object.is equality" type="AssertionError">
AssertionError: expected true to be false // Object.is equality

- Expected
+ Received

- false
+ true

 ❯ src/everything.spec.ts:8:18
            </failure>
        </testcase>
        <testcase classname="src/everything.spec.ts" name="describe 67 &gt; example test 44" time="0.000014084">
        </testcase>
        <testcase classname="src/everything.spec.ts" name="describe 67 &gt; example test 45" time="0.000065333">
            <failure message="expected true to be false // Object.is equality" type="AssertionError">
AssertionError: expected true to be false // Object.is equality

- Expected
+ Received

- false
+ true

 ❯ src/everything.spec.ts:8:18
            </failure>
        </testcase>
        <testcase classname="src/everything.spec.ts" name="describe 67 &gt; example test 46" time="0.000013792">
        </testcase>
        <testcase classname="src/everything.spec.ts" name="describe 67 &gt; example test 47" time="0.000062417">
            <failure message="expected true to be false // Object.is equality" type="AssertionError">
AssertionError: expected true to be false // Object.is equality

- Expected
+ Received

- false
+ true

 ❯ src/everything.spec.ts:8:18
            </failure>
        </testcase>
        <testcase classname="src/everything.spec.ts" name="describe 67 &gt; example test 48" time="0.000013958">
        </testcase>
        <testcase classname="src/everything.spec.ts" name="describe 67 &gt; example test 49" time="0.000061916">
            <failure message="expected true to be false // Object.is equality" type="AssertionError">
AssertionError: expected true to be false // Object.is equality

- Expected
+ Received

- false
+ true

 ❯ src/everything.spec.ts:8:18
            </failure>
        </testcase>
        <testcase classname="src/everything.spec.ts" name="describe 67 &gt; example test 50" time="0.000014167">
        </testcase>
        <testcase classname="src/everything.spec.ts" name="describe 67 &gt; example test 51" time="0.000064208">
            <failure message="expected true to be false // Object.is equality" type="AssertionError">
AssertionError: expected true to be false // Object.is equality

- Expected
+ Received

- false
+ true

 ❯ src/everything.spec.ts:8:18
            </failure>
        </testcase>
        <testcase classname="src/everything.spec.ts" name="describe 67 &gt; example test 52" time="0.000013875">
        </testcase>
        <testcase classname="src/everything.spec.ts" name="describe 67 &gt; example test 53" time="0.000062334">
            <failure message="expected true to be false // Object.is equality" type="AssertionError">
AssertionError: expected true to be false // Object.is equality

- Expected
+ Received

- false
+ true

 ❯ src/everything.spec.ts:8:18
            </failure>
        </testcase>
        <testcase classname="src/everything.spec.ts" name="describe 67 &gt; example test 54" time="0.000014292">
        </testcase>
        <testcase classname="src/everything.spec.ts" name="describe 67 &gt; example test 55" time="0.0000625">
            <failure message="expected true to be false // Object.is equality" type="AssertionError">
AssertionError: expected true to be false // Object.is equality

- Expected
+ Received

- false
+ true

 ❯ src/everything.spec.ts:8:18
            </failure>
        </testcase>
        <testcase classname="src/everything.spec.ts" name="describe 67 &gt; example test 56" time="0.000013875">
        </testcase>
        <testcase classname="src/everything.spec.ts" name="describe 67 &gt; example test 57" time="0.000064625">
            <failure message="expected true to be false // Object.is equality" type="AssertionError">
AssertionError: expected true to be false // Object.is equality

- Expected
+ Received

- false
+ true

 ❯ src/everything.spec.ts:8:18
            </failure>
        </testcase>
        <testcase classname="src/everything.spec.ts" name="describe 67 &gt; example test 58" time="0.000014791">
        </testcase>
        <testcase classname="src/everything.spec.ts" name="describe 67 &gt; example test 59" time="0.00006725">
            <failure message="expected true to be false // Object.is equality" type="AssertionError">
AssertionError: expected true to be false // Object.is equality

- Expected
+ Received

- false
+ true

 ❯ src/everything.spec.ts:8:18
            </failure>
        </testcase>
        <testcase classname="src/everything.spec.ts" name="describe 67 &gt; example test 60" time="0.00001475">
        </testcase>
        <testcase classname="src/everything.spec.ts" name="describe 67 &gt; example test 61" time="0.000062">
            <failure message="expected true to be false // Object.is equality" type="AssertionError">
AssertionError: expected true to be false // Object.is equality

- Expected
+ Received

- false
+ true

 ❯ src/everything.spec.ts:8:18
            </failure>
        </testcase>
        <testcase classname="src/everything.spec.ts" name="describe 67 &gt; example test 62" time="0.000014708">
        </testcase>
        <testcase classname="src/everything.spec.ts" name="describe 67 &gt; example test 63" time="0.000062459">
            <failure message="expected true to be false // Object.is equality" type="AssertionError">
AssertionError: expected true to be false // Object.is equality

- Expected
+ Received

- false
+ true

 ❯ src/everything.spec.ts:8:18
            </failure>
        </testcase>
        <testcase classname="src/everything.spec.ts" name="describe 67 &gt; example test 64" time="0.000013625">
        </testcase>
        <testcase classname="src/everything.spec.ts" name="describe 67 &gt; example test 65" time="0.000061708">
            <failure message="expected true to be false // Object.is equality" type="AssertionError">
AssertionError: expected true to be false // Object.is equality

- Expected
+ Received

- false
+ true

 ❯ src/everything.spec.ts:8:18
            </failure>
        </testcase>
        <testcase classname="src/everything.spec.ts" name="describe 67 &gt; example test 66" time="0.000014625">
        </testcase>
        <testcase classname="src/everything.spec.ts" name="describe 67 &gt; example test 67" time="0.000061916">
            <failure message="expected true to be false // Object.is equality" type="AssertionError">
AssertionError: expected true to be false // Object.is equality

- Expected
+ Received

- false
+ true

 ❯ src/everything.spec.ts:8:18
            </failure>
        </testcase>
        <testcase classname="src/everything.spec.ts" name="describe 67 &gt; example test 68" time="0.000013875">
        </testcase>
        <testcase classname="src/everything.spec.ts" name="describe 67 &gt; example test 69" time="0.000062208">
            <failure message="expected true to be false // Object.is equality" type="AssertionError">
AssertionError: expected true to be false // Object.is equality

- Expected
+ Received

- false
+ true

 ❯ src/everything.spec.ts:8:18
            </failure>
        </testcase>
        <testcase classname="src/everything.spec.ts" name="describe 67 &gt; example test 70" time="0.000013916">
        </testcase>
        <testcase classname="src/everything.spec.ts" name="describe 67 &gt; example test 71" time="0.000061083">
            <failure message="expected true to be false // Object.is equality" type="AssertionError">
AssertionError: expected true to be false // Object.is equality

- Expected
+ Received

- false
+ true

 ❯ src/everything.spec.ts:8:18
            </failure>
        </testcase>
        <testcase classname="src/everything.spec.ts" name="describe 67 &gt; example test 72" time="0.000013625">
        </testcase>
        <testcase classname="src/everything.spec.ts" name="describe 67 &gt; example test 73" time="0.000062833">
            <failure message="expected true to be false // Object.is equality" type="AssertionError">
AssertionError: expected true to be false // Object.is equality

- Expected
+ Received

- false
+ true

 ❯ src/everything.spec.ts:8:18
            </failure>
        </testcase>
        <testcase classname="src/everything.spec.ts" name="describe 67 &gt; example test 74" time="0.000013833">
        </testcase>
        <testcase classname="src/everything.spec.ts" name="describe 67 &gt; example test 75" time="0.000063417">
            <failure message="expected true to be false // Object.is equality" type="AssertionError">
AssertionError: expected true to be false // Object.is equality

- Expected
+ Received

- false
+ true

 ❯ src/everything.spec.ts:8:18
            </failure>
        </testcase>
        <testcase classname="src/everything.spec.ts" name="describe 67 &gt; example test 76" time="0.000014125">
        </testcase>
        <testcase classname="src/everything.spec.ts" name="describe 67 &gt; example test 77" time="0.000069375">
            <failure message="expected true to be false // Object.is equality" type="AssertionError">
AssertionError: expected true to be false // Object.is equality

- Expected
+ Received

- false
+ true

 ❯ src/everything.spec.ts:8:18
            </failure>
        </testcase>
        <testcase classname="src/everything.spec.ts" name="describe 67 &gt; example test 78" time="0.000014458">
        </testcase>
        <testcase classname="src/everything.spec.ts" name="describe 67 &gt; example test 79" time="0.000062542">
            <failure message="expected true to be false // Object.is equality" type="AssertionError">
AssertionError: expected true to be false // Object.is equality

- Expected
+ Received

- false
+ true

 ❯ src/everything.spec.ts:8:18
            </failure>
        </testcase>
        <testcase classname="src/everything.spec.ts" name="describe 67 &gt; example test 80" time="0.000013959">
        </testcase>
        <testcase classname="src/everything.spec.ts" name="describe 67 &gt; example test 81" time="0.000067416">
            <failure message="expected true to be false // Object.is equality" type="AssertionError">
AssertionError: expected true to be false // Object.is equality

- Expected
+ Received

- false
+ true

 ❯ src/everything.spec.ts:8:18
            </failure>
        </testcase>
        <testcase classname="src/everything.spec.ts" name="describe 67 &gt; example test 82" time="0.00001475">
        </testcase>
        <testcase classname="src/everything.spec.ts" name="describe 67 &gt; example test 83" time="0.00006425">
            <failure message="expected true to be false // Object.is equality" type="AssertionError">
AssertionError: expected true to be false // Object.is equality

- Expected
+ Received

- false
+ true

 ❯ src/everything.spec.ts:8:18
            </failure>
        </testcase>
        <testcase classname="src/everything.spec.ts" name="describe 67 &gt; example test 84" time="0.000013667">
        </testcase>
        <testcase classname="src/everything.spec.ts" name="describe 67 &gt; example test 85" time="0.000062833">
            <failure message="expected true to be false // Object.is equality" type="AssertionError">
AssertionError: expected true to be false // Object.is equality

- Expected
+ Received

- false
+ true

 ❯ src/everything.spec.ts:8:18
            </failure>
        </testcase>
        <testcase classname="src/everything.spec.ts" name="describe 67 &gt; example test 86" time="0.000013291">
        </testcase>
        <testcase classname="src/everything.spec.ts" name="describe 67 &gt; example test 87" time="0.000062375">
            <failure message="expected true to be false // Object.is equality" type="AssertionError">
AssertionError: expected true to be false // Object.is equality

- Expected
+ Received

- false
+ true

 ❯ src/everything.spec.ts:8:18
            </failure>
        </testcase>
        <testcase classname="src/everything.spec.ts" name="describe 67 &gt; example test 88" time="0.000013417">
        </testcase>
        <testcase classname="src/everything.spec.ts" name="describe 67 &gt; example test 89" time="0.000062917">
            <failure message="expected true to be false // Object.is equality" type="AssertionError">
AssertionError: expected true to be false // Object.is equality

- Expected
+ Received

- false
+ true

 ❯ src/everything.spec.ts:8:18
            </failure>
        </testcase>
        <testcase classname="src/everything.spec.ts" name="describe 67 &gt; example test 90" time="0.000014084">
        </testcase>
        <testcase classname="src/everything.spec.ts" name="describe 67 &gt; example test 91" time="0.00006175">
            <failure message="expected true to be false // Object.is equality" type="AssertionError">
AssertionError: expected true to be false // Object.is equality

- Expected
+ Received

- false
+ true

 ❯ src/everything.spec.ts:8:18
            </failure>
        </testcase>
        <testcase classname="src/everything.spec.ts" name="describe 67 &gt; example test 92" time="0.000013959">
        </testcase>
        <testcase classname="src/everything.spec.ts" name="describe 67 &gt; example test 93" time="0.000062875">
            <failure message="expected true to be false // Object.is equality" type="AssertionError">
AssertionError: expected true to be false // Object.is equality

- Expected
+ Received

- false
+ true

 ❯ src/everything.spec.ts:8:18
            </failure>
        </testcase>
        <testcase classname="src/everything.spec.ts" name="describe 67 &gt; example test 94" time="0.000013667">
        </testcase>
        <testcase classname="src/everything.spec.ts" name="describe 67 &gt; example test 95" time="0.000061792">
            <failure message="expected true to be false // Object.is equality" type="AssertionError">
AssertionError: expected true to be false // Object.is equality

- Expected
+ Received

- false
+ true

 ❯ src/everything.spec.ts:8:18
            </failure>
        </testcase>
        <testcase classname="src/everything.spec.ts" name="describe 67 &gt; example test 96" time="0.000013958">
        </testcase>
        <testcase classname="src/everything.spec.ts" name="describe 67 &gt; example test 97" time="0.000062458">
            <failure message="expected true to be false // Object.is equality" type="AssertionError">
AssertionError: expected true to be false // Object.is equality

- Expected
+ Received

- false
+ true

 ❯ src/everything.spec.ts:8:18
            </failure>
        </testcase>
        <testcase classname="src/everything.spec.ts" name="describe 67 &gt; example test 98" time="0.000013667">
        </testcase>
        <testcase classname="src/everything.spec.ts" name="describe 67 &gt; example test 99" time="0.0000615">
            <failure message="expected true to be false // Object.is equality" type="AssertionError">
AssertionError: expected true to be false // Object.is equality

- Expected
+ Received

- false
+ true

 ❯ src/everything.spec.ts:8:18
            </failure>
        </testcase>
        <testcase classname="src/everything.spec.ts" name="describe 67 &gt; example test 100" time="0.000013875">
        </testcase>
        <testcase classname="src/everything.spec.ts" name="describe 68 &gt; example test 1" time="0.000066333">
            <failure message="expected true to be false // Object.is equality" type="AssertionError">
AssertionError: expected true to be false // Object.is equality

- Expected
+ Received

- false
+ true

 ❯ src/everything.spec.ts:8:18
            </failure>
        </testcase>
        <testcase classname="src/everything.spec.ts" name="describe 68 &gt; example test 2" time="0.000013791">
        </testcase>
        <testcase classname="src/everything.spec.ts" name="describe 68 &gt; example test 3" time="0.000062042">
            <failure message="expected true to be false // Object.is equality" type="AssertionError">
AssertionError: expected true to be false // Object.is equality

- Expected
+ Received

- false
+ true

 ❯ src/everything.spec.ts:8:18
            </failure>
        </testcase>
        <testcase classname="src/everything.spec.ts" name="describe 68 &gt; example test 4" time="0.000013708">
        </testcase>
        <testcase classname="src/everything.spec.ts" name="describe 68 &gt; example test 5" time="0.00006275">
            <failure message="expected true to be false // Object.is equality" type="AssertionError">
AssertionError: expected true to be false // Object.is equality

- Expected
+ Received

- false
+ true

 ❯ src/everything.spec.ts:8:18
            </failure>
        </testcase>
        <testcase classname="src/everything.spec.ts" name="describe 68 &gt; example test 6" time="0.0000135">
        </testcase>
        <testcase classname="src/everything.spec.ts" name="describe 68 &gt; example test 7" time="0.000061375">
            <failure message="expected true to be false // Object.is equality" type="AssertionError">
AssertionError: expected true to be false // Object.is equality

- Expected
+ Received

- false
+ true

 ❯ src/everything.spec.ts:8:18
            </failure>
        </testcase>
        <testcase classname="src/everything.spec.ts" name="describe 68 &gt; example test 8" time="0.000014208">
        </testcase>
        <testcase classname="src/everything.spec.ts" name="describe 68 &gt; example test 9" time="0.0000625">
            <failure message="expected true to be false // Object.is equality" type="AssertionError">
AssertionError: expected true to be false // Object.is equality

- Expected
+ Received

- false
+ true

 ❯ src/everything.spec.ts:8:18
            </failure>
        </testcase>
        <testcase classname="src/everything.spec.ts" name="describe 68 &gt; example test 10" time="0.000013916">
        </testcase>
        <testcase classname="src/everything.spec.ts" name="describe 68 &gt; example test 11" time="0.0000615">
            <failure message="expected true to be false // Object.is equality" type="AssertionError">
AssertionError: expected true to be false // Object.is equality

- Expected
+ Received

- false
+ true

 ❯ src/everything.spec.ts:8:18
            </failure>
        </testcase>
        <testcase classname="src/everything.spec.ts" name="describe 68 &gt; example test 12" time="0.00001375">
        </testcase>
        <testcase classname="src/everything.spec.ts" name="describe 68 &gt; example test 13" time="0.000062417">
            <failure message="expected true to be false // Object.is equality" type="AssertionError">
AssertionError: expected true to be false // Object.is equality

- Expected
+ Received

- false
+ true

 ❯ src/everything.spec.ts:8:18
            </failure>
        </testcase>
        <testcase classname="src/everything.spec.ts" name="describe 68 &gt; example test 14" time="0.000013625">
        </testcase>
        <testcase classname="src/everything.spec.ts" name="describe 68 &gt; example test 15" time="0.00006275">
            <failure message="expected true to be false // Object.is equality" type="AssertionError">
AssertionError: expected true to be false // Object.is equality

- Expected
+ Received

- false
+ true

 ❯ src/everything.spec.ts:8:18
            </failure>
        </testcase>
        <testcase classname="src/everything.spec.ts" name="describe 68 &gt; example test 16" time="0.000013917">
        </testcase>
        <testcase classname="src/everything.spec.ts" name="describe 68 &gt; example test 17" time="0.0000625">
            <failure message="expected true to be false // Object.is equality" type="AssertionError">
AssertionError: expected true to be false // Object.is equality

- Expected
+ Received

- false
+ true

 ❯ src/everything.spec.ts:8:18
            </failure>
        </testcase>
        <testcase classname="src/everything.spec.ts" name="describe 68 &gt; example test 18" time="0.000013875">
        </testcase>
        <testcase classname="src/everything.spec.ts" name="describe 68 &gt; example test 19" time="0.000061916">
            <failure message="expected true to be false // Object.is equality" type="AssertionError">
AssertionError: expected true to be false // Object.is equality

- Expected
+ Received

- false
+ true

 ❯ src/everything.spec.ts:8:18
            </failure>
        </testcase>
        <testcase classname="src/everything.spec.ts" name="describe 68 &gt; example test 20" time="0.000013583">
        </testcase>
        <testcase classname="src/everything.spec.ts" name="describe 68 &gt; example test 21" time="0.000062417">
            <failure message="expected true to be false // Object.is equality" type="AssertionError">
AssertionError: expected true to be false // Object.is equality

- Expected
+ Received

- false
+ true

 ❯ src/everything.spec.ts:8:18
            </failure>
        </testcase>
        <testcase classname="src/everything.spec.ts" name="describe 68 &gt; example test 22" time="0.0000135">
        </testcase>
        <testcase classname="src/everything.spec.ts" name="describe 68 &gt; example test 23" time="0.000062">
            <failure message="expected true to be false // Object.is equality" type="AssertionError">
AssertionError: expected true to be false // Object.is equality

- Expected
+ Received

- false
+ true

 ❯ src/everything.spec.ts:8:18
            </failure>
        </testcase>
        <testcase classname="src/everything.spec.ts" name="describe 68 &gt; example test 24" time="0.000013375">
        </testcase>
        <testcase classname="src/everything.spec.ts" name="describe 68 &gt; example test 25" time="0.000062958">
            <failure message="expected true to be false // Object.is equality" type="AssertionError">
AssertionError: expected true to be false // Object.is equality

- Expected
+ Received

- false
+ true

 ❯ src/everything.spec.ts:8:18
            </failure>
        </testcase>
        <testcase classname="src/everything.spec.ts" name="describe 68 &gt; example test 26" time="0.00001375">
        </testcase>
        <testcase classname="src/everything.spec.ts" name="describe 68 &gt; example test 27" time="0.000062208">
            <failure message="expected true to be false // Object.is equality" type="AssertionError">
AssertionError: expected true to be false // Object.is equality

- Expected
+ Received

- false
+ true

 ❯ src/everything.spec.ts:8:18
            </failure>
        </testcase>
        <testcase classname="src/everything.spec.ts" name="describe 68 &gt; example test 28" time="0.000013542">
        </testcase>
        <testcase classname="src/everything.spec.ts" name="describe 68 &gt; example test 29" time="0.000062291">
            <failure message="expected true to be false // Object.is equality" type="AssertionError">
AssertionError: expected true to be false // Object.is equality

- Expected
+ Received

- false
+ true

 ❯ src/everything.spec.ts:8:18
            </failure>
        </testcase>
        <testcase classname="src/everything.spec.ts" name="describe 68 &gt; example test 30" time="0.000013916">
        </testcase>
        <testcase classname="src/everything.spec.ts" name="describe 68 &gt; example test 31" time="0.000062">
            <failure message="expected true to be false // Object.is equality" type="AssertionError">
AssertionError: expected true to be false // Object.is equality

- Expected
+ Received

- false
+ true

 ❯ src/everything.spec.ts:8:18
            </failure>
        </testcase>
        <testcase classname="src/everything.spec.ts" name="describe 68 &gt; example test 32" time="0.000013375">
        </testcase>
        <testcase classname="src/everything.spec.ts" name="describe 68 &gt; example test 33" time="0.000062709">
            <failure message="expected true to be false // Object.is equality" type="AssertionError">
AssertionError: expected true to be false // Object.is equality

- Expected
+ Received

- false
+ true

 ❯ src/everything.spec.ts:8:18
            </failure>
        </testcase>
        <testcase classname="src/everything.spec.ts" name="describe 68 &gt; example test 34" time="0.000014208">
        </testcase>
        <testcase classname="src/everything.spec.ts" name="describe 68 &gt; example test 35" time="0.000061667">
            <failure message="expected true to be false // Object.is equality" type="AssertionError">
AssertionError: expected true to be false // Object.is equality

- Expected
+ Received

- false
+ true

 ❯ src/everything.spec.ts:8:18
            </failure>
        </testcase>
        <testcase classname="src/everything.spec.ts" name="describe 68 &gt; example test 36" time="0.000014041">
        </testcase>
        <testcase classname="src/everything.spec.ts" name="describe 68 &gt; example test 37" time="0.000062541">
            <failure message="expected true to be false // Object.is equality" type="AssertionError">
AssertionError: expected true to be false // Object.is equality

- Expected
+ Received

- false
+ true

 ❯ src/everything.spec.ts:8:18
            </failure>
        </testcase>
        <testcase classname="src/everything.spec.ts" name="describe 68 &gt; example test 38" time="0.000013709">
        </testcase>
        <testcase classname="src/everything.spec.ts" name="describe 68 &gt; example test 39" time="0.000064292">
            <failure message="expected true to be false // Object.is equality" type="AssertionError">
AssertionError: expected true to be false // Object.is equality

- Expected
+ Received

- false
+ true

 ❯ src/everything.spec.ts:8:18
            </failure>
        </testcase>
        <testcase classname="src/everything.spec.ts" name="describe 68 &gt; example test 40" time="0.000013917">
        </testcase>
        <testcase classname="src/everything.spec.ts" name="describe 68 &gt; example test 41" time="0.000064709">
            <failure message="expected true to be false // Object.is equality" type="AssertionError">
AssertionError: expected true to be false // Object.is equality

- Expected
+ Received

- false
+ true

 ❯ src/everything.spec.ts:8:18
            </failure>
        </testcase>
        <testcase classname="src/everything.spec.ts" name="describe 68 &gt; example test 42" time="0.000013625">
        </testcase>
        <testcase classname="src/everything.spec.ts" name="describe 68 &gt; example test 43" time="0.000061708">
            <failure message="expected true to be false // Object.is equality" type="AssertionError">
AssertionError: expected true to be false // Object.is equality

- Expected
+ Received

- false
+ true

 ❯ src/everything.spec.ts:8:18
            </failure>
        </testcase>
        <testcase classname="src/everything.spec.ts" name="describe 68 &gt; example test 44" time="0.000013709">
        </testcase>
        <testcase classname="src/everything.spec.ts" name="describe 68 &gt; example test 45" time="0.000061833">
            <failure message="expected true to be false // Object.is equality" type="AssertionError">
AssertionError: expected true to be false // Object.is equality

- Expected
+ Received

- false
+ true

 ❯ src/everything.spec.ts:8:18
            </failure>
        </testcase>
        <testcase classname="src/everything.spec.ts" name="describe 68 &gt; example test 46" time="0.000013791">
        </testcase>
        <testcase classname="src/everything.spec.ts" name="describe 68 &gt; example test 47" time="0.000061708">
            <failure message="expected true to be false // Object.is equality" type="AssertionError">
AssertionError: expected true to be false // Object.is equality

- Expected
+ Received

- false
+ true

 ❯ src/everything.spec.ts:8:18
            </failure>
        </testcase>
        <testcase classname="src/everything.spec.ts" name="describe 68 &gt; example test 48" time="0.000013875">
        </testcase>
        <testcase classname="src/everything.spec.ts" name="describe 68 &gt; example test 49" time="0.0000625">
            <failure message="expected true to be false // Object.is equality" type="AssertionError">
AssertionError: expected true to be false // Object.is equality

- Expected
+ Received

- false
+ true

 ❯ src/everything.spec.ts:8:18
            </failure>
        </testcase>
        <testcase classname="src/everything.spec.ts" name="describe 68 &gt; example test 50" time="0.000014">
        </testcase>
        <testcase classname="src/everything.spec.ts" name="describe 68 &gt; example test 51" time="0.000061333">
            <failure message="expected true to be false // Object.is equality" type="AssertionError">
AssertionError: expected true to be false // Object.is equality

- Expected
+ Received

- false
+ true

 ❯ src/everything.spec.ts:8:18
            </failure>
        </testcase>
        <testcase classname="src/everything.spec.ts" name="describe 68 &gt; example test 52" time="0.000013666">
        </testcase>
        <testcase classname="src/everything.spec.ts" name="describe 68 &gt; example test 53" time="0.000062209">
            <failure message="expected true to be false // Object.is equality" type="AssertionError">
AssertionError: expected true to be false // Object.is equality

- Expected
+ Received

- false
+ true

 ❯ src/everything.spec.ts:8:18
            </failure>
        </testcase>
        <testcase classname="src/everything.spec.ts" name="describe 68 &gt; example test 54" time="0.000013916">
        </testcase>
        <testcase classname="src/everything.spec.ts" name="describe 68 &gt; example test 55" time="0.0000615">
            <failure message="expected true to be false // Object.is equality" type="AssertionError">
AssertionError: expected true to be false // Object.is equality

- Expected
+ Received

- false
+ true

 ❯ src/everything.spec.ts:8:18
            </failure>
        </testcase>
        <testcase classname="src/everything.spec.ts" name="describe 68 &gt; example test 56" time="0.000014084">
        </testcase>
        <testcase classname="src/everything.spec.ts" name="describe 68 &gt; example test 57" time="0.000062125">
            <failure message="expected true to be false // Object.is equality" type="AssertionError">
AssertionError: expected true to be false // Object.is equality

- Expected
+ Received

- false
+ true

 ❯ src/everything.spec.ts:8:18
            </failure>
        </testcase>
        <testcase classname="src/everything.spec.ts" name="describe 68 &gt; example test 58" time="0.000013958">
        </testcase>
        <testcase classname="src/everything.spec.ts" name="describe 68 &gt; example test 59" time="0.000061791">
            <failure message="expected true to be false // Object.is equality" type="AssertionError">
AssertionError: expected true to be false // Object.is equality

- Expected
+ Received

- false
+ true

 ❯ src/everything.spec.ts:8:18
            </failure>
        </testcase>
        <testcase classname="src/everything.spec.ts" name="describe 68 &gt; example test 60" time="0.000014333">
        </testcase>
        <testcase classname="src/everything.spec.ts" name="describe 68 &gt; example test 61" time="0.000064625">
            <failure message="expected true to be false // Object.is equality" type="AssertionError">
AssertionError: expected true to be false // Object.is equality

- Expected
+ Received

- false
+ true

 ❯ src/everything.spec.ts:8:18
            </failure>
        </testcase>
        <testcase classname="src/everything.spec.ts" name="describe 68 &gt; example test 62" time="0.000013959">
        </testcase>
        <testcase classname="src/everything.spec.ts" name="describe 68 &gt; example test 63" time="0.000061">
            <failure message="expected true to be false // Object.is equality" type="AssertionError">
AssertionError: expected true to be false // Object.is equality

- Expected
+ Received

- false
+ true

 ❯ src/everything.spec.ts:8:18
            </failure>
        </testcase>
        <testcase classname="src/everything.spec.ts" name="describe 68 &gt; example test 64" time="0.000013542">
        </testcase>
        <testcase classname="src/everything.spec.ts" name="describe 68 &gt; example test 65" time="0.000062208">
            <failure message="expected true to be false // Object.is equality" type="AssertionError">
AssertionError: expected true to be false // Object.is equality

- Expected
+ Received

- false
+ true

 ❯ src/everything.spec.ts:8:18
            </failure>
        </testcase>
        <testcase classname="src/everything.spec.ts" name="describe 68 &gt; example test 66" time="0.000014166">
        </testcase>
        <testcase classname="src/everything.spec.ts" name="describe 68 &gt; example test 67" time="0.000061625">
            <failure message="expected true to be false // Object.is equality" type="AssertionError">
AssertionError: expected true to be false // Object.is equality

- Expected
+ Received

- false
+ true

 ❯ src/everything.spec.ts:8:18
            </failure>
        </testcase>
        <testcase classname="src/everything.spec.ts" name="describe 68 &gt; example test 68" time="0.0000135">
        </testcase>
        <testcase classname="src/everything.spec.ts" name="describe 68 &gt; example test 69" time="0.000063584">
            <failure message="expected true to be false // Object.is equality" type="AssertionError">
AssertionError: expected true to be false // Object.is equality

- Expected
+ Received

- false
+ true

 ❯ src/everything.spec.ts:8:18
            </failure>
        </testcase>
        <testcase classname="src/everything.spec.ts" name="describe 68 &gt; example test 70" time="0.000013958">
        </testcase>
        <testcase classname="src/everything.spec.ts" name="describe 68 &gt; example test 71" time="0.000065708">
            <failure message="expected true to be false // Object.is equality" type="AssertionError">
AssertionError: expected true to be false // Object.is equality

- Expected
+ Received

- false
+ true

 ❯ src/everything.spec.ts:8:18
            </failure>
        </testcase>
        <testcase classname="src/everything.spec.ts" name="describe 68 &gt; example test 72" time="0.00001425">
        </testcase>
        <testcase classname="src/everything.spec.ts" name="describe 68 &gt; example test 73" time="0.000067958">
            <failure message="expected true to be false // Object.is equality" type="AssertionError">
AssertionError: expected true to be false // Object.is equality

- Expected
+ Received

- false
+ true

 ❯ src/everything.spec.ts:8:18
            </failure>
        </testcase>
        <testcase classname="src/everything.spec.ts" name="describe 68 &gt; example test 74" time="0.000015459">
        </testcase>
        <testcase classname="src/everything.spec.ts" name="describe 68 &gt; example test 75" time="0.000063042">
            <failure message="expected true to be false // Object.is equality" type="AssertionError">
AssertionError: expected true to be false // Object.is equality

- Expected
+ Received

- false
+ true

 ❯ src/everything.spec.ts:8:18
            </failure>
        </testcase>
        <testcase classname="src/everything.spec.ts" name="describe 68 &gt; example test 76" time="0.000013458">
        </testcase>
        <testcase classname="src/everything.spec.ts" name="describe 68 &gt; example test 77" time="0.000062666">
            <failure message="expected true to be false // Object.is equality" type="AssertionError">
AssertionError: expected true to be false // Object.is equality

- Expected
+ Received

- false
+ true

 ❯ src/everything.spec.ts:8:18
            </failure>
        </testcase>
        <testcase classname="src/everything.spec.ts" name="describe 68 &gt; example test 78" time="0.0000135">
        </testcase>
        <testcase classname="src/everything.spec.ts" name="describe 68 &gt; example test 79" time="0.000062792">
            <failure message="expected true to be false // Object.is equality" type="AssertionError">
AssertionError: expected true to be false // Object.is equality

- Expected
+ Received

- false
+ true

 ❯ src/everything.spec.ts:8:18
            </failure>
        </testcase>
        <testcase classname="src/everything.spec.ts" name="describe 68 &gt; example test 80" time="0.000013917">
        </testcase>
        <testcase classname="src/everything.spec.ts" name="describe 68 &gt; example test 81" time="0.000066583">
            <failure message="expected true to be false // Object.is equality" type="AssertionError">
AssertionError: expected true to be false // Object.is equality

- Expected
+ Received

- false
+ true

 ❯ src/everything.spec.ts:8:18
            </failure>
        </testcase>
        <testcase classname="src/everything.spec.ts" name="describe 68 &gt; example test 82" time="0.000013542">
        </testcase>
        <testcase classname="src/everything.spec.ts" name="describe 68 &gt; example test 83" time="0.00006075">
            <failure message="expected true to be false // Object.is equality" type="AssertionError">
AssertionError: expected true to be false // Object.is equality

- Expected
+ Received

- false
+ true

 ❯ src/everything.spec.ts:8:18
            </failure>
        </testcase>
        <testcase classname="src/everything.spec.ts" name="describe 68 &gt; example test 84" time="0.000013833">
        </testcase>
        <testcase classname="src/everything.spec.ts" name="describe 68 &gt; example test 85" time="0.000065666">
            <failure message="expected true to be false // Object.is equality" type="AssertionError">
AssertionError: expected true to be false // Object.is equality

- Expected
+ Received

- false
+ true

 ❯ src/everything.spec.ts:8:18
            </failure>
        </testcase>
        <testcase classname="src/everything.spec.ts" name="describe 68 &gt; example test 86" time="0.000014334">
        </testcase>
        <testcase classname="src/everything.spec.ts" name="describe 68 &gt; example test 87" time="0.000061959">
            <failure message="expected true to be false // Object.is equality" type="AssertionError">
AssertionError: expected true to be false // Object.is equality

- Expected
+ Received

- false
+ true

 ❯ src/everything.spec.ts:8:18
            </failure>
        </testcase>
        <testcase classname="src/everything.spec.ts" name="describe 68 &gt; example test 88" time="0.000013542">
        </testcase>
        <testcase classname="src/everything.spec.ts" name="describe 68 &gt; example test 89" time="0.0000625">
            <failure message="expected true to be false // Object.is equality" type="AssertionError">
AssertionError: expected true to be false // Object.is equality

- Expected
+ Received

- false
+ true

 ❯ src/everything.spec.ts:8:18
            </failure>
        </testcase>
        <testcase classname="src/everything.spec.ts" name="describe 68 &gt; example test 90" time="0.000013541">
        </testcase>
        <testcase classname="src/everything.spec.ts" name="describe 68 &gt; example test 91" time="0.000061125">
            <failure message="expected true to be false // Object.is equality" type="AssertionError">
AssertionError: expected true to be false // Object.is equality

- Expected
+ Received

- false
+ true

 ❯ src/everything.spec.ts:8:18
            </failure>
        </testcase>
        <testcase classname="src/everything.spec.ts" name="describe 68 &gt; example test 92" time="0.000013917">
        </testcase>
        <testcase classname="src/everything.spec.ts" name="describe 68 &gt; example test 93" time="0.000062292">
            <failure message="expected true to be false // Object.is equality" type="AssertionError">
AssertionError: expected true to be false // Object.is equality

- Expected
+ Received

- false
+ true

 ❯ src/everything.spec.ts:8:18
            </failure>
        </testcase>
        <testcase classname="src/everything.spec.ts" name="describe 68 &gt; example test 94" time="0.000013709">
        </testcase>
        <testcase classname="src/everything.spec.ts" name="describe 68 &gt; example test 95" time="0.000061042">
            <failure message="expected true to be false // Object.is equality" type="AssertionError">
AssertionError: expected true to be false // Object.is equality

- Expected
+ Received

- false
+ true

 ❯ src/everything.spec.ts:8:18
            </failure>
        </testcase>
        <testcase classname="src/everything.spec.ts" name="describe 68 &gt; example test 96" time="0.000013375">
        </testcase>
        <testcase classname="src/everything.spec.ts" name="describe 68 &gt; example test 97" time="0.000062458">
            <failure message="expected true to be false // Object.is equality" type="AssertionError">
AssertionError: expected true to be false // Object.is equality

- Expected
+ Received

- false
+ true

 ❯ src/everything.spec.ts:8:18
            </failure>
        </testcase>
        <testcase classname="src/everything.spec.ts" name="describe 68 &gt; example test 98" time="0.00001375">
        </testcase>
        <testcase classname="src/everything.spec.ts" name="describe 68 &gt; example test 99" time="0.000061459">
            <failure message="expected true to be false // Object.is equality" type="AssertionError">
AssertionError: expected true to be false // Object.is equality

- Expected
+ Received

- false
+ true

 ❯ src/everything.spec.ts:8:18
            </failure>
        </testcase>
        <testcase classname="src/everything.spec.ts" name="describe 68 &gt; example test 100" time="0.00001375">
        </testcase>
        <testcase classname="src/everything.spec.ts" name="describe 69 &gt; example test 1" time="0.000065916">
            <failure message="expected true to be false // Object.is equality" type="AssertionError">
AssertionError: expected true to be false // Object.is equality

- Expected
+ Received

- false
+ true

 ❯ src/everything.spec.ts:8:18
            </failure>
        </testcase>
        <testcase classname="src/everything.spec.ts" name="describe 69 &gt; example test 2" time="0.000014167">
        </testcase>
        <testcase classname="src/everything.spec.ts" name="describe 69 &gt; example test 3" time="0.000062416">
            <failure message="expected true to be false // Object.is equality" type="AssertionError">
AssertionError: expected true to be false // Object.is equality

- Expected
+ Received

- false
+ true

 ❯ src/everything.spec.ts:8:18
            </failure>
        </testcase>
        <testcase classname="src/everything.spec.ts" name="describe 69 &gt; example test 4" time="0.000014291">
        </testcase>
        <testcase classname="src/everything.spec.ts" name="describe 69 &gt; example test 5" time="0.000061625">
            <failure message="expected true to be false // Object.is equality" type="AssertionError">
AssertionError: expected true to be false // Object.is equality

- Expected
+ Received

- false
+ true

 ❯ src/everything.spec.ts:8:18
            </failure>
        </testcase>
        <testcase classname="src/everything.spec.ts" name="describe 69 &gt; example test 6" time="0.000013958">
        </testcase>
        <testcase classname="src/everything.spec.ts" name="describe 69 &gt; example test 7" time="0.000062292">
            <failure message="expected true to be false // Object.is equality" type="AssertionError">
AssertionError: expected true to be false // Object.is equality

- Expected
+ Received

- false
+ true

 ❯ src/everything.spec.ts:8:18
            </failure>
        </testcase>
        <testcase classname="src/everything.spec.ts" name="describe 69 &gt; example test 8" time="0.000014417">
        </testcase>
        <testcase classname="src/everything.spec.ts" name="describe 69 &gt; example test 9" time="0.000060959">
            <failure message="expected true to be false // Object.is equality" type="AssertionError">
AssertionError: expected true to be false // Object.is equality

- Expected
+ Received

- false
+ true

 ❯ src/everything.spec.ts:8:18
            </failure>
        </testcase>
        <testcase classname="src/everything.spec.ts" name="describe 69 &gt; example test 10" time="0.000013417">
        </testcase>
        <testcase classname="src/everything.spec.ts" name="describe 69 &gt; example test 11" time="0.000063166">
            <failure message="expected true to be false // Object.is equality" type="AssertionError">
AssertionError: expected true to be false // Object.is equality

- Expected
+ Received

- false
+ true

 ❯ src/everything.spec.ts:8:18
            </failure>
        </testcase>
        <testcase classname="src/everything.spec.ts" name="describe 69 &gt; example test 12" time="0.000014875">
        </testcase>
        <testcase classname="src/everything.spec.ts" name="describe 69 &gt; example test 13" time="0.000067125">
            <failure message="expected true to be false // Object.is equality" type="AssertionError">
AssertionError: expected true to be false // Object.is equality

- Expected
+ Received

- false
+ true

 ❯ src/everything.spec.ts:8:18
            </failure>
        </testcase>
        <testcase classname="src/everything.spec.ts" name="describe 69 &gt; example test 14" time="0.000014125">
        </testcase>
        <testcase classname="src/everything.spec.ts" name="describe 69 &gt; example test 15" time="0.000061667">
            <failure message="expected true to be false // Object.is equality" type="AssertionError">
AssertionError: expected true to be false // Object.is equality

- Expected
+ Received

- false
+ true

 ❯ src/everything.spec.ts:8:18
            </failure>
        </testcase>
        <testcase classname="src/everything.spec.ts" name="describe 69 &gt; example test 16" time="0.000014167">
        </testcase>
        <testcase classname="src/everything.spec.ts" name="describe 69 &gt; example test 17" time="0.000060791">
            <failure message="expected true to be false // Object.is equality" type="AssertionError">
AssertionError: expected true to be false // Object.is equality

- Expected
+ Received

- false
+ true

 ❯ src/everything.spec.ts:8:18
            </failure>
        </testcase>
        <testcase classname="src/everything.spec.ts" name="describe 69 &gt; example test 18" time="0.000013208">
        </testcase>
        <testcase classname="src/everything.spec.ts" name="describe 69 &gt; example test 19" time="0.000062084">
            <failure message="expected true to be false // Object.is equality" type="AssertionError">
AssertionError: expected true to be false // Object.is equality

- Expected
+ Received

- false
+ true

 ❯ src/everything.spec.ts:8:18
            </failure>
        </testcase>
        <testcase classname="src/everything.spec.ts" name="describe 69 &gt; example test 20" time="0.000013667">
        </testcase>
        <testcase classname="src/everything.spec.ts" name="describe 69 &gt; example test 21" time="0.0000615">
            <failure message="expected true to be false // Object.is equality" type="AssertionError">
AssertionError: expected true to be false // Object.is equality

- Expected
+ Received

- false
+ true

 ❯ src/everything.spec.ts:8:18
            </failure>
        </testcase>
        <testcase classname="src/everything.spec.ts" name="describe 69 &gt; example test 22" time="0.000013833">
        </testcase>
        <testcase classname="src/everything.spec.ts" name="describe 69 &gt; example test 23" time="0.000062375">
            <failure message="expected true to be false // Object.is equality" type="AssertionError">
AssertionError: expected true to be false // Object.is equality

- Expected
+ Received

- false
+ true

 ❯ src/everything.spec.ts:8:18
            </failure>
        </testcase>
        <testcase classname="src/everything.spec.ts" name="describe 69 &gt; example test 24" time="0.000013916">
        </testcase>
        <testcase classname="src/everything.spec.ts" name="describe 69 &gt; example test 25" time="0.00006175">
            <failure message="expected true to be false // Object.is equality" type="AssertionError">
AssertionError: expected true to be false // Object.is equality

- Expected
+ Received

- false
+ true

 ❯ src/everything.spec.ts:8:18
            </failure>
        </testcase>
        <testcase classname="src/everything.spec.ts" name="describe 69 &gt; example test 26" time="0.000013666">
        </testcase>
        <testcase classname="src/everything.spec.ts" name="describe 69 &gt; example test 27" time="0.000061875">
            <failure message="expected true to be false // Object.is equality" type="AssertionError">
AssertionError: expected true to be false // Object.is equality

- Expected
+ Received

- false
+ true

 ❯ src/everything.spec.ts:8:18
            </failure>
        </testcase>
        <testcase classname="src/everything.spec.ts" name="describe 69 &gt; example test 28" time="0.000013375">
        </testcase>
        <testcase classname="src/everything.spec.ts" name="describe 69 &gt; example test 29" time="0.00006175">
            <failure message="expected true to be false // Object.is equality" type="AssertionError">
AssertionError: expected true to be false // Object.is equality

- Expected
+ Received

- false
+ true

 ❯ src/everything.spec.ts:8:18
            </failure>
        </testcase>
        <testcase classname="src/everything.spec.ts" name="describe 69 &gt; example test 30" time="0.000014042">
        </testcase>
        <testcase classname="src/everything.spec.ts" name="describe 69 &gt; example test 31" time="0.000061375">
            <failure message="expected true to be false // Object.is equality" type="AssertionError">
AssertionError: expected true to be false // Object.is equality

- Expected
+ Received

- false
+ true

 ❯ src/everything.spec.ts:8:18
            </failure>
        </testcase>
        <testcase classname="src/everything.spec.ts" name="describe 69 &gt; example test 32" time="0.000013542">
        </testcase>
        <testcase classname="src/everything.spec.ts" name="describe 69 &gt; example test 33" time="0.000061">
            <failure message="expected true to be false // Object.is equality" type="AssertionError">
AssertionError: expected true to be false // Object.is equality

- Expected
+ Received

- false
+ true

 ❯ src/everything.spec.ts:8:18
            </failure>
        </testcase>
        <testcase classname="src/everything.spec.ts" name="describe 69 &gt; example test 34" time="0.000013375">
        </testcase>
        <testcase classname="src/everything.spec.ts" name="describe 69 &gt; example test 35" time="0.000062042">
            <failure message="expected true to be false // Object.is equality" type="AssertionError">
AssertionError: expected true to be false // Object.is equality

- Expected
+ Received

- false
+ true

 ❯ src/everything.spec.ts:8:18
            </failure>
        </testcase>
        <testcase classname="src/everything.spec.ts" name="describe 69 &gt; example test 36" time="0.000013625">
        </testcase>
        <testcase classname="src/everything.spec.ts" name="describe 69 &gt; example test 37" time="0.000061833">
            <failure message="expected true to be false // Object.is equality" type="AssertionError">
AssertionError: expected true to be false // Object.is equality

- Expected
+ Received

- false
+ true

 ❯ src/everything.spec.ts:8:18
            </failure>
        </testcase>
        <testcase classname="src/everything.spec.ts" name="describe 69 &gt; example test 38" time="0.000013292">
        </testcase>
        <testcase classname="src/everything.spec.ts" name="describe 69 &gt; example test 39" time="0.000062292">
            <failure message="expected true to be false // Object.is equality" type="AssertionError">
AssertionError: expected true to be false // Object.is equality

- Expected
+ Received

- false
+ true

 ❯ src/everything.spec.ts:8:18
            </failure>
        </testcase>
        <testcase classname="src/everything.spec.ts" name="describe 69 &gt; example test 40" time="0.000013667">
        </testcase>
        <testcase classname="src/everything.spec.ts" name="describe 69 &gt; example test 41" time="0.000061125">
            <failure message="expected true to be false // Object.is equality" type="AssertionError">
AssertionError: expected true to be false // Object.is equality

- Expected
+ Received

- false
+ true

 ❯ src/everything.spec.ts:8:18
            </failure>
        </testcase>
        <testcase classname="src/everything.spec.ts" name="describe 69 &gt; example test 42" time="0.000013459">
        </testcase>
        <testcase classname="src/everything.spec.ts" name="describe 69 &gt; example test 43" time="0.000064875">
            <failure message="expected true to be false // Object.is equality" type="AssertionError">
AssertionError: expected true to be false // Object.is equality

- Expected
+ Received

- false
+ true

 ❯ src/everything.spec.ts:8:18
            </failure>
        </testcase>
        <testcase classname="src/everything.spec.ts" name="describe 69 &gt; example test 44" time="0.000014208">
        </testcase>
        <testcase classname="src/everything.spec.ts" name="describe 69 &gt; example test 45" time="0.000061708">
            <failure message="expected true to be false // Object.is equality" type="AssertionError">
AssertionError: expected true to be false // Object.is equality

- Expected
+ Received

- false
+ true

 ❯ src/everything.spec.ts:8:18
            </failure>
        </testcase>
        <testcase classname="src/everything.spec.ts" name="describe 69 &gt; example test 46" time="0.000013875">
        </testcase>
        <testcase classname="src/everything.spec.ts" name="describe 69 &gt; example test 47" time="0.000062459">
            <failure message="expected true to be false // Object.is equality" type="AssertionError">
AssertionError: expected true to be false // Object.is equality

- Expected
+ Received

- false
+ true

 ❯ src/everything.spec.ts:8:18
            </failure>
        </testcase>
        <testcase classname="src/everything.spec.ts" name="describe 69 &gt; example test 48" time="0.000013708">
        </testcase>
        <testcase classname="src/everything.spec.ts" name="describe 69 &gt; example test 49" time="0.00006175">
            <failure message="expected true to be false // Object.is equality" type="AssertionError">
AssertionError: expected true to be false // Object.is equality

- Expected
+ Received

- false
+ true

 ❯ src/everything.spec.ts:8:18
            </failure>
        </testcase>
        <testcase classname="src/everything.spec.ts" name="describe 69 &gt; example test 50" time="0.000013333">
        </testcase>
        <testcase classname="src/everything.spec.ts" name="describe 69 &gt; example test 51" time="0.000062584">
            <failure message="expected true to be false // Object.is equality" type="AssertionError">
AssertionError: expected true to be false // Object.is equality

- Expected
+ Received

- false
+ true

 ❯ src/everything.spec.ts:8:18
            </failure>
        </testcase>
        <testcase classname="src/everything.spec.ts" name="describe 69 &gt; example test 52" time="0.000013834">
        </testcase>
        <testcase classname="src/everything.spec.ts" name="describe 69 &gt; example test 53" time="0.000061125">
            <failure message="expected true to be false // Object.is equality" type="AssertionError">
AssertionError: expected true to be false // Object.is equality

- Expected
+ Received

- false
+ true

 ❯ src/everything.spec.ts:8:18
            </failure>
        </testcase>
        <testcase classname="src/everything.spec.ts" name="describe 69 &gt; example test 54" time="0.000014167">
        </testcase>
        <testcase classname="src/everything.spec.ts" name="describe 69 &gt; example test 55" time="0.000062292">
            <failure message="expected true to be false // Object.is equality" type="AssertionError">
AssertionError: expected true to be false // Object.is equality

- Expected
+ Received

- false
+ true

 ❯ src/everything.spec.ts:8:18
            </failure>
        </testcase>
        <testcase classname="src/everything.spec.ts" name="describe 69 &gt; example test 56" time="0.000013625">
        </testcase>
        <testcase classname="src/everything.spec.ts" name="describe 69 &gt; example test 57" time="0.000060875">
            <failure message="expected true to be false // Object.is equality" type="AssertionError">
AssertionError: expected true to be false // Object.is equality

- Expected
+ Received

- false
+ true

 ❯ src/everything.spec.ts:8:18
            </failure>
        </testcase>
        <testcase classname="src/everything.spec.ts" name="describe 69 &gt; example test 58" time="0.0000135">
        </testcase>
        <testcase classname="src/everything.spec.ts" name="describe 69 &gt; example test 59" time="0.000805708">
            <failure message="expected true to be false // Object.is equality" type="AssertionError">
AssertionError: expected true to be false // Object.is equality

- Expected
+ Received

- false
+ true

 ❯ src/everything.spec.ts:8:18
            </failure>
        </testcase>
        <testcase classname="src/everything.spec.ts" name="describe 69 &gt; example test 60" time="0.000017292">
        </testcase>
        <testcase classname="src/everything.spec.ts" name="describe 69 &gt; example test 61" time="0.000071">
            <failure message="expected true to be false // Object.is equality" type="AssertionError">
AssertionError: expected true to be false // Object.is equality

- Expected
+ Received

- false
+ true

 ❯ src/everything.spec.ts:8:18
            </failure>
        </testcase>
        <testcase classname="src/everything.spec.ts" name="describe 69 &gt; example test 62" time="0.00001425">
        </testcase>
        <testcase classname="src/everything.spec.ts" name="describe 69 &gt; example test 63" time="0.000063458">
            <failure message="expected true to be false // Object.is equality" type="AssertionError">
AssertionError: expected true to be false // Object.is equality

- Expected
+ Received

- false
+ true

 ❯ src/everything.spec.ts:8:18
            </failure>
        </testcase>
        <testcase classname="src/everything.spec.ts" name="describe 69 &gt; example test 64" time="0.00001375">
        </testcase>
        <testcase classname="src/everything.spec.ts" name="describe 69 &gt; example test 65" time="0.000064417">
            <failure message="expected true to be false // Object.is equality" type="AssertionError">
AssertionError: expected true to be false // Object.is equality

- Expected
+ Received

- false
+ true

 ❯ src/everything.spec.ts:8:18
            </failure>
        </testcase>
        <testcase classname="src/everything.spec.ts" name="describe 69 &gt; example test 66" time="0.000018125">
        </testcase>
        <testcase classname="src/everything.spec.ts" name="describe 69 &gt; example test 67" time="0.000062791">
            <failure message="expected true to be false // Object.is equality" type="AssertionError">
AssertionError: expected true to be false // Object.is equality

- Expected
+ Received

- false
+ true

 ❯ src/everything.spec.ts:8:18
            </failure>
        </testcase>
        <testcase classname="src/everything.spec.ts" name="describe 69 &gt; example test 68" time="0.000015042">
        </testcase>
        <testcase classname="src/everything.spec.ts" name="describe 69 &gt; example test 69" time="0.000063041">
            <failure message="expected true to be false // Object.is equality" type="AssertionError">
AssertionError: expected true to be false // Object.is equality

- Expected
+ Received

- false
+ true

 ❯ src/everything.spec.ts:8:18
            </failure>
        </testcase>
        <testcase classname="src/everything.spec.ts" name="describe 69 &gt; example test 70" time="0.000015292">
        </testcase>
        <testcase classname="src/everything.spec.ts" name="describe 69 &gt; example test 71" time="0.000062458">
            <failure message="expected true to be false // Object.is equality" type="AssertionError">
AssertionError: expected true to be false // Object.is equality

- Expected
+ Received

- false
+ true

 ❯ src/everything.spec.ts:8:18
            </failure>
        </testcase>
        <testcase classname="src/everything.spec.ts" name="describe 69 &gt; example test 72" time="0.000015792">
        </testcase>
        <testcase classname="src/everything.spec.ts" name="describe 69 &gt; example test 73" time="0.000062834">
            <failure message="expected true to be false // Object.is equality" type="AssertionError">
AssertionError: expected true to be false // Object.is equality

- Expected
+ Received

- false
+ true

 ❯ src/everything.spec.ts:8:18
            </failure>
        </testcase>
        <testcase classname="src/everything.spec.ts" name="describe 69 &gt; example test 74" time="0.000014584">
        </testcase>
        <testcase classname="src/everything.spec.ts" name="describe 69 &gt; example test 75" time="0.000065458">
            <failure message="expected true to be false // Object.is equality" type="AssertionError">
AssertionError: expected true to be false // Object.is equality

- Expected
+ Received

- false
+ true

 ❯ src/everything.spec.ts:8:18
            </failure>
        </testcase>
        <testcase classname="src/everything.spec.ts" name="describe 69 &gt; example test 76" time="0.000014625">
        </testcase>
        <testcase classname="src/everything.spec.ts" name="describe 69 &gt; example test 77" time="0.000063208">
            <failure message="expected true to be false // Object.is equality" type="AssertionError">
AssertionError: expected true to be false // Object.is equality

- Expected
+ Received

- false
+ true

 ❯ src/everything.spec.ts:8:18
            </failure>
        </testcase>
        <testcase classname="src/everything.spec.ts" name="describe 69 &gt; example test 78" time="0.000016583">
        </testcase>
        <testcase classname="src/everything.spec.ts" name="describe 69 &gt; example test 79" time="0.000062375">
            <failure message="expected true to be false // Object.is equality" type="AssertionError">
AssertionError: expected true to be false // Object.is equality

- Expected
+ Received

- false
+ true

 ❯ src/everything.spec.ts:8:18
            </failure>
        </testcase>
        <testcase classname="src/everything.spec.ts" name="describe 69 &gt; example test 80" time="0.000014542">
        </testcase>
        <testcase classname="src/everything.spec.ts" name="describe 69 &gt; example test 81" time="0.000062583">
            <failure message="expected true to be false // Object.is equality" type="AssertionError">
AssertionError: expected true to be false // Object.is equality

- Expected
+ Received

- false
+ true

 ❯ src/everything.spec.ts:8:18
            </failure>
        </testcase>
        <testcase classname="src/everything.spec.ts" name="describe 69 &gt; example test 82" time="0.000014334">
        </testcase>
        <testcase classname="src/everything.spec.ts" name="describe 69 &gt; example test 83" time="0.000062333">
            <failure message="expected true to be false // Object.is equality" type="AssertionError">
AssertionError: expected true to be false // Object.is equality

- Expected
+ Received

- false
+ true

 ❯ src/everything.spec.ts:8:18
            </failure>
        </testcase>
        <testcase classname="src/everything.spec.ts" name="describe 69 &gt; example test 84" time="0.000014416">
        </testcase>
        <testcase classname="src/everything.spec.ts" name="describe 69 &gt; example test 85" time="0.000064291">
            <failure message="expected true to be false // Object.is equality" type="AssertionError">
AssertionError: expected true to be false // Object.is equality

- Expected
+ Received

- false
+ true

 ❯ src/everything.spec.ts:8:18
            </failure>
        </testcase>
        <testcase classname="src/everything.spec.ts" name="describe 69 &gt; example test 86" time="0.000014875">
        </testcase>
        <testcase classname="src/everything.spec.ts" name="describe 69 &gt; example test 87" time="0.000066541">
            <failure message="expected true to be false // Object.is equality" type="AssertionError">
AssertionError: expected true to be false // Object.is equality

- Expected
+ Received

- false
+ true

 ❯ src/everything.spec.ts:8:18
            </failure>
        </testcase>
        <testcase classname="src/everything.spec.ts" name="describe 69 &gt; example test 88" time="0.000016042">
        </testcase>
        <testcase classname="src/everything.spec.ts" name="describe 69 &gt; example test 89" time="0.00006825">
            <failure message="expected true to be false // Object.is equality" type="AssertionError">
AssertionError: expected true to be false // Object.is equality

- Expected
+ Received

- false
+ true

 ❯ src/everything.spec.ts:8:18
            </failure>
        </testcase>
        <testcase classname="src/everything.spec.ts" name="describe 69 &gt; example test 90" time="0.000015417">
        </testcase>
        <testcase classname="src/everything.spec.ts" name="describe 69 &gt; example test 91" time="0.000065375">
            <failure message="expected true to be false // Object.is equality" type="AssertionError">
AssertionError: expected true to be false // Object.is equality

- Expected
+ Received

- false
+ true

 ❯ src/everything.spec.ts:8:18
            </failure>
        </testcase>
        <testcase classname="src/everything.spec.ts" name="describe 69 &gt; example test 92" time="0.000014625">
        </testcase>
        <testcase classname="src/everything.spec.ts" name="describe 69 &gt; example test 93" time="0.000062916">
            <failure message="expected true to be false // Object.is equality" type="AssertionError">
AssertionError: expected true to be false // Object.is equality

- Expected
+ Received

- false
+ true

 ❯ src/everything.spec.ts:8:18
            </failure>
        </testcase>
        <testcase classname="src/everything.spec.ts" name="describe 69 &gt; example test 94" time="0.000014459">
        </testcase>
        <testcase classname="src/everything.spec.ts" name="describe 69 &gt; example test 95" time="0.00006225">
            <failure message="expected true to be false // Object.is equality" type="AssertionError">
AssertionError: expected true to be false // Object.is equality

- Expected
+ Received

- false
+ true

 ❯ src/everything.spec.ts:8:18
            </failure>
        </testcase>
        <testcase classname="src/everything.spec.ts" name="describe 69 &gt; example test 96" time="0.000014792">
        </testcase>
        <testcase classname="src/everything.spec.ts" name="describe 69 &gt; example test 97" time="0.000064833">
            <failure message="expected true to be false // Object.is equality" type="AssertionError">
AssertionError: expected true to be false // Object.is equality

- Expected
+ Received

- false
+ true

 ❯ src/everything.spec.ts:8:18
            </failure>
        </testcase>
        <testcase classname="src/everything.spec.ts" name="describe 69 &gt; example test 98" time="0.000014334">
        </testcase>
        <testcase classname="src/everything.spec.ts" name="describe 69 &gt; example test 99" time="0.000062166">
            <failure message="expected true to be false // Object.is equality" type="AssertionError">
AssertionError: expected true to be false // Object.is equality

- Expected
+ Received

- false
+ true

 ❯ src/everything.spec.ts:8:18
            </failure>
        </testcase>
        <testcase classname="src/everything.spec.ts" name="describe 69 &gt; example test 100" time="0.00001475">
        </testcase>
        <testcase classname="src/everything.spec.ts" name="describe 70 &gt; example test 1" time="0.000063042">
            <failure message="expected true to be false // Object.is equality" type="AssertionError">
AssertionError: expected true to be false // Object.is equality

- Expected
+ Received

- false
+ true

 ❯ src/everything.spec.ts:8:18
            </failure>
        </testcase>
        <testcase classname="src/everything.spec.ts" name="describe 70 &gt; example test 2" time="0.000014125">
        </testcase>
        <testcase classname="src/everything.spec.ts" name="describe 70 &gt; example test 3" time="0.000062875">
            <failure message="expected true to be false // Object.is equality" type="AssertionError">
AssertionError: expected true to be false // Object.is equality

- Expected
+ Received

- false
+ true

 ❯ src/everything.spec.ts:8:18
            </failure>
        </testcase>
        <testcase classname="src/everything.spec.ts" name="describe 70 &gt; example test 4" time="0.0000145">
        </testcase>
        <testcase classname="src/everything.spec.ts" name="describe 70 &gt; example test 5" time="0.000062375">
            <failure message="expected true to be false // Object.is equality" type="AssertionError">
AssertionError: expected true to be false // Object.is equality

- Expected
+ Received

- false
+ true

 ❯ src/everything.spec.ts:8:18
            </failure>
        </testcase>
        <testcase classname="src/everything.spec.ts" name="describe 70 &gt; example test 6" time="0.000014667">
        </testcase>
        <testcase classname="src/everything.spec.ts" name="describe 70 &gt; example test 7" time="0.000063208">
            <failure message="expected true to be false // Object.is equality" type="AssertionError">
AssertionError: expected true to be false // Object.is equality

- Expected
+ Received

- false
+ true

 ❯ src/everything.spec.ts:8:18
            </failure>
        </testcase>
        <testcase classname="src/everything.spec.ts" name="describe 70 &gt; example test 8" time="0.00001425">
        </testcase>
        <testcase classname="src/everything.spec.ts" name="describe 70 &gt; example test 9" time="0.000066583">
            <failure message="expected true to be false // Object.is equality" type="AssertionError">
AssertionError: expected true to be false // Object.is equality

- Expected
+ Received

- false
+ true

 ❯ src/everything.spec.ts:8:18
            </failure>
        </testcase>
        <testcase classname="src/everything.spec.ts" name="describe 70 &gt; example test 10" time="0.000014333">
        </testcase>
        <testcase classname="src/everything.spec.ts" name="describe 70 &gt; example test 11" time="0.000065042">
            <failure message="expected true to be false // Object.is equality" type="AssertionError">
AssertionError: expected true to be false // Object.is equality

- Expected
+ Received

- false
+ true

 ❯ src/everything.spec.ts:8:18
            </failure>
        </testcase>
        <testcase classname="src/everything.spec.ts" name="describe 70 &gt; example test 12" time="0.0000145">
        </testcase>
        <testcase classname="src/everything.spec.ts" name="describe 70 &gt; example test 13" time="0.000062084">
            <failure message="expected true to be false // Object.is equality" type="AssertionError">
AssertionError: expected true to be false // Object.is equality

- Expected
+ Received

- false
+ true

 ❯ src/everything.spec.ts:8:18
            </failure>
        </testcase>
        <testcase classname="src/everything.spec.ts" name="describe 70 &gt; example test 14" time="0.000013541">
        </testcase>
        <testcase classname="src/everything.spec.ts" name="describe 70 &gt; example test 15" time="0.000065625">
            <failure message="expected true to be false // Object.is equality" type="AssertionError">
AssertionError: expected true to be false // Object.is equality

- Expected
+ Received

- false
+ true

 ❯ src/everything.spec.ts:8:18
            </failure>
        </testcase>
        <testcase classname="src/everything.spec.ts" name="describe 70 &gt; example test 16" time="0.0000165">
        </testcase>
        <testcase classname="src/everything.spec.ts" name="describe 70 &gt; example test 17" time="0.000062375">
            <failure message="expected true to be false // Object.is equality" type="AssertionError">
AssertionError: expected true to be false // Object.is equality

- Expected
+ Received

- false
+ true

 ❯ src/everything.spec.ts:8:18
            </failure>
        </testcase>
        <testcase classname="src/everything.spec.ts" name="describe 70 &gt; example test 18" time="0.000014333">
        </testcase>
        <testcase classname="src/everything.spec.ts" name="describe 70 &gt; example test 19" time="0.000062625">
            <failure message="expected true to be false // Object.is equality" type="AssertionError">
AssertionError: expected true to be false // Object.is equality

- Expected
+ Received

- false
+ true

 ❯ src/everything.spec.ts:8:18
            </failure>
        </testcase>
        <testcase classname="src/everything.spec.ts" name="describe 70 &gt; example test 20" time="0.000013791">
        </testcase>
        <testcase classname="src/everything.spec.ts" name="describe 70 &gt; example test 21" time="0.00006275">
            <failure message="expected true to be false // Object.is equality" type="AssertionError">
AssertionError: expected true to be false // Object.is equality

- Expected
+ Received

- false
+ true

 ❯ src/everything.spec.ts:8:18
            </failure>
        </testcase>
        <testcase classname="src/everything.spec.ts" name="describe 70 &gt; example test 22" time="0.000016583">
        </testcase>
        <testcase classname="src/everything.spec.ts" name="describe 70 &gt; example test 23" time="0.000062833">
            <failure message="expected true to be false // Object.is equality" type="AssertionError">
AssertionError: expected true to be false // Object.is equality

- Expected
+ Received

- false
+ true

 ❯ src/everything.spec.ts:8:18
            </failure>
        </testcase>
        <testcase classname="src/everything.spec.ts" name="describe 70 &gt; example test 24" time="0.000014042">
        </testcase>
        <testcase classname="src/everything.spec.ts" name="describe 70 &gt; example test 25" time="0.000062167">
            <failure message="expected true to be false // Object.is equality" type="AssertionError">
AssertionError: expected true to be false // Object.is equality

- Expected
+ Received

- false
+ true

 ❯ src/everything.spec.ts:8:18
            </failure>
        </testcase>
        <testcase classname="src/everything.spec.ts" name="describe 70 &gt; example test 26" time="0.000014125">
        </testcase>
        <testcase classname="src/everything.spec.ts" name="describe 70 &gt; example test 27" time="0.000066666">
            <failure message="expected true to be false // Object.is equality" type="AssertionError">
AssertionError: expected true to be false // Object.is equality

- Expected
+ Received

- false
+ true

 ❯ src/everything.spec.ts:8:18
            </failure>
        </testcase>
        <testcase classname="src/everything.spec.ts" name="describe 70 &gt; example test 28" time="0.000013958">
        </testcase>
        <testcase classname="src/everything.spec.ts" name="describe 70 &gt; example test 29" time="0.000061959">
            <failure message="expected true to be false // Object.is equality" type="AssertionError">
AssertionError: expected true to be false // Object.is equality

- Expected
+ Received

- false
+ true

 ❯ src/everything.spec.ts:8:18
            </failure>
        </testcase>
        <testcase classname="src/everything.spec.ts" name="describe 70 &gt; example test 30" time="0.000013917">
        </testcase>
        <testcase classname="src/everything.spec.ts" name="describe 70 &gt; example test 31" time="0.000063042">
            <failure message="expected true to be false // Object.is equality" type="AssertionError">
AssertionError: expected true to be false // Object.is equality

- Expected
+ Received

- false
+ true

 ❯ src/everything.spec.ts:8:18
            </failure>
        </testcase>
        <testcase classname="src/everything.spec.ts" name="describe 70 &gt; example test 32" time="0.000014042">
        </testcase>
        <testcase classname="src/everything.spec.ts" name="describe 70 &gt; example test 33" time="0.000062125">
            <failure message="expected true to be false // Object.is equality" type="AssertionError">
AssertionError: expected true to be false // Object.is equality

- Expected
+ Received

- false
+ true

 ❯ src/everything.spec.ts:8:18
            </failure>
        </testcase>
        <testcase classname="src/everything.spec.ts" name="describe 70 &gt; example test 34" time="0.000014375">
        </testcase>
        <testcase classname="src/everything.spec.ts" name="describe 70 &gt; example test 35" time="0.000066041">
            <failure message="expected true to be false // Object.is equality" type="AssertionError">
AssertionError: expected true to be false // Object.is equality

- Expected
+ Received

- false
+ true

 ❯ src/everything.spec.ts:8:18
            </failure>
        </testcase>
        <testcase classname="src/everything.spec.ts" name="describe 70 &gt; example test 36" time="0.000014208">
        </testcase>
        <testcase classname="src/everything.spec.ts" name="describe 70 &gt; example test 37" time="0.000061292">
            <failure message="expected true to be false // Object.is equality" type="AssertionError">
AssertionError: expected true to be false // Object.is equality

- Expected
+ Received

- false
+ true

 ❯ src/everything.spec.ts:8:18
            </failure>
        </testcase>
        <testcase classname="src/everything.spec.ts" name="describe 70 &gt; example test 38" time="0.000013834">
        </testcase>
        <testcase classname="src/everything.spec.ts" name="describe 70 &gt; example test 39" time="0.000063625">
            <failure message="expected true to be false // Object.is equality" type="AssertionError">
AssertionError: expected true to be false // Object.is equality

- Expected
+ Received

- false
+ true

 ❯ src/everything.spec.ts:8:18
            </failure>
        </testcase>
        <testcase classname="src/everything.spec.ts" name="describe 70 &gt; example test 40" time="0.000013667">
        </testcase>
        <testcase classname="src/everything.spec.ts" name="describe 70 &gt; example test 41" time="0.000064292">
            <failure message="expected true to be false // Object.is equality" type="AssertionError">
AssertionError: expected true to be false // Object.is equality

- Expected
+ Received

- false
+ true

 ❯ src/everything.spec.ts:8:18
            </failure>
        </testcase>
        <testcase classname="src/everything.spec.ts" name="describe 70 &gt; example test 42" time="0.000016125">
        </testcase>
        <testcase classname="src/everything.spec.ts" name="describe 70 &gt; example test 43" time="0.000064625">
            <failure message="expected true to be false // Object.is equality" type="AssertionError">
AssertionError: expected true to be false // Object.is equality

- Expected
+ Received

- false
+ true

 ❯ src/everything.spec.ts:8:18
            </failure>
        </testcase>
        <testcase classname="src/everything.spec.ts" name="describe 70 &gt; example test 44" time="0.000016583">
        </testcase>
        <testcase classname="src/everything.spec.ts" name="describe 70 &gt; example test 45" time="0.000061417">
            <failure message="expected true to be false // Object.is equality" type="AssertionError">
AssertionError: expected true to be false // Object.is equality

- Expected
+ Received

- false
+ true

 ❯ src/everything.spec.ts:8:18
            </failure>
        </testcase>
        <testcase classname="src/everything.spec.ts" name="describe 70 &gt; example test 46" time="0.000013833">
        </testcase>
        <testcase classname="src/everything.spec.ts" name="describe 70 &gt; example test 47" time="0.000062917">
            <failure message="expected true to be false // Object.is equality" type="AssertionError">
AssertionError: expected true to be false // Object.is equality

- Expected
+ Received

- false
+ true

 ❯ src/everything.spec.ts:8:18
            </failure>
        </testcase>
        <testcase classname="src/everything.spec.ts" name="describe 70 &gt; example test 48" time="0.000014209">
        </testcase>
        <testcase classname="src/everything.spec.ts" name="describe 70 &gt; example test 49" time="0.000065416">
            <failure message="expected true to be false // Object.is equality" type="AssertionError">
AssertionError: expected true to be false // Object.is equality

- Expected
+ Received

- false
+ true

 ❯ src/everything.spec.ts:8:18
            </failure>
        </testcase>
        <testcase classname="src/everything.spec.ts" name="describe 70 &gt; example test 50" time="0.000014917">
        </testcase>
        <testcase classname="src/everything.spec.ts" name="describe 70 &gt; example test 51" time="0.000068167">
            <failure message="expected true to be false // Object.is equality" type="AssertionError">
AssertionError: expected true to be false // Object.is equality

- Expected
+ Received

- false
+ true

 ❯ src/everything.spec.ts:8:18
            </failure>
        </testcase>
        <testcase classname="src/everything.spec.ts" name="describe 70 &gt; example test 52" time="0.000015542">
        </testcase>
        <testcase classname="src/everything.spec.ts" name="describe 70 &gt; example test 53" time="0.000062333">
            <failure message="expected true to be false // Object.is equality" type="AssertionError">
AssertionError: expected true to be false // Object.is equality

- Expected
+ Received

- false
+ true

 ❯ src/everything.spec.ts:8:18
            </failure>
        </testcase>
        <testcase classname="src/everything.spec.ts" name="describe 70 &gt; example test 54" time="0.0000145">
        </testcase>
        <testcase classname="src/everything.spec.ts" name="describe 70 &gt; example test 55" time="0.000062417">
            <failure message="expected true to be false // Object.is equality" type="AssertionError">
AssertionError: expected true to be false // Object.is equality

- Expected
+ Received

- false
+ true

 ❯ src/everything.spec.ts:8:18
            </failure>
        </testcase>
        <testcase classname="src/everything.spec.ts" name="describe 70 &gt; example test 56" time="0.000014125">
        </testcase>
        <testcase classname="src/everything.spec.ts" name="describe 70 &gt; example test 57" time="0.000061875">
            <failure message="expected true to be false // Object.is equality" type="AssertionError">
AssertionError: expected true to be false // Object.is equality

- Expected
+ Received

- false
+ true

 ❯ src/everything.spec.ts:8:18
            </failure>
        </testcase>
        <testcase classname="src/everything.spec.ts" name="describe 70 &gt; example test 58" time="0.000014458">
        </testcase>
        <testcase classname="src/everything.spec.ts" name="describe 70 &gt; example test 59" time="0.000062208">
            <failure message="expected true to be false // Object.is equality" type="AssertionError">
AssertionError: expected true to be false // Object.is equality

- Expected
+ Received

- false
+ true

 ❯ src/everything.spec.ts:8:18
            </failure>
        </testcase>
        <testcase classname="src/everything.spec.ts" name="describe 70 &gt; example test 60" time="0.000013875">
        </testcase>
        <testcase classname="src/everything.spec.ts" name="describe 70 &gt; example test 61" time="0.000064542">
            <failure message="expected true to be false // Object.is equality" type="AssertionError">
AssertionError: expected true to be false // Object.is equality

- Expected
+ Received

- false
+ true

 ❯ src/everything.spec.ts:8:18
            </failure>
        </testcase>
        <testcase classname="src/everything.spec.ts" name="describe 70 &gt; example test 62" time="0.000014542">
        </testcase>
        <testcase classname="src/everything.spec.ts" name="describe 70 &gt; example test 63" time="0.000062667">
            <failure message="expected true to be false // Object.is equality" type="AssertionError">
AssertionError: expected true to be false // Object.is equality

- Expected
+ Received

- false
+ true

 ❯ src/everything.spec.ts:8:18
            </failure>
        </testcase>
        <testcase classname="src/everything.spec.ts" name="describe 70 &gt; example test 64" time="0.000014125">
        </testcase>
        <testcase classname="src/everything.spec.ts" name="describe 70 &gt; example test 65" time="0.000064958">
            <failure message="expected true to be false // Object.is equality" type="AssertionError">
AssertionError: expected true to be false // Object.is equality

- Expected
+ Received

- false
+ true

 ❯ src/everything.spec.ts:8:18
            </failure>
        </testcase>
        <testcase classname="src/everything.spec.ts" name="describe 70 &gt; example test 66" time="0.00001525">
        </testcase>
        <testcase classname="src/everything.spec.ts" name="describe 70 &gt; example test 67" time="0.000065583">
            <failure message="expected true to be false // Object.is equality" type="AssertionError">
AssertionError: expected true to be false // Object.is equality

- Expected
+ Received

- false
+ true

 ❯ src/everything.spec.ts:8:18
            </failure>
        </testcase>
        <testcase classname="src/everything.spec.ts" name="describe 70 &gt; example test 68" time="0.000014">
        </testcase>
        <testcase classname="src/everything.spec.ts" name="describe 70 &gt; example test 69" time="0.000061542">
            <failure message="expected true to be false // Object.is equality" type="AssertionError">
AssertionError: expected true to be false // Object.is equality

- Expected
+ Received

- false
+ true

 ❯ src/everything.spec.ts:8:18
            </failure>
        </testcase>
        <testcase classname="src/everything.spec.ts" name="describe 70 &gt; example test 70" time="0.000014">
        </testcase>
        <testcase classname="src/everything.spec.ts" name="describe 70 &gt; example test 71" time="0.000063042">
            <failure message="expected true to be false // Object.is equality" type="AssertionError">
AssertionError: expected true to be false // Object.is equality

- Expected
+ Received

- false
+ true

 ❯ src/everything.spec.ts:8:18
            </failure>
        </testcase>
        <testcase classname="src/everything.spec.ts" name="describe 70 &gt; example test 72" time="0.000013708">
        </testcase>
        <testcase classname="src/everything.spec.ts" name="describe 70 &gt; example test 73" time="0.000061625">
            <failure message="expected true to be false // Object.is equality" type="AssertionError">
AssertionError: expected true to be false // Object.is equality

- Expected
+ Received

- false
+ true

 ❯ src/everything.spec.ts:8:18
            </failure>
        </testcase>
        <testcase classname="src/everything.spec.ts" name="describe 70 &gt; example test 74" time="0.000014042">
        </testcase>
        <testcase classname="src/everything.spec.ts" name="describe 70 &gt; example test 75" time="0.000062792">
            <failure message="expected true to be false // Object.is equality" type="AssertionError">
AssertionError: expected true to be false // Object.is equality

- Expected
+ Received

- false
+ true

 ❯ src/everything.spec.ts:8:18
            </failure>
        </testcase>
        <testcase classname="src/everything.spec.ts" name="describe 70 &gt; example test 76" time="0.000014458">
        </testcase>
        <testcase classname="src/everything.spec.ts" name="describe 70 &gt; example test 77" time="0.000061917">
            <failure message="expected true to be false // Object.is equality" type="AssertionError">
AssertionError: expected true to be false // Object.is equality

- Expected
+ Received

- false
+ true

 ❯ src/everything.spec.ts:8:18
            </failure>
        </testcase>
        <testcase classname="src/everything.spec.ts" name="describe 70 &gt; example test 78" time="0.000014417">
        </testcase>
        <testcase classname="src/everything.spec.ts" name="describe 70 &gt; example test 79" time="0.000062042">
            <failure message="expected true to be false // Object.is equality" type="AssertionError">
AssertionError: expected true to be false // Object.is equality

- Expected
+ Received

- false
+ true

 ❯ src/everything.spec.ts:8:18
            </failure>
        </testcase>
        <testcase classname="src/everything.spec.ts" name="describe 70 &gt; example test 80" time="0.000014083">
        </testcase>
        <testcase classname="src/everything.spec.ts" name="describe 70 &gt; example test 81" time="0.00006175">
            <failure message="expected true to be false // Object.is equality" type="AssertionError">
AssertionError: expected true to be false // Object.is equality

- Expected
+ Received

- false
+ true

 ❯ src/everything.spec.ts:8:18
            </failure>
        </testcase>
        <testcase classname="src/everything.spec.ts" name="describe 70 &gt; example test 82" time="0.000016958">
        </testcase>
        <testcase classname="src/everything.spec.ts" name="describe 70 &gt; example test 83" time="0.00006275">
            <failure message="expected true to be false // Object.is equality" type="AssertionError">
AssertionError: expected true to be false // Object.is equality

- Expected
+ Received

- false
+ true

 ❯ src/everything.spec.ts:8:18
            </failure>
        </testcase>
        <testcase classname="src/everything.spec.ts" name="describe 70 &gt; example test 84" time="0.000013958">
        </testcase>
        <testcase classname="src/everything.spec.ts" name="describe 70 &gt; example test 85" time="0.000061958">
            <failure message="expected true to be false // Object.is equality" type="AssertionError">
AssertionError: expected true to be false // Object.is equality

- Expected
+ Received

- false
+ true

 ❯ src/everything.spec.ts:8:18
            </failure>
        </testcase>
        <testcase classname="src/everything.spec.ts" name="describe 70 &gt; example test 86" time="0.000014334">
        </testcase>
        <testcase classname="src/everything.spec.ts" name="describe 70 &gt; example test 87" time="0.00006275">
            <failure message="expected true to be false // Object.is equality" type="AssertionError">
AssertionError: expected true to be false // Object.is equality

- Expected
+ Received

- false
+ true

 ❯ src/everything.spec.ts:8:18
            </failure>
        </testcase>
        <testcase classname="src/everything.spec.ts" name="describe 70 &gt; example test 88" time="0.000014042">
        </testcase>
        <testcase classname="src/everything.spec.ts" name="describe 70 &gt; example test 89" time="0.000061792">
            <failure message="expected true to be false // Object.is equality" type="AssertionError">
AssertionError: expected true to be false // Object.is equality

- Expected
+ Received

- false
+ true

 ❯ src/everything.spec.ts:8:18
            </failure>
        </testcase>
        <testcase classname="src/everything.spec.ts" name="describe 70 &gt; example test 90" time="0.00001425">
        </testcase>
        <testcase classname="src/everything.spec.ts" name="describe 70 &gt; example test 91" time="0.000065417">
            <failure message="expected true to be false // Object.is equality" type="AssertionError">
AssertionError: expected true to be false // Object.is equality

- Expected
+ Received

- false
+ true

 ❯ src/everything.spec.ts:8:18
            </failure>
        </testcase>
        <testcase classname="src/everything.spec.ts" name="describe 70 &gt; example test 92" time="0.000013875">
        </testcase>
        <testcase classname="src/everything.spec.ts" name="describe 70 &gt; example test 93" time="0.000063459">
            <failure message="expected true to be false // Object.is equality" type="AssertionError">
AssertionError: expected true to be false // Object.is equality

- Expected
+ Received

- false
+ true

 ❯ src/everything.spec.ts:8:18
            </failure>
        </testcase>
        <testcase classname="src/everything.spec.ts" name="describe 70 &gt; example test 94" time="0.000014417">
        </testcase>
        <testcase classname="src/everything.spec.ts" name="describe 70 &gt; example test 95" time="0.000062333">
            <failure message="expected true to be false // Object.is equality" type="AssertionError">
AssertionError: expected true to be false // Object.is equality

- Expected
+ Received

- false
+ true

 ❯ src/everything.spec.ts:8:18
            </failure>
        </testcase>
        <testcase classname="src/everything.spec.ts" name="describe 70 &gt; example test 96" time="0.000014041">
        </testcase>
        <testcase classname="src/everything.spec.ts" name="describe 70 &gt; example test 97" time="0.000061625">
            <failure message="expected true to be false // Object.is equality" type="AssertionError">
AssertionError: expected true to be false // Object.is equality

- Expected
+ Received

- false
+ true

 ❯ src/everything.spec.ts:8:18
            </failure>
        </testcase>
        <testcase classname="src/everything.spec.ts" name="describe 70 &gt; example test 98" time="0.000013916">
        </testcase>
        <testcase classname="src/everything.spec.ts" name="describe 70 &gt; example test 99" time="0.000065459">
            <failure message="expected true to be false // Object.is equality" type="AssertionError">
AssertionError: expected true to be false // Object.is equality

- Expected
+ Received

- false
+ true

 ❯ src/everything.spec.ts:8:18
            </failure>
        </testcase>
        <testcase classname="src/everything.spec.ts" name="describe 70 &gt; example test 100" time="0.000014208">
        </testcase>
        <testcase classname="src/everything.spec.ts" name="describe 71 &gt; example test 1" time="0.000062291">
            <failure message="expected true to be false // Object.is equality" type="AssertionError">
AssertionError: expected true to be false // Object.is equality

- Expected
+ Received

- false
+ true

 ❯ src/everything.spec.ts:8:18
            </failure>
        </testcase>
        <testcase classname="src/everything.spec.ts" name="describe 71 &gt; example test 2" time="0.000013917">
        </testcase>
        <testcase classname="src/everything.spec.ts" name="describe 71 &gt; example test 3" time="0.000062625">
            <failure message="expected true to be false // Object.is equality" type="AssertionError">
AssertionError: expected true to be false // Object.is equality

- Expected
+ Received

- false
+ true

 ❯ src/everything.spec.ts:8:18
            </failure>
        </testcase>
        <testcase classname="src/everything.spec.ts" name="describe 71 &gt; example test 4" time="0.000014084">
        </testcase>
        <testcase classname="src/everything.spec.ts" name="describe 71 &gt; example test 5" time="0.000061958">
            <failure message="expected true to be false // Object.is equality" type="AssertionError">
AssertionError: expected true to be false // Object.is equality

- Expected
+ Received

- false
+ true

 ❯ src/everything.spec.ts:8:18
            </failure>
        </testcase>
        <testcase classname="src/everything.spec.ts" name="describe 71 &gt; example test 6" time="0.000013666">
        </testcase>
        <testcase classname="src/everything.spec.ts" name="describe 71 &gt; example test 7" time="0.000063792">
            <failure message="expected true to be false // Object.is equality" type="AssertionError">
AssertionError: expected true to be false // Object.is equality

- Expected
+ Received

- false
+ true

 ❯ src/everything.spec.ts:8:18
            </failure>
        </testcase>
        <testcase classname="src/everything.spec.ts" name="describe 71 &gt; example test 8" time="0.000014125">
        </testcase>
        <testcase classname="src/everything.spec.ts" name="describe 71 &gt; example test 9" time="0.000061584">
            <failure message="expected true to be false // Object.is equality" type="AssertionError">
AssertionError: expected true to be false // Object.is equality

- Expected
+ Received

- false
+ true

 ❯ src/everything.spec.ts:8:18
            </failure>
        </testcase>
        <testcase classname="src/everything.spec.ts" name="describe 71 &gt; example test 10" time="0.000013917">
        </testcase>
        <testcase classname="src/everything.spec.ts" name="describe 71 &gt; example test 11" time="0.000062417">
            <failure message="expected true to be false // Object.is equality" type="AssertionError">
AssertionError: expected true to be false // Object.is equality

- Expected
+ Received

- false
+ true

 ❯ src/everything.spec.ts:8:18
            </failure>
        </testcase>
        <testcase classname="src/everything.spec.ts" name="describe 71 &gt; example test 12" time="0.000014292">
        </testcase>
        <testcase classname="src/everything.spec.ts" name="describe 71 &gt; example test 13" time="0.000062292">
            <failure message="expected true to be false // Object.is equality" type="AssertionError">
AssertionError: expected true to be false // Object.is equality

- Expected
+ Received

- false
+ true

 ❯ src/everything.spec.ts:8:18
            </failure>
        </testcase>
        <testcase classname="src/everything.spec.ts" name="describe 71 &gt; example test 14" time="0.00001425">
        </testcase>
        <testcase classname="src/everything.spec.ts" name="describe 71 &gt; example test 15" time="0.000062542">
            <failure message="expected true to be false // Object.is equality" type="AssertionError">
AssertionError: expected true to be false // Object.is equality

- Expected
+ Received

- false
+ true

 ❯ src/everything.spec.ts:8:18
            </failure>
        </testcase>
        <testcase classname="src/everything.spec.ts" name="describe 71 &gt; example test 16" time="0.000013667">
        </testcase>
        <testcase classname="src/everything.spec.ts" name="describe 71 &gt; example test 17" time="0.000061834">
            <failure message="expected true to be false // Object.is equality" type="AssertionError">
AssertionError: expected true to be false // Object.is equality

- Expected
+ Received

- false
+ true

 ❯ src/everything.spec.ts:8:18
            </failure>
        </testcase>
        <testcase classname="src/everything.spec.ts" name="describe 71 &gt; example test 18" time="0.000014333">
        </testcase>
        <testcase classname="src/everything.spec.ts" name="describe 71 &gt; example test 19" time="0.000062167">
            <failure message="expected true to be false // Object.is equality" type="AssertionError">
AssertionError: expected true to be false // Object.is equality

- Expected
+ Received

- false
+ true

 ❯ src/everything.spec.ts:8:18
            </failure>
        </testcase>
        <testcase classname="src/everything.spec.ts" name="describe 71 &gt; example test 20" time="0.000014125">
        </testcase>
        <testcase classname="src/everything.spec.ts" name="describe 71 &gt; example test 21" time="0.000064">
            <failure message="expected true to be false // Object.is equality" type="AssertionError">
AssertionError: expected true to be false // Object.is equality

- Expected
+ Received

- false
+ true

 ❯ src/everything.spec.ts:8:18
            </failure>
        </testcase>
        <testcase classname="src/everything.spec.ts" name="describe 71 &gt; example test 22" time="0.000014041">
        </testcase>
        <testcase classname="src/everything.spec.ts" name="describe 71 &gt; example test 23" time="0.000062875">
            <failure message="expected true to be false // Object.is equality" type="AssertionError">
AssertionError: expected true to be false // Object.is equality

- Expected
+ Received

- false
+ true

 ❯ src/everything.spec.ts:8:18
            </failure>
        </testcase>
        <testcase classname="src/everything.spec.ts" name="describe 71 &gt; example test 24" time="0.000013958">
        </testcase>
        <testcase classname="src/everything.spec.ts" name="describe 71 &gt; example test 25" time="0.000061458">
            <failure message="expected true to be false // Object.is equality" type="AssertionError">
AssertionError: expected true to be false // Object.is equality

- Expected
+ Received

- false
+ true

 ❯ src/everything.spec.ts:8:18
            </failure>
        </testcase>
        <testcase classname="src/everything.spec.ts" name="describe 71 &gt; example test 26" time="0.00001375">
        </testcase>
        <testcase classname="src/everything.spec.ts" name="describe 71 &gt; example test 27" time="0.000066666">
            <failure message="expected true to be false // Object.is equality" type="AssertionError">
AssertionError: expected true to be false // Object.is equality

- Expected
+ Received

- false
+ true

 ❯ src/everything.spec.ts:8:18
            </failure>
        </testcase>
        <testcase classname="src/everything.spec.ts" name="describe 71 &gt; example test 28" time="0.000014583">
        </testcase>
        <testcase classname="src/everything.spec.ts" name="describe 71 &gt; example test 29" time="0.00006175">
            <failure message="expected true to be false // Object.is equality" type="AssertionError">
AssertionError: expected true to be false // Object.is equality

- Expected
+ Received

- false
+ true

 ❯ src/everything.spec.ts:8:18
            </failure>
        </testcase>
        <testcase classname="src/everything.spec.ts" name="describe 71 &gt; example test 30" time="0.000013917">
        </testcase>
        <testcase classname="src/everything.spec.ts" name="describe 71 &gt; example test 31" time="0.000061916">
            <failure message="expected true to be false // Object.is equality" type="AssertionError">
AssertionError: expected true to be false // Object.is equality

- Expected
+ Received

- false
+ true

 ❯ src/everything.spec.ts:8:18
            </failure>
        </testcase>
        <testcase classname="src/everything.spec.ts" name="describe 71 &gt; example test 32" time="0.000014083">
        </testcase>
        <testcase classname="src/everything.spec.ts" name="describe 71 &gt; example test 33" time="0.0000615">
            <failure message="expected true to be false // Object.is equality" type="AssertionError">
AssertionError: expected true to be false // Object.is equality

- Expected
+ Received

- false
+ true

 ❯ src/everything.spec.ts:8:18
            </failure>
        </testcase>
        <testcase classname="src/everything.spec.ts" name="describe 71 &gt; example test 34" time="0.000013958">
        </testcase>
        <testcase classname="src/everything.spec.ts" name="describe 71 &gt; example test 35" time="0.000063167">
            <failure message="expected true to be false // Object.is equality" type="AssertionError">
AssertionError: expected true to be false // Object.is equality

- Expected
+ Received

- false
+ true

 ❯ src/everything.spec.ts:8:18
            </failure>
        </testcase>
        <testcase classname="src/everything.spec.ts" name="describe 71 &gt; example test 36" time="0.000013875">
        </testcase>
        <testcase classname="src/everything.spec.ts" name="describe 71 &gt; example test 37" time="0.000061792">
            <failure message="expected true to be false // Object.is equality" type="AssertionError">
AssertionError: expected true to be false // Object.is equality

- Expected
+ Received

- false
+ true

 ❯ src/everything.spec.ts:8:18
            </failure>
        </testcase>
        <testcase classname="src/everything.spec.ts" name="describe 71 &gt; example test 38" time="0.000014958">
        </testcase>
        <testcase classname="src/everything.spec.ts" name="describe 71 &gt; example test 39" time="0.000061917">
            <failure message="expected true to be false // Object.is equality" type="AssertionError">
AssertionError: expected true to be false // Object.is equality

- Expected
+ Received

- false
+ true

 ❯ src/everything.spec.ts:8:18
            </failure>
        </testcase>
        <testcase classname="src/everything.spec.ts" name="describe 71 &gt; example test 40" time="0.000014">
        </testcase>
        <testcase classname="src/everything.spec.ts" name="describe 71 &gt; example test 41" time="0.000061833">
            <failure message="expected true to be false // Object.is equality" type="AssertionError">
AssertionError: expected true to be false // Object.is equality

- Expected
+ Received

- false
+ true

 ❯ src/everything.spec.ts:8:18
            </failure>
        </testcase>
        <testcase classname="src/everything.spec.ts" name="describe 71 &gt; example test 42" time="0.000017125">
        </testcase>
        <testcase classname="src/everything.spec.ts" name="describe 71 &gt; example test 43" time="0.000062209">
            <failure message="expected true to be false // Object.is equality" type="AssertionError">
AssertionError: expected true to be false // Object.is equality

- Expected
+ Received

- false
+ true

 ❯ src/everything.spec.ts:8:18
            </failure>
        </testcase>
        <testcase classname="src/everything.spec.ts" name="describe 71 &gt; example test 44" time="0.000013625">
        </testcase>
        <testcase classname="src/everything.spec.ts" name="describe 71 &gt; example test 45" time="0.000061584">
            <failure message="expected true to be false // Object.is equality" type="AssertionError">
AssertionError: expected true to be false // Object.is equality

- Expected
+ Received

- false
+ true

 ❯ src/everything.spec.ts:8:18
            </failure>
        </testcase>
        <testcase classname="src/everything.spec.ts" name="describe 71 &gt; example test 46" time="0.000014667">
        </testcase>
        <testcase classname="src/everything.spec.ts" name="describe 71 &gt; example test 47" time="0.000062666">
            <failure message="expected true to be false // Object.is equality" type="AssertionError">
AssertionError: expected true to be false // Object.is equality

- Expected
+ Received

- false
+ true

 ❯ src/everything.spec.ts:8:18
            </failure>
        </testcase>
        <testcase classname="src/everything.spec.ts" name="describe 71 &gt; example test 48" time="0.000013583">
        </testcase>
        <testcase classname="src/everything.spec.ts" name="describe 71 &gt; example test 49" time="0.000061542">
            <failure message="expected true to be false // Object.is equality" type="AssertionError">
AssertionError: expected true to be false // Object.is equality

- Expected
+ Received

- false
+ true

 ❯ src/everything.spec.ts:8:18
            </failure>
        </testcase>
        <testcase classname="src/everything.spec.ts" name="describe 71 &gt; example test 50" time="0.000014709">
        </testcase>
        <testcase classname="src/everything.spec.ts" name="describe 71 &gt; example test 51" time="0.000062125">
            <failure message="expected true to be false // Object.is equality" type="AssertionError">
AssertionError: expected true to be false // Object.is equality

- Expected
+ Received

- false
+ true

 ❯ src/everything.spec.ts:8:18
            </failure>
        </testcase>
        <testcase classname="src/everything.spec.ts" name="describe 71 &gt; example test 52" time="0.000014083">
        </testcase>
        <testcase classname="src/everything.spec.ts" name="describe 71 &gt; example test 53" time="0.00006125">
            <failure message="expected true to be false // Object.is equality" type="AssertionError">
AssertionError: expected true to be false // Object.is equality

- Expected
+ Received

- false
+ true

 ❯ src/everything.spec.ts:8:18
            </failure>
        </testcase>
        <testcase classname="src/everything.spec.ts" name="describe 71 &gt; example test 54" time="0.000014667">
        </testcase>
        <testcase classname="src/everything.spec.ts" name="describe 71 &gt; example test 55" time="0.000061792">
            <failure message="expected true to be false // Object.is equality" type="AssertionError">
AssertionError: expected true to be false // Object.is equality

- Expected
+ Received

- false
+ true

 ❯ src/everything.spec.ts:8:18
            </failure>
        </testcase>
        <testcase classname="src/everything.spec.ts" name="describe 71 &gt; example test 56" time="0.000014375">
        </testcase>
        <testcase classname="src/everything.spec.ts" name="describe 71 &gt; example test 57" time="0.000061916">
            <failure message="expected true to be false // Object.is equality" type="AssertionError">
AssertionError: expected true to be false // Object.is equality

- Expected
+ Received

- false
+ true

 ❯ src/everything.spec.ts:8:18
            </failure>
        </testcase>
        <testcase classname="src/everything.spec.ts" name="describe 71 &gt; example test 58" time="0.000014">
        </testcase>
        <testcase classname="src/everything.spec.ts" name="describe 71 &gt; example test 59" time="0.000064667">
            <failure message="expected true to be false // Object.is equality" type="AssertionError">
AssertionError: expected true to be false // Object.is equality

- Expected
+ Received

- false
+ true

 ❯ src/everything.spec.ts:8:18
            </failure>
        </testcase>
        <testcase classname="src/everything.spec.ts" name="describe 71 &gt; example test 60" time="0.000013625">
        </testcase>
        <testcase classname="src/everything.spec.ts" name="describe 71 &gt; example test 61" time="0.000062125">
            <failure message="expected true to be false // Object.is equality" type="AssertionError">
AssertionError: expected true to be false // Object.is equality

- Expected
+ Received

- false
+ true

 ❯ src/everything.spec.ts:8:18
            </failure>
        </testcase>
        <testcase classname="src/everything.spec.ts" name="describe 71 &gt; example test 62" time="0.000014">
        </testcase>
        <testcase classname="src/everything.spec.ts" name="describe 71 &gt; example test 63" time="0.000061458">
            <failure message="expected true to be false // Object.is equality" type="AssertionError">
AssertionError: expected true to be false // Object.is equality

- Expected
+ Received

- false
+ true

 ❯ src/everything.spec.ts:8:18
            </failure>
        </testcase>
        <testcase classname="src/everything.spec.ts" name="describe 71 &gt; example test 64" time="0.00001425">
        </testcase>
        <testcase classname="src/everything.spec.ts" name="describe 71 &gt; example test 65" time="0.000061958">
            <failure message="expected true to be false // Object.is equality" type="AssertionError">
AssertionError: expected true to be false // Object.is equality

- Expected
+ Received

- false
+ true

 ❯ src/everything.spec.ts:8:18
            </failure>
        </testcase>
        <testcase classname="src/everything.spec.ts" name="describe 71 &gt; example test 66" time="0.000014291">
        </testcase>
        <testcase classname="src/everything.spec.ts" name="describe 71 &gt; example test 67" time="0.000061542">
            <failure message="expected true to be false // Object.is equality" type="AssertionError">
AssertionError: expected true to be false // Object.is equality

- Expected
+ Received

- false
+ true

 ❯ src/everything.spec.ts:8:18
            </failure>
        </testcase>
        <testcase classname="src/everything.spec.ts" name="describe 71 &gt; example test 68" time="0.000014417">
        </testcase>
        <testcase classname="src/everything.spec.ts" name="describe 71 &gt; example test 69" time="0.000063042">
            <failure message="expected true to be false // Object.is equality" type="AssertionError">
AssertionError: expected true to be false // Object.is equality

- Expected
+ Received

- false
+ true

 ❯ src/everything.spec.ts:8:18
            </failure>
        </testcase>
        <testcase classname="src/everything.spec.ts" name="describe 71 &gt; example test 70" time="0.00001425">
        </testcase>
        <testcase classname="src/everything.spec.ts" name="describe 71 &gt; example test 71" time="0.000061792">
            <failure message="expected true to be false // Object.is equality" type="AssertionError">
AssertionError: expected true to be false // Object.is equality

- Expected
+ Received

- false
+ true

 ❯ src/everything.spec.ts:8:18
            </failure>
        </testcase>
        <testcase classname="src/everything.spec.ts" name="describe 71 &gt; example test 72" time="0.000013708">
        </testcase>
        <testcase classname="src/everything.spec.ts" name="describe 71 &gt; example test 73" time="0.000062625">
            <failure message="expected true to be false // Object.is equality" type="AssertionError">
AssertionError: expected true to be false // Object.is equality

- Expected
+ Received

- false
+ true

 ❯ src/everything.spec.ts:8:18
            </failure>
        </testcase>
        <testcase classname="src/everything.spec.ts" name="describe 71 &gt; example test 74" time="0.00001375">
        </testcase>
        <testcase classname="src/everything.spec.ts" name="describe 71 &gt; example test 75" time="0.000061459">
            <failure message="expected true to be false // Object.is equality" type="AssertionError">
AssertionError: expected true to be false // Object.is equality

- Expected
+ Received

- false
+ true

 ❯ src/everything.spec.ts:8:18
            </failure>
        </testcase>
        <testcase classname="src/everything.spec.ts" name="describe 71 &gt; example test 76" time="0.000014042">
        </testcase>
        <testcase classname="src/everything.spec.ts" name="describe 71 &gt; example test 77" time="0.000061917">
            <failure message="expected true to be false // Object.is equality" type="AssertionError">
AssertionError: expected true to be false // Object.is equality

- Expected
+ Received

- false
+ true

 ❯ src/everything.spec.ts:8:18
            </failure>
        </testcase>
        <testcase classname="src/everything.spec.ts" name="describe 71 &gt; example test 78" time="0.000014125">
        </testcase>
        <testcase classname="src/everything.spec.ts" name="describe 71 &gt; example test 79" time="0.000061917">
            <failure message="expected true to be false // Object.is equality" type="AssertionError">
AssertionError: expected true to be false // Object.is equality

- Expected
+ Received

- false
+ true

 ❯ src/everything.spec.ts:8:18
            </failure>
        </testcase>
        <testcase classname="src/everything.spec.ts" name="describe 71 &gt; example test 80" time="0.000014125">
        </testcase>
        <testcase classname="src/everything.spec.ts" name="describe 71 &gt; example test 81" time="0.000062708">
            <failure message="expected true to be false // Object.is equality" type="AssertionError">
AssertionError: expected true to be false // Object.is equality

- Expected
+ Received

- false
+ true

 ❯ src/everything.spec.ts:8:18
            </failure>
        </testcase>
        <testcase classname="src/everything.spec.ts" name="describe 71 &gt; example test 82" time="0.000013917">
        </testcase>
        <testcase classname="src/everything.spec.ts" name="describe 71 &gt; example test 83" time="0.0000615">
            <failure message="expected true to be false // Object.is equality" type="AssertionError">
AssertionError: expected true to be false // Object.is equality

- Expected
+ Received

- false
+ true

 ❯ src/everything.spec.ts:8:18
            </failure>
        </testcase>
        <testcase classname="src/everything.spec.ts" name="describe 71 &gt; example test 84" time="0.0000145">
        </testcase>
        <testcase classname="src/everything.spec.ts" name="describe 71 &gt; example test 85" time="0.000062209">
            <failure message="expected true to be false // Object.is equality" type="AssertionError">
AssertionError: expected true to be false // Object.is equality

- Expected
+ Received

- false
+ true

 ❯ src/everything.spec.ts:8:18
            </failure>
        </testcase>
        <testcase classname="src/everything.spec.ts" name="describe 71 &gt; example test 86" time="0.000014084">
        </testcase>
        <testcase classname="src/everything.spec.ts" name="describe 71 &gt; example test 87" time="0.000061">
            <failure message="expected true to be false // Object.is equality" type="AssertionError">
AssertionError: expected true to be false // Object.is equality

- Expected
+ Received

- false
+ true

 ❯ src/everything.spec.ts:8:18
            </failure>
        </testcase>
        <testcase classname="src/everything.spec.ts" name="describe 71 &gt; example test 88" time="0.000014083">
        </testcase>
        <testcase classname="src/everything.spec.ts" name="describe 71 &gt; example test 89" time="0.000065167">
            <failure message="expected true to be false // Object.is equality" type="AssertionError">
AssertionError: expected true to be false // Object.is equality

- Expected
+ Received

- false
+ true

 ❯ src/everything.spec.ts:8:18
            </failure>
        </testcase>
        <testcase classname="src/everything.spec.ts" name="describe 71 &gt; example test 90" time="0.000014166">
        </testcase>
        <testcase classname="src/everything.spec.ts" name="describe 71 &gt; example test 91" time="0.000087125">
            <failure message="expected true to be false // Object.is equality" type="AssertionError">
AssertionError: expected true to be false // Object.is equality

- Expected
+ Received

- false
+ true

 ❯ src/everything.spec.ts:8:18
            </failure>
        </testcase>
        <testcase classname="src/everything.spec.ts" name="describe 71 &gt; example test 92" time="0.000015">
        </testcase>
        <testcase classname="src/everything.spec.ts" name="describe 71 &gt; example test 93" time="0.000070167">
            <failure message="expected true to be false // Object.is equality" type="AssertionError">
AssertionError: expected true to be false // Object.is equality

- Expected
+ Received

- false
+ true

 ❯ src/everything.spec.ts:8:18
            </failure>
        </testcase>
        <testcase classname="src/everything.spec.ts" name="describe 71 &gt; example test 94" time="0.000014291">
        </testcase>
        <testcase classname="src/everything.spec.ts" name="describe 71 &gt; example test 95" time="0.000063667">
            <failure message="expected true to be false // Object.is equality" type="AssertionError">
AssertionError: expected true to be false // Object.is equality

- Expected
+ Received

- false
+ true

 ❯ src/everything.spec.ts:8:18
            </failure>
        </testcase>
        <testcase classname="src/everything.spec.ts" name="describe 71 &gt; example test 96" time="0.000014541">
        </testcase>
        <testcase classname="src/everything.spec.ts" name="describe 71 &gt; example test 97" time="0.000064208">
            <failure message="expected true to be false // Object.is equality" type="AssertionError">
AssertionError: expected true to be false // Object.is equality

- Expected
+ Received

- false
+ true

 ❯ src/everything.spec.ts:8:18
            </failure>
        </testcase>
        <testcase classname="src/everything.spec.ts" name="describe 71 &gt; example test 98" time="0.000014583">
        </testcase>
        <testcase classname="src/everything.spec.ts" name="describe 71 &gt; example test 99" time="0.000063667">
            <failure message="expected true to be false // Object.is equality" type="AssertionError">
AssertionError: expected true to be false // Object.is equality

- Expected
+ Received

- false
+ true

 ❯ src/everything.spec.ts:8:18
            </failure>
        </testcase>
        <testcase classname="src/everything.spec.ts" name="describe 71 &gt; example test 100" time="0.000014625">
        </testcase>
        <testcase classname="src/everything.spec.ts" name="describe 72 &gt; example test 1" time="0.000065125">
            <failure message="expected true to be false // Object.is equality" type="AssertionError">
AssertionError: expected true to be false // Object.is equality

- Expected
+ Received

- false
+ true

 ❯ src/everything.spec.ts:8:18
            </failure>
        </testcase>
        <testcase classname="src/everything.spec.ts" name="describe 72 &gt; example test 2" time="0.000014375">
        </testcase>
        <testcase classname="src/everything.spec.ts" name="describe 72 &gt; example test 3" time="0.000068417">
            <failure message="expected true to be false // Object.is equality" type="AssertionError">
AssertionError: expected true to be false // Object.is equality

- Expected
+ Received

- false
+ true

 ❯ src/everything.spec.ts:8:18
            </failure>
        </testcase>
        <testcase classname="src/everything.spec.ts" name="describe 72 &gt; example test 4" time="0.000014833">
        </testcase>
        <testcase classname="src/everything.spec.ts" name="describe 72 &gt; example test 5" time="0.000462458">
            <failure message="expected true to be false // Object.is equality" type="AssertionError">
AssertionError: expected true to be false // Object.is equality

- Expected
+ Received

- false
+ true

 ❯ src/everything.spec.ts:8:18
            </failure>
        </testcase>
        <testcase classname="src/everything.spec.ts" name="describe 72 &gt; example test 6" time="0.000028833">
        </testcase>
        <testcase classname="src/everything.spec.ts" name="describe 72 &gt; example test 7" time="0.000101667">
            <failure message="expected true to be false // Object.is equality" type="AssertionError">
AssertionError: expected true to be false // Object.is equality

- Expected
+ Received

- false
+ true

 ❯ src/everything.spec.ts:8:18
            </failure>
        </testcase>
        <testcase classname="src/everything.spec.ts" name="describe 72 &gt; example test 8" time="0.000018375">
        </testcase>
        <testcase classname="src/everything.spec.ts" name="describe 72 &gt; example test 9" time="0.000076375">
            <failure message="expected true to be false // Object.is equality" type="AssertionError">
AssertionError: expected true to be false // Object.is equality

- Expected
+ Received

- false
+ true

 ❯ src/everything.spec.ts:8:18
            </failure>
        </testcase>
        <testcase classname="src/everything.spec.ts" name="describe 72 &gt; example test 10" time="0.00001625">
        </testcase>
        <testcase classname="src/everything.spec.ts" name="describe 72 &gt; example test 11" time="0.000075416">
            <failure message="expected true to be false // Object.is equality" type="AssertionError">
AssertionError: expected true to be false // Object.is equality

- Expected
+ Received

- false
+ true

 ❯ src/everything.spec.ts:8:18
            </failure>
        </testcase>
        <testcase classname="src/everything.spec.ts" name="describe 72 &gt; example test 12" time="0.000015583">
        </testcase>
        <testcase classname="src/everything.spec.ts" name="describe 72 &gt; example test 13" time="0.000068625">
            <failure message="expected true to be false // Object.is equality" type="AssertionError">
AssertionError: expected true to be false // Object.is equality

- Expected
+ Received

- false
+ true

 ❯ src/everything.spec.ts:8:18
            </failure>
        </testcase>
        <testcase classname="src/everything.spec.ts" name="describe 72 &gt; example test 14" time="0.000015458">
        </testcase>
        <testcase classname="src/everything.spec.ts" name="describe 72 &gt; example test 15" time="0.000072417">
            <failure message="expected true to be false // Object.is equality" type="AssertionError">
AssertionError: expected true to be false // Object.is equality

- Expected
+ Received

- false
+ true

 ❯ src/everything.spec.ts:8:18
            </failure>
        </testcase>
        <testcase classname="src/everything.spec.ts" name="describe 72 &gt; example test 16" time="0.000015708">
        </testcase>
        <testcase classname="src/everything.spec.ts" name="describe 72 &gt; example test 17" time="0.000068333">
            <failure message="expected true to be false // Object.is equality" type="AssertionError">
AssertionError: expected true to be false // Object.is equality

- Expected
+ Received

- false
+ true

 ❯ src/everything.spec.ts:8:18
            </failure>
        </testcase>
        <testcase classname="src/everything.spec.ts" name="describe 72 &gt; example test 18" time="0.00001475">
        </testcase>
        <testcase classname="src/everything.spec.ts" name="describe 72 &gt; example test 19" time="0.000080334">
            <failure message="expected true to be false // Object.is equality" type="AssertionError">
AssertionError: expected true to be false // Object.is equality

- Expected
+ Received

- false
+ true

 ❯ src/everything.spec.ts:8:18
            </failure>
        </testcase>
        <testcase classname="src/everything.spec.ts" name="describe 72 &gt; example test 20" time="0.000014875">
        </testcase>
        <testcase classname="src/everything.spec.ts" name="describe 72 &gt; example test 21" time="0.000066417">
            <failure message="expected true to be false // Object.is equality" type="AssertionError">
AssertionError: expected true to be false // Object.is equality

- Expected
+ Received

- false
+ true

 ❯ src/everything.spec.ts:8:18
            </failure>
        </testcase>
        <testcase classname="src/everything.spec.ts" name="describe 72 &gt; example test 22" time="0.000014708">
        </testcase>
        <testcase classname="src/everything.spec.ts" name="describe 72 &gt; example test 23" time="0.000071">
            <failure message="expected true to be false // Object.is equality" type="AssertionError">
AssertionError: expected true to be false // Object.is equality

- Expected
+ Received

- false
+ true

 ❯ src/everything.spec.ts:8:18
            </failure>
        </testcase>
        <testcase classname="src/everything.spec.ts" name="describe 72 &gt; example test 24" time="0.000015041">
        </testcase>
        <testcase classname="src/everything.spec.ts" name="describe 72 &gt; example test 25" time="0.00006725">
            <failure message="expected true to be false // Object.is equality" type="AssertionError">
AssertionError: expected true to be false // Object.is equality

- Expected
+ Received

- false
+ true

 ❯ src/everything.spec.ts:8:18
            </failure>
        </testcase>
        <testcase classname="src/everything.spec.ts" name="describe 72 &gt; example test 26" time="0.000015042">
        </testcase>
        <testcase classname="src/everything.spec.ts" name="describe 72 &gt; example test 27" time="0.000067667">
            <failure message="expected true to be false // Object.is equality" type="AssertionError">
AssertionError: expected true to be false // Object.is equality

- Expected
+ Received

- false
+ true

 ❯ src/everything.spec.ts:8:18
            </failure>
        </testcase>
        <testcase classname="src/everything.spec.ts" name="describe 72 &gt; example test 28" time="0.000016833">
        </testcase>
        <testcase classname="src/everything.spec.ts" name="describe 72 &gt; example test 29" time="0.000066542">
            <failure message="expected true to be false // Object.is equality" type="AssertionError">
AssertionError: expected true to be false // Object.is equality

- Expected
+ Received

- false
+ true

 ❯ src/everything.spec.ts:8:18
            </failure>
        </testcase>
        <testcase classname="src/everything.spec.ts" name="describe 72 &gt; example test 30" time="0.000015917">
        </testcase>
        <testcase classname="src/everything.spec.ts" name="describe 72 &gt; example test 31" time="0.000064917">
            <failure message="expected true to be false // Object.is equality" type="AssertionError">
AssertionError: expected true to be false // Object.is equality

- Expected
+ Received

- false
+ true

 ❯ src/everything.spec.ts:8:18
            </failure>
        </testcase>
        <testcase classname="src/everything.spec.ts" name="describe 72 &gt; example test 32" time="0.000016917">
        </testcase>
        <testcase classname="src/everything.spec.ts" name="describe 72 &gt; example test 33" time="0.000064666">
            <failure message="expected true to be false // Object.is equality" type="AssertionError">
AssertionError: expected true to be false // Object.is equality

- Expected
+ Received

- false
+ true

 ❯ src/everything.spec.ts:8:18
            </failure>
        </testcase>
        <testcase classname="src/everything.spec.ts" name="describe 72 &gt; example test 34" time="0.000014709">
        </testcase>
        <testcase classname="src/everything.spec.ts" name="describe 72 &gt; example test 35" time="0.000066541">
            <failure message="expected true to be false // Object.is equality" type="AssertionError">
AssertionError: expected true to be false // Object.is equality

- Expected
+ Received

- false
+ true

 ❯ src/everything.spec.ts:8:18
            </failure>
        </testcase>
        <testcase classname="src/everything.spec.ts" name="describe 72 &gt; example test 36" time="0.00001725">
        </testcase>
        <testcase classname="src/everything.spec.ts" name="describe 72 &gt; example test 37" time="0.000065458">
            <failure message="expected true to be false // Object.is equality" type="AssertionError">
AssertionError: expected true to be false // Object.is equality

- Expected
+ Received

- false
+ true

 ❯ src/everything.spec.ts:8:18
            </failure>
        </testcase>
        <testcase classname="src/everything.spec.ts" name="describe 72 &gt; example test 38" time="0.000015042">
        </testcase>
        <testcase classname="src/everything.spec.ts" name="describe 72 &gt; example test 39" time="0.0000645">
            <failure message="expected true to be false // Object.is equality" type="AssertionError">
AssertionError: expected true to be false // Object.is equality

- Expected
+ Received

- false
+ true

 ❯ src/everything.spec.ts:8:18
            </failure>
        </testcase>
        <testcase classname="src/everything.spec.ts" name="describe 72 &gt; example test 40" time="0.00001675">
        </testcase>
        <testcase classname="src/everything.spec.ts" name="describe 72 &gt; example test 41" time="0.000064667">
            <failure message="expected true to be false // Object.is equality" type="AssertionError">
AssertionError: expected true to be false // Object.is equality

- Expected
+ Received

- false
+ true

 ❯ src/everything.spec.ts:8:18
            </failure>
        </testcase>
        <testcase classname="src/everything.spec.ts" name="describe 72 &gt; example test 42" time="0.000014833">
        </testcase>
        <testcase classname="src/everything.spec.ts" name="describe 72 &gt; example test 43" time="0.0000655">
            <failure message="expected true to be false // Object.is equality" type="AssertionError">
AssertionError: expected true to be false // Object.is equality

- Expected
+ Received

- false
+ true

 ❯ src/everything.spec.ts:8:18
            </failure>
        </testcase>
        <testcase classname="src/everything.spec.ts" name="describe 72 &gt; example test 44" time="0.000016833">
        </testcase>
        <testcase classname="src/everything.spec.ts" name="describe 72 &gt; example test 45" time="0.000064625">
            <failure message="expected true to be false // Object.is equality" type="AssertionError">
AssertionError: expected true to be false // Object.is equality

- Expected
+ Received

- false
+ true

 ❯ src/everything.spec.ts:8:18
            </failure>
        </testcase>
        <testcase classname="src/everything.spec.ts" name="describe 72 &gt; example test 46" time="0.00001475">
        </testcase>
        <testcase classname="src/everything.spec.ts" name="describe 72 &gt; example test 47" time="0.000065458">
            <failure message="expected true to be false // Object.is equality" type="AssertionError">
AssertionError: expected true to be false // Object.is equality

- Expected
+ Received

- false
+ true

 ❯ src/everything.spec.ts:8:18
            </failure>
        </testcase>
        <testcase classname="src/everything.spec.ts" name="describe 72 &gt; example test 48" time="0.000014541">
        </testcase>
        <testcase classname="src/everything.spec.ts" name="describe 72 &gt; example test 49" time="0.00006425">
            <failure message="expected true to be false // Object.is equality" type="AssertionError">
AssertionError: expected true to be false // Object.is equality

- Expected
+ Received

- false
+ true

 ❯ src/everything.spec.ts:8:18
            </failure>
        </testcase>
        <testcase classname="src/everything.spec.ts" name="describe 72 &gt; example test 50" time="0.000015">
        </testcase>
        <testcase classname="src/everything.spec.ts" name="describe 72 &gt; example test 51" time="0.000064833">
            <failure message="expected true to be false // Object.is equality" type="AssertionError">
AssertionError: expected true to be false // Object.is equality

- Expected
+ Received

- false
+ true

 ❯ src/everything.spec.ts:8:18
            </failure>
        </testcase>
        <testcase classname="src/everything.spec.ts" name="describe 72 &gt; example test 52" time="0.000016833">
        </testcase>
        <testcase classname="src/everything.spec.ts" name="describe 72 &gt; example test 53" time="0.000064917">
            <failure message="expected true to be false // Object.is equality" type="AssertionError">
AssertionError: expected true to be false // Object.is equality

- Expected
+ Received

- false
+ true

 ❯ src/everything.spec.ts:8:18
            </failure>
        </testcase>
        <testcase classname="src/everything.spec.ts" name="describe 72 &gt; example test 54" time="0.000014708">
        </testcase>
        <testcase classname="src/everything.spec.ts" name="describe 72 &gt; example test 55" time="0.000067417">
            <failure message="expected true to be false // Object.is equality" type="AssertionError">
AssertionError: expected true to be false // Object.is equality

- Expected
+ Received

- false
+ true

 ❯ src/everything.spec.ts:8:18
            </failure>
        </testcase>
        <testcase classname="src/everything.spec.ts" name="describe 72 &gt; example test 56" time="0.000016917">
        </testcase>
        <testcase classname="src/everything.spec.ts" name="describe 72 &gt; example test 57" time="0.000064292">
            <failure message="expected true to be false // Object.is equality" type="AssertionError">
AssertionError: expected true to be false // Object.is equality

- Expected
+ Received

- false
+ true

 ❯ src/everything.spec.ts:8:18
            </failure>
        </testcase>
        <testcase classname="src/everything.spec.ts" name="describe 72 &gt; example test 58" time="0.000014917">
        </testcase>
        <testcase classname="src/everything.spec.ts" name="describe 72 &gt; example test 59" time="0.000065125">
            <failure message="expected true to be false // Object.is equality" type="AssertionError">
AssertionError: expected true to be false // Object.is equality

- Expected
+ Received

- false
+ true

 ❯ src/everything.spec.ts:8:18
            </failure>
        </testcase>
        <testcase classname="src/everything.spec.ts" name="describe 72 &gt; example test 60" time="0.000014458">
        </testcase>
        <testcase classname="src/everything.spec.ts" name="describe 72 &gt; example test 61" time="0.000067041">
            <failure message="expected true to be false // Object.is equality" type="AssertionError">
AssertionError: expected true to be false // Object.is equality

- Expected
+ Received

- false
+ true

 ❯ src/everything.spec.ts:8:18
            </failure>
        </testcase>
        <testcase classname="src/everything.spec.ts" name="describe 72 &gt; example test 62" time="0.000015084">
        </testcase>
        <testcase classname="src/everything.spec.ts" name="describe 72 &gt; example test 63" time="0.000067375">
            <failure message="expected true to be false // Object.is equality" type="AssertionError">
AssertionError: expected true to be false // Object.is equality

- Expected
+ Received

- false
+ true

 ❯ src/everything.spec.ts:8:18
            </failure>
        </testcase>
        <testcase classname="src/everything.spec.ts" name="describe 72 &gt; example test 64" time="0.000014667">
        </testcase>
        <testcase classname="src/everything.spec.ts" name="describe 72 &gt; example test 65" time="0.000066542">
            <failure message="expected true to be false // Object.is equality" type="AssertionError">
AssertionError: expected true to be false // Object.is equality

- Expected
+ Received

- false
+ true

 ❯ src/everything.spec.ts:8:18
            </failure>
        </testcase>
        <testcase classname="src/everything.spec.ts" name="describe 72 &gt; example test 66" time="0.0000145">
        </testcase>
        <testcase classname="src/everything.spec.ts" name="describe 72 &gt; example test 67" time="0.000067083">
            <failure message="expected true to be false // Object.is equality" type="AssertionError">
AssertionError: expected true to be false // Object.is equality

- Expected
+ Received

- false
+ true

 ❯ src/everything.spec.ts:8:18
            </failure>
        </testcase>
        <testcase classname="src/everything.spec.ts" name="describe 72 &gt; example test 68" time="0.000048166">
        </testcase>
        <testcase classname="src/everything.spec.ts" name="describe 72 &gt; example test 69" time="0.000065792">
            <failure message="expected true to be false // Object.is equality" type="AssertionError">
AssertionError: expected true to be false // Object.is equality

- Expected
+ Received

- false
+ true

 ❯ src/everything.spec.ts:8:18
            </failure>
        </testcase>
        <testcase classname="src/everything.spec.ts" name="describe 72 &gt; example test 70" time="0.000014416">
        </testcase>
        <testcase classname="src/everything.spec.ts" name="describe 72 &gt; example test 71" time="0.000065958">
            <failure message="expected true to be false // Object.is equality" type="AssertionError">
AssertionError: expected true to be false // Object.is equality

- Expected
+ Received

- false
+ true

 ❯ src/everything.spec.ts:8:18
            </failure>
        </testcase>
        <testcase classname="src/everything.spec.ts" name="describe 72 &gt; example test 72" time="0.000014417">
        </testcase>
        <testcase classname="src/everything.spec.ts" name="describe 72 &gt; example test 73" time="0.000063709">
            <failure message="expected true to be false // Object.is equality" type="AssertionError">
AssertionError: expected true to be false // Object.is equality

- Expected
+ Received

- false
+ true

 ❯ src/everything.spec.ts:8:18
            </failure>
        </testcase>
        <testcase classname="src/everything.spec.ts" name="describe 72 &gt; example test 74" time="0.000013875">
        </testcase>
        <testcase classname="src/everything.spec.ts" name="describe 72 &gt; example test 75" time="0.000064875">
            <failure message="expected true to be false // Object.is equality" type="AssertionError">
AssertionError: expected true to be false // Object.is equality

- Expected
+ Received

- false
+ true

 ❯ src/everything.spec.ts:8:18
            </failure>
        </testcase>
        <testcase classname="src/everything.spec.ts" name="describe 72 &gt; example test 76" time="0.000014542">
        </testcase>
        <testcase classname="src/everything.spec.ts" name="describe 72 &gt; example test 77" time="0.000062333">
            <failure message="expected true to be false // Object.is equality" type="AssertionError">
AssertionError: expected true to be false // Object.is equality

- Expected
+ Received

- false
+ true

 ❯ src/everything.spec.ts:8:18
            </failure>
        </testcase>
        <testcase classname="src/everything.spec.ts" name="describe 72 &gt; example test 78" time="0.000018166">
        </testcase>
        <testcase classname="src/everything.spec.ts" name="describe 72 &gt; example test 79" time="0.000061875">
            <failure message="expected true to be false // Object.is equality" type="AssertionError">
AssertionError: expected true to be false // Object.is equality

- Expected
+ Received

- false
+ true

 ❯ src/everything.spec.ts:8:18
            </failure>
        </testcase>
        <testcase classname="src/everything.spec.ts" name="describe 72 &gt; example test 80" time="0.000014375">
        </testcase>
        <testcase classname="src/everything.spec.ts" name="describe 72 &gt; example test 81" time="0.000061834">
            <failure message="expected true to be false // Object.is equality" type="AssertionError">
AssertionError: expected true to be false // Object.is equality

- Expected
+ Received

- false
+ true

 ❯ src/everything.spec.ts:8:18
            </failure>
        </testcase>
        <testcase classname="src/everything.spec.ts" name="describe 72 &gt; example test 82" time="0.000017375">
        </testcase>
        <testcase classname="src/everything.spec.ts" name="describe 72 &gt; example test 83" time="0.000063208">
            <failure message="expected true to be false // Object.is equality" type="AssertionError">
AssertionError: expected true to be false // Object.is equality

- Expected
+ Received

- false
+ true

 ❯ src/everything.spec.ts:8:18
            </failure>
        </testcase>
        <testcase classname="src/everything.spec.ts" name="describe 72 &gt; example test 84" time="0.000014542">
        </testcase>
        <testcase classname="src/everything.spec.ts" name="describe 72 &gt; example test 85" time="0.000062334">
            <failure message="expected true to be false // Object.is equality" type="AssertionError">
AssertionError: expected true to be false // Object.is equality

- Expected
+ Received

- false
+ true

 ❯ src/everything.spec.ts:8:18
            </failure>
        </testcase>
        <testcase classname="src/everything.spec.ts" name="describe 72 &gt; example test 86" time="0.000014875">
        </testcase>
        <testcase classname="src/everything.spec.ts" name="describe 72 &gt; example test 87" time="0.00006225">
            <failure message="expected true to be false // Object.is equality" type="AssertionError">
AssertionError: expected true to be false // Object.is equality

- Expected
+ Received

- false
+ true

 ❯ src/everything.spec.ts:8:18
            </failure>
        </testcase>
        <testcase classname="src/everything.spec.ts" name="describe 72 &gt; example test 88" time="0.000014084">
        </testcase>
        <testcase classname="src/everything.spec.ts" name="describe 72 &gt; example test 89" time="0.000061375">
            <failure message="expected true to be false // Object.is equality" type="AssertionError">
AssertionError: expected true to be false // Object.is equality

- Expected
+ Received

- false
+ true

 ❯ src/everything.spec.ts:8:18
            </failure>
        </testcase>
        <testcase classname="src/everything.spec.ts" name="describe 72 &gt; example test 90" time="0.000014666">
        </testcase>
        <testcase classname="src/everything.spec.ts" name="describe 72 &gt; example test 91" time="0.000062625">
            <failure message="expected true to be false // Object.is equality" type="AssertionError">
AssertionError: expected true to be false // Object.is equality

- Expected
+ Received

- false
+ true

 ❯ src/everything.spec.ts:8:18
            </failure>
        </testcase>
        <testcase classname="src/everything.spec.ts" name="describe 72 &gt; example test 92" time="0.000014083">
        </testcase>
        <testcase classname="src/everything.spec.ts" name="describe 72 &gt; example test 93" time="0.000063334">
            <failure message="expected true to be false // Object.is equality" type="AssertionError">
AssertionError: expected true to be false // Object.is equality

- Expected
+ Received

- false
+ true

 ❯ src/everything.spec.ts:8:18
            </failure>
        </testcase>
        <testcase classname="src/everything.spec.ts" name="describe 72 &gt; example test 94" time="0.000014583">
        </testcase>
        <testcase classname="src/everything.spec.ts" name="describe 72 &gt; example test 95" time="0.000063833">
            <failure message="expected true to be false // Object.is equality" type="AssertionError">
AssertionError: expected true to be false // Object.is equality

- Expected
+ Received

- false
+ true

 ❯ src/everything.spec.ts:8:18
            </failure>
        </testcase>
        <testcase classname="src/everything.spec.ts" name="describe 72 &gt; example test 96" time="0.000014708">
        </testcase>
        <testcase classname="src/everything.spec.ts" name="describe 72 &gt; example test 97" time="0.000062625">
            <failure message="expected true to be false // Object.is equality" type="AssertionError">
AssertionError: expected true to be false // Object.is equality

- Expected
+ Received

- false
+ true

 ❯ src/everything.spec.ts:8:18
            </failure>
        </testcase>
        <testcase classname="src/everything.spec.ts" name="describe 72 &gt; example test 98" time="0.000014625">
        </testcase>
        <testcase classname="src/everything.spec.ts" name="describe 72 &gt; example test 99" time="0.000066083">
            <failure message="expected true to be false // Object.is equality" type="AssertionError">
AssertionError: expected true to be false // Object.is equality

- Expected
+ Received

- false
+ true

 ❯ src/everything.spec.ts:8:18
            </failure>
        </testcase>
        <testcase classname="src/everything.spec.ts" name="describe 72 &gt; example test 100" time="0.000014042">
        </testcase>
        <testcase classname="src/everything.spec.ts" name="describe 73 &gt; example test 1" time="0.000066458">
            <failure message="expected true to be false // Object.is equality" type="AssertionError">
AssertionError: expected true to be false // Object.is equality

- Expected
+ Received

- false
+ true

 ❯ src/everything.spec.ts:8:18
            </failure>
        </testcase>
        <testcase classname="src/everything.spec.ts" name="describe 73 &gt; example test 2" time="0.000014084">
        </testcase>
        <testcase classname="src/everything.spec.ts" name="describe 73 &gt; example test 3" time="0.000065125">
            <failure message="expected true to be false // Object.is equality" type="AssertionError">
AssertionError: expected true to be false // Object.is equality

- Expected
+ Received

- false
+ true

 ❯ src/everything.spec.ts:8:18
            </failure>
        </testcase>
        <testcase classname="src/everything.spec.ts" name="describe 73 &gt; example test 4" time="0.000014583">
        </testcase>
        <testcase classname="src/everything.spec.ts" name="describe 73 &gt; example test 5" time="0.000068167">
            <failure message="expected true to be false // Object.is equality" type="AssertionError">
AssertionError: expected true to be false // Object.is equality

- Expected
+ Received

- false
+ true

 ❯ src/everything.spec.ts:8:18
            </failure>
        </testcase>
        <testcase classname="src/everything.spec.ts" name="describe 73 &gt; example test 6" time="0.000014">
        </testcase>
        <testcase classname="src/everything.spec.ts" name="describe 73 &gt; example test 7" time="0.000062208">
            <failure message="expected true to be false // Object.is equality" type="AssertionError">
AssertionError: expected true to be false // Object.is equality

- Expected
+ Received

- false
+ true

 ❯ src/everything.spec.ts:8:18
            </failure>
        </testcase>
        <testcase classname="src/everything.spec.ts" name="describe 73 &gt; example test 8" time="0.000014042">
        </testcase>
        <testcase classname="src/everything.spec.ts" name="describe 73 &gt; example test 9" time="0.000063084">
            <failure message="expected true to be false // Object.is equality" type="AssertionError">
AssertionError: expected true to be false // Object.is equality

- Expected
+ Received

- false
+ true

 ❯ src/everything.spec.ts:8:18
            </failure>
        </testcase>
        <testcase classname="src/everything.spec.ts" name="describe 73 &gt; example test 10" time="0.00001425">
        </testcase>
        <testcase classname="src/everything.spec.ts" name="describe 73 &gt; example test 11" time="0.000060791">
            <failure message="expected true to be false // Object.is equality" type="AssertionError">
AssertionError: expected true to be false // Object.is equality

- Expected
+ Received

- false
+ true

 ❯ src/everything.spec.ts:8:18
            </failure>
        </testcase>
        <testcase classname="src/everything.spec.ts" name="describe 73 &gt; example test 12" time="0.000014125">
        </testcase>
        <testcase classname="src/everything.spec.ts" name="describe 73 &gt; example test 13" time="0.000062292">
            <failure message="expected true to be false // Object.is equality" type="AssertionError">
AssertionError: expected true to be false // Object.is equality

- Expected
+ Received

- false
+ true

 ❯ src/everything.spec.ts:8:18
            </failure>
        </testcase>
        <testcase classname="src/everything.spec.ts" name="describe 73 &gt; example test 14" time="0.000014125">
        </testcase>
        <testcase classname="src/everything.spec.ts" name="describe 73 &gt; example test 15" time="0.000062208">
            <failure message="expected true to be false // Object.is equality" type="AssertionError">
AssertionError: expected true to be false // Object.is equality

- Expected
+ Received

- false
+ true

 ❯ src/everything.spec.ts:8:18
            </failure>
        </testcase>
        <testcase classname="src/everything.spec.ts" name="describe 73 &gt; example test 16" time="0.000014125">
        </testcase>
        <testcase classname="src/everything.spec.ts" name="describe 73 &gt; example test 17" time="0.000063166">
            <failure message="expected true to be false // Object.is equality" type="AssertionError">
AssertionError: expected true to be false // Object.is equality

- Expected
+ Received

- false
+ true

 ❯ src/everything.spec.ts:8:18
            </failure>
        </testcase>
        <testcase classname="src/everything.spec.ts" name="describe 73 &gt; example test 18" time="0.000013625">
        </testcase>
        <testcase classname="src/everything.spec.ts" name="describe 73 &gt; example test 19" time="0.000061791">
            <failure message="expected true to be false // Object.is equality" type="AssertionError">
AssertionError: expected true to be false // Object.is equality

- Expected
+ Received

- false
+ true

 ❯ src/everything.spec.ts:8:18
            </failure>
        </testcase>
        <testcase classname="src/everything.spec.ts" name="describe 73 &gt; example test 20" time="0.000014375">
        </testcase>
        <testcase classname="src/everything.spec.ts" name="describe 73 &gt; example test 21" time="0.000062541">
            <failure message="expected true to be false // Object.is equality" type="AssertionError">
AssertionError: expected true to be false // Object.is equality

- Expected
+ Received

- false
+ true

 ❯ src/everything.spec.ts:8:18
            </failure>
        </testcase>
        <testcase classname="src/everything.spec.ts" name="describe 73 &gt; example test 22" time="0.000014166">
        </testcase>
        <testcase classname="src/everything.spec.ts" name="describe 73 &gt; example test 23" time="0.000061334">
            <failure message="expected true to be false // Object.is equality" type="AssertionError">
AssertionError: expected true to be false // Object.is equality

- Expected
+ Received

- false
+ true

 ❯ src/everything.spec.ts:8:18
            </failure>
        </testcase>
        <testcase classname="src/everything.spec.ts" name="describe 73 &gt; example test 24" time="0.000013917">
        </testcase>
        <testcase classname="src/everything.spec.ts" name="describe 73 &gt; example test 25" time="0.000062625">
            <failure message="expected true to be false // Object.is equality" type="AssertionError">
AssertionError: expected true to be false // Object.is equality

- Expected
+ Received

- false
+ true

 ❯ src/everything.spec.ts:8:18
            </failure>
        </testcase>
        <testcase classname="src/everything.spec.ts" name="describe 73 &gt; example test 26" time="0.000013625">
        </testcase>
        <testcase classname="src/everything.spec.ts" name="describe 73 &gt; example test 27" time="0.000062125">
            <failure message="expected true to be false // Object.is equality" type="AssertionError">
AssertionError: expected true to be false // Object.is equality

- Expected
+ Received

- false
+ true

 ❯ src/everything.spec.ts:8:18
            </failure>
        </testcase>
        <testcase classname="src/everything.spec.ts" name="describe 73 &gt; example test 28" time="0.000014167">
        </testcase>
        <testcase classname="src/everything.spec.ts" name="describe 73 &gt; example test 29" time="0.000062208">
            <failure message="expected true to be false // Object.is equality" type="AssertionError">
AssertionError: expected true to be false // Object.is equality

- Expected
+ Received

- false
+ true

 ❯ src/everything.spec.ts:8:18
            </failure>
        </testcase>
        <testcase classname="src/everything.spec.ts" name="describe 73 &gt; example test 30" time="0.000013916">
        </testcase>
        <testcase classname="src/everything.spec.ts" name="describe 73 &gt; example test 31" time="0.000061417">
            <failure message="expected true to be false // Object.is equality" type="AssertionError">
AssertionError: expected true to be false // Object.is equality

- Expected
+ Received

- false
+ true

 ❯ src/everything.spec.ts:8:18
            </failure>
        </testcase>
        <testcase classname="src/everything.spec.ts" name="describe 73 &gt; example test 32" time="0.000013417">
        </testcase>
        <testcase classname="src/everything.spec.ts" name="describe 73 &gt; example test 33" time="0.000062666">
            <failure message="expected true to be false // Object.is equality" type="AssertionError">
AssertionError: expected true to be false // Object.is equality

- Expected
+ Received

- false
+ true

 ❯ src/everything.spec.ts:8:18
            </failure>
        </testcase>
        <testcase classname="src/everything.spec.ts" name="describe 73 &gt; example test 34" time="0.000014167">
        </testcase>
        <testcase classname="src/everything.spec.ts" name="describe 73 &gt; example test 35" time="0.000061667">
            <failure message="expected true to be false // Object.is equality" type="AssertionError">
AssertionError: expected true to be false // Object.is equality

- Expected
+ Received

- false
+ true

 ❯ src/everything.spec.ts:8:18
            </failure>
        </testcase>
        <testcase classname="src/everything.spec.ts" name="describe 73 &gt; example test 36" time="0.000014458">
        </testcase>
        <testcase classname="src/everything.spec.ts" name="describe 73 &gt; example test 37" time="0.000062958">
            <failure message="expected true to be false // Object.is equality" type="AssertionError">
AssertionError: expected true to be false // Object.is equality

- Expected
+ Received

- false
+ true

 ❯ src/everything.spec.ts:8:18
            </failure>
        </testcase>
        <testcase classname="src/everything.spec.ts" name="describe 73 &gt; example test 38" time="0.000014208">
        </testcase>
        <testcase classname="src/everything.spec.ts" name="describe 73 &gt; example test 39" time="0.000061792">
            <failure message="expected true to be false // Object.is equality" type="AssertionError">
AssertionError: expected true to be false // Object.is equality

- Expected
+ Received

- false
+ true

 ❯ src/everything.spec.ts:8:18
            </failure>
        </testcase>
        <testcase classname="src/everything.spec.ts" name="describe 73 &gt; example test 40" time="0.000013791">
        </testcase>
        <testcase classname="src/everything.spec.ts" name="describe 73 &gt; example test 41" time="0.0000625">
            <failure message="expected true to be false // Object.is equality" type="AssertionError">
AssertionError: expected true to be false // Object.is equality

- Expected
+ Received

- false
+ true

 ❯ src/everything.spec.ts:8:18
            </failure>
        </testcase>
        <testcase classname="src/everything.spec.ts" name="describe 73 &gt; example test 42" time="0.000014125">
        </testcase>
        <testcase classname="src/everything.spec.ts" name="describe 73 &gt; example test 43" time="0.000062375">
            <failure message="expected true to be false // Object.is equality" type="AssertionError">
AssertionError: expected true to be false // Object.is equality

- Expected
+ Received

- false
+ true

 ❯ src/everything.spec.ts:8:18
            </failure>
        </testcase>
        <testcase classname="src/everything.spec.ts" name="describe 73 &gt; example test 44" time="0.000014084">
        </testcase>
        <testcase classname="src/everything.spec.ts" name="describe 73 &gt; example test 45" time="0.00006275">
            <failure message="expected true to be false // Object.is equality" type="AssertionError">
AssertionError: expected true to be false // Object.is equality

- Expected
+ Received

- false
+ true

 ❯ src/everything.spec.ts:8:18
            </failure>
        </testcase>
        <testcase classname="src/everything.spec.ts" name="describe 73 &gt; example test 46" time="0.000014125">
        </testcase>
        <testcase classname="src/everything.spec.ts" name="describe 73 &gt; example test 47" time="0.000062042">
            <failure message="expected true to be false // Object.is equality" type="AssertionError">
AssertionError: expected true to be false // Object.is equality

- Expected
+ Received

- false
+ true

 ❯ src/everything.spec.ts:8:18
            </failure>
        </testcase>
        <testcase classname="src/everything.spec.ts" name="describe 73 &gt; example test 48" time="0.000014166">
        </testcase>
        <testcase classname="src/everything.spec.ts" name="describe 73 &gt; example test 49" time="0.000062708">
            <failure message="expected true to be false // Object.is equality" type="AssertionError">
AssertionError: expected true to be false // Object.is equality

- Expected
+ Received

- false
+ true

 ❯ src/everything.spec.ts:8:18
            </failure>
        </testcase>
        <testcase classname="src/everything.spec.ts" name="describe 73 &gt; example test 50" time="0.000014167">
        </testcase>
        <testcase classname="src/everything.spec.ts" name="describe 73 &gt; example test 51" time="0.000062166">
            <failure message="expected true to be false // Object.is equality" type="AssertionError">
AssertionError: expected true to be false // Object.is equality

- Expected
+ Received

- false
+ true

 ❯ src/everything.spec.ts:8:18
            </failure>
        </testcase>
        <testcase classname="src/everything.spec.ts" name="describe 73 &gt; example test 52" time="0.000014166">
        </testcase>
        <testcase classname="src/everything.spec.ts" name="describe 73 &gt; example test 53" time="0.000062459">
            <failure message="expected true to be false // Object.is equality" type="AssertionError">
AssertionError: expected true to be false // Object.is equality

- Expected
+ Received

- false
+ true

 ❯ src/everything.spec.ts:8:18
            </failure>
        </testcase>
        <testcase classname="src/everything.spec.ts" name="describe 73 &gt; example test 54" time="0.000014417">
        </testcase>
        <testcase classname="src/everything.spec.ts" name="describe 73 &gt; example test 55" time="0.000061292">
            <failure message="expected true to be false // Object.is equality" type="AssertionError">
AssertionError: expected true to be false // Object.is equality

- Expected
+ Received

- false
+ true

 ❯ src/everything.spec.ts:8:18
            </failure>
        </testcase>
        <testcase classname="src/everything.spec.ts" name="describe 73 &gt; example test 56" time="0.000014125">
        </testcase>
        <testcase classname="src/everything.spec.ts" name="describe 73 &gt; example test 57" time="0.000062667">
            <failure message="expected true to be false // Object.is equality" type="AssertionError">
AssertionError: expected true to be false // Object.is equality

- Expected
+ Received

- false
+ true

 ❯ src/everything.spec.ts:8:18
            </failure>
        </testcase>
        <testcase classname="src/everything.spec.ts" name="describe 73 &gt; example test 58" time="0.000013417">
        </testcase>
        <testcase classname="src/everything.spec.ts" name="describe 73 &gt; example test 59" time="0.0000625">
            <failure message="expected true to be false // Object.is equality" type="AssertionError">
AssertionError: expected true to be false // Object.is equality

- Expected
+ Received

- false
+ true

 ❯ src/everything.spec.ts:8:18
            </failure>
        </testcase>
        <testcase classname="src/everything.spec.ts" name="describe 73 &gt; example test 60" time="0.000014167">
        </testcase>
        <testcase classname="src/everything.spec.ts" name="describe 73 &gt; example test 61" time="0.000062958">
            <failure message="expected true to be false // Object.is equality" type="AssertionError">
AssertionError: expected true to be false // Object.is equality

- Expected
+ Received

- false
+ true

 ❯ src/everything.spec.ts:8:18
            </failure>
        </testcase>
        <testcase classname="src/everything.spec.ts" name="describe 73 &gt; example test 62" time="0.000014084">
        </testcase>
        <testcase classname="src/everything.spec.ts" name="describe 73 &gt; example test 63" time="0.000062083">
            <failure message="expected true to be false // Object.is equality" type="AssertionError">
AssertionError: expected true to be false // Object.is equality

- Expected
+ Received

- false
+ true

 ❯ src/everything.spec.ts:8:18
            </failure>
        </testcase>
        <testcase classname="src/everything.spec.ts" name="describe 73 &gt; example test 64" time="0.00001425">
        </testcase>
        <testcase classname="src/everything.spec.ts" name="describe 73 &gt; example test 65" time="0.000062333">
            <failure message="expected true to be false // Object.is equality" type="AssertionError">
AssertionError: expected true to be false // Object.is equality

- Expected
+ Received

- false
+ true

 ❯ src/everything.spec.ts:8:18
            </failure>
        </testcase>
        <testcase classname="src/everything.spec.ts" name="describe 73 &gt; example test 66" time="0.000014209">
        </testcase>
        <testcase classname="src/everything.spec.ts" name="describe 73 &gt; example test 67" time="0.000062166">
            <failure message="expected true to be false // Object.is equality" type="AssertionError">
AssertionError: expected true to be false // Object.is equality

- Expected
+ Received

- false
+ true

 ❯ src/everything.spec.ts:8:18
            </failure>
        </testcase>
        <testcase classname="src/everything.spec.ts" name="describe 73 &gt; example test 68" time="0.00001425">
        </testcase>
        <testcase classname="src/everything.spec.ts" name="describe 73 &gt; example test 69" time="0.000063417">
            <failure message="expected true to be false // Object.is equality" type="AssertionError">
AssertionError: expected true to be false // Object.is equality

- Expected
+ Received

- false
+ true

 ❯ src/everything.spec.ts:8:18
            </failure>
        </testcase>
        <testcase classname="src/everything.spec.ts" name="describe 73 &gt; example test 70" time="0.000013875">
        </testcase>
        <testcase classname="src/everything.spec.ts" name="describe 73 &gt; example test 71" time="0.0000625">
            <failure message="expected true to be false // Object.is equality" type="AssertionError">
AssertionError: expected true to be false // Object.is equality

- Expected
+ Received

- false
+ true

 ❯ src/everything.spec.ts:8:18
            </failure>
        </testcase>
        <testcase classname="src/everything.spec.ts" name="describe 73 &gt; example test 72" time="0.000013792">
        </testcase>
        <testcase classname="src/everything.spec.ts" name="describe 73 &gt; example test 73" time="0.000063209">
            <failure message="expected true to be false // Object.is equality" type="AssertionError">
AssertionError: expected true to be false // Object.is equality

- Expected
+ Received

- false
+ true

 ❯ src/everything.spec.ts:8:18
            </failure>
        </testcase>
        <testcase classname="src/everything.spec.ts" name="describe 73 &gt; example test 74" time="0.000014209">
        </testcase>
        <testcase classname="src/everything.spec.ts" name="describe 73 &gt; example test 75" time="0.000062125">
            <failure message="expected true to be false // Object.is equality" type="AssertionError">
AssertionError: expected true to be false // Object.is equality

- Expected
+ Received

- false
+ true

 ❯ src/everything.spec.ts:8:18
            </failure>
        </testcase>
        <testcase classname="src/everything.spec.ts" name="describe 73 &gt; example test 76" time="0.000014042">
        </testcase>
        <testcase classname="src/everything.spec.ts" name="describe 73 &gt; example test 77" time="0.000063">
            <failure message="expected true to be false // Object.is equality" type="AssertionError">
AssertionError: expected true to be false // Object.is equality

- Expected
+ Received

- false
+ true

 ❯ src/everything.spec.ts:8:18
            </failure>
        </testcase>
        <testcase classname="src/everything.spec.ts" name="describe 73 &gt; example test 78" time="0.000014334">
        </testcase>
        <testcase classname="src/everything.spec.ts" name="describe 73 &gt; example test 79" time="0.000063">
            <failure message="expected true to be false // Object.is equality" type="AssertionError">
AssertionError: expected true to be false // Object.is equality

- Expected
+ Received

- false
+ true

 ❯ src/everything.spec.ts:8:18
            </failure>
        </testcase>
        <testcase classname="src/everything.spec.ts" name="describe 73 &gt; example test 80" time="0.000014">
        </testcase>
        <testcase classname="src/everything.spec.ts" name="describe 73 &gt; example test 81" time="0.00006275">
            <failure message="expected true to be false // Object.is equality" type="AssertionError">
AssertionError: expected true to be false // Object.is equality

- Expected
+ Received

- false
+ true

 ❯ src/everything.spec.ts:8:18
            </failure>
        </testcase>
        <testcase classname="src/everything.spec.ts" name="describe 73 &gt; example test 82" time="0.00001425">
        </testcase>
        <testcase classname="src/everything.spec.ts" name="describe 73 &gt; example test 83" time="0.000062">
            <failure message="expected true to be false // Object.is equality" type="AssertionError">
AssertionError: expected true to be false // Object.is equality

- Expected
+ Received

- false
+ true

 ❯ src/everything.spec.ts:8:18
            </failure>
        </testcase>
        <testcase classname="src/everything.spec.ts" name="describe 73 &gt; example test 84" time="0.000014209">
        </testcase>
        <testcase classname="src/everything.spec.ts" name="describe 73 &gt; example test 85" time="0.00006225">
            <failure message="expected true to be false // Object.is equality" type="AssertionError">
AssertionError: expected true to be false // Object.is equality

- Expected
+ Received

- false
+ true

 ❯ src/everything.spec.ts:8:18
            </failure>
        </testcase>
        <testcase classname="src/everything.spec.ts" name="describe 73 &gt; example test 86" time="0.000014083">
        </testcase>
        <testcase classname="src/everything.spec.ts" name="describe 73 &gt; example test 87" time="0.000061625">
            <failure message="expected true to be false // Object.is equality" type="AssertionError">
AssertionError: expected true to be false // Object.is equality

- Expected
+ Received

- false
+ true

 ❯ src/everything.spec.ts:8:18
            </failure>
        </testcase>
        <testcase classname="src/everything.spec.ts" name="describe 73 &gt; example test 88" time="0.000014042">
        </testcase>
        <testcase classname="src/everything.spec.ts" name="describe 73 &gt; example test 89" time="0.000062792">
            <failure message="expected true to be false // Object.is equality" type="AssertionError">
AssertionError: expected true to be false // Object.is equality

- Expected
+ Received

- false
+ true

 ❯ src/everything.spec.ts:8:18
            </failure>
        </testcase>
        <testcase classname="src/everything.spec.ts" name="describe 73 &gt; example test 90" time="0.000014">
        </testcase>
        <testcase classname="src/everything.spec.ts" name="describe 73 &gt; example test 91" time="0.000062542">
            <failure message="expected true to be false // Object.is equality" type="AssertionError">
AssertionError: expected true to be false // Object.is equality

- Expected
+ Received

- false
+ true

 ❯ src/everything.spec.ts:8:18
            </failure>
        </testcase>
        <testcase classname="src/everything.spec.ts" name="describe 73 &gt; example test 92" time="0.000013917">
        </testcase>
        <testcase classname="src/everything.spec.ts" name="describe 73 &gt; example test 93" time="0.000063">
            <failure message="expected true to be false // Object.is equality" type="AssertionError">
AssertionError: expected true to be false // Object.is equality

- Expected
+ Received

- false
+ true

 ❯ src/everything.spec.ts:8:18
            </failure>
        </testcase>
        <testcase classname="src/everything.spec.ts" name="describe 73 &gt; example test 94" time="0.000014041">
        </testcase>
        <testcase classname="src/everything.spec.ts" name="describe 73 &gt; example test 95" time="0.000061792">
            <failure message="expected true to be false // Object.is equality" type="AssertionError">
AssertionError: expected true to be false // Object.is equality

- Expected
+ Received

- false
+ true

 ❯ src/everything.spec.ts:8:18
            </failure>
        </testcase>
        <testcase classname="src/everything.spec.ts" name="describe 73 &gt; example test 96" time="0.000014625">
        </testcase>
        <testcase classname="src/everything.spec.ts" name="describe 73 &gt; example test 97" time="0.00006225">
            <failure message="expected true to be false // Object.is equality" type="AssertionError">
AssertionError: expected true to be false // Object.is equality

- Expected
+ Received

- false
+ true

 ❯ src/everything.spec.ts:8:18
            </failure>
        </testcase>
        <testcase classname="src/everything.spec.ts" name="describe 73 &gt; example test 98" time="0.000014333">
        </testcase>
        <testcase classname="src/everything.spec.ts" name="describe 73 &gt; example test 99" time="0.000062167">
            <failure message="expected true to be false // Object.is equality" type="AssertionError">
AssertionError: expected true to be false // Object.is equality

- Expected
+ Received

- false
+ true

 ❯ src/everything.spec.ts:8:18
            </failure>
        </testcase>
        <testcase classname="src/everything.spec.ts" name="describe 73 &gt; example test 100" time="0.000013542">
        </testcase>
        <testcase classname="src/everything.spec.ts" name="describe 74 &gt; example test 1" time="0.000064125">
            <failure message="expected true to be false // Object.is equality" type="AssertionError">
AssertionError: expected true to be false // Object.is equality

- Expected
+ Received

- false
+ true

 ❯ src/everything.spec.ts:8:18
            </failure>
        </testcase>
        <testcase classname="src/everything.spec.ts" name="describe 74 &gt; example test 2" time="0.000014708">
        </testcase>
        <testcase classname="src/everything.spec.ts" name="describe 74 &gt; example test 3" time="0.000062041">
            <failure message="expected true to be false // Object.is equality" type="AssertionError">
AssertionError: expected true to be false // Object.is equality

- Expected
+ Received

- false
+ true

 ❯ src/everything.spec.ts:8:18
            </failure>
        </testcase>
        <testcase classname="src/everything.spec.ts" name="describe 74 &gt; example test 4" time="0.000013833">
        </testcase>
        <testcase classname="src/everything.spec.ts" name="describe 74 &gt; example test 5" time="0.000067917">
            <failure message="expected true to be false // Object.is equality" type="AssertionError">
AssertionError: expected true to be false // Object.is equality

- Expected
+ Received

- false
+ true

 ❯ src/everything.spec.ts:8:18
            </failure>
        </testcase>
        <testcase classname="src/everything.spec.ts" name="describe 74 &gt; example test 6" time="0.000014167">
        </testcase>
        <testcase classname="src/everything.spec.ts" name="describe 74 &gt; example test 7" time="0.000063042">
            <failure message="expected true to be false // Object.is equality" type="AssertionError">
AssertionError: expected true to be false // Object.is equality

- Expected
+ Received

- false
+ true

 ❯ src/everything.spec.ts:8:18
            </failure>
        </testcase>
        <testcase classname="src/everything.spec.ts" name="describe 74 &gt; example test 8" time="0.000013625">
        </testcase>
        <testcase classname="src/everything.spec.ts" name="describe 74 &gt; example test 9" time="0.000063042">
            <failure message="expected true to be false // Object.is equality" type="AssertionError">
AssertionError: expected true to be false // Object.is equality

- Expected
+ Received

- false
+ true

 ❯ src/everything.spec.ts:8:18
            </failure>
        </testcase>
        <testcase classname="src/everything.spec.ts" name="describe 74 &gt; example test 10" time="0.000014541">
        </testcase>
        <testcase classname="src/everything.spec.ts" name="describe 74 &gt; example test 11" time="0.000061959">
            <failure message="expected true to be false // Object.is equality" type="AssertionError">
AssertionError: expected true to be false // Object.is equality

- Expected
+ Received

- false
+ true

 ❯ src/everything.spec.ts:8:18
            </failure>
        </testcase>
        <testcase classname="src/everything.spec.ts" name="describe 74 &gt; example test 12" time="0.000014167">
        </testcase>
        <testcase classname="src/everything.spec.ts" name="describe 74 &gt; example test 13" time="0.000062584">
            <failure message="expected true to be false // Object.is equality" type="AssertionError">
AssertionError: expected true to be false // Object.is equality

- Expected
+ Received

- false
+ true

 ❯ src/everything.spec.ts:8:18
            </failure>
        </testcase>
        <testcase classname="src/everything.spec.ts" name="describe 74 &gt; example test 14" time="0.000014167">
        </testcase>
        <testcase classname="src/everything.spec.ts" name="describe 74 &gt; example test 15" time="0.0000615">
            <failure message="expected true to be false // Object.is equality" type="AssertionError">
AssertionError: expected true to be false // Object.is equality

- Expected
+ Received

- false
+ true

 ❯ src/everything.spec.ts:8:18
            </failure>
        </testcase>
        <testcase classname="src/everything.spec.ts" name="describe 74 &gt; example test 16" time="0.000014">
        </testcase>
        <testcase classname="src/everything.spec.ts" name="describe 74 &gt; example test 17" time="0.00006475">
            <failure message="expected true to be false // Object.is equality" type="AssertionError">
AssertionError: expected true to be false // Object.is equality

- Expected
+ Received

- false
+ true

 ❯ src/everything.spec.ts:8:18
            </failure>
        </testcase>
        <testcase classname="src/everything.spec.ts" name="describe 74 &gt; example test 18" time="0.00001475">
        </testcase>
        <testcase classname="src/everything.spec.ts" name="describe 74 &gt; example test 19" time="0.000062667">
            <failure message="expected true to be false // Object.is equality" type="AssertionError">
AssertionError: expected true to be false // Object.is equality

- Expected
+ Received

- false
+ true

 ❯ src/everything.spec.ts:8:18
            </failure>
        </testcase>
        <testcase classname="src/everything.spec.ts" name="describe 74 &gt; example test 20" time="0.000013917">
        </testcase>
        <testcase classname="src/everything.spec.ts" name="describe 74 &gt; example test 21" time="0.000063375">
            <failure message="expected true to be false // Object.is equality" type="AssertionError">
AssertionError: expected true to be false // Object.is equality

- Expected
+ Received

- false
+ true

 ❯ src/everything.spec.ts:8:18
            </failure>
        </testcase>
        <testcase classname="src/everything.spec.ts" name="describe 74 &gt; example test 22" time="0.000014125">
        </testcase>
        <testcase classname="src/everything.spec.ts" name="describe 74 &gt; example test 23" time="0.000062625">
            <failure message="expected true to be false // Object.is equality" type="AssertionError">
AssertionError: expected true to be false // Object.is equality

- Expected
+ Received

- false
+ true

 ❯ src/everything.spec.ts:8:18
            </failure>
        </testcase>
        <testcase classname="src/everything.spec.ts" name="describe 74 &gt; example test 24" time="0.000013667">
        </testcase>
        <testcase classname="src/everything.spec.ts" name="describe 74 &gt; example test 25" time="0.000062959">
            <failure message="expected true to be false // Object.is equality" type="AssertionError">
AssertionError: expected true to be false // Object.is equality

- Expected
+ Received

- false
+ true

 ❯ src/everything.spec.ts:8:18
            </failure>
        </testcase>
        <testcase classname="src/everything.spec.ts" name="describe 74 &gt; example test 26" time="0.000014459">
        </testcase>
        <testcase classname="src/everything.spec.ts" name="describe 74 &gt; example test 27" time="0.000062334">
            <failure message="expected true to be false // Object.is equality" type="AssertionError">
AssertionError: expected true to be false // Object.is equality

- Expected
+ Received

- false
+ true

 ❯ src/everything.spec.ts:8:18
            </failure>
        </testcase>
        <testcase classname="src/everything.spec.ts" name="describe 74 &gt; example test 28" time="0.000013625">
        </testcase>
        <testcase classname="src/everything.spec.ts" name="describe 74 &gt; example test 29" time="0.000063">
            <failure message="expected true to be false // Object.is equality" type="AssertionError">
AssertionError: expected true to be false // Object.is equality

- Expected
+ Received

- false
+ true

 ❯ src/everything.spec.ts:8:18
            </failure>
        </testcase>
        <testcase classname="src/everything.spec.ts" name="describe 74 &gt; example test 30" time="0.000014125">
        </testcase>
        <testcase classname="src/everything.spec.ts" name="describe 74 &gt; example test 31" time="0.000064417">
            <failure message="expected true to be false // Object.is equality" type="AssertionError">
AssertionError: expected true to be false // Object.is equality

- Expected
+ Received

- false
+ true

 ❯ src/everything.spec.ts:8:18
            </failure>
        </testcase>
        <testcase classname="src/everything.spec.ts" name="describe 74 &gt; example test 32" time="0.000013875">
        </testcase>
        <testcase classname="src/everything.spec.ts" name="describe 74 &gt; example test 33" time="0.000063583">
            <failure message="expected true to be false // Object.is equality" type="AssertionError">
AssertionError: expected true to be false // Object.is equality

- Expected
+ Received

- false
+ true

 ❯ src/everything.spec.ts:8:18
            </failure>
        </testcase>
        <testcase classname="src/everything.spec.ts" name="describe 74 &gt; example test 34" time="0.000014292">
        </testcase>
        <testcase classname="src/everything.spec.ts" name="describe 74 &gt; example test 35" time="0.000062417">
            <failure message="expected true to be false // Object.is equality" type="AssertionError">
AssertionError: expected true to be false // Object.is equality

- Expected
+ Received

- false
+ true

 ❯ src/everything.spec.ts:8:18
            </failure>
        </testcase>
        <testcase classname="src/everything.spec.ts" name="describe 74 &gt; example test 36" time="0.000014">
        </testcase>
        <testcase classname="src/everything.spec.ts" name="describe 74 &gt; example test 37" time="0.00006325">
            <failure message="expected true to be false // Object.is equality" type="AssertionError">
AssertionError: expected true to be false // Object.is equality

- Expected
+ Received

- false
+ true

 ❯ src/everything.spec.ts:8:18
            </failure>
        </testcase>
        <testcase classname="src/everything.spec.ts" name="describe 74 &gt; example test 38" time="0.000014084">
        </testcase>
        <testcase classname="src/everything.spec.ts" name="describe 74 &gt; example test 39" time="0.000062625">
            <failure message="expected true to be false // Object.is equality" type="AssertionError">
AssertionError: expected true to be false // Object.is equality

- Expected
+ Received

- false
+ true

 ❯ src/everything.spec.ts:8:18
            </failure>
        </testcase>
        <testcase classname="src/everything.spec.ts" name="describe 74 &gt; example test 40" time="0.000014208">
        </testcase>
        <testcase classname="src/everything.spec.ts" name="describe 74 &gt; example test 41" time="0.000062416">
            <failure message="expected true to be false // Object.is equality" type="AssertionError">
AssertionError: expected true to be false // Object.is equality

- Expected
+ Received

- false
+ true

 ❯ src/everything.spec.ts:8:18
            </failure>
        </testcase>
        <testcase classname="src/everything.spec.ts" name="describe 74 &gt; example test 42" time="0.000014208">
        </testcase>
        <testcase classname="src/everything.spec.ts" name="describe 74 &gt; example test 43" time="0.000061708">
            <failure message="expected true to be false // Object.is equality" type="AssertionError">
AssertionError: expected true to be false // Object.is equality

- Expected
+ Received

- false
+ true

 ❯ src/everything.spec.ts:8:18
            </failure>
        </testcase>
        <testcase classname="src/everything.spec.ts" name="describe 74 &gt; example test 44" time="0.0000135">
        </testcase>
        <testcase classname="src/everything.spec.ts" name="describe 74 &gt; example test 45" time="0.000062334">
            <failure message="expected true to be false // Object.is equality" type="AssertionError">
AssertionError: expected true to be false // Object.is equality

- Expected
+ Received

- false
+ true

 ❯ src/everything.spec.ts:8:18
            </failure>
        </testcase>
        <testcase classname="src/everything.spec.ts" name="describe 74 &gt; example test 46" time="0.000013958">
        </testcase>
        <testcase classname="src/everything.spec.ts" name="describe 74 &gt; example test 47" time="0.000062083">
            <failure message="expected true to be false // Object.is equality" type="AssertionError">
AssertionError: expected true to be false // Object.is equality

- Expected
+ Received

- false
+ true

 ❯ src/everything.spec.ts:8:18
            </failure>
        </testcase>
        <testcase classname="src/everything.spec.ts" name="describe 74 &gt; example test 48" time="0.000014166">
        </testcase>
        <testcase classname="src/everything.spec.ts" name="describe 74 &gt; example test 49" time="0.000062583">
            <failure message="expected true to be false // Object.is equality" type="AssertionError">
AssertionError: expected true to be false // Object.is equality

- Expected
+ Received

- false
+ true

 ❯ src/everything.spec.ts:8:18
            </failure>
        </testcase>
        <testcase classname="src/everything.spec.ts" name="describe 74 &gt; example test 50" time="0.000014041">
        </testcase>
        <testcase classname="src/everything.spec.ts" name="describe 74 &gt; example test 51" time="0.000069083">
            <failure message="expected true to be false // Object.is equality" type="AssertionError">
AssertionError: expected true to be false // Object.is equality

- Expected
+ Received

- false
+ true

 ❯ src/everything.spec.ts:8:18
            </failure>
        </testcase>
        <testcase classname="src/everything.spec.ts" name="describe 74 &gt; example test 52" time="0.000377291">
        </testcase>
        <testcase classname="src/everything.spec.ts" name="describe 74 &gt; example test 53" time="0.000080292">
            <failure message="expected true to be false // Object.is equality" type="AssertionError">
AssertionError: expected true to be false // Object.is equality

- Expected
+ Received

- false
+ true

 ❯ src/everything.spec.ts:8:18
            </failure>
        </testcase>
        <testcase classname="src/everything.spec.ts" name="describe 74 &gt; example test 54" time="0.000014959">
        </testcase>
        <testcase classname="src/everything.spec.ts" name="describe 74 &gt; example test 55" time="0.000062541">
            <failure message="expected true to be false // Object.is equality" type="AssertionError">
AssertionError: expected true to be false // Object.is equality

- Expected
+ Received

- false
+ true

 ❯ src/everything.spec.ts:8:18
            </failure>
        </testcase>
        <testcase classname="src/everything.spec.ts" name="describe 74 &gt; example test 56" time="0.000014292">
        </testcase>
        <testcase classname="src/everything.spec.ts" name="describe 74 &gt; example test 57" time="0.000062625">
            <failure message="expected true to be false // Object.is equality" type="AssertionError">
AssertionError: expected true to be false // Object.is equality

- Expected
+ Received

- false
+ true

 ❯ src/everything.spec.ts:8:18
            </failure>
        </testcase>
        <testcase classname="src/everything.spec.ts" name="describe 74 &gt; example test 58" time="0.000014541">
        </testcase>
        <testcase classname="src/everything.spec.ts" name="describe 74 &gt; example test 59" time="0.000062042">
            <failure message="expected true to be false // Object.is equality" type="AssertionError">
AssertionError: expected true to be false // Object.is equality

- Expected
+ Received

- false
+ true

 ❯ src/everything.spec.ts:8:18
            </failure>
        </testcase>
        <testcase classname="src/everything.spec.ts" name="describe 74 &gt; example test 60" time="0.000014333">
        </testcase>
        <testcase classname="src/everything.spec.ts" name="describe 74 &gt; example test 61" time="0.000062458">
            <failure message="expected true to be false // Object.is equality" type="AssertionError">
AssertionError: expected true to be false // Object.is equality

- Expected
+ Received

- false
+ true

 ❯ src/everything.spec.ts:8:18
            </failure>
        </testcase>
        <testcase classname="src/everything.spec.ts" name="describe 74 &gt; example test 62" time="0.000013708">
        </testcase>
        <testcase classname="src/everything.spec.ts" name="describe 74 &gt; example test 63" time="0.000062084">
            <failure message="expected true to be false // Object.is equality" type="AssertionError">
AssertionError: expected true to be false // Object.is equality

- Expected
+ Received

- false
+ true

 ❯ src/everything.spec.ts:8:18
            </failure>
        </testcase>
        <testcase classname="src/everything.spec.ts" name="describe 74 &gt; example test 64" time="0.000014125">
        </testcase>
        <testcase classname="src/everything.spec.ts" name="describe 74 &gt; example test 65" time="0.000062583">
            <failure message="expected true to be false // Object.is equality" type="AssertionError">
AssertionError: expected true to be false // Object.is equality

- Expected
+ Received

- false
+ true

 ❯ src/everything.spec.ts:8:18
            </failure>
        </testcase>
        <testcase classname="src/everything.spec.ts" name="describe 74 &gt; example test 66" time="0.00001425">
        </testcase>
        <testcase classname="src/everything.spec.ts" name="describe 74 &gt; example test 67" time="0.000062084">
            <failure message="expected true to be false // Object.is equality" type="AssertionError">
AssertionError: expected true to be false // Object.is equality

- Expected
+ Received

- false
+ true

 ❯ src/everything.spec.ts:8:18
            </failure>
        </testcase>
        <testcase classname="src/everything.spec.ts" name="describe 74 &gt; example test 68" time="0.000014625">
        </testcase>
        <testcase classname="src/everything.spec.ts" name="describe 74 &gt; example test 69" time="0.000062333">
            <failure message="expected true to be false // Object.is equality" type="AssertionError">
AssertionError: expected true to be false // Object.is equality

- Expected
+ Received

- false
+ true

 ❯ src/everything.spec.ts:8:18
            </failure>
        </testcase>
        <testcase classname="src/everything.spec.ts" name="describe 74 &gt; example test 70" time="0.000014208">
        </testcase>
        <testcase classname="src/everything.spec.ts" name="describe 74 &gt; example test 71" time="0.000061208">
            <failure message="expected true to be false // Object.is equality" type="AssertionError">
AssertionError: expected true to be false // Object.is equality

- Expected
+ Received

- false
+ true

 ❯ src/everything.spec.ts:8:18
            </failure>
        </testcase>
        <testcase classname="src/everything.spec.ts" name="describe 74 &gt; example test 72" time="0.000013875">
        </testcase>
        <testcase classname="src/everything.spec.ts" name="describe 74 &gt; example test 73" time="0.000063667">
            <failure message="expected true to be false // Object.is equality" type="AssertionError">
AssertionError: expected true to be false // Object.is equality

- Expected
+ Received

- false
+ true

 ❯ src/everything.spec.ts:8:18
            </failure>
        </testcase>
        <testcase classname="src/everything.spec.ts" name="describe 74 &gt; example test 74" time="0.00001425">
        </testcase>
        <testcase classname="src/everything.spec.ts" name="describe 74 &gt; example test 75" time="0.000062">
            <failure message="expected true to be false // Object.is equality" type="AssertionError">
AssertionError: expected true to be false // Object.is equality

- Expected
+ Received

- false
+ true

 ❯ src/everything.spec.ts:8:18
            </failure>
        </testcase>
        <testcase classname="src/everything.spec.ts" name="describe 74 &gt; example test 76" time="0.000014416">
        </testcase>
        <testcase classname="src/everything.spec.ts" name="describe 74 &gt; example test 77" time="0.000062083">
            <failure message="expected true to be false // Object.is equality" type="AssertionError">
AssertionError: expected true to be false // Object.is equality

- Expected
+ Received

- false
+ true

 ❯ src/everything.spec.ts:8:18
            </failure>
        </testcase>
        <testcase classname="src/everything.spec.ts" name="describe 74 &gt; example test 78" time="0.000014584">
        </testcase>
        <testcase classname="src/everything.spec.ts" name="describe 74 &gt; example test 79" time="0.000062125">
            <failure message="expected true to be false // Object.is equality" type="AssertionError">
AssertionError: expected true to be false // Object.is equality

- Expected
+ Received

- false
+ true

 ❯ src/everything.spec.ts:8:18
            </failure>
        </testcase>
        <testcase classname="src/everything.spec.ts" name="describe 74 &gt; example test 80" time="0.000014">
        </testcase>
        <testcase classname="src/everything.spec.ts" name="describe 74 &gt; example test 81" time="0.000062166">
            <failure message="expected true to be false // Object.is equality" type="AssertionError">
AssertionError: expected true to be false // Object.is equality

- Expected
+ Received

- false
+ true

 ❯ src/everything.spec.ts:8:18
            </failure>
        </testcase>
        <testcase classname="src/everything.spec.ts" name="describe 74 &gt; example test 82" time="0.000014458">
        </testcase>
        <testcase classname="src/everything.spec.ts" name="describe 74 &gt; example test 83" time="0.000063">
            <failure message="expected true to be false // Object.is equality" type="AssertionError">
AssertionError: expected true to be false // Object.is equality

- Expected
+ Received

- false
+ true

 ❯ src/everything.spec.ts:8:18
            </failure>
        </testcase>
        <testcase classname="src/everything.spec.ts" name="describe 74 &gt; example test 84" time="0.000014">
        </testcase>
        <testcase classname="src/everything.spec.ts" name="describe 74 &gt; example test 85" time="0.0000625">
            <failure message="expected true to be false // Object.is equality" type="AssertionError">
AssertionError: expected true to be false // Object.is equality

- Expected
+ Received

- false
+ true

 ❯ src/everything.spec.ts:8:18
            </failure>
        </testcase>
        <testcase classname="src/everything.spec.ts" name="describe 74 &gt; example test 86" time="0.000014334">
        </testcase>
        <testcase classname="src/everything.spec.ts" name="describe 74 &gt; example test 87" time="0.000062166">
            <failure message="expected true to be false // Object.is equality" type="AssertionError">
AssertionError: expected true to be false // Object.is equality

- Expected
+ Received

- false
+ true

 ❯ src/everything.spec.ts:8:18
            </failure>
        </testcase>
        <testcase classname="src/everything.spec.ts" name="describe 74 &gt; example test 88" time="0.000013917">
        </testcase>
        <testcase classname="src/everything.spec.ts" name="describe 74 &gt; example test 89" time="0.000062875">
            <failure message="expected true to be false // Object.is equality" type="AssertionError">
AssertionError: expected true to be false // Object.is equality

- Expected
+ Received

- false
+ true

 ❯ src/everything.spec.ts:8:18
            </failure>
        </testcase>
        <testcase classname="src/everything.spec.ts" name="describe 74 &gt; example test 90" time="0.00001425">
        </testcase>
        <testcase classname="src/everything.spec.ts" name="describe 74 &gt; example test 91" time="0.000061958">
            <failure message="expected true to be false // Object.is equality" type="AssertionError">
AssertionError: expected true to be false // Object.is equality

- Expected
+ Received

- false
+ true

 ❯ src/everything.spec.ts:8:18
            </failure>
        </testcase>
        <testcase classname="src/everything.spec.ts" name="describe 74 &gt; example test 92" time="0.000014375">
        </testcase>
        <testcase classname="src/everything.spec.ts" name="describe 74 &gt; example test 93" time="0.000062542">
            <failure message="expected true to be false // Object.is equality" type="AssertionError">
AssertionError: expected true to be false // Object.is equality

- Expected
+ Received

- false
+ true

 ❯ src/everything.spec.ts:8:18
            </failure>
        </testcase>
        <testcase classname="src/everything.spec.ts" name="describe 74 &gt; example test 94" time="0.000014959">
        </testcase>
        <testcase classname="src/everything.spec.ts" name="describe 74 &gt; example test 95" time="0.00006175">
            <failure message="expected true to be false // Object.is equality" type="AssertionError">
AssertionError: expected true to be false // Object.is equality

- Expected
+ Received

- false
+ true

 ❯ src/everything.spec.ts:8:18
            </failure>
        </testcase>
        <testcase classname="src/everything.spec.ts" name="describe 74 &gt; example test 96" time="0.000014083">
        </testcase>
        <testcase classname="src/everything.spec.ts" name="describe 74 &gt; example test 97" time="0.0000625">
            <failure message="expected true to be false // Object.is equality" type="AssertionError">
AssertionError: expected true to be false // Object.is equality

- Expected
+ Received

- false
+ true

 ❯ src/everything.spec.ts:8:18
            </failure>
        </testcase>
        <testcase classname="src/everything.spec.ts" name="describe 74 &gt; example test 98" time="0.000014333">
        </testcase>
        <testcase classname="src/everything.spec.ts" name="describe 74 &gt; example test 99" time="0.000061667">
            <failure message="expected true to be false // Object.is equality" type="AssertionError">
AssertionError: expected true to be false // Object.is equality

- Expected
+ Received

- false
+ true

 ❯ src/everything.spec.ts:8:18
            </failure>
        </testcase>
        <testcase classname="src/everything.spec.ts" name="describe 74 &gt; example test 100" time="0.000013917">
        </testcase>
        <testcase classname="src/everything.spec.ts" name="describe 75 &gt; example test 1" time="0.000063334">
            <failure message="expected true to be false // Object.is equality" type="AssertionError">
AssertionError: expected true to be false // Object.is equality

- Expected
+ Received

- false
+ true

 ❯ src/everything.spec.ts:8:18
            </failure>
        </testcase>
        <testcase classname="src/everything.spec.ts" name="describe 75 &gt; example test 2" time="0.000014375">
        </testcase>
        <testcase classname="src/everything.spec.ts" name="describe 75 &gt; example test 3" time="0.000061084">
            <failure message="expected true to be false // Object.is equality" type="AssertionError">
AssertionError: expected true to be false // Object.is equality

- Expected
+ Received

- false
+ true

 ❯ src/everything.spec.ts:8:18
            </failure>
        </testcase>
        <testcase classname="src/everything.spec.ts" name="describe 75 &gt; example test 4" time="0.000014042">
        </testcase>
        <testcase classname="src/everything.spec.ts" name="describe 75 &gt; example test 5" time="0.000062583">
            <failure message="expected true to be false // Object.is equality" type="AssertionError">
AssertionError: expected true to be false // Object.is equality

- Expected
+ Received

- false
+ true

 ❯ src/everything.spec.ts:8:18
            </failure>
        </testcase>
        <testcase classname="src/everything.spec.ts" name="describe 75 &gt; example test 6" time="0.000013834">
        </testcase>
        <testcase classname="src/everything.spec.ts" name="describe 75 &gt; example test 7" time="0.000061709">
            <failure message="expected true to be false // Object.is equality" type="AssertionError">
AssertionError: expected true to be false // Object.is equality

- Expected
+ Received

- false
+ true

 ❯ src/everything.spec.ts:8:18
            </failure>
        </testcase>
        <testcase classname="src/everything.spec.ts" name="describe 75 &gt; example test 8" time="0.000014084">
        </testcase>
        <testcase classname="src/everything.spec.ts" name="describe 75 &gt; example test 9" time="0.000062291">
            <failure message="expected true to be false // Object.is equality" type="AssertionError">
AssertionError: expected true to be false // Object.is equality

- Expected
+ Received

- false
+ true

 ❯ src/everything.spec.ts:8:18
            </failure>
        </testcase>
        <testcase classname="src/everything.spec.ts" name="describe 75 &gt; example test 10" time="0.000014">
        </testcase>
        <testcase classname="src/everything.spec.ts" name="describe 75 &gt; example test 11" time="0.000061958">
            <failure message="expected true to be false // Object.is equality" type="AssertionError">
AssertionError: expected true to be false // Object.is equality

- Expected
+ Received

- false
+ true

 ❯ src/everything.spec.ts:8:18
            </failure>
        </testcase>
        <testcase classname="src/everything.spec.ts" name="describe 75 &gt; example test 12" time="0.000014333">
        </testcase>
        <testcase classname="src/everything.spec.ts" name="describe 75 &gt; example test 13" time="0.000061958">
            <failure message="expected true to be false // Object.is equality" type="AssertionError">
AssertionError: expected true to be false // Object.is equality

- Expected
+ Received

- false
+ true

 ❯ src/everything.spec.ts:8:18
            </failure>
        </testcase>
        <testcase classname="src/everything.spec.ts" name="describe 75 &gt; example test 14" time="0.00001375">
        </testcase>
        <testcase classname="src/everything.spec.ts" name="describe 75 &gt; example test 15" time="0.000061542">
            <failure message="expected true to be false // Object.is equality" type="AssertionError">
AssertionError: expected true to be false // Object.is equality

- Expected
+ Received

- false
+ true

 ❯ src/everything.spec.ts:8:18
            </failure>
        </testcase>
        <testcase classname="src/everything.spec.ts" name="describe 75 &gt; example test 16" time="0.000014292">
        </testcase>
        <testcase classname="src/everything.spec.ts" name="describe 75 &gt; example test 17" time="0.000061875">
            <failure message="expected true to be false // Object.is equality" type="AssertionError">
AssertionError: expected true to be false // Object.is equality

- Expected
+ Received

- false
+ true

 ❯ src/everything.spec.ts:8:18
            </failure>
        </testcase>
        <testcase classname="src/everything.spec.ts" name="describe 75 &gt; example test 18" time="0.000014333">
        </testcase>
        <testcase classname="src/everything.spec.ts" name="describe 75 &gt; example test 19" time="0.000062334">
            <failure message="expected true to be false // Object.is equality" type="AssertionError">
AssertionError: expected true to be false // Object.is equality

- Expected
+ Received

- false
+ true

 ❯ src/everything.spec.ts:8:18
            </failure>
        </testcase>
        <testcase classname="src/everything.spec.ts" name="describe 75 &gt; example test 20" time="0.000014">
        </testcase>
        <testcase classname="src/everything.spec.ts" name="describe 75 &gt; example test 21" time="0.000062458">
            <failure message="expected true to be false // Object.is equality" type="AssertionError">
AssertionError: expected true to be false // Object.is equality

- Expected
+ Received

- false
+ true

 ❯ src/everything.spec.ts:8:18
            </failure>
        </testcase>
        <testcase classname="src/everything.spec.ts" name="describe 75 &gt; example test 22" time="0.000014375">
        </testcase>
        <testcase classname="src/everything.spec.ts" name="describe 75 &gt; example test 23" time="0.000061792">
            <failure message="expected true to be false // Object.is equality" type="AssertionError">
AssertionError: expected true to be false // Object.is equality

- Expected
+ Received

- false
+ true

 ❯ src/everything.spec.ts:8:18
            </failure>
        </testcase>
        <testcase classname="src/everything.spec.ts" name="describe 75 &gt; example test 24" time="0.000014042">
        </testcase>
        <testcase classname="src/everything.spec.ts" name="describe 75 &gt; example test 25" time="0.000062208">
            <failure message="expected true to be false // Object.is equality" type="AssertionError">
AssertionError: expected true to be false // Object.is equality

- Expected
+ Received

- false
+ true

 ❯ src/everything.spec.ts:8:18
            </failure>
        </testcase>
        <testcase classname="src/everything.spec.ts" name="describe 75 &gt; example test 26" time="0.000013709">
        </testcase>
        <testcase classname="src/everything.spec.ts" name="describe 75 &gt; example test 27" time="0.000061333">
            <failure message="expected true to be false // Object.is equality" type="AssertionError">
AssertionError: expected true to be false // Object.is equality

- Expected
+ Received

- false
+ true

 ❯ src/everything.spec.ts:8:18
            </failure>
        </testcase>
        <testcase classname="src/everything.spec.ts" name="describe 75 &gt; example test 28" time="0.00001475">
        </testcase>
        <testcase classname="src/everything.spec.ts" name="describe 75 &gt; example test 29" time="0.000062209">
            <failure message="expected true to be false // Object.is equality" type="AssertionError">
AssertionError: expected true to be false // Object.is equality

- Expected
+ Received

- false
+ true

 ❯ src/everything.spec.ts:8:18
            </failure>
        </testcase>
        <testcase classname="src/everything.spec.ts" name="describe 75 &gt; example test 30" time="0.000014292">
        </testcase>
        <testcase classname="src/everything.spec.ts" name="describe 75 &gt; example test 31" time="0.000062208">
            <failure message="expected true to be false // Object.is equality" type="AssertionError">
AssertionError: expected true to be false // Object.is equality

- Expected
+ Received

- false
+ true

 ❯ src/everything.spec.ts:8:18
            </failure>
        </testcase>
        <testcase classname="src/everything.spec.ts" name="describe 75 &gt; example test 32" time="0.000014542">
        </testcase>
        <testcase classname="src/everything.spec.ts" name="describe 75 &gt; example test 33" time="0.000061916">
            <failure message="expected true to be false // Object.is equality" type="AssertionError">
AssertionError: expected true to be false // Object.is equality

- Expected
+ Received

- false
+ true

 ❯ src/everything.spec.ts:8:18
            </failure>
        </testcase>
        <testcase classname="src/everything.spec.ts" name="describe 75 &gt; example test 34" time="0.000013875">
        </testcase>
        <testcase classname="src/everything.spec.ts" name="describe 75 &gt; example test 35" time="0.000062167">
            <failure message="expected true to be false // Object.is equality" type="AssertionError">
AssertionError: expected true to be false // Object.is equality

- Expected
+ Received

- false
+ true

 ❯ src/everything.spec.ts:8:18
            </failure>
        </testcase>
        <testcase classname="src/everything.spec.ts" name="describe 75 &gt; example test 36" time="0.000014917">
        </testcase>
        <testcase classname="src/everything.spec.ts" name="describe 75 &gt; example test 37" time="0.000061834">
            <failure message="expected true to be false // Object.is equality" type="AssertionError">
AssertionError: expected true to be false // Object.is equality

- Expected
+ Received

- false
+ true

 ❯ src/everything.spec.ts:8:18
            </failure>
        </testcase>
        <testcase classname="src/everything.spec.ts" name="describe 75 &gt; example test 38" time="0.000013834">
        </testcase>
        <testcase classname="src/everything.spec.ts" name="describe 75 &gt; example test 39" time="0.000061875">
            <failure message="expected true to be false // Object.is equality" type="AssertionError">
AssertionError: expected true to be false // Object.is equality

- Expected
+ Received

- false
+ true

 ❯ src/everything.spec.ts:8:18
            </failure>
        </testcase>
        <testcase classname="src/everything.spec.ts" name="describe 75 &gt; example test 40" time="0.000014625">
        </testcase>
        <testcase classname="src/everything.spec.ts" name="describe 75 &gt; example test 41" time="0.000062">
            <failure message="expected true to be false // Object.is equality" type="AssertionError">
AssertionError: expected true to be false // Object.is equality

- Expected
+ Received

- false
+ true

 ❯ src/everything.spec.ts:8:18
            </failure>
        </testcase>
        <testcase classname="src/everything.spec.ts" name="describe 75 &gt; example test 42" time="0.000013958">
        </testcase>
        <testcase classname="src/everything.spec.ts" name="describe 75 &gt; example test 43" time="0.000062292">
            <failure message="expected true to be false // Object.is equality" type="AssertionError">
AssertionError: expected true to be false // Object.is equality

- Expected
+ Received

- false
+ true

 ❯ src/everything.spec.ts:8:18
            </failure>
        </testcase>
        <testcase classname="src/everything.spec.ts" name="describe 75 &gt; example test 44" time="0.00001425">
        </testcase>
        <testcase classname="src/everything.spec.ts" name="describe 75 &gt; example test 45" time="0.000061292">
            <failure message="expected true to be false // Object.is equality" type="AssertionError">
AssertionError: expected true to be false // Object.is equality

- Expected
+ Received

- false
+ true

 ❯ src/everything.spec.ts:8:18
            </failure>
        </testcase>
        <testcase classname="src/everything.spec.ts" name="describe 75 &gt; example test 46" time="0.00001425">
        </testcase>
        <testcase classname="src/everything.spec.ts" name="describe 75 &gt; example test 47" time="0.000062166">
            <failure message="expected true to be false // Object.is equality" type="AssertionError">
AssertionError: expected true to be false // Object.is equality

- Expected
+ Received

- false
+ true

 ❯ src/everything.spec.ts:8:18
            </failure>
        </testcase>
        <testcase classname="src/everything.spec.ts" name="describe 75 &gt; example test 48" time="0.000014417">
        </testcase>
        <testcase classname="src/everything.spec.ts" name="describe 75 &gt; example test 49" time="0.000061541">
            <failure message="expected true to be false // Object.is equality" type="AssertionError">
AssertionError: expected true to be false // Object.is equality

- Expected
+ Received

- false
+ true

 ❯ src/everything.spec.ts:8:18
            </failure>
        </testcase>
        <testcase classname="src/everything.spec.ts" name="describe 75 &gt; example test 50" time="0.000014333">
        </testcase>
        <testcase classname="src/everything.spec.ts" name="describe 75 &gt; example test 51" time="0.000062208">
            <failure message="expected true to be false // Object.is equality" type="AssertionError">
AssertionError: expected true to be false // Object.is equality

- Expected
+ Received

- false
+ true

 ❯ src/everything.spec.ts:8:18
            </failure>
        </testcase>
        <testcase classname="src/everything.spec.ts" name="describe 75 &gt; example test 52" time="0.000014334">
        </testcase>
        <testcase classname="src/everything.spec.ts" name="describe 75 &gt; example test 53" time="0.000062041">
            <failure message="expected true to be false // Object.is equality" type="AssertionError">
AssertionError: expected true to be false // Object.is equality

- Expected
+ Received

- false
+ true

 ❯ src/everything.spec.ts:8:18
            </failure>
        </testcase>
        <testcase classname="src/everything.spec.ts" name="describe 75 &gt; example test 54" time="0.000013875">
        </testcase>
        <testcase classname="src/everything.spec.ts" name="describe 75 &gt; example test 55" time="0.000061917">
            <failure message="expected true to be false // Object.is equality" type="AssertionError">
AssertionError: expected true to be false // Object.is equality

- Expected
+ Received

- false
+ true

 ❯ src/everything.spec.ts:8:18
            </failure>
        </testcase>
        <testcase classname="src/everything.spec.ts" name="describe 75 &gt; example test 56" time="0.000013791">
        </testcase>
        <testcase classname="src/everything.spec.ts" name="describe 75 &gt; example test 57" time="0.000060834">
            <failure message="expected true to be false // Object.is equality" type="AssertionError">
AssertionError: expected true to be false // Object.is equality

- Expected
+ Received

- false
+ true

 ❯ src/everything.spec.ts:8:18
            </failure>
        </testcase>
        <testcase classname="src/everything.spec.ts" name="describe 75 &gt; example test 58" time="0.000014125">
        </testcase>
        <testcase classname="src/everything.spec.ts" name="describe 75 &gt; example test 59" time="0.000061125">
            <failure message="expected true to be false // Object.is equality" type="AssertionError">
AssertionError: expected true to be false // Object.is equality

- Expected
+ Received

- false
+ true

 ❯ src/everything.spec.ts:8:18
            </failure>
        </testcase>
        <testcase classname="src/everything.spec.ts" name="describe 75 &gt; example test 60" time="0.000013625">
        </testcase>
        <testcase classname="src/everything.spec.ts" name="describe 75 &gt; example test 61" time="0.00006175">
            <failure message="expected true to be false // Object.is equality" type="AssertionError">
AssertionError: expected true to be false // Object.is equality

- Expected
+ Received

- false
+ true

 ❯ src/everything.spec.ts:8:18
            </failure>
        </testcase>
        <testcase classname="src/everything.spec.ts" name="describe 75 &gt; example test 62" time="0.0000145">
        </testcase>
        <testcase classname="src/everything.spec.ts" name="describe 75 &gt; example test 63" time="0.000062875">
            <failure message="expected true to be false // Object.is equality" type="AssertionError">
AssertionError: expected true to be false // Object.is equality

- Expected
+ Received

- false
+ true

 ❯ src/everything.spec.ts:8:18
            </failure>
        </testcase>
        <testcase classname="src/everything.spec.ts" name="describe 75 &gt; example test 64" time="0.000014">
        </testcase>
        <testcase classname="src/everything.spec.ts" name="describe 75 &gt; example test 65" time="0.000061917">
            <failure message="expected true to be false // Object.is equality" type="AssertionError">
AssertionError: expected true to be false // Object.is equality

- Expected
+ Received

- false
+ true

 ❯ src/everything.spec.ts:8:18
            </failure>
        </testcase>
        <testcase classname="src/everything.spec.ts" name="describe 75 &gt; example test 66" time="0.000013791">
        </testcase>
        <testcase classname="src/everything.spec.ts" name="describe 75 &gt; example test 67" time="0.000062209">
            <failure message="expected true to be false // Object.is equality" type="AssertionError">
AssertionError: expected true to be false // Object.is equality

- Expected
+ Received

- false
+ true

 ❯ src/everything.spec.ts:8:18
            </failure>
        </testcase>
        <testcase classname="src/everything.spec.ts" name="describe 75 &gt; example test 68" time="0.000013959">
        </testcase>
        <testcase classname="src/everything.spec.ts" name="describe 75 &gt; example test 69" time="0.000061375">
            <failure message="expected true to be false // Object.is equality" type="AssertionError">
AssertionError: expected true to be false // Object.is equality

- Expected
+ Received

- false
+ true

 ❯ src/everything.spec.ts:8:18
            </failure>
        </testcase>
        <testcase classname="src/everything.spec.ts" name="describe 75 &gt; example test 70" time="0.0000135">
        </testcase>
        <testcase classname="src/everything.spec.ts" name="describe 75 &gt; example test 71" time="0.000063">
            <failure message="expected true to be false // Object.is equality" type="AssertionError">
AssertionError: expected true to be false // Object.is equality

- Expected
+ Received

- false
+ true

 ❯ src/everything.spec.ts:8:18
            </failure>
        </testcase>
        <testcase classname="src/everything.spec.ts" name="describe 75 &gt; example test 72" time="0.000013459">
        </testcase>
        <testcase classname="src/everything.spec.ts" name="describe 75 &gt; example test 73" time="0.000062542">
            <failure message="expected true to be false // Object.is equality" type="AssertionError">
AssertionError: expected true to be false // Object.is equality

- Expected
+ Received

- false
+ true

 ❯ src/everything.spec.ts:8:18
            </failure>
        </testcase>
        <testcase classname="src/everything.spec.ts" name="describe 75 &gt; example test 74" time="0.000014375">
        </testcase>
        <testcase classname="src/everything.spec.ts" name="describe 75 &gt; example test 75" time="0.000062583">
            <failure message="expected true to be false // Object.is equality" type="AssertionError">
AssertionError: expected true to be false // Object.is equality

- Expected
+ Received

- false
+ true

 ❯ src/everything.spec.ts:8:18
            </failure>
        </testcase>
        <testcase classname="src/everything.spec.ts" name="describe 75 &gt; example test 76" time="0.000013875">
        </testcase>
        <testcase classname="src/everything.spec.ts" name="describe 75 &gt; example test 77" time="0.000061583">
            <failure message="expected true to be false // Object.is equality" type="AssertionError">
AssertionError: expected true to be false // Object.is equality

- Expected
+ Received

- false
+ true

 ❯ src/everything.spec.ts:8:18
            </failure>
        </testcase>
        <testcase classname="src/everything.spec.ts" name="describe 75 &gt; example test 78" time="0.000013792">
        </testcase>
        <testcase classname="src/everything.spec.ts" name="describe 75 &gt; example test 79" time="0.000062375">
            <failure message="expected true to be false // Object.is equality" type="AssertionError">
AssertionError: expected true to be false // Object.is equality

- Expected
+ Received

- false
+ true

 ❯ src/everything.spec.ts:8:18
            </failure>
        </testcase>
        <testcase classname="src/everything.spec.ts" name="describe 75 &gt; example test 80" time="0.000013834">
        </testcase>
        <testcase classname="src/everything.spec.ts" name="describe 75 &gt; example test 81" time="0.000061167">
            <failure message="expected true to be false // Object.is equality" type="AssertionError">
AssertionError: expected true to be false // Object.is equality

- Expected
+ Received

- false
+ true

 ❯ src/everything.spec.ts:8:18
            </failure>
        </testcase>
        <testcase classname="src/everything.spec.ts" name="describe 75 &gt; example test 82" time="0.000013709">
        </testcase>
        <testcase classname="src/everything.spec.ts" name="describe 75 &gt; example test 83" time="0.000062833">
            <failure message="expected true to be false // Object.is equality" type="AssertionError">
AssertionError: expected true to be false // Object.is equality

- Expected
+ Received

- false
+ true

 ❯ src/everything.spec.ts:8:18
            </failure>
        </testcase>
        <testcase classname="src/everything.spec.ts" name="describe 75 &gt; example test 84" time="0.000013958">
        </testcase>
        <testcase classname="src/everything.spec.ts" name="describe 75 &gt; example test 85" time="0.000061458">
            <failure message="expected true to be false // Object.is equality" type="AssertionError">
AssertionError: expected true to be false // Object.is equality

- Expected
+ Received

- false
+ true

 ❯ src/everything.spec.ts:8:18
            </failure>
        </testcase>
        <testcase classname="src/everything.spec.ts" name="describe 75 &gt; example test 86" time="0.000014333">
        </testcase>
        <testcase classname="src/everything.spec.ts" name="describe 75 &gt; example test 87" time="0.0000625">
            <failure message="expected true to be false // Object.is equality" type="AssertionError">
AssertionError: expected true to be false // Object.is equality

- Expected
+ Received

- false
+ true

 ❯ src/everything.spec.ts:8:18
            </failure>
        </testcase>
        <testcase classname="src/everything.spec.ts" name="describe 75 &gt; example test 88" time="0.000014">
        </testcase>
        <testcase classname="src/everything.spec.ts" name="describe 75 &gt; example test 89" time="0.0000615">
            <failure message="expected true to be false // Object.is equality" type="AssertionError">
AssertionError: expected true to be false // Object.is equality

- Expected
+ Received

- false
+ true

 ❯ src/everything.spec.ts:8:18
            </failure>
        </testcase>
        <testcase classname="src/everything.spec.ts" name="describe 75 &gt; example test 90" time="0.000014334">
        </testcase>
        <testcase classname="src/everything.spec.ts" name="describe 75 &gt; example test 91" time="0.000061917">
            <failure message="expected true to be false // Object.is equality" type="AssertionError">
AssertionError: expected true to be false // Object.is equality

- Expected
+ Received

- false
+ true

 ❯ src/everything.spec.ts:8:18
            </failure>
        </testcase>
        <testcase classname="src/everything.spec.ts" name="describe 75 &gt; example test 92" time="0.000014125">
        </testcase>
        <testcase classname="src/everything.spec.ts" name="describe 75 &gt; example test 93" time="0.000061333">
            <failure message="expected true to be false // Object.is equality" type="AssertionError">
AssertionError: expected true to be false // Object.is equality

- Expected
+ Received

- false
+ true

 ❯ src/everything.spec.ts:8:18
            </failure>
        </testcase>
        <testcase classname="src/everything.spec.ts" name="describe 75 &gt; example test 94" time="0.000013167">
        </testcase>
        <testcase classname="src/everything.spec.ts" name="describe 75 &gt; example test 95" time="0.000062458">
            <failure message="expected true to be false // Object.is equality" type="AssertionError">
AssertionError: expected true to be false // Object.is equality

- Expected
+ Received

- false
+ true

 ❯ src/everything.spec.ts:8:18
            </failure>
        </testcase>
        <testcase classname="src/everything.spec.ts" name="describe 75 &gt; example test 96" time="0.000013875">
        </testcase>
        <testcase classname="src/everything.spec.ts" name="describe 75 &gt; example test 97" time="0.000062">
            <failure message="expected true to be false // Object.is equality" type="AssertionError">
AssertionError: expected true to be false // Object.is equality

- Expected
+ Received

- false
+ true

 ❯ src/everything.spec.ts:8:18
            </failure>
        </testcase>
        <testcase classname="src/everything.spec.ts" name="describe 75 &gt; example test 98" time="0.000014084">
        </testcase>
        <testcase classname="src/everything.spec.ts" name="describe 75 &gt; example test 99" time="0.000062041">
            <failure message="expected true to be false // Object.is equality" type="AssertionError">
AssertionError: expected true to be false // Object.is equality

- Expected
+ Received

- false
+ true

 ❯ src/everything.spec.ts:8:18
            </failure>
        </testcase>
        <testcase classname="src/everything.spec.ts" name="describe 75 &gt; example test 100" time="0.000014417">
        </testcase>
        <testcase classname="src/everything.spec.ts" name="describe 76 &gt; example test 1" time="0.000062666">
            <failure message="expected true to be false // Object.is equality" type="AssertionError">
AssertionError: expected true to be false // Object.is equality

- Expected
+ Received

- false
+ true

 ❯ src/everything.spec.ts:8:18
            </failure>
        </testcase>
        <testcase classname="src/everything.spec.ts" name="describe 76 &gt; example test 2" time="0.0000135">
        </testcase>
        <testcase classname="src/everything.spec.ts" name="describe 76 &gt; example test 3" time="0.0000625">
            <failure message="expected true to be false // Object.is equality" type="AssertionError">
AssertionError: expected true to be false // Object.is equality

- Expected
+ Received

- false
+ true

 ❯ src/everything.spec.ts:8:18
            </failure>
        </testcase>
        <testcase classname="src/everything.spec.ts" name="describe 76 &gt; example test 4" time="0.000014042">
        </testcase>
        <testcase classname="src/everything.spec.ts" name="describe 76 &gt; example test 5" time="0.000062166">
            <failure message="expected true to be false // Object.is equality" type="AssertionError">
AssertionError: expected true to be false // Object.is equality

- Expected
+ Received

- false
+ true

 ❯ src/everything.spec.ts:8:18
            </failure>
        </testcase>
        <testcase classname="src/everything.spec.ts" name="describe 76 &gt; example test 6" time="0.000014333">
        </testcase>
        <testcase classname="src/everything.spec.ts" name="describe 76 &gt; example test 7" time="0.000062042">
            <failure message="expected true to be false // Object.is equality" type="AssertionError">
AssertionError: expected true to be false // Object.is equality

- Expected
+ Received

- false
+ true

 ❯ src/everything.spec.ts:8:18
            </failure>
        </testcase>
        <testcase classname="src/everything.spec.ts" name="describe 76 &gt; example test 8" time="0.000013584">
        </testcase>
        <testcase classname="src/everything.spec.ts" name="describe 76 &gt; example test 9" time="0.000060792">
            <failure message="expected true to be false // Object.is equality" type="AssertionError">
AssertionError: expected true to be false // Object.is equality

- Expected
+ Received

- false
+ true

 ❯ src/everything.spec.ts:8:18
            </failure>
        </testcase>
        <testcase classname="src/everything.spec.ts" name="describe 76 &gt; example test 10" time="0.000014125">
        </testcase>
        <testcase classname="src/everything.spec.ts" name="describe 76 &gt; example test 11" time="0.000062167">
            <failure message="expected true to be false // Object.is equality" type="AssertionError">
AssertionError: expected true to be false // Object.is equality

- Expected
+ Received

- false
+ true

 ❯ src/everything.spec.ts:8:18
            </failure>
        </testcase>
        <testcase classname="src/everything.spec.ts" name="describe 76 &gt; example test 12" time="0.000013834">
        </testcase>
        <testcase classname="src/everything.spec.ts" name="describe 76 &gt; example test 13" time="0.000061417">
            <failure message="expected true to be false // Object.is equality" type="AssertionError">
AssertionError: expected true to be false // Object.is equality

- Expected
+ Received

- false
+ true

 ❯ src/everything.spec.ts:8:18
            </failure>
        </testcase>
        <testcase classname="src/everything.spec.ts" name="describe 76 &gt; example test 14" time="0.000014209">
        </testcase>
        <testcase classname="src/everything.spec.ts" name="describe 76 &gt; example test 15" time="0.00006225">
            <failure message="expected true to be false // Object.is equality" type="AssertionError">
AssertionError: expected true to be false // Object.is equality

- Expected
+ Received

- false
+ true

 ❯ src/everything.spec.ts:8:18
            </failure>
        </testcase>
        <testcase classname="src/everything.spec.ts" name="describe 76 &gt; example test 16" time="0.000013583">
        </testcase>
        <testcase classname="src/everything.spec.ts" name="describe 76 &gt; example test 17" time="0.00006175">
            <failure message="expected true to be false // Object.is equality" type="AssertionError">
AssertionError: expected true to be false // Object.is equality

- Expected
+ Received

- false
+ true

 ❯ src/everything.spec.ts:8:18
            </failure>
        </testcase>
        <testcase classname="src/everything.spec.ts" name="describe 76 &gt; example test 18" time="0.000014333">
        </testcase>
        <testcase classname="src/everything.spec.ts" name="describe 76 &gt; example test 19" time="0.000062334">
            <failure message="expected true to be false // Object.is equality" type="AssertionError">
AssertionError: expected true to be false // Object.is equality

- Expected
+ Received

- false
+ true

 ❯ src/everything.spec.ts:8:18
            </failure>
        </testcase>
        <testcase classname="src/everything.spec.ts" name="describe 76 &gt; example test 20" time="0.000013834">
        </testcase>
        <testcase classname="src/everything.spec.ts" name="describe 76 &gt; example test 21" time="0.0000615">
            <failure message="expected true to be false // Object.is equality" type="AssertionError">
AssertionError: expected true to be false // Object.is equality

- Expected
+ Received

- false
+ true

 ❯ src/everything.spec.ts:8:18
            </failure>
        </testcase>
        <testcase classname="src/everything.spec.ts" name="describe 76 &gt; example test 22" time="0.000014">
        </testcase>
        <testcase classname="src/everything.spec.ts" name="describe 76 &gt; example test 23" time="0.000062">
            <failure message="expected true to be false // Object.is equality" type="AssertionError">
AssertionError: expected true to be false // Object.is equality

- Expected
+ Received

- false
+ true

 ❯ src/everything.spec.ts:8:18
            </failure>
        </testcase>
        <testcase classname="src/everything.spec.ts" name="describe 76 &gt; example test 24" time="0.000013917">
        </testcase>
        <testcase classname="src/everything.spec.ts" name="describe 76 &gt; example test 25" time="0.000062041">
            <failure message="expected true to be false // Object.is equality" type="AssertionError">
AssertionError: expected true to be false // Object.is equality

- Expected
+ Received

- false
+ true

 ❯ src/everything.spec.ts:8:18
            </failure>
        </testcase>
        <testcase classname="src/everything.spec.ts" name="describe 76 &gt; example test 26" time="0.000014">
        </testcase>
        <testcase classname="src/everything.spec.ts" name="describe 76 &gt; example test 27" time="0.000062333">
            <failure message="expected true to be false // Object.is equality" type="AssertionError">
AssertionError: expected true to be false // Object.is equality

- Expected
+ Received

- false
+ true

 ❯ src/everything.spec.ts:8:18
            </failure>
        </testcase>
        <testcase classname="src/everything.spec.ts" name="describe 76 &gt; example test 28" time="0.000013666">
        </testcase>
        <testcase classname="src/everything.spec.ts" name="describe 76 &gt; example test 29" time="0.000061833">
            <failure message="expected true to be false // Object.is equality" type="AssertionError">
AssertionError: expected true to be false // Object.is equality

- Expected
+ Received

- false
+ true

 ❯ src/everything.spec.ts:8:18
            </failure>
        </testcase>
        <testcase classname="src/everything.spec.ts" name="describe 76 &gt; example test 30" time="0.000014125">
        </testcase>
        <testcase classname="src/everything.spec.ts" name="describe 76 &gt; example test 31" time="0.000062208">
            <failure message="expected true to be false // Object.is equality" type="AssertionError">
AssertionError: expected true to be false // Object.is equality

- Expected
+ Received

- false
+ true

 ❯ src/everything.spec.ts:8:18
            </failure>
        </testcase>
        <testcase classname="src/everything.spec.ts" name="describe 76 &gt; example test 32" time="0.000013666">
        </testcase>
        <testcase classname="src/everything.spec.ts" name="describe 76 &gt; example test 33" time="0.000061542">
            <failure message="expected true to be false // Object.is equality" type="AssertionError">
AssertionError: expected true to be false // Object.is equality

- Expected
+ Received

- false
+ true

 ❯ src/everything.spec.ts:8:18
            </failure>
        </testcase>
        <testcase classname="src/everything.spec.ts" name="describe 76 &gt; example test 34" time="0.00001425">
        </testcase>
        <testcase classname="src/everything.spec.ts" name="describe 76 &gt; example test 35" time="0.000062417">
            <failure message="expected true to be false // Object.is equality" type="AssertionError">
AssertionError: expected true to be false // Object.is equality

- Expected
+ Received

- false
+ true

 ❯ src/everything.spec.ts:8:18
            </failure>
        </testcase>
        <testcase classname="src/everything.spec.ts" name="describe 76 &gt; example test 36" time="0.000013542">
        </testcase>
        <testcase classname="src/everything.spec.ts" name="describe 76 &gt; example test 37" time="0.000061958">
            <failure message="expected true to be false // Object.is equality" type="AssertionError">
AssertionError: expected true to be false // Object.is equality

- Expected
+ Received

- false
+ true

 ❯ src/everything.spec.ts:8:18
            </failure>
        </testcase>
        <testcase classname="src/everything.spec.ts" name="describe 76 &gt; example test 38" time="0.000014125">
        </testcase>
        <testcase classname="src/everything.spec.ts" name="describe 76 &gt; example test 39" time="0.000062375">
            <failure message="expected true to be false // Object.is equality" type="AssertionError">
AssertionError: expected true to be false // Object.is equality

- Expected
+ Received

- false
+ true

 ❯ src/everything.spec.ts:8:18
            </failure>
        </testcase>
        <testcase classname="src/everything.spec.ts" name="describe 76 &gt; example test 40" time="0.000013875">
        </testcase>
        <testcase classname="src/everything.spec.ts" name="describe 76 &gt; example test 41" time="0.000062125">
            <failure message="expected true to be false // Object.is equality" type="AssertionError">
AssertionError: expected true to be false // Object.is equality

- Expected
+ Received

- false
+ true

 ❯ src/everything.spec.ts:8:18
            </failure>
        </testcase>
        <testcase classname="src/everything.spec.ts" name="describe 76 &gt; example test 42" time="0.000014041">
        </testcase>
        <testcase classname="src/everything.spec.ts" name="describe 76 &gt; example test 43" time="0.000062667">
            <failure message="expected true to be false // Object.is equality" type="AssertionError">
AssertionError: expected true to be false // Object.is equality

- Expected
+ Received

- false
+ true

 ❯ src/everything.spec.ts:8:18
            </failure>
        </testcase>
        <testcase classname="src/everything.spec.ts" name="describe 76 &gt; example test 44" time="0.00001325">
        </testcase>
        <testcase classname="src/everything.spec.ts" name="describe 76 &gt; example test 45" time="0.000061541">
            <failure message="expected true to be false // Object.is equality" type="AssertionError">
AssertionError: expected true to be false // Object.is equality

- Expected
+ Received

- false
+ true

 ❯ src/everything.spec.ts:8:18
            </failure>
        </testcase>
        <testcase classname="src/everything.spec.ts" name="describe 76 &gt; example test 46" time="0.00001375">
        </testcase>
        <testcase classname="src/everything.spec.ts" name="describe 76 &gt; example test 47" time="0.000063083">
            <failure message="expected true to be false // Object.is equality" type="AssertionError">
AssertionError: expected true to be false // Object.is equality

- Expected
+ Received

- false
+ true

 ❯ src/everything.spec.ts:8:18
            </failure>
        </testcase>
        <testcase classname="src/everything.spec.ts" name="describe 76 &gt; example test 48" time="0.000014125">
        </testcase>
        <testcase classname="src/everything.spec.ts" name="describe 76 &gt; example test 49" time="0.000061666">
            <failure message="expected true to be false // Object.is equality" type="AssertionError">
AssertionError: expected true to be false // Object.is equality

- Expected
+ Received

- false
+ true

 ❯ src/everything.spec.ts:8:18
            </failure>
        </testcase>
        <testcase classname="src/everything.spec.ts" name="describe 76 &gt; example test 50" time="0.000013958">
        </testcase>
        <testcase classname="src/everything.spec.ts" name="describe 76 &gt; example test 51" time="0.0000665">
            <failure message="expected true to be false // Object.is equality" type="AssertionError">
AssertionError: expected true to be false // Object.is equality

- Expected
+ Received

- false
+ true

 ❯ src/everything.spec.ts:8:18
            </failure>
        </testcase>
        <testcase classname="src/everything.spec.ts" name="describe 76 &gt; example test 52" time="0.000014">
        </testcase>
        <testcase classname="src/everything.spec.ts" name="describe 76 &gt; example test 53" time="0.000062583">
            <failure message="expected true to be false // Object.is equality" type="AssertionError">
AssertionError: expected true to be false // Object.is equality

- Expected
+ Received

- false
+ true

 ❯ src/everything.spec.ts:8:18
            </failure>
        </testcase>
        <testcase classname="src/everything.spec.ts" name="describe 76 &gt; example test 54" time="0.000014625">
        </testcase>
        <testcase classname="src/everything.spec.ts" name="describe 76 &gt; example test 55" time="0.000062542">
            <failure message="expected true to be false // Object.is equality" type="AssertionError">
AssertionError: expected true to be false // Object.is equality

- Expected
+ Received

- false
+ true

 ❯ src/everything.spec.ts:8:18
            </failure>
        </testcase>
        <testcase classname="src/everything.spec.ts" name="describe 76 &gt; example test 56" time="0.000014">
        </testcase>
        <testcase classname="src/everything.spec.ts" name="describe 76 &gt; example test 57" time="0.000062208">
            <failure message="expected true to be false // Object.is equality" type="AssertionError">
AssertionError: expected true to be false // Object.is equality

- Expected
+ Received

- false
+ true

 ❯ src/everything.spec.ts:8:18
            </failure>
        </testcase>
        <testcase classname="src/everything.spec.ts" name="describe 76 &gt; example test 58" time="0.000014">
        </testcase>
        <testcase classname="src/everything.spec.ts" name="describe 76 &gt; example test 59" time="0.000062667">
            <failure message="expected true to be false // Object.is equality" type="AssertionError">
AssertionError: expected true to be false // Object.is equality

- Expected
+ Received

- false
+ true

 ❯ src/everything.spec.ts:8:18
            </failure>
        </testcase>
        <testcase classname="src/everything.spec.ts" name="describe 76 &gt; example test 60" time="0.000014333">
        </testcase>
        <testcase classname="src/everything.spec.ts" name="describe 76 &gt; example test 61" time="0.000061458">
            <failure message="expected true to be false // Object.is equality" type="AssertionError">
AssertionError: expected true to be false // Object.is equality

- Expected
+ Received

- false
+ true

 ❯ src/everything.spec.ts:8:18
            </failure>
        </testcase>
        <testcase classname="src/everything.spec.ts" name="describe 76 &gt; example test 62" time="0.000013917">
        </testcase>
        <testcase classname="src/everything.spec.ts" name="describe 76 &gt; example test 63" time="0.000062167">
            <failure message="expected true to be false // Object.is equality" type="AssertionError">
AssertionError: expected true to be false // Object.is equality

- Expected
+ Received

- false
+ true

 ❯ src/everything.spec.ts:8:18
            </failure>
        </testcase>
        <testcase classname="src/everything.spec.ts" name="describe 76 &gt; example test 64" time="0.0000135">
        </testcase>
        <testcase classname="src/everything.spec.ts" name="describe 76 &gt; example test 65" time="0.000061625">
            <failure message="expected true to be false // Object.is equality" type="AssertionError">
AssertionError: expected true to be false // Object.is equality

- Expected
+ Received

- false
+ true

 ❯ src/everything.spec.ts:8:18
            </failure>
        </testcase>
        <testcase classname="src/everything.spec.ts" name="describe 76 &gt; example test 66" time="0.000014">
        </testcase>
        <testcase classname="src/everything.spec.ts" name="describe 76 &gt; example test 67" time="0.000062709">
            <failure message="expected true to be false // Object.is equality" type="AssertionError">
AssertionError: expected true to be false // Object.is equality

- Expected
+ Received

- false
+ true

 ❯ src/everything.spec.ts:8:18
            </failure>
        </testcase>
        <testcase classname="src/everything.spec.ts" name="describe 76 &gt; example test 68" time="0.000013917">
        </testcase>
        <testcase classname="src/everything.spec.ts" name="describe 76 &gt; example test 69" time="0.000062083">
            <failure message="expected true to be false // Object.is equality" type="AssertionError">
AssertionError: expected true to be false // Object.is equality

- Expected
+ Received

- false
+ true

 ❯ src/everything.spec.ts:8:18
            </failure>
        </testcase>
        <testcase classname="src/everything.spec.ts" name="describe 76 &gt; example test 70" time="0.000013959">
        </testcase>
        <testcase classname="src/everything.spec.ts" name="describe 76 &gt; example test 71" time="0.000062375">
            <failure message="expected true to be false // Object.is equality" type="AssertionError">
AssertionError: expected true to be false // Object.is equality

- Expected
+ Received

- false
+ true

 ❯ src/everything.spec.ts:8:18
            </failure>
        </testcase>
        <testcase classname="src/everything.spec.ts" name="describe 76 &gt; example test 72" time="0.000014334">
        </testcase>
        <testcase classname="src/everything.spec.ts" name="describe 76 &gt; example test 73" time="0.00006125">
            <failure message="expected true to be false // Object.is equality" type="AssertionError">
AssertionError: expected true to be false // Object.is equality

- Expected
+ Received

- false
+ true

 ❯ src/everything.spec.ts:8:18
            </failure>
        </testcase>
        <testcase classname="src/everything.spec.ts" name="describe 76 &gt; example test 74" time="0.00001425">
        </testcase>
        <testcase classname="src/everything.spec.ts" name="describe 76 &gt; example test 75" time="0.000061833">
            <failure message="expected true to be false // Object.is equality" type="AssertionError">
AssertionError: expected true to be false // Object.is equality

- Expected
+ Received

- false
+ true

 ❯ src/everything.spec.ts:8:18
            </failure>
        </testcase>
        <testcase classname="src/everything.spec.ts" name="describe 76 &gt; example test 76" time="0.000014083">
        </testcase>
        <testcase classname="src/everything.spec.ts" name="describe 76 &gt; example test 77" time="0.0000615">
            <failure message="expected true to be false // Object.is equality" type="AssertionError">
AssertionError: expected true to be false // Object.is equality

- Expected
+ Received

- false
+ true

 ❯ src/everything.spec.ts:8:18
            </failure>
        </testcase>
        <testcase classname="src/everything.spec.ts" name="describe 76 &gt; example test 78" time="0.000014167">
        </testcase>
        <testcase classname="src/everything.spec.ts" name="describe 76 &gt; example test 79" time="0.000063125">
            <failure message="expected true to be false // Object.is equality" type="AssertionError">
AssertionError: expected true to be false // Object.is equality

- Expected
+ Received

- false
+ true

 ❯ src/everything.spec.ts:8:18
            </failure>
        </testcase>
        <testcase classname="src/everything.spec.ts" name="describe 76 &gt; example test 80" time="0.000014167">
        </testcase>
        <testcase classname="src/everything.spec.ts" name="describe 76 &gt; example test 81" time="0.000061334">
            <failure message="expected true to be false // Object.is equality" type="AssertionError">
AssertionError: expected true to be false // Object.is equality

- Expected
+ Received

- false
+ true

 ❯ src/everything.spec.ts:8:18
            </failure>
        </testcase>
        <testcase classname="src/everything.spec.ts" name="describe 76 &gt; example test 82" time="0.000014333">
        </testcase>
        <testcase classname="src/everything.spec.ts" name="describe 76 &gt; example test 83" time="0.000062084">
            <failure message="expected true to be false // Object.is equality" type="AssertionError">
AssertionError: expected true to be false // Object.is equality

- Expected
+ Received

- false
+ true

 ❯ src/everything.spec.ts:8:18
            </failure>
        </testcase>
        <testcase classname="src/everything.spec.ts" name="describe 76 &gt; example test 84" time="0.000013875">
        </testcase>
        <testcase classname="src/everything.spec.ts" name="describe 76 &gt; example test 85" time="0.000062">
            <failure message="expected true to be false // Object.is equality" type="AssertionError">
AssertionError: expected true to be false // Object.is equality

- Expected
+ Received

- false
+ true

 ❯ src/everything.spec.ts:8:18
            </failure>
        </testcase>
        <testcase classname="src/everything.spec.ts" name="describe 76 &gt; example test 86" time="0.0000145">
        </testcase>
        <testcase classname="src/everything.spec.ts" name="describe 76 &gt; example test 87" time="0.000061708">
            <failure message="expected true to be false // Object.is equality" type="AssertionError">
AssertionError: expected true to be false // Object.is equality

- Expected
+ Received

- false
+ true

 ❯ src/everything.spec.ts:8:18
            </failure>
        </testcase>
        <testcase classname="src/everything.spec.ts" name="describe 76 &gt; example test 88" time="0.00001425">
        </testcase>
        <testcase classname="src/everything.spec.ts" name="describe 76 &gt; example test 89" time="0.000062541">
            <failure message="expected true to be false // Object.is equality" type="AssertionError">
AssertionError: expected true to be false // Object.is equality

- Expected
+ Received

- false
+ true

 ❯ src/everything.spec.ts:8:18
            </failure>
        </testcase>
        <testcase classname="src/everything.spec.ts" name="describe 76 &gt; example test 90" time="0.000014166">
        </testcase>
        <testcase classname="src/everything.spec.ts" name="describe 76 &gt; example test 91" time="0.00006275">
            <failure message="expected true to be false // Object.is equality" type="AssertionError">
AssertionError: expected true to be false // Object.is equality

- Expected
+ Received

- false
+ true

 ❯ src/everything.spec.ts:8:18
            </failure>
        </testcase>
        <testcase classname="src/everything.spec.ts" name="describe 76 &gt; example test 92" time="0.000014084">
        </testcase>
        <testcase classname="src/everything.spec.ts" name="describe 76 &gt; example test 93" time="0.000062042">
            <failure message="expected true to be false // Object.is equality" type="AssertionError">
AssertionError: expected true to be false // Object.is equality

- Expected
+ Received

- false
+ true

 ❯ src/everything.spec.ts:8:18
            </failure>
        </testcase>
        <testcase classname="src/everything.spec.ts" name="describe 76 &gt; example test 94" time="0.000014417">
        </testcase>
        <testcase classname="src/everything.spec.ts" name="describe 76 &gt; example test 95" time="0.000061958">
            <failure message="expected true to be false // Object.is equality" type="AssertionError">
AssertionError: expected true to be false // Object.is equality

- Expected
+ Received

- false
+ true

 ❯ src/everything.spec.ts:8:18
            </failure>
        </testcase>
        <testcase classname="src/everything.spec.ts" name="describe 76 &gt; example test 96" time="0.0000135">
        </testcase>
        <testcase classname="src/everything.spec.ts" name="describe 76 &gt; example test 97" time="0.000063416">
            <failure message="expected true to be false // Object.is equality" type="AssertionError">
AssertionError: expected true to be false // Object.is equality

- Expected
+ Received

- false
+ true

 ❯ src/everything.spec.ts:8:18
            </failure>
        </testcase>
        <testcase classname="src/everything.spec.ts" name="describe 76 &gt; example test 98" time="0.000015584">
        </testcase>
        <testcase classname="src/everything.spec.ts" name="describe 76 &gt; example test 99" time="0.000487583">
            <failure message="expected true to be false // Object.is equality" type="AssertionError">
AssertionError: expected true to be false // Object.is equality

- Expected
+ Received

- false
+ true

 ❯ src/everything.spec.ts:8:18
            </failure>
        </testcase>
        <testcase classname="src/everything.spec.ts" name="describe 76 &gt; example test 100" time="0.000021125">
        </testcase>
        <testcase classname="src/everything.spec.ts" name="describe 77 &gt; example test 1" time="0.000076959">
            <failure message="expected true to be false // Object.is equality" type="AssertionError">
AssertionError: expected true to be false // Object.is equality

- Expected
+ Received

- false
+ true

 ❯ src/everything.spec.ts:8:18
            </failure>
        </testcase>
        <testcase classname="src/everything.spec.ts" name="describe 77 &gt; example test 2" time="0.000019208">
        </testcase>
        <testcase classname="src/everything.spec.ts" name="describe 77 &gt; example test 3" time="0.000069792">
            <failure message="expected true to be false // Object.is equality" type="AssertionError">
AssertionError: expected true to be false // Object.is equality

- Expected
+ Received

- false
+ true

 ❯ src/everything.spec.ts:8:18
            </failure>
        </testcase>
        <testcase classname="src/everything.spec.ts" name="describe 77 &gt; example test 4" time="0.000015208">
        </testcase>
        <testcase classname="src/everything.spec.ts" name="describe 77 &gt; example test 5" time="0.000067959">
            <failure message="expected true to be false // Object.is equality" type="AssertionError">
AssertionError: expected true to be false // Object.is equality

- Expected
+ Received

- false
+ true

 ❯ src/everything.spec.ts:8:18
            </failure>
        </testcase>
        <testcase classname="src/everything.spec.ts" name="describe 77 &gt; example test 6" time="0.000014708">
        </testcase>
        <testcase classname="src/everything.spec.ts" name="describe 77 &gt; example test 7" time="0.000063666">
            <failure message="expected true to be false // Object.is equality" type="AssertionError">
AssertionError: expected true to be false // Object.is equality

- Expected
+ Received

- false
+ true

 ❯ src/everything.spec.ts:8:18
            </failure>
        </testcase>
        <testcase classname="src/everything.spec.ts" name="describe 77 &gt; example test 8" time="0.000014708">
        </testcase>
        <testcase classname="src/everything.spec.ts" name="describe 77 &gt; example test 9" time="0.00006275">
            <failure message="expected true to be false // Object.is equality" type="AssertionError">
AssertionError: expected true to be false // Object.is equality

- Expected
+ Received

- false
+ true

 ❯ src/everything.spec.ts:8:18
            </failure>
        </testcase>
        <testcase classname="src/everything.spec.ts" name="describe 77 &gt; example test 10" time="0.0000165">
        </testcase>
        <testcase classname="src/everything.spec.ts" name="describe 77 &gt; example test 11" time="0.000064875">
            <failure message="expected true to be false // Object.is equality" type="AssertionError">
AssertionError: expected true to be false // Object.is equality

- Expected
+ Received

- false
+ true

 ❯ src/everything.spec.ts:8:18
            </failure>
        </testcase>
        <testcase classname="src/everything.spec.ts" name="describe 77 &gt; example test 12" time="0.000014208">
        </testcase>
        <testcase classname="src/everything.spec.ts" name="describe 77 &gt; example test 13" time="0.000062083">
            <failure message="expected true to be false // Object.is equality" type="AssertionError">
AssertionError: expected true to be false // Object.is equality

- Expected
+ Received

- false
+ true

 ❯ src/everything.spec.ts:8:18
            </failure>
        </testcase>
        <testcase classname="src/everything.spec.ts" name="describe 77 &gt; example test 14" time="0.000014209">
        </testcase>
        <testcase classname="src/everything.spec.ts" name="describe 77 &gt; example test 15" time="0.000062916">
            <failure message="expected true to be false // Object.is equality" type="AssertionError">
AssertionError: expected true to be false // Object.is equality

- Expected
+ Received

- false
+ true

 ❯ src/everything.spec.ts:8:18
            </failure>
        </testcase>
        <testcase classname="src/everything.spec.ts" name="describe 77 &gt; example test 16" time="0.000016916">
        </testcase>
        <testcase classname="src/everything.spec.ts" name="describe 77 &gt; example test 17" time="0.000061709">
            <failure message="expected true to be false // Object.is equality" type="AssertionError">
AssertionError: expected true to be false // Object.is equality

- Expected
+ Received

- false
+ true

 ❯ src/everything.spec.ts:8:18
            </failure>
        </testcase>
        <testcase classname="src/everything.spec.ts" name="describe 77 &gt; example test 18" time="0.000014375">
        </testcase>
        <testcase classname="src/everything.spec.ts" name="describe 77 &gt; example test 19" time="0.000061833">
            <failure message="expected true to be false // Object.is equality" type="AssertionError">
AssertionError: expected true to be false // Object.is equality

- Expected
+ Received

- false
+ true

 ❯ src/everything.spec.ts:8:18
            </failure>
        </testcase>
        <testcase classname="src/everything.spec.ts" name="describe 77 &gt; example test 20" time="0.000013834">
        </testcase>
        <testcase classname="src/everything.spec.ts" name="describe 77 &gt; example test 21" time="0.000068833">
            <failure message="expected true to be false // Object.is equality" type="AssertionError">
AssertionError: expected true to be false // Object.is equality

- Expected
+ Received

- false
+ true

 ❯ src/everything.spec.ts:8:18
            </failure>
        </testcase>
        <testcase classname="src/everything.spec.ts" name="describe 77 &gt; example test 22" time="0.000017958">
        </testcase>
        <testcase classname="src/everything.spec.ts" name="describe 77 &gt; example test 23" time="0.000142959">
            <failure message="expected true to be false // Object.is equality" type="AssertionError">
AssertionError: expected true to be false // Object.is equality

- Expected
+ Received

- false
+ true

 ❯ src/everything.spec.ts:8:18
            </failure>
        </testcase>
        <testcase classname="src/everything.spec.ts" name="describe 77 &gt; example test 24" time="0.000021458">
        </testcase>
        <testcase classname="src/everything.spec.ts" name="describe 77 &gt; example test 25" time="0.000069416">
            <failure message="expected true to be false // Object.is equality" type="AssertionError">
AssertionError: expected true to be false // Object.is equality

- Expected
+ Received

- false
+ true

 ❯ src/everything.spec.ts:8:18
            </failure>
        </testcase>
        <testcase classname="src/everything.spec.ts" name="describe 77 &gt; example test 26" time="0.000035708">
        </testcase>
        <testcase classname="src/everything.spec.ts" name="describe 77 &gt; example test 27" time="0.000067708">
            <failure message="expected true to be false // Object.is equality" type="AssertionError">
AssertionError: expected true to be false // Object.is equality

- Expected
+ Received

- false
+ true

 ❯ src/everything.spec.ts:8:18
            </failure>
        </testcase>
        <testcase classname="src/everything.spec.ts" name="describe 77 &gt; example test 28" time="0.000015042">
        </testcase>
        <testcase classname="src/everything.spec.ts" name="describe 77 &gt; example test 29" time="0.000065542">
            <failure message="expected true to be false // Object.is equality" type="AssertionError">
AssertionError: expected true to be false // Object.is equality

- Expected
+ Received

- false
+ true

 ❯ src/everything.spec.ts:8:18
            </failure>
        </testcase>
        <testcase classname="src/everything.spec.ts" name="describe 77 &gt; example test 30" time="0.000014875">
        </testcase>
        <testcase classname="src/everything.spec.ts" name="describe 77 &gt; example test 31" time="0.000066958">
            <failure message="expected true to be false // Object.is equality" type="AssertionError">
AssertionError: expected true to be false // Object.is equality

- Expected
+ Received

- false
+ true

 ❯ src/everything.spec.ts:8:18
            </failure>
        </testcase>
        <testcase classname="src/everything.spec.ts" name="describe 77 &gt; example test 32" time="0.000015">
        </testcase>
        <testcase classname="src/everything.spec.ts" name="describe 77 &gt; example test 33" time="0.000066584">
            <failure message="expected true to be false // Object.is equality" type="AssertionError">
AssertionError: expected true to be false // Object.is equality

- Expected
+ Received

- false
+ true

 ❯ src/everything.spec.ts:8:18
            </failure>
        </testcase>
        <testcase classname="src/everything.spec.ts" name="describe 77 &gt; example test 34" time="0.000015042">
        </testcase>
        <testcase classname="src/everything.spec.ts" name="describe 77 &gt; example test 35" time="0.000067542">
            <failure message="expected true to be false // Object.is equality" type="AssertionError">
AssertionError: expected true to be false // Object.is equality

- Expected
+ Received

- false
+ true

 ❯ src/everything.spec.ts:8:18
            </failure>
        </testcase>
        <testcase classname="src/everything.spec.ts" name="describe 77 &gt; example test 36" time="0.000015083">
        </testcase>
        <testcase classname="src/everything.spec.ts" name="describe 77 &gt; example test 37" time="0.000067958">
            <failure message="expected true to be false // Object.is equality" type="AssertionError">
AssertionError: expected true to be false // Object.is equality

- Expected
+ Received

- false
+ true

 ❯ src/everything.spec.ts:8:18
            </failure>
        </testcase>
        <testcase classname="src/everything.spec.ts" name="describe 77 &gt; example test 38" time="0.000015166">
        </testcase>
        <testcase classname="src/everything.spec.ts" name="describe 77 &gt; example test 39" time="0.00009975">
            <failure message="expected true to be false // Object.is equality" type="AssertionError">
AssertionError: expected true to be false // Object.is equality

- Expected
+ Received

- false
+ true

 ❯ src/everything.spec.ts:8:18
            </failure>
        </testcase>
        <testcase classname="src/everything.spec.ts" name="describe 77 &gt; example test 40" time="0.00001525">
        </testcase>
        <testcase classname="src/everything.spec.ts" name="describe 77 &gt; example test 41" time="0.000071">
            <failure message="expected true to be false // Object.is equality" type="AssertionError">
AssertionError: expected true to be false // Object.is equality

- Expected
+ Received

- false
+ true

 ❯ src/everything.spec.ts:8:18
            </failure>
        </testcase>
        <testcase classname="src/everything.spec.ts" name="describe 77 &gt; example test 42" time="0.000015459">
        </testcase>
        <testcase classname="src/everything.spec.ts" name="describe 77 &gt; example test 43" time="0.00008725">
            <failure message="expected true to be false // Object.is equality" type="AssertionError">
AssertionError: expected true to be false // Object.is equality

- Expected
+ Received

- false
+ true

 ❯ src/everything.spec.ts:8:18
            </failure>
        </testcase>
        <testcase classname="src/everything.spec.ts" name="describe 77 &gt; example test 44" time="0.000015416">
        </testcase>
        <testcase classname="src/everything.spec.ts" name="describe 77 &gt; example test 45" time="0.00006825">
            <failure message="expected true to be false // Object.is equality" type="AssertionError">
AssertionError: expected true to be false // Object.is equality

- Expected
+ Received

- false
+ true

 ❯ src/everything.spec.ts:8:18
            </failure>
        </testcase>
        <testcase classname="src/everything.spec.ts" name="describe 77 &gt; example test 46" time="0.000015042">
        </testcase>
        <testcase classname="src/everything.spec.ts" name="describe 77 &gt; example test 47" time="0.000066625">
            <failure message="expected true to be false // Object.is equality" type="AssertionError">
AssertionError: expected true to be false // Object.is equality

- Expected
+ Received

- false
+ true

 ❯ src/everything.spec.ts:8:18
            </failure>
        </testcase>
        <testcase classname="src/everything.spec.ts" name="describe 77 &gt; example test 48" time="0.000015041">
        </testcase>
        <testcase classname="src/everything.spec.ts" name="describe 77 &gt; example test 49" time="0.000072417">
            <failure message="expected true to be false // Object.is equality" type="AssertionError">
AssertionError: expected true to be false // Object.is equality

- Expected
+ Received

- false
+ true

 ❯ src/everything.spec.ts:8:18
            </failure>
        </testcase>
        <testcase classname="src/everything.spec.ts" name="describe 77 &gt; example test 50" time="0.000015333">
        </testcase>
        <testcase classname="src/everything.spec.ts" name="describe 77 &gt; example test 51" time="0.00006625">
            <failure message="expected true to be false // Object.is equality" type="AssertionError">
AssertionError: expected true to be false // Object.is equality

- Expected
+ Received

- false
+ true

 ❯ src/everything.spec.ts:8:18
            </failure>
        </testcase>
        <testcase classname="src/everything.spec.ts" name="describe 77 &gt; example test 52" time="0.000014917">
        </testcase>
        <testcase classname="src/everything.spec.ts" name="describe 77 &gt; example test 53" time="0.000092083">
            <failure message="expected true to be false // Object.is equality" type="AssertionError">
AssertionError: expected true to be false // Object.is equality

- Expected
+ Received

- false
+ true

 ❯ src/everything.spec.ts:8:18
            </failure>
        </testcase>
        <testcase classname="src/everything.spec.ts" name="describe 77 &gt; example test 54" time="0.000015084">
        </testcase>
        <testcase classname="src/everything.spec.ts" name="describe 77 &gt; example test 55" time="0.000067375">
            <failure message="expected true to be false // Object.is equality" type="AssertionError">
AssertionError: expected true to be false // Object.is equality

- Expected
+ Received

- false
+ true

 ❯ src/everything.spec.ts:8:18
            </failure>
        </testcase>
        <testcase classname="src/everything.spec.ts" name="describe 77 &gt; example test 56" time="0.000015125">
        </testcase>
        <testcase classname="src/everything.spec.ts" name="describe 77 &gt; example test 57" time="0.000066666">
            <failure message="expected true to be false // Object.is equality" type="AssertionError">
AssertionError: expected true to be false // Object.is equality

- Expected
+ Received

- false
+ true

 ❯ src/everything.spec.ts:8:18
            </failure>
        </testcase>
        <testcase classname="src/everything.spec.ts" name="describe 77 &gt; example test 58" time="0.000015375">
        </testcase>
        <testcase classname="src/everything.spec.ts" name="describe 77 &gt; example test 59" time="0.000083375">
            <failure message="expected true to be false // Object.is equality" type="AssertionError">
AssertionError: expected true to be false // Object.is equality

- Expected
+ Received

- false
+ true

 ❯ src/everything.spec.ts:8:18
            </failure>
        </testcase>
        <testcase classname="src/everything.spec.ts" name="describe 77 &gt; example test 60" time="0.000014875">
        </testcase>
        <testcase classname="src/everything.spec.ts" name="describe 77 &gt; example test 61" time="0.000066">
            <failure message="expected true to be false // Object.is equality" type="AssertionError">
AssertionError: expected true to be false // Object.is equality

- Expected
+ Received

- false
+ true

 ❯ src/everything.spec.ts:8:18
            </failure>
        </testcase>
        <testcase classname="src/everything.spec.ts" name="describe 77 &gt; example test 62" time="0.000015208">
        </testcase>
        <testcase classname="src/everything.spec.ts" name="describe 77 &gt; example test 63" time="0.000075958">
            <failure message="expected true to be false // Object.is equality" type="AssertionError">
AssertionError: expected true to be false // Object.is equality

- Expected
+ Received

- false
+ true

 ❯ src/everything.spec.ts:8:18
            </failure>
        </testcase>
        <testcase classname="src/everything.spec.ts" name="describe 77 &gt; example test 64" time="0.000021208">
        </testcase>
        <testcase classname="src/everything.spec.ts" name="describe 77 &gt; example test 65" time="0.000064917">
            <failure message="expected true to be false // Object.is equality" type="AssertionError">
AssertionError: expected true to be false // Object.is equality

- Expected
+ Received

- false
+ true

 ❯ src/everything.spec.ts:8:18
            </failure>
        </testcase>
        <testcase classname="src/everything.spec.ts" name="describe 77 &gt; example test 66" time="0.000015542">
        </testcase>
        <testcase classname="src/everything.spec.ts" name="describe 77 &gt; example test 67" time="0.000064542">
            <failure message="expected true to be false // Object.is equality" type="AssertionError">
AssertionError: expected true to be false // Object.is equality

- Expected
+ Received

- false
+ true

 ❯ src/everything.spec.ts:8:18
            </failure>
        </testcase>
        <testcase classname="src/everything.spec.ts" name="describe 77 &gt; example test 68" time="0.000024042">
        </testcase>
        <testcase classname="src/everything.spec.ts" name="describe 77 &gt; example test 69" time="0.000086958">
            <failure message="expected true to be false // Object.is equality" type="AssertionError">
AssertionError: expected true to be false // Object.is equality

- Expected
+ Received

- false
+ true

 ❯ src/everything.spec.ts:8:18
            </failure>
        </testcase>
        <testcase classname="src/everything.spec.ts" name="describe 77 &gt; example test 70" time="0.00001425">
        </testcase>
        <testcase classname="src/everything.spec.ts" name="describe 77 &gt; example test 71" time="0.000064833">
            <failure message="expected true to be false // Object.is equality" type="AssertionError">
AssertionError: expected true to be false // Object.is equality

- Expected
+ Received

- false
+ true

 ❯ src/everything.spec.ts:8:18
            </failure>
        </testcase>
        <testcase classname="src/everything.spec.ts" name="describe 77 &gt; example test 72" time="0.000014375">
        </testcase>
        <testcase classname="src/everything.spec.ts" name="describe 77 &gt; example test 73" time="0.000065208">
            <failure message="expected true to be false // Object.is equality" type="AssertionError">
AssertionError: expected true to be false // Object.is equality

- Expected
+ Received

- false
+ true

 ❯ src/everything.spec.ts:8:18
            </failure>
        </testcase>
        <testcase classname="src/everything.spec.ts" name="describe 77 &gt; example test 74" time="0.000043834">
        </testcase>
        <testcase classname="src/everything.spec.ts" name="describe 77 &gt; example test 75" time="0.000064625">
            <failure message="expected true to be false // Object.is equality" type="AssertionError">
AssertionError: expected true to be false // Object.is equality

- Expected
+ Received

- false
+ true

 ❯ src/everything.spec.ts:8:18
            </failure>
        </testcase>
        <testcase classname="src/everything.spec.ts" name="describe 77 &gt; example test 76" time="0.0000145">
        </testcase>
        <testcase classname="src/everything.spec.ts" name="describe 77 &gt; example test 77" time="0.000062292">
            <failure message="expected true to be false // Object.is equality" type="AssertionError">
AssertionError: expected true to be false // Object.is equality

- Expected
+ Received

- false
+ true

 ❯ src/everything.spec.ts:8:18
            </failure>
        </testcase>
        <testcase classname="src/everything.spec.ts" name="describe 77 &gt; example test 78" time="0.000014625">
        </testcase>
        <testcase classname="src/everything.spec.ts" name="describe 77 &gt; example test 79" time="0.000061709">
            <failure message="expected true to be false // Object.is equality" type="AssertionError">
AssertionError: expected true to be false // Object.is equality

- Expected
+ Received

- false
+ true

 ❯ src/everything.spec.ts:8:18
            </failure>
        </testcase>
        <testcase classname="src/everything.spec.ts" name="describe 77 &gt; example test 80" time="0.000014167">
        </testcase>
        <testcase classname="src/everything.spec.ts" name="describe 77 &gt; example test 81" time="0.000062209">
            <failure message="expected true to be false // Object.is equality" type="AssertionError">
AssertionError: expected true to be false // Object.is equality

- Expected
+ Received

- false
+ true

 ❯ src/everything.spec.ts:8:18
            </failure>
        </testcase>
        <testcase classname="src/everything.spec.ts" name="describe 77 &gt; example test 82" time="0.000014166">
        </testcase>
        <testcase classname="src/everything.spec.ts" name="describe 77 &gt; example test 83" time="0.000062875">
            <failure message="expected true to be false // Object.is equality" type="AssertionError">
AssertionError: expected true to be false // Object.is equality

- Expected
+ Received

- false
+ true

 ❯ src/everything.spec.ts:8:18
            </failure>
        </testcase>
        <testcase classname="src/everything.spec.ts" name="describe 77 &gt; example test 84" time="0.000013416">
        </testcase>
        <testcase classname="src/everything.spec.ts" name="describe 77 &gt; example test 85" time="0.000061166">
            <failure message="expected true to be false // Object.is equality" type="AssertionError">
AssertionError: expected true to be false // Object.is equality

- Expected
+ Received

- false
+ true

 ❯ src/everything.spec.ts:8:18
            </failure>
        </testcase>
        <testcase classname="src/everything.spec.ts" name="describe 77 &gt; example test 86" time="0.000013916">
        </testcase>
        <testcase classname="src/everything.spec.ts" name="describe 77 &gt; example test 87" time="0.000062166">
            <failure message="expected true to be false // Object.is equality" type="AssertionError">
AssertionError: expected true to be false // Object.is equality

- Expected
+ Received

- false
+ true

 ❯ src/everything.spec.ts:8:18
            </failure>
        </testcase>
        <testcase classname="src/everything.spec.ts" name="describe 77 &gt; example test 88" time="0.000015459">
        </testcase>
        <testcase classname="src/everything.spec.ts" name="describe 77 &gt; example test 89" time="0.000062167">
            <failure message="expected true to be false // Object.is equality" type="AssertionError">
AssertionError: expected true to be false // Object.is equality

- Expected
+ Received

- false
+ true

 ❯ src/everything.spec.ts:8:18
            </failure>
        </testcase>
        <testcase classname="src/everything.spec.ts" name="describe 77 &gt; example test 90" time="0.000014334">
        </testcase>
        <testcase classname="src/everything.spec.ts" name="describe 77 &gt; example test 91" time="0.000061708">
            <failure message="expected true to be false // Object.is equality" type="AssertionError">
AssertionError: expected true to be false // Object.is equality

- Expected
+ Received

- false
+ true

 ❯ src/everything.spec.ts:8:18
            </failure>
        </testcase>
        <testcase classname="src/everything.spec.ts" name="describe 77 &gt; example test 92" time="0.000014125">
        </testcase>
        <testcase classname="src/everything.spec.ts" name="describe 77 &gt; example test 93" time="0.000078667">
            <failure message="expected true to be false // Object.is equality" type="AssertionError">
AssertionError: expected true to be false // Object.is equality

- Expected
+ Received

- false
+ true

 ❯ src/everything.spec.ts:8:18
            </failure>
        </testcase>
        <testcase classname="src/everything.spec.ts" name="describe 77 &gt; example test 94" time="0.000014583">
        </testcase>
        <testcase classname="src/everything.spec.ts" name="describe 77 &gt; example test 95" time="0.000065458">
            <failure message="expected true to be false // Object.is equality" type="AssertionError">
AssertionError: expected true to be false // Object.is equality

- Expected
+ Received

- false
+ true

 ❯ src/everything.spec.ts:8:18
            </failure>
        </testcase>
        <testcase classname="src/everything.spec.ts" name="describe 77 &gt; example test 96" time="0.000014125">
        </testcase>
        <testcase classname="src/everything.spec.ts" name="describe 77 &gt; example test 97" time="0.000061917">
            <failure message="expected true to be false // Object.is equality" type="AssertionError">
AssertionError: expected true to be false // Object.is equality

- Expected
+ Received

- false
+ true

 ❯ src/everything.spec.ts:8:18
            </failure>
        </testcase>
        <testcase classname="src/everything.spec.ts" name="describe 77 &gt; example test 98" time="0.000015792">
        </testcase>
        <testcase classname="src/everything.spec.ts" name="describe 77 &gt; example test 99" time="0.000062625">
            <failure message="expected true to be false // Object.is equality" type="AssertionError">
AssertionError: expected true to be false // Object.is equality

- Expected
+ Received

- false
+ true

 ❯ src/everything.spec.ts:8:18
            </failure>
        </testcase>
        <testcase classname="src/everything.spec.ts" name="describe 77 &gt; example test 100" time="0.000014417">
        </testcase>
        <testcase classname="src/everything.spec.ts" name="describe 78 &gt; example test 1" time="0.000063292">
            <failure message="expected true to be false // Object.is equality" type="AssertionError">
AssertionError: expected true to be false // Object.is equality

- Expected
+ Received

- false
+ true

 ❯ src/everything.spec.ts:8:18
            </failure>
        </testcase>
        <testcase classname="src/everything.spec.ts" name="describe 78 &gt; example test 2" time="0.000014583">
        </testcase>
        <testcase classname="src/everything.spec.ts" name="describe 78 &gt; example test 3" time="0.000061">
            <failure message="expected true to be false // Object.is equality" type="AssertionError">
AssertionError: expected true to be false // Object.is equality

- Expected
+ Received

- false
+ true

 ❯ src/everything.spec.ts:8:18
            </failure>
        </testcase>
        <testcase classname="src/everything.spec.ts" name="describe 78 &gt; example test 4" time="0.000014708">
        </testcase>
        <testcase classname="src/everything.spec.ts" name="describe 78 &gt; example test 5" time="0.00006075">
            <failure message="expected true to be false // Object.is equality" type="AssertionError">
AssertionError: expected true to be false // Object.is equality

- Expected
+ Received

- false
+ true

 ❯ src/everything.spec.ts:8:18
            </failure>
        </testcase>
        <testcase classname="src/everything.spec.ts" name="describe 78 &gt; example test 6" time="0.000014541">
        </testcase>
        <testcase classname="src/everything.spec.ts" name="describe 78 &gt; example test 7" time="0.000063084">
            <failure message="expected true to be false // Object.is equality" type="AssertionError">
AssertionError: expected true to be false // Object.is equality

- Expected
+ Received

- false
+ true

 ❯ src/everything.spec.ts:8:18
            </failure>
        </testcase>
        <testcase classname="src/everything.spec.ts" name="describe 78 &gt; example test 8" time="0.000014125">
        </testcase>
        <testcase classname="src/everything.spec.ts" name="describe 78 &gt; example test 9" time="0.000061042">
            <failure message="expected true to be false // Object.is equality" type="AssertionError">
AssertionError: expected true to be false // Object.is equality

- Expected
+ Received

- false
+ true

 ❯ src/everything.spec.ts:8:18
            </failure>
        </testcase>
        <testcase classname="src/everything.spec.ts" name="describe 78 &gt; example test 10" time="0.000014083">
        </testcase>
        <testcase classname="src/everything.spec.ts" name="describe 78 &gt; example test 11" time="0.000061334">
            <failure message="expected true to be false // Object.is equality" type="AssertionError">
AssertionError: expected true to be false // Object.is equality

- Expected
+ Received

- false
+ true

 ❯ src/everything.spec.ts:8:18
            </failure>
        </testcase>
        <testcase classname="src/everything.spec.ts" name="describe 78 &gt; example test 12" time="0.000013959">
        </testcase>
        <testcase classname="src/everything.spec.ts" name="describe 78 &gt; example test 13" time="0.000060875">
            <failure message="expected true to be false // Object.is equality" type="AssertionError">
AssertionError: expected true to be false // Object.is equality

- Expected
+ Received

- false
+ true

 ❯ src/everything.spec.ts:8:18
            </failure>
        </testcase>
        <testcase classname="src/everything.spec.ts" name="describe 78 &gt; example test 14" time="0.000014667">
        </testcase>
        <testcase classname="src/everything.spec.ts" name="describe 78 &gt; example test 15" time="0.000060209">
            <failure message="expected true to be false // Object.is equality" type="AssertionError">
AssertionError: expected true to be false // Object.is equality

- Expected
+ Received

- false
+ true

 ❯ src/everything.spec.ts:8:18
            </failure>
        </testcase>
        <testcase classname="src/everything.spec.ts" name="describe 78 &gt; example test 16" time="0.000013875">
        </testcase>
        <testcase classname="src/everything.spec.ts" name="describe 78 &gt; example test 17" time="0.000061083">
            <failure message="expected true to be false // Object.is equality" type="AssertionError">
AssertionError: expected true to be false // Object.is equality

- Expected
+ Received

- false
+ true

 ❯ src/everything.spec.ts:8:18
            </failure>
        </testcase>
        <testcase classname="src/everything.spec.ts" name="describe 78 &gt; example test 18" time="0.000014542">
        </testcase>
        <testcase classname="src/everything.spec.ts" name="describe 78 &gt; example test 19" time="0.000060667">
            <failure message="expected true to be false // Object.is equality" type="AssertionError">
AssertionError: expected true to be false // Object.is equality

- Expected
+ Received

- false
+ true

 ❯ src/everything.spec.ts:8:18
            </failure>
        </testcase>
        <testcase classname="src/everything.spec.ts" name="describe 78 &gt; example test 20" time="0.000013708">
        </testcase>
        <testcase classname="src/everything.spec.ts" name="describe 78 &gt; example test 21" time="0.000060917">
            <failure message="expected true to be false // Object.is equality" type="AssertionError">
AssertionError: expected true to be false // Object.is equality

- Expected
+ Received

- false
+ true

 ❯ src/everything.spec.ts:8:18
            </failure>
        </testcase>
        <testcase classname="src/everything.spec.ts" name="describe 78 &gt; example test 22" time="0.000014959">
        </testcase>
        <testcase classname="src/everything.spec.ts" name="describe 78 &gt; example test 23" time="0.000061083">
            <failure message="expected true to be false // Object.is equality" type="AssertionError">
AssertionError: expected true to be false // Object.is equality

- Expected
+ Received

- false
+ true

 ❯ src/everything.spec.ts:8:18
            </failure>
        </testcase>
        <testcase classname="src/everything.spec.ts" name="describe 78 &gt; example test 24" time="0.000015084">
        </testcase>
        <testcase classname="src/everything.spec.ts" name="describe 78 &gt; example test 25" time="0.000061083">
            <failure message="expected true to be false // Object.is equality" type="AssertionError">
AssertionError: expected true to be false // Object.is equality

- Expected
+ Received

- false
+ true

 ❯ src/everything.spec.ts:8:18
            </failure>
        </testcase>
        <testcase classname="src/everything.spec.ts" name="describe 78 &gt; example test 26" time="0.0000145">
        </testcase>
        <testcase classname="src/everything.spec.ts" name="describe 78 &gt; example test 27" time="0.000061958">
            <failure message="expected true to be false // Object.is equality" type="AssertionError">
AssertionError: expected true to be false // Object.is equality

- Expected
+ Received

- false
+ true

 ❯ src/everything.spec.ts:8:18
            </failure>
        </testcase>
        <testcase classname="src/everything.spec.ts" name="describe 78 &gt; example test 28" time="0.000014">
        </testcase>
        <testcase classname="src/everything.spec.ts" name="describe 78 &gt; example test 29" time="0.00006125">
            <failure message="expected true to be false // Object.is equality" type="AssertionError">
AssertionError: expected true to be false // Object.is equality

- Expected
+ Received

- false
+ true

 ❯ src/everything.spec.ts:8:18
            </failure>
        </testcase>
        <testcase classname="src/everything.spec.ts" name="describe 78 &gt; example test 30" time="0.000014625">
        </testcase>
        <testcase classname="src/everything.spec.ts" name="describe 78 &gt; example test 31" time="0.000061125">
            <failure message="expected true to be false // Object.is equality" type="AssertionError">
AssertionError: expected true to be false // Object.is equality

- Expected
+ Received

- false
+ true

 ❯ src/everything.spec.ts:8:18
            </failure>
        </testcase>
        <testcase classname="src/everything.spec.ts" name="describe 78 &gt; example test 32" time="0.000013167">
        </testcase>
        <testcase classname="src/everything.spec.ts" name="describe 78 &gt; example test 33" time="0.000060625">
            <failure message="expected true to be false // Object.is equality" type="AssertionError">
AssertionError: expected true to be false // Object.is equality

- Expected
+ Received

- false
+ true

 ❯ src/everything.spec.ts:8:18
            </failure>
        </testcase>
        <testcase classname="src/everything.spec.ts" name="describe 78 &gt; example test 34" time="0.000013959">
        </testcase>
        <testcase classname="src/everything.spec.ts" name="describe 78 &gt; example test 35" time="0.00006125">
            <failure message="expected true to be false // Object.is equality" type="AssertionError">
AssertionError: expected true to be false // Object.is equality

- Expected
+ Received

- false
+ true

 ❯ src/everything.spec.ts:8:18
            </failure>
        </testcase>
        <testcase classname="src/everything.spec.ts" name="describe 78 &gt; example test 36" time="0.000013875">
        </testcase>
        <testcase classname="src/everything.spec.ts" name="describe 78 &gt; example test 37" time="0.00006075">
            <failure message="expected true to be false // Object.is equality" type="AssertionError">
AssertionError: expected true to be false // Object.is equality

- Expected
+ Received

- false
+ true

 ❯ src/everything.spec.ts:8:18
            </failure>
        </testcase>
        <testcase classname="src/everything.spec.ts" name="describe 78 &gt; example test 38" time="0.000014458">
        </testcase>
        <testcase classname="src/everything.spec.ts" name="describe 78 &gt; example test 39" time="0.000060791">
            <failure message="expected true to be false // Object.is equality" type="AssertionError">
AssertionError: expected true to be false // Object.is equality

- Expected
+ Received

- false
+ true

 ❯ src/everything.spec.ts:8:18
            </failure>
        </testcase>
        <testcase classname="src/everything.spec.ts" name="describe 78 &gt; example test 40" time="0.000014208">
        </testcase>
        <testcase classname="src/everything.spec.ts" name="describe 78 &gt; example test 41" time="0.000063333">
            <failure message="expected true to be false // Object.is equality" type="AssertionError">
AssertionError: expected true to be false // Object.is equality

- Expected
+ Received

- false
+ true

 ❯ src/everything.spec.ts:8:18
            </failure>
        </testcase>
        <testcase classname="src/everything.spec.ts" name="describe 78 &gt; example test 42" time="0.000014084">
        </testcase>
        <testcase classname="src/everything.spec.ts" name="describe 78 &gt; example test 43" time="0.000060916">
            <failure message="expected true to be false // Object.is equality" type="AssertionError">
AssertionError: expected true to be false // Object.is equality

- Expected
+ Received

- false
+ true

 ❯ src/everything.spec.ts:8:18
            </failure>
        </testcase>
        <testcase classname="src/everything.spec.ts" name="describe 78 &gt; example test 44" time="0.000013833">
        </testcase>
        <testcase classname="src/everything.spec.ts" name="describe 78 &gt; example test 45" time="0.000061708">
            <failure message="expected true to be false // Object.is equality" type="AssertionError">
AssertionError: expected true to be false // Object.is equality

- Expected
+ Received

- false
+ true

 ❯ src/everything.spec.ts:8:18
            </failure>
        </testcase>
        <testcase classname="src/everything.spec.ts" name="describe 78 &gt; example test 46" time="0.000014">
        </testcase>
        <testcase classname="src/everything.spec.ts" name="describe 78 &gt; example test 47" time="0.000063">
            <failure message="expected true to be false // Object.is equality" type="AssertionError">
AssertionError: expected true to be false // Object.is equality

- Expected
+ Received

- false
+ true

 ❯ src/everything.spec.ts:8:18
            </failure>
        </testcase>
        <testcase classname="src/everything.spec.ts" name="describe 78 &gt; example test 48" time="0.000014167">
        </testcase>
        <testcase classname="src/everything.spec.ts" name="describe 78 &gt; example test 49" time="0.000061167">
            <failure message="expected true to be false // Object.is equality" type="AssertionError">
AssertionError: expected true to be false // Object.is equality

- Expected
+ Received

- false
+ true

 ❯ src/everything.spec.ts:8:18
            </failure>
        </testcase>
        <testcase classname="src/everything.spec.ts" name="describe 78 &gt; example test 50" time="0.000013834">
        </testcase>
        <testcase classname="src/everything.spec.ts" name="describe 78 &gt; example test 51" time="0.000060583">
            <failure message="expected true to be false // Object.is equality" type="AssertionError">
AssertionError: expected true to be false // Object.is equality

- Expected
+ Received

- false
+ true

 ❯ src/everything.spec.ts:8:18
            </failure>
        </testcase>
        <testcase classname="src/everything.spec.ts" name="describe 78 &gt; example test 52" time="0.00001425">
        </testcase>
        <testcase classname="src/everything.spec.ts" name="describe 78 &gt; example test 53" time="0.00006125">
            <failure message="expected true to be false // Object.is equality" type="AssertionError">
AssertionError: expected true to be false // Object.is equality

- Expected
+ Received

- false
+ true

 ❯ src/everything.spec.ts:8:18
            </failure>
        </testcase>
        <testcase classname="src/everything.spec.ts" name="describe 78 &gt; example test 54" time="0.000014">
        </testcase>
        <testcase classname="src/everything.spec.ts" name="describe 78 &gt; example test 55" time="0.000060792">
            <failure message="expected true to be false // Object.is equality" type="AssertionError">
AssertionError: expected true to be false // Object.is equality

- Expected
+ Received

- false
+ true

 ❯ src/everything.spec.ts:8:18
            </failure>
        </testcase>
        <testcase classname="src/everything.spec.ts" name="describe 78 &gt; example test 56" time="0.000014">
        </testcase>
        <testcase classname="src/everything.spec.ts" name="describe 78 &gt; example test 57" time="0.000061584">
            <failure message="expected true to be false // Object.is equality" type="AssertionError">
AssertionError: expected true to be false // Object.is equality

- Expected
+ Received

- false
+ true

 ❯ src/everything.spec.ts:8:18
            </failure>
        </testcase>
        <testcase classname="src/everything.spec.ts" name="describe 78 &gt; example test 58" time="0.000013958">
        </testcase>
        <testcase classname="src/everything.spec.ts" name="describe 78 &gt; example test 59" time="0.00006075">
            <failure message="expected true to be false // Object.is equality" type="AssertionError">
AssertionError: expected true to be false // Object.is equality

- Expected
+ Received

- false
+ true

 ❯ src/everything.spec.ts:8:18
            </failure>
        </testcase>
        <testcase classname="src/everything.spec.ts" name="describe 78 &gt; example test 60" time="0.000014">
        </testcase>
        <testcase classname="src/everything.spec.ts" name="describe 78 &gt; example test 61" time="0.000061625">
            <failure message="expected true to be false // Object.is equality" type="AssertionError">
AssertionError: expected true to be false // Object.is equality

- Expected
+ Received

- false
+ true

 ❯ src/everything.spec.ts:8:18
            </failure>
        </testcase>
        <testcase classname="src/everything.spec.ts" name="describe 78 &gt; example test 62" time="0.000014166">
        </testcase>
        <testcase classname="src/everything.spec.ts" name="describe 78 &gt; example test 63" time="0.000061125">
            <failure message="expected true to be false // Object.is equality" type="AssertionError">
AssertionError: expected true to be false // Object.is equality

- Expected
+ Received

- false
+ true

 ❯ src/everything.spec.ts:8:18
            </failure>
        </testcase>
        <testcase classname="src/everything.spec.ts" name="describe 78 &gt; example test 64" time="0.000013875">
        </testcase>
        <testcase classname="src/everything.spec.ts" name="describe 78 &gt; example test 65" time="0.00006175">
            <failure message="expected true to be false // Object.is equality" type="AssertionError">
AssertionError: expected true to be false // Object.is equality

- Expected
+ Received

- false
+ true

 ❯ src/everything.spec.ts:8:18
            </failure>
        </testcase>
        <testcase classname="src/everything.spec.ts" name="describe 78 &gt; example test 66" time="0.000014083">
        </testcase>
        <testcase classname="src/everything.spec.ts" name="describe 78 &gt; example test 67" time="0.000060084">
            <failure message="expected true to be false // Object.is equality" type="AssertionError">
AssertionError: expected true to be false // Object.is equality

- Expected
+ Received

- false
+ true

 ❯ src/everything.spec.ts:8:18
            </failure>
        </testcase>
        <testcase classname="src/everything.spec.ts" name="describe 78 &gt; example test 68" time="0.000014084">
        </testcase>
        <testcase classname="src/everything.spec.ts" name="describe 78 &gt; example test 69" time="0.000060625">
            <failure message="expected true to be false // Object.is equality" type="AssertionError">
AssertionError: expected true to be false // Object.is equality

- Expected
+ Received

- false
+ true

 ❯ src/everything.spec.ts:8:18
            </failure>
        </testcase>
        <testcase classname="src/everything.spec.ts" name="describe 78 &gt; example test 70" time="0.000013542">
        </testcase>
        <testcase classname="src/everything.spec.ts" name="describe 78 &gt; example test 71" time="0.000060667">
            <failure message="expected true to be false // Object.is equality" type="AssertionError">
AssertionError: expected true to be false // Object.is equality

- Expected
+ Received

- false
+ true

 ❯ src/everything.spec.ts:8:18
            </failure>
        </testcase>
        <testcase classname="src/everything.spec.ts" name="describe 78 &gt; example test 72" time="0.000014125">
        </testcase>
        <testcase classname="src/everything.spec.ts" name="describe 78 &gt; example test 73" time="0.000065834">
            <failure message="expected true to be false // Object.is equality" type="AssertionError">
AssertionError: expected true to be false // Object.is equality

- Expected
+ Received

- false
+ true

 ❯ src/everything.spec.ts:8:18
            </failure>
        </testcase>
        <testcase classname="src/everything.spec.ts" name="describe 78 &gt; example test 74" time="0.000014417">
        </testcase>
        <testcase classname="src/everything.spec.ts" name="describe 78 &gt; example test 75" time="0.000060625">
            <failure message="expected true to be false // Object.is equality" type="AssertionError">
AssertionError: expected true to be false // Object.is equality

- Expected
+ Received

- false
+ true

 ❯ src/everything.spec.ts:8:18
            </failure>
        </testcase>
        <testcase classname="src/everything.spec.ts" name="describe 78 &gt; example test 76" time="0.000013792">
        </testcase>
        <testcase classname="src/everything.spec.ts" name="describe 78 &gt; example test 77" time="0.000061459">
            <failure message="expected true to be false // Object.is equality" type="AssertionError">
AssertionError: expected true to be false // Object.is equality

- Expected
+ Received

- false
+ true

 ❯ src/everything.spec.ts:8:18
            </failure>
        </testcase>
        <testcase classname="src/everything.spec.ts" name="describe 78 &gt; example test 78" time="0.00001425">
        </testcase>
        <testcase classname="src/everything.spec.ts" name="describe 78 &gt; example test 79" time="0.00006075">
            <failure message="expected true to be false // Object.is equality" type="AssertionError">
AssertionError: expected true to be false // Object.is equality

- Expected
+ Received

- false
+ true

 ❯ src/everything.spec.ts:8:18
            </failure>
        </testcase>
        <testcase classname="src/everything.spec.ts" name="describe 78 &gt; example test 80" time="0.000014583">
        </testcase>
        <testcase classname="src/everything.spec.ts" name="describe 78 &gt; example test 81" time="0.000061583">
            <failure message="expected true to be false // Object.is equality" type="AssertionError">
AssertionError: expected true to be false // Object.is equality

- Expected
+ Received

- false
+ true

 ❯ src/everything.spec.ts:8:18
            </failure>
        </testcase>
        <testcase classname="src/everything.spec.ts" name="describe 78 &gt; example test 82" time="0.000013458">
        </testcase>
        <testcase classname="src/everything.spec.ts" name="describe 78 &gt; example test 83" time="0.000061084">
            <failure message="expected true to be false // Object.is equality" type="AssertionError">
AssertionError: expected true to be false // Object.is equality

- Expected
+ Received

- false
+ true

 ❯ src/everything.spec.ts:8:18
            </failure>
        </testcase>
        <testcase classname="src/everything.spec.ts" name="describe 78 &gt; example test 84" time="0.000014042">
        </testcase>
        <testcase classname="src/everything.spec.ts" name="describe 78 &gt; example test 85" time="0.000060959">
            <failure message="expected true to be false // Object.is equality" type="AssertionError">
AssertionError: expected true to be false // Object.is equality

- Expected
+ Received

- false
+ true

 ❯ src/everything.spec.ts:8:18
            </failure>
        </testcase>
        <testcase classname="src/everything.spec.ts" name="describe 78 &gt; example test 86" time="0.000013875">
        </testcase>
        <testcase classname="src/everything.spec.ts" name="describe 78 &gt; example test 87" time="0.000060416">
            <failure message="expected true to be false // Object.is equality" type="AssertionError">
AssertionError: expected true to be false // Object.is equality

- Expected
+ Received

- false
+ true

 ❯ src/everything.spec.ts:8:18
            </failure>
        </testcase>
        <testcase classname="src/everything.spec.ts" name="describe 78 &gt; example test 88" time="0.000014375">
        </testcase>
        <testcase classname="src/everything.spec.ts" name="describe 78 &gt; example test 89" time="0.000061584">
            <failure message="expected true to be false // Object.is equality" type="AssertionError">
AssertionError: expected true to be false // Object.is equality

- Expected
+ Received

- false
+ true

 ❯ src/everything.spec.ts:8:18
            </failure>
        </testcase>
        <testcase classname="src/everything.spec.ts" name="describe 78 &gt; example test 90" time="0.000014208">
        </testcase>
        <testcase classname="src/everything.spec.ts" name="describe 78 &gt; example test 91" time="0.000060834">
            <failure message="expected true to be false // Object.is equality" type="AssertionError">
AssertionError: expected true to be false // Object.is equality

- Expected
+ Received

- false
+ true

 ❯ src/everything.spec.ts:8:18
            </failure>
        </testcase>
        <testcase classname="src/everything.spec.ts" name="describe 78 &gt; example test 92" time="0.000013958">
        </testcase>
        <testcase classname="src/everything.spec.ts" name="describe 78 &gt; example test 93" time="0.000061541">
            <failure message="expected true to be false // Object.is equality" type="AssertionError">
AssertionError: expected true to be false // Object.is equality

- Expected
+ Received

- false
+ true

 ❯ src/everything.spec.ts:8:18
            </failure>
        </testcase>
        <testcase classname="src/everything.spec.ts" name="describe 78 &gt; example test 94" time="0.00001425">
        </testcase>
        <testcase classname="src/everything.spec.ts" name="describe 78 &gt; example test 95" time="0.000061125">
            <failure message="expected true to be false // Object.is equality" type="AssertionError">
AssertionError: expected true to be false // Object.is equality

- Expected
+ Received

- false
+ true

 ❯ src/everything.spec.ts:8:18
            </failure>
        </testcase>
        <testcase classname="src/everything.spec.ts" name="describe 78 &gt; example test 96" time="0.000014041">
        </testcase>
        <testcase classname="src/everything.spec.ts" name="describe 78 &gt; example test 97" time="0.000064583">
            <failure message="expected true to be false // Object.is equality" type="AssertionError">
AssertionError: expected true to be false // Object.is equality

- Expected
+ Received

- false
+ true

 ❯ src/everything.spec.ts:8:18
            </failure>
        </testcase>
        <testcase classname="src/everything.spec.ts" name="describe 78 &gt; example test 98" time="0.000014">
        </testcase>
        <testcase classname="src/everything.spec.ts" name="describe 78 &gt; example test 99" time="0.000060875">
            <failure message="expected true to be false // Object.is equality" type="AssertionError">
AssertionError: expected true to be false // Object.is equality

- Expected
+ Received

- false
+ true

 ❯ src/everything.spec.ts:8:18
            </failure>
        </testcase>
        <testcase classname="src/everything.spec.ts" name="describe 78 &gt; example test 100" time="0.000013833">
        </testcase>
        <testcase classname="src/everything.spec.ts" name="describe 79 &gt; example test 1" time="0.000062208">
            <failure message="expected true to be false // Object.is equality" type="AssertionError">
AssertionError: expected true to be false // Object.is equality

- Expected
+ Received

- false
+ true

 ❯ src/everything.spec.ts:8:18
            </failure>
        </testcase>
        <testcase classname="src/everything.spec.ts" name="describe 79 &gt; example test 2" time="0.000014375">
        </testcase>
        <testcase classname="src/everything.spec.ts" name="describe 79 &gt; example test 3" time="0.000060833">
            <failure message="expected true to be false // Object.is equality" type="AssertionError">
AssertionError: expected true to be false // Object.is equality

- Expected
+ Received

- false
+ true

 ❯ src/everything.spec.ts:8:18
            </failure>
        </testcase>
        <testcase classname="src/everything.spec.ts" name="describe 79 &gt; example test 4" time="0.000014041">
        </testcase>
        <testcase classname="src/everything.spec.ts" name="describe 79 &gt; example test 5" time="0.000061209">
            <failure message="expected true to be false // Object.is equality" type="AssertionError">
AssertionError: expected true to be false // Object.is equality

- Expected
+ Received

- false
+ true

 ❯ src/everything.spec.ts:8:18
            </failure>
        </testcase>
        <testcase classname="src/everything.spec.ts" name="describe 79 &gt; example test 6" time="0.000013792">
        </testcase>
        <testcase classname="src/everything.spec.ts" name="describe 79 &gt; example test 7" time="0.000060542">
            <failure message="expected true to be false // Object.is equality" type="AssertionError">
AssertionError: expected true to be false // Object.is equality

- Expected
+ Received

- false
+ true

 ❯ src/everything.spec.ts:8:18
            </failure>
        </testcase>
        <testcase classname="src/everything.spec.ts" name="describe 79 &gt; example test 8" time="0.000014084">
        </testcase>
        <testcase classname="src/everything.spec.ts" name="describe 79 &gt; example test 9" time="0.00006175">
            <failure message="expected true to be false // Object.is equality" type="AssertionError">
AssertionError: expected true to be false // Object.is equality

- Expected
+ Received

- false
+ true

 ❯ src/everything.spec.ts:8:18
            </failure>
        </testcase>
        <testcase classname="src/everything.spec.ts" name="describe 79 &gt; example test 10" time="0.000013375">
        </testcase>
        <testcase classname="src/everything.spec.ts" name="describe 79 &gt; example test 11" time="0.000064458">
            <failure message="expected true to be false // Object.is equality" type="AssertionError">
AssertionError: expected true to be false // Object.is equality

- Expected
+ Received

- false
+ true

 ❯ src/everything.spec.ts:8:18
            </failure>
        </testcase>
        <testcase classname="src/everything.spec.ts" name="describe 79 &gt; example test 12" time="0.000014333">
        </testcase>
        <testcase classname="src/everything.spec.ts" name="describe 79 &gt; example test 13" time="0.000061458">
            <failure message="expected true to be false // Object.is equality" type="AssertionError">
AssertionError: expected true to be false // Object.is equality

- Expected
+ Received

- false
+ true

 ❯ src/everything.spec.ts:8:18
            </failure>
        </testcase>
        <testcase classname="src/everything.spec.ts" name="describe 79 &gt; example test 14" time="0.000013708">
        </testcase>
        <testcase classname="src/everything.spec.ts" name="describe 79 &gt; example test 15" time="0.000061167">
            <failure message="expected true to be false // Object.is equality" type="AssertionError">
AssertionError: expected true to be false // Object.is equality

- Expected
+ Received

- false
+ true

 ❯ src/everything.spec.ts:8:18
            </failure>
        </testcase>
        <testcase classname="src/everything.spec.ts" name="describe 79 &gt; example test 16" time="0.000013791">
        </testcase>
        <testcase classname="src/everything.spec.ts" name="describe 79 &gt; example test 17" time="0.000062167">
            <failure message="expected true to be false // Object.is equality" type="AssertionError">
AssertionError: expected true to be false // Object.is equality

- Expected
+ Received

- false
+ true

 ❯ src/everything.spec.ts:8:18
            </failure>
        </testcase>
        <testcase classname="src/everything.spec.ts" name="describe 79 &gt; example test 18" time="0.00001375">
        </testcase>
        <testcase classname="src/everything.spec.ts" name="describe 79 &gt; example test 19" time="0.000060792">
            <failure message="expected true to be false // Object.is equality" type="AssertionError">
AssertionError: expected true to be false // Object.is equality

- Expected
+ Received

- false
+ true

 ❯ src/everything.spec.ts:8:18
            </failure>
        </testcase>
        <testcase classname="src/everything.spec.ts" name="describe 79 &gt; example test 20" time="0.000014">
        </testcase>
        <testcase classname="src/everything.spec.ts" name="describe 79 &gt; example test 21" time="0.000061625">
            <failure message="expected true to be false // Object.is equality" type="AssertionError">
AssertionError: expected true to be false // Object.is equality

- Expected
+ Received

- false
+ true

 ❯ src/everything.spec.ts:8:18
            </failure>
        </testcase>
        <testcase classname="src/everything.spec.ts" name="describe 79 &gt; example test 22" time="0.000013625">
        </testcase>
        <testcase classname="src/everything.spec.ts" name="describe 79 &gt; example test 23" time="0.000061209">
            <failure message="expected true to be false // Object.is equality" type="AssertionError">
AssertionError: expected true to be false // Object.is equality

- Expected
+ Received

- false
+ true

 ❯ src/everything.spec.ts:8:18
            </failure>
        </testcase>
        <testcase classname="src/everything.spec.ts" name="describe 79 &gt; example test 24" time="0.000014042">
        </testcase>
        <testcase classname="src/everything.spec.ts" name="describe 79 &gt; example test 25" time="0.000061833">
            <failure message="expected true to be false // Object.is equality" type="AssertionError">
AssertionError: expected true to be false // Object.is equality

- Expected
+ Received

- false
+ true

 ❯ src/everything.spec.ts:8:18
            </failure>
        </testcase>
        <testcase classname="src/everything.spec.ts" name="describe 79 &gt; example test 26" time="0.000014125">
        </testcase>
        <testcase classname="src/everything.spec.ts" name="describe 79 &gt; example test 27" time="0.000060917">
            <failure message="expected true to be false // Object.is equality" type="AssertionError">
AssertionError: expected true to be false // Object.is equality

- Expected
+ Received

- false
+ true

 ❯ src/everything.spec.ts:8:18
            </failure>
        </testcase>
        <testcase classname="src/everything.spec.ts" name="describe 79 &gt; example test 28" time="0.000014125">
        </testcase>
        <testcase classname="src/everything.spec.ts" name="describe 79 &gt; example test 29" time="0.000061916">
            <failure message="expected true to be false // Object.is equality" type="AssertionError">
AssertionError: expected true to be false // Object.is equality

- Expected
+ Received

- false
+ true

 ❯ src/everything.spec.ts:8:18
            </failure>
        </testcase>
        <testcase classname="src/everything.spec.ts" name="describe 79 &gt; example test 30" time="0.000014333">
        </testcase>
        <testcase classname="src/everything.spec.ts" name="describe 79 &gt; example test 31" time="0.000062791">
            <failure message="expected true to be false // Object.is equality" type="AssertionError">
AssertionError: expected true to be false // Object.is equality

- Expected
+ Received

- false
+ true

 ❯ src/everything.spec.ts:8:18
            </failure>
        </testcase>
        <testcase classname="src/everything.spec.ts" name="describe 79 &gt; example test 32" time="0.000013833">
        </testcase>
        <testcase classname="src/everything.spec.ts" name="describe 79 &gt; example test 33" time="0.000061833">
            <failure message="expected true to be false // Object.is equality" type="AssertionError">
AssertionError: expected true to be false // Object.is equality

- Expected
+ Received

- false
+ true

 ❯ src/everything.spec.ts:8:18
            </failure>
        </testcase>
        <testcase classname="src/everything.spec.ts" name="describe 79 &gt; example test 34" time="0.000014333">
        </testcase>
        <testcase classname="src/everything.spec.ts" name="describe 79 &gt; example test 35" time="0.000060291">
            <failure message="expected true to be false // Object.is equality" type="AssertionError">
AssertionError: expected true to be false // Object.is equality

- Expected
+ Received

- false
+ true

 ❯ src/everything.spec.ts:8:18
            </failure>
        </testcase>
        <testcase classname="src/everything.spec.ts" name="describe 79 &gt; example test 36" time="0.000014208">
        </testcase>
        <testcase classname="src/everything.spec.ts" name="describe 79 &gt; example test 37" time="0.000061667">
            <failure message="expected true to be false // Object.is equality" type="AssertionError">
AssertionError: expected true to be false // Object.is equality

- Expected
+ Received

- false
+ true

 ❯ src/everything.spec.ts:8:18
            </failure>
        </testcase>
        <testcase classname="src/everything.spec.ts" name="describe 79 &gt; example test 38" time="0.000014208">
        </testcase>
        <testcase classname="src/everything.spec.ts" name="describe 79 &gt; example test 39" time="0.000063917">
            <failure message="expected true to be false // Object.is equality" type="AssertionError">
AssertionError: expected true to be false // Object.is equality

- Expected
+ Received

- false
+ true

 ❯ src/everything.spec.ts:8:18
            </failure>
        </testcase>
        <testcase classname="src/everything.spec.ts" name="describe 79 &gt; example test 40" time="0.000014209">
        </testcase>
        <testcase classname="src/everything.spec.ts" name="describe 79 &gt; example test 41" time="0.000070875">
            <failure message="expected true to be false // Object.is equality" type="AssertionError">
AssertionError: expected true to be false // Object.is equality

- Expected
+ Received

- false
+ true

 ❯ src/everything.spec.ts:8:18
            </failure>
        </testcase>
        <testcase classname="src/everything.spec.ts" name="describe 79 &gt; example test 42" time="0.000013375">
        </testcase>
        <testcase classname="src/everything.spec.ts" name="describe 79 &gt; example test 43" time="0.000061125">
            <failure message="expected true to be false // Object.is equality" type="AssertionError">
AssertionError: expected true to be false // Object.is equality

- Expected
+ Received

- false
+ true

 ❯ src/everything.spec.ts:8:18
            </failure>
        </testcase>
        <testcase classname="src/everything.spec.ts" name="describe 79 &gt; example test 44" time="0.000013375">
        </testcase>
        <testcase classname="src/everything.spec.ts" name="describe 79 &gt; example test 45" time="0.00046275">
            <failure message="expected true to be false // Object.is equality" type="AssertionError">
AssertionError: expected true to be false // Object.is equality

- Expected
+ Received

- false
+ true

 ❯ src/everything.spec.ts:8:18
            </failure>
        </testcase>
        <testcase classname="src/everything.spec.ts" name="describe 79 &gt; example test 46" time="0.000014917">
        </testcase>
        <testcase classname="src/everything.spec.ts" name="describe 79 &gt; example test 47" time="0.000065292">
            <failure message="expected true to be false // Object.is equality" type="AssertionError">
AssertionError: expected true to be false // Object.is equality

- Expected
+ Received

- false
+ true

 ❯ src/everything.spec.ts:8:18
            </failure>
        </testcase>
        <testcase classname="src/everything.spec.ts" name="describe 79 &gt; example test 48" time="0.000014292">
        </testcase>
        <testcase classname="src/everything.spec.ts" name="describe 79 &gt; example test 49" time="0.000062292">
            <failure message="expected true to be false // Object.is equality" type="AssertionError">
AssertionError: expected true to be false // Object.is equality

- Expected
+ Received

- false
+ true

 ❯ src/everything.spec.ts:8:18
            </failure>
        </testcase>
        <testcase classname="src/everything.spec.ts" name="describe 79 &gt; example test 50" time="0.000014292">
        </testcase>
        <testcase classname="src/everything.spec.ts" name="describe 79 &gt; example test 51" time="0.000061333">
            <failure message="expected true to be false // Object.is equality" type="AssertionError">
AssertionError: expected true to be false // Object.is equality

- Expected
+ Received

- false
+ true

 ❯ src/everything.spec.ts:8:18
            </failure>
        </testcase>
        <testcase classname="src/everything.spec.ts" name="describe 79 &gt; example test 52" time="0.000014375">
        </testcase>
        <testcase classname="src/everything.spec.ts" name="describe 79 &gt; example test 53" time="0.0000615">
            <failure message="expected true to be false // Object.is equality" type="AssertionError">
AssertionError: expected true to be false // Object.is equality

- Expected
+ Received

- false
+ true

 ❯ src/everything.spec.ts:8:18
            </failure>
        </testcase>
        <testcase classname="src/everything.spec.ts" name="describe 79 &gt; example test 54" time="0.000014333">
        </testcase>
        <testcase classname="src/everything.spec.ts" name="describe 79 &gt; example test 55" time="0.000060625">
            <failure message="expected true to be false // Object.is equality" type="AssertionError">
AssertionError: expected true to be false // Object.is equality

- Expected
+ Received

- false
+ true

 ❯ src/everything.spec.ts:8:18
            </failure>
        </testcase>
        <testcase classname="src/everything.spec.ts" name="describe 79 &gt; example test 56" time="0.000013458">
        </testcase>
        <testcase classname="src/everything.spec.ts" name="describe 79 &gt; example test 57" time="0.000061125">
            <failure message="expected true to be false // Object.is equality" type="AssertionError">
AssertionError: expected true to be false // Object.is equality

- Expected
+ Received

- false
+ true

 ❯ src/everything.spec.ts:8:18
            </failure>
        </testcase>
        <testcase classname="src/everything.spec.ts" name="describe 79 &gt; example test 58" time="0.000014083">
        </testcase>
        <testcase classname="src/everything.spec.ts" name="describe 79 &gt; example test 59" time="0.000060666">
            <failure message="expected true to be false // Object.is equality" type="AssertionError">
AssertionError: expected true to be false // Object.is equality

- Expected
+ Received

- false
+ true

 ❯ src/everything.spec.ts:8:18
            </failure>
        </testcase>
        <testcase classname="src/everything.spec.ts" name="describe 79 &gt; example test 60" time="0.000014625">
        </testcase>
        <testcase classname="src/everything.spec.ts" name="describe 79 &gt; example test 61" time="0.000061125">
            <failure message="expected true to be false // Object.is equality" type="AssertionError">
AssertionError: expected true to be false // Object.is equality

- Expected
+ Received

- false
+ true

 ❯ src/everything.spec.ts:8:18
            </failure>
        </testcase>
        <testcase classname="src/everything.spec.ts" name="describe 79 &gt; example test 62" time="0.0000145">
        </testcase>
        <testcase classname="src/everything.spec.ts" name="describe 79 &gt; example test 63" time="0.000063459">
            <failure message="expected true to be false // Object.is equality" type="AssertionError">
AssertionError: expected true to be false // Object.is equality

- Expected
+ Received

- false
+ true

 ❯ src/everything.spec.ts:8:18
            </failure>
        </testcase>
        <testcase classname="src/everything.spec.ts" name="describe 79 &gt; example test 64" time="0.000014542">
        </testcase>
        <testcase classname="src/everything.spec.ts" name="describe 79 &gt; example test 65" time="0.000063041">
            <failure message="expected true to be false // Object.is equality" type="AssertionError">
AssertionError: expected true to be false // Object.is equality

- Expected
+ Received

- false
+ true

 ❯ src/everything.spec.ts:8:18
            </failure>
        </testcase>
        <testcase classname="src/everything.spec.ts" name="describe 79 &gt; example test 66" time="0.000013666">
        </testcase>
        <testcase classname="src/everything.spec.ts" name="describe 79 &gt; example test 67" time="0.00006125">
            <failure message="expected true to be false // Object.is equality" type="AssertionError">
AssertionError: expected true to be false // Object.is equality

- Expected
+ Received

- false
+ true

 ❯ src/everything.spec.ts:8:18
            </failure>
        </testcase>
        <testcase classname="src/everything.spec.ts" name="describe 79 &gt; example test 68" time="0.000014125">
        </testcase>
        <testcase classname="src/everything.spec.ts" name="describe 79 &gt; example test 69" time="0.000061583">
            <failure message="expected true to be false // Object.is equality" type="AssertionError">
AssertionError: expected true to be false // Object.is equality

- Expected
+ Received

- false
+ true

 ❯ src/everything.spec.ts:8:18
            </failure>
        </testcase>
        <testcase classname="src/everything.spec.ts" name="describe 79 &gt; example test 70" time="0.000013916">
        </testcase>
        <testcase classname="src/everything.spec.ts" name="describe 79 &gt; example test 71" time="0.000062708">
            <failure message="expected true to be false // Object.is equality" type="AssertionError">
AssertionError: expected true to be false // Object.is equality

- Expected
+ Received

- false
+ true

 ❯ src/everything.spec.ts:8:18
            </failure>
        </testcase>
        <testcase classname="src/everything.spec.ts" name="describe 79 &gt; example test 72" time="0.000014208">
        </testcase>
        <testcase classname="src/everything.spec.ts" name="describe 79 &gt; example test 73" time="0.000061542">
            <failure message="expected true to be false // Object.is equality" type="AssertionError">
AssertionError: expected true to be false // Object.is equality

- Expected
+ Received

- false
+ true

 ❯ src/everything.spec.ts:8:18
            </failure>
        </testcase>
        <testcase classname="src/everything.spec.ts" name="describe 79 &gt; example test 74" time="0.000013709">
        </testcase>
        <testcase classname="src/everything.spec.ts" name="describe 79 &gt; example test 75" time="0.000060625">
            <failure message="expected true to be false // Object.is equality" type="AssertionError">
AssertionError: expected true to be false // Object.is equality

- Expected
+ Received

- false
+ true

 ❯ src/everything.spec.ts:8:18
            </failure>
        </testcase>
        <testcase classname="src/everything.spec.ts" name="describe 79 &gt; example test 76" time="0.00001425">
        </testcase>
        <testcase classname="src/everything.spec.ts" name="describe 79 &gt; example test 77" time="0.000060833">
            <failure message="expected true to be false // Object.is equality" type="AssertionError">
AssertionError: expected true to be false // Object.is equality

- Expected
+ Received

- false
+ true

 ❯ src/everything.spec.ts:8:18
            </failure>
        </testcase>
        <testcase classname="src/everything.spec.ts" name="describe 79 &gt; example test 78" time="0.000013416">
        </testcase>
        <testcase classname="src/everything.spec.ts" name="describe 79 &gt; example test 79" time="0.000060125">
            <failure message="expected true to be false // Object.is equality" type="AssertionError">
AssertionError: expected true to be false // Object.is equality

- Expected
+ Received

- false
+ true

 ❯ src/everything.spec.ts:8:18
            </failure>
        </testcase>
        <testcase classname="src/everything.spec.ts" name="describe 79 &gt; example test 80" time="0.000014458">
        </testcase>
        <testcase classname="src/everything.spec.ts" name="describe 79 &gt; example test 81" time="0.000060541">
            <failure message="expected true to be false // Object.is equality" type="AssertionError">
AssertionError: expected true to be false // Object.is equality

- Expected
+ Received

- false
+ true

 ❯ src/everything.spec.ts:8:18
            </failure>
        </testcase>
        <testcase classname="src/everything.spec.ts" name="describe 79 &gt; example test 82" time="0.000014125">
        </testcase>
        <testcase classname="src/everything.spec.ts" name="describe 79 &gt; example test 83" time="0.000060875">
            <failure message="expected true to be false // Object.is equality" type="AssertionError">
AssertionError: expected true to be false // Object.is equality

- Expected
+ Received

- false
+ true

 ❯ src/everything.spec.ts:8:18
            </failure>
        </testcase>
        <testcase classname="src/everything.spec.ts" name="describe 79 &gt; example test 84" time="0.000014584">
        </testcase>
        <testcase classname="src/everything.spec.ts" name="describe 79 &gt; example test 85" time="0.00006075">
            <failure message="expected true to be false // Object.is equality" type="AssertionError">
AssertionError: expected true to be false // Object.is equality

- Expected
+ Received

- false
+ true

 ❯ src/everything.spec.ts:8:18
            </failure>
        </testcase>
        <testcase classname="src/everything.spec.ts" name="describe 79 &gt; example test 86" time="0.000013709">
        </testcase>
        <testcase classname="src/everything.spec.ts" name="describe 79 &gt; example test 87" time="0.000061291">
            <failure message="expected true to be false // Object.is equality" type="AssertionError">
AssertionError: expected true to be false // Object.is equality

- Expected
+ Received

- false
+ true

 ❯ src/everything.spec.ts:8:18
            </failure>
        </testcase>
        <testcase classname="src/everything.spec.ts" name="describe 79 &gt; example test 88" time="0.000014166">
        </testcase>
        <testcase classname="src/everything.spec.ts" name="describe 79 &gt; example test 89" time="0.000061125">
            <failure message="expected true to be false // Object.is equality" type="AssertionError">
AssertionError: expected true to be false // Object.is equality

- Expected
+ Received

- false
+ true

 ❯ src/everything.spec.ts:8:18
            </failure>
        </testcase>
        <testcase classname="src/everything.spec.ts" name="describe 79 &gt; example test 90" time="0.000014">
        </testcase>
        <testcase classname="src/everything.spec.ts" name="describe 79 &gt; example test 91" time="0.000062292">
            <failure message="expected true to be false // Object.is equality" type="AssertionError">
AssertionError: expected true to be false // Object.is equality

- Expected
+ Received

- false
+ true

 ❯ src/everything.spec.ts:8:18
            </failure>
        </testcase>
        <testcase classname="src/everything.spec.ts" name="describe 79 &gt; example test 92" time="0.000014333">
        </testcase>
        <testcase classname="src/everything.spec.ts" name="describe 79 &gt; example test 93" time="0.000061792">
            <failure message="expected true to be false // Object.is equality" type="AssertionError">
AssertionError: expected true to be false // Object.is equality

- Expected
+ Received

- false
+ true

 ❯ src/everything.spec.ts:8:18
            </failure>
        </testcase>
        <testcase classname="src/everything.spec.ts" name="describe 79 &gt; example test 94" time="0.000013916">
        </testcase>
        <testcase classname="src/everything.spec.ts" name="describe 79 &gt; example test 95" time="0.000060625">
            <failure message="expected true to be false // Object.is equality" type="AssertionError">
AssertionError: expected true to be false // Object.is equality

- Expected
+ Received

- false
+ true

 ❯ src/everything.spec.ts:8:18
            </failure>
        </testcase>
        <testcase classname="src/everything.spec.ts" name="describe 79 &gt; example test 96" time="0.000013708">
        </testcase>
        <testcase classname="src/everything.spec.ts" name="describe 79 &gt; example test 97" time="0.000061167">
            <failure message="expected true to be false // Object.is equality" type="AssertionError">
AssertionError: expected true to be false // Object.is equality

- Expected
+ Received

- false
+ true

 ❯ src/everything.spec.ts:8:18
            </failure>
        </testcase>
        <testcase classname="src/everything.spec.ts" name="describe 79 &gt; example test 98" time="0.000013709">
        </testcase>
        <testcase classname="src/everything.spec.ts" name="describe 79 &gt; example test 99" time="0.000064333">
            <failure message="expected true to be false // Object.is equality" type="AssertionError">
AssertionError: expected true to be false // Object.is equality

- Expected
+ Received

- false
+ true

 ❯ src/everything.spec.ts:8:18
            </failure>
        </testcase>
        <testcase classname="src/everything.spec.ts" name="describe 79 &gt; example test 100" time="0.000013875">
        </testcase>
        <testcase classname="src/everything.spec.ts" name="describe 80 &gt; example test 1" time="0.000061625">
            <failure message="expected true to be false // Object.is equality" type="AssertionError">
AssertionError: expected true to be false // Object.is equality

- Expected
+ Received

- false
+ true

 ❯ src/everything.spec.ts:8:18
            </failure>
        </testcase>
        <testcase classname="src/everything.spec.ts" name="describe 80 &gt; example test 2" time="0.000013917">
        </testcase>
        <testcase classname="src/everything.spec.ts" name="describe 80 &gt; example test 3" time="0.00006125">
            <failure message="expected true to be false // Object.is equality" type="AssertionError">
AssertionError: expected true to be false // Object.is equality

- Expected
+ Received

- false
+ true

 ❯ src/everything.spec.ts:8:18
            </failure>
        </testcase>
        <testcase classname="src/everything.spec.ts" name="describe 80 &gt; example test 4" time="0.000014167">
        </testcase>
        <testcase classname="src/everything.spec.ts" name="describe 80 &gt; example test 5" time="0.000060417">
            <failure message="expected true to be false // Object.is equality" type="AssertionError">
AssertionError: expected true to be false // Object.is equality

- Expected
+ Received

- false
+ true

 ❯ src/everything.spec.ts:8:18
            </failure>
        </testcase>
        <testcase classname="src/everything.spec.ts" name="describe 80 &gt; example test 6" time="0.000013458">
        </testcase>
        <testcase classname="src/everything.spec.ts" name="describe 80 &gt; example test 7" time="0.000060875">
            <failure message="expected true to be false // Object.is equality" type="AssertionError">
AssertionError: expected true to be false // Object.is equality

- Expected
+ Received

- false
+ true

 ❯ src/everything.spec.ts:8:18
            </failure>
        </testcase>
        <testcase classname="src/everything.spec.ts" name="describe 80 &gt; example test 8" time="0.000013958">
        </testcase>
        <testcase classname="src/everything.spec.ts" name="describe 80 &gt; example test 9" time="0.000060083">
            <failure message="expected true to be false // Object.is equality" type="AssertionError">
AssertionError: expected true to be false // Object.is equality

- Expected
+ Received

- false
+ true

 ❯ src/everything.spec.ts:8:18
            </failure>
        </testcase>
        <testcase classname="src/everything.spec.ts" name="describe 80 &gt; example test 10" time="0.000013875">
        </testcase>
        <testcase classname="src/everything.spec.ts" name="describe 80 &gt; example test 11" time="0.000061541">
            <failure message="expected true to be false // Object.is equality" type="AssertionError">
AssertionError: expected true to be false // Object.is equality

- Expected
+ Received

- false
+ true

 ❯ src/everything.spec.ts:8:18
            </failure>
        </testcase>
        <testcase classname="src/everything.spec.ts" name="describe 80 &gt; example test 12" time="0.000013708">
        </testcase>
        <testcase classname="src/everything.spec.ts" name="describe 80 &gt; example test 13" time="0.000062167">
            <failure message="expected true to be false // Object.is equality" type="AssertionError">
AssertionError: expected true to be false // Object.is equality

- Expected
+ Received

- false
+ true

 ❯ src/everything.spec.ts:8:18
            </failure>
        </testcase>
        <testcase classname="src/everything.spec.ts" name="describe 80 &gt; example test 14" time="0.000013792">
        </testcase>
        <testcase classname="src/everything.spec.ts" name="describe 80 &gt; example test 15" time="0.000061583">
            <failure message="expected true to be false // Object.is equality" type="AssertionError">
AssertionError: expected true to be false // Object.is equality

- Expected
+ Received

- false
+ true

 ❯ src/everything.spec.ts:8:18
            </failure>
        </testcase>
        <testcase classname="src/everything.spec.ts" name="describe 80 &gt; example test 16" time="0.000014041">
        </testcase>
        <testcase classname="src/everything.spec.ts" name="describe 80 &gt; example test 17" time="0.0000605">
            <failure message="expected true to be false // Object.is equality" type="AssertionError">
AssertionError: expected true to be false // Object.is equality

- Expected
+ Received

- false
+ true

 ❯ src/everything.spec.ts:8:18
            </failure>
        </testcase>
        <testcase classname="src/everything.spec.ts" name="describe 80 &gt; example test 18" time="0.000013959">
        </testcase>
        <testcase classname="src/everything.spec.ts" name="describe 80 &gt; example test 19" time="0.000062541">
            <failure message="expected true to be false // Object.is equality" type="AssertionError">
AssertionError: expected true to be false // Object.is equality

- Expected
+ Received

- false
+ true

 ❯ src/everything.spec.ts:8:18
            </failure>
        </testcase>
        <testcase classname="src/everything.spec.ts" name="describe 80 &gt; example test 20" time="0.000013958">
        </testcase>
        <testcase classname="src/everything.spec.ts" name="describe 80 &gt; example test 21" time="0.000060417">
            <failure message="expected true to be false // Object.is equality" type="AssertionError">
AssertionError: expected true to be false // Object.is equality

- Expected
+ Received

- false
+ true

 ❯ src/everything.spec.ts:8:18
            </failure>
        </testcase>
        <testcase classname="src/everything.spec.ts" name="describe 80 &gt; example test 22" time="0.000014208">
        </testcase>
        <testcase classname="src/everything.spec.ts" name="describe 80 &gt; example test 23" time="0.000062167">
            <failure message="expected true to be false // Object.is equality" type="AssertionError">
AssertionError: expected true to be false // Object.is equality

- Expected
+ Received

- false
+ true

 ❯ src/everything.spec.ts:8:18
            </failure>
        </testcase>
        <testcase classname="src/everything.spec.ts" name="describe 80 &gt; example test 24" time="0.00001375">
        </testcase>
        <testcase classname="src/everything.spec.ts" name="describe 80 &gt; example test 25" time="0.000060625">
            <failure message="expected true to be false // Object.is equality" type="AssertionError">
AssertionError: expected true to be false // Object.is equality

- Expected
+ Received

- false
+ true

 ❯ src/everything.spec.ts:8:18
            </failure>
        </testcase>
        <testcase classname="src/everything.spec.ts" name="describe 80 &gt; example test 26" time="0.000014083">
        </testcase>
        <testcase classname="src/everything.spec.ts" name="describe 80 &gt; example test 27" time="0.00006075">
            <failure message="expected true to be false // Object.is equality" type="AssertionError">
AssertionError: expected true to be false // Object.is equality

- Expected
+ Received

- false
+ true

 ❯ src/everything.spec.ts:8:18
            </failure>
        </testcase>
        <testcase classname="src/everything.spec.ts" name="describe 80 &gt; example test 28" time="0.00001375">
        </testcase>
        <testcase classname="src/everything.spec.ts" name="describe 80 &gt; example test 29" time="0.000061875">
            <failure message="expected true to be false // Object.is equality" type="AssertionError">
AssertionError: expected true to be false // Object.is equality

- Expected
+ Received

- false
+ true

 ❯ src/everything.spec.ts:8:18
            </failure>
        </testcase>
        <testcase classname="src/everything.spec.ts" name="describe 80 &gt; example test 30" time="0.000013959">
        </testcase>
        <testcase classname="src/everything.spec.ts" name="describe 80 &gt; example test 31" time="0.000061">
            <failure message="expected true to be false // Object.is equality" type="AssertionError">
AssertionError: expected true to be false // Object.is equality

- Expected
+ Received

- false
+ true

 ❯ src/everything.spec.ts:8:18
            </failure>
        </testcase>
        <testcase classname="src/everything.spec.ts" name="describe 80 &gt; example test 32" time="0.000013958">
        </testcase>
        <testcase classname="src/everything.spec.ts" name="describe 80 &gt; example test 33" time="0.000060833">
            <failure message="expected true to be false // Object.is equality" type="AssertionError">
AssertionError: expected true to be false // Object.is equality

- Expected
+ Received

- false
+ true

 ❯ src/everything.spec.ts:8:18
            </failure>
        </testcase>
        <testcase classname="src/everything.spec.ts" name="describe 80 &gt; example test 34" time="0.000014083">
        </testcase>
        <testcase classname="src/everything.spec.ts" name="describe 80 &gt; example test 35" time="0.000063">
            <failure message="expected true to be false // Object.is equality" type="AssertionError">
AssertionError: expected true to be false // Object.is equality

- Expected
+ Received

- false
+ true

 ❯ src/everything.spec.ts:8:18
            </failure>
        </testcase>
        <testcase classname="src/everything.spec.ts" name="describe 80 &gt; example test 36" time="0.000014166">
        </testcase>
        <testcase classname="src/everything.spec.ts" name="describe 80 &gt; example test 37" time="0.000060334">
            <failure message="expected true to be false // Object.is equality" type="AssertionError">
AssertionError: expected true to be false // Object.is equality

- Expected
+ Received

- false
+ true

 ❯ src/everything.spec.ts:8:18
            </failure>
        </testcase>
        <testcase classname="src/everything.spec.ts" name="describe 80 &gt; example test 38" time="0.000014292">
        </testcase>
        <testcase classname="src/everything.spec.ts" name="describe 80 &gt; example test 39" time="0.000060583">
            <failure message="expected true to be false // Object.is equality" type="AssertionError">
AssertionError: expected true to be false // Object.is equality

- Expected
+ Received

- false
+ true

 ❯ src/everything.spec.ts:8:18
            </failure>
        </testcase>
        <testcase classname="src/everything.spec.ts" name="describe 80 &gt; example test 40" time="0.000013875">
        </testcase>
        <testcase classname="src/everything.spec.ts" name="describe 80 &gt; example test 41" time="0.000060542">
            <failure message="expected true to be false // Object.is equality" type="AssertionError">
AssertionError: expected true to be false // Object.is equality

- Expected
+ Received

- false
+ true

 ❯ src/everything.spec.ts:8:18
            </failure>
        </testcase>
        <testcase classname="src/everything.spec.ts" name="describe 80 &gt; example test 42" time="0.000013833">
        </testcase>
        <testcase classname="src/everything.spec.ts" name="describe 80 &gt; example test 43" time="0.000061333">
            <failure message="expected true to be false // Object.is equality" type="AssertionError">
AssertionError: expected true to be false // Object.is equality

- Expected
+ Received

- false
+ true

 ❯ src/everything.spec.ts:8:18
            </failure>
        </testcase>
        <testcase classname="src/everything.spec.ts" name="describe 80 &gt; example test 44" time="0.000013917">
        </testcase>
        <testcase classname="src/everything.spec.ts" name="describe 80 &gt; example test 45" time="0.000060459">
            <failure message="expected true to be false // Object.is equality" type="AssertionError">
AssertionError: expected true to be false // Object.is equality

- Expected
+ Received

- false
+ true

 ❯ src/everything.spec.ts:8:18
            </failure>
        </testcase>
        <testcase classname="src/everything.spec.ts" name="describe 80 &gt; example test 46" time="0.000013917">
        </testcase>
        <testcase classname="src/everything.spec.ts" name="describe 80 &gt; example test 47" time="0.000063958">
            <failure message="expected true to be false // Object.is equality" type="AssertionError">
AssertionError: expected true to be false // Object.is equality

- Expected
+ Received

- false
+ true

 ❯ src/everything.spec.ts:8:18
            </failure>
        </testcase>
        <testcase classname="src/everything.spec.ts" name="describe 80 &gt; example test 48" time="0.000013916">
        </testcase>
        <testcase classname="src/everything.spec.ts" name="describe 80 &gt; example test 49" time="0.000062583">
            <failure message="expected true to be false // Object.is equality" type="AssertionError">
AssertionError: expected true to be false // Object.is equality

- Expected
+ Received

- false
+ true

 ❯ src/everything.spec.ts:8:18
            </failure>
        </testcase>
        <testcase classname="src/everything.spec.ts" name="describe 80 &gt; example test 50" time="0.000014084">
        </testcase>
        <testcase classname="src/everything.spec.ts" name="describe 80 &gt; example test 51" time="0.000061">
            <failure message="expected true to be false // Object.is equality" type="AssertionError">
AssertionError: expected true to be false // Object.is equality

- Expected
+ Received

- false
+ true

 ❯ src/everything.spec.ts:8:18
            </failure>
        </testcase>
        <testcase classname="src/everything.spec.ts" name="describe 80 &gt; example test 52" time="0.000014334">
        </testcase>
        <testcase classname="src/everything.spec.ts" name="describe 80 &gt; example test 53" time="0.00006075">
            <failure message="expected true to be false // Object.is equality" type="AssertionError">
AssertionError: expected true to be false // Object.is equality

- Expected
+ Received

- false
+ true

 ❯ src/everything.spec.ts:8:18
            </failure>
        </testcase>
        <testcase classname="src/everything.spec.ts" name="describe 80 &gt; example test 54" time="0.00001375">
        </testcase>
        <testcase classname="src/everything.spec.ts" name="describe 80 &gt; example test 55" time="0.00006125">
            <failure message="expected true to be false // Object.is equality" type="AssertionError">
AssertionError: expected true to be false // Object.is equality

- Expected
+ Received

- false
+ true

 ❯ src/everything.spec.ts:8:18
            </failure>
        </testcase>
        <testcase classname="src/everything.spec.ts" name="describe 80 &gt; example test 56" time="0.00001325">
        </testcase>
        <testcase classname="src/everything.spec.ts" name="describe 80 &gt; example test 57" time="0.000060042">
            <failure message="expected true to be false // Object.is equality" type="AssertionError">
AssertionError: expected true to be false // Object.is equality

- Expected
+ Received

- false
+ true

 ❯ src/everything.spec.ts:8:18
            </failure>
        </testcase>
        <testcase classname="src/everything.spec.ts" name="describe 80 &gt; example test 58" time="0.000013875">
        </testcase>
        <testcase classname="src/everything.spec.ts" name="describe 80 &gt; example test 59" time="0.000061959">
            <failure message="expected true to be false // Object.is equality" type="AssertionError">
AssertionError: expected true to be false // Object.is equality

- Expected
+ Received

- false
+ true

 ❯ src/everything.spec.ts:8:18
            </failure>
        </testcase>
        <testcase classname="src/everything.spec.ts" name="describe 80 &gt; example test 60" time="0.000013833">
        </testcase>
        <testcase classname="src/everything.spec.ts" name="describe 80 &gt; example test 61" time="0.0000595">
            <failure message="expected true to be false // Object.is equality" type="AssertionError">
AssertionError: expected true to be false // Object.is equality

- Expected
+ Received

- false
+ true

 ❯ src/everything.spec.ts:8:18
            </failure>
        </testcase>
        <testcase classname="src/everything.spec.ts" name="describe 80 &gt; example test 62" time="0.000013875">
        </testcase>
        <testcase classname="src/everything.spec.ts" name="describe 80 &gt; example test 63" time="0.0000625">
            <failure message="expected true to be false // Object.is equality" type="AssertionError">
AssertionError: expected true to be false // Object.is equality

- Expected
+ Received

- false
+ true

 ❯ src/everything.spec.ts:8:18
            </failure>
        </testcase>
        <testcase classname="src/everything.spec.ts" name="describe 80 &gt; example test 64" time="0.000013833">
        </testcase>
        <testcase classname="src/everything.spec.ts" name="describe 80 &gt; example test 65" time="0.000061333">
            <failure message="expected true to be false // Object.is equality" type="AssertionError">
AssertionError: expected true to be false // Object.is equality

- Expected
+ Received

- false
+ true

 ❯ src/everything.spec.ts:8:18
            </failure>
        </testcase>
        <testcase classname="src/everything.spec.ts" name="describe 80 &gt; example test 66" time="0.000013916">
        </testcase>
        <testcase classname="src/everything.spec.ts" name="describe 80 &gt; example test 67" time="0.000062125">
            <failure message="expected true to be false // Object.is equality" type="AssertionError">
AssertionError: expected true to be false // Object.is equality

- Expected
+ Received

- false
+ true

 ❯ src/everything.spec.ts:8:18
            </failure>
        </testcase>
        <testcase classname="src/everything.spec.ts" name="describe 80 &gt; example test 68" time="0.000014041">
        </testcase>
        <testcase classname="src/everything.spec.ts" name="describe 80 &gt; example test 69" time="0.000061875">
            <failure message="expected true to be false // Object.is equality" type="AssertionError">
AssertionError: expected true to be false // Object.is equality

- Expected
+ Received

- false
+ true

 ❯ src/everything.spec.ts:8:18
            </failure>
        </testcase>
        <testcase classname="src/everything.spec.ts" name="describe 80 &gt; example test 70" time="0.000013584">
        </testcase>
        <testcase classname="src/everything.spec.ts" name="describe 80 &gt; example test 71" time="0.000063958">
            <failure message="expected true to be false // Object.is equality" type="AssertionError">
AssertionError: expected true to be false // Object.is equality

- Expected
+ Received

- false
+ true

 ❯ src/everything.spec.ts:8:18
            </failure>
        </testcase>
        <testcase classname="src/everything.spec.ts" name="describe 80 &gt; example test 72" time="0.00001375">
        </testcase>
        <testcase classname="src/everything.spec.ts" name="describe 80 &gt; example test 73" time="0.000063542">
            <failure message="expected true to be false // Object.is equality" type="AssertionError">
AssertionError: expected true to be false // Object.is equality

- Expected
+ Received

- false
+ true

 ❯ src/everything.spec.ts:8:18
            </failure>
        </testcase>
        <testcase classname="src/everything.spec.ts" name="describe 80 &gt; example test 74" time="0.000013708">
        </testcase>
        <testcase classname="src/everything.spec.ts" name="describe 80 &gt; example test 75" time="0.000061333">
            <failure message="expected true to be false // Object.is equality" type="AssertionError">
AssertionError: expected true to be false // Object.is equality

- Expected
+ Received

- false
+ true

 ❯ src/everything.spec.ts:8:18
            </failure>
        </testcase>
        <testcase classname="src/everything.spec.ts" name="describe 80 &gt; example test 76" time="0.000014042">
        </testcase>
        <testcase classname="src/everything.spec.ts" name="describe 80 &gt; example test 77" time="0.000060833">
            <failure message="expected true to be false // Object.is equality" type="AssertionError">
AssertionError: expected true to be false // Object.is equality

- Expected
+ Received

- false
+ true

 ❯ src/everything.spec.ts:8:18
            </failure>
        </testcase>
        <testcase classname="src/everything.spec.ts" name="describe 80 &gt; example test 78" time="0.000013792">
        </testcase>
        <testcase classname="src/everything.spec.ts" name="describe 80 &gt; example test 79" time="0.000062167">
            <failure message="expected true to be false // Object.is equality" type="AssertionError">
AssertionError: expected true to be false // Object.is equality

- Expected
+ Received

- false
+ true

 ❯ src/everything.spec.ts:8:18
            </failure>
        </testcase>
        <testcase classname="src/everything.spec.ts" name="describe 80 &gt; example test 80" time="0.000013625">
        </testcase>
        <testcase classname="src/everything.spec.ts" name="describe 80 &gt; example test 81" time="0.00006025">
            <failure message="expected true to be false // Object.is equality" type="AssertionError">
AssertionError: expected true to be false // Object.is equality

- Expected
+ Received

- false
+ true

 ❯ src/everything.spec.ts:8:18
            </failure>
        </testcase>
        <testcase classname="src/everything.spec.ts" name="describe 80 &gt; example test 82" time="0.000014084">
        </testcase>
        <testcase classname="src/everything.spec.ts" name="describe 80 &gt; example test 83" time="0.000061166">
            <failure message="expected true to be false // Object.is equality" type="AssertionError">
AssertionError: expected true to be false // Object.is equality

- Expected
+ Received

- false
+ true

 ❯ src/everything.spec.ts:8:18
            </failure>
        </testcase>
        <testcase classname="src/everything.spec.ts" name="describe 80 &gt; example test 84" time="0.000013958">
        </testcase>
        <testcase classname="src/everything.spec.ts" name="describe 80 &gt; example test 85" time="0.000060292">
            <failure message="expected true to be false // Object.is equality" type="AssertionError">
AssertionError: expected true to be false // Object.is equality

- Expected
+ Received

- false
+ true

 ❯ src/everything.spec.ts:8:18
            </failure>
        </testcase>
        <testcase classname="src/everything.spec.ts" name="describe 80 &gt; example test 86" time="0.000013875">
        </testcase>
        <testcase classname="src/everything.spec.ts" name="describe 80 &gt; example test 87" time="0.0000615">
            <failure message="expected true to be false // Object.is equality" type="AssertionError">
AssertionError: expected true to be false // Object.is equality

- Expected
+ Received

- false
+ true

 ❯ src/everything.spec.ts:8:18
            </failure>
        </testcase>
        <testcase classname="src/everything.spec.ts" name="describe 80 &gt; example test 88" time="0.000013708">
        </testcase>
        <testcase classname="src/everything.spec.ts" name="describe 80 &gt; example test 89" time="0.00006075">
            <failure message="expected true to be false // Object.is equality" type="AssertionError">
AssertionError: expected true to be false // Object.is equality

- Expected
+ Received

- false
+ true

 ❯ src/everything.spec.ts:8:18
            </failure>
        </testcase>
        <testcase classname="src/everything.spec.ts" name="describe 80 &gt; example test 90" time="0.000013875">
        </testcase>
        <testcase classname="src/everything.spec.ts" name="describe 80 &gt; example test 91" time="0.000061166">
            <failure message="expected true to be false // Object.is equality" type="AssertionError">
AssertionError: expected true to be false // Object.is equality

- Expected
+ Received

- false
+ true

 ❯ src/everything.spec.ts:8:18
            </failure>
        </testcase>
        <testcase classname="src/everything.spec.ts" name="describe 80 &gt; example test 92" time="0.000013625">
        </testcase>
        <testcase classname="src/everything.spec.ts" name="describe 80 &gt; example test 93" time="0.000060958">
            <failure message="expected true to be false // Object.is equality" type="AssertionError">
AssertionError: expected true to be false // Object.is equality

- Expected
+ Received

- false
+ true

 ❯ src/everything.spec.ts:8:18
            </failure>
        </testcase>
        <testcase classname="src/everything.spec.ts" name="describe 80 &gt; example test 94" time="0.000013625">
        </testcase>
        <testcase classname="src/everything.spec.ts" name="describe 80 &gt; example test 95" time="0.000061375">
            <failure message="expected true to be false // Object.is equality" type="AssertionError">
AssertionError: expected true to be false // Object.is equality

- Expected
+ Received

- false
+ true

 ❯ src/everything.spec.ts:8:18
            </failure>
        </testcase>
        <testcase classname="src/everything.spec.ts" name="describe 80 &gt; example test 96" time="0.000013667">
        </testcase>
        <testcase classname="src/everything.spec.ts" name="describe 80 &gt; example test 97" time="0.000060875">
            <failure message="expected true to be false // Object.is equality" type="AssertionError">
AssertionError: expected true to be false // Object.is equality

- Expected
+ Received

- false
+ true

 ❯ src/everything.spec.ts:8:18
            </failure>
        </testcase>
        <testcase classname="src/everything.spec.ts" name="describe 80 &gt; example test 98" time="0.000014291">
        </testcase>
        <testcase classname="src/everything.spec.ts" name="describe 80 &gt; example test 99" time="0.000064">
            <failure message="expected true to be false // Object.is equality" type="AssertionError">
AssertionError: expected true to be false // Object.is equality

- Expected
+ Received

- false
+ true

 ❯ src/everything.spec.ts:8:18
            </failure>
        </testcase>
        <testcase classname="src/everything.spec.ts" name="describe 80 &gt; example test 100" time="0.00001375">
        </testcase>
        <testcase classname="src/everything.spec.ts" name="describe 81 &gt; example test 1" time="0.000062">
            <failure message="expected true to be false // Object.is equality" type="AssertionError">
AssertionError: expected true to be false // Object.is equality

- Expected
+ Received

- false
+ true

 ❯ src/everything.spec.ts:8:18
            </failure>
        </testcase>
        <testcase classname="src/everything.spec.ts" name="describe 81 &gt; example test 2" time="0.000013875">
        </testcase>
        <testcase classname="src/everything.spec.ts" name="describe 81 &gt; example test 3" time="0.000063625">
            <failure message="expected true to be false // Object.is equality" type="AssertionError">
AssertionError: expected true to be false // Object.is equality

- Expected
+ Received

- false
+ true

 ❯ src/everything.spec.ts:8:18
            </failure>
        </testcase>
        <testcase classname="src/everything.spec.ts" name="describe 81 &gt; example test 4" time="0.00001375">
        </testcase>
        <testcase classname="src/everything.spec.ts" name="describe 81 &gt; example test 5" time="0.000061041">
            <failure message="expected true to be false // Object.is equality" type="AssertionError">
AssertionError: expected true to be false // Object.is equality

- Expected
+ Received

- false
+ true

 ❯ src/everything.spec.ts:8:18
            </failure>
        </testcase>
        <testcase classname="src/everything.spec.ts" name="describe 81 &gt; example test 6" time="0.000013458">
        </testcase>
        <testcase classname="src/everything.spec.ts" name="describe 81 &gt; example test 7" time="0.00006125">
            <failure message="expected true to be false // Object.is equality" type="AssertionError">
AssertionError: expected true to be false // Object.is equality

- Expected
+ Received

- false
+ true

 ❯ src/everything.spec.ts:8:18
            </failure>
        </testcase>
        <testcase classname="src/everything.spec.ts" name="describe 81 &gt; example test 8" time="0.000014">
        </testcase>
        <testcase classname="src/everything.spec.ts" name="describe 81 &gt; example test 9" time="0.000061084">
            <failure message="expected true to be false // Object.is equality" type="AssertionError">
AssertionError: expected true to be false // Object.is equality

- Expected
+ Received

- false
+ true

 ❯ src/everything.spec.ts:8:18
            </failure>
        </testcase>
        <testcase classname="src/everything.spec.ts" name="describe 81 &gt; example test 10" time="0.000013792">
        </testcase>
        <testcase classname="src/everything.spec.ts" name="describe 81 &gt; example test 11" time="0.000060875">
            <failure message="expected true to be false // Object.is equality" type="AssertionError">
AssertionError: expected true to be false // Object.is equality

- Expected
+ Received

- false
+ true

 ❯ src/everything.spec.ts:8:18
            </failure>
        </testcase>
        <testcase classname="src/everything.spec.ts" name="describe 81 &gt; example test 12" time="0.000013708">
        </testcase>
        <testcase classname="src/everything.spec.ts" name="describe 81 &gt; example test 13" time="0.000060334">
            <failure message="expected true to be false // Object.is equality" type="AssertionError">
AssertionError: expected true to be false // Object.is equality

- Expected
+ Received

- false
+ true

 ❯ src/everything.spec.ts:8:18
            </failure>
        </testcase>
        <testcase classname="src/everything.spec.ts" name="describe 81 &gt; example test 14" time="0.000013917">
        </testcase>
        <testcase classname="src/everything.spec.ts" name="describe 81 &gt; example test 15" time="0.000063833">
            <failure message="expected true to be false // Object.is equality" type="AssertionError">
AssertionError: expected true to be false // Object.is equality

- Expected
+ Received

- false
+ true

 ❯ src/everything.spec.ts:8:18
            </failure>
        </testcase>
        <testcase classname="src/everything.spec.ts" name="describe 81 &gt; example test 16" time="0.000013666">
        </testcase>
        <testcase classname="src/everything.spec.ts" name="describe 81 &gt; example test 17" time="0.000060208">
            <failure message="expected true to be false // Object.is equality" type="AssertionError">
AssertionError: expected true to be false // Object.is equality

- Expected
+ Received

- false
+ true

 ❯ src/everything.spec.ts:8:18
            </failure>
        </testcase>
        <testcase classname="src/everything.spec.ts" name="describe 81 &gt; example test 18" time="0.000013666">
        </testcase>
        <testcase classname="src/everything.spec.ts" name="describe 81 &gt; example test 19" time="0.000063166">
            <failure message="expected true to be false // Object.is equality" type="AssertionError">
AssertionError: expected true to be false // Object.is equality

- Expected
+ Received

- false
+ true

 ❯ src/everything.spec.ts:8:18
            </failure>
        </testcase>
        <testcase classname="src/everything.spec.ts" name="describe 81 &gt; example test 20" time="0.000013875">
        </testcase>
        <testcase classname="src/everything.spec.ts" name="describe 81 &gt; example test 21" time="0.000061375">
            <failure message="expected true to be false // Object.is equality" type="AssertionError">
AssertionError: expected true to be false // Object.is equality

- Expected
+ Received

- false
+ true

 ❯ src/everything.spec.ts:8:18
            </failure>
        </testcase>
        <testcase classname="src/everything.spec.ts" name="describe 81 &gt; example test 22" time="0.000013042">
        </testcase>
        <testcase classname="src/everything.spec.ts" name="describe 81 &gt; example test 23" time="0.000061542">
            <failure message="expected true to be false // Object.is equality" type="AssertionError">
AssertionError: expected true to be false // Object.is equality

- Expected
+ Received

- false
+ true

 ❯ src/everything.spec.ts:8:18
            </failure>
        </testcase>
        <testcase classname="src/everything.spec.ts" name="describe 81 &gt; example test 24" time="0.000013375">
        </testcase>
        <testcase classname="src/everything.spec.ts" name="describe 81 &gt; example test 25" time="0.0000605">
            <failure message="expected true to be false // Object.is equality" type="AssertionError">
AssertionError: expected true to be false // Object.is equality

- Expected
+ Received

- false
+ true

 ❯ src/everything.spec.ts:8:18
            </failure>
        </testcase>
        <testcase classname="src/everything.spec.ts" name="describe 81 &gt; example test 26" time="0.000013917">
        </testcase>
        <testcase classname="src/everything.spec.ts" name="describe 81 &gt; example test 27" time="0.000062792">
            <failure message="expected true to be false // Object.is equality" type="AssertionError">
AssertionError: expected true to be false // Object.is equality

- Expected
+ Received

- false
+ true

 ❯ src/everything.spec.ts:8:18
            </failure>
        </testcase>
        <testcase classname="src/everything.spec.ts" name="describe 81 &gt; example test 28" time="0.000013917">
        </testcase>
        <testcase classname="src/everything.spec.ts" name="describe 81 &gt; example test 29" time="0.000060084">
            <failure message="expected true to be false // Object.is equality" type="AssertionError">
AssertionError: expected true to be false // Object.is equality

- Expected
+ Received

- false
+ true

 ❯ src/everything.spec.ts:8:18
            </failure>
        </testcase>
        <testcase classname="src/everything.spec.ts" name="describe 81 &gt; example test 30" time="0.000013708">
        </testcase>
        <testcase classname="src/everything.spec.ts" name="describe 81 &gt; example test 31" time="0.000062583">
            <failure message="expected true to be false // Object.is equality" type="AssertionError">
AssertionError: expected true to be false // Object.is equality

- Expected
+ Received

- false
+ true

 ❯ src/everything.spec.ts:8:18
            </failure>
        </testcase>
        <testcase classname="src/everything.spec.ts" name="describe 81 &gt; example test 32" time="0.00001375">
        </testcase>
        <testcase classname="src/everything.spec.ts" name="describe 81 &gt; example test 33" time="0.000060375">
            <failure message="expected true to be false // Object.is equality" type="AssertionError">
AssertionError: expected true to be false // Object.is equality

- Expected
+ Received

- false
+ true

 ❯ src/everything.spec.ts:8:18
            </failure>
        </testcase>
        <testcase classname="src/everything.spec.ts" name="describe 81 &gt; example test 34" time="0.000013542">
        </testcase>
        <testcase classname="src/everything.spec.ts" name="describe 81 &gt; example test 35" time="0.000061416">
            <failure message="expected true to be false // Object.is equality" type="AssertionError">
AssertionError: expected true to be false // Object.is equality

- Expected
+ Received

- false
+ true

 ❯ src/everything.spec.ts:8:18
            </failure>
        </testcase>
        <testcase classname="src/everything.spec.ts" name="describe 81 &gt; example test 36" time="0.000014">
        </testcase>
        <testcase classname="src/everything.spec.ts" name="describe 81 &gt; example test 37" time="0.000060916">
            <failure message="expected true to be false // Object.is equality" type="AssertionError">
AssertionError: expected true to be false // Object.is equality

- Expected
+ Received

- false
+ true

 ❯ src/everything.spec.ts:8:18
            </failure>
        </testcase>
        <testcase classname="src/everything.spec.ts" name="describe 81 &gt; example test 38" time="0.000013709">
        </testcase>
        <testcase classname="src/everything.spec.ts" name="describe 81 &gt; example test 39" time="0.000064708">
            <failure message="expected true to be false // Object.is equality" type="AssertionError">
AssertionError: expected true to be false // Object.is equality

- Expected
+ Received

- false
+ true

 ❯ src/everything.spec.ts:8:18
            </failure>
        </testcase>
        <testcase classname="src/everything.spec.ts" name="describe 81 &gt; example test 40" time="0.000013875">
        </testcase>
        <testcase classname="src/everything.spec.ts" name="describe 81 &gt; example test 41" time="0.000060208">
            <failure message="expected true to be false // Object.is equality" type="AssertionError">
AssertionError: expected true to be false // Object.is equality

- Expected
+ Received

- false
+ true

 ❯ src/everything.spec.ts:8:18
            </failure>
        </testcase>
        <testcase classname="src/everything.spec.ts" name="describe 81 &gt; example test 42" time="0.000013666">
        </testcase>
        <testcase classname="src/everything.spec.ts" name="describe 81 &gt; example test 43" time="0.000063292">
            <failure message="expected true to be false // Object.is equality" type="AssertionError">
AssertionError: expected true to be false // Object.is equality

- Expected
+ Received

- false
+ true

 ❯ src/everything.spec.ts:8:18
            </failure>
        </testcase>
        <testcase classname="src/everything.spec.ts" name="describe 81 &gt; example test 44" time="0.000013791">
        </testcase>
        <testcase classname="src/everything.spec.ts" name="describe 81 &gt; example test 45" time="0.000060541">
            <failure message="expected true to be false // Object.is equality" type="AssertionError">
AssertionError: expected true to be false // Object.is equality

- Expected
+ Received

- false
+ true

 ❯ src/everything.spec.ts:8:18
            </failure>
        </testcase>
        <testcase classname="src/everything.spec.ts" name="describe 81 &gt; example test 46" time="0.000013458">
        </testcase>
        <testcase classname="src/everything.spec.ts" name="describe 81 &gt; example test 47" time="0.000060791">
            <failure message="expected true to be false // Object.is equality" type="AssertionError">
AssertionError: expected true to be false // Object.is equality

- Expected
+ Received

- false
+ true

 ❯ src/everything.spec.ts:8:18
            </failure>
        </testcase>
        <testcase classname="src/everything.spec.ts" name="describe 81 &gt; example test 48" time="0.000013125">
        </testcase>
        <testcase classname="src/everything.spec.ts" name="describe 81 &gt; example test 49" time="0.000060291">
            <failure message="expected true to be false // Object.is equality" type="AssertionError">
AssertionError: expected true to be false // Object.is equality

- Expected
+ Received

- false
+ true

 ❯ src/everything.spec.ts:8:18
            </failure>
        </testcase>
        <testcase classname="src/everything.spec.ts" name="describe 81 &gt; example test 50" time="0.000013792">
        </testcase>
        <testcase classname="src/everything.spec.ts" name="describe 81 &gt; example test 51" time="0.000060209">
            <failure message="expected true to be false // Object.is equality" type="AssertionError">
AssertionError: expected true to be false // Object.is equality

- Expected
+ Received

- false
+ true

 ❯ src/everything.spec.ts:8:18
            </failure>
        </testcase>
        <testcase classname="src/everything.spec.ts" name="describe 81 &gt; example test 52" time="0.000013917">
        </testcase>
        <testcase classname="src/everything.spec.ts" name="describe 81 &gt; example test 53" time="0.000059875">
            <failure message="expected true to be false // Object.is equality" type="AssertionError">
AssertionError: expected true to be false // Object.is equality

- Expected
+ Received

- false
+ true

 ❯ src/everything.spec.ts:8:18
            </failure>
        </testcase>
        <testcase classname="src/everything.spec.ts" name="describe 81 &gt; example test 54" time="0.000013667">
        </testcase>
        <testcase classname="src/everything.spec.ts" name="describe 81 &gt; example test 55" time="0.00006125">
            <failure message="expected true to be false // Object.is equality" type="AssertionError">
AssertionError: expected true to be false // Object.is equality

- Expected
+ Received

- false
+ true

 ❯ src/everything.spec.ts:8:18
            </failure>
        </testcase>
        <testcase classname="src/everything.spec.ts" name="describe 81 &gt; example test 56" time="0.000013208">
        </testcase>
        <testcase classname="src/everything.spec.ts" name="describe 81 &gt; example test 57" time="0.000060167">
            <failure message="expected true to be false // Object.is equality" type="AssertionError">
AssertionError: expected true to be false // Object.is equality

- Expected
+ Received

- false
+ true

 ❯ src/everything.spec.ts:8:18
            </failure>
        </testcase>
        <testcase classname="src/everything.spec.ts" name="describe 81 &gt; example test 58" time="0.000013625">
        </testcase>
        <testcase classname="src/everything.spec.ts" name="describe 81 &gt; example test 59" time="0.000061459">
            <failure message="expected true to be false // Object.is equality" type="AssertionError">
AssertionError: expected true to be false // Object.is equality

- Expected
+ Received

- false
+ true

 ❯ src/everything.spec.ts:8:18
            </failure>
        </testcase>
        <testcase classname="src/everything.spec.ts" name="describe 81 &gt; example test 60" time="0.000013708">
        </testcase>
        <testcase classname="src/everything.spec.ts" name="describe 81 &gt; example test 61" time="0.000060583">
            <failure message="expected true to be false // Object.is equality" type="AssertionError">
AssertionError: expected true to be false // Object.is equality

- Expected
+ Received

- false
+ true

 ❯ src/everything.spec.ts:8:18
            </failure>
        </testcase>
        <testcase classname="src/everything.spec.ts" name="describe 81 &gt; example test 62" time="0.000013833">
        </testcase>
        <testcase classname="src/everything.spec.ts" name="describe 81 &gt; example test 63" time="0.00006125">
            <failure message="expected true to be false // Object.is equality" type="AssertionError">
AssertionError: expected true to be false // Object.is equality

- Expected
+ Received

- false
+ true

 ❯ src/everything.spec.ts:8:18
            </failure>
        </testcase>
        <testcase classname="src/everything.spec.ts" name="describe 81 &gt; example test 64" time="0.000013708">
        </testcase>
        <testcase classname="src/everything.spec.ts" name="describe 81 &gt; example test 65" time="0.000060583">
            <failure message="expected true to be false // Object.is equality" type="AssertionError">
AssertionError: expected true to be false // Object.is equality

- Expected
+ Received

- false
+ true

 ❯ src/everything.spec.ts:8:18
            </failure>
        </testcase>
        <testcase classname="src/everything.spec.ts" name="describe 81 &gt; example test 66" time="0.000013875">
        </testcase>
        <testcase classname="src/everything.spec.ts" name="describe 81 &gt; example test 67" time="0.000061208">
            <failure message="expected true to be false // Object.is equality" type="AssertionError">
AssertionError: expected true to be false // Object.is equality

- Expected
+ Received

- false
+ true

 ❯ src/everything.spec.ts:8:18
            </failure>
        </testcase>
        <testcase classname="src/everything.spec.ts" name="describe 81 &gt; example test 68" time="0.000013333">
        </testcase>
        <testcase classname="src/everything.spec.ts" name="describe 81 &gt; example test 69" time="0.000060625">
            <failure message="expected true to be false // Object.is equality" type="AssertionError">
AssertionError: expected true to be false // Object.is equality

- Expected
+ Received

- false
+ true

 ❯ src/everything.spec.ts:8:18
            </failure>
        </testcase>
        <testcase classname="src/everything.spec.ts" name="describe 81 &gt; example test 70" time="0.000014417">
        </testcase>
        <testcase classname="src/everything.spec.ts" name="describe 81 &gt; example test 71" time="0.000061084">
            <failure message="expected true to be false // Object.is equality" type="AssertionError">
AssertionError: expected true to be false // Object.is equality

- Expected
+ Received

- false
+ true

 ❯ src/everything.spec.ts:8:18
            </failure>
        </testcase>
        <testcase classname="src/everything.spec.ts" name="describe 81 &gt; example test 72" time="0.000014083">
        </testcase>
        <testcase classname="src/everything.spec.ts" name="describe 81 &gt; example test 73" time="0.000060459">
            <failure message="expected true to be false // Object.is equality" type="AssertionError">
AssertionError: expected true to be false // Object.is equality

- Expected
+ Received

- false
+ true

 ❯ src/everything.spec.ts:8:18
            </failure>
        </testcase>
        <testcase classname="src/everything.spec.ts" name="describe 81 &gt; example test 74" time="0.000014084">
        </testcase>
        <testcase classname="src/everything.spec.ts" name="describe 81 &gt; example test 75" time="0.00006">
            <failure message="expected true to be false // Object.is equality" type="AssertionError">
AssertionError: expected true to be false // Object.is equality

- Expected
+ Received

- false
+ true

 ❯ src/everything.spec.ts:8:18
            </failure>
        </testcase>
        <testcase classname="src/everything.spec.ts" name="describe 81 &gt; example test 76" time="0.000014042">
        </testcase>
        <testcase classname="src/everything.spec.ts" name="describe 81 &gt; example test 77" time="0.000060583">
            <failure message="expected true to be false // Object.is equality" type="AssertionError">
AssertionError: expected true to be false // Object.is equality

- Expected
+ Received

- false
+ true

 ❯ src/everything.spec.ts:8:18
            </failure>
        </testcase>
        <testcase classname="src/everything.spec.ts" name="describe 81 &gt; example test 78" time="0.000014625">
        </testcase>
        <testcase classname="src/everything.spec.ts" name="describe 81 &gt; example test 79" time="0.000061">
            <failure message="expected true to be false // Object.is equality" type="AssertionError">
AssertionError: expected true to be false // Object.is equality

- Expected
+ Received

- false
+ true

 ❯ src/everything.spec.ts:8:18
            </failure>
        </testcase>
        <testcase classname="src/everything.spec.ts" name="describe 81 &gt; example test 80" time="0.000014">
        </testcase>
        <testcase classname="src/everything.spec.ts" name="describe 81 &gt; example test 81" time="0.000060292">
            <failure message="expected true to be false // Object.is equality" type="AssertionError">
AssertionError: expected true to be false // Object.is equality

- Expected
+ Received

- false
+ true

 ❯ src/everything.spec.ts:8:18
            </failure>
        </testcase>
        <testcase classname="src/everything.spec.ts" name="describe 81 &gt; example test 82" time="0.000014125">
        </testcase>
        <testcase classname="src/everything.spec.ts" name="describe 81 &gt; example test 83" time="0.000060584">
            <failure message="expected true to be false // Object.is equality" type="AssertionError">
AssertionError: expected true to be false // Object.is equality

- Expected
+ Received

- false
+ true

 ❯ src/everything.spec.ts:8:18
            </failure>
        </testcase>
        <testcase classname="src/everything.spec.ts" name="describe 81 &gt; example test 84" time="0.000016042">
        </testcase>
        <testcase classname="src/everything.spec.ts" name="describe 81 &gt; example test 85" time="0.000060875">
            <failure message="expected true to be false // Object.is equality" type="AssertionError">
AssertionError: expected true to be false // Object.is equality

- Expected
+ Received

- false
+ true

 ❯ src/everything.spec.ts:8:18
            </failure>
        </testcase>
        <testcase classname="src/everything.spec.ts" name="describe 81 &gt; example test 86" time="0.000014291">
        </testcase>
        <testcase classname="src/everything.spec.ts" name="describe 81 &gt; example test 87" time="0.000060917">
            <failure message="expected true to be false // Object.is equality" type="AssertionError">
AssertionError: expected true to be false // Object.is equality

- Expected
+ Received

- false
+ true

 ❯ src/everything.spec.ts:8:18
            </failure>
        </testcase>
        <testcase classname="src/everything.spec.ts" name="describe 81 &gt; example test 88" time="0.000013542">
        </testcase>
        <testcase classname="src/everything.spec.ts" name="describe 81 &gt; example test 89" time="0.000060917">
            <failure message="expected true to be false // Object.is equality" type="AssertionError">
AssertionError: expected true to be false // Object.is equality

- Expected
+ Received

- false
+ true

 ❯ src/everything.spec.ts:8:18
            </failure>
        </testcase>
        <testcase classname="src/everything.spec.ts" name="describe 81 &gt; example test 90" time="0.00036875">
        </testcase>
        <testcase classname="src/everything.spec.ts" name="describe 81 &gt; example test 91" time="0.00007925">
            <failure message="expected true to be false // Object.is equality" type="AssertionError">
AssertionError: expected true to be false // Object.is equality

- Expected
+ Received

- false
+ true

 ❯ src/everything.spec.ts:8:18
            </failure>
        </testcase>
        <testcase classname="src/everything.spec.ts" name="describe 81 &gt; example test 92" time="0.00001475">
        </testcase>
        <testcase classname="src/everything.spec.ts" name="describe 81 &gt; example test 93" time="0.000061583">
            <failure message="expected true to be false // Object.is equality" type="AssertionError">
AssertionError: expected true to be false // Object.is equality

- Expected
+ Received

- false
+ true

 ❯ src/everything.spec.ts:8:18
            </failure>
        </testcase>
        <testcase classname="src/everything.spec.ts" name="describe 81 &gt; example test 94" time="0.000014167">
        </testcase>
        <testcase classname="src/everything.spec.ts" name="describe 81 &gt; example test 95" time="0.000071417">
            <failure message="expected true to be false // Object.is equality" type="AssertionError">
AssertionError: expected true to be false // Object.is equality

- Expected
+ Received

- false
+ true

 ❯ src/everything.spec.ts:8:18
            </failure>
        </testcase>
        <testcase classname="src/everything.spec.ts" name="describe 81 &gt; example test 96" time="0.000014208">
        </testcase>
        <testcase classname="src/everything.spec.ts" name="describe 81 &gt; example test 97" time="0.000060959">
            <failure message="expected true to be false // Object.is equality" type="AssertionError">
AssertionError: expected true to be false // Object.is equality

- Expected
+ Received

- false
+ true

 ❯ src/everything.spec.ts:8:18
            </failure>
        </testcase>
        <testcase classname="src/everything.spec.ts" name="describe 81 &gt; example test 98" time="0.000014167">
        </testcase>
        <testcase classname="src/everything.spec.ts" name="describe 81 &gt; example test 99" time="0.0000635">
            <failure message="expected true to be false // Object.is equality" type="AssertionError">
AssertionError: expected true to be false // Object.is equality

- Expected
+ Received

- false
+ true

 ❯ src/everything.spec.ts:8:18
            </failure>
        </testcase>
        <testcase classname="src/everything.spec.ts" name="describe 81 &gt; example test 100" time="0.000014125">
        </testcase>
        <testcase classname="src/everything.spec.ts" name="describe 82 &gt; example test 1" time="0.000062083">
            <failure message="expected true to be false // Object.is equality" type="AssertionError">
AssertionError: expected true to be false // Object.is equality

- Expected
+ Received

- false
+ true

 ❯ src/everything.spec.ts:8:18
            </failure>
        </testcase>
        <testcase classname="src/everything.spec.ts" name="describe 82 &gt; example test 2" time="0.000014083">
        </testcase>
        <testcase classname="src/everything.spec.ts" name="describe 82 &gt; example test 3" time="0.00006175">
            <failure message="expected true to be false // Object.is equality" type="AssertionError">
AssertionError: expected true to be false // Object.is equality

- Expected
+ Received

- false
+ true

 ❯ src/everything.spec.ts:8:18
            </failure>
        </testcase>
        <testcase classname="src/everything.spec.ts" name="describe 82 &gt; example test 4" time="0.00001375">
        </testcase>
        <testcase classname="src/everything.spec.ts" name="describe 82 &gt; example test 5" time="0.000066">
            <failure message="expected true to be false // Object.is equality" type="AssertionError">
AssertionError: expected true to be false // Object.is equality

- Expected
+ Received

- false
+ true

 ❯ src/everything.spec.ts:8:18
            </failure>
        </testcase>
        <testcase classname="src/everything.spec.ts" name="describe 82 &gt; example test 6" time="0.000013792">
        </testcase>
        <testcase classname="src/everything.spec.ts" name="describe 82 &gt; example test 7" time="0.000063833">
            <failure message="expected true to be false // Object.is equality" type="AssertionError">
AssertionError: expected true to be false // Object.is equality

- Expected
+ Received

- false
+ true

 ❯ src/everything.spec.ts:8:18
            </failure>
        </testcase>
        <testcase classname="src/everything.spec.ts" name="describe 82 &gt; example test 8" time="0.000013958">
        </testcase>
        <testcase classname="src/everything.spec.ts" name="describe 82 &gt; example test 9" time="0.000061125">
            <failure message="expected true to be false // Object.is equality" type="AssertionError">
AssertionError: expected true to be false // Object.is equality

- Expected
+ Received

- false
+ true

 ❯ src/everything.spec.ts:8:18
            </failure>
        </testcase>
        <testcase classname="src/everything.spec.ts" name="describe 82 &gt; example test 10" time="0.000013833">
        </testcase>
        <testcase classname="src/everything.spec.ts" name="describe 82 &gt; example test 11" time="0.000061208">
            <failure message="expected true to be false // Object.is equality" type="AssertionError">
AssertionError: expected true to be false // Object.is equality

- Expected
+ Received

- false
+ true

 ❯ src/everything.spec.ts:8:18
            </failure>
        </testcase>
        <testcase classname="src/everything.spec.ts" name="describe 82 &gt; example test 12" time="0.000013625">
        </testcase>
        <testcase classname="src/everything.spec.ts" name="describe 82 &gt; example test 13" time="0.000061084">
            <failure message="expected true to be false // Object.is equality" type="AssertionError">
AssertionError: expected true to be false // Object.is equality

- Expected
+ Received

- false
+ true

 ❯ src/everything.spec.ts:8:18
            </failure>
        </testcase>
        <testcase classname="src/everything.spec.ts" name="describe 82 &gt; example test 14" time="0.000014083">
        </testcase>
        <testcase classname="src/everything.spec.ts" name="describe 82 &gt; example test 15" time="0.000067083">
            <failure message="expected true to be false // Object.is equality" type="AssertionError">
AssertionError: expected true to be false // Object.is equality

- Expected
+ Received

- false
+ true

 ❯ src/everything.spec.ts:8:18
            </failure>
        </testcase>
        <testcase classname="src/everything.spec.ts" name="describe 82 &gt; example test 16" time="0.000013875">
        </testcase>
        <testcase classname="src/everything.spec.ts" name="describe 82 &gt; example test 17" time="0.000060708">
            <failure message="expected true to be false // Object.is equality" type="AssertionError">
AssertionError: expected true to be false // Object.is equality

- Expected
+ Received

- false
+ true

 ❯ src/everything.spec.ts:8:18
            </failure>
        </testcase>
        <testcase classname="src/everything.spec.ts" name="describe 82 &gt; example test 18" time="0.000014666">
        </testcase>
        <testcase classname="src/everything.spec.ts" name="describe 82 &gt; example test 19" time="0.000060084">
            <failure message="expected true to be false // Object.is equality" type="AssertionError">
AssertionError: expected true to be false // Object.is equality

- Expected
+ Received

- false
+ true

 ❯ src/everything.spec.ts:8:18
            </failure>
        </testcase>
        <testcase classname="src/everything.spec.ts" name="describe 82 &gt; example test 20" time="0.000014">
        </testcase>
        <testcase classname="src/everything.spec.ts" name="describe 82 &gt; example test 21" time="0.000063042">
            <failure message="expected true to be false // Object.is equality" type="AssertionError">
AssertionError: expected true to be false // Object.is equality

- Expected
+ Received

- false
+ true

 ❯ src/everything.spec.ts:8:18
            </failure>
        </testcase>
        <testcase classname="src/everything.spec.ts" name="describe 82 &gt; example test 22" time="0.000014417">
        </testcase>
        <testcase classname="src/everything.spec.ts" name="describe 82 &gt; example test 23" time="0.000062625">
            <failure message="expected true to be false // Object.is equality" type="AssertionError">
AssertionError: expected true to be false // Object.is equality

- Expected
+ Received

- false
+ true

 ❯ src/everything.spec.ts:8:18
            </failure>
        </testcase>
        <testcase classname="src/everything.spec.ts" name="describe 82 &gt; example test 24" time="0.000014708">
        </testcase>
        <testcase classname="src/everything.spec.ts" name="describe 82 &gt; example test 25" time="0.000065875">
            <failure message="expected true to be false // Object.is equality" type="AssertionError">
AssertionError: expected true to be false // Object.is equality

- Expected
+ Received

- false
+ true

 ❯ src/everything.spec.ts:8:18
            </failure>
        </testcase>
        <testcase classname="src/everything.spec.ts" name="describe 82 &gt; example test 26" time="0.000014541">
        </testcase>
        <testcase classname="src/everything.spec.ts" name="describe 82 &gt; example test 27" time="0.000061125">
            <failure message="expected true to be false // Object.is equality" type="AssertionError">
AssertionError: expected true to be false // Object.is equality

- Expected
+ Received

- false
+ true

 ❯ src/everything.spec.ts:8:18
            </failure>
        </testcase>
        <testcase classname="src/everything.spec.ts" name="describe 82 &gt; example test 28" time="0.000013917">
        </testcase>
        <testcase classname="src/everything.spec.ts" name="describe 82 &gt; example test 29" time="0.000060791">
            <failure message="expected true to be false // Object.is equality" type="AssertionError">
AssertionError: expected true to be false // Object.is equality

- Expected
+ Received

- false
+ true

 ❯ src/everything.spec.ts:8:18
            </failure>
        </testcase>
        <testcase classname="src/everything.spec.ts" name="describe 82 &gt; example test 30" time="0.000014375">
        </testcase>
        <testcase classname="src/everything.spec.ts" name="describe 82 &gt; example test 31" time="0.00006375">
            <failure message="expected true to be false // Object.is equality" type="AssertionError">
AssertionError: expected true to be false // Object.is equality

- Expected
+ Received

- false
+ true

 ❯ src/everything.spec.ts:8:18
            </failure>
        </testcase>
        <testcase classname="src/everything.spec.ts" name="describe 82 &gt; example test 32" time="0.000014334">
        </testcase>
        <testcase classname="src/everything.spec.ts" name="describe 82 &gt; example test 33" time="0.000061084">
            <failure message="expected true to be false // Object.is equality" type="AssertionError">
AssertionError: expected true to be false // Object.is equality

- Expected
+ Received

- false
+ true

 ❯ src/everything.spec.ts:8:18
            </failure>
        </testcase>
        <testcase classname="src/everything.spec.ts" name="describe 82 &gt; example test 34" time="0.0000165">
        </testcase>
        <testcase classname="src/everything.spec.ts" name="describe 82 &gt; example test 35" time="0.000060875">
            <failure message="expected true to be false // Object.is equality" type="AssertionError">
AssertionError: expected true to be false // Object.is equality

- Expected
+ Received

- false
+ true

 ❯ src/everything.spec.ts:8:18
            </failure>
        </testcase>
        <testcase classname="src/everything.spec.ts" name="describe 82 &gt; example test 36" time="0.000013625">
        </testcase>
        <testcase classname="src/everything.spec.ts" name="describe 82 &gt; example test 37" time="0.000060958">
            <failure message="expected true to be false // Object.is equality" type="AssertionError">
AssertionError: expected true to be false // Object.is equality

- Expected
+ Received

- false
+ true

 ❯ src/everything.spec.ts:8:18
            </failure>
        </testcase>
        <testcase classname="src/everything.spec.ts" name="describe 82 &gt; example test 38" time="0.000013959">
        </testcase>
        <testcase classname="src/everything.spec.ts" name="describe 82 &gt; example test 39" time="0.000060875">
            <failure message="expected true to be false // Object.is equality" type="AssertionError">
AssertionError: expected true to be false // Object.is equality

- Expected
+ Received

- false
+ true

 ❯ src/everything.spec.ts:8:18
            </failure>
        </testcase>
        <testcase classname="src/everything.spec.ts" name="describe 82 &gt; example test 40" time="0.000016584">
        </testcase>
        <testcase classname="src/everything.spec.ts" name="describe 82 &gt; example test 41" time="0.000060375">
            <failure message="expected true to be false // Object.is equality" type="AssertionError">
AssertionError: expected true to be false // Object.is equality

- Expected
+ Received

- false
+ true

 ❯ src/everything.spec.ts:8:18
            </failure>
        </testcase>
        <testcase classname="src/everything.spec.ts" name="describe 82 &gt; example test 42" time="0.000014708">
        </testcase>
        <testcase classname="src/everything.spec.ts" name="describe 82 &gt; example test 43" time="0.000060541">
            <failure message="expected true to be false // Object.is equality" type="AssertionError">
AssertionError: expected true to be false // Object.is equality

- Expected
+ Received

- false
+ true

 ❯ src/everything.spec.ts:8:18
            </failure>
        </testcase>
        <testcase classname="src/everything.spec.ts" name="describe 82 &gt; example test 44" time="0.000014125">
        </testcase>
        <testcase classname="src/everything.spec.ts" name="describe 82 &gt; example test 45" time="0.000060375">
            <failure message="expected true to be false // Object.is equality" type="AssertionError">
AssertionError: expected true to be false // Object.is equality

- Expected
+ Received

- false
+ true

 ❯ src/everything.spec.ts:8:18
            </failure>
        </testcase>
        <testcase classname="src/everything.spec.ts" name="describe 82 &gt; example test 46" time="0.000014041">
        </testcase>
        <testcase classname="src/everything.spec.ts" name="describe 82 &gt; example test 47" time="0.000060333">
            <failure message="expected true to be false // Object.is equality" type="AssertionError">
AssertionError: expected true to be false // Object.is equality

- Expected
+ Received

- false
+ true

 ❯ src/everything.spec.ts:8:18
            </failure>
        </testcase>
        <testcase classname="src/everything.spec.ts" name="describe 82 &gt; example test 48" time="0.000013709">
        </testcase>
        <testcase classname="src/everything.spec.ts" name="describe 82 &gt; example test 49" time="0.000060458">
            <failure message="expected true to be false // Object.is equality" type="AssertionError">
AssertionError: expected true to be false // Object.is equality

- Expected
+ Received

- false
+ true

 ❯ src/everything.spec.ts:8:18
            </failure>
        </testcase>
        <testcase classname="src/everything.spec.ts" name="describe 82 &gt; example test 50" time="0.000013958">
        </testcase>
        <testcase classname="src/everything.spec.ts" name="describe 82 &gt; example test 51" time="0.000061083">
            <failure message="expected true to be false // Object.is equality" type="AssertionError">
AssertionError: expected true to be false // Object.is equality

- Expected
+ Received

- false
+ true

 ❯ src/everything.spec.ts:8:18
            </failure>
        </testcase>
        <testcase classname="src/everything.spec.ts" name="describe 82 &gt; example test 52" time="0.000014042">
        </testcase>
        <testcase classname="src/everything.spec.ts" name="describe 82 &gt; example test 53" time="0.000063625">
            <failure message="expected true to be false // Object.is equality" type="AssertionError">
AssertionError: expected true to be false // Object.is equality

- Expected
+ Received

- false
+ true

 ❯ src/everything.spec.ts:8:18
            </failure>
        </testcase>
        <testcase classname="src/everything.spec.ts" name="describe 82 &gt; example test 54" time="0.000015333">
        </testcase>
        <testcase classname="src/everything.spec.ts" name="describe 82 &gt; example test 55" time="0.000060541">
            <failure message="expected true to be false // Object.is equality" type="AssertionError">
AssertionError: expected true to be false // Object.is equality

- Expected
+ Received

- false
+ true

 ❯ src/everything.spec.ts:8:18
            </failure>
        </testcase>
        <testcase classname="src/everything.spec.ts" name="describe 82 &gt; example test 56" time="0.000013708">
        </testcase>
        <testcase classname="src/everything.spec.ts" name="describe 82 &gt; example test 57" time="0.000061333">
            <failure message="expected true to be false // Object.is equality" type="AssertionError">
AssertionError: expected true to be false // Object.is equality

- Expected
+ Received

- false
+ true

 ❯ src/everything.spec.ts:8:18
            </failure>
        </testcase>
        <testcase classname="src/everything.spec.ts" name="describe 82 &gt; example test 58" time="0.000013834">
        </testcase>
        <testcase classname="src/everything.spec.ts" name="describe 82 &gt; example test 59" time="0.000060291">
            <failure message="expected true to be false // Object.is equality" type="AssertionError">
AssertionError: expected true to be false // Object.is equality

- Expected
+ Received

- false
+ true

 ❯ src/everything.spec.ts:8:18
            </failure>
        </testcase>
        <testcase classname="src/everything.spec.ts" name="describe 82 &gt; example test 60" time="0.000014125">
        </testcase>
        <testcase classname="src/everything.spec.ts" name="describe 82 &gt; example test 61" time="0.000061292">
            <failure message="expected true to be false // Object.is equality" type="AssertionError">
AssertionError: expected true to be false // Object.is equality

- Expected
+ Received

- false
+ true

 ❯ src/everything.spec.ts:8:18
            </failure>
        </testcase>
        <testcase classname="src/everything.spec.ts" name="describe 82 &gt; example test 62" time="0.00001375">
        </testcase>
        <testcase classname="src/everything.spec.ts" name="describe 82 &gt; example test 63" time="0.000060667">
            <failure message="expected true to be false // Object.is equality" type="AssertionError">
AssertionError: expected true to be false // Object.is equality

- Expected
+ Received

- false
+ true

 ❯ src/everything.spec.ts:8:18
            </failure>
        </testcase>
        <testcase classname="src/everything.spec.ts" name="describe 82 &gt; example test 64" time="0.00001375">
        </testcase>
        <testcase classname="src/everything.spec.ts" name="describe 82 &gt; example test 65" time="0.000061167">
            <failure message="expected true to be false // Object.is equality" type="AssertionError">
AssertionError: expected true to be false // Object.is equality

- Expected
+ Received

- false
+ true

 ❯ src/everything.spec.ts:8:18
            </failure>
        </testcase>
        <testcase classname="src/everything.spec.ts" name="describe 82 &gt; example test 66" time="0.000013125">
        </testcase>
        <testcase classname="src/everything.spec.ts" name="describe 82 &gt; example test 67" time="0.000062042">
            <failure message="expected true to be false // Object.is equality" type="AssertionError">
AssertionError: expected true to be false // Object.is equality

- Expected
+ Received

- false
+ true

 ❯ src/everything.spec.ts:8:18
            </failure>
        </testcase>
        <testcase classname="src/everything.spec.ts" name="describe 82 &gt; example test 68" time="0.000013542">
        </testcase>
        <testcase classname="src/everything.spec.ts" name="describe 82 &gt; example test 69" time="0.000061125">
            <failure message="expected true to be false // Object.is equality" type="AssertionError">
AssertionError: expected true to be false // Object.is equality

- Expected
+ Received

- false
+ true

 ❯ src/everything.spec.ts:8:18
            </failure>
        </testcase>
        <testcase classname="src/everything.spec.ts" name="describe 82 &gt; example test 70" time="0.00001375">
        </testcase>
        <testcase classname="src/everything.spec.ts" name="describe 82 &gt; example test 71" time="0.00006075">
            <failure message="expected true to be false // Object.is equality" type="AssertionError">
AssertionError: expected true to be false // Object.is equality

- Expected
+ Received

- false
+ true

 ❯ src/everything.spec.ts:8:18
            </failure>
        </testcase>
        <testcase classname="src/everything.spec.ts" name="describe 82 &gt; example test 72" time="0.000016375">
        </testcase>
        <testcase classname="src/everything.spec.ts" name="describe 82 &gt; example test 73" time="0.000060959">
            <failure message="expected true to be false // Object.is equality" type="AssertionError">
AssertionError: expected true to be false // Object.is equality

- Expected
+ Received

- false
+ true

 ❯ src/everything.spec.ts:8:18
            </failure>
        </testcase>
        <testcase classname="src/everything.spec.ts" name="describe 82 &gt; example test 74" time="0.000013458">
        </testcase>
        <testcase classname="src/everything.spec.ts" name="describe 82 &gt; example test 75" time="0.000060459">
            <failure message="expected true to be false // Object.is equality" type="AssertionError">
AssertionError: expected true to be false // Object.is equality

- Expected
+ Received

- false
+ true

 ❯ src/everything.spec.ts:8:18
            </failure>
        </testcase>
        <testcase classname="src/everything.spec.ts" name="describe 82 &gt; example test 76" time="0.000013875">
        </testcase>
        <testcase classname="src/everything.spec.ts" name="describe 82 &gt; example test 77" time="0.000061458">
            <failure message="expected true to be false // Object.is equality" type="AssertionError">
AssertionError: expected true to be false // Object.is equality

- Expected
+ Received

- false
+ true

 ❯ src/everything.spec.ts:8:18
            </failure>
        </testcase>
        <testcase classname="src/everything.spec.ts" name="describe 82 &gt; example test 78" time="0.000014167">
        </testcase>
        <testcase classname="src/everything.spec.ts" name="describe 82 &gt; example test 79" time="0.000062708">
            <failure message="expected true to be false // Object.is equality" type="AssertionError">
AssertionError: expected true to be false // Object.is equality

- Expected
+ Received

- false
+ true

 ❯ src/everything.spec.ts:8:18
            </failure>
        </testcase>
        <testcase classname="src/everything.spec.ts" name="describe 82 &gt; example test 80" time="0.000014042">
        </testcase>
        <testcase classname="src/everything.spec.ts" name="describe 82 &gt; example test 81" time="0.000061541">
            <failure message="expected true to be false // Object.is equality" type="AssertionError">
AssertionError: expected true to be false // Object.is equality

- Expected
+ Received

- false
+ true

 ❯ src/everything.spec.ts:8:18
            </failure>
        </testcase>
        <testcase classname="src/everything.spec.ts" name="describe 82 &gt; example test 82" time="0.000013833">
        </testcase>
        <testcase classname="src/everything.spec.ts" name="describe 82 &gt; example test 83" time="0.000061042">
            <failure message="expected true to be false // Object.is equality" type="AssertionError">
AssertionError: expected true to be false // Object.is equality

- Expected
+ Received

- false
+ true

 ❯ src/everything.spec.ts:8:18
            </failure>
        </testcase>
        <testcase classname="src/everything.spec.ts" name="describe 82 &gt; example test 84" time="0.000013875">
        </testcase>
        <testcase classname="src/everything.spec.ts" name="describe 82 &gt; example test 85" time="0.000063583">
            <failure message="expected true to be false // Object.is equality" type="AssertionError">
AssertionError: expected true to be false // Object.is equality

- Expected
+ Received

- false
+ true

 ❯ src/everything.spec.ts:8:18
            </failure>
        </testcase>
        <testcase classname="src/everything.spec.ts" name="describe 82 &gt; example test 86" time="0.000013375">
        </testcase>
        <testcase classname="src/everything.spec.ts" name="describe 82 &gt; example test 87" time="0.000062042">
            <failure message="expected true to be false // Object.is equality" type="AssertionError">
AssertionError: expected true to be false // Object.is equality

- Expected
+ Received

- false
+ true

 ❯ src/everything.spec.ts:8:18
            </failure>
        </testcase>
        <testcase classname="src/everything.spec.ts" name="describe 82 &gt; example test 88" time="0.000013958">
        </testcase>
        <testcase classname="src/everything.spec.ts" name="describe 82 &gt; example test 89" time="0.000060583">
            <failure message="expected true to be false // Object.is equality" type="AssertionError">
AssertionError: expected true to be false // Object.is equality

- Expected
+ Received

- false
+ true

 ❯ src/everything.spec.ts:8:18
            </failure>
        </testcase>
        <testcase classname="src/everything.spec.ts" name="describe 82 &gt; example test 90" time="0.000013791">
        </testcase>
        <testcase classname="src/everything.spec.ts" name="describe 82 &gt; example test 91" time="0.000060584">
            <failure message="expected true to be false // Object.is equality" type="AssertionError">
AssertionError: expected true to be false // Object.is equality

- Expected
+ Received

- false
+ true

 ❯ src/everything.spec.ts:8:18
            </failure>
        </testcase>
        <testcase classname="src/everything.spec.ts" name="describe 82 &gt; example test 92" time="0.000014042">
        </testcase>
        <testcase classname="src/everything.spec.ts" name="describe 82 &gt; example test 93" time="0.000061">
            <failure message="expected true to be false // Object.is equality" type="AssertionError">
AssertionError: expected true to be false // Object.is equality

- Expected
+ Received

- false
+ true

 ❯ src/everything.spec.ts:8:18
            </failure>
        </testcase>
        <testcase classname="src/everything.spec.ts" name="describe 82 &gt; example test 94" time="0.000014041">
        </testcase>
        <testcase classname="src/everything.spec.ts" name="describe 82 &gt; example test 95" time="0.000060458">
            <failure message="expected true to be false // Object.is equality" type="AssertionError">
AssertionError: expected true to be false // Object.is equality

- Expected
+ Received

- false
+ true

 ❯ src/everything.spec.ts:8:18
            </failure>
        </testcase>
        <testcase classname="src/everything.spec.ts" name="describe 82 &gt; example test 96" time="0.000014166">
        </testcase>
        <testcase classname="src/everything.spec.ts" name="describe 82 &gt; example test 97" time="0.000061917">
            <failure message="expected true to be false // Object.is equality" type="AssertionError">
AssertionError: expected true to be false // Object.is equality

- Expected
+ Received

- false
+ true

 ❯ src/everything.spec.ts:8:18
            </failure>
        </testcase>
        <testcase classname="src/everything.spec.ts" name="describe 82 &gt; example test 98" time="0.000015917">
        </testcase>
        <testcase classname="src/everything.spec.ts" name="describe 82 &gt; example test 99" time="0.000061">
            <failure message="expected true to be false // Object.is equality" type="AssertionError">
AssertionError: expected true to be false // Object.is equality

- Expected
+ Received

- false
+ true

 ❯ src/everything.spec.ts:8:18
            </failure>
        </testcase>
        <testcase classname="src/everything.spec.ts" name="describe 82 &gt; example test 100" time="0.000013709">
        </testcase>
        <testcase classname="src/everything.spec.ts" name="describe 83 &gt; example test 1" time="0.00006125">
            <failure message="expected true to be false // Object.is equality" type="AssertionError">
AssertionError: expected true to be false // Object.is equality

- Expected
+ Received

- false
+ true

 ❯ src/everything.spec.ts:8:18
            </failure>
        </testcase>
        <testcase classname="src/everything.spec.ts" name="describe 83 &gt; example test 2" time="0.000014208">
        </testcase>
        <testcase classname="src/everything.spec.ts" name="describe 83 &gt; example test 3" time="0.00006025">
            <failure message="expected true to be false // Object.is equality" type="AssertionError">
AssertionError: expected true to be false // Object.is equality

- Expected
+ Received

- false
+ true

 ❯ src/everything.spec.ts:8:18
            </failure>
        </testcase>
        <testcase classname="src/everything.spec.ts" name="describe 83 &gt; example test 4" time="0.000013792">
        </testcase>
        <testcase classname="src/everything.spec.ts" name="describe 83 &gt; example test 5" time="0.000061125">
            <failure message="expected true to be false // Object.is equality" type="AssertionError">
AssertionError: expected true to be false // Object.is equality

- Expected
+ Received

- false
+ true

 ❯ src/everything.spec.ts:8:18
            </failure>
        </testcase>
        <testcase classname="src/everything.spec.ts" name="describe 83 &gt; example test 6" time="0.000013791">
        </testcase>
        <testcase classname="src/everything.spec.ts" name="describe 83 &gt; example test 7" time="0.000062459">
            <failure message="expected true to be false // Object.is equality" type="AssertionError">
AssertionError: expected true to be false // Object.is equality

- Expected
+ Received

- false
+ true

 ❯ src/everything.spec.ts:8:18
            </failure>
        </testcase>
        <testcase classname="src/everything.spec.ts" name="describe 83 &gt; example test 8" time="0.000014083">
        </testcase>
        <testcase classname="src/everything.spec.ts" name="describe 83 &gt; example test 9" time="0.000060875">
            <failure message="expected true to be false // Object.is equality" type="AssertionError">
AssertionError: expected true to be false // Object.is equality

- Expected
+ Received

- false
+ true

 ❯ src/everything.spec.ts:8:18
            </failure>
        </testcase>
        <testcase classname="src/everything.spec.ts" name="describe 83 &gt; example test 10" time="0.000015166">
        </testcase>
        <testcase classname="src/everything.spec.ts" name="describe 83 &gt; example test 11" time="0.00006025">
            <failure message="expected true to be false // Object.is equality" type="AssertionError">
AssertionError: expected true to be false // Object.is equality

- Expected
+ Received

- false
+ true

 ❯ src/everything.spec.ts:8:18
            </failure>
        </testcase>
        <testcase classname="src/everything.spec.ts" name="describe 83 &gt; example test 12" time="0.000014042">
        </testcase>
        <testcase classname="src/everything.spec.ts" name="describe 83 &gt; example test 13" time="0.00006075">
            <failure message="expected true to be false // Object.is equality" type="AssertionError">
AssertionError: expected true to be false // Object.is equality

- Expected
+ Received

- false
+ true

 ❯ src/everything.spec.ts:8:18
            </failure>
        </testcase>
        <testcase classname="src/everything.spec.ts" name="describe 83 &gt; example test 14" time="0.000013917">
        </testcase>
        <testcase classname="src/everything.spec.ts" name="describe 83 &gt; example test 15" time="0.000060375">
            <failure message="expected true to be false // Object.is equality" type="AssertionError">
AssertionError: expected true to be false // Object.is equality

- Expected
+ Received

- false
+ true

 ❯ src/everything.spec.ts:8:18
            </failure>
        </testcase>
        <testcase classname="src/everything.spec.ts" name="describe 83 &gt; example test 16" time="0.00001625">
        </testcase>
        <testcase classname="src/everything.spec.ts" name="describe 83 &gt; example test 17" time="0.000061292">
            <failure message="expected true to be false // Object.is equality" type="AssertionError">
AssertionError: expected true to be false // Object.is equality

- Expected
+ Received

- false
+ true

 ❯ src/everything.spec.ts:8:18
            </failure>
        </testcase>
        <testcase classname="src/everything.spec.ts" name="describe 83 &gt; example test 18" time="0.000014333">
        </testcase>
        <testcase classname="src/everything.spec.ts" name="describe 83 &gt; example test 19" time="0.000059792">
            <failure message="expected true to be false // Object.is equality" type="AssertionError">
AssertionError: expected true to be false // Object.is equality

- Expected
+ Received

- false
+ true

 ❯ src/everything.spec.ts:8:18
            </failure>
        </testcase>
        <testcase classname="src/everything.spec.ts" name="describe 83 &gt; example test 20" time="0.00001375">
        </testcase>
        <testcase classname="src/everything.spec.ts" name="describe 83 &gt; example test 21" time="0.00006325">
            <failure message="expected true to be false // Object.is equality" type="AssertionError">
AssertionError: expected true to be false // Object.is equality

- Expected
+ Received

- false
+ true

 ❯ src/everything.spec.ts:8:18
            </failure>
        </testcase>
        <testcase classname="src/everything.spec.ts" name="describe 83 &gt; example test 22" time="0.000014042">
        </testcase>
        <testcase classname="src/everything.spec.ts" name="describe 83 &gt; example test 23" time="0.000061292">
            <failure message="expected true to be false // Object.is equality" type="AssertionError">
AssertionError: expected true to be false // Object.is equality

- Expected
+ Received

- false
+ true

 ❯ src/everything.spec.ts:8:18
            </failure>
        </testcase>
        <testcase classname="src/everything.spec.ts" name="describe 83 &gt; example test 24" time="0.00001425">
        </testcase>
        <testcase classname="src/everything.spec.ts" name="describe 83 &gt; example test 25" time="0.000063709">
            <failure message="expected true to be false // Object.is equality" type="AssertionError">
AssertionError: expected true to be false // Object.is equality

- Expected
+ Received

- false
+ true

 ❯ src/everything.spec.ts:8:18
            </failure>
        </testcase>
        <testcase classname="src/everything.spec.ts" name="describe 83 &gt; example test 26" time="0.000013667">
        </testcase>
        <testcase classname="src/everything.spec.ts" name="describe 83 &gt; example test 27" time="0.000060208">
            <failure message="expected true to be false // Object.is equality" type="AssertionError">
AssertionError: expected true to be false // Object.is equality

- Expected
+ Received

- false
+ true

 ❯ src/everything.spec.ts:8:18
            </failure>
        </testcase>
        <testcase classname="src/everything.spec.ts" name="describe 83 &gt; example test 28" time="0.000017958">
        </testcase>
        <testcase classname="src/everything.spec.ts" name="describe 83 &gt; example test 29" time="0.000061917">
            <failure message="expected true to be false // Object.is equality" type="AssertionError">
AssertionError: expected true to be false // Object.is equality

- Expected
+ Received

- false
+ true

 ❯ src/everything.spec.ts:8:18
            </failure>
        </testcase>
        <testcase classname="src/everything.spec.ts" name="describe 83 &gt; example test 30" time="0.000013667">
        </testcase>
        <testcase classname="src/everything.spec.ts" name="describe 83 &gt; example test 31" time="0.000060542">
            <failure message="expected true to be false // Object.is equality" type="AssertionError">
AssertionError: expected true to be false // Object.is equality

- Expected
+ Received

- false
+ true

 ❯ src/everything.spec.ts:8:18
            </failure>
        </testcase>
        <testcase classname="src/everything.spec.ts" name="describe 83 &gt; example test 32" time="0.00001375">
        </testcase>
        <testcase classname="src/everything.spec.ts" name="describe 83 &gt; example test 33" time="0.000062084">
            <failure message="expected true to be false // Object.is equality" type="AssertionError">
AssertionError: expected true to be false // Object.is equality

- Expected
+ Received

- false
+ true

 ❯ src/everything.spec.ts:8:18
            </failure>
        </testcase>
        <testcase classname="src/everything.spec.ts" name="describe 83 &gt; example test 34" time="0.000013667">
        </testcase>
        <testcase classname="src/everything.spec.ts" name="describe 83 &gt; example test 35" time="0.000060291">
            <failure message="expected true to be false // Object.is equality" type="AssertionError">
AssertionError: expected true to be false // Object.is equality

- Expected
+ Received

- false
+ true

 ❯ src/everything.spec.ts:8:18
            </failure>
        </testcase>
        <testcase classname="src/everything.spec.ts" name="describe 83 &gt; example test 36" time="0.000015208">
        </testcase>
        <testcase classname="src/everything.spec.ts" name="describe 83 &gt; example test 37" time="0.000061625">
            <failure message="expected true to be false // Object.is equality" type="AssertionError">
AssertionError: expected true to be false // Object.is equality

- Expected
+ Received

- false
+ true

 ❯ src/everything.spec.ts:8:18
            </failure>
        </testcase>
        <testcase classname="src/everything.spec.ts" name="describe 83 &gt; example test 38" time="0.000015708">
        </testcase>
        <testcase classname="src/everything.spec.ts" name="describe 83 &gt; example test 39" time="0.000062583">
            <failure message="expected true to be false // Object.is equality" type="AssertionError">
AssertionError: expected true to be false // Object.is equality

- Expected
+ Received

- false
+ true

 ❯ src/everything.spec.ts:8:18
            </failure>
        </testcase>
        <testcase classname="src/everything.spec.ts" name="describe 83 &gt; example test 40" time="0.000014083">
        </testcase>
        <testcase classname="src/everything.spec.ts" name="describe 83 &gt; example test 41" time="0.000060625">
            <failure message="expected true to be false // Object.is equality" type="AssertionError">
AssertionError: expected true to be false // Object.is equality

- Expected
+ Received

- false
+ true

 ❯ src/everything.spec.ts:8:18
            </failure>
        </testcase>
        <testcase classname="src/everything.spec.ts" name="describe 83 &gt; example test 42" time="0.000013833">
        </testcase>
        <testcase classname="src/everything.spec.ts" name="describe 83 &gt; example test 43" time="0.000063917">
            <failure message="expected true to be false // Object.is equality" type="AssertionError">
AssertionError: expected true to be false // Object.is equality

- Expected
+ Received

- false
+ true

 ❯ src/everything.spec.ts:8:18
            </failure>
        </testcase>
        <testcase classname="src/everything.spec.ts" name="describe 83 &gt; example test 44" time="0.000013875">
        </testcase>
        <testcase classname="src/everything.spec.ts" name="describe 83 &gt; example test 45" time="0.000063459">
            <failure message="expected true to be false // Object.is equality" type="AssertionError">
AssertionError: expected true to be false // Object.is equality

- Expected
+ Received

- false
+ true

 ❯ src/everything.spec.ts:8:18
            </failure>
        </testcase>
        <testcase classname="src/everything.spec.ts" name="describe 83 &gt; example test 46" time="0.000013917">
        </testcase>
        <testcase classname="src/everything.spec.ts" name="describe 83 &gt; example test 47" time="0.000063334">
            <failure message="expected true to be false // Object.is equality" type="AssertionError">
AssertionError: expected true to be false // Object.is equality

- Expected
+ Received

- false
+ true

 ❯ src/everything.spec.ts:8:18
            </failure>
        </testcase>
        <testcase classname="src/everything.spec.ts" name="describe 83 &gt; example test 48" time="0.000013917">
        </testcase>
        <testcase classname="src/everything.spec.ts" name="describe 83 &gt; example test 49" time="0.00006275">
            <failure message="expected true to be false // Object.is equality" type="AssertionError">
AssertionError: expected true to be false // Object.is equality

- Expected
+ Received

- false
+ true

 ❯ src/everything.spec.ts:8:18
            </failure>
        </testcase>
        <testcase classname="src/everything.spec.ts" name="describe 83 &gt; example test 50" time="0.000013917">
        </testcase>
        <testcase classname="src/everything.spec.ts" name="describe 83 &gt; example test 51" time="0.000060875">
            <failure message="expected true to be false // Object.is equality" type="AssertionError">
AssertionError: expected true to be false // Object.is equality

- Expected
+ Received

- false
+ true

 ❯ src/everything.spec.ts:8:18
            </failure>
        </testcase>
        <testcase classname="src/everything.spec.ts" name="describe 83 &gt; example test 52" time="0.000015167">
        </testcase>
        <testcase classname="src/everything.spec.ts" name="describe 83 &gt; example test 53" time="0.000061667">
            <failure message="expected true to be false // Object.is equality" type="AssertionError">
AssertionError: expected true to be false // Object.is equality

- Expected
+ Received

- false
+ true

 ❯ src/everything.spec.ts:8:18
            </failure>
        </testcase>
        <testcase classname="src/everything.spec.ts" name="describe 83 &gt; example test 54" time="0.000014">
        </testcase>
        <testcase classname="src/everything.spec.ts" name="describe 83 &gt; example test 55" time="0.000065833">
            <failure message="expected true to be false // Object.is equality" type="AssertionError">
AssertionError: expected true to be false // Object.is equality

- Expected
+ Received

- false
+ true

 ❯ src/everything.spec.ts:8:18
            </failure>
        </testcase>
        <testcase classname="src/everything.spec.ts" name="describe 83 &gt; example test 56" time="0.000013834">
        </testcase>
        <testcase classname="src/everything.spec.ts" name="describe 83 &gt; example test 57" time="0.000061625">
            <failure message="expected true to be false // Object.is equality" type="AssertionError">
AssertionError: expected true to be false // Object.is equality

- Expected
+ Received

- false
+ true

 ❯ src/everything.spec.ts:8:18
            </failure>
        </testcase>
        <testcase classname="src/everything.spec.ts" name="describe 83 &gt; example test 58" time="0.000016">
        </testcase>
        <testcase classname="src/everything.spec.ts" name="describe 83 &gt; example test 59" time="0.00006275">
            <failure message="expected true to be false // Object.is equality" type="AssertionError">
AssertionError: expected true to be false // Object.is equality

- Expected
+ Received

- false
+ true

 ❯ src/everything.spec.ts:8:18
            </failure>
        </testcase>
        <testcase classname="src/everything.spec.ts" name="describe 83 &gt; example test 60" time="0.00001425">
        </testcase>
        <testcase classname="src/everything.spec.ts" name="describe 83 &gt; example test 61" time="0.000063834">
            <failure message="expected true to be false // Object.is equality" type="AssertionError">
AssertionError: expected true to be false // Object.is equality

- Expected
+ Received

- false
+ true

 ❯ src/everything.spec.ts:8:18
            </failure>
        </testcase>
        <testcase classname="src/everything.spec.ts" name="describe 83 &gt; example test 62" time="0.000013792">
        </testcase>
        <testcase classname="src/everything.spec.ts" name="describe 83 &gt; example test 63" time="0.000060875">
            <failure message="expected true to be false // Object.is equality" type="AssertionError">
AssertionError: expected true to be false // Object.is equality

- Expected
+ Received

- false
+ true

 ❯ src/everything.spec.ts:8:18
            </failure>
        </testcase>
        <testcase classname="src/everything.spec.ts" name="describe 83 &gt; example test 64" time="0.000013708">
        </testcase>
        <testcase classname="src/everything.spec.ts" name="describe 83 &gt; example test 65" time="0.000061125">
            <failure message="expected true to be false // Object.is equality" type="AssertionError">
AssertionError: expected true to be false // Object.is equality

- Expected
+ Received

- false
+ true

 ❯ src/everything.spec.ts:8:18
            </failure>
        </testcase>
        <testcase classname="src/everything.spec.ts" name="describe 83 &gt; example test 66" time="0.000013625">
        </testcase>
        <testcase classname="src/everything.spec.ts" name="describe 83 &gt; example test 67" time="0.0000605">
            <failure message="expected true to be false // Object.is equality" type="AssertionError">
AssertionError: expected true to be false // Object.is equality

- Expected
+ Received

- false
+ true

 ❯ src/everything.spec.ts:8:18
            </failure>
        </testcase>
        <testcase classname="src/everything.spec.ts" name="describe 83 &gt; example test 68" time="0.000014709">
        </testcase>
        <testcase classname="src/everything.spec.ts" name="describe 83 &gt; example test 69" time="0.000061333">
            <failure message="expected true to be false // Object.is equality" type="AssertionError">
AssertionError: expected true to be false // Object.is equality

- Expected
+ Received

- false
+ true

 ❯ src/everything.spec.ts:8:18
            </failure>
        </testcase>
        <testcase classname="src/everything.spec.ts" name="describe 83 &gt; example test 70" time="0.000013833">
        </testcase>
        <testcase classname="src/everything.spec.ts" name="describe 83 &gt; example test 71" time="0.000060959">
            <failure message="expected true to be false // Object.is equality" type="AssertionError">
AssertionError: expected true to be false // Object.is equality

- Expected
+ Received

- false
+ true

 ❯ src/everything.spec.ts:8:18
            </failure>
        </testcase>
        <testcase classname="src/everything.spec.ts" name="describe 83 &gt; example test 72" time="0.000013875">
        </testcase>
        <testcase classname="src/everything.spec.ts" name="describe 83 &gt; example test 73" time="0.000060834">
            <failure message="expected true to be false // Object.is equality" type="AssertionError">
AssertionError: expected true to be false // Object.is equality

- Expected
+ Received

- false
+ true

 ❯ src/everything.spec.ts:8:18
            </failure>
        </testcase>
        <testcase classname="src/everything.spec.ts" name="describe 83 &gt; example test 74" time="0.000015084">
        </testcase>
        <testcase classname="src/everything.spec.ts" name="describe 83 &gt; example test 75" time="0.000060333">
            <failure message="expected true to be false // Object.is equality" type="AssertionError">
AssertionError: expected true to be false // Object.is equality

- Expected
+ Received

- false
+ true

 ❯ src/everything.spec.ts:8:18
            </failure>
        </testcase>
        <testcase classname="src/everything.spec.ts" name="describe 83 &gt; example test 76" time="0.000013833">
        </testcase>
        <testcase classname="src/everything.spec.ts" name="describe 83 &gt; example test 77" time="0.000063209">
            <failure message="expected true to be false // Object.is equality" type="AssertionError">
AssertionError: expected true to be false // Object.is equality

- Expected
+ Received

- false
+ true

 ❯ src/everything.spec.ts:8:18
            </failure>
        </testcase>
        <testcase classname="src/everything.spec.ts" name="describe 83 &gt; example test 78" time="0.000014458">
        </testcase>
        <testcase classname="src/everything.spec.ts" name="describe 83 &gt; example test 79" time="0.00006">
            <failure message="expected true to be false // Object.is equality" type="AssertionError">
AssertionError: expected true to be false // Object.is equality

- Expected
+ Received

- false
+ true

 ❯ src/everything.spec.ts:8:18
            </failure>
        </testcase>
        <testcase classname="src/everything.spec.ts" name="describe 83 &gt; example test 80" time="0.000016125">
        </testcase>
        <testcase classname="src/everything.spec.ts" name="describe 83 &gt; example test 81" time="0.000061084">
            <failure message="expected true to be false // Object.is equality" type="AssertionError">
AssertionError: expected true to be false // Object.is equality

- Expected
+ Received

- false
+ true

 ❯ src/everything.spec.ts:8:18
            </failure>
        </testcase>
        <testcase classname="src/everything.spec.ts" name="describe 83 &gt; example test 82" time="0.000014292">
        </testcase>
        <testcase classname="src/everything.spec.ts" name="describe 83 &gt; example test 83" time="0.000060417">
            <failure message="expected true to be false // Object.is equality" type="AssertionError">
AssertionError: expected true to be false // Object.is equality

- Expected
+ Received

- false
+ true

 ❯ src/everything.spec.ts:8:18
            </failure>
        </testcase>
        <testcase classname="src/everything.spec.ts" name="describe 83 &gt; example test 84" time="0.000014084">
        </testcase>
        <testcase classname="src/everything.spec.ts" name="describe 83 &gt; example test 85" time="0.000061666">
            <failure message="expected true to be false // Object.is equality" type="AssertionError">
AssertionError: expected true to be false // Object.is equality

- Expected
+ Received

- false
+ true

 ❯ src/everything.spec.ts:8:18
            </failure>
        </testcase>
        <testcase classname="src/everything.spec.ts" name="describe 83 &gt; example test 86" time="0.000013625">
        </testcase>
        <testcase classname="src/everything.spec.ts" name="describe 83 &gt; example test 87" time="0.000062209">
            <failure message="expected true to be false // Object.is equality" type="AssertionError">
AssertionError: expected true to be false // Object.is equality

- Expected
+ Received

- false
+ true

 ❯ src/everything.spec.ts:8:18
            </failure>
        </testcase>
        <testcase classname="src/everything.spec.ts" name="describe 83 &gt; example test 88" time="0.000014">
        </testcase>
        <testcase classname="src/everything.spec.ts" name="describe 83 &gt; example test 89" time="0.000062916">
            <failure message="expected true to be false // Object.is equality" type="AssertionError">
AssertionError: expected true to be false // Object.is equality

- Expected
+ Received

- false
+ true

 ❯ src/everything.spec.ts:8:18
            </failure>
        </testcase>
        <testcase classname="src/everything.spec.ts" name="describe 83 &gt; example test 90" time="0.00001425">
        </testcase>
        <testcase classname="src/everything.spec.ts" name="describe 83 &gt; example test 91" time="0.00006075">
            <failure message="expected true to be false // Object.is equality" type="AssertionError">
AssertionError: expected true to be false // Object.is equality

- Expected
+ Received

- false
+ true

 ❯ src/everything.spec.ts:8:18
            </failure>
        </testcase>
        <testcase classname="src/everything.spec.ts" name="describe 83 &gt; example test 92" time="0.000013958">
        </testcase>
        <testcase classname="src/everything.spec.ts" name="describe 83 &gt; example test 93" time="0.000061542">
            <failure message="expected true to be false // Object.is equality" type="AssertionError">
AssertionError: expected true to be false // Object.is equality

- Expected
+ Received

- false
+ true

 ❯ src/everything.spec.ts:8:18
            </failure>
        </testcase>
        <testcase classname="src/everything.spec.ts" name="describe 83 &gt; example test 94" time="0.000013958">
        </testcase>
        <testcase classname="src/everything.spec.ts" name="describe 83 &gt; example test 95" time="0.000060833">
            <failure message="expected true to be false // Object.is equality" type="AssertionError">
AssertionError: expected true to be false // Object.is equality

- Expected
+ Received

- false
+ true

 ❯ src/everything.spec.ts:8:18
            </failure>
        </testcase>
        <testcase classname="src/everything.spec.ts" name="describe 83 &gt; example test 96" time="0.000014125">
        </testcase>
        <testcase classname="src/everything.spec.ts" name="describe 83 &gt; example test 97" time="0.000061792">
            <failure message="expected true to be false // Object.is equality" type="AssertionError">
AssertionError: expected true to be false // Object.is equality

- Expected
+ Received

- false
+ true

 ❯ src/everything.spec.ts:8:18
            </failure>
        </testcase>
        <testcase classname="src/everything.spec.ts" name="describe 83 &gt; example test 98" time="0.000013917">
        </testcase>
        <testcase classname="src/everything.spec.ts" name="describe 83 &gt; example test 99" time="0.000059875">
            <failure message="expected true to be false // Object.is equality" type="AssertionError">
AssertionError: expected true to be false // Object.is equality

- Expected
+ Received

- false
+ true

 ❯ src/everything.spec.ts:8:18
            </failure>
        </testcase>
        <testcase classname="src/everything.spec.ts" name="describe 83 &gt; example test 100" time="0.000014917">
        </testcase>
        <testcase classname="src/everything.spec.ts" name="describe 84 &gt; example test 1" time="0.000061792">
            <failure message="expected true to be false // Object.is equality" type="AssertionError">
AssertionError: expected true to be false // Object.is equality

- Expected
+ Received

- false
+ true

 ❯ src/everything.spec.ts:8:18
            </failure>
        </testcase>
        <testcase classname="src/everything.spec.ts" name="describe 84 &gt; example test 2" time="0.000013959">
        </testcase>
        <testcase classname="src/everything.spec.ts" name="describe 84 &gt; example test 3" time="0.000060708">
            <failure message="expected true to be false // Object.is equality" type="AssertionError">
AssertionError: expected true to be false // Object.is equality

- Expected
+ Received

- false
+ true

 ❯ src/everything.spec.ts:8:18
            </failure>
        </testcase>
        <testcase classname="src/everything.spec.ts" name="describe 84 &gt; example test 4" time="0.000013875">
        </testcase>
        <testcase classname="src/everything.spec.ts" name="describe 84 &gt; example test 5" time="0.000063708">
            <failure message="expected true to be false // Object.is equality" type="AssertionError">
AssertionError: expected true to be false // Object.is equality

- Expected
+ Received

- false
+ true

 ❯ src/everything.spec.ts:8:18
            </failure>
        </testcase>
        <testcase classname="src/everything.spec.ts" name="describe 84 &gt; example test 6" time="0.00001425">
        </testcase>
        <testcase classname="src/everything.spec.ts" name="describe 84 &gt; example test 7" time="0.000060458">
            <failure message="expected true to be false // Object.is equality" type="AssertionError">
AssertionError: expected true to be false // Object.is equality

- Expected
+ Received

- false
+ true

 ❯ src/everything.spec.ts:8:18
            </failure>
        </testcase>
        <testcase classname="src/everything.spec.ts" name="describe 84 &gt; example test 8" time="0.000014125">
        </testcase>
        <testcase classname="src/everything.spec.ts" name="describe 84 &gt; example test 9" time="0.000061125">
            <failure message="expected true to be false // Object.is equality" type="AssertionError">
AssertionError: expected true to be false // Object.is equality

- Expected
+ Received

- false
+ true

 ❯ src/everything.spec.ts:8:18
            </failure>
        </testcase>
        <testcase classname="src/everything.spec.ts" name="describe 84 &gt; example test 10" time="0.000014375">
        </testcase>
        <testcase classname="src/everything.spec.ts" name="describe 84 &gt; example test 11" time="0.000060291">
            <failure message="expected true to be false // Object.is equality" type="AssertionError">
AssertionError: expected true to be false // Object.is equality

- Expected
+ Received

- false
+ true

 ❯ src/everything.spec.ts:8:18
            </failure>
        </testcase>
        <testcase classname="src/everything.spec.ts" name="describe 84 &gt; example test 12" time="0.000013541">
        </testcase>
        <testcase classname="src/everything.spec.ts" name="describe 84 &gt; example test 13" time="0.000061375">
            <failure message="expected true to be false // Object.is equality" type="AssertionError">
AssertionError: expected true to be false // Object.is equality

- Expected
+ Received

- false
+ true

 ❯ src/everything.spec.ts:8:18
            </failure>
        </testcase>
        <testcase classname="src/everything.spec.ts" name="describe 84 &gt; example test 14" time="0.000014">
        </testcase>
        <testcase classname="src/everything.spec.ts" name="describe 84 &gt; example test 15" time="0.000060625">
            <failure message="expected true to be false // Object.is equality" type="AssertionError">
AssertionError: expected true to be false // Object.is equality

- Expected
+ Received

- false
+ true

 ❯ src/everything.spec.ts:8:18
            </failure>
        </testcase>
        <testcase classname="src/everything.spec.ts" name="describe 84 &gt; example test 16" time="0.000013916">
        </testcase>
        <testcase classname="src/everything.spec.ts" name="describe 84 &gt; example test 17" time="0.000060792">
            <failure message="expected true to be false // Object.is equality" type="AssertionError">
AssertionError: expected true to be false // Object.is equality

- Expected
+ Received

- false
+ true

 ❯ src/everything.spec.ts:8:18
            </failure>
        </testcase>
        <testcase classname="src/everything.spec.ts" name="describe 84 &gt; example test 18" time="0.000015209">
        </testcase>
        <testcase classname="src/everything.spec.ts" name="describe 84 &gt; example test 19" time="0.000060833">
            <failure message="expected true to be false // Object.is equality" type="AssertionError">
AssertionError: expected true to be false // Object.is equality

- Expected
+ Received

- false
+ true

 ❯ src/everything.spec.ts:8:18
            </failure>
        </testcase>
        <testcase classname="src/everything.spec.ts" name="describe 84 &gt; example test 20" time="0.000013542">
        </testcase>
        <testcase classname="src/everything.spec.ts" name="describe 84 &gt; example test 21" time="0.00006125">
            <failure message="expected true to be false // Object.is equality" type="AssertionError">
AssertionError: expected true to be false // Object.is equality

- Expected
+ Received

- false
+ true

 ❯ src/everything.spec.ts:8:18
            </failure>
        </testcase>
        <testcase classname="src/everything.spec.ts" name="describe 84 &gt; example test 22" time="0.000013875">
        </testcase>
        <testcase classname="src/everything.spec.ts" name="describe 84 &gt; example test 23" time="0.000060292">
            <failure message="expected true to be false // Object.is equality" type="AssertionError">
AssertionError: expected true to be false // Object.is equality

- Expected
+ Received

- false
+ true

 ❯ src/everything.spec.ts:8:18
            </failure>
        </testcase>
        <testcase classname="src/everything.spec.ts" name="describe 84 &gt; example test 24" time="0.000016084">
        </testcase>
        <testcase classname="src/everything.spec.ts" name="describe 84 &gt; example test 25" time="0.000064375">
            <failure message="expected true to be false // Object.is equality" type="AssertionError">
AssertionError: expected true to be false // Object.is equality

- Expected
+ Received

- false
+ true

 ❯ src/everything.spec.ts:8:18
            </failure>
        </testcase>
        <testcase classname="src/everything.spec.ts" name="describe 84 &gt; example test 26" time="0.000013625">
        </testcase>
        <testcase classname="src/everything.spec.ts" name="describe 84 &gt; example test 27" time="0.000060417">
            <failure message="expected true to be false // Object.is equality" type="AssertionError">
AssertionError: expected true to be false // Object.is equality

- Expected
+ Received

- false
+ true

 ❯ src/everything.spec.ts:8:18
            </failure>
        </testcase>
        <testcase classname="src/everything.spec.ts" name="describe 84 &gt; example test 28" time="0.000014459">
        </testcase>
        <testcase classname="src/everything.spec.ts" name="describe 84 &gt; example test 29" time="0.000062625">
            <failure message="expected true to be false // Object.is equality" type="AssertionError">
AssertionError: expected true to be false // Object.is equality

- Expected
+ Received

- false
+ true

 ❯ src/everything.spec.ts:8:18
            </failure>
        </testcase>
        <testcase classname="src/everything.spec.ts" name="describe 84 &gt; example test 30" time="0.000014083">
        </testcase>
        <testcase classname="src/everything.spec.ts" name="describe 84 &gt; example test 31" time="0.000062291">
            <failure message="expected true to be false // Object.is equality" type="AssertionError">
AssertionError: expected true to be false // Object.is equality

- Expected
+ Received

- false
+ true

 ❯ src/everything.spec.ts:8:18
            </failure>
        </testcase>
        <testcase classname="src/everything.spec.ts" name="describe 84 &gt; example test 32" time="0.000017208">
        </testcase>
        <testcase classname="src/everything.spec.ts" name="describe 84 &gt; example test 33" time="0.000066208">
            <failure message="expected true to be false // Object.is equality" type="AssertionError">
AssertionError: expected true to be false // Object.is equality

- Expected
+ Received

- false
+ true

 ❯ src/everything.spec.ts:8:18
            </failure>
        </testcase>
        <testcase classname="src/everything.spec.ts" name="describe 84 &gt; example test 34" time="0.00001375">
        </testcase>
        <testcase classname="src/everything.spec.ts" name="describe 84 &gt; example test 35" time="0.000062209">
            <failure message="expected true to be false // Object.is equality" type="AssertionError">
AssertionError: expected true to be false // Object.is equality

- Expected
+ Received

- false
+ true

 ❯ src/everything.spec.ts:8:18
            </failure>
        </testcase>
        <testcase classname="src/everything.spec.ts" name="describe 84 &gt; example test 36" time="0.000442542">
        </testcase>
        <testcase classname="src/everything.spec.ts" name="describe 84 &gt; example test 37" time="0.000123417">
            <failure message="expected true to be false // Object.is equality" type="AssertionError">
AssertionError: expected true to be false // Object.is equality

- Expected
+ Received

- false
+ true

 ❯ src/everything.spec.ts:8:18
            </failure>
        </testcase>
        <testcase classname="src/everything.spec.ts" name="describe 84 &gt; example test 38" time="0.000019834">
        </testcase>
        <testcase classname="src/everything.spec.ts" name="describe 84 &gt; example test 39" time="0.000075209">
            <failure message="expected true to be false // Object.is equality" type="AssertionError">
AssertionError: expected true to be false // Object.is equality

- Expected
+ Received

- false
+ true

 ❯ src/everything.spec.ts:8:18
            </failure>
        </testcase>
        <testcase classname="src/everything.spec.ts" name="describe 84 &gt; example test 40" time="0.000015416">
        </testcase>
        <testcase classname="src/everything.spec.ts" name="describe 84 &gt; example test 41" time="0.000067708">
            <failure message="expected true to be false // Object.is equality" type="AssertionError">
AssertionError: expected true to be false // Object.is equality

- Expected
+ Received

- false
+ true

 ❯ src/everything.spec.ts:8:18
            </failure>
        </testcase>
        <testcase classname="src/everything.spec.ts" name="describe 84 &gt; example test 42" time="0.000016791">
        </testcase>
        <testcase classname="src/everything.spec.ts" name="describe 84 &gt; example test 43" time="0.000064875">
            <failure message="expected true to be false // Object.is equality" type="AssertionError">
AssertionError: expected true to be false // Object.is equality

- Expected
+ Received

- false
+ true

 ❯ src/everything.spec.ts:8:18
            </failure>
        </testcase>
        <testcase classname="src/everything.spec.ts" name="describe 84 &gt; example test 44" time="0.000014291">
        </testcase>
        <testcase classname="src/everything.spec.ts" name="describe 84 &gt; example test 45" time="0.000064208">
            <failure message="expected true to be false // Object.is equality" type="AssertionError">
AssertionError: expected true to be false // Object.is equality

- Expected
+ Received

- false
+ true

 ❯ src/everything.spec.ts:8:18
            </failure>
        </testcase>
        <testcase classname="src/everything.spec.ts" name="describe 84 &gt; example test 46" time="0.000014667">
        </testcase>
        <testcase classname="src/everything.spec.ts" name="describe 84 &gt; example test 47" time="0.000063208">
            <failure message="expected true to be false // Object.is equality" type="AssertionError">
AssertionError: expected true to be false // Object.is equality

- Expected
+ Received

- false
+ true

 ❯ src/everything.spec.ts:8:18
            </failure>
        </testcase>
        <testcase classname="src/everything.spec.ts" name="describe 84 &gt; example test 48" time="0.000014">
        </testcase>
        <testcase classname="src/everything.spec.ts" name="describe 84 &gt; example test 49" time="0.000063292">
            <failure message="expected true to be false // Object.is equality" type="AssertionError">
AssertionError: expected true to be false // Object.is equality

- Expected
+ Received

- false
+ true

 ❯ src/everything.spec.ts:8:18
            </failure>
        </testcase>
        <testcase classname="src/everything.spec.ts" name="describe 84 &gt; example test 50" time="0.000016208">
        </testcase>
        <testcase classname="src/everything.spec.ts" name="describe 84 &gt; example test 51" time="0.000062708">
            <failure message="expected true to be false // Object.is equality" type="AssertionError">
AssertionError: expected true to be false // Object.is equality

- Expected
+ Received

- false
+ true

 ❯ src/everything.spec.ts:8:18
            </failure>
        </testcase>
        <testcase classname="src/everything.spec.ts" name="describe 84 &gt; example test 52" time="0.00001425">
        </testcase>
        <testcase classname="src/everything.spec.ts" name="describe 84 &gt; example test 53" time="0.000062333">
            <failure message="expected true to be false // Object.is equality" type="AssertionError">
AssertionError: expected true to be false // Object.is equality

- Expected
+ Received

- false
+ true

 ❯ src/everything.spec.ts:8:18
            </failure>
        </testcase>
        <testcase classname="src/everything.spec.ts" name="describe 84 &gt; example test 54" time="0.000014292">
        </testcase>
        <testcase classname="src/everything.spec.ts" name="describe 84 &gt; example test 55" time="0.000062125">
            <failure message="expected true to be false // Object.is equality" type="AssertionError">
AssertionError: expected true to be false // Object.is equality

- Expected
+ Received

- false
+ true

 ❯ src/everything.spec.ts:8:18
            </failure>
        </testcase>
        <testcase classname="src/everything.spec.ts" name="describe 84 &gt; example test 56" time="0.000016708">
        </testcase>
        <testcase classname="src/everything.spec.ts" name="describe 84 &gt; example test 57" time="0.000062625">
            <failure message="expected true to be false // Object.is equality" type="AssertionError">
AssertionError: expected true to be false // Object.is equality

- Expected
+ Received

- false
+ true

 ❯ src/everything.spec.ts:8:18
            </failure>
        </testcase>
        <testcase classname="src/everything.spec.ts" name="describe 84 &gt; example test 58" time="0.000014125">
        </testcase>
        <testcase classname="src/everything.spec.ts" name="describe 84 &gt; example test 59" time="0.000062459">
            <failure message="expected true to be false // Object.is equality" type="AssertionError">
AssertionError: expected true to be false // Object.is equality

- Expected
+ Received

- false
+ true

 ❯ src/everything.spec.ts:8:18
            </failure>
        </testcase>
        <testcase classname="src/everything.spec.ts" name="describe 84 &gt; example test 60" time="0.000014125">
        </testcase>
        <testcase classname="src/everything.spec.ts" name="describe 84 &gt; example test 61" time="0.000062792">
            <failure message="expected true to be false // Object.is equality" type="AssertionError">
AssertionError: expected true to be false // Object.is equality

- Expected
+ Received

- false
+ true

 ❯ src/everything.spec.ts:8:18
            </failure>
        </testcase>
        <testcase classname="src/everything.spec.ts" name="describe 84 &gt; example test 62" time="0.000013791">
        </testcase>
        <testcase classname="src/everything.spec.ts" name="describe 84 &gt; example test 63" time="0.00006375">
            <failure message="expected true to be false // Object.is equality" type="AssertionError">
AssertionError: expected true to be false // Object.is equality

- Expected
+ Received

- false
+ true

 ❯ src/everything.spec.ts:8:18
            </failure>
        </testcase>
        <testcase classname="src/everything.spec.ts" name="describe 84 &gt; example test 64" time="0.000013958">
        </testcase>
        <testcase classname="src/everything.spec.ts" name="describe 84 &gt; example test 65" time="0.00006225">
            <failure message="expected true to be false // Object.is equality" type="AssertionError">
AssertionError: expected true to be false // Object.is equality

- Expected
+ Received

- false
+ true

 ❯ src/everything.spec.ts:8:18
            </failure>
        </testcase>
        <testcase classname="src/everything.spec.ts" name="describe 84 &gt; example test 66" time="0.000014542">
        </testcase>
        <testcase classname="src/everything.spec.ts" name="describe 84 &gt; example test 67" time="0.000061667">
            <failure message="expected true to be false // Object.is equality" type="AssertionError">
AssertionError: expected true to be false // Object.is equality

- Expected
+ Received

- false
+ true

 ❯ src/everything.spec.ts:8:18
            </failure>
        </testcase>
        <testcase classname="src/everything.spec.ts" name="describe 84 &gt; example test 68" time="0.000014042">
        </testcase>
        <testcase classname="src/everything.spec.ts" name="describe 84 &gt; example test 69" time="0.000065875">
            <failure message="expected true to be false // Object.is equality" type="AssertionError">
AssertionError: expected true to be false // Object.is equality

- Expected
+ Received

- false
+ true

 ❯ src/everything.spec.ts:8:18
            </failure>
        </testcase>
        <testcase classname="src/everything.spec.ts" name="describe 84 &gt; example test 70" time="0.000014084">
        </testcase>
        <testcase classname="src/everything.spec.ts" name="describe 84 &gt; example test 71" time="0.000061833">
            <failure message="expected true to be false // Object.is equality" type="AssertionError">
AssertionError: expected true to be false // Object.is equality

- Expected
+ Received

- false
+ true

 ❯ src/everything.spec.ts:8:18
            </failure>
        </testcase>
        <testcase classname="src/everything.spec.ts" name="describe 84 &gt; example test 72" time="0.000014291">
        </testcase>
        <testcase classname="src/everything.spec.ts" name="describe 84 &gt; example test 73" time="0.000067">
            <failure message="expected true to be false // Object.is equality" type="AssertionError">
AssertionError: expected true to be false // Object.is equality

- Expected
+ Received

- false
+ true

 ❯ src/everything.spec.ts:8:18
            </failure>
        </testcase>
        <testcase classname="src/everything.spec.ts" name="describe 84 &gt; example test 74" time="0.000014083">
        </testcase>
        <testcase classname="src/everything.spec.ts" name="describe 84 &gt; example test 75" time="0.000062167">
            <failure message="expected true to be false // Object.is equality" type="AssertionError">
AssertionError: expected true to be false // Object.is equality

- Expected
+ Received

- false
+ true

 ❯ src/everything.spec.ts:8:18
            </failure>
        </testcase>
        <testcase classname="src/everything.spec.ts" name="describe 84 &gt; example test 76" time="0.00001425">
        </testcase>
        <testcase classname="src/everything.spec.ts" name="describe 84 &gt; example test 77" time="0.000061166">
            <failure message="expected true to be false // Object.is equality" type="AssertionError">
AssertionError: expected true to be false // Object.is equality

- Expected
+ Received

- false
+ true

 ❯ src/everything.spec.ts:8:18
            </failure>
        </testcase>
        <testcase classname="src/everything.spec.ts" name="describe 84 &gt; example test 78" time="0.000013917">
        </testcase>
        <testcase classname="src/everything.spec.ts" name="describe 84 &gt; example test 79" time="0.000063125">
            <failure message="expected true to be false // Object.is equality" type="AssertionError">
AssertionError: expected true to be false // Object.is equality

- Expected
+ Received

- false
+ true

 ❯ src/everything.spec.ts:8:18
            </failure>
        </testcase>
        <testcase classname="src/everything.spec.ts" name="describe 84 &gt; example test 80" time="0.000013916">
        </testcase>
        <testcase classname="src/everything.spec.ts" name="describe 84 &gt; example test 81" time="0.000061959">
            <failure message="expected true to be false // Object.is equality" type="AssertionError">
AssertionError: expected true to be false // Object.is equality

- Expected
+ Received

- false
+ true

 ❯ src/everything.spec.ts:8:18
            </failure>
        </testcase>
        <testcase classname="src/everything.spec.ts" name="describe 84 &gt; example test 82" time="0.000014292">
        </testcase>
        <testcase classname="src/everything.spec.ts" name="describe 84 &gt; example test 83" time="0.000062292">
            <failure message="expected true to be false // Object.is equality" type="AssertionError">
AssertionError: expected true to be false // Object.is equality

- Expected
+ Received

- false
+ true

 ❯ src/everything.spec.ts:8:18
            </failure>
        </testcase>
        <testcase classname="src/everything.spec.ts" name="describe 84 &gt; example test 84" time="0.0000135">
        </testcase>
        <testcase classname="src/everything.spec.ts" name="describe 84 &gt; example test 85" time="0.000061583">
            <failure message="expected true to be false // Object.is equality" type="AssertionError">
AssertionError: expected true to be false // Object.is equality

- Expected
+ Received

- false
+ true

 ❯ src/everything.spec.ts:8:18
            </failure>
        </testcase>
        <testcase classname="src/everything.spec.ts" name="describe 84 &gt; example test 86" time="0.000014083">
        </testcase>
        <testcase classname="src/everything.spec.ts" name="describe 84 &gt; example test 87" time="0.000061584">
            <failure message="expected true to be false // Object.is equality" type="AssertionError">
AssertionError: expected true to be false // Object.is equality

- Expected
+ Received

- false
+ true

 ❯ src/everything.spec.ts:8:18
            </failure>
        </testcase>
        <testcase classname="src/everything.spec.ts" name="describe 84 &gt; example test 88" time="0.000014">
        </testcase>
        <testcase classname="src/everything.spec.ts" name="describe 84 &gt; example test 89" time="0.000061542">
            <failure message="expected true to be false // Object.is equality" type="AssertionError">
AssertionError: expected true to be false // Object.is equality

- Expected
+ Received

- false
+ true

 ❯ src/everything.spec.ts:8:18
            </failure>
        </testcase>
        <testcase classname="src/everything.spec.ts" name="describe 84 &gt; example test 90" time="0.000014167">
        </testcase>
        <testcase classname="src/everything.spec.ts" name="describe 84 &gt; example test 91" time="0.000061208">
            <failure message="expected true to be false // Object.is equality" type="AssertionError">
AssertionError: expected true to be false // Object.is equality

- Expected
+ Received

- false
+ true

 ❯ src/everything.spec.ts:8:18
            </failure>
        </testcase>
        <testcase classname="src/everything.spec.ts" name="describe 84 &gt; example test 92" time="0.000014083">
        </testcase>
        <testcase classname="src/everything.spec.ts" name="describe 84 &gt; example test 93" time="0.000061875">
            <failure message="expected true to be false // Object.is equality" type="AssertionError">
AssertionError: expected true to be false // Object.is equality

- Expected
+ Received

- false
+ true

 ❯ src/everything.spec.ts:8:18
            </failure>
        </testcase>
        <testcase classname="src/everything.spec.ts" name="describe 84 &gt; example test 94" time="0.000013375">
        </testcase>
        <testcase classname="src/everything.spec.ts" name="describe 84 &gt; example test 95" time="0.000061958">
            <failure message="expected true to be false // Object.is equality" type="AssertionError">
AssertionError: expected true to be false // Object.is equality

- Expected
+ Received

- false
+ true

 ❯ src/everything.spec.ts:8:18
            </failure>
        </testcase>
        <testcase classname="src/everything.spec.ts" name="describe 84 &gt; example test 96" time="0.000013791">
        </testcase>
        <testcase classname="src/everything.spec.ts" name="describe 84 &gt; example test 97" time="0.000060625">
            <failure message="expected true to be false // Object.is equality" type="AssertionError">
AssertionError: expected true to be false // Object.is equality

- Expected
+ Received

- false
+ true

 ❯ src/everything.spec.ts:8:18
            </failure>
        </testcase>
        <testcase classname="src/everything.spec.ts" name="describe 84 &gt; example test 98" time="0.000013792">
        </testcase>
        <testcase classname="src/everything.spec.ts" name="describe 84 &gt; example test 99" time="0.000061583">
            <failure message="expected true to be false // Object.is equality" type="AssertionError">
AssertionError: expected true to be false // Object.is equality

- Expected
+ Received

- false
+ true

 ❯ src/everything.spec.ts:8:18
            </failure>
        </testcase>
        <testcase classname="src/everything.spec.ts" name="describe 84 &gt; example test 100" time="0.000014">
        </testcase>
        <testcase classname="src/everything.spec.ts" name="describe 85 &gt; example test 1" time="0.000062875">
            <failure message="expected true to be false // Object.is equality" type="AssertionError">
AssertionError: expected true to be false // Object.is equality

- Expected
+ Received

- false
+ true

 ❯ src/everything.spec.ts:8:18
            </failure>
        </testcase>
        <testcase classname="src/everything.spec.ts" name="describe 85 &gt; example test 2" time="0.000014292">
        </testcase>
        <testcase classname="src/everything.spec.ts" name="describe 85 &gt; example test 3" time="0.0000625">
            <failure message="expected true to be false // Object.is equality" type="AssertionError">
AssertionError: expected true to be false // Object.is equality

- Expected
+ Received

- false
+ true

 ❯ src/everything.spec.ts:8:18
            </failure>
        </testcase>
        <testcase classname="src/everything.spec.ts" name="describe 85 &gt; example test 4" time="0.000013875">
        </testcase>
        <testcase classname="src/everything.spec.ts" name="describe 85 &gt; example test 5" time="0.000062125">
            <failure message="expected true to be false // Object.is equality" type="AssertionError">
AssertionError: expected true to be false // Object.is equality

- Expected
+ Received

- false
+ true

 ❯ src/everything.spec.ts:8:18
            </failure>
        </testcase>
        <testcase classname="src/everything.spec.ts" name="describe 85 &gt; example test 6" time="0.000014041">
        </testcase>
        <testcase classname="src/everything.spec.ts" name="describe 85 &gt; example test 7" time="0.000062166">
            <failure message="expected true to be false // Object.is equality" type="AssertionError">
AssertionError: expected true to be false // Object.is equality

- Expected
+ Received

- false
+ true

 ❯ src/everything.spec.ts:8:18
            </failure>
        </testcase>
        <testcase classname="src/everything.spec.ts" name="describe 85 &gt; example test 8" time="0.000013958">
        </testcase>
        <testcase classname="src/everything.spec.ts" name="describe 85 &gt; example test 9" time="0.000061125">
            <failure message="expected true to be false // Object.is equality" type="AssertionError">
AssertionError: expected true to be false // Object.is equality

- Expected
+ Received

- false
+ true

 ❯ src/everything.spec.ts:8:18
            </failure>
        </testcase>
        <testcase classname="src/everything.spec.ts" name="describe 85 &gt; example test 10" time="0.00001375">
        </testcase>
        <testcase classname="src/everything.spec.ts" name="describe 85 &gt; example test 11" time="0.000061583">
            <failure message="expected true to be false // Object.is equality" type="AssertionError">
AssertionError: expected true to be false // Object.is equality

- Expected
+ Received

- false
+ true

 ❯ src/everything.spec.ts:8:18
            </failure>
        </testcase>
        <testcase classname="src/everything.spec.ts" name="describe 85 &gt; example test 12" time="0.000013541">
        </testcase>
        <testcase classname="src/everything.spec.ts" name="describe 85 &gt; example test 13" time="0.000061417">
            <failure message="expected true to be false // Object.is equality" type="AssertionError">
AssertionError: expected true to be false // Object.is equality

- Expected
+ Received

- false
+ true

 ❯ src/everything.spec.ts:8:18
            </failure>
        </testcase>
        <testcase classname="src/everything.spec.ts" name="describe 85 &gt; example test 14" time="0.000013875">
        </testcase>
        <testcase classname="src/everything.spec.ts" name="describe 85 &gt; example test 15" time="0.000061542">
            <failure message="expected true to be false // Object.is equality" type="AssertionError">
AssertionError: expected true to be false // Object.is equality

- Expected
+ Received

- false
+ true

 ❯ src/everything.spec.ts:8:18
            </failure>
        </testcase>
        <testcase classname="src/everything.spec.ts" name="describe 85 &gt; example test 16" time="0.000013625">
        </testcase>
        <testcase classname="src/everything.spec.ts" name="describe 85 &gt; example test 17" time="0.000061167">
            <failure message="expected true to be false // Object.is equality" type="AssertionError">
AssertionError: expected true to be false // Object.is equality

- Expected
+ Received

- false
+ true

 ❯ src/everything.spec.ts:8:18
            </failure>
        </testcase>
        <testcase classname="src/everything.spec.ts" name="describe 85 &gt; example test 18" time="0.000014">
        </testcase>
        <testcase classname="src/everything.spec.ts" name="describe 85 &gt; example test 19" time="0.000061541">
            <failure message="expected true to be false // Object.is equality" type="AssertionError">
AssertionError: expected true to be false // Object.is equality

- Expected
+ Received

- false
+ true

 ❯ src/everything.spec.ts:8:18
            </failure>
        </testcase>
        <testcase classname="src/everything.spec.ts" name="describe 85 &gt; example test 20" time="0.000013708">
        </testcase>
        <testcase classname="src/everything.spec.ts" name="describe 85 &gt; example test 21" time="0.00006075">
            <failure message="expected true to be false // Object.is equality" type="AssertionError">
AssertionError: expected true to be false // Object.is equality

- Expected
+ Received

- false
+ true

 ❯ src/everything.spec.ts:8:18
            </failure>
        </testcase>
        <testcase classname="src/everything.spec.ts" name="describe 85 &gt; example test 22" time="0.000013792">
        </testcase>
        <testcase classname="src/everything.spec.ts" name="describe 85 &gt; example test 23" time="0.000061833">
            <failure message="expected true to be false // Object.is equality" type="AssertionError">
AssertionError: expected true to be false // Object.is equality

- Expected
+ Received

- false
+ true

 ❯ src/everything.spec.ts:8:18
            </failure>
        </testcase>
        <testcase classname="src/everything.spec.ts" name="describe 85 &gt; example test 24" time="0.000014041">
        </testcase>
        <testcase classname="src/everything.spec.ts" name="describe 85 &gt; example test 25" time="0.000062166">
            <failure message="expected true to be false // Object.is equality" type="AssertionError">
AssertionError: expected true to be false // Object.is equality

- Expected
+ Received

- false
+ true

 ❯ src/everything.spec.ts:8:18
            </failure>
        </testcase>
        <testcase classname="src/everything.spec.ts" name="describe 85 &gt; example test 26" time="0.000013708">
        </testcase>
        <testcase classname="src/everything.spec.ts" name="describe 85 &gt; example test 27" time="0.000061667">
            <failure message="expected true to be false // Object.is equality" type="AssertionError">
AssertionError: expected true to be false // Object.is equality

- Expected
+ Received

- false
+ true

 ❯ src/everything.spec.ts:8:18
            </failure>
        </testcase>
        <testcase classname="src/everything.spec.ts" name="describe 85 &gt; example test 28" time="0.000013792">
        </testcase>
        <testcase classname="src/everything.spec.ts" name="describe 85 &gt; example test 29" time="0.000060958">
            <failure message="expected true to be false // Object.is equality" type="AssertionError">
AssertionError: expected true to be false // Object.is equality

- Expected
+ Received

- false
+ true

 ❯ src/everything.spec.ts:8:18
            </failure>
        </testcase>
        <testcase classname="src/everything.spec.ts" name="describe 85 &gt; example test 30" time="0.000013916">
        </testcase>
        <testcase classname="src/everything.spec.ts" name="describe 85 &gt; example test 31" time="0.000061459">
            <failure message="expected true to be false // Object.is equality" type="AssertionError">
AssertionError: expected true to be false // Object.is equality

- Expected
+ Received

- false
+ true

 ❯ src/everything.spec.ts:8:18
            </failure>
        </testcase>
        <testcase classname="src/everything.spec.ts" name="describe 85 &gt; example test 32" time="0.000014">
        </testcase>
        <testcase classname="src/everything.spec.ts" name="describe 85 &gt; example test 33" time="0.000061083">
            <failure message="expected true to be false // Object.is equality" type="AssertionError">
AssertionError: expected true to be false // Object.is equality

- Expected
+ Received

- false
+ true

 ❯ src/everything.spec.ts:8:18
            </failure>
        </testcase>
        <testcase classname="src/everything.spec.ts" name="describe 85 &gt; example test 34" time="0.000013917">
        </testcase>
        <testcase classname="src/everything.spec.ts" name="describe 85 &gt; example test 35" time="0.000061875">
            <failure message="expected true to be false // Object.is equality" type="AssertionError">
AssertionError: expected true to be false // Object.is equality

- Expected
+ Received

- false
+ true

 ❯ src/everything.spec.ts:8:18
            </failure>
        </testcase>
        <testcase classname="src/everything.spec.ts" name="describe 85 &gt; example test 36" time="0.000014">
        </testcase>
        <testcase classname="src/everything.spec.ts" name="describe 85 &gt; example test 37" time="0.000060959">
            <failure message="expected true to be false // Object.is equality" type="AssertionError">
AssertionError: expected true to be false // Object.is equality

- Expected
+ Received

- false
+ true

 ❯ src/everything.spec.ts:8:18
            </failure>
        </testcase>
        <testcase classname="src/everything.spec.ts" name="describe 85 &gt; example test 38" time="0.00001375">
        </testcase>
        <testcase classname="src/everything.spec.ts" name="describe 85 &gt; example test 39" time="0.000061875">
            <failure message="expected true to be false // Object.is equality" type="AssertionError">
AssertionError: expected true to be false // Object.is equality

- Expected
+ Received

- false
+ true

 ❯ src/everything.spec.ts:8:18
            </failure>
        </testcase>
        <testcase classname="src/everything.spec.ts" name="describe 85 &gt; example test 40" time="0.000014208">
        </testcase>
        <testcase classname="src/everything.spec.ts" name="describe 85 &gt; example test 41" time="0.000061375">
            <failure message="expected true to be false // Object.is equality" type="AssertionError">
AssertionError: expected true to be false // Object.is equality

- Expected
+ Received

- false
+ true

 ❯ src/everything.spec.ts:8:18
            </failure>
        </testcase>
        <testcase classname="src/everything.spec.ts" name="describe 85 &gt; example test 42" time="0.000014">
        </testcase>
        <testcase classname="src/everything.spec.ts" name="describe 85 &gt; example test 43" time="0.000062208">
            <failure message="expected true to be false // Object.is equality" type="AssertionError">
AssertionError: expected true to be false // Object.is equality

- Expected
+ Received

- false
+ true

 ❯ src/everything.spec.ts:8:18
            </failure>
        </testcase>
        <testcase classname="src/everything.spec.ts" name="describe 85 &gt; example test 44" time="0.000013708">
        </testcase>
        <testcase classname="src/everything.spec.ts" name="describe 85 &gt; example test 45" time="0.000061458">
            <failure message="expected true to be false // Object.is equality" type="AssertionError">
AssertionError: expected true to be false // Object.is equality

- Expected
+ Received

- false
+ true

 ❯ src/everything.spec.ts:8:18
            </failure>
        </testcase>
        <testcase classname="src/everything.spec.ts" name="describe 85 &gt; example test 46" time="0.000014125">
        </testcase>
        <testcase classname="src/everything.spec.ts" name="describe 85 &gt; example test 47" time="0.000061542">
            <failure message="expected true to be false // Object.is equality" type="AssertionError">
AssertionError: expected true to be false // Object.is equality

- Expected
+ Received

- false
+ true

 ❯ src/everything.spec.ts:8:18
            </failure>
        </testcase>
        <testcase classname="src/everything.spec.ts" name="describe 85 &gt; example test 48" time="0.00001425">
        </testcase>
        <testcase classname="src/everything.spec.ts" name="describe 85 &gt; example test 49" time="0.000060875">
            <failure message="expected true to be false // Object.is equality" type="AssertionError">
AssertionError: expected true to be false // Object.is equality

- Expected
+ Received

- false
+ true

 ❯ src/everything.spec.ts:8:18
            </failure>
        </testcase>
        <testcase classname="src/everything.spec.ts" name="describe 85 &gt; example test 50" time="0.0000135">
        </testcase>
        <testcase classname="src/everything.spec.ts" name="describe 85 &gt; example test 51" time="0.000064459">
            <failure message="expected true to be false // Object.is equality" type="AssertionError">
AssertionError: expected true to be false // Object.is equality

- Expected
+ Received

- false
+ true

 ❯ src/everything.spec.ts:8:18
            </failure>
        </testcase>
        <testcase classname="src/everything.spec.ts" name="describe 85 &gt; example test 52" time="0.000014584">
        </testcase>
        <testcase classname="src/everything.spec.ts" name="describe 85 &gt; example test 53" time="0.000060833">
            <failure message="expected true to be false // Object.is equality" type="AssertionError">
AssertionError: expected true to be false // Object.is equality

- Expected
+ Received

- false
+ true

 ❯ src/everything.spec.ts:8:18
            </failure>
        </testcase>
        <testcase classname="src/everything.spec.ts" name="describe 85 &gt; example test 54" time="0.00001375">
        </testcase>
        <testcase classname="src/everything.spec.ts" name="describe 85 &gt; example test 55" time="0.000061458">
            <failure message="expected true to be false // Object.is equality" type="AssertionError">
AssertionError: expected true to be false // Object.is equality

- Expected
+ Received

- false
+ true

 ❯ src/everything.spec.ts:8:18
            </failure>
        </testcase>
        <testcase classname="src/everything.spec.ts" name="describe 85 &gt; example test 56" time="0.000014042">
        </testcase>
        <testcase classname="src/everything.spec.ts" name="describe 85 &gt; example test 57" time="0.000060875">
            <failure message="expected true to be false // Object.is equality" type="AssertionError">
AssertionError: expected true to be false // Object.is equality

- Expected
+ Received

- false
+ true

 ❯ src/everything.spec.ts:8:18
            </failure>
        </testcase>
        <testcase classname="src/everything.spec.ts" name="describe 85 &gt; example test 58" time="0.0000135">
        </testcase>
        <testcase classname="src/everything.spec.ts" name="describe 85 &gt; example test 59" time="0.000061709">
            <failure message="expected true to be false // Object.is equality" type="AssertionError">
AssertionError: expected true to be false // Object.is equality

- Expected
+ Received

- false
+ true

 ❯ src/everything.spec.ts:8:18
            </failure>
        </testcase>
        <testcase classname="src/everything.spec.ts" name="describe 85 &gt; example test 60" time="0.00001375">
        </testcase>
        <testcase classname="src/everything.spec.ts" name="describe 85 &gt; example test 61" time="0.00006125">
            <failure message="expected true to be false // Object.is equality" type="AssertionError">
AssertionError: expected true to be false // Object.is equality

- Expected
+ Received

- false
+ true

 ❯ src/everything.spec.ts:8:18
            </failure>
        </testcase>
        <testcase classname="src/everything.spec.ts" name="describe 85 &gt; example test 62" time="0.0000135">
        </testcase>
        <testcase classname="src/everything.spec.ts" name="describe 85 &gt; example test 63" time="0.023672375">
            <failure message="expected true to be false // Object.is equality" type="AssertionError">
AssertionError: expected true to be false // Object.is equality

- Expected
+ Received

- false
+ true

 ❯ src/everything.spec.ts:8:18
            </failure>
        </testcase>
        <testcase classname="src/everything.spec.ts" name="describe 85 &gt; example test 64" time="0.000068417">
        </testcase>
        <testcase classname="src/everything.spec.ts" name="describe 85 &gt; example test 65" time="0.000177334">
            <failure message="expected true to be false // Object.is equality" type="AssertionError">
AssertionError: expected true to be false // Object.is equality

- Expected
+ Received

- false
+ true

 ❯ src/everything.spec.ts:8:18
            </failure>
        </testcase>
        <testcase classname="src/everything.spec.ts" name="describe 85 &gt; example test 66" time="0.000018667">
        </testcase>
        <testcase classname="src/everything.spec.ts" name="describe 85 &gt; example test 67" time="0.000076792">
            <failure message="expected true to be false // Object.is equality" type="AssertionError">
AssertionError: expected true to be false // Object.is equality

- Expected
+ Received

- false
+ true

 ❯ src/everything.spec.ts:8:18
            </failure>
        </testcase>
        <testcase classname="src/everything.spec.ts" name="describe 85 &gt; example test 68" time="0.000016291">
        </testcase>
        <testcase classname="src/everything.spec.ts" name="describe 85 &gt; example test 69" time="0.000069542">
            <failure message="expected true to be false // Object.is equality" type="AssertionError">
AssertionError: expected true to be false // Object.is equality

- Expected
+ Received

- false
+ true

 ❯ src/everything.spec.ts:8:18
            </failure>
        </testcase>
        <testcase classname="src/everything.spec.ts" name="describe 85 &gt; example test 70" time="0.000015084">
        </testcase>
        <testcase classname="src/everything.spec.ts" name="describe 85 &gt; example test 71" time="0.000084875">
            <failure message="expected true to be false // Object.is equality" type="AssertionError">
AssertionError: expected true to be false // Object.is equality

- Expected
+ Received

- false
+ true

 ❯ src/everything.spec.ts:8:18
            </failure>
        </testcase>
        <testcase classname="src/everything.spec.ts" name="describe 85 &gt; example test 72" time="0.000014708">
        </testcase>
        <testcase classname="src/everything.spec.ts" name="describe 85 &gt; example test 73" time="0.000065708">
            <failure message="expected true to be false // Object.is equality" type="AssertionError">
AssertionError: expected true to be false // Object.is equality

- Expected
+ Received

- false
+ true

 ❯ src/everything.spec.ts:8:18
            </failure>
        </testcase>
        <testcase classname="src/everything.spec.ts" name="describe 85 &gt; example test 74" time="0.000014166">
        </testcase>
        <testcase classname="src/everything.spec.ts" name="describe 85 &gt; example test 75" time="0.00006275">
            <failure message="expected true to be false // Object.is equality" type="AssertionError">
AssertionError: expected true to be false // Object.is equality

- Expected
+ Received

- false
+ true

 ❯ src/everything.spec.ts:8:18
            </failure>
        </testcase>
        <testcase classname="src/everything.spec.ts" name="describe 85 &gt; example test 76" time="0.000014625">
        </testcase>
        <testcase classname="src/everything.spec.ts" name="describe 85 &gt; example test 77" time="0.000063167">
            <failure message="expected true to be false // Object.is equality" type="AssertionError">
AssertionError: expected true to be false // Object.is equality

- Expected
+ Received

- false
+ true

 ❯ src/everything.spec.ts:8:18
            </failure>
        </testcase>
        <testcase classname="src/everything.spec.ts" name="describe 85 &gt; example test 78" time="0.000013875">
        </testcase>
        <testcase classname="src/everything.spec.ts" name="describe 85 &gt; example test 79" time="0.000062792">
            <failure message="expected true to be false // Object.is equality" type="AssertionError">
AssertionError: expected true to be false // Object.is equality

- Expected
+ Received

- false
+ true

 ❯ src/everything.spec.ts:8:18
            </failure>
        </testcase>
        <testcase classname="src/everything.spec.ts" name="describe 85 &gt; example test 80" time="0.000014709">
        </testcase>
        <testcase classname="src/everything.spec.ts" name="describe 85 &gt; example test 81" time="0.000062833">
            <failure message="expected true to be false // Object.is equality" type="AssertionError">
AssertionError: expected true to be false // Object.is equality

- Expected
+ Received

- false
+ true

 ❯ src/everything.spec.ts:8:18
            </failure>
        </testcase>
        <testcase classname="src/everything.spec.ts" name="describe 85 &gt; example test 82" time="0.000014042">
        </testcase>
        <testcase classname="src/everything.spec.ts" name="describe 85 &gt; example test 83" time="0.000062125">
            <failure message="expected true to be false // Object.is equality" type="AssertionError">
AssertionError: expected true to be false // Object.is equality

- Expected
+ Received

- false
+ true

 ❯ src/everything.spec.ts:8:18
            </failure>
        </testcase>
        <testcase classname="src/everything.spec.ts" name="describe 85 &gt; example test 84" time="0.000014875">
        </testcase>
        <testcase classname="src/everything.spec.ts" name="describe 85 &gt; example test 85" time="0.000062333">
            <failure message="expected true to be false // Object.is equality" type="AssertionError">
AssertionError: expected true to be false // Object.is equality

- Expected
+ Received

- false
+ true

 ❯ src/everything.spec.ts:8:18
            </failure>
        </testcase>
        <testcase classname="src/everything.spec.ts" name="describe 85 &gt; example test 86" time="0.000014083">
        </testcase>
        <testcase classname="src/everything.spec.ts" name="describe 85 &gt; example test 87" time="0.000061542">
            <failure message="expected true to be false // Object.is equality" type="AssertionError">
AssertionError: expected true to be false // Object.is equality

- Expected
+ Received

- false
+ true

 ❯ src/everything.spec.ts:8:18
            </failure>
        </testcase>
        <testcase classname="src/everything.spec.ts" name="describe 85 &gt; example test 88" time="0.000014709">
        </testcase>
        <testcase classname="src/everything.spec.ts" name="describe 85 &gt; example test 89" time="0.000063541">
            <failure message="expected true to be false // Object.is equality" type="AssertionError">
AssertionError: expected true to be false // Object.is equality

- Expected
+ Received

- false
+ true

 ❯ src/everything.spec.ts:8:18
            </failure>
        </testcase>
        <testcase classname="src/everything.spec.ts" name="describe 85 &gt; example test 90" time="0.0000145">
        </testcase>
        <testcase classname="src/everything.spec.ts" name="describe 85 &gt; example test 91" time="0.000061666">
            <failure message="expected true to be false // Object.is equality" type="AssertionError">
AssertionError: expected true to be false // Object.is equality

- Expected
+ Received

- false
+ true

 ❯ src/everything.spec.ts:8:18
            </failure>
        </testcase>
        <testcase classname="src/everything.spec.ts" name="describe 85 &gt; example test 92" time="0.000015208">
        </testcase>
        <testcase classname="src/everything.spec.ts" name="describe 85 &gt; example test 93" time="0.000062042">
            <failure message="expected true to be false // Object.is equality" type="AssertionError">
AssertionError: expected true to be false // Object.is equality

- Expected
+ Received

- false
+ true

 ❯ src/everything.spec.ts:8:18
            </failure>
        </testcase>
        <testcase classname="src/everything.spec.ts" name="describe 85 &gt; example test 94" time="0.000014208">
        </testcase>
        <testcase classname="src/everything.spec.ts" name="describe 85 &gt; example test 95" time="0.000062042">
            <failure message="expected true to be false // Object.is equality" type="AssertionError">
AssertionError: expected true to be false // Object.is equality

- Expected
+ Received

- false
+ true

 ❯ src/everything.spec.ts:8:18
            </failure>
        </testcase>
        <testcase classname="src/everything.spec.ts" name="describe 85 &gt; example test 96" time="0.000015">
        </testcase>
        <testcase classname="src/everything.spec.ts" name="describe 85 &gt; example test 97" time="0.000061875">
            <failure message="expected true to be false // Object.is equality" type="AssertionError">
AssertionError: expected true to be false // Object.is equality

- Expected
+ Received

- false
+ true

 ❯ src/everything.spec.ts:8:18
            </failure>
        </testcase>
        <testcase classname="src/everything.spec.ts" name="describe 85 &gt; example test 98" time="0.000014209">
        </testcase>
        <testcase classname="src/everything.spec.ts" name="describe 85 &gt; example test 99" time="0.000062167">
            <failure message="expected true to be false // Object.is equality" type="AssertionError">
AssertionError: expected true to be false // Object.is equality

- Expected
+ Received

- false
+ true

 ❯ src/everything.spec.ts:8:18
            </failure>
        </testcase>
        <testcase classname="src/everything.spec.ts" name="describe 85 &gt; example test 100" time="0.000014709">
        </testcase>
        <testcase classname="src/everything.spec.ts" name="describe 86 &gt; example test 1" time="0.000062875">
            <failure message="expected true to be false // Object.is equality" type="AssertionError">
AssertionError: expected true to be false // Object.is equality

- Expected
+ Received

- false
+ true

 ❯ src/everything.spec.ts:8:18
            </failure>
        </testcase>
        <testcase classname="src/everything.spec.ts" name="describe 86 &gt; example test 2" time="0.000014625">
        </testcase>
        <testcase classname="src/everything.spec.ts" name="describe 86 &gt; example test 3" time="0.0000615">
            <failure message="expected true to be false // Object.is equality" type="AssertionError">
AssertionError: expected true to be false // Object.is equality

- Expected
+ Received

- false
+ true

 ❯ src/everything.spec.ts:8:18
            </failure>
        </testcase>
        <testcase classname="src/everything.spec.ts" name="describe 86 &gt; example test 4" time="0.000014125">
        </testcase>
        <testcase classname="src/everything.spec.ts" name="describe 86 &gt; example test 5" time="0.000062125">
            <failure message="expected true to be false // Object.is equality" type="AssertionError">
AssertionError: expected true to be false // Object.is equality

- Expected
+ Received

- false
+ true

 ❯ src/everything.spec.ts:8:18
            </failure>
        </testcase>
        <testcase classname="src/everything.spec.ts" name="describe 86 &gt; example test 6" time="0.000014">
        </testcase>
        <testcase classname="src/everything.spec.ts" name="describe 86 &gt; example test 7" time="0.000063833">
            <failure message="expected true to be false // Object.is equality" type="AssertionError">
AssertionError: expected true to be false // Object.is equality

- Expected
+ Received

- false
+ true

 ❯ src/everything.spec.ts:8:18
            </failure>
        </testcase>
        <testcase classname="src/everything.spec.ts" name="describe 86 &gt; example test 8" time="0.000014">
        </testcase>
        <testcase classname="src/everything.spec.ts" name="describe 86 &gt; example test 9" time="0.000063834">
            <failure message="expected true to be false // Object.is equality" type="AssertionError">
AssertionError: expected true to be false // Object.is equality

- Expected
+ Received

- false
+ true

 ❯ src/everything.spec.ts:8:18
            </failure>
        </testcase>
        <testcase classname="src/everything.spec.ts" name="describe 86 &gt; example test 10" time="0.000014292">
        </testcase>
        <testcase classname="src/everything.spec.ts" name="describe 86 &gt; example test 11" time="0.000062166">
            <failure message="expected true to be false // Object.is equality" type="AssertionError">
AssertionError: expected true to be false // Object.is equality

- Expected
+ Received

- false
+ true

 ❯ src/everything.spec.ts:8:18
            </failure>
        </testcase>
        <testcase classname="src/everything.spec.ts" name="describe 86 &gt; example test 12" time="0.000014291">
        </testcase>
        <testcase classname="src/everything.spec.ts" name="describe 86 &gt; example test 13" time="0.000061792">
            <failure message="expected true to be false // Object.is equality" type="AssertionError">
AssertionError: expected true to be false // Object.is equality

- Expected
+ Received

- false
+ true

 ❯ src/everything.spec.ts:8:18
            </failure>
        </testcase>
        <testcase classname="src/everything.spec.ts" name="describe 86 &gt; example test 14" time="0.000014209">
        </testcase>
        <testcase classname="src/everything.spec.ts" name="describe 86 &gt; example test 15" time="0.000061542">
            <failure message="expected true to be false // Object.is equality" type="AssertionError">
AssertionError: expected true to be false // Object.is equality

- Expected
+ Received

- false
+ true

 ❯ src/everything.spec.ts:8:18
            </failure>
        </testcase>
        <testcase classname="src/everything.spec.ts" name="describe 86 &gt; example test 16" time="0.000013458">
        </testcase>
        <testcase classname="src/everything.spec.ts" name="describe 86 &gt; example test 17" time="0.000061334">
            <failure message="expected true to be false // Object.is equality" type="AssertionError">
AssertionError: expected true to be false // Object.is equality

- Expected
+ Received

- false
+ true

 ❯ src/everything.spec.ts:8:18
            </failure>
        </testcase>
        <testcase classname="src/everything.spec.ts" name="describe 86 &gt; example test 18" time="0.000014333">
        </testcase>
        <testcase classname="src/everything.spec.ts" name="describe 86 &gt; example test 19" time="0.000061917">
            <failure message="expected true to be false // Object.is equality" type="AssertionError">
AssertionError: expected true to be false // Object.is equality

- Expected
+ Received

- false
+ true

 ❯ src/everything.spec.ts:8:18
            </failure>
        </testcase>
        <testcase classname="src/everything.spec.ts" name="describe 86 &gt; example test 20" time="0.000016791">
        </testcase>
        <testcase classname="src/everything.spec.ts" name="describe 86 &gt; example test 21" time="0.000064166">
            <failure message="expected true to be false // Object.is equality" type="AssertionError">
AssertionError: expected true to be false // Object.is equality

- Expected
+ Received

- false
+ true

 ❯ src/everything.spec.ts:8:18
            </failure>
        </testcase>
        <testcase classname="src/everything.spec.ts" name="describe 86 &gt; example test 22" time="0.000013833">
        </testcase>
        <testcase classname="src/everything.spec.ts" name="describe 86 &gt; example test 23" time="0.000061833">
            <failure message="expected true to be false // Object.is equality" type="AssertionError">
AssertionError: expected true to be false // Object.is equality

- Expected
+ Received

- false
+ true

 ❯ src/everything.spec.ts:8:18
            </failure>
        </testcase>
        <testcase classname="src/everything.spec.ts" name="describe 86 &gt; example test 24" time="0.00001375">
        </testcase>
        <testcase classname="src/everything.spec.ts" name="describe 86 &gt; example test 25" time="0.000062375">
            <failure message="expected true to be false // Object.is equality" type="AssertionError">
AssertionError: expected true to be false // Object.is equality

- Expected
+ Received

- false
+ true

 ❯ src/everything.spec.ts:8:18
            </failure>
        </testcase>
        <testcase classname="src/everything.spec.ts" name="describe 86 &gt; example test 26" time="0.000014167">
        </testcase>
        <testcase classname="src/everything.spec.ts" name="describe 86 &gt; example test 27" time="0.000062">
            <failure message="expected true to be false // Object.is equality" type="AssertionError">
AssertionError: expected true to be false // Object.is equality

- Expected
+ Received

- false
+ true

 ❯ src/everything.spec.ts:8:18
            </failure>
        </testcase>
        <testcase classname="src/everything.spec.ts" name="describe 86 &gt; example test 28" time="0.00001375">
        </testcase>
        <testcase classname="src/everything.spec.ts" name="describe 86 &gt; example test 29" time="0.000061042">
            <failure message="expected true to be false // Object.is equality" type="AssertionError">
AssertionError: expected true to be false // Object.is equality

- Expected
+ Received

- false
+ true

 ❯ src/everything.spec.ts:8:18
            </failure>
        </testcase>
        <testcase classname="src/everything.spec.ts" name="describe 86 &gt; example test 30" time="0.000014">
        </testcase>
        <testcase classname="src/everything.spec.ts" name="describe 86 &gt; example test 31" time="0.000061333">
            <failure message="expected true to be false // Object.is equality" type="AssertionError">
AssertionError: expected true to be false // Object.is equality

- Expected
+ Received

- false
+ true

 ❯ src/everything.spec.ts:8:18
            </failure>
        </testcase>
        <testcase classname="src/everything.spec.ts" name="describe 86 &gt; example test 32" time="0.000013875">
        </testcase>
        <testcase classname="src/everything.spec.ts" name="describe 86 &gt; example test 33" time="0.000060833">
            <failure message="expected true to be false // Object.is equality" type="AssertionError">
AssertionError: expected true to be false // Object.is equality

- Expected
+ Received

- false
+ true

 ❯ src/everything.spec.ts:8:18
            </failure>
        </testcase>
        <testcase classname="src/everything.spec.ts" name="describe 86 &gt; example test 34" time="0.000013875">
        </testcase>
        <testcase classname="src/everything.spec.ts" name="describe 86 &gt; example test 35" time="0.00006175">
            <failure message="expected true to be false // Object.is equality" type="AssertionError">
AssertionError: expected true to be false // Object.is equality

- Expected
+ Received

- false
+ true

 ❯ src/everything.spec.ts:8:18
            </failure>
        </testcase>
        <testcase classname="src/everything.spec.ts" name="describe 86 &gt; example test 36" time="0.000015916">
        </testcase>
        <testcase classname="src/everything.spec.ts" name="describe 86 &gt; example test 37" time="0.000062166">
            <failure message="expected true to be false // Object.is equality" type="AssertionError">
AssertionError: expected true to be false // Object.is equality

- Expected
+ Received

- false
+ true

 ❯ src/everything.spec.ts:8:18
            </failure>
        </testcase>
        <testcase classname="src/everything.spec.ts" name="describe 86 &gt; example test 38" time="0.000013791">
        </testcase>
        <testcase classname="src/everything.spec.ts" name="describe 86 &gt; example test 39" time="0.000062292">
            <failure message="expected true to be false // Object.is equality" type="AssertionError">
AssertionError: expected true to be false // Object.is equality

- Expected
+ Received

- false
+ true

 ❯ src/everything.spec.ts:8:18
            </failure>
        </testcase>
        <testcase classname="src/everything.spec.ts" name="describe 86 &gt; example test 40" time="0.000013667">
        </testcase>
        <testcase classname="src/everything.spec.ts" name="describe 86 &gt; example test 41" time="0.000060917">
            <failure message="expected true to be false // Object.is equality" type="AssertionError">
AssertionError: expected true to be false // Object.is equality

- Expected
+ Received

- false
+ true

 ❯ src/everything.spec.ts:8:18
            </failure>
        </testcase>
        <testcase classname="src/everything.spec.ts" name="describe 86 &gt; example test 42" time="0.000014">
        </testcase>
        <testcase classname="src/everything.spec.ts" name="describe 86 &gt; example test 43" time="0.000061792">
            <failure message="expected true to be false // Object.is equality" type="AssertionError">
AssertionError: expected true to be false // Object.is equality

- Expected
+ Received

- false
+ true

 ❯ src/everything.spec.ts:8:18
            </failure>
        </testcase>
        <testcase classname="src/everything.spec.ts" name="describe 86 &gt; example test 44" time="0.00001425">
        </testcase>
        <testcase classname="src/everything.spec.ts" name="describe 86 &gt; example test 45" time="0.000061625">
            <failure message="expected true to be false // Object.is equality" type="AssertionError">
AssertionError: expected true to be false // Object.is equality

- Expected
+ Received

- false
+ true

 ❯ src/everything.spec.ts:8:18
            </failure>
        </testcase>
        <testcase classname="src/everything.spec.ts" name="describe 86 &gt; example test 46" time="0.000013625">
        </testcase>
        <testcase classname="src/everything.spec.ts" name="describe 86 &gt; example test 47" time="0.0000625">
            <failure message="expected true to be false // Object.is equality" type="AssertionError">
AssertionError: expected true to be false // Object.is equality

- Expected
+ Received

- false
+ true

 ❯ src/everything.spec.ts:8:18
            </failure>
        </testcase>
        <testcase classname="src/everything.spec.ts" name="describe 86 &gt; example test 48" time="0.000013834">
        </testcase>
        <testcase classname="src/everything.spec.ts" name="describe 86 &gt; example test 49" time="0.000060959">
            <failure message="expected true to be false // Object.is equality" type="AssertionError">
AssertionError: expected true to be false // Object.is equality

- Expected
+ Received

- false
+ true

 ❯ src/everything.spec.ts:8:18
            </failure>
        </testcase>
        <testcase classname="src/everything.spec.ts" name="describe 86 &gt; example test 50" time="0.000013625">
        </testcase>
        <testcase classname="src/everything.spec.ts" name="describe 86 &gt; example test 51" time="0.0000615">
            <failure message="expected true to be false // Object.is equality" type="AssertionError">
AssertionError: expected true to be false // Object.is equality

- Expected
+ Received

- false
+ true

 ❯ src/everything.spec.ts:8:18
            </failure>
        </testcase>
        <testcase classname="src/everything.spec.ts" name="describe 86 &gt; example test 52" time="0.000014041">
        </testcase>
        <testcase classname="src/everything.spec.ts" name="describe 86 &gt; example test 53" time="0.000061083">
            <failure message="expected true to be false // Object.is equality" type="AssertionError">
AssertionError: expected true to be false // Object.is equality

- Expected
+ Received

- false
+ true

 ❯ src/everything.spec.ts:8:18
            </failure>
        </testcase>
        <testcase classname="src/everything.spec.ts" name="describe 86 &gt; example test 54" time="0.000013959">
        </testcase>
        <testcase classname="src/everything.spec.ts" name="describe 86 &gt; example test 55" time="0.000062">
            <failure message="expected true to be false // Object.is equality" type="AssertionError">
AssertionError: expected true to be false // Object.is equality

- Expected
+ Received

- false
+ true

 ❯ src/everything.spec.ts:8:18
            </failure>
        </testcase>
        <testcase classname="src/everything.spec.ts" name="describe 86 &gt; example test 56" time="0.000013875">
        </testcase>
        <testcase classname="src/everything.spec.ts" name="describe 86 &gt; example test 57" time="0.000064166">
            <failure message="expected true to be false // Object.is equality" type="AssertionError">
AssertionError: expected true to be false // Object.is equality

- Expected
+ Received

- false
+ true

 ❯ src/everything.spec.ts:8:18
            </failure>
        </testcase>
        <testcase classname="src/everything.spec.ts" name="describe 86 &gt; example test 58" time="0.000013458">
        </testcase>
        <testcase classname="src/everything.spec.ts" name="describe 86 &gt; example test 59" time="0.00006225">
            <failure message="expected true to be false // Object.is equality" type="AssertionError">
AssertionError: expected true to be false // Object.is equality

- Expected
+ Received

- false
+ true

 ❯ src/everything.spec.ts:8:18
            </failure>
        </testcase>
        <testcase classname="src/everything.spec.ts" name="describe 86 &gt; example test 60" time="0.000014042">
        </testcase>
        <testcase classname="src/everything.spec.ts" name="describe 86 &gt; example test 61" time="0.000061">
            <failure message="expected true to be false // Object.is equality" type="AssertionError">
AssertionError: expected true to be false // Object.is equality

- Expected
+ Received

- false
+ true

 ❯ src/everything.spec.ts:8:18
            </failure>
        </testcase>
        <testcase classname="src/everything.spec.ts" name="describe 86 &gt; example test 62" time="0.000014125">
        </testcase>
        <testcase classname="src/everything.spec.ts" name="describe 86 &gt; example test 63" time="0.000061333">
            <failure message="expected true to be false // Object.is equality" type="AssertionError">
AssertionError: expected true to be false // Object.is equality

- Expected
+ Received

- false
+ true

 ❯ src/everything.spec.ts:8:18
            </failure>
        </testcase>
        <testcase classname="src/everything.spec.ts" name="describe 86 &gt; example test 64" time="0.000013625">
        </testcase>
        <testcase classname="src/everything.spec.ts" name="describe 86 &gt; example test 65" time="0.000060541">
            <failure message="expected true to be false // Object.is equality" type="AssertionError">
AssertionError: expected true to be false // Object.is equality

- Expected
+ Received

- false
+ true

 ❯ src/everything.spec.ts:8:18
            </failure>
        </testcase>
        <testcase classname="src/everything.spec.ts" name="describe 86 &gt; example test 66" time="0.00001375">
        </testcase>
        <testcase classname="src/everything.spec.ts" name="describe 86 &gt; example test 67" time="0.000064875">
            <failure message="expected true to be false // Object.is equality" type="AssertionError">
AssertionError: expected true to be false // Object.is equality

- Expected
+ Received

- false
+ true

 ❯ src/everything.spec.ts:8:18
            </failure>
        </testcase>
        <testcase classname="src/everything.spec.ts" name="describe 86 &gt; example test 68" time="0.000014083">
        </testcase>
        <testcase classname="src/everything.spec.ts" name="describe 86 &gt; example test 69" time="0.00006125">
            <failure message="expected true to be false // Object.is equality" type="AssertionError">
AssertionError: expected true to be false // Object.is equality

- Expected
+ Received

- false
+ true

 ❯ src/everything.spec.ts:8:18
            </failure>
        </testcase>
        <testcase classname="src/everything.spec.ts" name="describe 86 &gt; example test 70" time="0.000013875">
        </testcase>
        <testcase classname="src/everything.spec.ts" name="describe 86 &gt; example test 71" time="0.0000615">
            <failure message="expected true to be false // Object.is equality" type="AssertionError">
AssertionError: expected true to be false // Object.is equality

- Expected
+ Received

- false
+ true

 ❯ src/everything.spec.ts:8:18
            </failure>
        </testcase>
        <testcase classname="src/everything.spec.ts" name="describe 86 &gt; example test 72" time="0.000014291">
        </testcase>
        <testcase classname="src/everything.spec.ts" name="describe 86 &gt; example test 73" time="0.000061042">
            <failure message="expected true to be false // Object.is equality" type="AssertionError">
AssertionError: expected true to be false // Object.is equality

- Expected
+ Received

- false
+ true

 ❯ src/everything.spec.ts:8:18
            </failure>
        </testcase>
        <testcase classname="src/everything.spec.ts" name="describe 86 &gt; example test 74" time="0.000014208">
        </testcase>
        <testcase classname="src/everything.spec.ts" name="describe 86 &gt; example test 75" time="0.000061459">
            <failure message="expected true to be false // Object.is equality" type="AssertionError">
AssertionError: expected true to be false // Object.is equality

- Expected
+ Received

- false
+ true

 ❯ src/everything.spec.ts:8:18
            </failure>
        </testcase>
        <testcase classname="src/everything.spec.ts" name="describe 86 &gt; example test 76" time="0.000013917">
        </testcase>
        <testcase classname="src/everything.spec.ts" name="describe 86 &gt; example test 77" time="0.000063041">
            <failure message="expected true to be false // Object.is equality" type="AssertionError">
AssertionError: expected true to be false // Object.is equality

- Expected
+ Received

- false
+ true

 ❯ src/everything.spec.ts:8:18
            </failure>
        </testcase>
        <testcase classname="src/everything.spec.ts" name="describe 86 &gt; example test 78" time="0.000013917">
        </testcase>
        <testcase classname="src/everything.spec.ts" name="describe 86 &gt; example test 79" time="0.00006175">
            <failure message="expected true to be false // Object.is equality" type="AssertionError">
AssertionError: expected true to be false // Object.is equality

- Expected
+ Received

- false
+ true

 ❯ src/everything.spec.ts:8:18
            </failure>
        </testcase>
        <testcase classname="src/everything.spec.ts" name="describe 86 &gt; example test 80" time="0.00001425">
        </testcase>
        <testcase classname="src/everything.spec.ts" name="describe 86 &gt; example test 81" time="0.000061">
            <failure message="expected true to be false // Object.is equality" type="AssertionError">
AssertionError: expected true to be false // Object.is equality

- Expected
+ Received

- false
+ true

 ❯ src/everything.spec.ts:8:18
            </failure>
        </testcase>
        <testcase classname="src/everything.spec.ts" name="describe 86 &gt; example test 82" time="0.000013833">
        </testcase>
        <testcase classname="src/everything.spec.ts" name="describe 86 &gt; example test 83" time="0.000061708">
            <failure message="expected true to be false // Object.is equality" type="AssertionError">
AssertionError: expected true to be false // Object.is equality

- Expected
+ Received

- false
+ true

 ❯ src/everything.spec.ts:8:18
            </failure>
        </testcase>
        <testcase classname="src/everything.spec.ts" name="describe 86 &gt; example test 84" time="0.000014584">
        </testcase>
        <testcase classname="src/everything.spec.ts" name="describe 86 &gt; example test 85" time="0.000061042">
            <failure message="expected true to be false // Object.is equality" type="AssertionError">
AssertionError: expected true to be false // Object.is equality

- Expected
+ Received

- false
+ true

 ❯ src/everything.spec.ts:8:18
            </failure>
        </testcase>
        <testcase classname="src/everything.spec.ts" name="describe 86 &gt; example test 86" time="0.000013958">
        </testcase>
        <testcase classname="src/everything.spec.ts" name="describe 86 &gt; example test 87" time="0.000061875">
            <failure message="expected true to be false // Object.is equality" type="AssertionError">
AssertionError: expected true to be false // Object.is equality

- Expected
+ Received

- false
+ true

 ❯ src/everything.spec.ts:8:18
            </failure>
        </testcase>
        <testcase classname="src/everything.spec.ts" name="describe 86 &gt; example test 88" time="0.000013875">
        </testcase>
        <testcase classname="src/everything.spec.ts" name="describe 86 &gt; example test 89" time="0.000065209">
            <failure message="expected true to be false // Object.is equality" type="AssertionError">
AssertionError: expected true to be false // Object.is equality

- Expected
+ Received

- false
+ true

 ❯ src/everything.spec.ts:8:18
            </failure>
        </testcase>
        <testcase classname="src/everything.spec.ts" name="describe 86 &gt; example test 90" time="0.000013834">
        </testcase>
        <testcase classname="src/everything.spec.ts" name="describe 86 &gt; example test 91" time="0.000062416">
            <failure message="expected true to be false // Object.is equality" type="AssertionError">
AssertionError: expected true to be false // Object.is equality

- Expected
+ Received

- false
+ true

 ❯ src/everything.spec.ts:8:18
            </failure>
        </testcase>
        <testcase classname="src/everything.spec.ts" name="describe 86 &gt; example test 92" time="0.000014125">
        </testcase>
        <testcase classname="src/everything.spec.ts" name="describe 86 &gt; example test 93" time="0.000061167">
            <failure message="expected true to be false // Object.is equality" type="AssertionError">
AssertionError: expected true to be false // Object.is equality

- Expected
+ Received

- false
+ true

 ❯ src/everything.spec.ts:8:18
            </failure>
        </testcase>
        <testcase classname="src/everything.spec.ts" name="describe 86 &gt; example test 94" time="0.000014084">
        </testcase>
        <testcase classname="src/everything.spec.ts" name="describe 86 &gt; example test 95" time="0.00006175">
            <failure message="expected true to be false // Object.is equality" type="AssertionError">
AssertionError: expected true to be false // Object.is equality

- Expected
+ Received

- false
+ true

 ❯ src/everything.spec.ts:8:18
            </failure>
        </testcase>
        <testcase classname="src/everything.spec.ts" name="describe 86 &gt; example test 96" time="0.000013833">
        </testcase>
        <testcase classname="src/everything.spec.ts" name="describe 86 &gt; example test 97" time="0.000061833">
            <failure message="expected true to be false // Object.is equality" type="AssertionError">
AssertionError: expected true to be false // Object.is equality

- Expected
+ Received

- false
+ true

 ❯ src/everything.spec.ts:8:18
            </failure>
        </testcase>
        <testcase classname="src/everything.spec.ts" name="describe 86 &gt; example test 98" time="0.000013959">
        </testcase>
        <testcase classname="src/everything.spec.ts" name="describe 86 &gt; example test 99" time="0.000062375">
            <failure message="expected true to be false // Object.is equality" type="AssertionError">
AssertionError: expected true to be false // Object.is equality

- Expected
+ Received

- false
+ true

 ❯ src/everything.spec.ts:8:18
            </failure>
        </testcase>
        <testcase classname="src/everything.spec.ts" name="describe 86 &gt; example test 100" time="0.000013917">
        </testcase>
        <testcase classname="src/everything.spec.ts" name="describe 87 &gt; example test 1" time="0.00006225">
            <failure message="expected true to be false // Object.is equality" type="AssertionError">
AssertionError: expected true to be false // Object.is equality

- Expected
+ Received

- false
+ true

 ❯ src/everything.spec.ts:8:18
            </failure>
        </testcase>
        <testcase classname="src/everything.spec.ts" name="describe 87 &gt; example test 2" time="0.000013834">
        </testcase>
        <testcase classname="src/everything.spec.ts" name="describe 87 &gt; example test 3" time="0.000062083">
            <failure message="expected true to be false // Object.is equality" type="AssertionError">
AssertionError: expected true to be false // Object.is equality

- Expected
+ Received

- false
+ true

 ❯ src/everything.spec.ts:8:18
            </failure>
        </testcase>
        <testcase classname="src/everything.spec.ts" name="describe 87 &gt; example test 4" time="0.000014041">
        </testcase>
        <testcase classname="src/everything.spec.ts" name="describe 87 &gt; example test 5" time="0.000061583">
            <failure message="expected true to be false // Object.is equality" type="AssertionError">
AssertionError: expected true to be false // Object.is equality

- Expected
+ Received

- false
+ true

 ❯ src/everything.spec.ts:8:18
            </failure>
        </testcase>
        <testcase classname="src/everything.spec.ts" name="describe 87 &gt; example test 6" time="0.000014">
        </testcase>
        <testcase classname="src/everything.spec.ts" name="describe 87 &gt; example test 7" time="0.0000615">
            <failure message="expected true to be false // Object.is equality" type="AssertionError">
AssertionError: expected true to be false // Object.is equality

- Expected
+ Received

- false
+ true

 ❯ src/everything.spec.ts:8:18
            </failure>
        </testcase>
        <testcase classname="src/everything.spec.ts" name="describe 87 &gt; example test 8" time="0.000014083">
        </testcase>
        <testcase classname="src/everything.spec.ts" name="describe 87 &gt; example test 9" time="0.000063875">
            <failure message="expected true to be false // Object.is equality" type="AssertionError">
AssertionError: expected true to be false // Object.is equality

- Expected
+ Received

- false
+ true

 ❯ src/everything.spec.ts:8:18
            </failure>
        </testcase>
        <testcase classname="src/everything.spec.ts" name="describe 87 &gt; example test 10" time="0.000013875">
        </testcase>
        <testcase classname="src/everything.spec.ts" name="describe 87 &gt; example test 11" time="0.000062833">
            <failure message="expected true to be false // Object.is equality" type="AssertionError">
AssertionError: expected true to be false // Object.is equality

- Expected
+ Received

- false
+ true

 ❯ src/everything.spec.ts:8:18
            </failure>
        </testcase>
        <testcase classname="src/everything.spec.ts" name="describe 87 &gt; example test 12" time="0.000014167">
        </testcase>
        <testcase classname="src/everything.spec.ts" name="describe 87 &gt; example test 13" time="0.000091042">
            <failure message="expected true to be false // Object.is equality" type="AssertionError">
AssertionError: expected true to be false // Object.is equality

- Expected
+ Received

- false
+ true

 ❯ src/everything.spec.ts:8:18
            </failure>
        </testcase>
        <testcase classname="src/everything.spec.ts" name="describe 87 &gt; example test 14" time="0.000014542">
        </testcase>
        <testcase classname="src/everything.spec.ts" name="describe 87 &gt; example test 15" time="0.000065834">
            <failure message="expected true to be false // Object.is equality" type="AssertionError">
AssertionError: expected true to be false // Object.is equality

- Expected
+ Received

- false
+ true

 ❯ src/everything.spec.ts:8:18
            </failure>
        </testcase>
        <testcase classname="src/everything.spec.ts" name="describe 87 &gt; example test 16" time="0.000014708">
        </testcase>
        <testcase classname="src/everything.spec.ts" name="describe 87 &gt; example test 17" time="0.00006375">
            <failure message="expected true to be false // Object.is equality" type="AssertionError">
AssertionError: expected true to be false // Object.is equality

- Expected
+ Received

- false
+ true

 ❯ src/everything.spec.ts:8:18
            </failure>
        </testcase>
        <testcase classname="src/everything.spec.ts" name="describe 87 &gt; example test 18" time="0.000014083">
        </testcase>
        <testcase classname="src/everything.spec.ts" name="describe 87 &gt; example test 19" time="0.000065042">
            <failure message="expected true to be false // Object.is equality" type="AssertionError">
AssertionError: expected true to be false // Object.is equality

- Expected
+ Received

- false
+ true

 ❯ src/everything.spec.ts:8:18
            </failure>
        </testcase>
        <testcase classname="src/everything.spec.ts" name="describe 87 &gt; example test 20" time="0.000014125">
        </testcase>
        <testcase classname="src/everything.spec.ts" name="describe 87 &gt; example test 21" time="0.000064583">
            <failure message="expected true to be false // Object.is equality" type="AssertionError">
AssertionError: expected true to be false // Object.is equality

- Expected
+ Received

- false
+ true

 ❯ src/everything.spec.ts:8:18
            </failure>
        </testcase>
        <testcase classname="src/everything.spec.ts" name="describe 87 &gt; example test 22" time="0.000014459">
        </testcase>
        <testcase classname="src/everything.spec.ts" name="describe 87 &gt; example test 23" time="0.000065083">
            <failure message="expected true to be false // Object.is equality" type="AssertionError">
AssertionError: expected true to be false // Object.is equality

- Expected
+ Received

- false
+ true

 ❯ src/everything.spec.ts:8:18
            </failure>
        </testcase>
        <testcase classname="src/everything.spec.ts" name="describe 87 &gt; example test 24" time="0.000014583">
        </testcase>
        <testcase classname="src/everything.spec.ts" name="describe 87 &gt; example test 25" time="0.000064375">
            <failure message="expected true to be false // Object.is equality" type="AssertionError">
AssertionError: expected true to be false // Object.is equality

- Expected
+ Received

- false
+ true

 ❯ src/everything.spec.ts:8:18
            </failure>
        </testcase>
        <testcase classname="src/everything.spec.ts" name="describe 87 &gt; example test 26" time="0.000014917">
        </testcase>
        <testcase classname="src/everything.spec.ts" name="describe 87 &gt; example test 27" time="0.000083041">
            <failure message="expected true to be false // Object.is equality" type="AssertionError">
AssertionError: expected true to be false // Object.is equality

- Expected
+ Received

- false
+ true

 ❯ src/everything.spec.ts:8:18
            </failure>
        </testcase>
        <testcase classname="src/everything.spec.ts" name="describe 87 &gt; example test 28" time="0.000016209">
        </testcase>
        <testcase classname="src/everything.spec.ts" name="describe 87 &gt; example test 29" time="0.000062875">
            <failure message="expected true to be false // Object.is equality" type="AssertionError">
AssertionError: expected true to be false // Object.is equality

- Expected
+ Received

- false
+ true

 ❯ src/everything.spec.ts:8:18
            </failure>
        </testcase>
        <testcase classname="src/everything.spec.ts" name="describe 87 &gt; example test 30" time="0.000013625">
        </testcase>
        <testcase classname="src/everything.spec.ts" name="describe 87 &gt; example test 31" time="0.000062792">
            <failure message="expected true to be false // Object.is equality" type="AssertionError">
AssertionError: expected true to be false // Object.is equality

- Expected
+ Received

- false
+ true

 ❯ src/everything.spec.ts:8:18
            </failure>
        </testcase>
        <testcase classname="src/everything.spec.ts" name="describe 87 &gt; example test 32" time="0.000013959">
        </testcase>
        <testcase classname="src/everything.spec.ts" name="describe 87 &gt; example test 33" time="0.000061917">
            <failure message="expected true to be false // Object.is equality" type="AssertionError">
AssertionError: expected true to be false // Object.is equality

- Expected
+ Received

- false
+ true

 ❯ src/everything.spec.ts:8:18
            </failure>
        </testcase>
        <testcase classname="src/everything.spec.ts" name="describe 87 &gt; example test 34" time="0.000013875">
        </testcase>
        <testcase classname="src/everything.spec.ts" name="describe 87 &gt; example test 35" time="0.000061709">
            <failure message="expected true to be false // Object.is equality" type="AssertionError">
AssertionError: expected true to be false // Object.is equality

- Expected
+ Received

- false
+ true

 ❯ src/everything.spec.ts:8:18
            </failure>
        </testcase>
        <testcase classname="src/everything.spec.ts" name="describe 87 &gt; example test 36" time="0.000013875">
        </testcase>
        <testcase classname="src/everything.spec.ts" name="describe 87 &gt; example test 37" time="0.000060792">
            <failure message="expected true to be false // Object.is equality" type="AssertionError">
AssertionError: expected true to be false // Object.is equality

- Expected
+ Received

- false
+ true

 ❯ src/everything.spec.ts:8:18
            </failure>
        </testcase>
        <testcase classname="src/everything.spec.ts" name="describe 87 &gt; example test 38" time="0.000013875">
        </testcase>
        <testcase classname="src/everything.spec.ts" name="describe 87 &gt; example test 39" time="0.000062125">
            <failure message="expected true to be false // Object.is equality" type="AssertionError">
AssertionError: expected true to be false // Object.is equality

- Expected
+ Received

- false
+ true

 ❯ src/everything.spec.ts:8:18
            </failure>
        </testcase>
        <testcase classname="src/everything.spec.ts" name="describe 87 &gt; example test 40" time="0.000013625">
        </testcase>
        <testcase classname="src/everything.spec.ts" name="describe 87 &gt; example test 41" time="0.000060625">
            <failure message="expected true to be false // Object.is equality" type="AssertionError">
AssertionError: expected true to be false // Object.is equality

- Expected
+ Received

- false
+ true

 ❯ src/everything.spec.ts:8:18
            </failure>
        </testcase>
        <testcase classname="src/everything.spec.ts" name="describe 87 &gt; example test 42" time="0.000013416">
        </testcase>
        <testcase classname="src/everything.spec.ts" name="describe 87 &gt; example test 43" time="0.000061375">
            <failure message="expected true to be false // Object.is equality" type="AssertionError">
AssertionError: expected true to be false // Object.is equality

- Expected
+ Received

- false
+ true

 ❯ src/everything.spec.ts:8:18
            </failure>
        </testcase>
        <testcase classname="src/everything.spec.ts" name="describe 87 &gt; example test 44" time="0.000013666">
        </testcase>
        <testcase classname="src/everything.spec.ts" name="describe 87 &gt; example test 45" time="0.00006075">
            <failure message="expected true to be false // Object.is equality" type="AssertionError">
AssertionError: expected true to be false // Object.is equality

- Expected
+ Received

- false
+ true

 ❯ src/everything.spec.ts:8:18
            </failure>
        </testcase>
        <testcase classname="src/everything.spec.ts" name="describe 87 &gt; example test 46" time="0.000013833">
        </testcase>
        <testcase classname="src/everything.spec.ts" name="describe 87 &gt; example test 47" time="0.000061917">
            <failure message="expected true to be false // Object.is equality" type="AssertionError">
AssertionError: expected true to be false // Object.is equality

- Expected
+ Received

- false
+ true

 ❯ src/everything.spec.ts:8:18
            </failure>
        </testcase>
        <testcase classname="src/everything.spec.ts" name="describe 87 &gt; example test 48" time="0.000014208">
        </testcase>
        <testcase classname="src/everything.spec.ts" name="describe 87 &gt; example test 49" time="0.000069">
            <failure message="expected true to be false // Object.is equality" type="AssertionError">
AssertionError: expected true to be false // Object.is equality

- Expected
+ Received

- false
+ true

 ❯ src/everything.spec.ts:8:18
            </failure>
        </testcase>
        <testcase classname="src/everything.spec.ts" name="describe 87 &gt; example test 50" time="0.00001425">
        </testcase>
        <testcase classname="src/everything.spec.ts" name="describe 87 &gt; example test 51" time="0.000062708">
            <failure message="expected true to be false // Object.is equality" type="AssertionError">
AssertionError: expected true to be false // Object.is equality

- Expected
+ Received

- false
+ true

 ❯ src/everything.spec.ts:8:18
            </failure>
        </testcase>
        <testcase classname="src/everything.spec.ts" name="describe 87 &gt; example test 52" time="0.000013875">
        </testcase>
        <testcase classname="src/everything.spec.ts" name="describe 87 &gt; example test 53" time="0.000061292">
            <failure message="expected true to be false // Object.is equality" type="AssertionError">
AssertionError: expected true to be false // Object.is equality

- Expected
+ Received

- false
+ true

 ❯ src/everything.spec.ts:8:18
            </failure>
        </testcase>
        <testcase classname="src/everything.spec.ts" name="describe 87 &gt; example test 54" time="0.000013833">
        </testcase>
        <testcase classname="src/everything.spec.ts" name="describe 87 &gt; example test 55" time="0.000061708">
            <failure message="expected true to be false // Object.is equality" type="AssertionError">
AssertionError: expected true to be false // Object.is equality

- Expected
+ Received

- false
+ true

 ❯ src/everything.spec.ts:8:18
            </failure>
        </testcase>
        <testcase classname="src/everything.spec.ts" name="describe 87 &gt; example test 56" time="0.000014042">
        </testcase>
        <testcase classname="src/everything.spec.ts" name="describe 87 &gt; example test 57" time="0.000061">
            <failure message="expected true to be false // Object.is equality" type="AssertionError">
AssertionError: expected true to be false // Object.is equality

- Expected
+ Received

- false
+ true

 ❯ src/everything.spec.ts:8:18
            </failure>
        </testcase>
        <testcase classname="src/everything.spec.ts" name="describe 87 &gt; example test 58" time="0.000014042">
        </testcase>
        <testcase classname="src/everything.spec.ts" name="describe 87 &gt; example test 59" time="0.000062208">
            <failure message="expected true to be false // Object.is equality" type="AssertionError">
AssertionError: expected true to be false // Object.is equality

- Expected
+ Received

- false
+ true

 ❯ src/everything.spec.ts:8:18
            </failure>
        </testcase>
        <testcase classname="src/everything.spec.ts" name="describe 87 &gt; example test 60" time="0.000013917">
        </testcase>
        <testcase classname="src/everything.spec.ts" name="describe 87 &gt; example test 61" time="0.00006175">
            <failure message="expected true to be false // Object.is equality" type="AssertionError">
AssertionError: expected true to be false // Object.is equality

- Expected
+ Received

- false
+ true

 ❯ src/everything.spec.ts:8:18
            </failure>
        </testcase>
        <testcase classname="src/everything.spec.ts" name="describe 87 &gt; example test 62" time="0.000014167">
        </testcase>
        <testcase classname="src/everything.spec.ts" name="describe 87 &gt; example test 63" time="0.000068042">
            <failure message="expected true to be false // Object.is equality" type="AssertionError">
AssertionError: expected true to be false // Object.is equality

- Expected
+ Received

- false
+ true

 ❯ src/everything.spec.ts:8:18
            </failure>
        </testcase>
        <testcase classname="src/everything.spec.ts" name="describe 87 &gt; example test 64" time="0.000013958">
        </testcase>
        <testcase classname="src/everything.spec.ts" name="describe 87 &gt; example test 65" time="0.000062">
            <failure message="expected true to be false // Object.is equality" type="AssertionError">
AssertionError: expected true to be false // Object.is equality

- Expected
+ Received

- false
+ true

 ❯ src/everything.spec.ts:8:18
            </failure>
        </testcase>
        <testcase classname="src/everything.spec.ts" name="describe 87 &gt; example test 66" time="0.000013917">
        </testcase>
        <testcase classname="src/everything.spec.ts" name="describe 87 &gt; example test 67" time="0.000062208">
            <failure message="expected true to be false // Object.is equality" type="AssertionError">
AssertionError: expected true to be false // Object.is equality

- Expected
+ Received

- false
+ true

 ❯ src/everything.spec.ts:8:18
            </failure>
        </testcase>
        <testcase classname="src/everything.spec.ts" name="describe 87 &gt; example test 68" time="0.000014209">
        </testcase>
        <testcase classname="src/everything.spec.ts" name="describe 87 &gt; example test 69" time="0.000064083">
            <failure message="expected true to be false // Object.is equality" type="AssertionError">
AssertionError: expected true to be false // Object.is equality

- Expected
+ Received

- false
+ true

 ❯ src/everything.spec.ts:8:18
            </failure>
        </testcase>
        <testcase classname="src/everything.spec.ts" name="describe 87 &gt; example test 70" time="0.000014083">
        </testcase>
        <testcase classname="src/everything.spec.ts" name="describe 87 &gt; example test 71" time="0.000062333">
            <failure message="expected true to be false // Object.is equality" type="AssertionError">
AssertionError: expected true to be false // Object.is equality

- Expected
+ Received

- false
+ true

 ❯ src/everything.spec.ts:8:18
            </failure>
        </testcase>
        <testcase classname="src/everything.spec.ts" name="describe 87 &gt; example test 72" time="0.000013541">
        </testcase>
        <testcase classname="src/everything.spec.ts" name="describe 87 &gt; example test 73" time="0.000061084">
            <failure message="expected true to be false // Object.is equality" type="AssertionError">
AssertionError: expected true to be false // Object.is equality

- Expected
+ Received

- false
+ true

 ❯ src/everything.spec.ts:8:18
            </failure>
        </testcase>
        <testcase classname="src/everything.spec.ts" name="describe 87 &gt; example test 74" time="0.000013959">
        </testcase>
        <testcase classname="src/everything.spec.ts" name="describe 87 &gt; example test 75" time="0.000061542">
            <failure message="expected true to be false // Object.is equality" type="AssertionError">
AssertionError: expected true to be false // Object.is equality

- Expected
+ Received

- false
+ true

 ❯ src/everything.spec.ts:8:18
            </failure>
        </testcase>
        <testcase classname="src/everything.spec.ts" name="describe 87 &gt; example test 76" time="0.000013625">
        </testcase>
        <testcase classname="src/everything.spec.ts" name="describe 87 &gt; example test 77" time="0.000060667">
            <failure message="expected true to be false // Object.is equality" type="AssertionError">
AssertionError: expected true to be false // Object.is equality

- Expected
+ Received

- false
+ true

 ❯ src/everything.spec.ts:8:18
            </failure>
        </testcase>
        <testcase classname="src/everything.spec.ts" name="describe 87 &gt; example test 78" time="0.000014792">
        </testcase>
        <testcase classname="src/everything.spec.ts" name="describe 87 &gt; example test 79" time="0.000061125">
            <failure message="expected true to be false // Object.is equality" type="AssertionError">
AssertionError: expected true to be false // Object.is equality

- Expected
+ Received

- false
+ true

 ❯ src/everything.spec.ts:8:18
            </failure>
        </testcase>
        <testcase classname="src/everything.spec.ts" name="describe 87 &gt; example test 80" time="0.000013708">
        </testcase>
        <testcase classname="src/everything.spec.ts" name="describe 87 &gt; example test 81" time="0.000061458">
            <failure message="expected true to be false // Object.is equality" type="AssertionError">
AssertionError: expected true to be false // Object.is equality

- Expected
+ Received

- false
+ true

 ❯ src/everything.spec.ts:8:18
            </failure>
        </testcase>
        <testcase classname="src/everything.spec.ts" name="describe 87 &gt; example test 82" time="0.000014584">
        </testcase>
        <testcase classname="src/everything.spec.ts" name="describe 87 &gt; example test 83" time="0.00006125">
            <failure message="expected true to be false // Object.is equality" type="AssertionError">
AssertionError: expected true to be false // Object.is equality

- Expected
+ Received

- false
+ true

 ❯ src/everything.spec.ts:8:18
            </failure>
        </testcase>
        <testcase classname="src/everything.spec.ts" name="describe 87 &gt; example test 84" time="0.00001375">
        </testcase>
        <testcase classname="src/everything.spec.ts" name="describe 87 &gt; example test 85" time="0.0000615">
            <failure message="expected true to be false // Object.is equality" type="AssertionError">
AssertionError: expected true to be false // Object.is equality

- Expected
+ Received

- false
+ true

 ❯ src/everything.spec.ts:8:18
            </failure>
        </testcase>
        <testcase classname="src/everything.spec.ts" name="describe 87 &gt; example test 86" time="0.000014625">
        </testcase>
        <testcase classname="src/everything.spec.ts" name="describe 87 &gt; example test 87" time="0.000061">
            <failure message="expected true to be false // Object.is equality" type="AssertionError">
AssertionError: expected true to be false // Object.is equality

- Expected
+ Received

- false
+ true

 ❯ src/everything.spec.ts:8:18
            </failure>
        </testcase>
        <testcase classname="src/everything.spec.ts" name="describe 87 &gt; example test 88" time="0.000014">
        </testcase>
        <testcase classname="src/everything.spec.ts" name="describe 87 &gt; example test 89" time="0.000063625">
            <failure message="expected true to be false // Object.is equality" type="AssertionError">
AssertionError: expected true to be false // Object.is equality

- Expected
+ Received

- false
+ true

 ❯ src/everything.spec.ts:8:18
            </failure>
        </testcase>
        <testcase classname="src/everything.spec.ts" name="describe 87 &gt; example test 90" time="0.000014708">
        </testcase>
        <testcase classname="src/everything.spec.ts" name="describe 87 &gt; example test 91" time="0.000061625">
            <failure message="expected true to be false // Object.is equality" type="AssertionError">
AssertionError: expected true to be false // Object.is equality

- Expected
+ Received

- false
+ true

 ❯ src/everything.spec.ts:8:18
            </failure>
        </testcase>
        <testcase classname="src/everything.spec.ts" name="describe 87 &gt; example test 92" time="0.000013667">
        </testcase>
        <testcase classname="src/everything.spec.ts" name="describe 87 &gt; example test 93" time="0.000062125">
            <failure message="expected true to be false // Object.is equality" type="AssertionError">
AssertionError: expected true to be false // Object.is equality

- Expected
+ Received

- false
+ true

 ❯ src/everything.spec.ts:8:18
            </failure>
        </testcase>
        <testcase classname="src/everything.spec.ts" name="describe 87 &gt; example test 94" time="0.000014584">
        </testcase>
        <testcase classname="src/everything.spec.ts" name="describe 87 &gt; example test 95" time="0.000061292">
            <failure message="expected true to be false // Object.is equality" type="AssertionError">
AssertionError: expected true to be false // Object.is equality

- Expected
+ Received

- false
+ true

 ❯ src/everything.spec.ts:8:18
            </failure>
        </testcase>
        <testcase classname="src/everything.spec.ts" name="describe 87 &gt; example test 96" time="0.000013875">
        </testcase>
        <testcase classname="src/everything.spec.ts" name="describe 87 &gt; example test 97" time="0.000060167">
            <failure message="expected true to be false // Object.is equality" type="AssertionError">
AssertionError: expected true to be false // Object.is equality

- Expected
+ Received

- false
+ true

 ❯ src/everything.spec.ts:8:18
            </failure>
        </testcase>
        <testcase classname="src/everything.spec.ts" name="describe 87 &gt; example test 98" time="0.000013959">
        </testcase>
        <testcase classname="src/everything.spec.ts" name="describe 87 &gt; example test 99" time="0.000060833">
            <failure message="expected true to be false // Object.is equality" type="AssertionError">
AssertionError: expected true to be false // Object.is equality

- Expected
+ Received

- false
+ true

 ❯ src/everything.spec.ts:8:18
            </failure>
        </testcase>
        <testcase classname="src/everything.spec.ts" name="describe 87 &gt; example test 100" time="0.000013792">
        </testcase>
        <testcase classname="src/everything.spec.ts" name="describe 88 &gt; example test 1" time="0.000063458">
            <failure message="expected true to be false // Object.is equality" type="AssertionError">
AssertionError: expected true to be false // Object.is equality

- Expected
+ Received

- false
+ true

 ❯ src/everything.spec.ts:8:18
            </failure>
        </testcase>
        <testcase classname="src/everything.spec.ts" name="describe 88 &gt; example test 2" time="0.000013833">
        </testcase>
        <testcase classname="src/everything.spec.ts" name="describe 88 &gt; example test 3" time="0.000060875">
            <failure message="expected true to be false // Object.is equality" type="AssertionError">
AssertionError: expected true to be false // Object.is equality

- Expected
+ Received

- false
+ true

 ❯ src/everything.spec.ts:8:18
            </failure>
        </testcase>
        <testcase classname="src/everything.spec.ts" name="describe 88 &gt; example test 4" time="0.000014">
        </testcase>
        <testcase classname="src/everything.spec.ts" name="describe 88 &gt; example test 5" time="0.000061625">
            <failure message="expected true to be false // Object.is equality" type="AssertionError">
AssertionError: expected true to be false // Object.is equality

- Expected
+ Received

- false
+ true

 ❯ src/everything.spec.ts:8:18
            </failure>
        </testcase>
        <testcase classname="src/everything.spec.ts" name="describe 88 &gt; example test 6" time="0.000014">
        </testcase>
        <testcase classname="src/everything.spec.ts" name="describe 88 &gt; example test 7" time="0.000060542">
            <failure message="expected true to be false // Object.is equality" type="AssertionError">
AssertionError: expected true to be false // Object.is equality

- Expected
+ Received

- false
+ true

 ❯ src/everything.spec.ts:8:18
            </failure>
        </testcase>
        <testcase classname="src/everything.spec.ts" name="describe 88 &gt; example test 8" time="0.000013791">
        </testcase>
        <testcase classname="src/everything.spec.ts" name="describe 88 &gt; example test 9" time="0.000881334">
            <failure message="expected true to be false // Object.is equality" type="AssertionError">
AssertionError: expected true to be false // Object.is equality

- Expected
+ Received

- false
+ true

 ❯ src/everything.spec.ts:8:18
            </failure>
        </testcase>
        <testcase classname="src/everything.spec.ts" name="describe 88 &gt; example test 10" time="0.000019917">
        </testcase>
        <testcase classname="src/everything.spec.ts" name="describe 88 &gt; example test 11" time="0.0000725">
            <failure message="expected true to be false // Object.is equality" type="AssertionError">
AssertionError: expected true to be false // Object.is equality

- Expected
+ Received

- false
+ true

 ❯ src/everything.spec.ts:8:18
            </failure>
        </testcase>
        <testcase classname="src/everything.spec.ts" name="describe 88 &gt; example test 12" time="0.000014583">
        </testcase>
        <testcase classname="src/everything.spec.ts" name="describe 88 &gt; example test 13" time="0.000066041">
            <failure message="expected true to be false // Object.is equality" type="AssertionError">
AssertionError: expected true to be false // Object.is equality

- Expected
+ Received

- false
+ true

 ❯ src/everything.spec.ts:8:18
            </failure>
        </testcase>
        <testcase classname="src/everything.spec.ts" name="describe 88 &gt; example test 14" time="0.000014625">
        </testcase>
        <testcase classname="src/everything.spec.ts" name="describe 88 &gt; example test 15" time="0.00007">
            <failure message="expected true to be false // Object.is equality" type="AssertionError">
AssertionError: expected true to be false // Object.is equality

- Expected
+ Received

- false
+ true

 ❯ src/everything.spec.ts:8:18
            </failure>
        </testcase>
        <testcase classname="src/everything.spec.ts" name="describe 88 &gt; example test 16" time="0.000014875">
        </testcase>
        <testcase classname="src/everything.spec.ts" name="describe 88 &gt; example test 17" time="0.000061666">
            <failure message="expected true to be false // Object.is equality" type="AssertionError">
AssertionError: expected true to be false // Object.is equality

- Expected
+ Received

- false
+ true

 ❯ src/everything.spec.ts:8:18
            </failure>
        </testcase>
        <testcase classname="src/everything.spec.ts" name="describe 88 &gt; example test 18" time="0.000014">
        </testcase>
        <testcase classname="src/everything.spec.ts" name="describe 88 &gt; example test 19" time="0.000064167">
            <failure message="expected true to be false // Object.is equality" type="AssertionError">
AssertionError: expected true to be false // Object.is equality

- Expected
+ Received

- false
+ true

 ❯ src/everything.spec.ts:8:18
            </failure>
        </testcase>
        <testcase classname="src/everything.spec.ts" name="describe 88 &gt; example test 20" time="0.000014">
        </testcase>
        <testcase classname="src/everything.spec.ts" name="describe 88 &gt; example test 21" time="0.000061">
            <failure message="expected true to be false // Object.is equality" type="AssertionError">
AssertionError: expected true to be false // Object.is equality

- Expected
+ Received

- false
+ true

 ❯ src/everything.spec.ts:8:18
            </failure>
        </testcase>
        <testcase classname="src/everything.spec.ts" name="describe 88 &gt; example test 22" time="0.00001425">
        </testcase>
        <testcase classname="src/everything.spec.ts" name="describe 88 &gt; example test 23" time="0.000061667">
            <failure message="expected true to be false // Object.is equality" type="AssertionError">
AssertionError: expected true to be false // Object.is equality

- Expected
+ Received

- false
+ true

 ❯ src/everything.spec.ts:8:18
            </failure>
        </testcase>
        <testcase classname="src/everything.spec.ts" name="describe 88 &gt; example test 24" time="0.000014208">
        </testcase>
        <testcase classname="src/everything.spec.ts" name="describe 88 &gt; example test 25" time="0.000061542">
            <failure message="expected true to be false // Object.is equality" type="AssertionError">
AssertionError: expected true to be false // Object.is equality

- Expected
+ Received

- false
+ true

 ❯ src/everything.spec.ts:8:18
            </failure>
        </testcase>
        <testcase classname="src/everything.spec.ts" name="describe 88 &gt; example test 26" time="0.000015875">
        </testcase>
        <testcase classname="src/everything.spec.ts" name="describe 88 &gt; example test 27" time="0.000061917">
            <failure message="expected true to be false // Object.is equality" type="AssertionError">
AssertionError: expected true to be false // Object.is equality

- Expected
+ Received

- false
+ true

 ❯ src/everything.spec.ts:8:18
            </failure>
        </testcase>
        <testcase classname="src/everything.spec.ts" name="describe 88 &gt; example test 28" time="0.000014417">
        </testcase>
        <testcase classname="src/everything.spec.ts" name="describe 88 &gt; example test 29" time="0.000060792">
            <failure message="expected true to be false // Object.is equality" type="AssertionError">
AssertionError: expected true to be false // Object.is equality

- Expected
+ Received

- false
+ true

 ❯ src/everything.spec.ts:8:18
            </failure>
        </testcase>
        <testcase classname="src/everything.spec.ts" name="describe 88 &gt; example test 30" time="0.000014167">
        </testcase>
        <testcase classname="src/everything.spec.ts" name="describe 88 &gt; example test 31" time="0.000064">
            <failure message="expected true to be false // Object.is equality" type="AssertionError">
AssertionError: expected true to be false // Object.is equality

- Expected
+ Received

- false
+ true

 ❯ src/everything.spec.ts:8:18
            </failure>
        </testcase>
        <testcase classname="src/everything.spec.ts" name="describe 88 &gt; example test 32" time="0.00001625">
        </testcase>
        <testcase classname="src/everything.spec.ts" name="describe 88 &gt; example test 33" time="0.000062458">
            <failure message="expected true to be false // Object.is equality" type="AssertionError">
AssertionError: expected true to be false // Object.is equality

- Expected
+ Received

- false
+ true

 ❯ src/everything.spec.ts:8:18
            </failure>
        </testcase>
        <testcase classname="src/everything.spec.ts" name="describe 88 &gt; example test 34" time="0.000014375">
        </testcase>
        <testcase classname="src/everything.spec.ts" name="describe 88 &gt; example test 35" time="0.000061875">
            <failure message="expected true to be false // Object.is equality" type="AssertionError">
AssertionError: expected true to be false // Object.is equality

- Expected
+ Received

- false
+ true

 ❯ src/everything.spec.ts:8:18
            </failure>
        </testcase>
        <testcase classname="src/everything.spec.ts" name="describe 88 &gt; example test 36" time="0.000013959">
        </testcase>
        <testcase classname="src/everything.spec.ts" name="describe 88 &gt; example test 37" time="0.0000615">
            <failure message="expected true to be false // Object.is equality" type="AssertionError">
AssertionError: expected true to be false // Object.is equality

- Expected
+ Received

- false
+ true

 ❯ src/everything.spec.ts:8:18
            </failure>
        </testcase>
        <testcase classname="src/everything.spec.ts" name="describe 88 &gt; example test 38" time="0.000016792">
        </testcase>
        <testcase classname="src/everything.spec.ts" name="describe 88 &gt; example test 39" time="0.000061833">
            <failure message="expected true to be false // Object.is equality" type="AssertionError">
AssertionError: expected true to be false // Object.is equality

- Expected
+ Received

- false
+ true

 ❯ src/everything.spec.ts:8:18
            </failure>
        </testcase>
        <testcase classname="src/everything.spec.ts" name="describe 88 &gt; example test 40" time="0.000013916">
        </testcase>
        <testcase classname="src/everything.spec.ts" name="describe 88 &gt; example test 41" time="0.000060708">
            <failure message="expected true to be false // Object.is equality" type="AssertionError">
AssertionError: expected true to be false // Object.is equality

- Expected
+ Received

- false
+ true

 ❯ src/everything.spec.ts:8:18
            </failure>
        </testcase>
        <testcase classname="src/everything.spec.ts" name="describe 88 &gt; example test 42" time="0.000014167">
        </testcase>
        <testcase classname="src/everything.spec.ts" name="describe 88 &gt; example test 43" time="0.000061917">
            <failure message="expected true to be false // Object.is equality" type="AssertionError">
AssertionError: expected true to be false // Object.is equality

- Expected
+ Received

- false
+ true

 ❯ src/everything.spec.ts:8:18
            </failure>
        </testcase>
        <testcase classname="src/everything.spec.ts" name="describe 88 &gt; example test 44" time="0.000014208">
        </testcase>
        <testcase classname="src/everything.spec.ts" name="describe 88 &gt; example test 45" time="0.000063416">
            <failure message="expected true to be false // Object.is equality" type="AssertionError">
AssertionError: expected true to be false // Object.is equality

- Expected
+ Received

- false
+ true

 ❯ src/everything.spec.ts:8:18
            </failure>
        </testcase>
        <testcase classname="src/everything.spec.ts" name="describe 88 &gt; example test 46" time="0.000013958">
        </testcase>
        <testcase classname="src/everything.spec.ts" name="describe 88 &gt; example test 47" time="0.0000645">
            <failure message="expected true to be false // Object.is equality" type="AssertionError">
AssertionError: expected true to be false // Object.is equality

- Expected
+ Received

- false
+ true

 ❯ src/everything.spec.ts:8:18
            </failure>
        </testcase>
        <testcase classname="src/everything.spec.ts" name="describe 88 &gt; example test 48" time="0.000014042">
        </testcase>
        <testcase classname="src/everything.spec.ts" name="describe 88 &gt; example test 49" time="0.000061083">
            <failure message="expected true to be false // Object.is equality" type="AssertionError">
AssertionError: expected true to be false // Object.is equality

- Expected
+ Received

- false
+ true

 ❯ src/everything.spec.ts:8:18
            </failure>
        </testcase>
        <testcase classname="src/everything.spec.ts" name="describe 88 &gt; example test 50" time="0.000013625">
        </testcase>
        <testcase classname="src/everything.spec.ts" name="describe 88 &gt; example test 51" time="0.000061583">
            <failure message="expected true to be false // Object.is equality" type="AssertionError">
AssertionError: expected true to be false // Object.is equality

- Expected
+ Received

- false
+ true

 ❯ src/everything.spec.ts:8:18
            </failure>
        </testcase>
        <testcase classname="src/everything.spec.ts" name="describe 88 &gt; example test 52" time="0.000014375">
        </testcase>
        <testcase classname="src/everything.spec.ts" name="describe 88 &gt; example test 53" time="0.0000635">
            <failure message="expected true to be false // Object.is equality" type="AssertionError">
AssertionError: expected true to be false // Object.is equality

- Expected
+ Received

- false
+ true

 ❯ src/everything.spec.ts:8:18
            </failure>
        </testcase>
        <testcase classname="src/everything.spec.ts" name="describe 88 &gt; example test 54" time="0.000014083">
        </testcase>
        <testcase classname="src/everything.spec.ts" name="describe 88 &gt; example test 55" time="0.000061417">
            <failure message="expected true to be false // Object.is equality" type="AssertionError">
AssertionError: expected true to be false // Object.is equality

- Expected
+ Received

- false
+ true

 ❯ src/everything.spec.ts:8:18
            </failure>
        </testcase>
        <testcase classname="src/everything.spec.ts" name="describe 88 &gt; example test 56" time="0.00001375">
        </testcase>
        <testcase classname="src/everything.spec.ts" name="describe 88 &gt; example test 57" time="0.000061208">
            <failure message="expected true to be false // Object.is equality" type="AssertionError">
AssertionError: expected true to be false // Object.is equality

- Expected
+ Received

- false
+ true

 ❯ src/everything.spec.ts:8:18
            </failure>
        </testcase>
        <testcase classname="src/everything.spec.ts" name="describe 88 &gt; example test 58" time="0.000015375">
        </testcase>
        <testcase classname="src/everything.spec.ts" name="describe 88 &gt; example test 59" time="0.000061541">
            <failure message="expected true to be false // Object.is equality" type="AssertionError">
AssertionError: expected true to be false // Object.is equality

- Expected
+ Received

- false
+ true

 ❯ src/everything.spec.ts:8:18
            </failure>
        </testcase>
        <testcase classname="src/everything.spec.ts" name="describe 88 &gt; example test 60" time="0.000014417">
        </testcase>
        <testcase classname="src/everything.spec.ts" name="describe 88 &gt; example test 61" time="0.000060708">
            <failure message="expected true to be false // Object.is equality" type="AssertionError">
AssertionError: expected true to be false // Object.is equality

- Expected
+ Received

- false
+ true

 ❯ src/everything.spec.ts:8:18
            </failure>
        </testcase>
        <testcase classname="src/everything.spec.ts" name="describe 88 &gt; example test 62" time="0.000013625">
        </testcase>
        <testcase classname="src/everything.spec.ts" name="describe 88 &gt; example test 63" time="0.000061">
            <failure message="expected true to be false // Object.is equality" type="AssertionError">
AssertionError: expected true to be false // Object.is equality

- Expected
+ Received

- false
+ true

 ❯ src/everything.spec.ts:8:18
            </failure>
        </testcase>
        <testcase classname="src/everything.spec.ts" name="describe 88 &gt; example test 64" time="0.000014167">
        </testcase>
        <testcase classname="src/everything.spec.ts" name="describe 88 &gt; example test 65" time="0.000061083">
            <failure message="expected true to be false // Object.is equality" type="AssertionError">
AssertionError: expected true to be false // Object.is equality

- Expected
+ Received

- false
+ true

 ❯ src/everything.spec.ts:8:18
            </failure>
        </testcase>
        <testcase classname="src/everything.spec.ts" name="describe 88 &gt; example test 66" time="0.000014166">
        </testcase>
        <testcase classname="src/everything.spec.ts" name="describe 88 &gt; example test 67" time="0.000061958">
            <failure message="expected true to be false // Object.is equality" type="AssertionError">
AssertionError: expected true to be false // Object.is equality

- Expected
+ Received

- false
+ true

 ❯ src/everything.spec.ts:8:18
            </failure>
        </testcase>
        <testcase classname="src/everything.spec.ts" name="describe 88 &gt; example test 68" time="0.000013541">
        </testcase>
        <testcase classname="src/everything.spec.ts" name="describe 88 &gt; example test 69" time="0.000060125">
            <failure message="expected true to be false // Object.is equality" type="AssertionError">
AssertionError: expected true to be false // Object.is equality

- Expected
+ Received

- false
+ true

 ❯ src/everything.spec.ts:8:18
            </failure>
        </testcase>
        <testcase classname="src/everything.spec.ts" name="describe 88 &gt; example test 70" time="0.0000135">
        </testcase>
        <testcase classname="src/everything.spec.ts" name="describe 88 &gt; example test 71" time="0.000061">
            <failure message="expected true to be false // Object.is equality" type="AssertionError">
AssertionError: expected true to be false // Object.is equality

- Expected
+ Received

- false
+ true

 ❯ src/everything.spec.ts:8:18
            </failure>
        </testcase>
        <testcase classname="src/everything.spec.ts" name="describe 88 &gt; example test 72" time="0.000013917">
        </testcase>
        <testcase classname="src/everything.spec.ts" name="describe 88 &gt; example test 73" time="0.000062959">
            <failure message="expected true to be false // Object.is equality" type="AssertionError">
AssertionError: expected true to be false // Object.is equality

- Expected
+ Received

- false
+ true

 ❯ src/everything.spec.ts:8:18
            </failure>
        </testcase>
        <testcase classname="src/everything.spec.ts" name="describe 88 &gt; example test 74" time="0.000013833">
        </testcase>
        <testcase classname="src/everything.spec.ts" name="describe 88 &gt; example test 75" time="0.00006275">
            <failure message="expected true to be false // Object.is equality" type="AssertionError">
AssertionError: expected true to be false // Object.is equality

- Expected
+ Received

- false
+ true

 ❯ src/everything.spec.ts:8:18
            </failure>
        </testcase>
        <testcase classname="src/everything.spec.ts" name="describe 88 &gt; example test 76" time="0.000013792">
        </testcase>
        <testcase classname="src/everything.spec.ts" name="describe 88 &gt; example test 77" time="0.000064625">
            <failure message="expected true to be false // Object.is equality" type="AssertionError">
AssertionError: expected true to be false // Object.is equality

- Expected
+ Received

- false
+ true

 ❯ src/everything.spec.ts:8:18
            </failure>
        </testcase>
        <testcase classname="src/everything.spec.ts" name="describe 88 &gt; example test 78" time="0.000014">
        </testcase>
        <testcase classname="src/everything.spec.ts" name="describe 88 &gt; example test 79" time="0.000078458">
            <failure message="expected true to be false // Object.is equality" type="AssertionError">
AssertionError: expected true to be false // Object.is equality

- Expected
+ Received

- false
+ true

 ❯ src/everything.spec.ts:8:18
            </failure>
        </testcase>
        <testcase classname="src/everything.spec.ts" name="describe 88 &gt; example test 80" time="0.000014875">
        </testcase>
        <testcase classname="src/everything.spec.ts" name="describe 88 &gt; example test 81" time="0.000064791">
            <failure message="expected true to be false // Object.is equality" type="AssertionError">
AssertionError: expected true to be false // Object.is equality

- Expected
+ Received

- false
+ true

 ❯ src/everything.spec.ts:8:18
            </failure>
        </testcase>
        <testcase classname="src/everything.spec.ts" name="describe 88 &gt; example test 82" time="0.000014667">
        </testcase>
        <testcase classname="src/everything.spec.ts" name="describe 88 &gt; example test 83" time="0.000063667">
            <failure message="expected true to be false // Object.is equality" type="AssertionError">
AssertionError: expected true to be false // Object.is equality

- Expected
+ Received

- false
+ true

 ❯ src/everything.spec.ts:8:18
            </failure>
        </testcase>
        <testcase classname="src/everything.spec.ts" name="describe 88 &gt; example test 84" time="0.000014583">
        </testcase>
        <testcase classname="src/everything.spec.ts" name="describe 88 &gt; example test 85" time="0.000064042">
            <failure message="expected true to be false // Object.is equality" type="AssertionError">
AssertionError: expected true to be false // Object.is equality

- Expected
+ Received

- false
+ true

 ❯ src/everything.spec.ts:8:18
            </failure>
        </testcase>
        <testcase classname="src/everything.spec.ts" name="describe 88 &gt; example test 86" time="0.000015666">
        </testcase>
        <testcase classname="src/everything.spec.ts" name="describe 88 &gt; example test 87" time="0.000065167">
            <failure message="expected true to be false // Object.is equality" type="AssertionError">
AssertionError: expected true to be false // Object.is equality

- Expected
+ Received

- false
+ true

 ❯ src/everything.spec.ts:8:18
            </failure>
        </testcase>
        <testcase classname="src/everything.spec.ts" name="describe 88 &gt; example test 88" time="0.000015">
        </testcase>
        <testcase classname="src/everything.spec.ts" name="describe 88 &gt; example test 89" time="0.000064083">
            <failure message="expected true to be false // Object.is equality" type="AssertionError">
AssertionError: expected true to be false // Object.is equality

- Expected
+ Received

- false
+ true

 ❯ src/everything.spec.ts:8:18
            </failure>
        </testcase>
        <testcase classname="src/everything.spec.ts" name="describe 88 &gt; example test 90" time="0.000015208">
        </testcase>
        <testcase classname="src/everything.spec.ts" name="describe 88 &gt; example test 91" time="0.000062333">
            <failure message="expected true to be false // Object.is equality" type="AssertionError">
AssertionError: expected true to be false // Object.is equality

- Expected
+ Received

- false
+ true

 ❯ src/everything.spec.ts:8:18
            </failure>
        </testcase>
        <testcase classname="src/everything.spec.ts" name="describe 88 &gt; example test 92" time="0.000014375">
        </testcase>
        <testcase classname="src/everything.spec.ts" name="describe 88 &gt; example test 93" time="0.000064417">
            <failure message="expected true to be false // Object.is equality" type="AssertionError">
AssertionError: expected true to be false // Object.is equality

- Expected
+ Received

- false
+ true

 ❯ src/everything.spec.ts:8:18
            </failure>
        </testcase>
        <testcase classname="src/everything.spec.ts" name="describe 88 &gt; example test 94" time="0.000015334">
        </testcase>
        <testcase classname="src/everything.spec.ts" name="describe 88 &gt; example test 95" time="0.000063834">
            <failure message="expected true to be false // Object.is equality" type="AssertionError">
AssertionError: expected true to be false // Object.is equality

- Expected
+ Received

- false
+ true

 ❯ src/everything.spec.ts:8:18
            </failure>
        </testcase>
        <testcase classname="src/everything.spec.ts" name="describe 88 &gt; example test 96" time="0.000014125">
        </testcase>
        <testcase classname="src/everything.spec.ts" name="describe 88 &gt; example test 97" time="0.000063542">
            <failure message="expected true to be false // Object.is equality" type="AssertionError">
AssertionError: expected true to be false // Object.is equality

- Expected
+ Received

- false
+ true

 ❯ src/everything.spec.ts:8:18
            </failure>
        </testcase>
        <testcase classname="src/everything.spec.ts" name="describe 88 &gt; example test 98" time="0.000015208">
        </testcase>
        <testcase classname="src/everything.spec.ts" name="describe 88 &gt; example test 99" time="0.000063542">
            <failure message="expected true to be false // Object.is equality" type="AssertionError">
AssertionError: expected true to be false // Object.is equality

- Expected
+ Received

- false
+ true

 ❯ src/everything.spec.ts:8:18
            </failure>
        </testcase>
        <testcase classname="src/everything.spec.ts" name="describe 88 &gt; example test 100" time="0.00001475">
        </testcase>
        <testcase classname="src/everything.spec.ts" name="describe 89 &gt; example test 1" time="0.000065042">
            <failure message="expected true to be false // Object.is equality" type="AssertionError">
AssertionError: expected true to be false // Object.is equality

- Expected
+ Received

- false
+ true

 ❯ src/everything.spec.ts:8:18
            </failure>
        </testcase>
        <testcase classname="src/everything.spec.ts" name="describe 89 &gt; example test 2" time="0.000014">
        </testcase>
        <testcase classname="src/everything.spec.ts" name="describe 89 &gt; example test 3" time="0.000063292">
            <failure message="expected true to be false // Object.is equality" type="AssertionError">
AssertionError: expected true to be false // Object.is equality

- Expected
+ Received

- false
+ true

 ❯ src/everything.spec.ts:8:18
            </failure>
        </testcase>
        <testcase classname="src/everything.spec.ts" name="describe 89 &gt; example test 4" time="0.000017916">
        </testcase>
        <testcase classname="src/everything.spec.ts" name="describe 89 &gt; example test 5" time="0.000064167">
            <failure message="expected true to be false // Object.is equality" type="AssertionError">
AssertionError: expected true to be false // Object.is equality

- Expected
+ Received

- false
+ true

 ❯ src/everything.spec.ts:8:18
            </failure>
        </testcase>
        <testcase classname="src/everything.spec.ts" name="describe 89 &gt; example test 6" time="0.000014417">
        </testcase>
        <testcase classname="src/everything.spec.ts" name="describe 89 &gt; example test 7" time="0.00006375">
            <failure message="expected true to be false // Object.is equality" type="AssertionError">
AssertionError: expected true to be false // Object.is equality

- Expected
+ Received

- false
+ true

 ❯ src/everything.spec.ts:8:18
            </failure>
        </testcase>
        <testcase classname="src/everything.spec.ts" name="describe 89 &gt; example test 8" time="0.000014542">
        </testcase>
        <testcase classname="src/everything.spec.ts" name="describe 89 &gt; example test 9" time="0.000064334">
            <failure message="expected true to be false // Object.is equality" type="AssertionError">
AssertionError: expected true to be false // Object.is equality

- Expected
+ Received

- false
+ true

 ❯ src/everything.spec.ts:8:18
            </failure>
        </testcase>
        <testcase classname="src/everything.spec.ts" name="describe 89 &gt; example test 10" time="0.000013958">
        </testcase>
        <testcase classname="src/everything.spec.ts" name="describe 89 &gt; example test 11" time="0.000063042">
            <failure message="expected true to be false // Object.is equality" type="AssertionError">
AssertionError: expected true to be false // Object.is equality

- Expected
+ Received

- false
+ true

 ❯ src/everything.spec.ts:8:18
            </failure>
        </testcase>
        <testcase classname="src/everything.spec.ts" name="describe 89 &gt; example test 12" time="0.000014167">
        </testcase>
        <testcase classname="src/everything.spec.ts" name="describe 89 &gt; example test 13" time="0.000063209">
            <failure message="expected true to be false // Object.is equality" type="AssertionError">
AssertionError: expected true to be false // Object.is equality

- Expected
+ Received

- false
+ true

 ❯ src/everything.spec.ts:8:18
            </failure>
        </testcase>
        <testcase classname="src/everything.spec.ts" name="describe 89 &gt; example test 14" time="0.000016417">
        </testcase>
        <testcase classname="src/everything.spec.ts" name="describe 89 &gt; example test 15" time="0.000063458">
            <failure message="expected true to be false // Object.is equality" type="AssertionError">
AssertionError: expected true to be false // Object.is equality

- Expected
+ Received

- false
+ true

 ❯ src/everything.spec.ts:8:18
            </failure>
        </testcase>
        <testcase classname="src/everything.spec.ts" name="describe 89 &gt; example test 16" time="0.000014208">
        </testcase>
        <testcase classname="src/everything.spec.ts" name="describe 89 &gt; example test 17" time="0.000085208">
            <failure message="expected true to be false // Object.is equality" type="AssertionError">
AssertionError: expected true to be false // Object.is equality

- Expected
+ Received

- false
+ true

 ❯ src/everything.spec.ts:8:18
            </failure>
        </testcase>
        <testcase classname="src/everything.spec.ts" name="describe 89 &gt; example test 18" time="0.000014708">
        </testcase>
        <testcase classname="src/everything.spec.ts" name="describe 89 &gt; example test 19" time="0.000063292">
            <failure message="expected true to be false // Object.is equality" type="AssertionError">
AssertionError: expected true to be false // Object.is equality

- Expected
+ Received

- false
+ true

 ❯ src/everything.spec.ts:8:18
            </failure>
        </testcase>
        <testcase classname="src/everything.spec.ts" name="describe 89 &gt; example test 20" time="0.000014083">
        </testcase>
        <testcase classname="src/everything.spec.ts" name="describe 89 &gt; example test 21" time="0.000062375">
            <failure message="expected true to be false // Object.is equality" type="AssertionError">
AssertionError: expected true to be false // Object.is equality

- Expected
+ Received

- false
+ true

 ❯ src/everything.spec.ts:8:18
            </failure>
        </testcase>
        <testcase classname="src/everything.spec.ts" name="describe 89 &gt; example test 22" time="0.000013584">
        </testcase>
        <testcase classname="src/everything.spec.ts" name="describe 89 &gt; example test 23" time="0.000061917">
            <failure message="expected true to be false // Object.is equality" type="AssertionError">
AssertionError: expected true to be false // Object.is equality

- Expected
+ Received

- false
+ true

 ❯ src/everything.spec.ts:8:18
            </failure>
        </testcase>
        <testcase classname="src/everything.spec.ts" name="describe 89 &gt; example test 24" time="0.000013917">
        </testcase>
        <testcase classname="src/everything.spec.ts" name="describe 89 &gt; example test 25" time="0.000062167">
            <failure message="expected true to be false // Object.is equality" type="AssertionError">
AssertionError: expected true to be false // Object.is equality

- Expected
+ Received

- false
+ true

 ❯ src/everything.spec.ts:8:18
            </failure>
        </testcase>
        <testcase classname="src/everything.spec.ts" name="describe 89 &gt; example test 26" time="0.000014">
        </testcase>
        <testcase classname="src/everything.spec.ts" name="describe 89 &gt; example test 27" time="0.000061042">
            <failure message="expected true to be false // Object.is equality" type="AssertionError">
AssertionError: expected true to be false // Object.is equality

- Expected
+ Received

- false
+ true

 ❯ src/everything.spec.ts:8:18
            </failure>
        </testcase>
        <testcase classname="src/everything.spec.ts" name="describe 89 &gt; example test 28" time="0.000014166">
        </testcase>
        <testcase classname="src/everything.spec.ts" name="describe 89 &gt; example test 29" time="0.000061791">
            <failure message="expected true to be false // Object.is equality" type="AssertionError">
AssertionError: expected true to be false // Object.is equality

- Expected
+ Received

- false
+ true

 ❯ src/everything.spec.ts:8:18
            </failure>
        </testcase>
        <testcase classname="src/everything.spec.ts" name="describe 89 &gt; example test 30" time="0.000013667">
        </testcase>
        <testcase classname="src/everything.spec.ts" name="describe 89 &gt; example test 31" time="0.000063208">
            <failure message="expected true to be false // Object.is equality" type="AssertionError">
AssertionError: expected true to be false // Object.is equality

- Expected
+ Received

- false
+ true

 ❯ src/everything.spec.ts:8:18
            </failure>
        </testcase>
        <testcase classname="src/everything.spec.ts" name="describe 89 &gt; example test 32" time="0.00001425">
        </testcase>
        <testcase classname="src/everything.spec.ts" name="describe 89 &gt; example test 33" time="0.000062416">
            <failure message="expected true to be false // Object.is equality" type="AssertionError">
AssertionError: expected true to be false // Object.is equality

- Expected
+ Received

- false
+ true

 ❯ src/everything.spec.ts:8:18
            </failure>
        </testcase>
        <testcase classname="src/everything.spec.ts" name="describe 89 &gt; example test 34" time="0.000013708">
        </testcase>
        <testcase classname="src/everything.spec.ts" name="describe 89 &gt; example test 35" time="0.00006125">
            <failure message="expected true to be false // Object.is equality" type="AssertionError">
AssertionError: expected true to be false // Object.is equality

- Expected
+ Received

- false
+ true

 ❯ src/everything.spec.ts:8:18
            </failure>
        </testcase>
        <testcase classname="src/everything.spec.ts" name="describe 89 &gt; example test 36" time="0.000013875">
        </testcase>
        <testcase classname="src/everything.spec.ts" name="describe 89 &gt; example test 37" time="0.000061208">
            <failure message="expected true to be false // Object.is equality" type="AssertionError">
AssertionError: expected true to be false // Object.is equality

- Expected
+ Received

- false
+ true

 ❯ src/everything.spec.ts:8:18
            </failure>
        </testcase>
        <testcase classname="src/everything.spec.ts" name="describe 89 &gt; example test 38" time="0.000014417">
        </testcase>
        <testcase classname="src/everything.spec.ts" name="describe 89 &gt; example test 39" time="0.0000605">
            <failure message="expected true to be false // Object.is equality" type="AssertionError">
AssertionError: expected true to be false // Object.is equality

- Expected
+ Received

- false
+ true

 ❯ src/everything.spec.ts:8:18
            </failure>
        </testcase>
        <testcase classname="src/everything.spec.ts" name="describe 89 &gt; example test 40" time="0.000014125">
        </testcase>
        <testcase classname="src/everything.spec.ts" name="describe 89 &gt; example test 41" time="0.000061542">
            <failure message="expected true to be false // Object.is equality" type="AssertionError">
AssertionError: expected true to be false // Object.is equality

- Expected
+ Received

- false
+ true

 ❯ src/everything.spec.ts:8:18
            </failure>
        </testcase>
        <testcase classname="src/everything.spec.ts" name="describe 89 &gt; example test 42" time="0.000013625">
        </testcase>
        <testcase classname="src/everything.spec.ts" name="describe 89 &gt; example test 43" time="0.000061208">
            <failure message="expected true to be false // Object.is equality" type="AssertionError">
AssertionError: expected true to be false // Object.is equality

- Expected
+ Received

- false
+ true

 ❯ src/everything.spec.ts:8:18
            </failure>
        </testcase>
        <testcase classname="src/everything.spec.ts" name="describe 89 &gt; example test 44" time="0.000013834">
        </testcase>
        <testcase classname="src/everything.spec.ts" name="describe 89 &gt; example test 45" time="0.000061917">
            <failure message="expected true to be false // Object.is equality" type="AssertionError">
AssertionError: expected true to be false // Object.is equality

- Expected
+ Received

- false
+ true

 ❯ src/everything.spec.ts:8:18
            </failure>
        </testcase>
        <testcase classname="src/everything.spec.ts" name="describe 89 &gt; example test 46" time="0.000014292">
        </testcase>
        <testcase classname="src/everything.spec.ts" name="describe 89 &gt; example test 47" time="0.000060916">
            <failure message="expected true to be false // Object.is equality" type="AssertionError">
AssertionError: expected true to be false // Object.is equality

- Expected
+ Received

- false
+ true

 ❯ src/everything.spec.ts:8:18
            </failure>
        </testcase>
        <testcase classname="src/everything.spec.ts" name="describe 89 &gt; example test 48" time="0.000013958">
        </testcase>
        <testcase classname="src/everything.spec.ts" name="describe 89 &gt; example test 49" time="0.000061459">
            <failure message="expected true to be false // Object.is equality" type="AssertionError">
AssertionError: expected true to be false // Object.is equality

- Expected
+ Received

- false
+ true

 ❯ src/everything.spec.ts:8:18
            </failure>
        </testcase>
        <testcase classname="src/everything.spec.ts" name="describe 89 &gt; example test 50" time="0.000013666">
        </testcase>
        <testcase classname="src/everything.spec.ts" name="describe 89 &gt; example test 51" time="0.000061166">
            <failure message="expected true to be false // Object.is equality" type="AssertionError">
AssertionError: expected true to be false // Object.is equality

- Expected
+ Received

- false
+ true

 ❯ src/everything.spec.ts:8:18
            </failure>
        </testcase>
        <testcase classname="src/everything.spec.ts" name="describe 89 &gt; example test 52" time="0.000016125">
        </testcase>
        <testcase classname="src/everything.spec.ts" name="describe 89 &gt; example test 53" time="0.000062375">
            <failure message="expected true to be false // Object.is equality" type="AssertionError">
AssertionError: expected true to be false // Object.is equality

- Expected
+ Received

- false
+ true

 ❯ src/everything.spec.ts:8:18
            </failure>
        </testcase>
        <testcase classname="src/everything.spec.ts" name="describe 89 &gt; example test 54" time="0.000014208">
        </testcase>
        <testcase classname="src/everything.spec.ts" name="describe 89 &gt; example test 55" time="0.00006125">
            <failure message="expected true to be false // Object.is equality" type="AssertionError">
AssertionError: expected true to be false // Object.is equality

- Expected
+ Received

- false
+ true

 ❯ src/everything.spec.ts:8:18
            </failure>
        </testcase>
        <testcase classname="src/everything.spec.ts" name="describe 89 &gt; example test 56" time="0.000014458">
        </testcase>
        <testcase classname="src/everything.spec.ts" name="describe 89 &gt; example test 57" time="0.000061375">
            <failure message="expected true to be false // Object.is equality" type="AssertionError">
AssertionError: expected true to be false // Object.is equality

- Expected
+ Received

- false
+ true

 ❯ src/everything.spec.ts:8:18
            </failure>
        </testcase>
        <testcase classname="src/everything.spec.ts" name="describe 89 &gt; example test 58" time="0.000013916">
        </testcase>
        <testcase classname="src/everything.spec.ts" name="describe 89 &gt; example test 59" time="0.000060958">
            <failure message="expected true to be false // Object.is equality" type="AssertionError">
AssertionError: expected true to be false // Object.is equality

- Expected
+ Received

- false
+ true

 ❯ src/everything.spec.ts:8:18
            </failure>
        </testcase>
        <testcase classname="src/everything.spec.ts" name="describe 89 &gt; example test 60" time="0.000013875">
        </testcase>
        <testcase classname="src/everything.spec.ts" name="describe 89 &gt; example test 61" time="0.000061584">
            <failure message="expected true to be false // Object.is equality" type="AssertionError">
AssertionError: expected true to be false // Object.is equality

- Expected
+ Received

- false
+ true

 ❯ src/everything.spec.ts:8:18
            </failure>
        </testcase>
        <testcase classname="src/everything.spec.ts" name="describe 89 &gt; example test 62" time="0.000013833">
        </testcase>
        <testcase classname="src/everything.spec.ts" name="describe 89 &gt; example test 63" time="0.000061542">
            <failure message="expected true to be false // Object.is equality" type="AssertionError">
AssertionError: expected true to be false // Object.is equality

- Expected
+ Received

- false
+ true

 ❯ src/everything.spec.ts:8:18
            </failure>
        </testcase>
        <testcase classname="src/everything.spec.ts" name="describe 89 &gt; example test 64" time="0.000013959">
        </testcase>
        <testcase classname="src/everything.spec.ts" name="describe 89 &gt; example test 65" time="0.000063292">
            <failure message="expected true to be false // Object.is equality" type="AssertionError">
AssertionError: expected true to be false // Object.is equality

- Expected
+ Received

- false
+ true

 ❯ src/everything.spec.ts:8:18
            </failure>
        </testcase>
        <testcase classname="src/everything.spec.ts" name="describe 89 &gt; example test 66" time="0.000014291">
        </testcase>
        <testcase classname="src/everything.spec.ts" name="describe 89 &gt; example test 67" time="0.00006475">
            <failure message="expected true to be false // Object.is equality" type="AssertionError">
AssertionError: expected true to be false // Object.is equality

- Expected
+ Received

- false
+ true

 ❯ src/everything.spec.ts:8:18
            </failure>
        </testcase>
        <testcase classname="src/everything.spec.ts" name="describe 89 &gt; example test 68" time="0.000014208">
        </testcase>
        <testcase classname="src/everything.spec.ts" name="describe 89 &gt; example test 69" time="0.000061334">
            <failure message="expected true to be false // Object.is equality" type="AssertionError">
AssertionError: expected true to be false // Object.is equality

- Expected
+ Received

- false
+ true

 ❯ src/everything.spec.ts:8:18
            </failure>
        </testcase>
        <testcase classname="src/everything.spec.ts" name="describe 89 &gt; example test 70" time="0.000013875">
        </testcase>
        <testcase classname="src/everything.spec.ts" name="describe 89 &gt; example test 71" time="0.000060834">
            <failure message="expected true to be false // Object.is equality" type="AssertionError">
AssertionError: expected true to be false // Object.is equality

- Expected
+ Received

- false
+ true

 ❯ src/everything.spec.ts:8:18
            </failure>
        </testcase>
        <testcase classname="src/everything.spec.ts" name="describe 89 &gt; example test 72" time="0.000013958">
        </testcase>
        <testcase classname="src/everything.spec.ts" name="describe 89 &gt; example test 73" time="0.000063875">
            <failure message="expected true to be false // Object.is equality" type="AssertionError">
AssertionError: expected true to be false // Object.is equality

- Expected
+ Received

- false
+ true

 ❯ src/everything.spec.ts:8:18
            </failure>
        </testcase>
        <testcase classname="src/everything.spec.ts" name="describe 89 &gt; example test 74" time="0.000013834">
        </testcase>
        <testcase classname="src/everything.spec.ts" name="describe 89 &gt; example test 75" time="0.00006125">
            <failure message="expected true to be false // Object.is equality" type="AssertionError">
AssertionError: expected true to be false // Object.is equality

- Expected
+ Received

- false
+ true

 ❯ src/everything.spec.ts:8:18
            </failure>
        </testcase>
        <testcase classname="src/everything.spec.ts" name="describe 89 &gt; example test 76" time="0.00001425">
        </testcase>
        <testcase classname="src/everything.spec.ts" name="describe 89 &gt; example test 77" time="0.000061792">
            <failure message="expected true to be false // Object.is equality" type="AssertionError">
AssertionError: expected true to be false // Object.is equality

- Expected
+ Received

- false
+ true

 ❯ src/everything.spec.ts:8:18
            </failure>
        </testcase>
        <testcase classname="src/everything.spec.ts" name="describe 89 &gt; example test 78" time="0.000014083">
        </testcase>
        <testcase classname="src/everything.spec.ts" name="describe 89 &gt; example test 79" time="0.000060667">
            <failure message="expected true to be false // Object.is equality" type="AssertionError">
AssertionError: expected true to be false // Object.is equality

- Expected
+ Received

- false
+ true

 ❯ src/everything.spec.ts:8:18
            </failure>
        </testcase>
        <testcase classname="src/everything.spec.ts" name="describe 89 &gt; example test 80" time="0.000014083">
        </testcase>
        <testcase classname="src/everything.spec.ts" name="describe 89 &gt; example test 81" time="0.000062042">
            <failure message="expected true to be false // Object.is equality" type="AssertionError">
AssertionError: expected true to be false // Object.is equality

- Expected
+ Received

- false
+ true

 ❯ src/everything.spec.ts:8:18
            </failure>
        </testcase>
        <testcase classname="src/everything.spec.ts" name="describe 89 &gt; example test 82" time="0.000013833">
        </testcase>
        <testcase classname="src/everything.spec.ts" name="describe 89 &gt; example test 83" time="0.000060792">
            <failure message="expected true to be false // Object.is equality" type="AssertionError">
AssertionError: expected true to be false // Object.is equality

- Expected
+ Received

- false
+ true

 ❯ src/everything.spec.ts:8:18
            </failure>
        </testcase>
        <testcase classname="src/everything.spec.ts" name="describe 89 &gt; example test 84" time="0.000013917">
        </testcase>
        <testcase classname="src/everything.spec.ts" name="describe 89 &gt; example test 85" time="0.000074625">
            <failure message="expected true to be false // Object.is equality" type="AssertionError">
AssertionError: expected true to be false // Object.is equality

- Expected
+ Received

- false
+ true

 ❯ src/everything.spec.ts:8:18
            </failure>
        </testcase>
        <testcase classname="src/everything.spec.ts" name="describe 89 &gt; example test 86" time="0.000014958">
        </testcase>
        <testcase classname="src/everything.spec.ts" name="describe 89 &gt; example test 87" time="0.000064292">
            <failure message="expected true to be false // Object.is equality" type="AssertionError">
AssertionError: expected true to be false // Object.is equality

- Expected
+ Received

- false
+ true

 ❯ src/everything.spec.ts:8:18
            </failure>
        </testcase>
        <testcase classname="src/everything.spec.ts" name="describe 89 &gt; example test 88" time="0.000014375">
        </testcase>
        <testcase classname="src/everything.spec.ts" name="describe 89 &gt; example test 89" time="0.000064459">
            <failure message="expected true to be false // Object.is equality" type="AssertionError">
AssertionError: expected true to be false // Object.is equality

- Expected
+ Received

- false
+ true

 ❯ src/everything.spec.ts:8:18
            </failure>
        </testcase>
        <testcase classname="src/everything.spec.ts" name="describe 89 &gt; example test 90" time="0.000014291">
        </testcase>
        <testcase classname="src/everything.spec.ts" name="describe 89 &gt; example test 91" time="0.000063417">
            <failure message="expected true to be false // Object.is equality" type="AssertionError">
AssertionError: expected true to be false // Object.is equality

- Expected
+ Received

- false
+ true

 ❯ src/everything.spec.ts:8:18
            </failure>
        </testcase>
        <testcase classname="src/everything.spec.ts" name="describe 89 &gt; example test 92" time="0.000014375">
        </testcase>
        <testcase classname="src/everything.spec.ts" name="describe 89 &gt; example test 93" time="0.000066209">
            <failure message="expected true to be false // Object.is equality" type="AssertionError">
AssertionError: expected true to be false // Object.is equality

- Expected
+ Received

- false
+ true

 ❯ src/everything.spec.ts:8:18
            </failure>
        </testcase>
        <testcase classname="src/everything.spec.ts" name="describe 89 &gt; example test 94" time="0.0000145">
        </testcase>
        <testcase classname="src/everything.spec.ts" name="describe 89 &gt; example test 95" time="0.000063167">
            <failure message="expected true to be false // Object.is equality" type="AssertionError">
AssertionError: expected true to be false // Object.is equality

- Expected
+ Received

- false
+ true

 ❯ src/everything.spec.ts:8:18
            </failure>
        </testcase>
        <testcase classname="src/everything.spec.ts" name="describe 89 &gt; example test 96" time="0.000014166">
        </testcase>
        <testcase classname="src/everything.spec.ts" name="describe 89 &gt; example test 97" time="0.000063292">
            <failure message="expected true to be false // Object.is equality" type="AssertionError">
AssertionError: expected true to be false // Object.is equality

- Expected
+ Received

- false
+ true

 ❯ src/everything.spec.ts:8:18
            </failure>
        </testcase>
        <testcase classname="src/everything.spec.ts" name="describe 89 &gt; example test 98" time="0.000014334">
        </testcase>
        <testcase classname="src/everything.spec.ts" name="describe 89 &gt; example test 99" time="0.000062791">
            <failure message="expected true to be false // Object.is equality" type="AssertionError">
AssertionError: expected true to be false // Object.is equality

- Expected
+ Received

- false
+ true

 ❯ src/everything.spec.ts:8:18
            </failure>
        </testcase>
        <testcase classname="src/everything.spec.ts" name="describe 89 &gt; example test 100" time="0.000014333">
        </testcase>
        <testcase classname="src/everything.spec.ts" name="describe 90 &gt; example test 1" time="0.000063458">
            <failure message="expected true to be false // Object.is equality" type="AssertionError">
AssertionError: expected true to be false // Object.is equality

- Expected
+ Received

- false
+ true

 ❯ src/everything.spec.ts:8:18
            </failure>
        </testcase>
        <testcase classname="src/everything.spec.ts" name="describe 90 &gt; example test 2" time="0.000014458">
        </testcase>
        <testcase classname="src/everything.spec.ts" name="describe 90 &gt; example test 3" time="0.000062875">
            <failure message="expected true to be false // Object.is equality" type="AssertionError">
AssertionError: expected true to be false // Object.is equality

- Expected
+ Received

- false
+ true

 ❯ src/everything.spec.ts:8:18
            </failure>
        </testcase>
        <testcase classname="src/everything.spec.ts" name="describe 90 &gt; example test 4" time="0.000014417">
        </testcase>
        <testcase classname="src/everything.spec.ts" name="describe 90 &gt; example test 5" time="0.000063416">
            <failure message="expected true to be false // Object.is equality" type="AssertionError">
AssertionError: expected true to be false // Object.is equality

- Expected
+ Received

- false
+ true

 ❯ src/everything.spec.ts:8:18
            </failure>
        </testcase>
        <testcase classname="src/everything.spec.ts" name="describe 90 &gt; example test 6" time="0.000014458">
        </testcase>
        <testcase classname="src/everything.spec.ts" name="describe 90 &gt; example test 7" time="0.000062583">
            <failure message="expected true to be false // Object.is equality" type="AssertionError">
AssertionError: expected true to be false // Object.is equality

- Expected
+ Received

- false
+ true

 ❯ src/everything.spec.ts:8:18
            </failure>
        </testcase>
        <testcase classname="src/everything.spec.ts" name="describe 90 &gt; example test 8" time="0.000014416">
        </testcase>
        <testcase classname="src/everything.spec.ts" name="describe 90 &gt; example test 9" time="0.000067708">
            <failure message="expected true to be false // Object.is equality" type="AssertionError">
AssertionError: expected true to be false // Object.is equality

- Expected
+ Received

- false
+ true

 ❯ src/everything.spec.ts:8:18
            </failure>
        </testcase>
        <testcase classname="src/everything.spec.ts" name="describe 90 &gt; example test 10" time="0.000014375">
        </testcase>
        <testcase classname="src/everything.spec.ts" name="describe 90 &gt; example test 11" time="0.000063417">
            <failure message="expected true to be false // Object.is equality" type="AssertionError">
AssertionError: expected true to be false // Object.is equality

- Expected
+ Received

- false
+ true

 ❯ src/everything.spec.ts:8:18
            </failure>
        </testcase>
        <testcase classname="src/everything.spec.ts" name="describe 90 &gt; example test 12" time="0.000014375">
        </testcase>
        <testcase classname="src/everything.spec.ts" name="describe 90 &gt; example test 13" time="0.000066">
            <failure message="expected true to be false // Object.is equality" type="AssertionError">
AssertionError: expected true to be false // Object.is equality

- Expected
+ Received

- false
+ true

 ❯ src/everything.spec.ts:8:18
            </failure>
        </testcase>
        <testcase classname="src/everything.spec.ts" name="describe 90 &gt; example test 14" time="0.000014625">
        </testcase>
        <testcase classname="src/everything.spec.ts" name="describe 90 &gt; example test 15" time="0.00006325">
            <failure message="expected true to be false // Object.is equality" type="AssertionError">
AssertionError: expected true to be false // Object.is equality

- Expected
+ Received

- false
+ true

 ❯ src/everything.spec.ts:8:18
            </failure>
        </testcase>
        <testcase classname="src/everything.spec.ts" name="describe 90 &gt; example test 16" time="0.000014292">
        </testcase>
        <testcase classname="src/everything.spec.ts" name="describe 90 &gt; example test 17" time="0.000063417">
            <failure message="expected true to be false // Object.is equality" type="AssertionError">
AssertionError: expected true to be false // Object.is equality

- Expected
+ Received

- false
+ true

 ❯ src/everything.spec.ts:8:18
            </failure>
        </testcase>
        <testcase classname="src/everything.spec.ts" name="describe 90 &gt; example test 18" time="0.00001425">
        </testcase>
        <testcase classname="src/everything.spec.ts" name="describe 90 &gt; example test 19" time="0.000062416">
            <failure message="expected true to be false // Object.is equality" type="AssertionError">
AssertionError: expected true to be false // Object.is equality

- Expected
+ Received

- false
+ true

 ❯ src/everything.spec.ts:8:18
            </failure>
        </testcase>
        <testcase classname="src/everything.spec.ts" name="describe 90 &gt; example test 20" time="0.000014834">
        </testcase>
        <testcase classname="src/everything.spec.ts" name="describe 90 &gt; example test 21" time="0.000062791">
            <failure message="expected true to be false // Object.is equality" type="AssertionError">
AssertionError: expected true to be false // Object.is equality

- Expected
+ Received

- false
+ true

 ❯ src/everything.spec.ts:8:18
            </failure>
        </testcase>
        <testcase classname="src/everything.spec.ts" name="describe 90 &gt; example test 22" time="0.000014583">
        </testcase>
        <testcase classname="src/everything.spec.ts" name="describe 90 &gt; example test 23" time="0.000063042">
            <failure message="expected true to be false // Object.is equality" type="AssertionError">
AssertionError: expected true to be false // Object.is equality

- Expected
+ Received

- false
+ true

 ❯ src/everything.spec.ts:8:18
            </failure>
        </testcase>
        <testcase classname="src/everything.spec.ts" name="describe 90 &gt; example test 24" time="0.000014334">
        </testcase>
        <testcase classname="src/everything.spec.ts" name="describe 90 &gt; example test 25" time="0.000063666">
            <failure message="expected true to be false // Object.is equality" type="AssertionError">
AssertionError: expected true to be false // Object.is equality

- Expected
+ Received

- false
+ true

 ❯ src/everything.spec.ts:8:18
            </failure>
        </testcase>
        <testcase classname="src/everything.spec.ts" name="describe 90 &gt; example test 26" time="0.000014125">
        </testcase>
        <testcase classname="src/everything.spec.ts" name="describe 90 &gt; example test 27" time="0.00006275">
            <failure message="expected true to be false // Object.is equality" type="AssertionError">
AssertionError: expected true to be false // Object.is equality

- Expected
+ Received

- false
+ true

 ❯ src/everything.spec.ts:8:18
            </failure>
        </testcase>
        <testcase classname="src/everything.spec.ts" name="describe 90 &gt; example test 28" time="0.000013792">
        </testcase>
        <testcase classname="src/everything.spec.ts" name="describe 90 &gt; example test 29" time="0.000063666">
            <failure message="expected true to be false // Object.is equality" type="AssertionError">
AssertionError: expected true to be false // Object.is equality

- Expected
+ Received

- false
+ true

 ❯ src/everything.spec.ts:8:18
            </failure>
        </testcase>
        <testcase classname="src/everything.spec.ts" name="describe 90 &gt; example test 30" time="0.0000145">
        </testcase>
        <testcase classname="src/everything.spec.ts" name="describe 90 &gt; example test 31" time="0.000062625">
            <failure message="expected true to be false // Object.is equality" type="AssertionError">
AssertionError: expected true to be false // Object.is equality

- Expected
+ Received

- false
+ true

 ❯ src/everything.spec.ts:8:18
            </failure>
        </testcase>
        <testcase classname="src/everything.spec.ts" name="describe 90 &gt; example test 32" time="0.000014125">
        </testcase>
        <testcase classname="src/everything.spec.ts" name="describe 90 &gt; example test 33" time="0.000065542">
            <failure message="expected true to be false // Object.is equality" type="AssertionError">
AssertionError: expected true to be false // Object.is equality

- Expected
+ Received

- false
+ true

 ❯ src/everything.spec.ts:8:18
            </failure>
        </testcase>
        <testcase classname="src/everything.spec.ts" name="describe 90 &gt; example test 34" time="0.000014792">
        </testcase>
        <testcase classname="src/everything.spec.ts" name="describe 90 &gt; example test 35" time="0.000063583">
            <failure message="expected true to be false // Object.is equality" type="AssertionError">
AssertionError: expected true to be false // Object.is equality

- Expected
+ Received

- false
+ true

 ❯ src/everything.spec.ts:8:18
            </failure>
        </testcase>
        <testcase classname="src/everything.spec.ts" name="describe 90 &gt; example test 36" time="0.000014292">
        </testcase>
        <testcase classname="src/everything.spec.ts" name="describe 90 &gt; example test 37" time="0.000064666">
            <failure message="expected true to be false // Object.is equality" type="AssertionError">
AssertionError: expected true to be false // Object.is equality

- Expected
+ Received

- false
+ true

 ❯ src/everything.spec.ts:8:18
            </failure>
        </testcase>
        <testcase classname="src/everything.spec.ts" name="describe 90 &gt; example test 38" time="0.000014291">
        </testcase>
        <testcase classname="src/everything.spec.ts" name="describe 90 &gt; example test 39" time="0.000062417">
            <failure message="expected true to be false // Object.is equality" type="AssertionError">
AssertionError: expected true to be false // Object.is equality

- Expected
+ Received

- false
+ true

 ❯ src/everything.spec.ts:8:18
            </failure>
        </testcase>
        <testcase classname="src/everything.spec.ts" name="describe 90 &gt; example test 40" time="0.000014833">
        </testcase>
        <testcase classname="src/everything.spec.ts" name="describe 90 &gt; example test 41" time="0.00006325">
            <failure message="expected true to be false // Object.is equality" type="AssertionError">
AssertionError: expected true to be false // Object.is equality

- Expected
+ Received

- false
+ true

 ❯ src/everything.spec.ts:8:18
            </failure>
        </testcase>
        <testcase classname="src/everything.spec.ts" name="describe 90 &gt; example test 42" time="0.000013875">
        </testcase>
        <testcase classname="src/everything.spec.ts" name="describe 90 &gt; example test 43" time="0.000062958">
            <failure message="expected true to be false // Object.is equality" type="AssertionError">
AssertionError: expected true to be false // Object.is equality

- Expected
+ Received

- false
+ true

 ❯ src/everything.spec.ts:8:18
            </failure>
        </testcase>
        <testcase classname="src/everything.spec.ts" name="describe 90 &gt; example test 44" time="0.000014458">
        </testcase>
        <testcase classname="src/everything.spec.ts" name="describe 90 &gt; example test 45" time="0.000063625">
            <failure message="expected true to be false // Object.is equality" type="AssertionError">
AssertionError: expected true to be false // Object.is equality

- Expected
+ Received

- false
+ true

 ❯ src/everything.spec.ts:8:18
            </failure>
        </testcase>
        <testcase classname="src/everything.spec.ts" name="describe 90 &gt; example test 46" time="0.000014333">
        </testcase>
        <testcase classname="src/everything.spec.ts" name="describe 90 &gt; example test 47" time="0.000063375">
            <failure message="expected true to be false // Object.is equality" type="AssertionError">
AssertionError: expected true to be false // Object.is equality

- Expected
+ Received

- false
+ true

 ❯ src/everything.spec.ts:8:18
            </failure>
        </testcase>
        <testcase classname="src/everything.spec.ts" name="describe 90 &gt; example test 48" time="0.000014542">
        </testcase>
        <testcase classname="src/everything.spec.ts" name="describe 90 &gt; example test 49" time="0.000063875">
            <failure message="expected true to be false // Object.is equality" type="AssertionError">
AssertionError: expected true to be false // Object.is equality

- Expected
+ Received

- false
+ true

 ❯ src/everything.spec.ts:8:18
            </failure>
        </testcase>
        <testcase classname="src/everything.spec.ts" name="describe 90 &gt; example test 50" time="0.000014333">
        </testcase>
        <testcase classname="src/everything.spec.ts" name="describe 90 &gt; example test 51" time="0.000067625">
            <failure message="expected true to be false // Object.is equality" type="AssertionError">
AssertionError: expected true to be false // Object.is equality

- Expected
+ Received

- false
+ true

 ❯ src/everything.spec.ts:8:18
            </failure>
        </testcase>
        <testcase classname="src/everything.spec.ts" name="describe 90 &gt; example test 52" time="0.00001475">
        </testcase>
        <testcase classname="src/everything.spec.ts" name="describe 90 &gt; example test 53" time="0.000063792">
            <failure message="expected true to be false // Object.is equality" type="AssertionError">
AssertionError: expected true to be false // Object.is equality

- Expected
+ Received

- false
+ true

 ❯ src/everything.spec.ts:8:18
            </failure>
        </testcase>
        <testcase classname="src/everything.spec.ts" name="describe 90 &gt; example test 54" time="0.000013875">
        </testcase>
        <testcase classname="src/everything.spec.ts" name="describe 90 &gt; example test 55" time="0.000063375">
            <failure message="expected true to be false // Object.is equality" type="AssertionError">
AssertionError: expected true to be false // Object.is equality

- Expected
+ Received

- false
+ true

 ❯ src/everything.spec.ts:8:18
            </failure>
        </testcase>
        <testcase classname="src/everything.spec.ts" name="describe 90 &gt; example test 56" time="0.000013875">
        </testcase>
        <testcase classname="src/everything.spec.ts" name="describe 90 &gt; example test 57" time="0.000629667">
            <failure message="expected true to be false // Object.is equality" type="AssertionError">
AssertionError: expected true to be false // Object.is equality

- Expected
+ Received

- false
+ true

 ❯ src/everything.spec.ts:8:18
            </failure>
        </testcase>
        <testcase classname="src/everything.spec.ts" name="describe 90 &gt; example test 58" time="0.000017791">
        </testcase>
        <testcase classname="src/everything.spec.ts" name="describe 90 &gt; example test 59" time="0.000102292">
            <failure message="expected true to be false // Object.is equality" type="AssertionError">
AssertionError: expected true to be false // Object.is equality

- Expected
+ Received

- false
+ true

 ❯ src/everything.spec.ts:8:18
            </failure>
        </testcase>
        <testcase classname="src/everything.spec.ts" name="describe 90 &gt; example test 60" time="0.000015083">
        </testcase>
        <testcase classname="src/everything.spec.ts" name="describe 90 &gt; example test 61" time="0.000070417">
            <failure message="expected true to be false // Object.is equality" type="AssertionError">
AssertionError: expected true to be false // Object.is equality

- Expected
+ Received

- false
+ true

 ❯ src/everything.spec.ts:8:18
            </failure>
        </testcase>
        <testcase classname="src/everything.spec.ts" name="describe 90 &gt; example test 62" time="0.000017458">
        </testcase>
        <testcase classname="src/everything.spec.ts" name="describe 90 &gt; example test 63" time="0.000067083">
            <failure message="expected true to be false // Object.is equality" type="AssertionError">
AssertionError: expected true to be false // Object.is equality

- Expected
+ Received

- false
+ true

 ❯ src/everything.spec.ts:8:18
            </failure>
        </testcase>
        <testcase classname="src/everything.spec.ts" name="describe 90 &gt; example test 64" time="0.000016333">
        </testcase>
        <testcase classname="src/everything.spec.ts" name="describe 90 &gt; example test 65" time="0.000067792">
            <failure message="expected true to be false // Object.is equality" type="AssertionError">
AssertionError: expected true to be false // Object.is equality

- Expected
+ Received

- false
+ true

 ❯ src/everything.spec.ts:8:18
            </failure>
        </testcase>
        <testcase classname="src/everything.spec.ts" name="describe 90 &gt; example test 66" time="0.000016459">
        </testcase>
        <testcase classname="src/everything.spec.ts" name="describe 90 &gt; example test 67" time="0.000068791">
            <failure message="expected true to be false // Object.is equality" type="AssertionError">
AssertionError: expected true to be false // Object.is equality

- Expected
+ Received

- false
+ true

 ❯ src/everything.spec.ts:8:18
            </failure>
        </testcase>
        <testcase classname="src/everything.spec.ts" name="describe 90 &gt; example test 68" time="0.000017625">
        </testcase>
        <testcase classname="src/everything.spec.ts" name="describe 90 &gt; example test 69" time="0.000073166">
            <failure message="expected true to be false // Object.is equality" type="AssertionError">
AssertionError: expected true to be false // Object.is equality

- Expected
+ Received

- false
+ true

 ❯ src/everything.spec.ts:8:18
            </failure>
        </testcase>
        <testcase classname="src/everything.spec.ts" name="describe 90 &gt; example test 70" time="0.000014416">
        </testcase>
        <testcase classname="src/everything.spec.ts" name="describe 90 &gt; example test 71" time="0.000061583">
            <failure message="expected true to be false // Object.is equality" type="AssertionError">
AssertionError: expected true to be false // Object.is equality

- Expected
+ Received

- false
+ true

 ❯ src/everything.spec.ts:8:18
            </failure>
        </testcase>
        <testcase classname="src/everything.spec.ts" name="describe 90 &gt; example test 72" time="0.000014209">
        </testcase>
        <testcase classname="src/everything.spec.ts" name="describe 90 &gt; example test 73" time="0.000064291">
            <failure message="expected true to be false // Object.is equality" type="AssertionError">
AssertionError: expected true to be false // Object.is equality

- Expected
+ Received

- false
+ true

 ❯ src/everything.spec.ts:8:18
            </failure>
        </testcase>
        <testcase classname="src/everything.spec.ts" name="describe 90 &gt; example test 74" time="0.000014">
        </testcase>
        <testcase classname="src/everything.spec.ts" name="describe 90 &gt; example test 75" time="0.0000625">
            <failure message="expected true to be false // Object.is equality" type="AssertionError">
AssertionError: expected true to be false // Object.is equality

- Expected
+ Received

- false
+ true

 ❯ src/everything.spec.ts:8:18
            </failure>
        </testcase>
        <testcase classname="src/everything.spec.ts" name="describe 90 &gt; example test 76" time="0.00001375">
        </testcase>
        <testcase classname="src/everything.spec.ts" name="describe 90 &gt; example test 77" time="0.000061167">
            <failure message="expected true to be false // Object.is equality" type="AssertionError">
AssertionError: expected true to be false // Object.is equality

- Expected
+ Received

- false
+ true

 ❯ src/everything.spec.ts:8:18
            </failure>
        </testcase>
        <testcase classname="src/everything.spec.ts" name="describe 90 &gt; example test 78" time="0.000013458">
        </testcase>
        <testcase classname="src/everything.spec.ts" name="describe 90 &gt; example test 79" time="0.0000615">
            <failure message="expected true to be false // Object.is equality" type="AssertionError">
AssertionError: expected true to be false // Object.is equality

- Expected
+ Received

- false
+ true

 ❯ src/everything.spec.ts:8:18
            </failure>
        </testcase>
        <testcase classname="src/everything.spec.ts" name="describe 90 &gt; example test 80" time="0.00001375">
        </testcase>
        <testcase classname="src/everything.spec.ts" name="describe 90 &gt; example test 81" time="0.000061292">
            <failure message="expected true to be false // Object.is equality" type="AssertionError">
AssertionError: expected true to be false // Object.is equality

- Expected
+ Received

- false
+ true

 ❯ src/everything.spec.ts:8:18
            </failure>
        </testcase>
        <testcase classname="src/everything.spec.ts" name="describe 90 &gt; example test 82" time="0.000014041">
        </testcase>
        <testcase classname="src/everything.spec.ts" name="describe 90 &gt; example test 83" time="0.000061458">
            <failure message="expected true to be false // Object.is equality" type="AssertionError">
AssertionError: expected true to be false // Object.is equality

- Expected
+ Received

- false
+ true

 ❯ src/everything.spec.ts:8:18
            </failure>
        </testcase>
        <testcase classname="src/everything.spec.ts" name="describe 90 &gt; example test 84" time="0.000014">
        </testcase>
        <testcase classname="src/everything.spec.ts" name="describe 90 &gt; example test 85" time="0.000061584">
            <failure message="expected true to be false // Object.is equality" type="AssertionError">
AssertionError: expected true to be false // Object.is equality

- Expected
+ Received

- false
+ true

 ❯ src/everything.spec.ts:8:18
            </failure>
        </testcase>
        <testcase classname="src/everything.spec.ts" name="describe 90 &gt; example test 86" time="0.000014">
        </testcase>
        <testcase classname="src/everything.spec.ts" name="describe 90 &gt; example test 87" time="0.000061209">
            <failure message="expected true to be false // Object.is equality" type="AssertionError">
AssertionError: expected true to be false // Object.is equality

- Expected
+ Received

- false
+ true

 ❯ src/everything.spec.ts:8:18
            </failure>
        </testcase>
        <testcase classname="src/everything.spec.ts" name="describe 90 &gt; example test 88" time="0.000013833">
        </testcase>
        <testcase classname="src/everything.spec.ts" name="describe 90 &gt; example test 89" time="0.000061167">
            <failure message="expected true to be false // Object.is equality" type="AssertionError">
AssertionError: expected true to be false // Object.is equality

- Expected
+ Received

- false
+ true

 ❯ src/everything.spec.ts:8:18
            </failure>
        </testcase>
        <testcase classname="src/everything.spec.ts" name="describe 90 &gt; example test 90" time="0.000014">
        </testcase>
        <testcase classname="src/everything.spec.ts" name="describe 90 &gt; example test 91" time="0.000063625">
            <failure message="expected true to be false // Object.is equality" type="AssertionError">
AssertionError: expected true to be false // Object.is equality

- Expected
+ Received

- false
+ true

 ❯ src/everything.spec.ts:8:18
            </failure>
        </testcase>
        <testcase classname="src/everything.spec.ts" name="describe 90 &gt; example test 92" time="0.000013541">
        </testcase>
        <testcase classname="src/everything.spec.ts" name="describe 90 &gt; example test 93" time="0.000063833">
            <failure message="expected true to be false // Object.is equality" type="AssertionError">
AssertionError: expected true to be false // Object.is equality

- Expected
+ Received

- false
+ true

 ❯ src/everything.spec.ts:8:18
            </failure>
        </testcase>
        <testcase classname="src/everything.spec.ts" name="describe 90 &gt; example test 94" time="0.000013667">
        </testcase>
        <testcase classname="src/everything.spec.ts" name="describe 90 &gt; example test 95" time="0.00006325">
            <failure message="expected true to be false // Object.is equality" type="AssertionError">
AssertionError: expected true to be false // Object.is equality

- Expected
+ Received

- false
+ true

 ❯ src/everything.spec.ts:8:18
            </failure>
        </testcase>
        <testcase classname="src/everything.spec.ts" name="describe 90 &gt; example test 96" time="0.000014">
        </testcase>
        <testcase classname="src/everything.spec.ts" name="describe 90 &gt; example test 97" time="0.000061459">
            <failure message="expected true to be false // Object.is equality" type="AssertionError">
AssertionError: expected true to be false // Object.is equality

- Expected
+ Received

- false
+ true

 ❯ src/everything.spec.ts:8:18
            </failure>
        </testcase>
        <testcase classname="src/everything.spec.ts" name="describe 90 &gt; example test 98" time="0.000013667">
        </testcase>
        <testcase classname="src/everything.spec.ts" name="describe 90 &gt; example test 99" time="0.000059792">
            <failure message="expected true to be false // Object.is equality" type="AssertionError">
AssertionError: expected true to be false // Object.is equality

- Expected
+ Received

- false
+ true

 ❯ src/everything.spec.ts:8:18
            </failure>
        </testcase>
        <testcase classname="src/everything.spec.ts" name="describe 90 &gt; example test 100" time="0.00001375">
        </testcase>
        <testcase classname="src/everything.spec.ts" name="describe 91 &gt; example test 1" time="0.000062584">
            <failure message="expected true to be false // Object.is equality" type="AssertionError">
AssertionError: expected true to be false // Object.is equality

- Expected
+ Received

- false
+ true

 ❯ src/everything.spec.ts:8:18
            </failure>
        </testcase>
        <testcase classname="src/everything.spec.ts" name="describe 91 &gt; example test 2" time="0.000014">
        </testcase>
        <testcase classname="src/everything.spec.ts" name="describe 91 &gt; example test 3" time="0.000063834">
            <failure message="expected true to be false // Object.is equality" type="AssertionError">
AssertionError: expected true to be false // Object.is equality

- Expected
+ Received

- false
+ true

 ❯ src/everything.spec.ts:8:18
            </failure>
        </testcase>
        <testcase classname="src/everything.spec.ts" name="describe 91 &gt; example test 4" time="0.000013708">
        </testcase>
        <testcase classname="src/everything.spec.ts" name="describe 91 &gt; example test 5" time="0.000060709">
            <failure message="expected true to be false // Object.is equality" type="AssertionError">
AssertionError: expected true to be false // Object.is equality

- Expected
+ Received

- false
+ true

 ❯ src/everything.spec.ts:8:18
            </failure>
        </testcase>
        <testcase classname="src/everything.spec.ts" name="describe 91 &gt; example test 6" time="0.000014125">
        </testcase>
        <testcase classname="src/everything.spec.ts" name="describe 91 &gt; example test 7" time="0.000059875">
            <failure message="expected true to be false // Object.is equality" type="AssertionError">
AssertionError: expected true to be false // Object.is equality

- Expected
+ Received

- false
+ true

 ❯ src/everything.spec.ts:8:18
            </failure>
        </testcase>
        <testcase classname="src/everything.spec.ts" name="describe 91 &gt; example test 8" time="0.000014">
        </testcase>
        <testcase classname="src/everything.spec.ts" name="describe 91 &gt; example test 9" time="0.000065041">
            <failure message="expected true to be false // Object.is equality" type="AssertionError">
AssertionError: expected true to be false // Object.is equality

- Expected
+ Received

- false
+ true

 ❯ src/everything.spec.ts:8:18
            </failure>
        </testcase>
        <testcase classname="src/everything.spec.ts" name="describe 91 &gt; example test 10" time="0.00001375">
        </testcase>
        <testcase classname="src/everything.spec.ts" name="describe 91 &gt; example test 11" time="0.000063292">
            <failure message="expected true to be false // Object.is equality" type="AssertionError">
AssertionError: expected true to be false // Object.is equality

- Expected
+ Received

- false
+ true

 ❯ src/everything.spec.ts:8:18
            </failure>
        </testcase>
        <testcase classname="src/everything.spec.ts" name="describe 91 &gt; example test 12" time="0.000013625">
        </testcase>
        <testcase classname="src/everything.spec.ts" name="describe 91 &gt; example test 13" time="0.0000665">
            <failure message="expected true to be false // Object.is equality" type="AssertionError">
AssertionError: expected true to be false // Object.is equality

- Expected
+ Received

- false
+ true

 ❯ src/everything.spec.ts:8:18
            </failure>
        </testcase>
        <testcase classname="src/everything.spec.ts" name="describe 91 &gt; example test 14" time="0.000014042">
        </testcase>
        <testcase classname="src/everything.spec.ts" name="describe 91 &gt; example test 15" time="0.00006275">
            <failure message="expected true to be false // Object.is equality" type="AssertionError">
AssertionError: expected true to be false // Object.is equality

- Expected
+ Received

- false
+ true

 ❯ src/everything.spec.ts:8:18
            </failure>
        </testcase>
        <testcase classname="src/everything.spec.ts" name="describe 91 &gt; example test 16" time="0.00001375">
        </testcase>
        <testcase classname="src/everything.spec.ts" name="describe 91 &gt; example test 17" time="0.000065875">
            <failure message="expected true to be false // Object.is equality" type="AssertionError">
AssertionError: expected true to be false // Object.is equality

- Expected
+ Received

- false
+ true

 ❯ src/everything.spec.ts:8:18
            </failure>
        </testcase>
        <testcase classname="src/everything.spec.ts" name="describe 91 &gt; example test 18" time="0.000013958">
        </testcase>
        <testcase classname="src/everything.spec.ts" name="describe 91 &gt; example test 19" time="0.000062625">
            <failure message="expected true to be false // Object.is equality" type="AssertionError">
AssertionError: expected true to be false // Object.is equality

- Expected
+ Received

- false
+ true

 ❯ src/everything.spec.ts:8:18
            </failure>
        </testcase>
        <testcase classname="src/everything.spec.ts" name="describe 91 &gt; example test 20" time="0.000013917">
        </testcase>
        <testcase classname="src/everything.spec.ts" name="describe 91 &gt; example test 21" time="0.000061416">
            <failure message="expected true to be false // Object.is equality" type="AssertionError">
AssertionError: expected true to be false // Object.is equality

- Expected
+ Received

- false
+ true

 ❯ src/everything.spec.ts:8:18
            </failure>
        </testcase>
        <testcase classname="src/everything.spec.ts" name="describe 91 &gt; example test 22" time="0.000013583">
        </testcase>
        <testcase classname="src/everything.spec.ts" name="describe 91 &gt; example test 23" time="0.000064584">
            <failure message="expected true to be false // Object.is equality" type="AssertionError">
AssertionError: expected true to be false // Object.is equality

- Expected
+ Received

- false
+ true

 ❯ src/everything.spec.ts:8:18
            </failure>
        </testcase>
        <testcase classname="src/everything.spec.ts" name="describe 91 &gt; example test 24" time="0.000014">
        </testcase>
        <testcase classname="src/everything.spec.ts" name="describe 91 &gt; example test 25" time="0.0000625">
            <failure message="expected true to be false // Object.is equality" type="AssertionError">
AssertionError: expected true to be false // Object.is equality

- Expected
+ Received

- false
+ true

 ❯ src/everything.spec.ts:8:18
            </failure>
        </testcase>
        <testcase classname="src/everything.spec.ts" name="describe 91 &gt; example test 26" time="0.000013875">
        </testcase>
        <testcase classname="src/everything.spec.ts" name="describe 91 &gt; example test 27" time="0.000063167">
            <failure message="expected true to be false // Object.is equality" type="AssertionError">
AssertionError: expected true to be false // Object.is equality

- Expected
+ Received

- false
+ true

 ❯ src/everything.spec.ts:8:18
            </failure>
        </testcase>
        <testcase classname="src/everything.spec.ts" name="describe 91 &gt; example test 28" time="0.000013625">
        </testcase>
        <testcase classname="src/everything.spec.ts" name="describe 91 &gt; example test 29" time="0.000063333">
            <failure message="expected true to be false // Object.is equality" type="AssertionError">
AssertionError: expected true to be false // Object.is equality

- Expected
+ Received

- false
+ true

 ❯ src/everything.spec.ts:8:18
            </failure>
        </testcase>
        <testcase classname="src/everything.spec.ts" name="describe 91 &gt; example test 30" time="0.000013708">
        </testcase>
        <testcase classname="src/everything.spec.ts" name="describe 91 &gt; example test 31" time="0.000061792">
            <failure message="expected true to be false // Object.is equality" type="AssertionError">
AssertionError: expected true to be false // Object.is equality

- Expected
+ Received

- false
+ true

 ❯ src/everything.spec.ts:8:18
            </failure>
        </testcase>
        <testcase classname="src/everything.spec.ts" name="describe 91 &gt; example test 32" time="0.000013417">
        </testcase>
        <testcase classname="src/everything.spec.ts" name="describe 91 &gt; example test 33" time="0.000063208">
            <failure message="expected true to be false // Object.is equality" type="AssertionError">
AssertionError: expected true to be false // Object.is equality

- Expected
+ Received

- false
+ true

 ❯ src/everything.spec.ts:8:18
            </failure>
        </testcase>
        <testcase classname="src/everything.spec.ts" name="describe 91 &gt; example test 34" time="0.000016125">
        </testcase>
        <testcase classname="src/everything.spec.ts" name="describe 91 &gt; example test 35" time="0.000065167">
            <failure message="expected true to be false // Object.is equality" type="AssertionError">
AssertionError: expected true to be false // Object.is equality

- Expected
+ Received

- false
+ true

 ❯ src/everything.spec.ts:8:18
            </failure>
        </testcase>
        <testcase classname="src/everything.spec.ts" name="describe 91 &gt; example test 36" time="0.0000135">
        </testcase>
        <testcase classname="src/everything.spec.ts" name="describe 91 &gt; example test 37" time="0.000062625">
            <failure message="expected true to be false // Object.is equality" type="AssertionError">
AssertionError: expected true to be false // Object.is equality

- Expected
+ Received

- false
+ true

 ❯ src/everything.spec.ts:8:18
            </failure>
        </testcase>
        <testcase classname="src/everything.spec.ts" name="describe 91 &gt; example test 38" time="0.000015875">
        </testcase>
        <testcase classname="src/everything.spec.ts" name="describe 91 &gt; example test 39" time="0.0000625">
            <failure message="expected true to be false // Object.is equality" type="AssertionError">
AssertionError: expected true to be false // Object.is equality

- Expected
+ Received

- false
+ true

 ❯ src/everything.spec.ts:8:18
            </failure>
        </testcase>
        <testcase classname="src/everything.spec.ts" name="describe 91 &gt; example test 40" time="0.000014125">
        </testcase>
        <testcase classname="src/everything.spec.ts" name="describe 91 &gt; example test 41" time="0.000063958">
            <failure message="expected true to be false // Object.is equality" type="AssertionError">
AssertionError: expected true to be false // Object.is equality

- Expected
+ Received

- false
+ true

 ❯ src/everything.spec.ts:8:18
            </failure>
        </testcase>
        <testcase classname="src/everything.spec.ts" name="describe 91 &gt; example test 42" time="0.000014041">
        </testcase>
        <testcase classname="src/everything.spec.ts" name="describe 91 &gt; example test 43" time="0.000062834">
            <failure message="expected true to be false // Object.is equality" type="AssertionError">
AssertionError: expected true to be false // Object.is equality

- Expected
+ Received

- false
+ true

 ❯ src/everything.spec.ts:8:18
            </failure>
        </testcase>
        <testcase classname="src/everything.spec.ts" name="describe 91 &gt; example test 44" time="0.000014417">
        </testcase>
        <testcase classname="src/everything.spec.ts" name="describe 91 &gt; example test 45" time="0.000062875">
            <failure message="expected true to be false // Object.is equality" type="AssertionError">
AssertionError: expected true to be false // Object.is equality

- Expected
+ Received

- false
+ true

 ❯ src/everything.spec.ts:8:18
            </failure>
        </testcase>
        <testcase classname="src/everything.spec.ts" name="describe 91 &gt; example test 46" time="0.000014208">
        </testcase>
        <testcase classname="src/everything.spec.ts" name="describe 91 &gt; example test 47" time="0.000063667">
            <failure message="expected true to be false // Object.is equality" type="AssertionError">
AssertionError: expected true to be false // Object.is equality

- Expected
+ Received

- false
+ true

 ❯ src/everything.spec.ts:8:18
            </failure>
        </testcase>
        <testcase classname="src/everything.spec.ts" name="describe 91 &gt; example test 48" time="0.000013833">
        </testcase>
        <testcase classname="src/everything.spec.ts" name="describe 91 &gt; example test 49" time="0.000060959">
            <failure message="expected true to be false // Object.is equality" type="AssertionError">
AssertionError: expected true to be false // Object.is equality

- Expected
+ Received

- false
+ true

 ❯ src/everything.spec.ts:8:18
            </failure>
        </testcase>
        <testcase classname="src/everything.spec.ts" name="describe 91 &gt; example test 50" time="0.000013667">
        </testcase>
        <testcase classname="src/everything.spec.ts" name="describe 91 &gt; example test 51" time="0.000060375">
            <failure message="expected true to be false // Object.is equality" type="AssertionError">
AssertionError: expected true to be false // Object.is equality

- Expected
+ Received

- false
+ true

 ❯ src/everything.spec.ts:8:18
            </failure>
        </testcase>
        <testcase classname="src/everything.spec.ts" name="describe 91 &gt; example test 52" time="0.000013833">
        </testcase>
        <testcase classname="src/everything.spec.ts" name="describe 91 &gt; example test 53" time="0.000061708">
            <failure message="expected true to be false // Object.is equality" type="AssertionError">
AssertionError: expected true to be false // Object.is equality

- Expected
+ Received

- false
+ true

 ❯ src/everything.spec.ts:8:18
            </failure>
        </testcase>
        <testcase classname="src/everything.spec.ts" name="describe 91 &gt; example test 54" time="0.000013208">
        </testcase>
        <testcase classname="src/everything.spec.ts" name="describe 91 &gt; example test 55" time="0.000062667">
            <failure message="expected true to be false // Object.is equality" type="AssertionError">
AssertionError: expected true to be false // Object.is equality

- Expected
+ Received

- false
+ true

 ❯ src/everything.spec.ts:8:18
            </failure>
        </testcase>
        <testcase classname="src/everything.spec.ts" name="describe 91 &gt; example test 56" time="0.000013917">
        </testcase>
        <testcase classname="src/everything.spec.ts" name="describe 91 &gt; example test 57" time="0.000063125">
            <failure message="expected true to be false // Object.is equality" type="AssertionError">
AssertionError: expected true to be false // Object.is equality

- Expected
+ Received

- false
+ true

 ❯ src/everything.spec.ts:8:18
            </failure>
        </testcase>
        <testcase classname="src/everything.spec.ts" name="describe 91 &gt; example test 58" time="0.000014">
        </testcase>
        <testcase classname="src/everything.spec.ts" name="describe 91 &gt; example test 59" time="0.000060708">
            <failure message="expected true to be false // Object.is equality" type="AssertionError">
AssertionError: expected true to be false // Object.is equality

- Expected
+ Received

- false
+ true

 ❯ src/everything.spec.ts:8:18
            </failure>
        </testcase>
        <testcase classname="src/everything.spec.ts" name="describe 91 &gt; example test 60" time="0.000013875">
        </testcase>
        <testcase classname="src/everything.spec.ts" name="describe 91 &gt; example test 61" time="0.000060708">
            <failure message="expected true to be false // Object.is equality" type="AssertionError">
AssertionError: expected true to be false // Object.is equality

- Expected
+ Received

- false
+ true

 ❯ src/everything.spec.ts:8:18
            </failure>
        </testcase>
        <testcase classname="src/everything.spec.ts" name="describe 91 &gt; example test 62" time="0.000015708">
        </testcase>
        <testcase classname="src/everything.spec.ts" name="describe 91 &gt; example test 63" time="0.000062583">
            <failure message="expected true to be false // Object.is equality" type="AssertionError">
AssertionError: expected true to be false // Object.is equality

- Expected
+ Received

- false
+ true

 ❯ src/everything.spec.ts:8:18
            </failure>
        </testcase>
        <testcase classname="src/everything.spec.ts" name="describe 91 &gt; example test 64" time="0.000013459">
        </testcase>
        <testcase classname="src/everything.spec.ts" name="describe 91 &gt; example test 65" time="0.000060541">
            <failure message="expected true to be false // Object.is equality" type="AssertionError">
AssertionError: expected true to be false // Object.is equality

- Expected
+ Received

- false
+ true

 ❯ src/everything.spec.ts:8:18
            </failure>
        </testcase>
        <testcase classname="src/everything.spec.ts" name="describe 91 &gt; example test 66" time="0.00001375">
        </testcase>
        <testcase classname="src/everything.spec.ts" name="describe 91 &gt; example test 67" time="0.000061709">
            <failure message="expected true to be false // Object.is equality" type="AssertionError">
AssertionError: expected true to be false // Object.is equality

- Expected
+ Received

- false
+ true

 ❯ src/everything.spec.ts:8:18
            </failure>
        </testcase>
        <testcase classname="src/everything.spec.ts" name="describe 91 &gt; example test 68" time="0.000013834">
        </testcase>
        <testcase classname="src/everything.spec.ts" name="describe 91 &gt; example test 69" time="0.000059916">
            <failure message="expected true to be false // Object.is equality" type="AssertionError">
AssertionError: expected true to be false // Object.is equality

- Expected
+ Received

- false
+ true

 ❯ src/everything.spec.ts:8:18
            </failure>
        </testcase>
        <testcase classname="src/everything.spec.ts" name="describe 91 &gt; example test 70" time="0.000013583">
        </testcase>
        <testcase classname="src/everything.spec.ts" name="describe 91 &gt; example test 71" time="0.00006">
            <failure message="expected true to be false // Object.is equality" type="AssertionError">
AssertionError: expected true to be false // Object.is equality

- Expected
+ Received

- false
+ true

 ❯ src/everything.spec.ts:8:18
            </failure>
        </testcase>
        <testcase classname="src/everything.spec.ts" name="describe 91 &gt; example test 72" time="0.000014083">
        </testcase>
        <testcase classname="src/everything.spec.ts" name="describe 91 &gt; example test 73" time="0.000060375">
            <failure message="expected true to be false // Object.is equality" type="AssertionError">
AssertionError: expected true to be false // Object.is equality

- Expected
+ Received

- false
+ true

 ❯ src/everything.spec.ts:8:18
            </failure>
        </testcase>
        <testcase classname="src/everything.spec.ts" name="describe 91 &gt; example test 74" time="0.000013875">
        </testcase>
        <testcase classname="src/everything.spec.ts" name="describe 91 &gt; example test 75" time="0.00006275">
            <failure message="expected true to be false // Object.is equality" type="AssertionError">
AssertionError: expected true to be false // Object.is equality

- Expected
+ Received

- false
+ true

 ❯ src/everything.spec.ts:8:18
            </failure>
        </testcase>
        <testcase classname="src/everything.spec.ts" name="describe 91 &gt; example test 76" time="0.000014292">
        </testcase>
        <testcase classname="src/everything.spec.ts" name="describe 91 &gt; example test 77" time="0.000060916">
            <failure message="expected true to be false // Object.is equality" type="AssertionError">
AssertionError: expected true to be false // Object.is equality

- Expected
+ Received

- false
+ true

 ❯ src/everything.spec.ts:8:18
            </failure>
        </testcase>
        <testcase classname="src/everything.spec.ts" name="describe 91 &gt; example test 78" time="0.000013791">
        </testcase>
        <testcase classname="src/everything.spec.ts" name="describe 91 &gt; example test 79" time="0.000061709">
            <failure message="expected true to be false // Object.is equality" type="AssertionError">
AssertionError: expected true to be false // Object.is equality

- Expected
+ Received

- false
+ true

 ❯ src/everything.spec.ts:8:18
            </failure>
        </testcase>
        <testcase classname="src/everything.spec.ts" name="describe 91 &gt; example test 80" time="0.000014417">
        </testcase>
        <testcase classname="src/everything.spec.ts" name="describe 91 &gt; example test 81" time="0.000060541">
            <failure message="expected true to be false // Object.is equality" type="AssertionError">
AssertionError: expected true to be false // Object.is equality

- Expected
+ Received

- false
+ true

 ❯ src/everything.spec.ts:8:18
            </failure>
        </testcase>
        <testcase classname="src/everything.spec.ts" name="describe 91 &gt; example test 82" time="0.00001375">
        </testcase>
        <testcase classname="src/everything.spec.ts" name="describe 91 &gt; example test 83" time="0.000062042">
            <failure message="expected true to be false // Object.is equality" type="AssertionError">
AssertionError: expected true to be false // Object.is equality

- Expected
+ Received

- false
+ true

 ❯ src/everything.spec.ts:8:18
            </failure>
        </testcase>
        <testcase classname="src/everything.spec.ts" name="describe 91 &gt; example test 84" time="0.000013958">
        </testcase>
        <testcase classname="src/everything.spec.ts" name="describe 91 &gt; example test 85" time="0.000060875">
            <failure message="expected true to be false // Object.is equality" type="AssertionError">
AssertionError: expected true to be false // Object.is equality

- Expected
+ Received

- false
+ true

 ❯ src/everything.spec.ts:8:18
            </failure>
        </testcase>
        <testcase classname="src/everything.spec.ts" name="describe 91 &gt; example test 86" time="0.000013791">
        </testcase>
        <testcase classname="src/everything.spec.ts" name="describe 91 &gt; example test 87" time="0.000061417">
            <failure message="expected true to be false // Object.is equality" type="AssertionError">
AssertionError: expected true to be false // Object.is equality

- Expected
+ Received

- false
+ true

 ❯ src/everything.spec.ts:8:18
            </failure>
        </testcase>
        <testcase classname="src/everything.spec.ts" name="describe 91 &gt; example test 88" time="0.000014708">
        </testcase>
        <testcase classname="src/everything.spec.ts" name="describe 91 &gt; example test 89" time="0.000060875">
            <failure message="expected true to be false // Object.is equality" type="AssertionError">
AssertionError: expected true to be false // Object.is equality

- Expected
+ Received

- false
+ true

 ❯ src/everything.spec.ts:8:18
            </failure>
        </testcase>
        <testcase classname="src/everything.spec.ts" name="describe 91 &gt; example test 90" time="0.000014208">
        </testcase>
        <testcase classname="src/everything.spec.ts" name="describe 91 &gt; example test 91" time="0.000061041">
            <failure message="expected true to be false // Object.is equality" type="AssertionError">
AssertionError: expected true to be false // Object.is equality

- Expected
+ Received

- false
+ true

 ❯ src/everything.spec.ts:8:18
            </failure>
        </testcase>
        <testcase classname="src/everything.spec.ts" name="describe 91 &gt; example test 92" time="0.000014375">
        </testcase>
        <testcase classname="src/everything.spec.ts" name="describe 91 &gt; example test 93" time="0.000060416">
            <failure message="expected true to be false // Object.is equality" type="AssertionError">
AssertionError: expected true to be false // Object.is equality

- Expected
+ Received

- false
+ true

 ❯ src/everything.spec.ts:8:18
            </failure>
        </testcase>
        <testcase classname="src/everything.spec.ts" name="describe 91 &gt; example test 94" time="0.000013584">
        </testcase>
        <testcase classname="src/everything.spec.ts" name="describe 91 &gt; example test 95" time="0.000064167">
            <failure message="expected true to be false // Object.is equality" type="AssertionError">
AssertionError: expected true to be false // Object.is equality

- Expected
+ Received

- false
+ true

 ❯ src/everything.spec.ts:8:18
            </failure>
        </testcase>
        <testcase classname="src/everything.spec.ts" name="describe 91 &gt; example test 96" time="0.000014375">
        </testcase>
        <testcase classname="src/everything.spec.ts" name="describe 91 &gt; example test 97" time="0.000062083">
            <failure message="expected true to be false // Object.is equality" type="AssertionError">
AssertionError: expected true to be false // Object.is equality

- Expected
+ Received

- false
+ true

 ❯ src/everything.spec.ts:8:18
            </failure>
        </testcase>
        <testcase classname="src/everything.spec.ts" name="describe 91 &gt; example test 98" time="0.000013875">
        </testcase>
        <testcase classname="src/everything.spec.ts" name="describe 91 &gt; example test 99" time="0.000059917">
            <failure message="expected true to be false // Object.is equality" type="AssertionError">
AssertionError: expected true to be false // Object.is equality

- Expected
+ Received

- false
+ true

 ❯ src/everything.spec.ts:8:18
            </failure>
        </testcase>
        <testcase classname="src/everything.spec.ts" name="describe 91 &gt; example test 100" time="0.000013791">
        </testcase>
        <testcase classname="src/everything.spec.ts" name="describe 92 &gt; example test 1" time="0.00006125">
            <failure message="expected true to be false // Object.is equality" type="AssertionError">
AssertionError: expected true to be false // Object.is equality

- Expected
+ Received

- false
+ true

 ❯ src/everything.spec.ts:8:18
            </failure>
        </testcase>
        <testcase classname="src/everything.spec.ts" name="describe 92 &gt; example test 2" time="0.000013834">
        </testcase>
        <testcase classname="src/everything.spec.ts" name="describe 92 &gt; example test 3" time="0.000060958">
            <failure message="expected true to be false // Object.is equality" type="AssertionError">
AssertionError: expected true to be false // Object.is equality

- Expected
+ Received

- false
+ true

 ❯ src/everything.spec.ts:8:18
            </failure>
        </testcase>
        <testcase classname="src/everything.spec.ts" name="describe 92 &gt; example test 4" time="0.000013833">
        </testcase>
        <testcase classname="src/everything.spec.ts" name="describe 92 &gt; example test 5" time="0.000060917">
            <failure message="expected true to be false // Object.is equality" type="AssertionError">
AssertionError: expected true to be false // Object.is equality

- Expected
+ Received

- false
+ true

 ❯ src/everything.spec.ts:8:18
            </failure>
        </testcase>
        <testcase classname="src/everything.spec.ts" name="describe 92 &gt; example test 6" time="0.000013584">
        </testcase>
        <testcase classname="src/everything.spec.ts" name="describe 92 &gt; example test 7" time="0.000061417">
            <failure message="expected true to be false // Object.is equality" type="AssertionError">
AssertionError: expected true to be false // Object.is equality

- Expected
+ Received

- false
+ true

 ❯ src/everything.spec.ts:8:18
            </failure>
        </testcase>
        <testcase classname="src/everything.spec.ts" name="describe 92 &gt; example test 8" time="0.000013584">
        </testcase>
        <testcase classname="src/everything.spec.ts" name="describe 92 &gt; example test 9" time="0.000060541">
            <failure message="expected true to be false // Object.is equality" type="AssertionError">
AssertionError: expected true to be false // Object.is equality

- Expected
+ Received

- false
+ true

 ❯ src/everything.spec.ts:8:18
            </failure>
        </testcase>
        <testcase classname="src/everything.spec.ts" name="describe 92 &gt; example test 10" time="0.000013917">
        </testcase>
        <testcase classname="src/everything.spec.ts" name="describe 92 &gt; example test 11" time="0.000063958">
            <failure message="expected true to be false // Object.is equality" type="AssertionError">
AssertionError: expected true to be false // Object.is equality

- Expected
+ Received

- false
+ true

 ❯ src/everything.spec.ts:8:18
            </failure>
        </testcase>
        <testcase classname="src/everything.spec.ts" name="describe 92 &gt; example test 12" time="0.000014834">
        </testcase>
        <testcase classname="src/everything.spec.ts" name="describe 92 &gt; example test 13" time="0.000061625">
            <failure message="expected true to be false // Object.is equality" type="AssertionError">
AssertionError: expected true to be false // Object.is equality

- Expected
+ Received

- false
+ true

 ❯ src/everything.spec.ts:8:18
            </failure>
        </testcase>
        <testcase classname="src/everything.spec.ts" name="describe 92 &gt; example test 14" time="0.000014167">
        </testcase>
        <testcase classname="src/everything.spec.ts" name="describe 92 &gt; example test 15" time="0.000061958">
            <failure message="expected true to be false // Object.is equality" type="AssertionError">
AssertionError: expected true to be false // Object.is equality

- Expected
+ Received

- false
+ true

 ❯ src/everything.spec.ts:8:18
            </failure>
        </testcase>
        <testcase classname="src/everything.spec.ts" name="describe 92 &gt; example test 16" time="0.000014334">
        </testcase>
        <testcase classname="src/everything.spec.ts" name="describe 92 &gt; example test 17" time="0.000060333">
            <failure message="expected true to be false // Object.is equality" type="AssertionError">
AssertionError: expected true to be false // Object.is equality

- Expected
+ Received

- false
+ true

 ❯ src/everything.spec.ts:8:18
            </failure>
        </testcase>
        <testcase classname="src/everything.spec.ts" name="describe 92 &gt; example test 18" time="0.000014">
        </testcase>
        <testcase classname="src/everything.spec.ts" name="describe 92 &gt; example test 19" time="0.000061292">
            <failure message="expected true to be false // Object.is equality" type="AssertionError">
AssertionError: expected true to be false // Object.is equality

- Expected
+ Received

- false
+ true

 ❯ src/everything.spec.ts:8:18
            </failure>
        </testcase>
        <testcase classname="src/everything.spec.ts" name="describe 92 &gt; example test 20" time="0.000014208">
        </testcase>
        <testcase classname="src/everything.spec.ts" name="describe 92 &gt; example test 21" time="0.000060208">
            <failure message="expected true to be false // Object.is equality" type="AssertionError">
AssertionError: expected true to be false // Object.is equality

- Expected
+ Received

- false
+ true

 ❯ src/everything.spec.ts:8:18
            </failure>
        </testcase>
        <testcase classname="src/everything.spec.ts" name="describe 92 &gt; example test 22" time="0.000013958">
        </testcase>
        <testcase classname="src/everything.spec.ts" name="describe 92 &gt; example test 23" time="0.000060792">
            <failure message="expected true to be false // Object.is equality" type="AssertionError">
AssertionError: expected true to be false // Object.is equality

- Expected
+ Received

- false
+ true

 ❯ src/everything.spec.ts:8:18
            </failure>
        </testcase>
        <testcase classname="src/everything.spec.ts" name="describe 92 &gt; example test 24" time="0.00001325">
        </testcase>
        <testcase classname="src/everything.spec.ts" name="describe 92 &gt; example test 25" time="0.000060166">
            <failure message="expected true to be false // Object.is equality" type="AssertionError">
AssertionError: expected true to be false // Object.is equality

- Expected
+ Received

- false
+ true

 ❯ src/everything.spec.ts:8:18
            </failure>
        </testcase>
        <testcase classname="src/everything.spec.ts" name="describe 92 &gt; example test 26" time="0.000013791">
        </testcase>
        <testcase classname="src/everything.spec.ts" name="describe 92 &gt; example test 27" time="0.000062">
            <failure message="expected true to be false // Object.is equality" type="AssertionError">
AssertionError: expected true to be false // Object.is equality

- Expected
+ Received

- false
+ true

 ❯ src/everything.spec.ts:8:18
            </failure>
        </testcase>
        <testcase classname="src/everything.spec.ts" name="describe 92 &gt; example test 28" time="0.000014375">
        </testcase>
        <testcase classname="src/everything.spec.ts" name="describe 92 &gt; example test 29" time="0.000061042">
            <failure message="expected true to be false // Object.is equality" type="AssertionError">
AssertionError: expected true to be false // Object.is equality

- Expected
+ Received

- false
+ true

 ❯ src/everything.spec.ts:8:18
            </failure>
        </testcase>
        <testcase classname="src/everything.spec.ts" name="describe 92 &gt; example test 30" time="0.000013333">
        </testcase>
        <testcase classname="src/everything.spec.ts" name="describe 92 &gt; example test 31" time="0.000060959">
            <failure message="expected true to be false // Object.is equality" type="AssertionError">
AssertionError: expected true to be false // Object.is equality

- Expected
+ Received

- false
+ true

 ❯ src/everything.spec.ts:8:18
            </failure>
        </testcase>
        <testcase classname="src/everything.spec.ts" name="describe 92 &gt; example test 32" time="0.000013709">
        </testcase>
        <testcase classname="src/everything.spec.ts" name="describe 92 &gt; example test 33" time="0.000060208">
            <failure message="expected true to be false // Object.is equality" type="AssertionError">
AssertionError: expected true to be false // Object.is equality

- Expected
+ Received

- false
+ true

 ❯ src/everything.spec.ts:8:18
            </failure>
        </testcase>
        <testcase classname="src/everything.spec.ts" name="describe 92 &gt; example test 34" time="0.000013833">
        </testcase>
        <testcase classname="src/everything.spec.ts" name="describe 92 &gt; example test 35" time="0.000060834">
            <failure message="expected true to be false // Object.is equality" type="AssertionError">
AssertionError: expected true to be false // Object.is equality

- Expected
+ Received

- false
+ true

 ❯ src/everything.spec.ts:8:18
            </failure>
        </testcase>
        <testcase classname="src/everything.spec.ts" name="describe 92 &gt; example test 36" time="0.000016084">
        </testcase>
        <testcase classname="src/everything.spec.ts" name="describe 92 &gt; example test 37" time="0.000060584">
            <failure message="expected true to be false // Object.is equality" type="AssertionError">
AssertionError: expected true to be false // Object.is equality

- Expected
+ Received

- false
+ true

 ❯ src/everything.spec.ts:8:18
            </failure>
        </testcase>
        <testcase classname="src/everything.spec.ts" name="describe 92 &gt; example test 38" time="0.000013458">
        </testcase>
        <testcase classname="src/everything.spec.ts" name="describe 92 &gt; example test 39" time="0.000060375">
            <failure message="expected true to be false // Object.is equality" type="AssertionError">
AssertionError: expected true to be false // Object.is equality

- Expected
+ Received

- false
+ true

 ❯ src/everything.spec.ts:8:18
            </failure>
        </testcase>
        <testcase classname="src/everything.spec.ts" name="describe 92 &gt; example test 40" time="0.00001325">
        </testcase>
        <testcase classname="src/everything.spec.ts" name="describe 92 &gt; example test 41" time="0.000060042">
            <failure message="expected true to be false // Object.is equality" type="AssertionError">
AssertionError: expected true to be false // Object.is equality

- Expected
+ Received

- false
+ true

 ❯ src/everything.spec.ts:8:18
            </failure>
        </testcase>
        <testcase classname="src/everything.spec.ts" name="describe 92 &gt; example test 42" time="0.00001325">
        </testcase>
        <testcase classname="src/everything.spec.ts" name="describe 92 &gt; example test 43" time="0.00006">
            <failure message="expected true to be false // Object.is equality" type="AssertionError">
AssertionError: expected true to be false // Object.is equality

- Expected
+ Received

- false
+ true

 ❯ src/everything.spec.ts:8:18
            </failure>
        </testcase>
        <testcase classname="src/everything.spec.ts" name="describe 92 &gt; example test 44" time="0.000013875">
        </testcase>
        <testcase classname="src/everything.spec.ts" name="describe 92 &gt; example test 45" time="0.000059875">
            <failure message="expected true to be false // Object.is equality" type="AssertionError">
AssertionError: expected true to be false // Object.is equality

- Expected
+ Received

- false
+ true

 ❯ src/everything.spec.ts:8:18
            </failure>
        </testcase>
        <testcase classname="src/everything.spec.ts" name="describe 92 &gt; example test 46" time="0.000013792">
        </testcase>
        <testcase classname="src/everything.spec.ts" name="describe 92 &gt; example test 47" time="0.000060792">
            <failure message="expected true to be false // Object.is equality" type="AssertionError">
AssertionError: expected true to be false // Object.is equality

- Expected
+ Received

- false
+ true

 ❯ src/everything.spec.ts:8:18
            </failure>
        </testcase>
        <testcase classname="src/everything.spec.ts" name="describe 92 &gt; example test 48" time="0.000013875">
        </testcase>
        <testcase classname="src/everything.spec.ts" name="describe 92 &gt; example test 49" time="0.000060458">
            <failure message="expected true to be false // Object.is equality" type="AssertionError">
AssertionError: expected true to be false // Object.is equality

- Expected
+ Received

- false
+ true

 ❯ src/everything.spec.ts:8:18
            </failure>
        </testcase>
        <testcase classname="src/everything.spec.ts" name="describe 92 &gt; example test 50" time="0.000013917">
        </testcase>
        <testcase classname="src/everything.spec.ts" name="describe 92 &gt; example test 51" time="0.00006075">
            <failure message="expected true to be false // Object.is equality" type="AssertionError">
AssertionError: expected true to be false // Object.is equality

- Expected
+ Received

- false
+ true

 ❯ src/everything.spec.ts:8:18
            </failure>
        </testcase>
        <testcase classname="src/everything.spec.ts" name="describe 92 &gt; example test 52" time="0.000013917">
        </testcase>
        <testcase classname="src/everything.spec.ts" name="describe 92 &gt; example test 53" time="0.000060083">
            <failure message="expected true to be false // Object.is equality" type="AssertionError">
AssertionError: expected true to be false // Object.is equality

- Expected
+ Received

- false
+ true

 ❯ src/everything.spec.ts:8:18
            </failure>
        </testcase>
        <testcase classname="src/everything.spec.ts" name="describe 92 &gt; example test 54" time="0.000014083">
        </testcase>
        <testcase classname="src/everything.spec.ts" name="describe 92 &gt; example test 55" time="0.000063125">
            <failure message="expected true to be false // Object.is equality" type="AssertionError">
AssertionError: expected true to be false // Object.is equality

- Expected
+ Received

- false
+ true

 ❯ src/everything.spec.ts:8:18
            </failure>
        </testcase>
        <testcase classname="src/everything.spec.ts" name="describe 92 &gt; example test 56" time="0.000014">
        </testcase>
        <testcase classname="src/everything.spec.ts" name="describe 92 &gt; example test 57" time="0.000063458">
            <failure message="expected true to be false // Object.is equality" type="AssertionError">
AssertionError: expected true to be false // Object.is equality

- Expected
+ Received

- false
+ true

 ❯ src/everything.spec.ts:8:18
            </failure>
        </testcase>
        <testcase classname="src/everything.spec.ts" name="describe 92 &gt; example test 58" time="0.000013791">
        </testcase>
        <testcase classname="src/everything.spec.ts" name="describe 92 &gt; example test 59" time="0.000061667">
            <failure message="expected true to be false // Object.is equality" type="AssertionError">
AssertionError: expected true to be false // Object.is equality

- Expected
+ Received

- false
+ true

 ❯ src/everything.spec.ts:8:18
            </failure>
        </testcase>
        <testcase classname="src/everything.spec.ts" name="describe 92 &gt; example test 60" time="0.000014167">
        </testcase>
        <testcase classname="src/everything.spec.ts" name="describe 92 &gt; example test 61" time="0.000060208">
            <failure message="expected true to be false // Object.is equality" type="AssertionError">
AssertionError: expected true to be false // Object.is equality

- Expected
+ Received

- false
+ true

 ❯ src/everything.spec.ts:8:18
            </failure>
        </testcase>
        <testcase classname="src/everything.spec.ts" name="describe 92 &gt; example test 62" time="0.00001375">
        </testcase>
        <testcase classname="src/everything.spec.ts" name="describe 92 &gt; example test 63" time="0.00006125">
            <failure message="expected true to be false // Object.is equality" type="AssertionError">
AssertionError: expected true to be false // Object.is equality

- Expected
+ Received

- false
+ true

 ❯ src/everything.spec.ts:8:18
            </failure>
        </testcase>
        <testcase classname="src/everything.spec.ts" name="describe 92 &gt; example test 64" time="0.000013708">
        </testcase>
        <testcase classname="src/everything.spec.ts" name="describe 92 &gt; example test 65" time="0.000060458">
            <failure message="expected true to be false // Object.is equality" type="AssertionError">
AssertionError: expected true to be false // Object.is equality

- Expected
+ Received

- false
+ true

 ❯ src/everything.spec.ts:8:18
            </failure>
        </testcase>
        <testcase classname="src/everything.spec.ts" name="describe 92 &gt; example test 66" time="0.000013916">
        </testcase>
        <testcase classname="src/everything.spec.ts" name="describe 92 &gt; example test 67" time="0.000060792">
            <failure message="expected true to be false // Object.is equality" type="AssertionError">
AssertionError: expected true to be false // Object.is equality

- Expected
+ Received

- false
+ true

 ❯ src/everything.spec.ts:8:18
            </failure>
        </testcase>
        <testcase classname="src/everything.spec.ts" name="describe 92 &gt; example test 68" time="0.000013708">
        </testcase>
        <testcase classname="src/everything.spec.ts" name="describe 92 &gt; example test 69" time="0.000059958">
            <failure message="expected true to be false // Object.is equality" type="AssertionError">
AssertionError: expected true to be false // Object.is equality

- Expected
+ Received

- false
+ true

 ❯ src/everything.spec.ts:8:18
            </failure>
        </testcase>
        <testcase classname="src/everything.spec.ts" name="describe 92 &gt; example test 70" time="0.000013833">
        </testcase>
        <testcase classname="src/everything.spec.ts" name="describe 92 &gt; example test 71" time="0.000060625">
            <failure message="expected true to be false // Object.is equality" type="AssertionError">
AssertionError: expected true to be false // Object.is equality

- Expected
+ Received

- false
+ true

 ❯ src/everything.spec.ts:8:18
            </failure>
        </testcase>
        <testcase classname="src/everything.spec.ts" name="describe 92 &gt; example test 72" time="0.000013792">
        </testcase>
        <testcase classname="src/everything.spec.ts" name="describe 92 &gt; example test 73" time="0.000059375">
            <failure message="expected true to be false // Object.is equality" type="AssertionError">
AssertionError: expected true to be false // Object.is equality

- Expected
+ Received

- false
+ true

 ❯ src/everything.spec.ts:8:18
            </failure>
        </testcase>
        <testcase classname="src/everything.spec.ts" name="describe 92 &gt; example test 74" time="0.000013709">
        </testcase>
        <testcase classname="src/everything.spec.ts" name="describe 92 &gt; example test 75" time="0.000060208">
            <failure message="expected true to be false // Object.is equality" type="AssertionError">
AssertionError: expected true to be false // Object.is equality

- Expected
+ Received

- false
+ true

 ❯ src/everything.spec.ts:8:18
            </failure>
        </testcase>
        <testcase classname="src/everything.spec.ts" name="describe 92 &gt; example test 76" time="0.000013792">
        </testcase>
        <testcase classname="src/everything.spec.ts" name="describe 92 &gt; example test 77" time="0.000061708">
            <failure message="expected true to be false // Object.is equality" type="AssertionError">
AssertionError: expected true to be false // Object.is equality

- Expected
+ Received

- false
+ true

 ❯ src/everything.spec.ts:8:18
            </failure>
        </testcase>
        <testcase classname="src/everything.spec.ts" name="describe 92 &gt; example test 78" time="0.000013833">
        </testcase>
        <testcase classname="src/everything.spec.ts" name="describe 92 &gt; example test 79" time="0.000061083">
            <failure message="expected true to be false // Object.is equality" type="AssertionError">
AssertionError: expected true to be false // Object.is equality

- Expected
+ Received

- false
+ true

 ❯ src/everything.spec.ts:8:18
            </failure>
        </testcase>
        <testcase classname="src/everything.spec.ts" name="describe 92 &gt; example test 80" time="0.000013667">
        </testcase>
        <testcase classname="src/everything.spec.ts" name="describe 92 &gt; example test 81" time="0.000059875">
            <failure message="expected true to be false // Object.is equality" type="AssertionError">
AssertionError: expected true to be false // Object.is equality

- Expected
+ Received

- false
+ true

 ❯ src/everything.spec.ts:8:18
            </failure>
        </testcase>
        <testcase classname="src/everything.spec.ts" name="describe 92 &gt; example test 82" time="0.000014084">
        </testcase>
        <testcase classname="src/everything.spec.ts" name="describe 92 &gt; example test 83" time="0.000060583">
            <failure message="expected true to be false // Object.is equality" type="AssertionError">
AssertionError: expected true to be false // Object.is equality

- Expected
+ Received

- false
+ true

 ❯ src/everything.spec.ts:8:18
            </failure>
        </testcase>
        <testcase classname="src/everything.spec.ts" name="describe 92 &gt; example test 84" time="0.000013583">
        </testcase>
        <testcase classname="src/everything.spec.ts" name="describe 92 &gt; example test 85" time="0.000059667">
            <failure message="expected true to be false // Object.is equality" type="AssertionError">
AssertionError: expected true to be false // Object.is equality

- Expected
+ Received

- false
+ true

 ❯ src/everything.spec.ts:8:18
            </failure>
        </testcase>
        <testcase classname="src/everything.spec.ts" name="describe 92 &gt; example test 86" time="0.000013958">
        </testcase>
        <testcase classname="src/everything.spec.ts" name="describe 92 &gt; example test 87" time="0.000060417">
            <failure message="expected true to be false // Object.is equality" type="AssertionError">
AssertionError: expected true to be false // Object.is equality

- Expected
+ Received

- false
+ true

 ❯ src/everything.spec.ts:8:18
            </failure>
        </testcase>
        <testcase classname="src/everything.spec.ts" name="describe 92 &gt; example test 88" time="0.000013375">
        </testcase>
        <testcase classname="src/everything.spec.ts" name="describe 92 &gt; example test 89" time="0.00005975">
            <failure message="expected true to be false // Object.is equality" type="AssertionError">
AssertionError: expected true to be false // Object.is equality

- Expected
+ Received

- false
+ true

 ❯ src/everything.spec.ts:8:18
            </failure>
        </testcase>
        <testcase classname="src/everything.spec.ts" name="describe 92 &gt; example test 90" time="0.000013625">
        </testcase>
        <testcase classname="src/everything.spec.ts" name="describe 92 &gt; example test 91" time="0.000060458">
            <failure message="expected true to be false // Object.is equality" type="AssertionError">
AssertionError: expected true to be false // Object.is equality

- Expected
+ Received

- false
+ true

 ❯ src/everything.spec.ts:8:18
            </failure>
        </testcase>
        <testcase classname="src/everything.spec.ts" name="describe 92 &gt; example test 92" time="0.00001375">
        </testcase>
        <testcase classname="src/everything.spec.ts" name="describe 92 &gt; example test 93" time="0.000060042">
            <failure message="expected true to be false // Object.is equality" type="AssertionError">
AssertionError: expected true to be false // Object.is equality

- Expected
+ Received

- false
+ true

 ❯ src/everything.spec.ts:8:18
            </failure>
        </testcase>
        <testcase classname="src/everything.spec.ts" name="describe 92 &gt; example test 94" time="0.000013916">
        </testcase>
        <testcase classname="src/everything.spec.ts" name="describe 92 &gt; example test 95" time="0.000059917">
            <failure message="expected true to be false // Object.is equality" type="AssertionError">
AssertionError: expected true to be false // Object.is equality

- Expected
+ Received

- false
+ true

 ❯ src/everything.spec.ts:8:18
            </failure>
        </testcase>
        <testcase classname="src/everything.spec.ts" name="describe 92 &gt; example test 96" time="0.00001375">
        </testcase>
        <testcase classname="src/everything.spec.ts" name="describe 92 &gt; example test 97" time="0.000061458">
            <failure message="expected true to be false // Object.is equality" type="AssertionError">
AssertionError: expected true to be false // Object.is equality

- Expected
+ Received

- false
+ true

 ❯ src/everything.spec.ts:8:18
            </failure>
        </testcase>
        <testcase classname="src/everything.spec.ts" name="describe 92 &gt; example test 98" time="0.000013917">
        </testcase>
        <testcase classname="src/everything.spec.ts" name="describe 92 &gt; example test 99" time="0.000060667">
            <failure message="expected true to be false // Object.is equality" type="AssertionError">
AssertionError: expected true to be false // Object.is equality

- Expected
+ Received

- false
+ true

 ❯ src/everything.spec.ts:8:18
            </failure>
        </testcase>
        <testcase classname="src/everything.spec.ts" name="describe 92 &gt; example test 100" time="0.000013542">
        </testcase>
        <testcase classname="src/everything.spec.ts" name="describe 93 &gt; example test 1" time="0.000060292">
            <failure message="expected true to be false // Object.is equality" type="AssertionError">
AssertionError: expected true to be false // Object.is equality

- Expected
+ Received

- false
+ true

 ❯ src/everything.spec.ts:8:18
            </failure>
        </testcase>
        <testcase classname="src/everything.spec.ts" name="describe 93 &gt; example test 2" time="0.000013833">
        </testcase>
        <testcase classname="src/everything.spec.ts" name="describe 93 &gt; example test 3" time="0.000521083">
            <failure message="expected true to be false // Object.is equality" type="AssertionError">
AssertionError: expected true to be false // Object.is equality

- Expected
+ Received

- false
+ true

 ❯ src/everything.spec.ts:8:18
            </failure>
        </testcase>
        <testcase classname="src/everything.spec.ts" name="describe 93 &gt; example test 4" time="0.000027958">
        </testcase>
        <testcase classname="src/everything.spec.ts" name="describe 93 &gt; example test 5" time="0.000093959">
            <failure message="expected true to be false // Object.is equality" type="AssertionError">
AssertionError: expected true to be false // Object.is equality

- Expected
+ Received

- false
+ true

 ❯ src/everything.spec.ts:8:18
            </failure>
        </testcase>
        <testcase classname="src/everything.spec.ts" name="describe 93 &gt; example test 6" time="0.000016875">
        </testcase>
        <testcase classname="src/everything.spec.ts" name="describe 93 &gt; example test 7" time="0.000073792">
            <failure message="expected true to be false // Object.is equality" type="AssertionError">
AssertionError: expected true to be false // Object.is equality

- Expected
+ Received

- false
+ true

 ❯ src/everything.spec.ts:8:18
            </failure>
        </testcase>
        <testcase classname="src/everything.spec.ts" name="describe 93 &gt; example test 8" time="0.000016417">
        </testcase>
        <testcase classname="src/everything.spec.ts" name="describe 93 &gt; example test 9" time="0.00007525">
            <failure message="expected true to be false // Object.is equality" type="AssertionError">
AssertionError: expected true to be false // Object.is equality

- Expected
+ Received

- false
+ true

 ❯ src/everything.spec.ts:8:18
            </failure>
        </testcase>
        <testcase classname="src/everything.spec.ts" name="describe 93 &gt; example test 10" time="0.000014583">
        </testcase>
        <testcase classname="src/everything.spec.ts" name="describe 93 &gt; example test 11" time="0.000067042">
            <failure message="expected true to be false // Object.is equality" type="AssertionError">
AssertionError: expected true to be false // Object.is equality

- Expected
+ Received

- false
+ true

 ❯ src/everything.spec.ts:8:18
            </failure>
        </testcase>
        <testcase classname="src/everything.spec.ts" name="describe 93 &gt; example test 12" time="0.000014416">
        </testcase>
        <testcase classname="src/everything.spec.ts" name="describe 93 &gt; example test 13" time="0.000065666">
            <failure message="expected true to be false // Object.is equality" type="AssertionError">
AssertionError: expected true to be false // Object.is equality

- Expected
+ Received

- false
+ true

 ❯ src/everything.spec.ts:8:18
            </failure>
        </testcase>
        <testcase classname="src/everything.spec.ts" name="describe 93 &gt; example test 14" time="0.000018708">
        </testcase>
        <testcase classname="src/everything.spec.ts" name="describe 93 &gt; example test 15" time="0.000068375">
            <failure message="expected true to be false // Object.is equality" type="AssertionError">
AssertionError: expected true to be false // Object.is equality

- Expected
+ Received

- false
+ true

 ❯ src/everything.spec.ts:8:18
            </failure>
        </testcase>
        <testcase classname="src/everything.spec.ts" name="describe 93 &gt; example test 16" time="0.000014375">
        </testcase>
        <testcase classname="src/everything.spec.ts" name="describe 93 &gt; example test 17" time="0.000064875">
            <failure message="expected true to be false // Object.is equality" type="AssertionError">
AssertionError: expected true to be false // Object.is equality

- Expected
+ Received

- false
+ true

 ❯ src/everything.spec.ts:8:18
            </failure>
        </testcase>
        <testcase classname="src/everything.spec.ts" name="describe 93 &gt; example test 18" time="0.000014334">
        </testcase>
        <testcase classname="src/everything.spec.ts" name="describe 93 &gt; example test 19" time="0.000069208">
            <failure message="expected true to be false // Object.is equality" type="AssertionError">
AssertionError: expected true to be false // Object.is equality

- Expected
+ Received

- false
+ true

 ❯ src/everything.spec.ts:8:18
            </failure>
        </testcase>
        <testcase classname="src/everything.spec.ts" name="describe 93 &gt; example test 20" time="0.000014167">
        </testcase>
        <testcase classname="src/everything.spec.ts" name="describe 93 &gt; example test 21" time="0.000062875">
            <failure message="expected true to be false // Object.is equality" type="AssertionError">
AssertionError: expected true to be false // Object.is equality

- Expected
+ Received

- false
+ true

 ❯ src/everything.spec.ts:8:18
            </failure>
        </testcase>
        <testcase classname="src/everything.spec.ts" name="describe 93 &gt; example test 22" time="0.000014">
        </testcase>
        <testcase classname="src/everything.spec.ts" name="describe 93 &gt; example test 23" time="0.000063541">
            <failure message="expected true to be false // Object.is equality" type="AssertionError">
AssertionError: expected true to be false // Object.is equality

- Expected
+ Received

- false
+ true

 ❯ src/everything.spec.ts:8:18
            </failure>
        </testcase>
        <testcase classname="src/everything.spec.ts" name="describe 93 &gt; example test 24" time="0.000014958">
        </testcase>
        <testcase classname="src/everything.spec.ts" name="describe 93 &gt; example test 25" time="0.000081334">
            <failure message="expected true to be false // Object.is equality" type="AssertionError">
AssertionError: expected true to be false // Object.is equality

- Expected
+ Received

- false
+ true

 ❯ src/everything.spec.ts:8:18
            </failure>
        </testcase>
        <testcase classname="src/everything.spec.ts" name="describe 93 &gt; example test 26" time="0.000030042">
        </testcase>
        <testcase classname="src/everything.spec.ts" name="describe 93 &gt; example test 27" time="0.000069625">
            <failure message="expected true to be false // Object.is equality" type="AssertionError">
AssertionError: expected true to be false // Object.is equality

- Expected
+ Received

- false
+ true

 ❯ src/everything.spec.ts:8:18
            </failure>
        </testcase>
        <testcase classname="src/everything.spec.ts" name="describe 93 &gt; example test 28" time="0.000015791">
        </testcase>
        <testcase classname="src/everything.spec.ts" name="describe 93 &gt; example test 29" time="0.000067042">
            <failure message="expected true to be false // Object.is equality" type="AssertionError">
AssertionError: expected true to be false // Object.is equality

- Expected
+ Received

- false
+ true

 ❯ src/everything.spec.ts:8:18
            </failure>
        </testcase>
        <testcase classname="src/everything.spec.ts" name="describe 93 &gt; example test 30" time="0.000014959">
        </testcase>
        <testcase classname="src/everything.spec.ts" name="describe 93 &gt; example test 31" time="0.0000855">
            <failure message="expected true to be false // Object.is equality" type="AssertionError">
AssertionError: expected true to be false // Object.is equality

- Expected
+ Received

- false
+ true

 ❯ src/everything.spec.ts:8:18
            </failure>
        </testcase>
        <testcase classname="src/everything.spec.ts" name="describe 93 &gt; example test 32" time="0.000016042">
        </testcase>
        <testcase classname="src/everything.spec.ts" name="describe 93 &gt; example test 33" time="0.000066292">
            <failure message="expected true to be false // Object.is equality" type="AssertionError">
AssertionError: expected true to be false // Object.is equality

- Expected
+ Received

- false
+ true

 ❯ src/everything.spec.ts:8:18
            </failure>
        </testcase>
        <testcase classname="src/everything.spec.ts" name="describe 93 &gt; example test 34" time="0.000015">
        </testcase>
        <testcase classname="src/everything.spec.ts" name="describe 93 &gt; example test 35" time="0.000079458">
            <failure message="expected true to be false // Object.is equality" type="AssertionError">
AssertionError: expected true to be false // Object.is equality

- Expected
+ Received

- false
+ true

 ❯ src/everything.spec.ts:8:18
            </failure>
        </testcase>
        <testcase classname="src/everything.spec.ts" name="describe 93 &gt; example test 36" time="0.0000155">
        </testcase>
        <testcase classname="src/everything.spec.ts" name="describe 93 &gt; example test 37" time="0.000066">
            <failure message="expected true to be false // Object.is equality" type="AssertionError">
AssertionError: expected true to be false // Object.is equality

- Expected
+ Received

- false
+ true

 ❯ src/everything.spec.ts:8:18
            </failure>
        </testcase>
        <testcase classname="src/everything.spec.ts" name="describe 93 &gt; example test 38" time="0.00001475">
        </testcase>
        <testcase classname="src/everything.spec.ts" name="describe 93 &gt; example test 39" time="0.000066625">
            <failure message="expected true to be false // Object.is equality" type="AssertionError">
AssertionError: expected true to be false // Object.is equality

- Expected
+ Received

- false
+ true

 ❯ src/everything.spec.ts:8:18
            </failure>
        </testcase>
        <testcase classname="src/everything.spec.ts" name="describe 93 &gt; example test 40" time="0.000014583">
        </testcase>
        <testcase classname="src/everything.spec.ts" name="describe 93 &gt; example test 41" time="0.000078916">
            <failure message="expected true to be false // Object.is equality" type="AssertionError">
AssertionError: expected true to be false // Object.is equality

- Expected
+ Received

- false
+ true

 ❯ src/everything.spec.ts:8:18
            </failure>
        </testcase>
        <testcase classname="src/everything.spec.ts" name="describe 93 &gt; example test 42" time="0.00001775">
        </testcase>
        <testcase classname="src/everything.spec.ts" name="describe 93 &gt; example test 43" time="0.000064084">
            <failure message="expected true to be false // Object.is equality" type="AssertionError">
AssertionError: expected true to be false // Object.is equality

- Expected
+ Received

- false
+ true

 ❯ src/everything.spec.ts:8:18
            </failure>
        </testcase>
        <testcase classname="src/everything.spec.ts" name="describe 93 &gt; example test 44" time="0.000016916">
        </testcase>
        <testcase classname="src/everything.spec.ts" name="describe 93 &gt; example test 45" time="0.000063458">
            <failure message="expected true to be false // Object.is equality" type="AssertionError">
AssertionError: expected true to be false // Object.is equality

- Expected
+ Received

- false
+ true

 ❯ src/everything.spec.ts:8:18
            </failure>
        </testcase>
        <testcase classname="src/everything.spec.ts" name="describe 93 &gt; example test 46" time="0.00001575">
        </testcase>
        <testcase classname="src/everything.spec.ts" name="describe 93 &gt; example test 47" time="0.000063334">
            <failure message="expected true to be false // Object.is equality" type="AssertionError">
AssertionError: expected true to be false // Object.is equality

- Expected
+ Received

- false
+ true

 ❯ src/everything.spec.ts:8:18
            </failure>
        </testcase>
        <testcase classname="src/everything.spec.ts" name="describe 93 &gt; example test 48" time="0.000014125">
        </testcase>
        <testcase classname="src/everything.spec.ts" name="describe 93 &gt; example test 49" time="0.000062667">
            <failure message="expected true to be false // Object.is equality" type="AssertionError">
AssertionError: expected true to be false // Object.is equality

- Expected
+ Received

- false
+ true

 ❯ src/everything.spec.ts:8:18
            </failure>
        </testcase>
        <testcase classname="src/everything.spec.ts" name="describe 93 &gt; example test 50" time="0.000018542">
        </testcase>
        <testcase classname="src/everything.spec.ts" name="describe 93 &gt; example test 51" time="0.000063042">
            <failure message="expected true to be false // Object.is equality" type="AssertionError">
AssertionError: expected true to be false // Object.is equality

- Expected
+ Received

- false
+ true

 ❯ src/everything.spec.ts:8:18
            </failure>
        </testcase>
        <testcase classname="src/everything.spec.ts" name="describe 93 &gt; example test 52" time="0.000014333">
        </testcase>
        <testcase classname="src/everything.spec.ts" name="describe 93 &gt; example test 53" time="0.000064875">
            <failure message="expected true to be false // Object.is equality" type="AssertionError">
AssertionError: expected true to be false // Object.is equality

- Expected
+ Received

- false
+ true

 ❯ src/everything.spec.ts:8:18
            </failure>
        </testcase>
        <testcase classname="src/everything.spec.ts" name="describe 93 &gt; example test 54" time="0.000016375">
        </testcase>
        <testcase classname="src/everything.spec.ts" name="describe 93 &gt; example test 55" time="0.000063375">
            <failure message="expected true to be false // Object.is equality" type="AssertionError">
AssertionError: expected true to be false // Object.is equality

- Expected
+ Received

- false
+ true

 ❯ src/everything.spec.ts:8:18
            </failure>
        </testcase>
        <testcase classname="src/everything.spec.ts" name="describe 93 &gt; example test 56" time="0.000014125">
        </testcase>
        <testcase classname="src/everything.spec.ts" name="describe 93 &gt; example test 57" time="0.000063958">
            <failure message="expected true to be false // Object.is equality" type="AssertionError">
AssertionError: expected true to be false // Object.is equality

- Expected
+ Received

- false
+ true

 ❯ src/everything.spec.ts:8:18
            </failure>
        </testcase>
        <testcase classname="src/everything.spec.ts" name="describe 93 &gt; example test 58" time="0.000013834">
        </testcase>
        <testcase classname="src/everything.spec.ts" name="describe 93 &gt; example test 59" time="0.000064583">
            <failure message="expected true to be false // Object.is equality" type="AssertionError">
AssertionError: expected true to be false // Object.is equality

- Expected
+ Received

- false
+ true

 ❯ src/everything.spec.ts:8:18
            </failure>
        </testcase>
        <testcase classname="src/everything.spec.ts" name="describe 93 &gt; example test 60" time="0.000017625">
        </testcase>
        <testcase classname="src/everything.spec.ts" name="describe 93 &gt; example test 61" time="0.000061875">
            <failure message="expected true to be false // Object.is equality" type="AssertionError">
AssertionError: expected true to be false // Object.is equality

- Expected
+ Received

- false
+ true

 ❯ src/everything.spec.ts:8:18
            </failure>
        </testcase>
        <testcase classname="src/everything.spec.ts" name="describe 93 &gt; example test 62" time="0.000014125">
        </testcase>
        <testcase classname="src/everything.spec.ts" name="describe 93 &gt; example test 63" time="0.000065208">
            <failure message="expected true to be false // Object.is equality" type="AssertionError">
AssertionError: expected true to be false // Object.is equality

- Expected
+ Received

- false
+ true

 ❯ src/everything.spec.ts:8:18
            </failure>
        </testcase>
        <testcase classname="src/everything.spec.ts" name="describe 93 &gt; example test 64" time="0.000015584">
        </testcase>
        <testcase classname="src/everything.spec.ts" name="describe 93 &gt; example test 65" time="0.000062666">
            <failure message="expected true to be false // Object.is equality" type="AssertionError">
AssertionError: expected true to be false // Object.is equality

- Expected
+ Received

- false
+ true

 ❯ src/everything.spec.ts:8:18
            </failure>
        </testcase>
        <testcase classname="src/everything.spec.ts" name="describe 93 &gt; example test 66" time="0.000014083">
        </testcase>
        <testcase classname="src/everything.spec.ts" name="describe 93 &gt; example test 67" time="0.000062208">
            <failure message="expected true to be false // Object.is equality" type="AssertionError">
AssertionError: expected true to be false // Object.is equality

- Expected
+ Received

- false
+ true

 ❯ src/everything.spec.ts:8:18
            </failure>
        </testcase>
        <testcase classname="src/everything.spec.ts" name="describe 93 &gt; example test 68" time="0.000014875">
        </testcase>
        <testcase classname="src/everything.spec.ts" name="describe 93 &gt; example test 69" time="0.000087291">
            <failure message="expected true to be false // Object.is equality" type="AssertionError">
AssertionError: expected true to be false // Object.is equality

- Expected
+ Received

- false
+ true

 ❯ src/everything.spec.ts:8:18
            </failure>
        </testcase>
        <testcase classname="src/everything.spec.ts" name="describe 93 &gt; example test 70" time="0.000014542">
        </testcase>
        <testcase classname="src/everything.spec.ts" name="describe 93 &gt; example test 71" time="0.000064292">
            <failure message="expected true to be false // Object.is equality" type="AssertionError">
AssertionError: expected true to be false // Object.is equality

- Expected
+ Received

- false
+ true

 ❯ src/everything.spec.ts:8:18
            </failure>
        </testcase>
        <testcase classname="src/everything.spec.ts" name="describe 93 &gt; example test 72" time="0.00001675">
        </testcase>
        <testcase classname="src/everything.spec.ts" name="describe 93 &gt; example test 73" time="0.000061958">
            <failure message="expected true to be false // Object.is equality" type="AssertionError">
AssertionError: expected true to be false // Object.is equality

- Expected
+ Received

- false
+ true

 ❯ src/everything.spec.ts:8:18
            </failure>
        </testcase>
        <testcase classname="src/everything.spec.ts" name="describe 93 &gt; example test 74" time="0.000017584">
        </testcase>
        <testcase classname="src/everything.spec.ts" name="describe 93 &gt; example test 75" time="0.000060542">
            <failure message="expected true to be false // Object.is equality" type="AssertionError">
AssertionError: expected true to be false // Object.is equality

- Expected
+ Received

- false
+ true

 ❯ src/everything.spec.ts:8:18
            </failure>
        </testcase>
        <testcase classname="src/everything.spec.ts" name="describe 93 &gt; example test 76" time="0.000013708">
        </testcase>
        <testcase classname="src/everything.spec.ts" name="describe 93 &gt; example test 77" time="0.000063292">
            <failure message="expected true to be false // Object.is equality" type="AssertionError">
AssertionError: expected true to be false // Object.is equality

- Expected
+ Received

- false
+ true

 ❯ src/everything.spec.ts:8:18
            </failure>
        </testcase>
        <testcase classname="src/everything.spec.ts" name="describe 93 &gt; example test 78" time="0.000014083">
        </testcase>
        <testcase classname="src/everything.spec.ts" name="describe 93 &gt; example test 79" time="0.000061375">
            <failure message="expected true to be false // Object.is equality" type="AssertionError">
AssertionError: expected true to be false // Object.is equality

- Expected
+ Received

- false
+ true

 ❯ src/everything.spec.ts:8:18
            </failure>
        </testcase>
        <testcase classname="src/everything.spec.ts" name="describe 93 &gt; example test 80" time="0.000014584">
        </testcase>
        <testcase classname="src/everything.spec.ts" name="describe 93 &gt; example test 81" time="0.000061459">
            <failure message="expected true to be false // Object.is equality" type="AssertionError">
AssertionError: expected true to be false // Object.is equality

- Expected
+ Received

- false
+ true

 ❯ src/everything.spec.ts:8:18
            </failure>
        </testcase>
        <testcase classname="src/everything.spec.ts" name="describe 93 &gt; example test 82" time="0.000013792">
        </testcase>
        <testcase classname="src/everything.spec.ts" name="describe 93 &gt; example test 83" time="0.000060541">
            <failure message="expected true to be false // Object.is equality" type="AssertionError">
AssertionError: expected true to be false // Object.is equality

- Expected
+ Received

- false
+ true

 ❯ src/everything.spec.ts:8:18
            </failure>
        </testcase>
        <testcase classname="src/everything.spec.ts" name="describe 93 &gt; example test 84" time="0.000015833">
        </testcase>
        <testcase classname="src/everything.spec.ts" name="describe 93 &gt; example test 85" time="0.000059917">
            <failure message="expected true to be false // Object.is equality" type="AssertionError">
AssertionError: expected true to be false // Object.is equality

- Expected
+ Received

- false
+ true

 ❯ src/everything.spec.ts:8:18
            </failure>
        </testcase>
        <testcase classname="src/everything.spec.ts" name="describe 93 &gt; example test 86" time="0.000013917">
        </testcase>
        <testcase classname="src/everything.spec.ts" name="describe 93 &gt; example test 87" time="0.000062625">
            <failure message="expected true to be false // Object.is equality" type="AssertionError">
AssertionError: expected true to be false // Object.is equality

- Expected
+ Received

- false
+ true

 ❯ src/everything.spec.ts:8:18
            </failure>
        </testcase>
        <testcase classname="src/everything.spec.ts" name="describe 93 &gt; example test 88" time="0.000017875">
        </testcase>
        <testcase classname="src/everything.spec.ts" name="describe 93 &gt; example test 89" time="0.000060125">
            <failure message="expected true to be false // Object.is equality" type="AssertionError">
AssertionError: expected true to be false // Object.is equality

- Expected
+ Received

- false
+ true

 ❯ src/everything.spec.ts:8:18
            </failure>
        </testcase>
        <testcase classname="src/everything.spec.ts" name="describe 93 &gt; example test 90" time="0.000016458">
        </testcase>
        <testcase classname="src/everything.spec.ts" name="describe 93 &gt; example test 91" time="0.00006575">
            <failure message="expected true to be false // Object.is equality" type="AssertionError">
AssertionError: expected true to be false // Object.is equality

- Expected
+ Received

- false
+ true

 ❯ src/everything.spec.ts:8:18
            </failure>
        </testcase>
        <testcase classname="src/everything.spec.ts" name="describe 93 &gt; example test 92" time="0.000015333">
        </testcase>
        <testcase classname="src/everything.spec.ts" name="describe 93 &gt; example test 93" time="0.000060125">
            <failure message="expected true to be false // Object.is equality" type="AssertionError">
AssertionError: expected true to be false // Object.is equality

- Expected
+ Received

- false
+ true

 ❯ src/everything.spec.ts:8:18
            </failure>
        </testcase>
        <testcase classname="src/everything.spec.ts" name="describe 93 &gt; example test 94" time="0.000013917">
        </testcase>
        <testcase classname="src/everything.spec.ts" name="describe 93 &gt; example test 95" time="0.000061917">
            <failure message="expected true to be false // Object.is equality" type="AssertionError">
AssertionError: expected true to be false // Object.is equality

- Expected
+ Received

- false
+ true

 ❯ src/everything.spec.ts:8:18
            </failure>
        </testcase>
        <testcase classname="src/everything.spec.ts" name="describe 93 &gt; example test 96" time="0.000013792">
        </testcase>
        <testcase classname="src/everything.spec.ts" name="describe 93 &gt; example test 97" time="0.000059958">
            <failure message="expected true to be false // Object.is equality" type="AssertionError">
AssertionError: expected true to be false // Object.is equality

- Expected
+ Received

- false
+ true

 ❯ src/everything.spec.ts:8:18
            </failure>
        </testcase>
        <testcase classname="src/everything.spec.ts" name="describe 93 &gt; example test 98" time="0.000013583">
        </testcase>
        <testcase classname="src/everything.spec.ts" name="describe 93 &gt; example test 99" time="0.000062542">
            <failure message="expected true to be false // Object.is equality" type="AssertionError">
AssertionError: expected true to be false // Object.is equality

- Expected
+ Received

- false
+ true

 ❯ src/everything.spec.ts:8:18
            </failure>
        </testcase>
        <testcase classname="src/everything.spec.ts" name="describe 93 &gt; example test 100" time="0.000013459">
        </testcase>
        <testcase classname="src/everything.spec.ts" name="describe 94 &gt; example test 1" time="0.000063833">
            <failure message="expected true to be false // Object.is equality" type="AssertionError">
AssertionError: expected true to be false // Object.is equality

- Expected
+ Received

- false
+ true

 ❯ src/everything.spec.ts:8:18
            </failure>
        </testcase>
        <testcase classname="src/everything.spec.ts" name="describe 94 &gt; example test 2" time="0.000014209">
        </testcase>
        <testcase classname="src/everything.spec.ts" name="describe 94 &gt; example test 3" time="0.000060208">
            <failure message="expected true to be false // Object.is equality" type="AssertionError">
AssertionError: expected true to be false // Object.is equality

- Expected
+ Received

- false
+ true

 ❯ src/everything.spec.ts:8:18
            </failure>
        </testcase>
        <testcase classname="src/everything.spec.ts" name="describe 94 &gt; example test 4" time="0.000014709">
        </testcase>
        <testcase classname="src/everything.spec.ts" name="describe 94 &gt; example test 5" time="0.000062375">
            <failure message="expected true to be false // Object.is equality" type="AssertionError">
AssertionError: expected true to be false // Object.is equality

- Expected
+ Received

- false
+ true

 ❯ src/everything.spec.ts:8:18
            </failure>
        </testcase>
        <testcase classname="src/everything.spec.ts" name="describe 94 &gt; example test 6" time="0.000014375">
        </testcase>
        <testcase classname="src/everything.spec.ts" name="describe 94 &gt; example test 7" time="0.000062042">
            <failure message="expected true to be false // Object.is equality" type="AssertionError">
AssertionError: expected true to be false // Object.is equality

- Expected
+ Received

- false
+ true

 ❯ src/everything.spec.ts:8:18
            </failure>
        </testcase>
        <testcase classname="src/everything.spec.ts" name="describe 94 &gt; example test 8" time="0.000016125">
        </testcase>
        <testcase classname="src/everything.spec.ts" name="describe 94 &gt; example test 9" time="0.000058959">
            <failure message="expected true to be false // Object.is equality" type="AssertionError">
AssertionError: expected true to be false // Object.is equality

- Expected
+ Received

- false
+ true

 ❯ src/everything.spec.ts:8:18
            </failure>
        </testcase>
        <testcase classname="src/everything.spec.ts" name="describe 94 &gt; example test 10" time="0.000014375">
        </testcase>
        <testcase classname="src/everything.spec.ts" name="describe 94 &gt; example test 11" time="0.000062125">
            <failure message="expected true to be false // Object.is equality" type="AssertionError">
AssertionError: expected true to be false // Object.is equality

- Expected
+ Received

- false
+ true

 ❯ src/everything.spec.ts:8:18
            </failure>
        </testcase>
        <testcase classname="src/everything.spec.ts" name="describe 94 &gt; example test 12" time="0.000013625">
        </testcase>
        <testcase classname="src/everything.spec.ts" name="describe 94 &gt; example test 13" time="0.000062708">
            <failure message="expected true to be false // Object.is equality" type="AssertionError">
AssertionError: expected true to be false // Object.is equality

- Expected
+ Received

- false
+ true

 ❯ src/everything.spec.ts:8:18
            </failure>
        </testcase>
        <testcase classname="src/everything.spec.ts" name="describe 94 &gt; example test 14" time="0.000014333">
        </testcase>
        <testcase classname="src/everything.spec.ts" name="describe 94 &gt; example test 15" time="0.000061083">
            <failure message="expected true to be false // Object.is equality" type="AssertionError">
AssertionError: expected true to be false // Object.is equality

- Expected
+ Received

- false
+ true

 ❯ src/everything.spec.ts:8:18
            </failure>
        </testcase>
        <testcase classname="src/everything.spec.ts" name="describe 94 &gt; example test 16" time="0.000015792">
        </testcase>
        <testcase classname="src/everything.spec.ts" name="describe 94 &gt; example test 17" time="0.000061167">
            <failure message="expected true to be false // Object.is equality" type="AssertionError">
AssertionError: expected true to be false // Object.is equality

- Expected
+ Received

- false
+ true

 ❯ src/everything.spec.ts:8:18
            </failure>
        </testcase>
        <testcase classname="src/everything.spec.ts" name="describe 94 &gt; example test 18" time="0.000015083">
        </testcase>
        <testcase classname="src/everything.spec.ts" name="describe 94 &gt; example test 19" time="0.000064834">
            <failure message="expected true to be false // Object.is equality" type="AssertionError">
AssertionError: expected true to be false // Object.is equality

- Expected
+ Received

- false
+ true

 ❯ src/everything.spec.ts:8:18
            </failure>
        </testcase>
        <testcase classname="src/everything.spec.ts" name="describe 94 &gt; example test 20" time="0.000015375">
        </testcase>
        <testcase classname="src/everything.spec.ts" name="describe 94 &gt; example test 21" time="0.000063958">
            <failure message="expected true to be false // Object.is equality" type="AssertionError">
AssertionError: expected true to be false // Object.is equality

- Expected
+ Received

- false
+ true

 ❯ src/everything.spec.ts:8:18
            </failure>
        </testcase>
        <testcase classname="src/everything.spec.ts" name="describe 94 &gt; example test 22" time="0.0000155">
        </testcase>
        <testcase classname="src/everything.spec.ts" name="describe 94 &gt; example test 23" time="0.000065792">
            <failure message="expected true to be false // Object.is equality" type="AssertionError">
AssertionError: expected true to be false // Object.is equality

- Expected
+ Received

- false
+ true

 ❯ src/everything.spec.ts:8:18
            </failure>
        </testcase>
        <testcase classname="src/everything.spec.ts" name="describe 94 &gt; example test 24" time="0.000014166">
        </testcase>
        <testcase classname="src/everything.spec.ts" name="describe 94 &gt; example test 25" time="0.000064167">
            <failure message="expected true to be false // Object.is equality" type="AssertionError">
AssertionError: expected true to be false // Object.is equality

- Expected
+ Received

- false
+ true

 ❯ src/everything.spec.ts:8:18
            </failure>
        </testcase>
        <testcase classname="src/everything.spec.ts" name="describe 94 &gt; example test 26" time="0.000015917">
        </testcase>
        <testcase classname="src/everything.spec.ts" name="describe 94 &gt; example test 27" time="0.00006525">
            <failure message="expected true to be false // Object.is equality" type="AssertionError">
AssertionError: expected true to be false // Object.is equality

- Expected
+ Received

- false
+ true

 ❯ src/everything.spec.ts:8:18
            </failure>
        </testcase>
        <testcase classname="src/everything.spec.ts" name="describe 94 &gt; example test 28" time="0.000015458">
        </testcase>
        <testcase classname="src/everything.spec.ts" name="describe 94 &gt; example test 29" time="0.000065417">
            <failure message="expected true to be false // Object.is equality" type="AssertionError">
AssertionError: expected true to be false // Object.is equality

- Expected
+ Received

- false
+ true

 ❯ src/everything.spec.ts:8:18
            </failure>
        </testcase>
        <testcase classname="src/everything.spec.ts" name="describe 94 &gt; example test 30" time="0.00001475">
        </testcase>
        <testcase classname="src/everything.spec.ts" name="describe 94 &gt; example test 31" time="0.000064333">
            <failure message="expected true to be false // Object.is equality" type="AssertionError">
AssertionError: expected true to be false // Object.is equality

- Expected
+ Received

- false
+ true

 ❯ src/everything.spec.ts:8:18
            </failure>
        </testcase>
        <testcase classname="src/everything.spec.ts" name="describe 94 &gt; example test 32" time="0.000014792">
        </testcase>
        <testcase classname="src/everything.spec.ts" name="describe 94 &gt; example test 33" time="0.000066917">
            <failure message="expected true to be false // Object.is equality" type="AssertionError">
AssertionError: expected true to be false // Object.is equality

- Expected
+ Received

- false
+ true

 ❯ src/everything.spec.ts:8:18
            </failure>
        </testcase>
        <testcase classname="src/everything.spec.ts" name="describe 94 &gt; example test 34" time="0.000017125">
        </testcase>
        <testcase classname="src/everything.spec.ts" name="describe 94 &gt; example test 35" time="0.000062708">
            <failure message="expected true to be false // Object.is equality" type="AssertionError">
AssertionError: expected true to be false // Object.is equality

- Expected
+ Received

- false
+ true

 ❯ src/everything.spec.ts:8:18
            </failure>
        </testcase>
        <testcase classname="src/everything.spec.ts" name="describe 94 &gt; example test 36" time="0.000014792">
        </testcase>
        <testcase classname="src/everything.spec.ts" name="describe 94 &gt; example test 37" time="0.000066208">
            <failure message="expected true to be false // Object.is equality" type="AssertionError">
AssertionError: expected true to be false // Object.is equality

- Expected
+ Received

- false
+ true

 ❯ src/everything.spec.ts:8:18
            </failure>
        </testcase>
        <testcase classname="src/everything.spec.ts" name="describe 94 &gt; example test 38" time="0.000014667">
        </testcase>
        <testcase classname="src/everything.spec.ts" name="describe 94 &gt; example test 39" time="0.000064333">
            <failure message="expected true to be false // Object.is equality" type="AssertionError">
AssertionError: expected true to be false // Object.is equality

- Expected
+ Received

- false
+ true

 ❯ src/everything.spec.ts:8:18
            </failure>
        </testcase>
        <testcase classname="src/everything.spec.ts" name="describe 94 &gt; example test 40" time="0.000015917">
        </testcase>
        <testcase classname="src/everything.spec.ts" name="describe 94 &gt; example test 41" time="0.000061042">
            <failure message="expected true to be false // Object.is equality" type="AssertionError">
AssertionError: expected true to be false // Object.is equality

- Expected
+ Received

- false
+ true

 ❯ src/everything.spec.ts:8:18
            </failure>
        </testcase>
        <testcase classname="src/everything.spec.ts" name="describe 94 &gt; example test 42" time="0.000013875">
        </testcase>
        <testcase classname="src/everything.spec.ts" name="describe 94 &gt; example test 43" time="0.000064834">
            <failure message="expected true to be false // Object.is equality" type="AssertionError">
AssertionError: expected true to be false // Object.is equality

- Expected
+ Received

- false
+ true

 ❯ src/everything.spec.ts:8:18
            </failure>
        </testcase>
        <testcase classname="src/everything.spec.ts" name="describe 94 &gt; example test 44" time="0.000013708">
        </testcase>
        <testcase classname="src/everything.spec.ts" name="describe 94 &gt; example test 45" time="0.000063667">
            <failure message="expected true to be false // Object.is equality" type="AssertionError">
AssertionError: expected true to be false // Object.is equality

- Expected
+ Received

- false
+ true

 ❯ src/everything.spec.ts:8:18
            </failure>
        </testcase>
        <testcase classname="src/everything.spec.ts" name="describe 94 &gt; example test 46" time="0.000013625">
        </testcase>
        <testcase classname="src/everything.spec.ts" name="describe 94 &gt; example test 47" time="0.000062917">
            <failure message="expected true to be false // Object.is equality" type="AssertionError">
AssertionError: expected true to be false // Object.is equality

- Expected
+ Received

- false
+ true

 ❯ src/everything.spec.ts:8:18
            </failure>
        </testcase>
        <testcase classname="src/everything.spec.ts" name="describe 94 &gt; example test 48" time="0.0000165">
        </testcase>
        <testcase classname="src/everything.spec.ts" name="describe 94 &gt; example test 49" time="0.000060709">
            <failure message="expected true to be false // Object.is equality" type="AssertionError">
AssertionError: expected true to be false // Object.is equality

- Expected
+ Received

- false
+ true

 ❯ src/everything.spec.ts:8:18
            </failure>
        </testcase>
        <testcase classname="src/everything.spec.ts" name="describe 94 &gt; example test 50" time="0.000015125">
        </testcase>
        <testcase classname="src/everything.spec.ts" name="describe 94 &gt; example test 51" time="0.000062458">
            <failure message="expected true to be false // Object.is equality" type="AssertionError">
AssertionError: expected true to be false // Object.is equality

- Expected
+ Received

- false
+ true

 ❯ src/everything.spec.ts:8:18
            </failure>
        </testcase>
        <testcase classname="src/everything.spec.ts" name="describe 94 &gt; example test 52" time="0.000013791">
        </testcase>
        <testcase classname="src/everything.spec.ts" name="describe 94 &gt; example test 53" time="0.000065833">
            <failure message="expected true to be false // Object.is equality" type="AssertionError">
AssertionError: expected true to be false // Object.is equality

- Expected
+ Received

- false
+ true

 ❯ src/everything.spec.ts:8:18
            </failure>
        </testcase>
        <testcase classname="src/everything.spec.ts" name="describe 94 &gt; example test 54" time="0.000014333">
        </testcase>
        <testcase classname="src/everything.spec.ts" name="describe 94 &gt; example test 55" time="0.000062667">
            <failure message="expected true to be false // Object.is equality" type="AssertionError">
AssertionError: expected true to be false // Object.is equality

- Expected
+ Received

- false
+ true

 ❯ src/everything.spec.ts:8:18
            </failure>
        </testcase>
        <testcase classname="src/everything.spec.ts" name="describe 94 &gt; example test 56" time="0.000014041">
        </testcase>
        <testcase classname="src/everything.spec.ts" name="describe 94 &gt; example test 57" time="0.000063542">
            <failure message="expected true to be false // Object.is equality" type="AssertionError">
AssertionError: expected true to be false // Object.is equality

- Expected
+ Received

- false
+ true

 ❯ src/everything.spec.ts:8:18
            </failure>
        </testcase>
        <testcase classname="src/everything.spec.ts" name="describe 94 &gt; example test 58" time="0.000013625">
        </testcase>
        <testcase classname="src/everything.spec.ts" name="describe 94 &gt; example test 59" time="0.00006375">
            <failure message="expected true to be false // Object.is equality" type="AssertionError">
AssertionError: expected true to be false // Object.is equality

- Expected
+ Received

- false
+ true

 ❯ src/everything.spec.ts:8:18
            </failure>
        </testcase>
        <testcase classname="src/everything.spec.ts" name="describe 94 &gt; example test 60" time="0.000013708">
        </testcase>
        <testcase classname="src/everything.spec.ts" name="describe 94 &gt; example test 61" time="0.000062459">
            <failure message="expected true to be false // Object.is equality" type="AssertionError">
AssertionError: expected true to be false // Object.is equality

- Expected
+ Received

- false
+ true

 ❯ src/everything.spec.ts:8:18
            </failure>
        </testcase>
        <testcase classname="src/everything.spec.ts" name="describe 94 &gt; example test 62" time="0.000013875">
        </testcase>
        <testcase classname="src/everything.spec.ts" name="describe 94 &gt; example test 63" time="0.000063041">
            <failure message="expected true to be false // Object.is equality" type="AssertionError">
AssertionError: expected true to be false // Object.is equality

- Expected
+ Received

- false
+ true

 ❯ src/everything.spec.ts:8:18
            </failure>
        </testcase>
        <testcase classname="src/everything.spec.ts" name="describe 94 &gt; example test 64" time="0.000013875">
        </testcase>
        <testcase classname="src/everything.spec.ts" name="describe 94 &gt; example test 65" time="0.000061542">
            <failure message="expected true to be false // Object.is equality" type="AssertionError">
AssertionError: expected true to be false // Object.is equality

- Expected
+ Received

- false
+ true

 ❯ src/everything.spec.ts:8:18
            </failure>
        </testcase>
        <testcase classname="src/everything.spec.ts" name="describe 94 &gt; example test 66" time="0.000015917">
        </testcase>
        <testcase classname="src/everything.spec.ts" name="describe 94 &gt; example test 67" time="0.000062083">
            <failure message="expected true to be false // Object.is equality" type="AssertionError">
AssertionError: expected true to be false // Object.is equality

- Expected
+ Received

- false
+ true

 ❯ src/everything.spec.ts:8:18
            </failure>
        </testcase>
        <testcase classname="src/everything.spec.ts" name="describe 94 &gt; example test 68" time="0.00001425">
        </testcase>
        <testcase classname="src/everything.spec.ts" name="describe 94 &gt; example test 69" time="0.000062916">
            <failure message="expected true to be false // Object.is equality" type="AssertionError">
AssertionError: expected true to be false // Object.is equality

- Expected
+ Received

- false
+ true

 ❯ src/everything.spec.ts:8:18
            </failure>
        </testcase>
        <testcase classname="src/everything.spec.ts" name="describe 94 &gt; example test 70" time="0.000014">
        </testcase>
        <testcase classname="src/everything.spec.ts" name="describe 94 &gt; example test 71" time="0.000062583">
            <failure message="expected true to be false // Object.is equality" type="AssertionError">
AssertionError: expected true to be false // Object.is equality

- Expected
+ Received

- false
+ true

 ❯ src/everything.spec.ts:8:18
            </failure>
        </testcase>
        <testcase classname="src/everything.spec.ts" name="describe 94 &gt; example test 72" time="0.000013917">
        </testcase>
        <testcase classname="src/everything.spec.ts" name="describe 94 &gt; example test 73" time="0.000065875">
            <failure message="expected true to be false // Object.is equality" type="AssertionError">
AssertionError: expected true to be false // Object.is equality

- Expected
+ Received

- false
+ true

 ❯ src/everything.spec.ts:8:18
            </failure>
        </testcase>
        <testcase classname="src/everything.spec.ts" name="describe 94 &gt; example test 74" time="0.000015417">
        </testcase>
        <testcase classname="src/everything.spec.ts" name="describe 94 &gt; example test 75" time="0.000064708">
            <failure message="expected true to be false // Object.is equality" type="AssertionError">
AssertionError: expected true to be false // Object.is equality

- Expected
+ Received

- false
+ true

 ❯ src/everything.spec.ts:8:18
            </failure>
        </testcase>
        <testcase classname="src/everything.spec.ts" name="describe 94 &gt; example test 76" time="0.000013042">
        </testcase>
        <testcase classname="src/everything.spec.ts" name="describe 94 &gt; example test 77" time="0.000065084">
            <failure message="expected true to be false // Object.is equality" type="AssertionError">
AssertionError: expected true to be false // Object.is equality

- Expected
+ Received

- false
+ true

 ❯ src/everything.spec.ts:8:18
            </failure>
        </testcase>
        <testcase classname="src/everything.spec.ts" name="describe 94 &gt; example test 78" time="0.000016084">
        </testcase>
        <testcase classname="src/everything.spec.ts" name="describe 94 &gt; example test 79" time="0.000062708">
            <failure message="expected true to be false // Object.is equality" type="AssertionError">
AssertionError: expected true to be false // Object.is equality

- Expected
+ Received

- false
+ true

 ❯ src/everything.spec.ts:8:18
            </failure>
        </testcase>
        <testcase classname="src/everything.spec.ts" name="describe 94 &gt; example test 80" time="0.000014083">
        </testcase>
        <testcase classname="src/everything.spec.ts" name="describe 94 &gt; example test 81" time="0.000062834">
            <failure message="expected true to be false // Object.is equality" type="AssertionError">
AssertionError: expected true to be false // Object.is equality

- Expected
+ Received

- false
+ true

 ❯ src/everything.spec.ts:8:18
            </failure>
        </testcase>
        <testcase classname="src/everything.spec.ts" name="describe 94 &gt; example test 82" time="0.000013833">
        </testcase>
        <testcase classname="src/everything.spec.ts" name="describe 94 &gt; example test 83" time="0.000062916">
            <failure message="expected true to be false // Object.is equality" type="AssertionError">
AssertionError: expected true to be false // Object.is equality

- Expected
+ Received

- false
+ true

 ❯ src/everything.spec.ts:8:18
            </failure>
        </testcase>
        <testcase classname="src/everything.spec.ts" name="describe 94 &gt; example test 84" time="0.000013958">
        </testcase>
        <testcase classname="src/everything.spec.ts" name="describe 94 &gt; example test 85" time="0.000066542">
            <failure message="expected true to be false // Object.is equality" type="AssertionError">
AssertionError: expected true to be false // Object.is equality

- Expected
+ Received

- false
+ true

 ❯ src/everything.spec.ts:8:18
            </failure>
        </testcase>
        <testcase classname="src/everything.spec.ts" name="describe 94 &gt; example test 86" time="0.000014042">
        </testcase>
        <testcase classname="src/everything.spec.ts" name="describe 94 &gt; example test 87" time="0.000059333">
            <failure message="expected true to be false // Object.is equality" type="AssertionError">
AssertionError: expected true to be false // Object.is equality

- Expected
+ Received

- false
+ true

 ❯ src/everything.spec.ts:8:18
            </failure>
        </testcase>
        <testcase classname="src/everything.spec.ts" name="describe 94 &gt; example test 88" time="0.000014583">
        </testcase>
        <testcase classname="src/everything.spec.ts" name="describe 94 &gt; example test 89" time="0.000067">
            <failure message="expected true to be false // Object.is equality" type="AssertionError">
AssertionError: expected true to be false // Object.is equality

- Expected
+ Received

- false
+ true

 ❯ src/everything.spec.ts:8:18
            </failure>
        </testcase>
        <testcase classname="src/everything.spec.ts" name="describe 94 &gt; example test 90" time="0.0000145">
        </testcase>
        <testcase classname="src/everything.spec.ts" name="describe 94 &gt; example test 91" time="0.000061959">
            <failure message="expected true to be false // Object.is equality" type="AssertionError">
AssertionError: expected true to be false // Object.is equality

- Expected
+ Received

- false
+ true

 ❯ src/everything.spec.ts:8:18
            </failure>
        </testcase>
        <testcase classname="src/everything.spec.ts" name="describe 94 &gt; example test 92" time="0.000013917">
        </testcase>
        <testcase classname="src/everything.spec.ts" name="describe 94 &gt; example test 93" time="0.000072167">
            <failure message="expected true to be false // Object.is equality" type="AssertionError">
AssertionError: expected true to be false // Object.is equality

- Expected
+ Received

- false
+ true

 ❯ src/everything.spec.ts:8:18
            </failure>
        </testcase>
        <testcase classname="src/everything.spec.ts" name="describe 94 &gt; example test 94" time="0.000014">
        </testcase>
        <testcase classname="src/everything.spec.ts" name="describe 94 &gt; example test 95" time="0.000062084">
            <failure message="expected true to be false // Object.is equality" type="AssertionError">
AssertionError: expected true to be false // Object.is equality

- Expected
+ Received

- false
+ true

 ❯ src/everything.spec.ts:8:18
            </failure>
        </testcase>
        <testcase classname="src/everything.spec.ts" name="describe 94 &gt; example test 96" time="0.0000135">
        </testcase>
        <testcase classname="src/everything.spec.ts" name="describe 94 &gt; example test 97" time="0.000062375">
            <failure message="expected true to be false // Object.is equality" type="AssertionError">
AssertionError: expected true to be false // Object.is equality

- Expected
+ Received

- false
+ true

 ❯ src/everything.spec.ts:8:18
            </failure>
        </testcase>
        <testcase classname="src/everything.spec.ts" name="describe 94 &gt; example test 98" time="0.000013541">
        </testcase>
        <testcase classname="src/everything.spec.ts" name="describe 94 &gt; example test 99" time="0.000065542">
            <failure message="expected true to be false // Object.is equality" type="AssertionError">
AssertionError: expected true to be false // Object.is equality

- Expected
+ Received

- false
+ true

 ❯ src/everything.spec.ts:8:18
            </failure>
        </testcase>
        <testcase classname="src/everything.spec.ts" name="describe 94 &gt; example test 100" time="0.000013084">
        </testcase>
        <testcase classname="src/everything.spec.ts" name="describe 95 &gt; example test 1" time="0.00006925">
            <failure message="expected true to be false // Object.is equality" type="AssertionError">
AssertionError: expected true to be false // Object.is equality

- Expected
+ Received

- false
+ true

 ❯ src/everything.spec.ts:8:18
            </failure>
        </testcase>
        <testcase classname="src/everything.spec.ts" name="describe 95 &gt; example test 2" time="0.000015917">
        </testcase>
        <testcase classname="src/everything.spec.ts" name="describe 95 &gt; example test 3" time="0.000062709">
            <failure message="expected true to be false // Object.is equality" type="AssertionError">
AssertionError: expected true to be false // Object.is equality

- Expected
+ Received

- false
+ true

 ❯ src/everything.spec.ts:8:18
            </failure>
        </testcase>
        <testcase classname="src/everything.spec.ts" name="describe 95 &gt; example test 4" time="0.000016625">
        </testcase>
        <testcase classname="src/everything.spec.ts" name="describe 95 &gt; example test 5" time="0.000065083">
            <failure message="expected true to be false // Object.is equality" type="AssertionError">
AssertionError: expected true to be false // Object.is equality

- Expected
+ Received

- false
+ true

 ❯ src/everything.spec.ts:8:18
            </failure>
        </testcase>
        <testcase classname="src/everything.spec.ts" name="describe 95 &gt; example test 6" time="0.000016084">
        </testcase>
        <testcase classname="src/everything.spec.ts" name="describe 95 &gt; example test 7" time="0.000060583">
            <failure message="expected true to be false // Object.is equality" type="AssertionError">
AssertionError: expected true to be false // Object.is equality

- Expected
+ Received

- false
+ true

 ❯ src/everything.spec.ts:8:18
            </failure>
        </testcase>
        <testcase classname="src/everything.spec.ts" name="describe 95 &gt; example test 8" time="0.000013958">
        </testcase>
        <testcase classname="src/everything.spec.ts" name="describe 95 &gt; example test 9" time="0.000063667">
            <failure message="expected true to be false // Object.is equality" type="AssertionError">
AssertionError: expected true to be false // Object.is equality

- Expected
+ Received

- false
+ true

 ❯ src/everything.spec.ts:8:18
            </failure>
        </testcase>
        <testcase classname="src/everything.spec.ts" name="describe 95 &gt; example test 10" time="0.000014666">
        </testcase>
        <testcase classname="src/everything.spec.ts" name="describe 95 &gt; example test 11" time="0.000060833">
            <failure message="expected true to be false // Object.is equality" type="AssertionError">
AssertionError: expected true to be false // Object.is equality

- Expected
+ Received

- false
+ true

 ❯ src/everything.spec.ts:8:18
            </failure>
        </testcase>
        <testcase classname="src/everything.spec.ts" name="describe 95 &gt; example test 12" time="0.00001375">
        </testcase>
        <testcase classname="src/everything.spec.ts" name="describe 95 &gt; example test 13" time="0.000063375">
            <failure message="expected true to be false // Object.is equality" type="AssertionError">
AssertionError: expected true to be false // Object.is equality

- Expected
+ Received

- false
+ true

 ❯ src/everything.spec.ts:8:18
            </failure>
        </testcase>
        <testcase classname="src/everything.spec.ts" name="describe 95 &gt; example test 14" time="0.000016542">
        </testcase>
        <testcase classname="src/everything.spec.ts" name="describe 95 &gt; example test 15" time="0.000061666">
            <failure message="expected true to be false // Object.is equality" type="AssertionError">
AssertionError: expected true to be false // Object.is equality

- Expected
+ Received

- false
+ true

 ❯ src/everything.spec.ts:8:18
            </failure>
        </testcase>
        <testcase classname="src/everything.spec.ts" name="describe 95 &gt; example test 16" time="0.000013541">
        </testcase>
        <testcase classname="src/everything.spec.ts" name="describe 95 &gt; example test 17" time="0.000061541">
            <failure message="expected true to be false // Object.is equality" type="AssertionError">
AssertionError: expected true to be false // Object.is equality

- Expected
+ Received

- false
+ true

 ❯ src/everything.spec.ts:8:18
            </failure>
        </testcase>
        <testcase classname="src/everything.spec.ts" name="describe 95 &gt; example test 18" time="0.000015625">
        </testcase>
        <testcase classname="src/everything.spec.ts" name="describe 95 &gt; example test 19" time="0.000062959">
            <failure message="expected true to be false // Object.is equality" type="AssertionError">
AssertionError: expected true to be false // Object.is equality

- Expected
+ Received

- false
+ true

 ❯ src/everything.spec.ts:8:18
            </failure>
        </testcase>
        <testcase classname="src/everything.spec.ts" name="describe 95 &gt; example test 20" time="0.000015542">
        </testcase>
        <testcase classname="src/everything.spec.ts" name="describe 95 &gt; example test 21" time="0.000062792">
            <failure message="expected true to be false // Object.is equality" type="AssertionError">
AssertionError: expected true to be false // Object.is equality

- Expected
+ Received

- false
+ true

 ❯ src/everything.spec.ts:8:18
            </failure>
        </testcase>
        <testcase classname="src/everything.spec.ts" name="describe 95 &gt; example test 22" time="0.000013583">
        </testcase>
        <testcase classname="src/everything.spec.ts" name="describe 95 &gt; example test 23" time="0.000060875">
            <failure message="expected true to be false // Object.is equality" type="AssertionError">
AssertionError: expected true to be false // Object.is equality

- Expected
+ Received

- false
+ true

 ❯ src/everything.spec.ts:8:18
            </failure>
        </testcase>
        <testcase classname="src/everything.spec.ts" name="describe 95 &gt; example test 24" time="0.000013541">
        </testcase>
        <testcase classname="src/everything.spec.ts" name="describe 95 &gt; example test 25" time="0.000065542">
            <failure message="expected true to be false // Object.is equality" type="AssertionError">
AssertionError: expected true to be false // Object.is equality

- Expected
+ Received

- false
+ true

 ❯ src/everything.spec.ts:8:18
            </failure>
        </testcase>
        <testcase classname="src/everything.spec.ts" name="describe 95 &gt; example test 26" time="0.0000135">
        </testcase>
        <testcase classname="src/everything.spec.ts" name="describe 95 &gt; example test 27" time="0.000063958">
            <failure message="expected true to be false // Object.is equality" type="AssertionError">
AssertionError: expected true to be false // Object.is equality

- Expected
+ Received

- false
+ true

 ❯ src/everything.spec.ts:8:18
            </failure>
        </testcase>
        <testcase classname="src/everything.spec.ts" name="describe 95 &gt; example test 28" time="0.000015708">
        </testcase>
        <testcase classname="src/everything.spec.ts" name="describe 95 &gt; example test 29" time="0.000062834">
            <failure message="expected true to be false // Object.is equality" type="AssertionError">
AssertionError: expected true to be false // Object.is equality

- Expected
+ Received

- false
+ true

 ❯ src/everything.spec.ts:8:18
            </failure>
        </testcase>
        <testcase classname="src/everything.spec.ts" name="describe 95 &gt; example test 30" time="0.00001425">
        </testcase>
        <testcase classname="src/everything.spec.ts" name="describe 95 &gt; example test 31" time="0.000062375">
            <failure message="expected true to be false // Object.is equality" type="AssertionError">
AssertionError: expected true to be false // Object.is equality

- Expected
+ Received

- false
+ true

 ❯ src/everything.spec.ts:8:18
            </failure>
        </testcase>
        <testcase classname="src/everything.spec.ts" name="describe 95 &gt; example test 32" time="0.000014209">
        </testcase>
        <testcase classname="src/everything.spec.ts" name="describe 95 &gt; example test 33" time="0.000065833">
            <failure message="expected true to be false // Object.is equality" type="AssertionError">
AssertionError: expected true to be false // Object.is equality

- Expected
+ Received

- false
+ true

 ❯ src/everything.spec.ts:8:18
            </failure>
        </testcase>
        <testcase classname="src/everything.spec.ts" name="describe 95 &gt; example test 34" time="0.000016">
        </testcase>
        <testcase classname="src/everything.spec.ts" name="describe 95 &gt; example test 35" time="0.00006675">
            <failure message="expected true to be false // Object.is equality" type="AssertionError">
AssertionError: expected true to be false // Object.is equality

- Expected
+ Received

- false
+ true

 ❯ src/everything.spec.ts:8:18
            </failure>
        </testcase>
        <testcase classname="src/everything.spec.ts" name="describe 95 &gt; example test 36" time="0.000013916">
        </testcase>
        <testcase classname="src/everything.spec.ts" name="describe 95 &gt; example test 37" time="0.000061625">
            <failure message="expected true to be false // Object.is equality" type="AssertionError">
AssertionError: expected true to be false // Object.is equality

- Expected
+ Received

- false
+ true

 ❯ src/everything.spec.ts:8:18
            </failure>
        </testcase>
        <testcase classname="src/everything.spec.ts" name="describe 95 &gt; example test 38" time="0.000013583">
        </testcase>
        <testcase classname="src/everything.spec.ts" name="describe 95 &gt; example test 39" time="0.000063">
            <failure message="expected true to be false // Object.is equality" type="AssertionError">
AssertionError: expected true to be false // Object.is equality

- Expected
+ Received

- false
+ true

 ❯ src/everything.spec.ts:8:18
            </failure>
        </testcase>
        <testcase classname="src/everything.spec.ts" name="describe 95 &gt; example test 40" time="0.000013958">
        </testcase>
        <testcase classname="src/everything.spec.ts" name="describe 95 &gt; example test 41" time="0.000063792">
            <failure message="expected true to be false // Object.is equality" type="AssertionError">
AssertionError: expected true to be false // Object.is equality

- Expected
+ Received

- false
+ true

 ❯ src/everything.spec.ts:8:18
            </failure>
        </testcase>
        <testcase classname="src/everything.spec.ts" name="describe 95 &gt; example test 42" time="0.000014084">
        </testcase>
        <testcase classname="src/everything.spec.ts" name="describe 95 &gt; example test 43" time="0.000061666">
            <failure message="expected true to be false // Object.is equality" type="AssertionError">
AssertionError: expected true to be false // Object.is equality

- Expected
+ Received

- false
+ true

 ❯ src/everything.spec.ts:8:18
            </failure>
        </testcase>
        <testcase classname="src/everything.spec.ts" name="describe 95 &gt; example test 44" time="0.000013583">
        </testcase>
        <testcase classname="src/everything.spec.ts" name="describe 95 &gt; example test 45" time="0.000063417">
            <failure message="expected true to be false // Object.is equality" type="AssertionError">
AssertionError: expected true to be false // Object.is equality

- Expected
+ Received

- false
+ true

 ❯ src/everything.spec.ts:8:18
            </failure>
        </testcase>
        <testcase classname="src/everything.spec.ts" name="describe 95 &gt; example test 46" time="0.000014541">
        </testcase>
        <testcase classname="src/everything.spec.ts" name="describe 95 &gt; example test 47" time="0.000066917">
            <failure message="expected true to be false // Object.is equality" type="AssertionError">
AssertionError: expected true to be false // Object.is equality

- Expected
+ Received

- false
+ true

 ❯ src/everything.spec.ts:8:18
            </failure>
        </testcase>
        <testcase classname="src/everything.spec.ts" name="describe 95 &gt; example test 48" time="0.000013833">
        </testcase>
        <testcase classname="src/everything.spec.ts" name="describe 95 &gt; example test 49" time="0.000559375">
            <failure message="expected true to be false // Object.is equality" type="AssertionError">
AssertionError: expected true to be false // Object.is equality

- Expected
+ Received

- false
+ true

 ❯ src/everything.spec.ts:8:18
            </failure>
        </testcase>
        <testcase classname="src/everything.spec.ts" name="describe 95 &gt; example test 50" time="0.000015458">
        </testcase>
        <testcase classname="src/everything.spec.ts" name="describe 95 &gt; example test 51" time="0.000067083">
            <failure message="expected true to be false // Object.is equality" type="AssertionError">
AssertionError: expected true to be false // Object.is equality

- Expected
+ Received

- false
+ true

 ❯ src/everything.spec.ts:8:18
            </failure>
        </testcase>
        <testcase classname="src/everything.spec.ts" name="describe 95 &gt; example test 52" time="0.000016791">
        </testcase>
        <testcase classname="src/everything.spec.ts" name="describe 95 &gt; example test 53" time="0.000064917">
            <failure message="expected true to be false // Object.is equality" type="AssertionError">
AssertionError: expected true to be false // Object.is equality

- Expected
+ Received

- false
+ true

 ❯ src/everything.spec.ts:8:18
            </failure>
        </testcase>
        <testcase classname="src/everything.spec.ts" name="describe 95 &gt; example test 54" time="0.000014709">
        </testcase>
        <testcase classname="src/everything.spec.ts" name="describe 95 &gt; example test 55" time="0.000065125">
            <failure message="expected true to be false // Object.is equality" type="AssertionError">
AssertionError: expected true to be false // Object.is equality

- Expected
+ Received

- false
+ true

 ❯ src/everything.spec.ts:8:18
            </failure>
        </testcase>
        <testcase classname="src/everything.spec.ts" name="describe 95 &gt; example test 56" time="0.000014083">
        </testcase>
        <testcase classname="src/everything.spec.ts" name="describe 95 &gt; example test 57" time="0.000062583">
            <failure message="expected true to be false // Object.is equality" type="AssertionError">
AssertionError: expected true to be false // Object.is equality

- Expected
+ Received

- false
+ true

 ❯ src/everything.spec.ts:8:18
            </failure>
        </testcase>
        <testcase classname="src/everything.spec.ts" name="describe 95 &gt; example test 58" time="0.000014167">
        </testcase>
        <testcase classname="src/everything.spec.ts" name="describe 95 &gt; example test 59" time="0.000060375">
            <failure message="expected true to be false // Object.is equality" type="AssertionError">
AssertionError: expected true to be false // Object.is equality

- Expected
+ Received

- false
+ true

 ❯ src/everything.spec.ts:8:18
            </failure>
        </testcase>
        <testcase classname="src/everything.spec.ts" name="describe 95 &gt; example test 60" time="0.000014084">
        </testcase>
        <testcase classname="src/everything.spec.ts" name="describe 95 &gt; example test 61" time="0.000060583">
            <failure message="expected true to be false // Object.is equality" type="AssertionError">
AssertionError: expected true to be false // Object.is equality

- Expected
+ Received

- false
+ true

 ❯ src/everything.spec.ts:8:18
            </failure>
        </testcase>
        <testcase classname="src/everything.spec.ts" name="describe 95 &gt; example test 62" time="0.000014041">
        </testcase>
        <testcase classname="src/everything.spec.ts" name="describe 95 &gt; example test 63" time="0.000060459">
            <failure message="expected true to be false // Object.is equality" type="AssertionError">
AssertionError: expected true to be false // Object.is equality

- Expected
+ Received

- false
+ true

 ❯ src/everything.spec.ts:8:18
            </failure>
        </testcase>
        <testcase classname="src/everything.spec.ts" name="describe 95 &gt; example test 64" time="0.000015708">
        </testcase>
        <testcase classname="src/everything.spec.ts" name="describe 95 &gt; example test 65" time="0.000063416">
            <failure message="expected true to be false // Object.is equality" type="AssertionError">
AssertionError: expected true to be false // Object.is equality

- Expected
+ Received

- false
+ true

 ❯ src/everything.spec.ts:8:18
            </failure>
        </testcase>
        <testcase classname="src/everything.spec.ts" name="describe 95 &gt; example test 66" time="0.000013791">
        </testcase>
        <testcase classname="src/everything.spec.ts" name="describe 95 &gt; example test 67" time="0.000060959">
            <failure message="expected true to be false // Object.is equality" type="AssertionError">
AssertionError: expected true to be false // Object.is equality

- Expected
+ Received

- false
+ true

 ❯ src/everything.spec.ts:8:18
            </failure>
        </testcase>
        <testcase classname="src/everything.spec.ts" name="describe 95 &gt; example test 68" time="0.000014083">
        </testcase>
        <testcase classname="src/everything.spec.ts" name="describe 95 &gt; example test 69" time="0.000061916">
            <failure message="expected true to be false // Object.is equality" type="AssertionError">
AssertionError: expected true to be false // Object.is equality

- Expected
+ Received

- false
+ true

 ❯ src/everything.spec.ts:8:18
            </failure>
        </testcase>
        <testcase classname="src/everything.spec.ts" name="describe 95 &gt; example test 70" time="0.000015291">
        </testcase>
        <testcase classname="src/everything.spec.ts" name="describe 95 &gt; example test 71" time="0.000061458">
            <failure message="expected true to be false // Object.is equality" type="AssertionError">
AssertionError: expected true to be false // Object.is equality

- Expected
+ Received

- false
+ true

 ❯ src/everything.spec.ts:8:18
            </failure>
        </testcase>
        <testcase classname="src/everything.spec.ts" name="describe 95 &gt; example test 72" time="0.000016083">
        </testcase>
        <testcase classname="src/everything.spec.ts" name="describe 95 &gt; example test 73" time="0.000059875">
            <failure message="expected true to be false // Object.is equality" type="AssertionError">
AssertionError: expected true to be false // Object.is equality

- Expected
+ Received

- false
+ true

 ❯ src/everything.spec.ts:8:18
            </failure>
        </testcase>
        <testcase classname="src/everything.spec.ts" name="describe 95 &gt; example test 74" time="0.000016291">
        </testcase>
        <testcase classname="src/everything.spec.ts" name="describe 95 &gt; example test 75" time="0.000060209">
            <failure message="expected true to be false // Object.is equality" type="AssertionError">
AssertionError: expected true to be false // Object.is equality

- Expected
+ Received

- false
+ true

 ❯ src/everything.spec.ts:8:18
            </failure>
        </testcase>
        <testcase classname="src/everything.spec.ts" name="describe 95 &gt; example test 76" time="0.000029083">
        </testcase>
        <testcase classname="src/everything.spec.ts" name="describe 95 &gt; example test 77" time="0.000060667">
            <failure message="expected true to be false // Object.is equality" type="AssertionError">
AssertionError: expected true to be false // Object.is equality

- Expected
+ Received

- false
+ true

 ❯ src/everything.spec.ts:8:18
            </failure>
        </testcase>
        <testcase classname="src/everything.spec.ts" name="describe 95 &gt; example test 78" time="0.000015792">
        </testcase>
        <testcase classname="src/everything.spec.ts" name="describe 95 &gt; example test 79" time="0.000058959">
            <failure message="expected true to be false // Object.is equality" type="AssertionError">
AssertionError: expected true to be false // Object.is equality

- Expected
+ Received

- false
+ true

 ❯ src/everything.spec.ts:8:18
            </failure>
        </testcase>
        <testcase classname="src/everything.spec.ts" name="describe 95 &gt; example test 80" time="0.0000135">
        </testcase>
        <testcase classname="src/everything.spec.ts" name="describe 95 &gt; example test 81" time="0.000065375">
            <failure message="expected true to be false // Object.is equality" type="AssertionError">
AssertionError: expected true to be false // Object.is equality

- Expected
+ Received

- false
+ true

 ❯ src/everything.spec.ts:8:18
            </failure>
        </testcase>
        <testcase classname="src/everything.spec.ts" name="describe 95 &gt; example test 82" time="0.000016084">
        </testcase>
        <testcase classname="src/everything.spec.ts" name="describe 95 &gt; example test 83" time="0.000058959">
            <failure message="expected true to be false // Object.is equality" type="AssertionError">
AssertionError: expected true to be false // Object.is equality

- Expected
+ Received

- false
+ true

 ❯ src/everything.spec.ts:8:18
            </failure>
        </testcase>
        <testcase classname="src/everything.spec.ts" name="describe 95 &gt; example test 84" time="0.000016042">
        </testcase>
        <testcase classname="src/everything.spec.ts" name="describe 95 &gt; example test 85" time="0.000059708">
            <failure message="expected true to be false // Object.is equality" type="AssertionError">
AssertionError: expected true to be false // Object.is equality

- Expected
+ Received

- false
+ true

 ❯ src/everything.spec.ts:8:18
            </failure>
        </testcase>
        <testcase classname="src/everything.spec.ts" name="describe 95 &gt; example test 86" time="0.000013625">
        </testcase>
        <testcase classname="src/everything.spec.ts" name="describe 95 &gt; example test 87" time="0.000059666">
            <failure message="expected true to be false // Object.is equality" type="AssertionError">
AssertionError: expected true to be false // Object.is equality

- Expected
+ Received

- false
+ true

 ❯ src/everything.spec.ts:8:18
            </failure>
        </testcase>
        <testcase classname="src/everything.spec.ts" name="describe 95 &gt; example test 88" time="0.000016167">
        </testcase>
        <testcase classname="src/everything.spec.ts" name="describe 95 &gt; example test 89" time="0.000059625">
            <failure message="expected true to be false // Object.is equality" type="AssertionError">
AssertionError: expected true to be false // Object.is equality

- Expected
+ Received

- false
+ true

 ❯ src/everything.spec.ts:8:18
            </failure>
        </testcase>
        <testcase classname="src/everything.spec.ts" name="describe 95 &gt; example test 90" time="0.000016125">
        </testcase>
        <testcase classname="src/everything.spec.ts" name="describe 95 &gt; example test 91" time="0.00006225">
            <failure message="expected true to be false // Object.is equality" type="AssertionError">
AssertionError: expected true to be false // Object.is equality

- Expected
+ Received

- false
+ true

 ❯ src/everything.spec.ts:8:18
            </failure>
        </testcase>
        <testcase classname="src/everything.spec.ts" name="describe 95 &gt; example test 92" time="0.000015833">
        </testcase>
        <testcase classname="src/everything.spec.ts" name="describe 95 &gt; example test 93" time="0.000062542">
            <failure message="expected true to be false // Object.is equality" type="AssertionError">
AssertionError: expected true to be false // Object.is equality

- Expected
+ Received

- false
+ true

 ❯ src/everything.spec.ts:8:18
            </failure>
        </testcase>
        <testcase classname="src/everything.spec.ts" name="describe 95 &gt; example test 94" time="0.000013958">
        </testcase>
        <testcase classname="src/everything.spec.ts" name="describe 95 &gt; example test 95" time="0.000060208">
            <failure message="expected true to be false // Object.is equality" type="AssertionError">
AssertionError: expected true to be false // Object.is equality

- Expected
+ Received

- false
+ true

 ❯ src/everything.spec.ts:8:18
            </failure>
        </testcase>
        <testcase classname="src/everything.spec.ts" name="describe 95 &gt; example test 96" time="0.000013333">
        </testcase>
        <testcase classname="src/everything.spec.ts" name="describe 95 &gt; example test 97" time="0.000064667">
            <failure message="expected true to be false // Object.is equality" type="AssertionError">
AssertionError: expected true to be false // Object.is equality

- Expected
+ Received

- false
+ true

 ❯ src/everything.spec.ts:8:18
            </failure>
        </testcase>
        <testcase classname="src/everything.spec.ts" name="describe 95 &gt; example test 98" time="0.000013875">
        </testcase>
        <testcase classname="src/everything.spec.ts" name="describe 95 &gt; example test 99" time="0.000059583">
            <failure message="expected true to be false // Object.is equality" type="AssertionError">
AssertionError: expected true to be false // Object.is equality

- Expected
+ Received

- false
+ true

 ❯ src/everything.spec.ts:8:18
            </failure>
        </testcase>
        <testcase classname="src/everything.spec.ts" name="describe 95 &gt; example test 100" time="0.000013042">
        </testcase>
        <testcase classname="src/everything.spec.ts" name="describe 96 &gt; example test 1" time="0.000062875">
            <failure message="expected true to be false // Object.is equality" type="AssertionError">
AssertionError: expected true to be false // Object.is equality

- Expected
+ Received

- false
+ true

 ❯ src/everything.spec.ts:8:18
            </failure>
        </testcase>
        <testcase classname="src/everything.spec.ts" name="describe 96 &gt; example test 2" time="0.000016292">
        </testcase>
        <testcase classname="src/everything.spec.ts" name="describe 96 &gt; example test 3" time="0.000062208">
            <failure message="expected true to be false // Object.is equality" type="AssertionError">
AssertionError: expected true to be false // Object.is equality

- Expected
+ Received

- false
+ true

 ❯ src/everything.spec.ts:8:18
            </failure>
        </testcase>
        <testcase classname="src/everything.spec.ts" name="describe 96 &gt; example test 4" time="0.000013416">
        </testcase>
        <testcase classname="src/everything.spec.ts" name="describe 96 &gt; example test 5" time="0.000059958">
            <failure message="expected true to be false // Object.is equality" type="AssertionError">
AssertionError: expected true to be false // Object.is equality

- Expected
+ Received

- false
+ true

 ❯ src/everything.spec.ts:8:18
            </failure>
        </testcase>
        <testcase classname="src/everything.spec.ts" name="describe 96 &gt; example test 6" time="0.000013584">
        </testcase>
        <testcase classname="src/everything.spec.ts" name="describe 96 &gt; example test 7" time="0.000060041">
            <failure message="expected true to be false // Object.is equality" type="AssertionError">
AssertionError: expected true to be false // Object.is equality

- Expected
+ Received

- false
+ true

 ❯ src/everything.spec.ts:8:18
            </failure>
        </testcase>
        <testcase classname="src/everything.spec.ts" name="describe 96 &gt; example test 8" time="0.000015">
        </testcase>
        <testcase classname="src/everything.spec.ts" name="describe 96 &gt; example test 9" time="0.000059792">
            <failure message="expected true to be false // Object.is equality" type="AssertionError">
AssertionError: expected true to be false // Object.is equality

- Expected
+ Received

- false
+ true

 ❯ src/everything.spec.ts:8:18
            </failure>
        </testcase>
        <testcase classname="src/everything.spec.ts" name="describe 96 &gt; example test 10" time="0.000015375">
        </testcase>
        <testcase classname="src/everything.spec.ts" name="describe 96 &gt; example test 11" time="0.000059">
            <failure message="expected true to be false // Object.is equality" type="AssertionError">
AssertionError: expected true to be false // Object.is equality

- Expected
+ Received

- false
+ true

 ❯ src/everything.spec.ts:8:18
            </failure>
        </testcase>
        <testcase classname="src/everything.spec.ts" name="describe 96 &gt; example test 12" time="0.00001375">
        </testcase>
        <testcase classname="src/everything.spec.ts" name="describe 96 &gt; example test 13" time="0.000059166">
            <failure message="expected true to be false // Object.is equality" type="AssertionError">
AssertionError: expected true to be false // Object.is equality

- Expected
+ Received

- false
+ true

 ❯ src/everything.spec.ts:8:18
            </failure>
        </testcase>
        <testcase classname="src/everything.spec.ts" name="describe 96 &gt; example test 14" time="0.000015334">
        </testcase>
        <testcase classname="src/everything.spec.ts" name="describe 96 &gt; example test 15" time="0.000059833">
            <failure message="expected true to be false // Object.is equality" type="AssertionError">
AssertionError: expected true to be false // Object.is equality

- Expected
+ Received

- false
+ true

 ❯ src/everything.spec.ts:8:18
            </failure>
        </testcase>
        <testcase classname="src/everything.spec.ts" name="describe 96 &gt; example test 16" time="0.000015709">
        </testcase>
        <testcase classname="src/everything.spec.ts" name="describe 96 &gt; example test 17" time="0.0000605">
            <failure message="expected true to be false // Object.is equality" type="AssertionError">
AssertionError: expected true to be false // Object.is equality

- Expected
+ Received

- false
+ true

 ❯ src/everything.spec.ts:8:18
            </failure>
        </testcase>
        <testcase classname="src/everything.spec.ts" name="describe 96 &gt; example test 18" time="0.000014">
        </testcase>
        <testcase classname="src/everything.spec.ts" name="describe 96 &gt; example test 19" time="0.000059209">
            <failure message="expected true to be false // Object.is equality" type="AssertionError">
AssertionError: expected true to be false // Object.is equality

- Expected
+ Received

- false
+ true

 ❯ src/everything.spec.ts:8:18
            </failure>
        </testcase>
        <testcase classname="src/everything.spec.ts" name="describe 96 &gt; example test 20" time="0.0000135">
        </testcase>
        <testcase classname="src/everything.spec.ts" name="describe 96 &gt; example test 21" time="0.000062667">
            <failure message="expected true to be false // Object.is equality" type="AssertionError">
AssertionError: expected true to be false // Object.is equality

- Expected
+ Received

- false
+ true

 ❯ src/everything.spec.ts:8:18
            </failure>
        </testcase>
        <testcase classname="src/everything.spec.ts" name="describe 96 &gt; example test 22" time="0.000013709">
        </testcase>
        <testcase classname="src/everything.spec.ts" name="describe 96 &gt; example test 23" time="0.000059083">
            <failure message="expected true to be false // Object.is equality" type="AssertionError">
AssertionError: expected true to be false // Object.is equality

- Expected
+ Received

- false
+ true

 ❯ src/everything.spec.ts:8:18
            </failure>
        </testcase>
        <testcase classname="src/everything.spec.ts" name="describe 96 &gt; example test 24" time="0.000013166">
        </testcase>
        <testcase classname="src/everything.spec.ts" name="describe 96 &gt; example test 25" time="0.00006">
            <failure message="expected true to be false // Object.is equality" type="AssertionError">
AssertionError: expected true to be false // Object.is equality

- Expected
+ Received

- false
+ true

 ❯ src/everything.spec.ts:8:18
            </failure>
        </testcase>
        <testcase classname="src/everything.spec.ts" name="describe 96 &gt; example test 26" time="0.00001375">
        </testcase>
        <testcase classname="src/everything.spec.ts" name="describe 96 &gt; example test 27" time="0.000059375">
            <failure message="expected true to be false // Object.is equality" type="AssertionError">
AssertionError: expected true to be false // Object.is equality

- Expected
+ Received

- false
+ true

 ❯ src/everything.spec.ts:8:18
            </failure>
        </testcase>
        <testcase classname="src/everything.spec.ts" name="describe 96 &gt; example test 28" time="0.000013166">
        </testcase>
        <testcase classname="src/everything.spec.ts" name="describe 96 &gt; example test 29" time="0.000060375">
            <failure message="expected true to be false // Object.is equality" type="AssertionError">
AssertionError: expected true to be false // Object.is equality

- Expected
+ Received

- false
+ true

 ❯ src/everything.spec.ts:8:18
            </failure>
        </testcase>
        <testcase classname="src/everything.spec.ts" name="describe 96 &gt; example test 30" time="0.000013625">
        </testcase>
        <testcase classname="src/everything.spec.ts" name="describe 96 &gt; example test 31" time="0.000059208">
            <failure message="expected true to be false // Object.is equality" type="AssertionError">
AssertionError: expected true to be false // Object.is equality

- Expected
+ Received

- false
+ true

 ❯ src/everything.spec.ts:8:18
            </failure>
        </testcase>
        <testcase classname="src/everything.spec.ts" name="describe 96 &gt; example test 32" time="0.000013875">
        </testcase>
        <testcase classname="src/everything.spec.ts" name="describe 96 &gt; example test 33" time="0.000060042">
            <failure message="expected true to be false // Object.is equality" type="AssertionError">
AssertionError: expected true to be false // Object.is equality

- Expected
+ Received

- false
+ true

 ❯ src/everything.spec.ts:8:18
            </failure>
        </testcase>
        <testcase classname="src/everything.spec.ts" name="describe 96 &gt; example test 34" time="0.000013083">
        </testcase>
        <testcase classname="src/everything.spec.ts" name="describe 96 &gt; example test 35" time="0.0000595">
            <failure message="expected true to be false // Object.is equality" type="AssertionError">
AssertionError: expected true to be false // Object.is equality

- Expected
+ Received

- false
+ true

 ❯ src/everything.spec.ts:8:18
            </failure>
        </testcase>
        <testcase classname="src/everything.spec.ts" name="describe 96 &gt; example test 36" time="0.000013542">
        </testcase>
        <testcase classname="src/everything.spec.ts" name="describe 96 &gt; example test 37" time="0.000059458">
            <failure message="expected true to be false // Object.is equality" type="AssertionError">
AssertionError: expected true to be false // Object.is equality

- Expected
+ Received

- false
+ true

 ❯ src/everything.spec.ts:8:18
            </failure>
        </testcase>
        <testcase classname="src/everything.spec.ts" name="describe 96 &gt; example test 38" time="0.0000155">
        </testcase>
        <testcase classname="src/everything.spec.ts" name="describe 96 &gt; example test 39" time="0.000060041">
            <failure message="expected true to be false // Object.is equality" type="AssertionError">
AssertionError: expected true to be false // Object.is equality

- Expected
+ Received

- false
+ true

 ❯ src/everything.spec.ts:8:18
            </failure>
        </testcase>
        <testcase classname="src/everything.spec.ts" name="describe 96 &gt; example test 40" time="0.000014417">
        </testcase>
        <testcase classname="src/everything.spec.ts" name="describe 96 &gt; example test 41" time="0.000061">
            <failure message="expected true to be false // Object.is equality" type="AssertionError">
AssertionError: expected true to be false // Object.is equality

- Expected
+ Received

- false
+ true

 ❯ src/everything.spec.ts:8:18
            </failure>
        </testcase>
        <testcase classname="src/everything.spec.ts" name="describe 96 &gt; example test 42" time="0.000021333">
        </testcase>
        <testcase classname="src/everything.spec.ts" name="describe 96 &gt; example test 43" time="0.000060709">
            <failure message="expected true to be false // Object.is equality" type="AssertionError">
AssertionError: expected true to be false // Object.is equality

- Expected
+ Received

- false
+ true

 ❯ src/everything.spec.ts:8:18
            </failure>
        </testcase>
        <testcase classname="src/everything.spec.ts" name="describe 96 &gt; example test 44" time="0.000014792">
        </testcase>
        <testcase classname="src/everything.spec.ts" name="describe 96 &gt; example test 45" time="0.000059708">
            <failure message="expected true to be false // Object.is equality" type="AssertionError">
AssertionError: expected true to be false // Object.is equality

- Expected
+ Received

- false
+ true

 ❯ src/everything.spec.ts:8:18
            </failure>
        </testcase>
        <testcase classname="src/everything.spec.ts" name="describe 96 &gt; example test 46" time="0.000013">
        </testcase>
        <testcase classname="src/everything.spec.ts" name="describe 96 &gt; example test 47" time="0.000059333">
            <failure message="expected true to be false // Object.is equality" type="AssertionError">
AssertionError: expected true to be false // Object.is equality

- Expected
+ Received

- false
+ true

 ❯ src/everything.spec.ts:8:18
            </failure>
        </testcase>
        <testcase classname="src/everything.spec.ts" name="describe 96 &gt; example test 48" time="0.0000135">
        </testcase>
        <testcase classname="src/everything.spec.ts" name="describe 96 &gt; example test 49" time="0.000060417">
            <failure message="expected true to be false // Object.is equality" type="AssertionError">
AssertionError: expected true to be false // Object.is equality

- Expected
+ Received

- false
+ true

 ❯ src/everything.spec.ts:8:18
            </failure>
        </testcase>
        <testcase classname="src/everything.spec.ts" name="describe 96 &gt; example test 50" time="0.000016166">
        </testcase>
        <testcase classname="src/everything.spec.ts" name="describe 96 &gt; example test 51" time="0.000059666">
            <failure message="expected true to be false // Object.is equality" type="AssertionError">
AssertionError: expected true to be false // Object.is equality

- Expected
+ Received

- false
+ true

 ❯ src/everything.spec.ts:8:18
            </failure>
        </testcase>
        <testcase classname="src/everything.spec.ts" name="describe 96 &gt; example test 52" time="0.000015416">
        </testcase>
        <testcase classname="src/everything.spec.ts" name="describe 96 &gt; example test 53" time="0.00006">
            <failure message="expected true to be false // Object.is equality" type="AssertionError">
AssertionError: expected true to be false // Object.is equality

- Expected
+ Received

- false
+ true

 ❯ src/everything.spec.ts:8:18
            </failure>
        </testcase>
        <testcase classname="src/everything.spec.ts" name="describe 96 &gt; example test 54" time="0.000017958">
        </testcase>
        <testcase classname="src/everything.spec.ts" name="describe 96 &gt; example test 55" time="0.000059">
            <failure message="expected true to be false // Object.is equality" type="AssertionError">
AssertionError: expected true to be false // Object.is equality

- Expected
+ Received

- false
+ true

 ❯ src/everything.spec.ts:8:18
            </failure>
        </testcase>
        <testcase classname="src/everything.spec.ts" name="describe 96 &gt; example test 56" time="0.000014208">
        </testcase>
        <testcase classname="src/everything.spec.ts" name="describe 96 &gt; example test 57" time="0.00006025">
            <failure message="expected true to be false // Object.is equality" type="AssertionError">
AssertionError: expected true to be false // Object.is equality

- Expected
+ Received

- false
+ true

 ❯ src/everything.spec.ts:8:18
            </failure>
        </testcase>
        <testcase classname="src/everything.spec.ts" name="describe 96 &gt; example test 58" time="0.0000135">
        </testcase>
        <testcase classname="src/everything.spec.ts" name="describe 96 &gt; example test 59" time="0.0000615">
            <failure message="expected true to be false // Object.is equality" type="AssertionError">
AssertionError: expected true to be false // Object.is equality

- Expected
+ Received

- false
+ true

 ❯ src/everything.spec.ts:8:18
            </failure>
        </testcase>
        <testcase classname="src/everything.spec.ts" name="describe 96 &gt; example test 60" time="0.000019334">
        </testcase>
        <testcase classname="src/everything.spec.ts" name="describe 96 &gt; example test 61" time="0.000060541">
            <failure message="expected true to be false // Object.is equality" type="AssertionError">
AssertionError: expected true to be false // Object.is equality

- Expected
+ Received

- false
+ true

 ❯ src/everything.spec.ts:8:18
            </failure>
        </testcase>
        <testcase classname="src/everything.spec.ts" name="describe 96 &gt; example test 62" time="0.000013916">
        </testcase>
        <testcase classname="src/everything.spec.ts" name="describe 96 &gt; example test 63" time="0.000061875">
            <failure message="expected true to be false // Object.is equality" type="AssertionError">
AssertionError: expected true to be false // Object.is equality

- Expected
+ Received

- false
+ true

 ❯ src/everything.spec.ts:8:18
            </failure>
        </testcase>
        <testcase classname="src/everything.spec.ts" name="describe 96 &gt; example test 64" time="0.000015958">
        </testcase>
        <testcase classname="src/everything.spec.ts" name="describe 96 &gt; example test 65" time="0.000062917">
            <failure message="expected true to be false // Object.is equality" type="AssertionError">
AssertionError: expected true to be false // Object.is equality

- Expected
+ Received

- false
+ true

 ❯ src/everything.spec.ts:8:18
            </failure>
        </testcase>
        <testcase classname="src/everything.spec.ts" name="describe 96 &gt; example test 66" time="0.00002025">
        </testcase>
        <testcase classname="src/everything.spec.ts" name="describe 96 &gt; example test 67" time="0.000059708">
            <failure message="expected true to be false // Object.is equality" type="AssertionError">
AssertionError: expected true to be false // Object.is equality

- Expected
+ Received

- false
+ true

 ❯ src/everything.spec.ts:8:18
            </failure>
        </testcase>
        <testcase classname="src/everything.spec.ts" name="describe 96 &gt; example test 68" time="0.000015583">
        </testcase>
        <testcase classname="src/everything.spec.ts" name="describe 96 &gt; example test 69" time="0.000062083">
            <failure message="expected true to be false // Object.is equality" type="AssertionError">
AssertionError: expected true to be false // Object.is equality

- Expected
+ Received

- false
+ true

 ❯ src/everything.spec.ts:8:18
            </failure>
        </testcase>
        <testcase classname="src/everything.spec.ts" name="describe 96 &gt; example test 70" time="0.000015208">
        </testcase>
        <testcase classname="src/everything.spec.ts" name="describe 96 &gt; example test 71" time="0.000059584">
            <failure message="expected true to be false // Object.is equality" type="AssertionError">
AssertionError: expected true to be false // Object.is equality

- Expected
+ Received

- false
+ true

 ❯ src/everything.spec.ts:8:18
            </failure>
        </testcase>
        <testcase classname="src/everything.spec.ts" name="describe 96 &gt; example test 72" time="0.000015042">
        </testcase>
        <testcase classname="src/everything.spec.ts" name="describe 96 &gt; example test 73" time="0.000060792">
            <failure message="expected true to be false // Object.is equality" type="AssertionError">
AssertionError: expected true to be false // Object.is equality

- Expected
+ Received

- false
+ true

 ❯ src/everything.spec.ts:8:18
            </failure>
        </testcase>
        <testcase classname="src/everything.spec.ts" name="describe 96 &gt; example test 74" time="0.000015459">
        </testcase>
        <testcase classname="src/everything.spec.ts" name="describe 96 &gt; example test 75" time="0.000062542">
            <failure message="expected true to be false // Object.is equality" type="AssertionError">
AssertionError: expected true to be false // Object.is equality

- Expected
+ Received

- false
+ true

 ❯ src/everything.spec.ts:8:18
            </failure>
        </testcase>
        <testcase classname="src/everything.spec.ts" name="describe 96 &gt; example test 76" time="0.000015625">
        </testcase>
        <testcase classname="src/everything.spec.ts" name="describe 96 &gt; example test 77" time="0.000060625">
            <failure message="expected true to be false // Object.is equality" type="AssertionError">
AssertionError: expected true to be false // Object.is equality

- Expected
+ Received

- false
+ true

 ❯ src/everything.spec.ts:8:18
            </failure>
        </testcase>
        <testcase classname="src/everything.spec.ts" name="describe 96 &gt; example test 78" time="0.000016042">
        </testcase>
        <testcase classname="src/everything.spec.ts" name="describe 96 &gt; example test 79" time="0.000059875">
            <failure message="expected true to be false // Object.is equality" type="AssertionError">
AssertionError: expected true to be false // Object.is equality

- Expected
+ Received

- false
+ true

 ❯ src/everything.spec.ts:8:18
            </failure>
        </testcase>
        <testcase classname="src/everything.spec.ts" name="describe 96 &gt; example test 80" time="0.000013042">
        </testcase>
        <testcase classname="src/everything.spec.ts" name="describe 96 &gt; example test 81" time="0.000062">
            <failure message="expected true to be false // Object.is equality" type="AssertionError">
AssertionError: expected true to be false // Object.is equality

- Expected
+ Received

- false
+ true

 ❯ src/everything.spec.ts:8:18
            </failure>
        </testcase>
        <testcase classname="src/everything.spec.ts" name="describe 96 &gt; example test 82" time="0.000015791">
        </testcase>
        <testcase classname="src/everything.spec.ts" name="describe 96 &gt; example test 83" time="0.000061875">
            <failure message="expected true to be false // Object.is equality" type="AssertionError">
AssertionError: expected true to be false // Object.is equality

- Expected
+ Received

- false
+ true

 ❯ src/everything.spec.ts:8:18
            </failure>
        </testcase>
        <testcase classname="src/everything.spec.ts" name="describe 96 &gt; example test 84" time="0.000016208">
        </testcase>
        <testcase classname="src/everything.spec.ts" name="describe 96 &gt; example test 85" time="0.0000605">
            <failure message="expected true to be false // Object.is equality" type="AssertionError">
AssertionError: expected true to be false // Object.is equality

- Expected
+ Received

- false
+ true

 ❯ src/everything.spec.ts:8:18
            </failure>
        </testcase>
        <testcase classname="src/everything.spec.ts" name="describe 96 &gt; example test 86" time="0.000015375">
        </testcase>
        <testcase classname="src/everything.spec.ts" name="describe 96 &gt; example test 87" time="0.000060083">
            <failure message="expected true to be false // Object.is equality" type="AssertionError">
AssertionError: expected true to be false // Object.is equality

- Expected
+ Received

- false
+ true

 ❯ src/everything.spec.ts:8:18
            </failure>
        </testcase>
        <testcase classname="src/everything.spec.ts" name="describe 96 &gt; example test 88" time="0.00001625">
        </testcase>
        <testcase classname="src/everything.spec.ts" name="describe 96 &gt; example test 89" time="0.000062">
            <failure message="expected true to be false // Object.is equality" type="AssertionError">
AssertionError: expected true to be false // Object.is equality

- Expected
+ Received

- false
+ true

 ❯ src/everything.spec.ts:8:18
            </failure>
        </testcase>
        <testcase classname="src/everything.spec.ts" name="describe 96 &gt; example test 90" time="0.00001575">
        </testcase>
        <testcase classname="src/everything.spec.ts" name="describe 96 &gt; example test 91" time="0.0000595">
            <failure message="expected true to be false // Object.is equality" type="AssertionError">
AssertionError: expected true to be false // Object.is equality

- Expected
+ Received

- false
+ true

 ❯ src/everything.spec.ts:8:18
            </failure>
        </testcase>
        <testcase classname="src/everything.spec.ts" name="describe 96 &gt; example test 92" time="0.000018375">
        </testcase>
        <testcase classname="src/everything.spec.ts" name="describe 96 &gt; example test 93" time="0.000062083">
            <failure message="expected true to be false // Object.is equality" type="AssertionError">
AssertionError: expected true to be false // Object.is equality

- Expected
+ Received

- false
+ true

 ❯ src/everything.spec.ts:8:18
            </failure>
        </testcase>
        <testcase classname="src/everything.spec.ts" name="describe 96 &gt; example test 94" time="0.000014291">
        </testcase>
        <testcase classname="src/everything.spec.ts" name="describe 96 &gt; example test 95" time="0.000060333">
            <failure message="expected true to be false // Object.is equality" type="AssertionError">
AssertionError: expected true to be false // Object.is equality

- Expected
+ Received

- false
+ true

 ❯ src/everything.spec.ts:8:18
            </failure>
        </testcase>
        <testcase classname="src/everything.spec.ts" name="describe 96 &gt; example test 96" time="0.000014208">
        </testcase>
        <testcase classname="src/everything.spec.ts" name="describe 96 &gt; example test 97" time="0.000059834">
            <failure message="expected true to be false // Object.is equality" type="AssertionError">
AssertionError: expected true to be false // Object.is equality

- Expected
+ Received

- false
+ true

 ❯ src/everything.spec.ts:8:18
            </failure>
        </testcase>
        <testcase classname="src/everything.spec.ts" name="describe 96 &gt; example test 98" time="0.000016417">
        </testcase>
        <testcase classname="src/everything.spec.ts" name="describe 96 &gt; example test 99" time="0.000059417">
            <failure message="expected true to be false // Object.is equality" type="AssertionError">
AssertionError: expected true to be false // Object.is equality

- Expected
+ Received

- false
+ true

 ❯ src/everything.spec.ts:8:18
            </failure>
        </testcase>
        <testcase classname="src/everything.spec.ts" name="describe 96 &gt; example test 100" time="0.0000145">
        </testcase>
        <testcase classname="src/everything.spec.ts" name="describe 97 &gt; example test 1" time="0.000059958">
            <failure message="expected true to be false // Object.is equality" type="AssertionError">
AssertionError: expected true to be false // Object.is equality

- Expected
+ Received

- false
+ true

 ❯ src/everything.spec.ts:8:18
            </failure>
        </testcase>
        <testcase classname="src/everything.spec.ts" name="describe 97 &gt; example test 2" time="0.000014166">
        </testcase>
        <testcase classname="src/everything.spec.ts" name="describe 97 &gt; example test 3" time="0.000063875">
            <failure message="expected true to be false // Object.is equality" type="AssertionError">
AssertionError: expected true to be false // Object.is equality

- Expected
+ Received

- false
+ true

 ❯ src/everything.spec.ts:8:18
            </failure>
        </testcase>
        <testcase classname="src/everything.spec.ts" name="describe 97 &gt; example test 4" time="0.00001675">
        </testcase>
        <testcase classname="src/everything.spec.ts" name="describe 97 &gt; example test 5" time="0.000061125">
            <failure message="expected true to be false // Object.is equality" type="AssertionError">
AssertionError: expected true to be false // Object.is equality

- Expected
+ Received

- false
+ true

 ❯ src/everything.spec.ts:8:18
            </failure>
        </testcase>
        <testcase classname="src/everything.spec.ts" name="describe 97 &gt; example test 6" time="0.000014041">
        </testcase>
        <testcase classname="src/everything.spec.ts" name="describe 97 &gt; example test 7" time="0.000059333">
            <failure message="expected true to be false // Object.is equality" type="AssertionError">
AssertionError: expected true to be false // Object.is equality

- Expected
+ Received

- false
+ true

 ❯ src/everything.spec.ts:8:18
            </failure>
        </testcase>
        <testcase classname="src/everything.spec.ts" name="describe 97 &gt; example test 8" time="0.000014625">
        </testcase>
        <testcase classname="src/everything.spec.ts" name="describe 97 &gt; example test 9" time="0.000059541">
            <failure message="expected true to be false // Object.is equality" type="AssertionError">
AssertionError: expected true to be false // Object.is equality

- Expected
+ Received

- false
+ true

 ❯ src/everything.spec.ts:8:18
            </failure>
        </testcase>
        <testcase classname="src/everything.spec.ts" name="describe 97 &gt; example test 10" time="0.000013875">
        </testcase>
        <testcase classname="src/everything.spec.ts" name="describe 97 &gt; example test 11" time="0.000059667">
            <failure message="expected true to be false // Object.is equality" type="AssertionError">
AssertionError: expected true to be false // Object.is equality

- Expected
+ Received

- false
+ true

 ❯ src/everything.spec.ts:8:18
            </failure>
        </testcase>
        <testcase classname="src/everything.spec.ts" name="describe 97 &gt; example test 12" time="0.000014583">
        </testcase>
        <testcase classname="src/everything.spec.ts" name="describe 97 &gt; example test 13" time="0.000059125">
            <failure message="expected true to be false // Object.is equality" type="AssertionError">
AssertionError: expected true to be false // Object.is equality

- Expected
+ Received

- false
+ true

 ❯ src/everything.spec.ts:8:18
            </failure>
        </testcase>
        <testcase classname="src/everything.spec.ts" name="describe 97 &gt; example test 14" time="0.00001325">
        </testcase>
        <testcase classname="src/everything.spec.ts" name="describe 97 &gt; example test 15" time="0.000060542">
            <failure message="expected true to be false // Object.is equality" type="AssertionError">
AssertionError: expected true to be false // Object.is equality

- Expected
+ Received

- false
+ true

 ❯ src/everything.spec.ts:8:18
            </failure>
        </testcase>
        <testcase classname="src/everything.spec.ts" name="describe 97 &gt; example test 16" time="0.000013709">
        </testcase>
        <testcase classname="src/everything.spec.ts" name="describe 97 &gt; example test 17" time="0.000062375">
            <failure message="expected true to be false // Object.is equality" type="AssertionError">
AssertionError: expected true to be false // Object.is equality

- Expected
+ Received

- false
+ true

 ❯ src/everything.spec.ts:8:18
            </failure>
        </testcase>
        <testcase classname="src/everything.spec.ts" name="describe 97 &gt; example test 18" time="0.000013875">
        </testcase>
        <testcase classname="src/everything.spec.ts" name="describe 97 &gt; example test 19" time="0.000062875">
            <failure message="expected true to be false // Object.is equality" type="AssertionError">
AssertionError: expected true to be false // Object.is equality

- Expected
+ Received

- false
+ true

 ❯ src/everything.spec.ts:8:18
            </failure>
        </testcase>
        <testcase classname="src/everything.spec.ts" name="describe 97 &gt; example test 20" time="0.000013125">
        </testcase>
        <testcase classname="src/everything.spec.ts" name="describe 97 &gt; example test 21" time="0.000058917">
            <failure message="expected true to be false // Object.is equality" type="AssertionError">
AssertionError: expected true to be false // Object.is equality

- Expected
+ Received

- false
+ true

 ❯ src/everything.spec.ts:8:18
            </failure>
        </testcase>
        <testcase classname="src/everything.spec.ts" name="describe 97 &gt; example test 22" time="0.000013625">
        </testcase>
        <testcase classname="src/everything.spec.ts" name="describe 97 &gt; example test 23" time="0.000064209">
            <failure message="expected true to be false // Object.is equality" type="AssertionError">
AssertionError: expected true to be false // Object.is equality

- Expected
+ Received

- false
+ true

 ❯ src/everything.spec.ts:8:18
            </failure>
        </testcase>
        <testcase classname="src/everything.spec.ts" name="describe 97 &gt; example test 24" time="0.000014125">
        </testcase>
        <testcase classname="src/everything.spec.ts" name="describe 97 &gt; example test 25" time="0.000059791">
            <failure message="expected true to be false // Object.is equality" type="AssertionError">
AssertionError: expected true to be false // Object.is equality

- Expected
+ Received

- false
+ true

 ❯ src/everything.spec.ts:8:18
            </failure>
        </testcase>
        <testcase classname="src/everything.spec.ts" name="describe 97 &gt; example test 26" time="0.000013583">
        </testcase>
        <testcase classname="src/everything.spec.ts" name="describe 97 &gt; example test 27" time="0.00006">
            <failure message="expected true to be false // Object.is equality" type="AssertionError">
AssertionError: expected true to be false // Object.is equality

- Expected
+ Received

- false
+ true

 ❯ src/everything.spec.ts:8:18
            </failure>
        </testcase>
        <testcase classname="src/everything.spec.ts" name="describe 97 &gt; example test 28" time="0.000013334">
        </testcase>
        <testcase classname="src/everything.spec.ts" name="describe 97 &gt; example test 29" time="0.000059792">
            <failure message="expected true to be false // Object.is equality" type="AssertionError">
AssertionError: expected true to be false // Object.is equality

- Expected
+ Received

- false
+ true

 ❯ src/everything.spec.ts:8:18
            </failure>
        </testcase>
        <testcase classname="src/everything.spec.ts" name="describe 97 &gt; example test 30" time="0.000014875">
        </testcase>
        <testcase classname="src/everything.spec.ts" name="describe 97 &gt; example test 31" time="0.000092916">
            <failure message="expected true to be false // Object.is equality" type="AssertionError">
AssertionError: expected true to be false // Object.is equality

- Expected
+ Received

- false
+ true

 ❯ src/everything.spec.ts:8:18
            </failure>
        </testcase>
        <testcase classname="src/everything.spec.ts" name="describe 97 &gt; example test 32" time="0.000013958">
        </testcase>
        <testcase classname="src/everything.spec.ts" name="describe 97 &gt; example test 33" time="0.00005975">
            <failure message="expected true to be false // Object.is equality" type="AssertionError">
AssertionError: expected true to be false // Object.is equality

- Expected
+ Received

- false
+ true

 ❯ src/everything.spec.ts:8:18
            </failure>
        </testcase>
        <testcase classname="src/everything.spec.ts" name="describe 97 &gt; example test 34" time="0.000013666">
        </testcase>
        <testcase classname="src/everything.spec.ts" name="describe 97 &gt; example test 35" time="0.000060083">
            <failure message="expected true to be false // Object.is equality" type="AssertionError">
AssertionError: expected true to be false // Object.is equality

- Expected
+ Received

- false
+ true

 ❯ src/everything.spec.ts:8:18
            </failure>
        </testcase>
        <testcase classname="src/everything.spec.ts" name="describe 97 &gt; example test 36" time="0.000013875">
        </testcase>
        <testcase classname="src/everything.spec.ts" name="describe 97 &gt; example test 37" time="0.00006">
            <failure message="expected true to be false // Object.is equality" type="AssertionError">
AssertionError: expected true to be false // Object.is equality

- Expected
+ Received

- false
+ true

 ❯ src/everything.spec.ts:8:18
            </failure>
        </testcase>
        <testcase classname="src/everything.spec.ts" name="describe 97 &gt; example test 38" time="0.000013583">
        </testcase>
        <testcase classname="src/everything.spec.ts" name="describe 97 &gt; example test 39" time="0.000060375">
            <failure message="expected true to be false // Object.is equality" type="AssertionError">
AssertionError: expected true to be false // Object.is equality

- Expected
+ Received

- false
+ true

 ❯ src/everything.spec.ts:8:18
            </failure>
        </testcase>
        <testcase classname="src/everything.spec.ts" name="describe 97 &gt; example test 40" time="0.000013625">
        </testcase>
        <testcase classname="src/everything.spec.ts" name="describe 97 &gt; example test 41" time="0.000059916">
            <failure message="expected true to be false // Object.is equality" type="AssertionError">
AssertionError: expected true to be false // Object.is equality

- Expected
+ Received

- false
+ true

 ❯ src/everything.spec.ts:8:18
            </failure>
        </testcase>
        <testcase classname="src/everything.spec.ts" name="describe 97 &gt; example test 42" time="0.000013708">
        </testcase>
        <testcase classname="src/everything.spec.ts" name="describe 97 &gt; example test 43" time="0.000059959">
            <failure message="expected true to be false // Object.is equality" type="AssertionError">
AssertionError: expected true to be false // Object.is equality

- Expected
+ Received

- false
+ true

 ❯ src/everything.spec.ts:8:18
            </failure>
        </testcase>
        <testcase classname="src/everything.spec.ts" name="describe 97 &gt; example test 44" time="0.00001775">
        </testcase>
        <testcase classname="src/everything.spec.ts" name="describe 97 &gt; example test 45" time="0.0000595">
            <failure message="expected true to be false // Object.is equality" type="AssertionError">
AssertionError: expected true to be false // Object.is equality

- Expected
+ Received

- false
+ true

 ❯ src/everything.spec.ts:8:18
            </failure>
        </testcase>
        <testcase classname="src/everything.spec.ts" name="describe 97 &gt; example test 46" time="0.000013958">
        </testcase>
        <testcase classname="src/everything.spec.ts" name="describe 97 &gt; example test 47" time="0.000062792">
            <failure message="expected true to be false // Object.is equality" type="AssertionError">
AssertionError: expected true to be false // Object.is equality

- Expected
+ Received

- false
+ true

 ❯ src/everything.spec.ts:8:18
            </failure>
        </testcase>
        <testcase classname="src/everything.spec.ts" name="describe 97 &gt; example test 48" time="0.000013584">
        </testcase>
        <testcase classname="src/everything.spec.ts" name="describe 97 &gt; example test 49" time="0.000062792">
            <failure message="expected true to be false // Object.is equality" type="AssertionError">
AssertionError: expected true to be false // Object.is equality

- Expected
+ Received

- false
+ true

 ❯ src/everything.spec.ts:8:18
            </failure>
        </testcase>
        <testcase classname="src/everything.spec.ts" name="describe 97 &gt; example test 50" time="0.000013792">
        </testcase>
        <testcase classname="src/everything.spec.ts" name="describe 97 &gt; example test 51" time="0.000060667">
            <failure message="expected true to be false // Object.is equality" type="AssertionError">
AssertionError: expected true to be false // Object.is equality

- Expected
+ Received

- false
+ true

 ❯ src/everything.spec.ts:8:18
            </failure>
        </testcase>
        <testcase classname="src/everything.spec.ts" name="describe 97 &gt; example test 52" time="0.000013542">
        </testcase>
        <testcase classname="src/everything.spec.ts" name="describe 97 &gt; example test 53" time="0.000058917">
            <failure message="expected true to be false // Object.is equality" type="AssertionError">
AssertionError: expected true to be false // Object.is equality

- Expected
+ Received

- false
+ true

 ❯ src/everything.spec.ts:8:18
            </failure>
        </testcase>
        <testcase classname="src/everything.spec.ts" name="describe 97 &gt; example test 54" time="0.000014291">
        </testcase>
        <testcase classname="src/everything.spec.ts" name="describe 97 &gt; example test 55" time="0.0000605">
            <failure message="expected true to be false // Object.is equality" type="AssertionError">
AssertionError: expected true to be false // Object.is equality

- Expected
+ Received

- false
+ true

 ❯ src/everything.spec.ts:8:18
            </failure>
        </testcase>
        <testcase classname="src/everything.spec.ts" name="describe 97 &gt; example test 56" time="0.000013792">
        </testcase>
        <testcase classname="src/everything.spec.ts" name="describe 97 &gt; example test 57" time="0.000059583">
            <failure message="expected true to be false // Object.is equality" type="AssertionError">
AssertionError: expected true to be false // Object.is equality

- Expected
+ Received

- false
+ true

 ❯ src/everything.spec.ts:8:18
            </failure>
        </testcase>
        <testcase classname="src/everything.spec.ts" name="describe 97 &gt; example test 58" time="0.000013708">
        </testcase>
        <testcase classname="src/everything.spec.ts" name="describe 97 &gt; example test 59" time="0.000060084">
            <failure message="expected true to be false // Object.is equality" type="AssertionError">
AssertionError: expected true to be false // Object.is equality

- Expected
+ Received

- false
+ true

 ❯ src/everything.spec.ts:8:18
            </failure>
        </testcase>
        <testcase classname="src/everything.spec.ts" name="describe 97 &gt; example test 60" time="0.000013584">
        </testcase>
        <testcase classname="src/everything.spec.ts" name="describe 97 &gt; example test 61" time="0.000059667">
            <failure message="expected true to be false // Object.is equality" type="AssertionError">
AssertionError: expected true to be false // Object.is equality

- Expected
+ Received

- false
+ true

 ❯ src/everything.spec.ts:8:18
            </failure>
        </testcase>
        <testcase classname="src/everything.spec.ts" name="describe 97 &gt; example test 62" time="0.000014084">
        </testcase>
        <testcase classname="src/everything.spec.ts" name="describe 97 &gt; example test 63" time="0.000060334">
            <failure message="expected true to be false // Object.is equality" type="AssertionError">
AssertionError: expected true to be false // Object.is equality

- Expected
+ Received

- false
+ true

 ❯ src/everything.spec.ts:8:18
            </failure>
        </testcase>
        <testcase classname="src/everything.spec.ts" name="describe 97 &gt; example test 64" time="0.000014042">
        </testcase>
        <testcase classname="src/everything.spec.ts" name="describe 97 &gt; example test 65" time="0.000064291">
            <failure message="expected true to be false // Object.is equality" type="AssertionError">
AssertionError: expected true to be false // Object.is equality

- Expected
+ Received

- false
+ true

 ❯ src/everything.spec.ts:8:18
            </failure>
        </testcase>
        <testcase classname="src/everything.spec.ts" name="describe 97 &gt; example test 66" time="0.00001375">
        </testcase>
        <testcase classname="src/everything.spec.ts" name="describe 97 &gt; example test 67" time="0.000060666">
            <failure message="expected true to be false // Object.is equality" type="AssertionError">
AssertionError: expected true to be false // Object.is equality

- Expected
+ Received

- false
+ true

 ❯ src/everything.spec.ts:8:18
            </failure>
        </testcase>
        <testcase classname="src/everything.spec.ts" name="describe 97 &gt; example test 68" time="0.000014375">
        </testcase>
        <testcase classname="src/everything.spec.ts" name="describe 97 &gt; example test 69" time="0.00005975">
            <failure message="expected true to be false // Object.is equality" type="AssertionError">
AssertionError: expected true to be false // Object.is equality

- Expected
+ Received

- false
+ true

 ❯ src/everything.spec.ts:8:18
            </failure>
        </testcase>
        <testcase classname="src/everything.spec.ts" name="describe 97 &gt; example test 70" time="0.000013792">
        </testcase>
        <testcase classname="src/everything.spec.ts" name="describe 97 &gt; example test 71" time="0.000060292">
            <failure message="expected true to be false // Object.is equality" type="AssertionError">
AssertionError: expected true to be false // Object.is equality

- Expected
+ Received

- false
+ true

 ❯ src/everything.spec.ts:8:18
            </failure>
        </testcase>
        <testcase classname="src/everything.spec.ts" name="describe 97 &gt; example test 72" time="0.000013417">
        </testcase>
        <testcase classname="src/everything.spec.ts" name="describe 97 &gt; example test 73" time="0.000062291">
            <failure message="expected true to be false // Object.is equality" type="AssertionError">
AssertionError: expected true to be false // Object.is equality

- Expected
+ Received

- false
+ true

 ❯ src/everything.spec.ts:8:18
            </failure>
        </testcase>
        <testcase classname="src/everything.spec.ts" name="describe 97 &gt; example test 74" time="0.000013208">
        </testcase>
        <testcase classname="src/everything.spec.ts" name="describe 97 &gt; example test 75" time="0.000060375">
            <failure message="expected true to be false // Object.is equality" type="AssertionError">
AssertionError: expected true to be false // Object.is equality

- Expected
+ Received

- false
+ true

 ❯ src/everything.spec.ts:8:18
            </failure>
        </testcase>
        <testcase classname="src/everything.spec.ts" name="describe 97 &gt; example test 76" time="0.000013417">
        </testcase>
        <testcase classname="src/everything.spec.ts" name="describe 97 &gt; example test 77" time="0.000059292">
            <failure message="expected true to be false // Object.is equality" type="AssertionError">
AssertionError: expected true to be false // Object.is equality

- Expected
+ Received

- false
+ true

 ❯ src/everything.spec.ts:8:18
            </failure>
        </testcase>
        <testcase classname="src/everything.spec.ts" name="describe 97 &gt; example test 78" time="0.0000135">
        </testcase>
        <testcase classname="src/everything.spec.ts" name="describe 97 &gt; example test 79" time="0.000060459">
            <failure message="expected true to be false // Object.is equality" type="AssertionError">
AssertionError: expected true to be false // Object.is equality

- Expected
+ Received

- false
+ true

 ❯ src/everything.spec.ts:8:18
            </failure>
        </testcase>
        <testcase classname="src/everything.spec.ts" name="describe 97 &gt; example test 80" time="0.000013625">
        </testcase>
        <testcase classname="src/everything.spec.ts" name="describe 97 &gt; example test 81" time="0.000059792">
            <failure message="expected true to be false // Object.is equality" type="AssertionError">
AssertionError: expected true to be false // Object.is equality

- Expected
+ Received

- false
+ true

 ❯ src/everything.spec.ts:8:18
            </failure>
        </testcase>
        <testcase classname="src/everything.spec.ts" name="describe 97 &gt; example test 82" time="0.000013292">
        </testcase>
        <testcase classname="src/everything.spec.ts" name="describe 97 &gt; example test 83" time="0.000060292">
            <failure message="expected true to be false // Object.is equality" type="AssertionError">
AssertionError: expected true to be false // Object.is equality

- Expected
+ Received

- false
+ true

 ❯ src/everything.spec.ts:8:18
            </failure>
        </testcase>
        <testcase classname="src/everything.spec.ts" name="describe 97 &gt; example test 84" time="0.000013625">
        </testcase>
        <testcase classname="src/everything.spec.ts" name="describe 97 &gt; example test 85" time="0.000063292">
            <failure message="expected true to be false // Object.is equality" type="AssertionError">
AssertionError: expected true to be false // Object.is equality

- Expected
+ Received

- false
+ true

 ❯ src/everything.spec.ts:8:18
            </failure>
        </testcase>
        <testcase classname="src/everything.spec.ts" name="describe 97 &gt; example test 86" time="0.000013958">
        </testcase>
        <testcase classname="src/everything.spec.ts" name="describe 97 &gt; example test 87" time="0.000060166">
            <failure message="expected true to be false // Object.is equality" type="AssertionError">
AssertionError: expected true to be false // Object.is equality

- Expected
+ Received

- false
+ true

 ❯ src/everything.spec.ts:8:18
            </failure>
        </testcase>
        <testcase classname="src/everything.spec.ts" name="describe 97 &gt; example test 88" time="0.000013375">
        </testcase>
        <testcase classname="src/everything.spec.ts" name="describe 97 &gt; example test 89" time="0.000059791">
            <failure message="expected true to be false // Object.is equality" type="AssertionError">
AssertionError: expected true to be false // Object.is equality

- Expected
+ Received

- false
+ true

 ❯ src/everything.spec.ts:8:18
            </failure>
        </testcase>
        <testcase classname="src/everything.spec.ts" name="describe 97 &gt; example test 90" time="0.000013542">
        </testcase>
        <testcase classname="src/everything.spec.ts" name="describe 97 &gt; example test 91" time="0.000060625">
            <failure message="expected true to be false // Object.is equality" type="AssertionError">
AssertionError: expected true to be false // Object.is equality

- Expected
+ Received

- false
+ true

 ❯ src/everything.spec.ts:8:18
            </failure>
        </testcase>
        <testcase classname="src/everything.spec.ts" name="describe 97 &gt; example test 92" time="0.0000135">
        </testcase>
        <testcase classname="src/everything.spec.ts" name="describe 97 &gt; example test 93" time="0.000068917">
            <failure message="expected true to be false // Object.is equality" type="AssertionError">
AssertionError: expected true to be false // Object.is equality

- Expected
+ Received

- false
+ true

 ❯ src/everything.spec.ts:8:18
            </failure>
        </testcase>
        <testcase classname="src/everything.spec.ts" name="describe 97 &gt; example test 94" time="0.000013875">
        </testcase>
        <testcase classname="src/everything.spec.ts" name="describe 97 &gt; example test 95" time="0.000516583">
            <failure message="expected true to be false // Object.is equality" type="AssertionError">
AssertionError: expected true to be false // Object.is equality

- Expected
+ Received

- false
+ true

 ❯ src/everything.spec.ts:8:18
            </failure>
        </testcase>
        <testcase classname="src/everything.spec.ts" name="describe 97 &gt; example test 96" time="0.000018458">
        </testcase>
        <testcase classname="src/everything.spec.ts" name="describe 97 &gt; example test 97" time="0.000066459">
            <failure message="expected true to be false // Object.is equality" type="AssertionError">
AssertionError: expected true to be false // Object.is equality

- Expected
+ Received

- false
+ true

 ❯ src/everything.spec.ts:8:18
            </failure>
        </testcase>
        <testcase classname="src/everything.spec.ts" name="describe 97 &gt; example test 98" time="0.000014083">
        </testcase>
        <testcase classname="src/everything.spec.ts" name="describe 97 &gt; example test 99" time="0.000065125">
            <failure message="expected true to be false // Object.is equality" type="AssertionError">
AssertionError: expected true to be false // Object.is equality

- Expected
+ Received

- false
+ true

 ❯ src/everything.spec.ts:8:18
            </failure>
        </testcase>
        <testcase classname="src/everything.spec.ts" name="describe 97 &gt; example test 100" time="0.000014458">
        </testcase>
        <testcase classname="src/everything.spec.ts" name="describe 98 &gt; example test 1" time="0.000062833">
            <failure message="expected true to be false // Object.is equality" type="AssertionError">
AssertionError: expected true to be false // Object.is equality

- Expected
+ Received

- false
+ true

 ❯ src/everything.spec.ts:8:18
            </failure>
        </testcase>
        <testcase classname="src/everything.spec.ts" name="describe 98 &gt; example test 2" time="0.000014375">
        </testcase>
        <testcase classname="src/everything.spec.ts" name="describe 98 &gt; example test 3" time="0.000062042">
            <failure message="expected true to be false // Object.is equality" type="AssertionError">
AssertionError: expected true to be false // Object.is equality

- Expected
+ Received

- false
+ true

 ❯ src/everything.spec.ts:8:18
            </failure>
        </testcase>
        <testcase classname="src/everything.spec.ts" name="describe 98 &gt; example test 4" time="0.000014167">
        </testcase>
        <testcase classname="src/everything.spec.ts" name="describe 98 &gt; example test 5" time="0.000063">
            <failure message="expected true to be false // Object.is equality" type="AssertionError">
AssertionError: expected true to be false // Object.is equality

- Expected
+ Received

- false
+ true

 ❯ src/everything.spec.ts:8:18
            </failure>
        </testcase>
        <testcase classname="src/everything.spec.ts" name="describe 98 &gt; example test 6" time="0.000013625">
        </testcase>
        <testcase classname="src/everything.spec.ts" name="describe 98 &gt; example test 7" time="0.000063417">
            <failure message="expected true to be false // Object.is equality" type="AssertionError">
AssertionError: expected true to be false // Object.is equality

- Expected
+ Received

- false
+ true

 ❯ src/everything.spec.ts:8:18
            </failure>
        </testcase>
        <testcase classname="src/everything.spec.ts" name="describe 98 &gt; example test 8" time="0.000014084">
        </testcase>
        <testcase classname="src/everything.spec.ts" name="describe 98 &gt; example test 9" time="0.00005975">
            <failure message="expected true to be false // Object.is equality" type="AssertionError">
AssertionError: expected true to be false // Object.is equality

- Expected
+ Received

- false
+ true

 ❯ src/everything.spec.ts:8:18
            </failure>
        </testcase>
        <testcase classname="src/everything.spec.ts" name="describe 98 &gt; example test 10" time="0.000014208">
        </testcase>
        <testcase classname="src/everything.spec.ts" name="describe 98 &gt; example test 11" time="0.000067667">
            <failure message="expected true to be false // Object.is equality" type="AssertionError">
AssertionError: expected true to be false // Object.is equality

- Expected
+ Received

- false
+ true

 ❯ src/everything.spec.ts:8:18
            </failure>
        </testcase>
        <testcase classname="src/everything.spec.ts" name="describe 98 &gt; example test 12" time="0.000017">
        </testcase>
        <testcase classname="src/everything.spec.ts" name="describe 98 &gt; example test 13" time="0.000062666">
            <failure message="expected true to be false // Object.is equality" type="AssertionError">
AssertionError: expected true to be false // Object.is equality

- Expected
+ Received

- false
+ true

 ❯ src/everything.spec.ts:8:18
            </failure>
        </testcase>
        <testcase classname="src/everything.spec.ts" name="describe 98 &gt; example test 14" time="0.000017083">
        </testcase>
        <testcase classname="src/everything.spec.ts" name="describe 98 &gt; example test 15" time="0.000060458">
            <failure message="expected true to be false // Object.is equality" type="AssertionError">
AssertionError: expected true to be false // Object.is equality

- Expected
+ Received

- false
+ true

 ❯ src/everything.spec.ts:8:18
            </failure>
        </testcase>
        <testcase classname="src/everything.spec.ts" name="describe 98 &gt; example test 16" time="0.000013834">
        </testcase>
        <testcase classname="src/everything.spec.ts" name="describe 98 &gt; example test 17" time="0.000059542">
            <failure message="expected true to be false // Object.is equality" type="AssertionError">
AssertionError: expected true to be false // Object.is equality

- Expected
+ Received

- false
+ true

 ❯ src/everything.spec.ts:8:18
            </failure>
        </testcase>
        <testcase classname="src/everything.spec.ts" name="describe 98 &gt; example test 18" time="0.000014208">
        </testcase>
        <testcase classname="src/everything.spec.ts" name="describe 98 &gt; example test 19" time="0.000064125">
            <failure message="expected true to be false // Object.is equality" type="AssertionError">
AssertionError: expected true to be false // Object.is equality

- Expected
+ Received

- false
+ true

 ❯ src/everything.spec.ts:8:18
            </failure>
        </testcase>
        <testcase classname="src/everything.spec.ts" name="describe 98 &gt; example test 20" time="0.000013416">
        </testcase>
        <testcase classname="src/everything.spec.ts" name="describe 98 &gt; example test 21" time="0.000061">
            <failure message="expected true to be false // Object.is equality" type="AssertionError">
AssertionError: expected true to be false // Object.is equality

- Expected
+ Received

- false
+ true

 ❯ src/everything.spec.ts:8:18
            </failure>
        </testcase>
        <testcase classname="src/everything.spec.ts" name="describe 98 &gt; example test 22" time="0.000017083">
        </testcase>
        <testcase classname="src/everything.spec.ts" name="describe 98 &gt; example test 23" time="0.000060875">
            <failure message="expected true to be false // Object.is equality" type="AssertionError">
AssertionError: expected true to be false // Object.is equality

- Expected
+ Received

- false
+ true

 ❯ src/everything.spec.ts:8:18
            </failure>
        </testcase>
        <testcase classname="src/everything.spec.ts" name="describe 98 &gt; example test 24" time="0.00001375">
        </testcase>
        <testcase classname="src/everything.spec.ts" name="describe 98 &gt; example test 25" time="0.000059708">
            <failure message="expected true to be false // Object.is equality" type="AssertionError">
AssertionError: expected true to be false // Object.is equality

- Expected
+ Received

- false
+ true

 ❯ src/everything.spec.ts:8:18
            </failure>
        </testcase>
        <testcase classname="src/everything.spec.ts" name="describe 98 &gt; example test 26" time="0.000013708">
        </testcase>
        <testcase classname="src/everything.spec.ts" name="describe 98 &gt; example test 27" time="0.000059459">
            <failure message="expected true to be false // Object.is equality" type="AssertionError">
AssertionError: expected true to be false // Object.is equality

- Expected
+ Received

- false
+ true

 ❯ src/everything.spec.ts:8:18
            </failure>
        </testcase>
        <testcase classname="src/everything.spec.ts" name="describe 98 &gt; example test 28" time="0.000013917">
        </testcase>
        <testcase classname="src/everything.spec.ts" name="describe 98 &gt; example test 29" time="0.000058875">
            <failure message="expected true to be false // Object.is equality" type="AssertionError">
AssertionError: expected true to be false // Object.is equality

- Expected
+ Received

- false
+ true

 ❯ src/everything.spec.ts:8:18
            </failure>
        </testcase>
        <testcase classname="src/everything.spec.ts" name="describe 98 &gt; example test 30" time="0.000013791">
        </testcase>
        <testcase classname="src/everything.spec.ts" name="describe 98 &gt; example test 31" time="0.000064916">
            <failure message="expected true to be false // Object.is equality" type="AssertionError">
AssertionError: expected true to be false // Object.is equality

- Expected
+ Received

- false
+ true

 ❯ src/everything.spec.ts:8:18
            </failure>
        </testcase>
        <testcase classname="src/everything.spec.ts" name="describe 98 &gt; example test 32" time="0.000013916">
        </testcase>
        <testcase classname="src/everything.spec.ts" name="describe 98 &gt; example test 33" time="0.000061833">
            <failure message="expected true to be false // Object.is equality" type="AssertionError">
AssertionError: expected true to be false // Object.is equality

- Expected
+ Received

- false
+ true

 ❯ src/everything.spec.ts:8:18
            </failure>
        </testcase>
        <testcase classname="src/everything.spec.ts" name="describe 98 &gt; example test 34" time="0.000013458">
        </testcase>
        <testcase classname="src/everything.spec.ts" name="describe 98 &gt; example test 35" time="0.000059291">
            <failure message="expected true to be false // Object.is equality" type="AssertionError">
AssertionError: expected true to be false // Object.is equality

- Expected
+ Received

- false
+ true

 ❯ src/everything.spec.ts:8:18
            </failure>
        </testcase>
        <testcase classname="src/everything.spec.ts" name="describe 98 &gt; example test 36" time="0.000013833">
        </testcase>
        <testcase classname="src/everything.spec.ts" name="describe 98 &gt; example test 37" time="0.0000595">
            <failure message="expected true to be false // Object.is equality" type="AssertionError">
AssertionError: expected true to be false // Object.is equality

- Expected
+ Received

- false
+ true

 ❯ src/everything.spec.ts:8:18
            </failure>
        </testcase>
        <testcase classname="src/everything.spec.ts" name="describe 98 &gt; example test 38" time="0.000014041">
        </testcase>
        <testcase classname="src/everything.spec.ts" name="describe 98 &gt; example test 39" time="0.000062416">
            <failure message="expected true to be false // Object.is equality" type="AssertionError">
AssertionError: expected true to be false // Object.is equality

- Expected
+ Received

- false
+ true

 ❯ src/everything.spec.ts:8:18
            </failure>
        </testcase>
        <testcase classname="src/everything.spec.ts" name="describe 98 &gt; example test 40" time="0.00001325">
        </testcase>
        <testcase classname="src/everything.spec.ts" name="describe 98 &gt; example test 41" time="0.000059417">
            <failure message="expected true to be false // Object.is equality" type="AssertionError">
AssertionError: expected true to be false // Object.is equality

- Expected
+ Received

- false
+ true

 ❯ src/everything.spec.ts:8:18
            </failure>
        </testcase>
        <testcase classname="src/everything.spec.ts" name="describe 98 &gt; example test 42" time="0.000013792">
        </testcase>
        <testcase classname="src/everything.spec.ts" name="describe 98 &gt; example test 43" time="0.000061">
            <failure message="expected true to be false // Object.is equality" type="AssertionError">
AssertionError: expected true to be false // Object.is equality

- Expected
+ Received

- false
+ true

 ❯ src/everything.spec.ts:8:18
            </failure>
        </testcase>
        <testcase classname="src/everything.spec.ts" name="describe 98 &gt; example test 44" time="0.000013542">
        </testcase>
        <testcase classname="src/everything.spec.ts" name="describe 98 &gt; example test 45" time="0.000059875">
            <failure message="expected true to be false // Object.is equality" type="AssertionError">
AssertionError: expected true to be false // Object.is equality

- Expected
+ Received

- false
+ true

 ❯ src/everything.spec.ts:8:18
            </failure>
        </testcase>
        <testcase classname="src/everything.spec.ts" name="describe 98 &gt; example test 46" time="0.000013334">
        </testcase>
        <testcase classname="src/everything.spec.ts" name="describe 98 &gt; example test 47" time="0.000060208">
            <failure message="expected true to be false // Object.is equality" type="AssertionError">
AssertionError: expected true to be false // Object.is equality

- Expected
+ Received

- false
+ true

 ❯ src/everything.spec.ts:8:18
            </failure>
        </testcase>
        <testcase classname="src/everything.spec.ts" name="describe 98 &gt; example test 48" time="0.000013083">
        </testcase>
        <testcase classname="src/everything.spec.ts" name="describe 98 &gt; example test 49" time="0.000059292">
            <failure message="expected true to be false // Object.is equality" type="AssertionError">
AssertionError: expected true to be false // Object.is equality

- Expected
+ Received

- false
+ true

 ❯ src/everything.spec.ts:8:18
            </failure>
        </testcase>
        <testcase classname="src/everything.spec.ts" name="describe 98 &gt; example test 50" time="0.000014291">
        </testcase>
        <testcase classname="src/everything.spec.ts" name="describe 98 &gt; example test 51" time="0.000060041">
            <failure message="expected true to be false // Object.is equality" type="AssertionError">
AssertionError: expected true to be false // Object.is equality

- Expected
+ Received

- false
+ true

 ❯ src/everything.spec.ts:8:18
            </failure>
        </testcase>
        <testcase classname="src/everything.spec.ts" name="describe 98 &gt; example test 52" time="0.00001575">
        </testcase>
        <testcase classname="src/everything.spec.ts" name="describe 98 &gt; example test 53" time="0.000062541">
            <failure message="expected true to be false // Object.is equality" type="AssertionError">
AssertionError: expected true to be false // Object.is equality

- Expected
+ Received

- false
+ true

 ❯ src/everything.spec.ts:8:18
            </failure>
        </testcase>
        <testcase classname="src/everything.spec.ts" name="describe 98 &gt; example test 54" time="0.000013375">
        </testcase>
        <testcase classname="src/everything.spec.ts" name="describe 98 &gt; example test 55" time="0.000060334">
            <failure message="expected true to be false // Object.is equality" type="AssertionError">
AssertionError: expected true to be false // Object.is equality

- Expected
+ Received

- false
+ true

 ❯ src/everything.spec.ts:8:18
            </failure>
        </testcase>
        <testcase classname="src/everything.spec.ts" name="describe 98 &gt; example test 56" time="0.0000165">
        </testcase>
        <testcase classname="src/everything.spec.ts" name="describe 98 &gt; example test 57" time="0.000062875">
            <failure message="expected true to be false // Object.is equality" type="AssertionError">
AssertionError: expected true to be false // Object.is equality

- Expected
+ Received

- false
+ true

 ❯ src/everything.spec.ts:8:18
            </failure>
        </testcase>
        <testcase classname="src/everything.spec.ts" name="describe 98 &gt; example test 58" time="0.000014125">
        </testcase>
        <testcase classname="src/everything.spec.ts" name="describe 98 &gt; example test 59" time="0.000060208">
            <failure message="expected true to be false // Object.is equality" type="AssertionError">
AssertionError: expected true to be false // Object.is equality

- Expected
+ Received

- false
+ true

 ❯ src/everything.spec.ts:8:18
            </failure>
        </testcase>
        <testcase classname="src/everything.spec.ts" name="describe 98 &gt; example test 60" time="0.000013417">
        </testcase>
        <testcase classname="src/everything.spec.ts" name="describe 98 &gt; example test 61" time="0.000059833">
            <failure message="expected true to be false // Object.is equality" type="AssertionError">
AssertionError: expected true to be false // Object.is equality

- Expected
+ Received

- false
+ true

 ❯ src/everything.spec.ts:8:18
            </failure>
        </testcase>
        <testcase classname="src/everything.spec.ts" name="describe 98 &gt; example test 62" time="0.000013583">
        </testcase>
        <testcase classname="src/everything.spec.ts" name="describe 98 &gt; example test 63" time="0.000060292">
            <failure message="expected true to be false // Object.is equality" type="AssertionError">
AssertionError: expected true to be false // Object.is equality

- Expected
+ Received

- false
+ true

 ❯ src/everything.spec.ts:8:18
            </failure>
        </testcase>
        <testcase classname="src/everything.spec.ts" name="describe 98 &gt; example test 64" time="0.000013834">
        </testcase>
        <testcase classname="src/everything.spec.ts" name="describe 98 &gt; example test 65" time="0.000060125">
            <failure message="expected true to be false // Object.is equality" type="AssertionError">
AssertionError: expected true to be false // Object.is equality

- Expected
+ Received

- false
+ true

 ❯ src/everything.spec.ts:8:18
            </failure>
        </testcase>
        <testcase classname="src/everything.spec.ts" name="describe 98 &gt; example test 66" time="0.000016209">
        </testcase>
        <testcase classname="src/everything.spec.ts" name="describe 98 &gt; example test 67" time="0.0000635">
            <failure message="expected true to be false // Object.is equality" type="AssertionError">
AssertionError: expected true to be false // Object.is equality

- Expected
+ Received

- false
+ true

 ❯ src/everything.spec.ts:8:18
            </failure>
        </testcase>
        <testcase classname="src/everything.spec.ts" name="describe 98 &gt; example test 68" time="0.000013666">
        </testcase>
        <testcase classname="src/everything.spec.ts" name="describe 98 &gt; example test 69" time="0.000059708">
            <failure message="expected true to be false // Object.is equality" type="AssertionError">
AssertionError: expected true to be false // Object.is equality

- Expected
+ Received

- false
+ true

 ❯ src/everything.spec.ts:8:18
            </failure>
        </testcase>
        <testcase classname="src/everything.spec.ts" name="describe 98 &gt; example test 70" time="0.000013875">
        </testcase>
        <testcase classname="src/everything.spec.ts" name="describe 98 &gt; example test 71" time="0.000060291">
            <failure message="expected true to be false // Object.is equality" type="AssertionError">
AssertionError: expected true to be false // Object.is equality

- Expected
+ Received

- false
+ true

 ❯ src/everything.spec.ts:8:18
            </failure>
        </testcase>
        <testcase classname="src/everything.spec.ts" name="describe 98 &gt; example test 72" time="0.000013833">
        </testcase>
        <testcase classname="src/everything.spec.ts" name="describe 98 &gt; example test 73" time="0.000065">
            <failure message="expected true to be false // Object.is equality" type="AssertionError">
AssertionError: expected true to be false // Object.is equality

- Expected
+ Received

- false
+ true

 ❯ src/everything.spec.ts:8:18
            </failure>
        </testcase>
        <testcase classname="src/everything.spec.ts" name="describe 98 &gt; example test 74" time="0.000013625">
        </testcase>
        <testcase classname="src/everything.spec.ts" name="describe 98 &gt; example test 75" time="0.000059875">
            <failure message="expected true to be false // Object.is equality" type="AssertionError">
AssertionError: expected true to be false // Object.is equality

- Expected
+ Received

- false
+ true

 ❯ src/everything.spec.ts:8:18
            </failure>
        </testcase>
        <testcase classname="src/everything.spec.ts" name="describe 98 &gt; example test 76" time="0.000013708">
        </testcase>
        <testcase classname="src/everything.spec.ts" name="describe 98 &gt; example test 77" time="0.000062542">
            <failure message="expected true to be false // Object.is equality" type="AssertionError">
AssertionError: expected true to be false // Object.is equality

- Expected
+ Received

- false
+ true

 ❯ src/everything.spec.ts:8:18
            </failure>
        </testcase>
        <testcase classname="src/everything.spec.ts" name="describe 98 &gt; example test 78" time="0.000013667">
        </testcase>
        <testcase classname="src/everything.spec.ts" name="describe 98 &gt; example test 79" time="0.000060125">
            <failure message="expected true to be false // Object.is equality" type="AssertionError">
AssertionError: expected true to be false // Object.is equality

- Expected
+ Received

- false
+ true

 ❯ src/everything.spec.ts:8:18
            </failure>
        </testcase>
        <testcase classname="src/everything.spec.ts" name="describe 98 &gt; example test 80" time="0.000013292">
        </testcase>
        <testcase classname="src/everything.spec.ts" name="describe 98 &gt; example test 81" time="0.000058917">
            <failure message="expected true to be false // Object.is equality" type="AssertionError">
AssertionError: expected true to be false // Object.is equality

- Expected
+ Received

- false
+ true

 ❯ src/everything.spec.ts:8:18
            </failure>
        </testcase>
        <testcase classname="src/everything.spec.ts" name="describe 98 &gt; example test 82" time="0.000013667">
        </testcase>
        <testcase classname="src/everything.spec.ts" name="describe 98 &gt; example test 83" time="0.000062167">
            <failure message="expected true to be false // Object.is equality" type="AssertionError">
AssertionError: expected true to be false // Object.is equality

- Expected
+ Received

- false
+ true

 ❯ src/everything.spec.ts:8:18
            </failure>
        </testcase>
        <testcase classname="src/everything.spec.ts" name="describe 98 &gt; example test 84" time="0.000013417">
        </testcase>
        <testcase classname="src/everything.spec.ts" name="describe 98 &gt; example test 85" time="0.000058958">
            <failure message="expected true to be false // Object.is equality" type="AssertionError">
AssertionError: expected true to be false // Object.is equality

- Expected
+ Received

- false
+ true

 ❯ src/everything.spec.ts:8:18
            </failure>
        </testcase>
        <testcase classname="src/everything.spec.ts" name="describe 98 &gt; example test 86" time="0.000016333">
        </testcase>
        <testcase classname="src/everything.spec.ts" name="describe 98 &gt; example test 87" time="0.000068583">
            <failure message="expected true to be false // Object.is equality" type="AssertionError">
AssertionError: expected true to be false // Object.is equality

- Expected
+ Received

- false
+ true

 ❯ src/everything.spec.ts:8:18
            </failure>
        </testcase>
        <testcase classname="src/everything.spec.ts" name="describe 98 &gt; example test 88" time="0.000017625">
        </testcase>
        <testcase classname="src/everything.spec.ts" name="describe 98 &gt; example test 89" time="0.00006375">
            <failure message="expected true to be false // Object.is equality" type="AssertionError">
AssertionError: expected true to be false // Object.is equality

- Expected
+ Received

- false
+ true

 ❯ src/everything.spec.ts:8:18
            </failure>
        </testcase>
        <testcase classname="src/everything.spec.ts" name="describe 98 &gt; example test 90" time="0.000015291">
        </testcase>
        <testcase classname="src/everything.spec.ts" name="describe 98 &gt; example test 91" time="0.000064125">
            <failure message="expected true to be false // Object.is equality" type="AssertionError">
AssertionError: expected true to be false // Object.is equality

- Expected
+ Received

- false
+ true

 ❯ src/everything.spec.ts:8:18
            </failure>
        </testcase>
        <testcase classname="src/everything.spec.ts" name="describe 98 &gt; example test 92" time="0.000013875">
        </testcase>
        <testcase classname="src/everything.spec.ts" name="describe 98 &gt; example test 93" time="0.000064959">
            <failure message="expected true to be false // Object.is equality" type="AssertionError">
AssertionError: expected true to be false // Object.is equality

- Expected
+ Received

- false
+ true

 ❯ src/everything.spec.ts:8:18
            </failure>
        </testcase>
        <testcase classname="src/everything.spec.ts" name="describe 98 &gt; example test 94" time="0.000014583">
        </testcase>
        <testcase classname="src/everything.spec.ts" name="describe 98 &gt; example test 95" time="0.000064959">
            <failure message="expected true to be false // Object.is equality" type="AssertionError">
AssertionError: expected true to be false // Object.is equality

- Expected
+ Received

- false
+ true

 ❯ src/everything.spec.ts:8:18
            </failure>
        </testcase>
        <testcase classname="src/everything.spec.ts" name="describe 98 &gt; example test 96" time="0.000014375">
        </testcase>
        <testcase classname="src/everything.spec.ts" name="describe 98 &gt; example test 97" time="0.000064458">
            <failure message="expected true to be false // Object.is equality" type="AssertionError">
AssertionError: expected true to be false // Object.is equality

- Expected
+ Received

- false
+ true

 ❯ src/everything.spec.ts:8:18
            </failure>
        </testcase>
        <testcase classname="src/everything.spec.ts" name="describe 98 &gt; example test 98" time="0.000014875">
        </testcase>
        <testcase classname="src/everything.spec.ts" name="describe 98 &gt; example test 99" time="0.000064334">
            <failure message="expected true to be false // Object.is equality" type="AssertionError">
AssertionError: expected true to be false // Object.is equality

- Expected
+ Received

- false
+ true

 ❯ src/everything.spec.ts:8:18
            </failure>
        </testcase>
        <testcase classname="src/everything.spec.ts" name="describe 98 &gt; example test 100" time="0.000014959">
        </testcase>
        <testcase classname="src/everything.spec.ts" name="describe 99 &gt; example test 1" time="0.000064459">
            <failure message="expected true to be false // Object.is equality" type="AssertionError">
AssertionError: expected true to be false // Object.is equality

- Expected
+ Received

- false
+ true

 ❯ src/everything.spec.ts:8:18
            </failure>
        </testcase>
        <testcase classname="src/everything.spec.ts" name="describe 99 &gt; example test 2" time="0.000015375">
        </testcase>
        <testcase classname="src/everything.spec.ts" name="describe 99 &gt; example test 3" time="0.000064541">
            <failure message="expected true to be false // Object.is equality" type="AssertionError">
AssertionError: expected true to be false // Object.is equality

- Expected
+ Received

- false
+ true

 ❯ src/everything.spec.ts:8:18
            </failure>
        </testcase>
        <testcase classname="src/everything.spec.ts" name="describe 99 &gt; example test 4" time="0.000015125">
        </testcase>
        <testcase classname="src/everything.spec.ts" name="describe 99 &gt; example test 5" time="0.0000645">
            <failure message="expected true to be false // Object.is equality" type="AssertionError">
AssertionError: expected true to be false // Object.is equality

- Expected
+ Received

- false
+ true

 ❯ src/everything.spec.ts:8:18
            </failure>
        </testcase>
        <testcase classname="src/everything.spec.ts" name="describe 99 &gt; example test 6" time="0.000015334">
        </testcase>
        <testcase classname="src/everything.spec.ts" name="describe 99 &gt; example test 7" time="0.000064583">
            <failure message="expected true to be false // Object.is equality" type="AssertionError">
AssertionError: expected true to be false // Object.is equality

- Expected
+ Received

- false
+ true

 ❯ src/everything.spec.ts:8:18
            </failure>
        </testcase>
        <testcase classname="src/everything.spec.ts" name="describe 99 &gt; example test 8" time="0.000014375">
        </testcase>
        <testcase classname="src/everything.spec.ts" name="describe 99 &gt; example test 9" time="0.000064458">
            <failure message="expected true to be false // Object.is equality" type="AssertionError">
AssertionError: expected true to be false // Object.is equality

- Expected
+ Received

- false
+ true

 ❯ src/everything.spec.ts:8:18
            </failure>
        </testcase>
        <testcase classname="src/everything.spec.ts" name="describe 99 &gt; example test 10" time="0.000014583">
        </testcase>
        <testcase classname="src/everything.spec.ts" name="describe 99 &gt; example test 11" time="0.00006425">
            <failure message="expected true to be false // Object.is equality" type="AssertionError">
AssertionError: expected true to be false // Object.is equality

- Expected
+ Received

- false
+ true

 ❯ src/everything.spec.ts:8:18
            </failure>
        </testcase>
        <testcase classname="src/everything.spec.ts" name="describe 99 &gt; example test 12" time="0.000014583">
        </testcase>
        <testcase classname="src/everything.spec.ts" name="describe 99 &gt; example test 13" time="0.000068625">
            <failure message="expected true to be false // Object.is equality" type="AssertionError">
AssertionError: expected true to be false // Object.is equality

- Expected
+ Received

- false
+ true

 ❯ src/everything.spec.ts:8:18
            </failure>
        </testcase>
        <testcase classname="src/everything.spec.ts" name="describe 99 &gt; example test 14" time="0.000015167">
        </testcase>
        <testcase classname="src/everything.spec.ts" name="describe 99 &gt; example test 15" time="0.000063125">
            <failure message="expected true to be false // Object.is equality" type="AssertionError">
AssertionError: expected true to be false // Object.is equality

- Expected
+ Received

- false
+ true

 ❯ src/everything.spec.ts:8:18
            </failure>
        </testcase>
        <testcase classname="src/everything.spec.ts" name="describe 99 &gt; example test 16" time="0.000014916">
        </testcase>
        <testcase classname="src/everything.spec.ts" name="describe 99 &gt; example test 17" time="0.000064292">
            <failure message="expected true to be false // Object.is equality" type="AssertionError">
AssertionError: expected true to be false // Object.is equality

- Expected
+ Received

- false
+ true

 ❯ src/everything.spec.ts:8:18
            </failure>
        </testcase>
        <testcase classname="src/everything.spec.ts" name="describe 99 &gt; example test 18" time="0.000015416">
        </testcase>
        <testcase classname="src/everything.spec.ts" name="describe 99 &gt; example test 19" time="0.000063958">
            <failure message="expected true to be false // Object.is equality" type="AssertionError">
AssertionError: expected true to be false // Object.is equality

- Expected
+ Received

- false
+ true

 ❯ src/everything.spec.ts:8:18
            </failure>
        </testcase>
        <testcase classname="src/everything.spec.ts" name="describe 99 &gt; example test 20" time="0.000014459">
        </testcase>
        <testcase classname="src/everything.spec.ts" name="describe 99 &gt; example test 21" time="0.000064208">
            <failure message="expected true to be false // Object.is equality" type="AssertionError">
AssertionError: expected true to be false // Object.is equality

- Expected
+ Received

- false
+ true

 ❯ src/everything.spec.ts:8:18
            </failure>
        </testcase>
        <testcase classname="src/everything.spec.ts" name="describe 99 &gt; example test 22" time="0.000015041">
        </testcase>
        <testcase classname="src/everything.spec.ts" name="describe 99 &gt; example test 23" time="0.000066958">
            <failure message="expected true to be false // Object.is equality" type="AssertionError">
AssertionError: expected true to be false // Object.is equality

- Expected
+ Received

- false
+ true

 ❯ src/everything.spec.ts:8:18
            </failure>
        </testcase>
        <testcase classname="src/everything.spec.ts" name="describe 99 &gt; example test 24" time="0.000015">
        </testcase>
        <testcase classname="src/everything.spec.ts" name="describe 99 &gt; example test 25" time="0.000066208">
            <failure message="expected true to be false // Object.is equality" type="AssertionError">
AssertionError: expected true to be false // Object.is equality

- Expected
+ Received

- false
+ true

 ❯ src/everything.spec.ts:8:18
            </failure>
        </testcase>
        <testcase classname="src/everything.spec.ts" name="describe 99 &gt; example test 26" time="0.000015625">
        </testcase>
        <testcase classname="src/everything.spec.ts" name="describe 99 &gt; example test 27" time="0.00006425">
            <failure message="expected true to be false // Object.is equality" type="AssertionError">
AssertionError: expected true to be false // Object.is equality

- Expected
+ Received

- false
+ true

 ❯ src/everything.spec.ts:8:18
            </failure>
        </testcase>
        <testcase classname="src/everything.spec.ts" name="describe 99 &gt; example test 28" time="0.000015">
        </testcase>
        <testcase classname="src/everything.spec.ts" name="describe 99 &gt; example test 29" time="0.000061958">
            <failure message="expected true to be false // Object.is equality" type="AssertionError">
AssertionError: expected true to be false // Object.is equality

- Expected
+ Received

- false
+ true

 ❯ src/everything.spec.ts:8:18
            </failure>
        </testcase>
        <testcase classname="src/everything.spec.ts" name="describe 99 &gt; example test 30" time="0.000014333">
        </testcase>
        <testcase classname="src/everything.spec.ts" name="describe 99 &gt; example test 31" time="0.000062833">
            <failure message="expected true to be false // Object.is equality" type="AssertionError">
AssertionError: expected true to be false // Object.is equality

- Expected
+ Received

- false
+ true

 ❯ src/everything.spec.ts:8:18
            </failure>
        </testcase>
        <testcase classname="src/everything.spec.ts" name="describe 99 &gt; example test 32" time="0.000014042">
        </testcase>
        <testcase classname="src/everything.spec.ts" name="describe 99 &gt; example test 33" time="0.000060084">
            <failure message="expected true to be false // Object.is equality" type="AssertionError">
AssertionError: expected true to be false // Object.is equality

- Expected
+ Received

- false
+ true

 ❯ src/everything.spec.ts:8:18
            </failure>
        </testcase>
        <testcase classname="src/everything.spec.ts" name="describe 99 &gt; example test 34" time="0.000017917">
        </testcase>
        <testcase classname="src/everything.spec.ts" name="describe 99 &gt; example test 35" time="0.000060916">
            <failure message="expected true to be false // Object.is equality" type="AssertionError">
AssertionError: expected true to be false // Object.is equality

- Expected
+ Received

- false
+ true

 ❯ src/everything.spec.ts:8:18
            </failure>
        </testcase>
        <testcase classname="src/everything.spec.ts" name="describe 99 &gt; example test 36" time="0.000014166">
        </testcase>
        <testcase classname="src/everything.spec.ts" name="describe 99 &gt; example test 37" time="0.000062625">
            <failure message="expected true to be false // Object.is equality" type="AssertionError">
AssertionError: expected true to be false // Object.is equality

- Expected
+ Received

- false
+ true

 ❯ src/everything.spec.ts:8:18
            </failure>
        </testcase>
        <testcase classname="src/everything.spec.ts" name="describe 99 &gt; example test 38" time="0.000013542">
        </testcase>
        <testcase classname="src/everything.spec.ts" name="describe 99 &gt; example test 39" time="0.000063292">
            <failure message="expected true to be false // Object.is equality" type="AssertionError">
AssertionError: expected true to be false // Object.is equality

- Expected
+ Received

- false
+ true

 ❯ src/everything.spec.ts:8:18
            </failure>
        </testcase>
        <testcase classname="src/everything.spec.ts" name="describe 99 &gt; example test 40" time="0.000013459">
        </testcase>
        <testcase classname="src/everything.spec.ts" name="describe 99 &gt; example test 41" time="0.000060416">
            <failure message="expected true to be false // Object.is equality" type="AssertionError">
AssertionError: expected true to be false // Object.is equality

- Expected
+ Received

- false
+ true

 ❯ src/everything.spec.ts:8:18
            </failure>
        </testcase>
        <testcase classname="src/everything.spec.ts" name="describe 99 &gt; example test 42" time="0.000013375">
        </testcase>
        <testcase classname="src/everything.spec.ts" name="describe 99 &gt; example test 43" time="0.000058958">
            <failure message="expected true to be false // Object.is equality" type="AssertionError">
AssertionError: expected true to be false // Object.is equality

- Expected
+ Received

- false
+ true

 ❯ src/everything.spec.ts:8:18
            </failure>
        </testcase>
        <testcase classname="src/everything.spec.ts" name="describe 99 &gt; example test 44" time="0.000013542">
        </testcase>
        <testcase classname="src/everything.spec.ts" name="describe 99 &gt; example test 45" time="0.000060833">
            <failure message="expected true to be false // Object.is equality" type="AssertionError">
AssertionError: expected true to be false // Object.is equality

- Expected
+ Received

- false
+ true

 ❯ src/everything.spec.ts:8:18
            </failure>
        </testcase>
        <testcase classname="src/everything.spec.ts" name="describe 99 &gt; example test 46" time="0.00001375">
        </testcase>
        <testcase classname="src/everything.spec.ts" name="describe 99 &gt; example test 47" time="0.000062875">
            <failure message="expected true to be false // Object.is equality" type="AssertionError">
AssertionError: expected true to be false // Object.is equality

- Expected
+ Received

- false
+ true

 ❯ src/everything.spec.ts:8:18
            </failure>
        </testcase>
        <testcase classname="src/everything.spec.ts" name="describe 99 &gt; example test 48" time="0.000013709">
        </testcase>
        <testcase classname="src/everything.spec.ts" name="describe 99 &gt; example test 49" time="0.000059458">
            <failure message="expected true to be false // Object.is equality" type="AssertionError">
AssertionError: expected true to be false // Object.is equality

- Expected
+ Received

- false
+ true

 ❯ src/everything.spec.ts:8:18
            </failure>
        </testcase>
        <testcase classname="src/everything.spec.ts" name="describe 99 &gt; example test 50" time="0.000013833">
        </testcase>
        <testcase classname="src/everything.spec.ts" name="describe 99 &gt; example test 51" time="0.000059625">
            <failure message="expected true to be false // Object.is equality" type="AssertionError">
AssertionError: expected true to be false // Object.is equality

- Expected
+ Received

- false
+ true

 ❯ src/everything.spec.ts:8:18
            </failure>
        </testcase>
        <testcase classname="src/everything.spec.ts" name="describe 99 &gt; example test 52" time="0.00001375">
        </testcase>
        <testcase classname="src/everything.spec.ts" name="describe 99 &gt; example test 53" time="0.000059625">
            <failure message="expected true to be false // Object.is equality" type="AssertionError">
AssertionError: expected true to be false // Object.is equality

- Expected
+ Received

- false
+ true

 ❯ src/everything.spec.ts:8:18
            </failure>
        </testcase>
        <testcase classname="src/everything.spec.ts" name="describe 99 &gt; example test 54" time="0.000013833">
        </testcase>
        <testcase classname="src/everything.spec.ts" name="describe 99 &gt; example test 55" time="0.000064084">
            <failure message="expected true to be false // Object.is equality" type="AssertionError">
AssertionError: expected true to be false // Object.is equality

- Expected
+ Received

- false
+ true

 ❯ src/everything.spec.ts:8:18
            </failure>
        </testcase>
        <testcase classname="src/everything.spec.ts" name="describe 99 &gt; example test 56" time="0.000013625">
        </testcase>
        <testcase classname="src/everything.spec.ts" name="describe 99 &gt; example test 57" time="0.000060458">
            <failure message="expected true to be false // Object.is equality" type="AssertionError">
AssertionError: expected true to be false // Object.is equality

- Expected
+ Received

- false
+ true

 ❯ src/everything.spec.ts:8:18
            </failure>
        </testcase>
        <testcase classname="src/everything.spec.ts" name="describe 99 &gt; example test 58" time="0.000013584">
        </testcase>
        <testcase classname="src/everything.spec.ts" name="describe 99 &gt; example test 59" time="0.00005925">
            <failure message="expected true to be false // Object.is equality" type="AssertionError">
AssertionError: expected true to be false // Object.is equality

- Expected
+ Received

- false
+ true

 ❯ src/everything.spec.ts:8:18
            </failure>
        </testcase>
        <testcase classname="src/everything.spec.ts" name="describe 99 &gt; example test 60" time="0.000013875">
        </testcase>
        <testcase classname="src/everything.spec.ts" name="describe 99 &gt; example test 61" time="0.000059958">
            <failure message="expected true to be false // Object.is equality" type="AssertionError">
AssertionError: expected true to be false // Object.is equality

- Expected
+ Received

- false
+ true

 ❯ src/everything.spec.ts:8:18
            </failure>
        </testcase>
        <testcase classname="src/everything.spec.ts" name="describe 99 &gt; example test 62" time="0.000013792">
        </testcase>
        <testcase classname="src/everything.spec.ts" name="describe 99 &gt; example test 63" time="0.000059375">
            <failure message="expected true to be false // Object.is equality" type="AssertionError">
AssertionError: expected true to be false // Object.is equality

- Expected
+ Received

- false
+ true

 ❯ src/everything.spec.ts:8:18
            </failure>
        </testcase>
        <testcase classname="src/everything.spec.ts" name="describe 99 &gt; example test 64" time="0.0000135">
        </testcase>
        <testcase classname="src/everything.spec.ts" name="describe 99 &gt; example test 65" time="0.000060041">
            <failure message="expected true to be false // Object.is equality" type="AssertionError">
AssertionError: expected true to be false // Object.is equality

- Expected
+ Received

- false
+ true

 ❯ src/everything.spec.ts:8:18
            </failure>
        </testcase>
        <testcase classname="src/everything.spec.ts" name="describe 99 &gt; example test 66" time="0.0000135">
        </testcase>
        <testcase classname="src/everything.spec.ts" name="describe 99 &gt; example test 67" time="0.000062125">
            <failure message="expected true to be false // Object.is equality" type="AssertionError">
AssertionError: expected true to be false // Object.is equality

- Expected
+ Received

- false
+ true

 ❯ src/everything.spec.ts:8:18
            </failure>
        </testcase>
        <testcase classname="src/everything.spec.ts" name="describe 99 &gt; example test 68" time="0.000014834">
        </testcase>
        <testcase classname="src/everything.spec.ts" name="describe 99 &gt; example test 69" time="0.000062375">
            <failure message="expected true to be false // Object.is equality" type="AssertionError">
AssertionError: expected true to be false // Object.is equality

- Expected
+ Received

- false
+ true

 ❯ src/everything.spec.ts:8:18
            </failure>
        </testcase>
        <testcase classname="src/everything.spec.ts" name="describe 99 &gt; example test 70" time="0.000013292">
        </testcase>
        <testcase classname="src/everything.spec.ts" name="describe 99 &gt; example test 71" time="0.000059458">
            <failure message="expected true to be false // Object.is equality" type="AssertionError">
AssertionError: expected true to be false // Object.is equality

- Expected
+ Received

- false
+ true

 ❯ src/everything.spec.ts:8:18
            </failure>
        </testcase>
        <testcase classname="src/everything.spec.ts" name="describe 99 &gt; example test 72" time="0.000013875">
        </testcase>
        <testcase classname="src/everything.spec.ts" name="describe 99 &gt; example test 73" time="0.000059792">
            <failure message="expected true to be false // Object.is equality" type="AssertionError">
AssertionError: expected true to be false // Object.is equality

- Expected
+ Received

- false
+ true

 ❯ src/everything.spec.ts:8:18
            </failure>
        </testcase>
        <testcase classname="src/everything.spec.ts" name="describe 99 &gt; example test 74" time="0.000013417">
        </testcase>
        <testcase classname="src/everything.spec.ts" name="describe 99 &gt; example test 75" time="0.000064459">
            <failure message="expected true to be false // Object.is equality" type="AssertionError">
AssertionError: expected true to be false // Object.is equality

- Expected
+ Received

- false
+ true

 ❯ src/everything.spec.ts:8:18
            </failure>
        </testcase>
        <testcase classname="src/everything.spec.ts" name="describe 99 &gt; example test 76" time="0.000013">
        </testcase>
        <testcase classname="src/everything.spec.ts" name="describe 99 &gt; example test 77" time="0.000060333">
            <failure message="expected true to be false // Object.is equality" type="AssertionError">
AssertionError: expected true to be false // Object.is equality

- Expected
+ Received

- false
+ true

 ❯ src/everything.spec.ts:8:18
            </failure>
        </testcase>
        <testcase classname="src/everything.spec.ts" name="describe 99 &gt; example test 78" time="0.000013291">
        </testcase>
        <testcase classname="src/everything.spec.ts" name="describe 99 &gt; example test 79" time="0.000059666">
            <failure message="expected true to be false // Object.is equality" type="AssertionError">
AssertionError: expected true to be false // Object.is equality

- Expected
+ Received

- false
+ true

 ❯ src/everything.spec.ts:8:18
            </failure>
        </testcase>
        <testcase classname="src/everything.spec.ts" name="describe 99 &gt; example test 80" time="0.000013625">
        </testcase>
        <testcase classname="src/everything.spec.ts" name="describe 99 &gt; example test 81" time="0.0000595">
            <failure message="expected true to be false // Object.is equality" type="AssertionError">
AssertionError: expected true to be false // Object.is equality

- Expected
+ Received

- false
+ true

 ❯ src/everything.spec.ts:8:18
            </failure>
        </testcase>
        <testcase classname="src/everything.spec.ts" name="describe 99 &gt; example test 82" time="0.000013959">
        </testcase>
        <testcase classname="src/everything.spec.ts" name="describe 99 &gt; example test 83" time="0.000059083">
            <failure message="expected true to be false // Object.is equality" type="AssertionError">
AssertionError: expected true to be false // Object.is equality

- Expected
+ Received

- false
+ true

 ❯ src/everything.spec.ts:8:18
            </failure>
        </testcase>
        <testcase classname="src/everything.spec.ts" name="describe 99 &gt; example test 84" time="0.000013583">
        </testcase>
        <testcase classname="src/everything.spec.ts" name="describe 99 &gt; example test 85" time="0.000060083">
            <failure message="expected true to be false // Object.is equality" type="AssertionError">
AssertionError: expected true to be false // Object.is equality

- Expected
+ Received

- false
+ true

 ❯ src/everything.spec.ts:8:18
            </failure>
        </testcase>
        <testcase classname="src/everything.spec.ts" name="describe 99 &gt; example test 86" time="0.000013958">
        </testcase>
        <testcase classname="src/everything.spec.ts" name="describe 99 &gt; example test 87" time="0.000061">
            <failure message="expected true to be false // Object.is equality" type="AssertionError">
AssertionError: expected true to be false // Object.is equality

- Expected
+ Received

- false
+ true

 ❯ src/everything.spec.ts:8:18
            </failure>
        </testcase>
        <testcase classname="src/everything.spec.ts" name="describe 99 &gt; example test 88" time="0.000014292">
        </testcase>
        <testcase classname="src/everything.spec.ts" name="describe 99 &gt; example test 89" time="0.00006125">
            <failure message="expected true to be false // Object.is equality" type="AssertionError">
AssertionError: expected true to be false // Object.is equality

- Expected
+ Received

- false
+ true

 ❯ src/everything.spec.ts:8:18
            </failure>
        </testcase>
        <testcase classname="src/everything.spec.ts" name="describe 99 &gt; example test 90" time="0.000014">
        </testcase>
        <testcase classname="src/everything.spec.ts" name="describe 99 &gt; example test 91" time="0.000059542">
            <failure message="expected true to be false // Object.is equality" type="AssertionError">
AssertionError: expected true to be false // Object.is equality

- Expected
+ Received

- false
+ true

 ❯ src/everything.spec.ts:8:18
            </failure>
        </testcase>
        <testcase classname="src/everything.spec.ts" name="describe 99 &gt; example test 92" time="0.000013542">
        </testcase>
        <testcase classname="src/everything.spec.ts" name="describe 99 &gt; example test 93" time="0.000061917">
            <failure message="expected true to be false // Object.is equality" type="AssertionError">
AssertionError: expected true to be false // Object.is equality

- Expected
+ Received

- false
+ true

 ❯ src/everything.spec.ts:8:18
            </failure>
        </testcase>
        <testcase classname="src/everything.spec.ts" name="describe 99 &gt; example test 94" time="0.000013459">
        </testcase>
        <testcase classname="src/everything.spec.ts" name="describe 99 &gt; example test 95" time="0.000064875">
            <failure message="expected true to be false // Object.is equality" type="AssertionError">
AssertionError: expected true to be false // Object.is equality

- Expected
+ Received

- false
+ true

 ❯ src/everything.spec.ts:8:18
            </failure>
        </testcase>
        <testcase classname="src/everything.spec.ts" name="describe 99 &gt; example test 96" time="0.000016209">
        </testcase>
        <testcase classname="src/everything.spec.ts" name="describe 99 &gt; example test 97" time="0.000059791">
            <failure message="expected true to be false // Object.is equality" type="AssertionError">
AssertionError: expected true to be false // Object.is equality

- Expected
+ Received

- false
+ true

 ❯ src/everything.spec.ts:8:18
            </failure>
        </testcase>
        <testcase classname="src/everything.spec.ts" name="describe 99 &gt; example test 98" time="0.000013833">
        </testcase>
        <testcase classname="src/everything.spec.ts" name="describe 99 &gt; example test 99" time="0.000059125">
            <failure message="expected true to be false // Object.is equality" type="AssertionError">
AssertionError: expected true to be false // Object.is equality

- Expected
+ Received

- false
+ true

 ❯ src/everything.spec.ts:8:18
            </failure>
        </testcase>
        <testcase classname="src/everything.spec.ts" name="describe 99 &gt; example test 100" time="0.000013166">
        </testcase>
        <testcase classname="src/everything.spec.ts" name="describe 100 &gt; example test 1" time="0.000060084">
            <failure message="expected true to be false // Object.is equality" type="AssertionError">
AssertionError: expected true to be false // Object.is equality

- Expected
+ Received

- false
+ true

 ❯ src/everything.spec.ts:8:18
            </failure>
        </testcase>
        <testcase classname="src/everything.spec.ts" name="describe 100 &gt; example test 2" time="0.000013875">
        </testcase>
        <testcase classname="src/everything.spec.ts" name="describe 100 &gt; example test 3" time="0.0000595">
            <failure message="expected true to be false // Object.is equality" type="AssertionError">
AssertionError: expected true to be false // Object.is equality

- Expected
+ Received

- false
+ true

 ❯ src/everything.spec.ts:8:18
            </failure>
        </testcase>
        <testcase classname="src/everything.spec.ts" name="describe 100 &gt; example test 4" time="0.000013584">
        </testcase>
        <testcase classname="src/everything.spec.ts" name="describe 100 &gt; example test 5" time="0.000060541">
            <failure message="expected true to be false // Object.is equality" type="AssertionError">
AssertionError: expected true to be false // Object.is equality

- Expected
+ Received

- false
+ true

 ❯ src/everything.spec.ts:8:18
            </failure>
        </testcase>
        <testcase classname="src/everything.spec.ts" name="describe 100 &gt; example test 6" time="0.00001325">
        </testcase>
        <testcase classname="src/everything.spec.ts" name="describe 100 &gt; example test 7" time="0.000060084">
            <failure message="expected true to be false // Object.is equality" type="AssertionError">
AssertionError: expected true to be false // Object.is equality

- Expected
+ Received

- false
+ true

 ❯ src/everything.spec.ts:8:18
            </failure>
        </testcase>
        <testcase classname="src/everything.spec.ts" name="describe 100 &gt; example test 8" time="0.00001325">
        </testcase>
        <testcase classname="src/everything.spec.ts" name="describe 100 &gt; example test 9" time="0.000061375">
            <failure message="expected true to be false // Object.is equality" type="AssertionError">
AssertionError: expected true to be false // Object.is equality

- Expected
+ Received

- false
+ true

 ❯ src/everything.spec.ts:8:18
            </failure>
        </testcase>
        <testcase classname="src/everything.spec.ts" name="describe 100 &gt; example test 10" time="0.000013542">
        </testcase>
        <testcase classname="src/everything.spec.ts" name="describe 100 &gt; example test 11" time="0.00006225">
            <failure message="expected true to be false // Object.is equality" type="AssertionError">
AssertionError: expected true to be false // Object.is equality

- Expected
+ Received

- false
+ true

 ❯ src/everything.spec.ts:8:18
            </failure>
        </testcase>
        <testcase classname="src/everything.spec.ts" name="describe 100 &gt; example test 12" time="0.000013458">
        </testcase>
        <testcase classname="src/everything.spec.ts" name="describe 100 &gt; example test 13" time="0.000060292">
            <failure message="expected true to be false // Object.is equality" type="AssertionError">
AssertionError: expected true to be false // Object.is equality

- Expected
+ Received

- false
+ true

 ❯ src/everything.spec.ts:8:18
            </failure>
        </testcase>
        <testcase classname="src/everything.spec.ts" name="describe 100 &gt; example test 14" time="0.000014042">
        </testcase>
        <testcase classname="src/everything.spec.ts" name="describe 100 &gt; example test 15" time="0.000062291">
            <failure message="expected true to be false // Object.is equality" type="AssertionError">
AssertionError: expected true to be false // Object.is equality

- Expected
+ Received

- false
+ true

 ❯ src/everything.spec.ts:8:18
            </failure>
        </testcase>
        <testcase classname="src/everything.spec.ts" name="describe 100 &gt; example test 16" time="0.000014084">
        </testcase>
        <testcase classname="src/everything.spec.ts" name="describe 100 &gt; example test 17" time="0.000060542">
            <failure message="expected true to be false // Object.is equality" type="AssertionError">
AssertionError: expected true to be false // Object.is equality

- Expected
+ Received

- false
+ true

 ❯ src/everything.spec.ts:8:18
            </failure>
        </testcase>
        <testcase classname="src/everything.spec.ts" name="describe 100 &gt; example test 18" time="0.000014">
        </testcase>
        <testcase classname="src/everything.spec.ts" name="describe 100 &gt; example test 19" time="0.0000595">
            <failure message="expected true to be false // Object.is equality" type="AssertionError">
AssertionError: expected true to be false // Object.is equality

- Expected
+ Received

- false
+ true

 ❯ src/everything.spec.ts:8:18
            </failure>
        </testcase>
        <testcase classname="src/everything.spec.ts" name="describe 100 &gt; example test 20" time="0.000014">
        </testcase>
        <testcase classname="src/everything.spec.ts" name="describe 100 &gt; example test 21" time="0.000060333">
            <failure message="expected true to be false // Object.is equality" type="AssertionError">
AssertionError: expected true to be false // Object.is equality

- Expected
+ Received

- false
+ true

 ❯ src/everything.spec.ts:8:18
            </failure>
        </testcase>
        <testcase classname="src/everything.spec.ts" name="describe 100 &gt; example test 22" time="0.000013833">
        </testcase>
        <testcase classname="src/everything.spec.ts" name="describe 100 &gt; example test 23" time="0.000059542">
            <failure message="expected true to be false // Object.is equality" type="AssertionError">
AssertionError: expected true to be false // Object.is equality

- Expected
+ Received

- false
+ true

 ❯ src/everything.spec.ts:8:18
            </failure>
        </testcase>
        <testcase classname="src/everything.spec.ts" name="describe 100 &gt; example test 24" time="0.000013542">
        </testcase>
        <testcase classname="src/everything.spec.ts" name="describe 100 &gt; example test 25" time="0.000060708">
            <failure message="expected true to be false // Object.is equality" type="AssertionError">
AssertionError: expected true to be false // Object.is equality

- Expected
+ Received

- false
+ true

 ❯ src/everything.spec.ts:8:18
            </failure>
        </testcase>
        <testcase classname="src/everything.spec.ts" name="describe 100 &gt; example test 26" time="0.000013458">
        </testcase>
        <testcase classname="src/everything.spec.ts" name="describe 100 &gt; example test 27" time="0.000059583">
            <failure message="expected true to be false // Object.is equality" type="AssertionError">
AssertionError: expected true to be false // Object.is equality

- Expected
+ Received

- false
+ true

 ❯ src/everything.spec.ts:8:18
            </failure>
        </testcase>
        <testcase classname="src/everything.spec.ts" name="describe 100 &gt; example test 28" time="0.000013542">
        </testcase>
        <testcase classname="src/everything.spec.ts" name="describe 100 &gt; example test 29" time="0.000059666">
            <failure message="expected true to be false // Object.is equality" type="AssertionError">
AssertionError: expected true to be false // Object.is equality

- Expected
+ Received

- false
+ true

 ❯ src/everything.spec.ts:8:18
            </failure>
        </testcase>
        <testcase classname="src/everything.spec.ts" name="describe 100 &gt; example test 30" time="0.000013166">
        </testcase>
        <testcase classname="src/everything.spec.ts" name="describe 100 &gt; example test 31" time="0.000060125">
            <failure message="expected true to be false // Object.is equality" type="AssertionError">
AssertionError: expected true to be false // Object.is equality

- Expected
+ Received

- false
+ true

 ❯ src/everything.spec.ts:8:18
            </failure>
        </testcase>
        <testcase classname="src/everything.spec.ts" name="describe 100 &gt; example test 32" time="0.000013458">
        </testcase>
        <testcase classname="src/everything.spec.ts" name="describe 100 &gt; example test 33" time="0.000060083">
            <failure message="expected true to be false // Object.is equality" type="AssertionError">
AssertionError: expected true to be false // Object.is equality

- Expected
+ Received

- false
+ true

 ❯ src/everything.spec.ts:8:18
            </failure>
        </testcase>
        <testcase classname="src/everything.spec.ts" name="describe 100 &gt; example test 34" time="0.000013792">
        </testcase>
        <testcase classname="src/everything.spec.ts" name="describe 100 &gt; example test 35" time="0.000058917">
            <failure message="expected true to be false // Object.is equality" type="AssertionError">
AssertionError: expected true to be false // Object.is equality

- Expected
+ Received

- false
+ true

 ❯ src/everything.spec.ts:8:18
            </failure>
        </testcase>
        <testcase classname="src/everything.spec.ts" name="describe 100 &gt; example test 36" time="0.000015833">
        </testcase>
        <testcase classname="src/everything.spec.ts" name="describe 100 &gt; example test 37" time="0.000060958">
            <failure message="expected true to be false // Object.is equality" type="AssertionError">
AssertionError: expected true to be false // Object.is equality

- Expected
+ Received

- false
+ true

 ❯ src/everything.spec.ts:8:18
            </failure>
        </testcase>
        <testcase classname="src/everything.spec.ts" name="describe 100 &gt; example test 38" time="0.00001375">
        </testcase>
        <testcase classname="src/everything.spec.ts" name="describe 100 &gt; example test 39" time="0.000059584">
            <failure message="expected true to be false // Object.is equality" type="AssertionError">
AssertionError: expected true to be false // Object.is equality

- Expected
+ Received

- false
+ true

 ❯ src/everything.spec.ts:8:18
            </failure>
        </testcase>
        <testcase classname="src/everything.spec.ts" name="describe 100 &gt; example test 40" time="0.000013834">
        </testcase>
        <testcase classname="src/everything.spec.ts" name="describe 100 &gt; example test 41" time="0.000526708">
            <failure message="expected true to be false // Object.is equality" type="AssertionError">
AssertionError: expected true to be false // Object.is equality

- Expected
+ Received

- false
+ true

 ❯ src/everything.spec.ts:8:18
            </failure>
        </testcase>
        <testcase classname="src/everything.spec.ts" name="describe 100 &gt; example test 42" time="0.000020083">
        </testcase>
        <testcase classname="src/everything.spec.ts" name="describe 100 &gt; example test 43" time="0.000073834">
            <failure message="expected true to be false // Object.is equality" type="AssertionError">
AssertionError: expected true to be false // Object.is equality

- Expected
+ Received

- false
+ true

 ❯ src/everything.spec.ts:8:18
            </failure>
        </testcase>
        <testcase classname="src/everything.spec.ts" name="describe 100 &gt; example test 44" time="0.00001775">
        </testcase>
        <testcase classname="src/everything.spec.ts" name="describe 100 &gt; example test 45" time="0.000071708">
            <failure message="expected true to be false // Object.is equality" type="AssertionError">
AssertionError: expected true to be false // Object.is equality

- Expected
+ Received

- false
+ true

 ❯ src/everything.spec.ts:8:18
            </failure>
        </testcase>
        <testcase classname="src/everything.spec.ts" name="describe 100 &gt; example test 46" time="0.000018958">
        </testcase>
        <testcase classname="src/everything.spec.ts" name="describe 100 &gt; example test 47" time="0.0000655">
            <failure message="expected true to be false // Object.is equality" type="AssertionError">
AssertionError: expected true to be false // Object.is equality

- Expected
+ Received

- false
+ true

 ❯ src/everything.spec.ts:8:18
            </failure>
        </testcase>
        <testcase classname="src/everything.spec.ts" name="describe 100 &gt; example test 48" time="0.000017375">
        </testcase>
        <testcase classname="src/everything.spec.ts" name="describe 100 &gt; example test 49" time="0.000064125">
            <failure message="expected true to be false // Object.is equality" type="AssertionError">
AssertionError: expected true to be false // Object.is equality

- Expected
+ Received

- false
+ true

 ❯ src/everything.spec.ts:8:18
            </failure>
        </testcase>
        <testcase classname="src/everything.spec.ts" name="describe 100 &gt; example test 50" time="0.000017083">
        </testcase>
        <testcase classname="src/everything.spec.ts" name="describe 100 &gt; example test 51" time="0.000061791">
            <failure message="expected true to be false // Object.is equality" type="AssertionError">
AssertionError: expected true to be false // Object.is equality

- Expected
+ Received

- false
+ true

 ❯ src/everything.spec.ts:8:18
            </failure>
        </testcase>
        <testcase classname="src/everything.spec.ts" name="describe 100 &gt; example test 52" time="0.00001375">
        </testcase>
        <testcase classname="src/everything.spec.ts" name="describe 100 &gt; example test 53" time="0.000063625">
            <failure message="expected true to be false // Object.is equality" type="AssertionError">
AssertionError: expected true to be false // Object.is equality

- Expected
+ Received

- false
+ true

 ❯ src/everything.spec.ts:8:18
            </failure>
        </testcase>
        <testcase classname="src/everything.spec.ts" name="describe 100 &gt; example test 54" time="0.000017459">
        </testcase>
        <testcase classname="src/everything.spec.ts" name="describe 100 &gt; example test 55" time="0.000062916">
            <failure message="expected true to be false // Object.is equality" type="AssertionError">
AssertionError: expected true to be false // Object.is equality

- Expected
+ Received

- false
+ true

 ❯ src/everything.spec.ts:8:18
            </failure>
        </testcase>
        <testcase classname="src/everything.spec.ts" name="describe 100 &gt; example test 56" time="0.000014166">
        </testcase>
        <testcase classname="src/everything.spec.ts" name="describe 100 &gt; example test 57" time="0.000063417">
            <failure message="expected true to be false // Object.is equality" type="AssertionError">
AssertionError: expected true to be false // Object.is equality

- Expected
+ Received

- false
+ true

 ❯ src/everything.spec.ts:8:18
            </failure>
        </testcase>
        <testcase classname="src/everything.spec.ts" name="describe 100 &gt; example test 58" time="0.000014459">
        </testcase>
        <testcase classname="src/everything.spec.ts" name="describe 100 &gt; example test 59" time="0.000065667">
            <failure message="expected true to be false // Object.is equality" type="AssertionError">
AssertionError: expected true to be false // Object.is equality

- Expected
+ Received

- false
+ true

 ❯ src/everything.spec.ts:8:18
            </failure>
        </testcase>
        <testcase classname="src/everything.spec.ts" name="describe 100 &gt; example test 60" time="0.000013917">
        </testcase>
        <testcase classname="src/everything.spec.ts" name="describe 100 &gt; example test 61" time="0.000060125">
            <failure message="expected true to be false // Object.is equality" type="AssertionError">
AssertionError: expected true to be false // Object.is equality

- Expected
+ Received

- false
+ true

 ❯ src/everything.spec.ts:8:18
            </failure>
        </testcase>
        <testcase classname="src/everything.spec.ts" name="describe 100 &gt; example test 62" time="0.000014209">
        </testcase>
        <testcase classname="src/everything.spec.ts" name="describe 100 &gt; example test 63" time="0.000062208">
            <failure message="expected true to be false // Object.is equality" type="AssertionError">
AssertionError: expected true to be false // Object.is equality

- Expected
+ Received

- false
+ true

 ❯ src/everything.spec.ts:8:18
            </failure>
        </testcase>
        <testcase classname="src/everything.spec.ts" name="describe 100 &gt; example test 64" time="0.000014125">
        </testcase>
        <testcase classname="src/everything.spec.ts" name="describe 100 &gt; example test 65" time="0.000062875">
            <failure message="expected true to be false // Object.is equality" type="AssertionError">
AssertionError: expected true to be false // Object.is equality

- Expected
+ Received

- false
+ true

 ❯ src/everything.spec.ts:8:18
            </failure>
        </testcase>
        <testcase classname="src/everything.spec.ts" name="describe 100 &gt; example test 66" time="0.000020916">
        </testcase>
        <testcase classname="src/everything.spec.ts" name="describe 100 &gt; example test 67" time="0.000063083">
            <failure message="expected true to be false // Object.is equality" type="AssertionError">
AssertionError: expected true to be false // Object.is equality

- Expected
+ Received

- false
+ true

 ❯ src/everything.spec.ts:8:18
            </failure>
        </testcase>
        <testcase classname="src/everything.spec.ts" name="describe 100 &gt; example test 68" time="0.000017417">
        </testcase>
        <testcase classname="src/everything.spec.ts" name="describe 100 &gt; example test 69" time="0.000066083">
            <failure message="expected true to be false // Object.is equality" type="AssertionError">
AssertionError: expected true to be false // Object.is equality

- Expected
+ Received

- false
+ true

 ❯ src/everything.spec.ts:8:18
            </failure>
        </testcase>
        <testcase classname="src/everything.spec.ts" name="describe 100 &gt; example test 70" time="0.000014291">
        </testcase>
        <testcase classname="src/everything.spec.ts" name="describe 100 &gt; example test 71" time="0.000066542">
            <failure message="expected true to be false // Object.is equality" type="AssertionError">
AssertionError: expected true to be false // Object.is equality

- Expected
+ Received

- false
+ true

 ❯ src/everything.spec.ts:8:18
            </failure>
        </testcase>
        <testcase classname="src/everything.spec.ts" name="describe 100 &gt; example test 72" time="0.000013792">
        </testcase>
        <testcase classname="src/everything.spec.ts" name="describe 100 &gt; example test 73" time="0.000062458">
            <failure message="expected true to be false // Object.is equality" type="AssertionError">
AssertionError: expected true to be false // Object.is equality

- Expected
+ Received

- false
+ true

 ❯ src/everything.spec.ts:8:18
            </failure>
        </testcase>
        <testcase classname="src/everything.spec.ts" name="describe 100 &gt; example test 74" time="0.000014209">
        </testcase>
        <testcase classname="src/everything.spec.ts" name="describe 100 &gt; example test 75" time="0.000062541">
            <failure message="expected true to be false // Object.is equality" type="AssertionError">
AssertionError: expected true to be false // Object.is equality

- Expected
+ Received

- false
+ true

 ❯ src/everything.spec.ts:8:18
            </failure>
        </testcase>
        <testcase classname="src/everything.spec.ts" name="describe 100 &gt; example test 76" time="0.000013875">
        </testcase>
        <testcase classname="src/everything.spec.ts" name="describe 100 &gt; example test 77" time="0.000062916">
            <failure message="expected true to be false // Object.is equality" type="AssertionError">
AssertionError: expected true to be false // Object.is equality

- Expected
+ Received

- false
+ true

 ❯ src/everything.spec.ts:8:18
            </failure>
        </testcase>
        <testcase classname="src/everything.spec.ts" name="describe 100 &gt; example test 78" time="0.000014541">
        </testcase>
        <testcase classname="src/everything.spec.ts" name="describe 100 &gt; example test 79" time="0.000063">
            <failure message="expected true to be false // Object.is equality" type="AssertionError">
AssertionError: expected true to be false // Object.is equality

- Expected
+ Received

- false
+ true

 ❯ src/everything.spec.ts:8:18
            </failure>
        </testcase>
        <testcase classname="src/everything.spec.ts" name="describe 100 &gt; example test 80" time="0.000014875">
        </testcase>
        <testcase classname="src/everything.spec.ts" name="describe 100 &gt; example test 81" time="0.000061708">
            <failure message="expected true to be false // Object.is equality" type="AssertionError">
AssertionError: expected true to be false // Object.is equality

- Expected
+ Received

- false
+ true

 ❯ src/everything.spec.ts:8:18
            </failure>
        </testcase>
        <testcase classname="src/everything.spec.ts" name="describe 100 &gt; example test 82" time="0.000014334">
        </testcase>
        <testcase classname="src/everything.spec.ts" name="describe 100 &gt; example test 83" time="0.000062333">
            <failure message="expected true to be false // Object.is equality" type="AssertionError">
AssertionError: expected true to be false // Object.is equality

- Expected
+ Received

- false
+ true

 ❯ src/everything.spec.ts:8:18
            </failure>
        </testcase>
        <testcase classname="src/everything.spec.ts" name="describe 100 &gt; example test 84" time="0.000014042">
        </testcase>
        <testcase classname="src/everything.spec.ts" name="describe 100 &gt; example test 85" time="0.000066417">
            <failure message="expected true to be false // Object.is equality" type="AssertionError">
AssertionError: expected true to be false // Object.is equality

- Expected
+ Received

- false
+ true

 ❯ src/everything.spec.ts:8:18
            </failure>
        </testcase>
        <testcase classname="src/everything.spec.ts" name="describe 100 &gt; example test 86" time="0.00001375">
        </testcase>
        <testcase classname="src/everything.spec.ts" name="describe 100 &gt; example test 87" time="0.0000685">
            <failure message="expected true to be false // Object.is equality" type="AssertionError">
AssertionError: expected true to be false // Object.is equality

- Expected
+ Received

- false
+ true

 ❯ src/everything.spec.ts:8:18
            </failure>
        </testcase>
        <testcase classname="src/everything.spec.ts" name="describe 100 &gt; example test 88" time="0.000014209">
        </testcase>
        <testcase classname="src/everything.spec.ts" name="describe 100 &gt; example test 89" time="0.000063333">
            <failure message="expected true to be false // Object.is equality" type="AssertionError">
AssertionError: expected true to be false // Object.is equality

- Expected
+ Received

- false
+ true

 ❯ src/everything.spec.ts:8:18
            </failure>
        </testcase>
        <testcase classname="src/everything.spec.ts" name="describe 100 &gt; example test 90" time="0.000013791">
        </testcase>
        <testcase classname="src/everything.spec.ts" name="describe 100 &gt; example test 91" time="0.000062333">
            <failure message="expected true to be false // Object.is equality" type="AssertionError">
AssertionError: expected true to be false // Object.is equality

- Expected
+ Received

- false
+ true

 ❯ src/everything.spec.ts:8:18
            </failure>
        </testcase>
        <testcase classname="src/everything.spec.ts" name="describe 100 &gt; example test 92" time="0.000016083">
        </testcase>
        <testcase classname="src/everything.spec.ts" name="describe 100 &gt; example test 93" time="0.000064375">
            <failure message="expected true to be false // Object.is equality" type="AssertionError">
AssertionError: expected true to be false // Object.is equality

- Expected
+ Received

- false
+ true

 ❯ src/everything.spec.ts:8:18
            </failure>
        </testcase>
        <testcase classname="src/everything.spec.ts" name="describe 100 &gt; example test 94" time="0.000020417">
        </testcase>
        <testcase classname="src/everything.spec.ts" name="describe 100 &gt; example test 95" time="0.000061042">
            <failure message="expected true to be false // Object.is equality" type="AssertionError">
AssertionError: expected true to be false // Object.is equality

- Expected
+ Received

- false
+ true

 ❯ src/everything.spec.ts:8:18
            </failure>
        </testcase>
        <testcase classname="src/everything.spec.ts" name="describe 100 &gt; example test 96" time="0.000013792">
        </testcase>
        <testcase classname="src/everything.spec.ts" name="describe 100 &gt; example test 97" time="0.000064333">
            <failure message="expected true to be false // Object.is equality" type="AssertionError">
AssertionError: expected true to be false // Object.is equality

- Expected
+ Received

- false
+ true

 ❯ src/everything.spec.ts:8:18
            </failure>
        </testcase>
        <testcase classname="src/everything.spec.ts" name="describe 100 &gt; example test 98" time="0.000016625">
        </testcase>
        <testcase classname="src/everything.spec.ts" name="describe 100 &gt; example test 99" time="0.000063542">
            <failure message="expected true to be false // Object.is equality" type="AssertionError">
AssertionError: expected true to be false // Object.is equality

- Expected
+ Received

- false
+ true

 ❯ src/everything.spec.ts:8:18
            </failure>
        </testcase>
        <testcase classname="src/everything.spec.ts" name="describe 100 &gt; example test 100" time="0.000013833">
        </testcase>
    </testsuite>
</testsuites>
